2026-09-04 23:12:35,725 [INFO] 🌐 BASE_URL: https://www.atomsportv514.top
2026-09-04 23:12:37,070 [INFO] Başlanıyor... 14 kanal taranacak
2026-09-04 23:12:37,070 [INFO] Using default request storage
2026-09-04 23:12:37,075 [INFO] Created proxy listening on 127.0.0.1:38005
2026-09-04 23:12:37,753 [INFO] Capturing request: http://clients2.google.com/time/1/current?cup2key=10:YrLgGeEd0T2spbub5wxTxqZ_Vus3CXlzsb7fyJBM3qw&cup2hreq=e3b0c44298fc1c149afbf4c8996fb92427ae41e4649b934ca495991b7852b855
2026-09-04 23:12:37,805 [INFO] Capturing response: http://clients2.google.com/time/1/current?cup2key=10:YrLgGeEd0T2spbub5wxTxqZ_Vus3CXlzsb7fyJBM3qw&cup2hreq=e3b0c44298fc1c149afbf4c8996fb92427ae41e4649b934ca495991b7852b855 200 OK
2026-09-04 23:12:38,091 [INFO] 
[1/14]
2026-09-04 23:12:38,091 [INFO] 🔍 beIN Sports 1 → https://www.atomsportv514.top/matches?id=bein-sports-1
2026-09-04 23:12:38,321 [INFO] Capturing request: https://accounts.google.com/ListAccounts?gpsia=1&source=ChromiumBrowser&json=standard&laf=b64bin
2026-09-04 23:12:38,327 [INFO] Capturing request: https://update.googleapis.com/service/update2/json?cup2key=16:Pkz8S1mskeRWdN5hloaM9UfEpLnUTbF5NjcCAg-T-gk&cup2hreq=d31f3d7647228a6ec4ae4c1595631c2bc0abe39c0a4e0df402e43f4b0aa214c0
2026-09-04 23:12:38,378 [INFO] Capturing response: https://update.googleapis.com/service/update2/json?cup2key=16:Pkz8S1mskeRWdN5hloaM9UfEpLnUTbF5NjcCAg-T-gk&cup2hreq=d31f3d7647228a6ec4ae4c1595631c2bc0abe39c0a4e0df402e43f4b0aa214c0 200 
2026-09-04 23:12:38,382 [INFO] Capturing response: https://accounts.google.com/ListAccounts?gpsia=1&source=ChromiumBrowser&json=standard&laf=b64bin 200 
2026-09-04 23:12:38,419 [INFO] Capturing request: https://www.atomsportv514.top/matches?id=bein-sports-1
2026-09-04 23:12:38,426 [INFO] Capturing request: https://update.googleapis.com/service/update2/json?cup2key=16:MCJ3YziHdCx-JenAYf8sU2lDx-hzYRhzkZqjaTiJ20s&cup2hreq=23c5376813c103e99ca636dda721f95b32c97711f452cdad935a7e8eadd1709e
2026-09-04 23:12:38,429 [INFO] Capturing request: https://www.google.com/async/folae?async=_fmt:pb&udm=50&client_locale=en-US&client_country=ZZ
2026-09-04 23:12:38,451 [INFO] Capturing response: https://update.googleapis.com/service/update2/json?cup2key=16:MCJ3YziHdCx-JenAYf8sU2lDx-hzYRhzkZqjaTiJ20s&cup2hreq=23c5376813c103e99ca636dda721f95b32c97711f452cdad935a7e8eadd1709e 200 
2026-09-04 23:12:38,456 [INFO] Capturing response: https://www.google.com/async/folae?async=_fmt:pb&udm=50&client_locale=en-US&client_country=ZZ 200 
2026-09-04 23:12:38,499 [INFO] Capturing request: https://update.googleapis.com/service/update2/json?cup2key=16:Ma6-k74olTZNXeh0vxKb5sJ9FMOU_hdFc46qpwhkCcw&cup2hreq=4ba0d4905d34e0b88f94f6933a0e9103bed7ca5525b1e58128c1fe13c82400f6
2026-09-04 23:12:38,524 [INFO] Capturing response: https://update.googleapis.com/service/update2/json?cup2key=16:Ma6-k74olTZNXeh0vxKb5sJ9FMOU_hdFc46qpwhkCcw&cup2hreq=4ba0d4905d34e0b88f94f6933a0e9103bed7ca5525b1e58128c1fe13c82400f6 200 
2026-09-04 23:12:38,631 [INFO] Capturing request: https://www.google.com/async/folae?async=_fmt:pb&udm=50&client_locale=en-US&client_country=ZZ
2026-09-04 23:12:38,656 [INFO] Capturing response: https://www.google.com/async/folae?async=_fmt:pb&udm=50&client_locale=en-US&client_country=ZZ 200 
2026-09-04 23:12:38,968 [INFO] Capturing response: https://www.atomsportv514.top/matches?id=bein-sports-1 200 
2026-09-04 23:12:39,178 [INFO] Capturing request: https://cdn.jsdelivr.net/npm/@clappr/player@0.11.16/dist/clappr.min.js
2026-09-04 23:12:39,182 [INFO] Capturing request: https://cdn.jsdelivr.net/npm/@clappr/hlsjs-playback@1.8.3/dist/hlsjs-playback.min.js
2026-09-04 23:12:39,184 [INFO] Capturing request: https://cdn.jsdelivr.net/npm/level-selector/dist/level-selector.min.js
2026-09-04 23:12:39,209 [INFO] Capturing response: https://cdn.jsdelivr.net/npm/level-selector/dist/level-selector.min.js 200 
2026-09-04 23:12:39,228 [INFO] Capturing response: https://cdn.jsdelivr.net/npm/@clappr/player@0.11.16/dist/clappr.min.js 200 
2026-09-04 23:12:39,232 [INFO] Capturing response: https://cdn.jsdelivr.net/npm/@clappr/hlsjs-playback@1.8.3/dist/hlsjs-playback.min.js 200 
2026-09-04 23:12:39,447 [INFO] Capturing request: https://www.atomsportv514.top/favicon.ico
2026-09-04 23:12:39,496 [INFO] Capturing response: https://www.atomsportv514.top/favicon.ico 200 
2026-09-04 23:12:39,508 [INFO] Capturing request: https://teletv5.top/load/yayinlink.php?id=bein-sports-1
2026-09-04 23:12:39,848 [INFO] Capturing response: https://teletv5.top/load/yayinlink.php?id=bein-sports-1 200 
2026-09-04 23:12:41,490 [INFO] Capturing request: https://android.clients.google.com/checkin
2026-09-04 23:12:41,568 [INFO] Capturing response: https://android.clients.google.com/checkin 200 
2026-09-04 23:12:41,621 [INFO] Capturing request: https://android.clients.google.com/c2dm/register3
2026-09-04 23:12:41,622 [INFO] Capturing request: https://android.clients.google.com/c2dm/register3
2026-09-04 23:12:41,624 [INFO] Capturing request: https://android.clients.google.com/c2dm/register3
2026-09-04 23:12:41,667 [INFO] Capturing response: https://android.clients.google.com/c2dm/register3 200 
2026-09-04 23:12:41,674 [INFO] Capturing response: https://android.clients.google.com/c2dm/register3 200 
2026-09-04 23:12:41,677 [INFO] Capturing response: https://android.clients.google.com/c2dm/register3 200 
2026-09-04 23:12:42,047 [INFO] Capturing request: https://streamsport365.com/cinema
2026-09-04 23:12:42,299 [INFO] Capturing response: https://streamsport365.com/cinema 200 
2026-09-04 23:12:42,432 [INFO] Capturing request: https://www.atomsportv514.top/assets/img/player/player_logo_6a87a2e2eecc5.png
2026-09-04 23:12:42,481 [INFO] Capturing response: https://www.atomsportv514.top/assets/img/player/player_logo_6a87a2e2eecc5.png 200 
2026-09-04 23:12:42,497 [INFO] Capturing request: https://corestream.ardastream.live//beintv/tracks-v1a1/mono.m3u8
2026-09-04 23:12:42,770 [INFO] Capturing response: https://corestream.ardastream.live//beintv/tracks-v1a1/mono.m3u8 200 
2026-09-04 23:12:43,110 [INFO] Capturing request: https://global.ardastream.live/beintv/tracks-v1a1/2026/09/04/23/12/26-06000.jpg
2026-09-04 23:12:43,696 [INFO] Capturing response: https://global.ardastream.live/beintv/tracks-v1a1/2026/09/04/23/12/26-06000.jpg 200 
2026-09-04 23:12:43,897 [INFO] Capturing request: https://global.ardastream.live/beintv/tracks-v1a1/2026/09/04/23/12/32-06000.jpg
2026-09-04 23:12:44,171 [INFO] Capturing response: https://global.ardastream.live/beintv/tracks-v1a1/2026/09/04/23/12/32-06000.jpg 200 
2026-09-04 23:12:44,370 [INFO] Capturing request: https://global.ardastream.live/beintv/tracks-v1a1/2026/09/04/23/12/38-06000.jpg
2026-09-04 23:12:44,817 [INFO] Capturing response: https://global.ardastream.live/beintv/tracks-v1a1/2026/09/04/23/12/38-06000.jpg 200 
2026-09-04 23:12:54,443 [INFO] Capturing request: https://corestream.ardastream.live//beintv/tracks-v1a1/mono.m3u8
2026-09-04 23:12:54,556 [INFO] Capturing response: https://corestream.ardastream.live//beintv/tracks-v1a1/mono.m3u8 200 
2026-09-04 23:12:54,663 [INFO] Capturing request: https://global.ardastream.live/beintv/tracks-v1a1/2026/09/04/23/12/44-06000.jpg
2026-09-04 23:12:55,064 [INFO] Capturing response: https://global.ardastream.live/beintv/tracks-v1a1/2026/09/04/23/12/44-06000.jpg 200 
2026-09-04 23:12:55,254 [INFO] Capturing request: https://global.ardastream.live/beintv/tracks-v1a1/2026/09/04/23/12/50-06000.jpg
2026-09-04 23:12:55,456 [INFO] Capturing response: https://global.ardastream.live/beintv/tracks-v1a1/2026/09/04/23/12/50-06000.jpg 200 
2026-09-04 23:12:57,642 [INFO]   ✅ M3U8 bulundu: https://corestream.ardastream.live//beintv/tracks-v1a1/mono.m3u8
2026-09-04 23:12:58,643 [INFO] 
[2/14]
2026-09-04 23:12:58,643 [INFO] 🔍 beIN Sports 2 → https://www.atomsportv514.top/matches?id=bein-sports-2
2026-09-04 23:12:58,757 [INFO] Capturing request: https://www.atomsportv514.top/matches?id=bein-sports-2
2026-09-04 23:12:58,971 [INFO] Capturing response: https://www.atomsportv514.top/matches?id=bein-sports-2 200 
2026-09-04 23:12:59,123 [INFO] Capturing request: https://teletv5.top/load/yayinlink.php?id=bein-sports-2
2026-09-04 23:12:59,131 [INFO] Capturing request: https://www.atomsportv514.top/favicon.ico
2026-09-04 23:12:59,169 [INFO] Capturing response: https://www.atomsportv514.top/favicon.ico 200 
2026-09-04 23:12:59,226 [INFO] Capturing request: https://streamsport365.com/cinema
2026-09-04 23:12:59,304 [INFO] Capturing response: https://teletv5.top/load/yayinlink.php?id=bein-sports-2 200 
2026-09-04 23:12:59,470 [INFO] Capturing response: https://streamsport365.com/cinema 200 
2026-09-04 23:12:59,582 [INFO] Capturing request: https://www.atomsportv514.top/assets/img/player/player_logo_6a87a2e2eecc5.png
2026-09-04 23:12:59,590 [INFO] Capturing request: https://corestream.ardastream.live//bein2/tracks-v1a1/mono.m3u8
2026-09-04 23:12:59,697 [INFO] Capturing response: https://www.atomsportv514.top/assets/img/player/player_logo_6a87a2e2eecc5.png 304 
2026-09-04 23:12:59,712 [INFO] Capturing response: https://corestream.ardastream.live//bein2/tracks-v1a1/mono.m3u8 200 
2026-09-04 23:12:59,861 [INFO] Capturing request: https://global.ardastream.live/bein2/tracks-v1a1/2026/09/04/23/12/45-06000.jpg
2026-09-04 23:13:00,113 [INFO] Capturing response: https://global.ardastream.live/bein2/tracks-v1a1/2026/09/04/23/12/45-06000.jpg 200 
2026-09-04 23:13:00,329 [INFO] Capturing request: https://global.ardastream.live/bein2/tracks-v1a1/2026/09/04/23/12/51-06000.jpg
2026-09-04 23:13:00,659 [INFO] Capturing response: https://global.ardastream.live/bein2/tracks-v1a1/2026/09/04/23/12/51-06000.jpg 200 
2026-09-04 23:13:00,876 [INFO] Capturing request: https://global.ardastream.live/bein2/tracks-v1a1/2026/09/04/23/12/57-06000.jpg
2026-09-04 23:13:01,161 [INFO] Capturing response: https://global.ardastream.live/bein2/tracks-v1a1/2026/09/04/23/12/57-06000.jpg 200 
2026-09-04 23:13:02,062 [INFO]   ✅ M3U8 bulundu: https://corestream.ardastream.live//bein2/tracks-v1a1/mono.m3u8
2026-09-04 23:13:03,062 [INFO] 
[3/14]
2026-09-04 23:13:03,063 [INFO] 🔍 beIN Sports 3 → https://www.atomsportv514.top/matches?id=bein-sports-3
2026-09-04 23:13:03,173 [INFO] Capturing request: https://www.atomsportv514.top/matches?id=bein-sports-3
2026-09-04 23:13:03,846 [INFO] Capturing response: https://www.atomsportv514.top/matches?id=bein-sports-3 200 
2026-09-04 23:13:03,878 [INFO] Capturing request: https://streamsport365.com/cinema
2026-09-04 23:13:03,981 [INFO] Capturing request: https://www.atomsportv514.top/favicon.ico
2026-09-04 23:13:03,982 [INFO] Capturing request: https://teletv5.top/load/yayinlink.php?id=bein-sports-3
2026-09-04 23:13:04,011 [INFO] Capturing response: https://www.atomsportv514.top/favicon.ico 200 
2026-09-04 23:13:04,126 [INFO] Capturing response: https://streamsport365.com/cinema 200 
2026-09-04 23:13:04,160 [INFO] Capturing response: https://teletv5.top/load/yayinlink.php?id=bein-sports-3 200 
2026-09-04 23:13:04,312 [INFO] Capturing request: https://www.atomsportv514.top/assets/img/player/player_logo_6a87a2e2eecc5.png
2026-09-04 23:13:04,321 [INFO] Capturing request: https://corestream.ardastream.live//bein3/tracks-v1a1/mono.m3u8
2026-09-04 23:13:04,430 [INFO] Capturing response: https://www.atomsportv514.top/assets/img/player/player_logo_6a87a2e2eecc5.png 304 
2026-09-04 23:13:04,438 [INFO] Capturing request: https://android.clients.google.com/c2dm/register3
2026-09-04 23:13:04,449 [INFO] Capturing response: https://corestream.ardastream.live//bein3/tracks-v1a1/mono.m3u8 200 
2026-09-04 23:13:04,487 [INFO] Capturing response: https://android.clients.google.com/c2dm/register3 301 
2026-09-04 23:13:04,598 [INFO] Capturing request: https://global.ardastream.live/bein3/tracks-v1a1/2026/09/04/23/12/30-10000.jpg
2026-09-04 23:13:04,894 [INFO] Capturing response: https://global.ardastream.live/bein3/tracks-v1a1/2026/09/04/23/12/30-10000.jpg 200 
2026-09-04 23:13:05,106 [INFO] Capturing request: https://global.ardastream.live/bein3/tracks-v1a1/2026/09/04/23/12/40-10000.jpg
2026-09-04 23:13:05,464 [INFO] Capturing response: https://global.ardastream.live/bein3/tracks-v1a1/2026/09/04/23/12/40-10000.jpg 200 
2026-09-04 23:13:05,689 [INFO] Capturing request: https://android.clients.google.com/c2dm/register3
2026-09-04 23:13:05,710 [INFO] Capturing request: https://global.ardastream.live/bein3/tracks-v1a1/2026/09/04/23/12/50-10000.jpg
2026-09-04 23:13:06,274 [INFO] Capturing response: https://global.ardastream.live/bein3/tracks-v1a1/2026/09/04/23/12/50-10000.jpg 200 
2026-09-04 23:13:06,495 [INFO] Capturing response: https://android.clients.google.com/c2dm/register3 200 
2026-09-04 23:13:06,902 [INFO]   ✅ M3U8 bulundu: https://corestream.ardastream.live//bein3/tracks-v1a1/mono.m3u8
2026-09-04 23:13:07,903 [INFO] 
[4/14]
2026-09-04 23:13:07,903 [INFO] 🔍 beIN Sports 4 → https://www.atomsportv514.top/matches?id=bein-sports-4
2026-09-04 23:13:08,015 [INFO] Capturing request: https://www.atomsportv514.top/matches?id=bein-sports-4
2026-09-04 23:13:08,228 [INFO] Capturing response: https://www.atomsportv514.top/matches?id=bein-sports-4 200 
2026-09-04 23:13:08,359 [INFO] Capturing request: https://teletv5.top/load/yayinlink.php?id=bein-sports-4
2026-09-04 23:13:08,365 [INFO] Capturing request: https://www.atomsportv514.top/favicon.ico
2026-09-04 23:13:08,396 [INFO] Capturing response: https://www.atomsportv514.top/favicon.ico 200 
2026-09-04 23:13:08,461 [INFO] Capturing request: https://streamsport365.com/cinema
2026-09-04 23:13:08,535 [INFO] Capturing response: https://teletv5.top/load/yayinlink.php?id=bein-sports-4 200 
2026-09-04 23:13:08,706 [INFO] Capturing response: https://streamsport365.com/cinema 200 
2026-09-04 23:13:08,818 [INFO] Capturing request: https://www.atomsportv514.top/assets/img/player/player_logo_6a87a2e2eecc5.png
2026-09-04 23:13:08,829 [INFO] Capturing request: https://corestream.ardastream.live//bein4/tracks-v1a1/mono.m3u8
2026-09-04 23:13:08,953 [INFO] Capturing response: https://corestream.ardastream.live//bein4/tracks-v1a1/mono.m3u8 200 
2026-09-04 23:13:09,063 [INFO] Capturing request: https://global.ardastream.live/bein4/tracks-v1a1/2026/09/04/23/12/35-09080.jpg
2026-09-04 23:13:09,086 [INFO] Capturing response: https://www.atomsportv514.top/assets/img/player/player_logo_6a87a2e2eecc5.png 304 
2026-09-04 23:13:09,534 [INFO] Capturing request: https://android.clients.google.com/c2dm/register3
2026-09-04 23:13:09,965 [INFO] Capturing response: https://global.ardastream.live/bein4/tracks-v1a1/2026/09/04/23/12/35-09080.jpg 200 
2026-09-04 23:13:10,027 [INFO] Capturing response: https://android.clients.google.com/c2dm/register3 200 
2026-09-04 23:13:10,331 [INFO] Capturing request: https://global.ardastream.live/bein4/tracks-v1a1/2026/09/04/23/12/44-09240.jpg
2026-09-04 23:13:10,924 [INFO] Capturing response: https://global.ardastream.live/bein4/tracks-v1a1/2026/09/04/23/12/44-09240.jpg 200 
2026-09-04 23:13:11,271 [INFO] Capturing request: https://global.ardastream.live/bein4/tracks-v1a1/2026/09/04/23/12/54-07080.jpg
2026-09-04 23:13:11,290 [INFO]   ✅ M3U8 bulundu: https://corestream.ardastream.live//bein4/tracks-v1a1/mono.m3u8
2026-09-04 23:13:11,918 [INFO] Capturing response: https://global.ardastream.live/bein4/tracks-v1a1/2026/09/04/23/12/54-07080.jpg 200 
2026-09-04 23:13:12,212 [INFO] Capturing request: https://global.ardastream.live/bein4/tracks-v1a1/2026/09/04/23/13/01-06160.jpg
2026-09-04 23:13:12,291 [INFO] 
[5/14]
2026-09-04 23:13:12,291 [INFO] 🔍 beIN Sports 5 → https://www.atomsportv514.top/matches?id=bein-sports-5
2026-09-04 23:13:12,405 [INFO] Capturing request: https://www.atomsportv514.top/matches?id=bein-sports-5
2026-09-04 23:13:12,619 [INFO] Capturing response: https://www.atomsportv514.top/matches?id=bein-sports-5 200 
2026-09-04 23:13:12,656 [INFO] Capturing request: https://streamsport365.com/cinema
2026-09-04 23:13:12,740 [INFO] Capturing response: https://global.ardastream.live/bein4/tracks-v1a1/2026/09/04/23/13/01-06160.jpg 200 
2026-09-04 23:13:12,758 [INFO] Capturing request: https://www.atomsportv514.top/favicon.ico
2026-09-04 23:13:12,761 [INFO] Capturing request: https://teletv5.top/load/yayinlink.php?id=bein-sports-5
2026-09-04 23:13:12,804 [INFO] Capturing response: https://www.atomsportv514.top/favicon.ico 200 
2026-09-04 23:13:12,902 [INFO] Capturing response: https://streamsport365.com/cinema 200 
2026-09-04 23:13:12,941 [INFO] Capturing response: https://teletv5.top/load/yayinlink.php?id=bein-sports-5 200 
2026-09-04 23:13:13,094 [INFO] Capturing request: https://www.atomsportv514.top/assets/img/player/player_logo_6a87a2e2eecc5.png
2026-09-04 23:13:13,105 [INFO] Capturing request: https://corestream.ardastream.live//bein5/tracks-v1a1/mono.m3u8
2026-09-04 23:13:13,210 [INFO] Capturing response: https://www.atomsportv514.top/assets/img/player/player_logo_6a87a2e2eecc5.png 304 
2026-09-04 23:13:13,233 [INFO] Capturing response: https://corestream.ardastream.live//bein5/tracks-v1a1/mono.m3u8 200 
2026-09-04 23:13:13,383 [INFO] Capturing request: https://global.ardastream.live/bein5/tracks-v1a1/2026/09/04/23/12/32-10000.jpg
2026-09-04 23:13:14,057 [INFO] Capturing response: https://global.ardastream.live/bein5/tracks-v1a1/2026/09/04/23/12/32-10000.jpg 200 
2026-09-04 23:13:14,448 [INFO] Capturing request: https://global.ardastream.live/bein5/tracks-v1a1/2026/09/04/23/12/42-10000.jpg
2026-09-04 23:13:15,166 [INFO] Capturing response: https://global.ardastream.live/bein5/tracks-v1a1/2026/09/04/23/12/42-10000.jpg 200 
2026-09-04 23:13:15,533 [INFO] Capturing request: https://global.ardastream.live/bein5/tracks-v1a1/2026/09/04/23/12/52-08520.jpg
2026-09-04 23:13:15,708 [INFO]   ✅ M3U8 bulundu: https://corestream.ardastream.live//bein5/tracks-v1a1/mono.m3u8
2026-09-04 23:13:16,143 [INFO] Capturing response: https://global.ardastream.live/bein5/tracks-v1a1/2026/09/04/23/12/52-08520.jpg 200 
2026-09-04 23:13:16,485 [INFO] Capturing request: https://global.ardastream.live/bein5/tracks-v1a1/2026/09/04/23/13/01-11520.jpg
2026-09-04 23:13:16,709 [INFO] 
[6/14]
2026-09-04 23:13:16,709 [INFO] 🔍 beIN Sports Max 1 → https://www.atomsportv514.top/matches?id=bein-sports-max-1
2026-09-04 23:13:16,850 [INFO] Capturing request: https://www.atomsportv514.top/matches?id=bein-sports-max-1
2026-09-04 23:13:17,077 [INFO] Capturing response: https://www.atomsportv514.top/matches?id=bein-sports-max-1 200 
2026-09-04 23:13:17,227 [INFO] Capturing request: https://www.atomsportv514.top/favicon.ico
2026-09-04 23:13:17,229 [INFO] Capturing request: https://teletv5.top/load/yayinlink.php?id=bein-sports-max-1
2026-09-04 23:13:17,273 [INFO] Capturing response: https://www.atomsportv514.top/favicon.ico 200 
2026-09-04 23:13:17,285 [INFO] Capturing response: https://global.ardastream.live/bein5/tracks-v1a1/2026/09/04/23/13/01-11520.jpg 200 
2026-09-04 23:13:17,332 [INFO] Capturing request: https://streamsport365.com/cinema
2026-09-04 23:13:17,337 [INFO] 127.0.0.1:34318: ProtocolException("Error in HTTP connection: Http2ZombieException('Connection or stream already dead: 1788563597.337307, False')")
2026-09-04 23:13:17,415 [INFO] Capturing response: https://teletv5.top/load/yayinlink.php?id=bein-sports-max-1 200 
2026-09-04 23:13:17,586 [INFO] Capturing response: https://streamsport365.com/cinema 200 
2026-09-04 23:13:17,699 [INFO] Capturing request: https://www.atomsportv514.top/assets/img/player/player_logo_6a87a2e2eecc5.png
2026-09-04 23:13:17,708 [INFO] Capturing request: https://corestream.ardastream.live//beinmax1/tracks-v1a1/mono.m3u8
2026-09-04 23:13:17,820 [INFO] Capturing response: https://www.atomsportv514.top/assets/img/player/player_logo_6a87a2e2eecc5.png 304 
2026-09-04 23:13:17,842 [INFO] Capturing response: https://corestream.ardastream.live//beinmax1/tracks-v1a1/mono.m3u8 200 
2026-09-04 23:13:17,952 [INFO] Capturing request: https://global.ardastream.live/beinmax1/tracks-v1a1/2026/09/04/23/13/26-07360.jpg
2026-09-04 23:13:18,500 [INFO] Capturing response: https://global.ardastream.live/beinmax1/tracks-v1a1/2026/09/04/23/13/26-07360.jpg 200 
2026-09-04 23:13:18,778 [INFO] Capturing request: https://global.ardastream.live/beinmax1/tracks-v1a1/2026/09/04/23/13/33-10000.jpg
2026-09-04 23:13:19,398 [INFO] Capturing response: https://global.ardastream.live/beinmax1/tracks-v1a1/2026/09/04/23/13/33-10000.jpg 200 
2026-09-04 23:13:19,716 [INFO] Capturing request: https://global.ardastream.live/beinmax1/tracks-v1a1/2026/09/04/23/13/43-06760.jpg
2026-09-04 23:13:20,131 [INFO] Capturing response: https://global.ardastream.live/beinmax1/tracks-v1a1/2026/09/04/23/13/43-06760.jpg 200 
2026-09-04 23:13:20,155 [INFO]   ✅ M3U8 bulundu: https://corestream.ardastream.live//beinmax1/tracks-v1a1/mono.m3u8
2026-09-04 23:13:20,407 [INFO] Capturing request: https://global.ardastream.live/beinmax1/tracks-v1a1/2026/09/04/23/13/50-10000.jpg
2026-09-04 23:13:20,942 [INFO] Capturing response: https://global.ardastream.live/beinmax1/tracks-v1a1/2026/09/04/23/13/50-10000.jpg 200 
2026-09-04 23:13:21,156 [INFO] 
[7/14]
2026-09-04 23:13:21,156 [INFO] 🔍 beIN Sports Max 2 → https://www.atomsportv514.top/matches?id=bein-sports-max-2
2026-09-04 23:13:21,269 [INFO] Capturing request: https://www.atomsportv514.top/matches?id=bein-sports-max-2
2026-09-04 23:13:21,478 [INFO] Capturing response: https://www.atomsportv514.top/matches?id=bein-sports-max-2 200 
2026-09-04 23:13:21,511 [INFO] Capturing request: https://streamsport365.com/cinema
2026-09-04 23:13:21,610 [INFO] Capturing request: https://teletv5.top/load/yayinlink.php?id=bein-sports-max-2
2026-09-04 23:13:21,612 [INFO] Capturing request: https://www.atomsportv514.top/favicon.ico
2026-09-04 23:13:21,645 [INFO] Capturing response: https://www.atomsportv514.top/favicon.ico 200 
2026-09-04 23:13:21,750 [INFO] Capturing response: https://streamsport365.com/cinema 200 
2026-09-04 23:13:21,785 [INFO] Capturing response: https://teletv5.top/load/yayinlink.php?id=bein-sports-max-2 200 
2026-09-04 23:13:21,937 [INFO] Capturing request: https://www.atomsportv514.top/assets/img/player/player_logo_6a87a2e2eecc5.png
2026-09-04 23:13:21,946 [INFO] Capturing request: https://corestream.ardastream.live//beinmax2/tracks-v1a1/mono.m3u8
2026-09-04 23:13:22,054 [INFO] Capturing response: https://www.atomsportv514.top/assets/img/player/player_logo_6a87a2e2eecc5.png 304 
2026-09-04 23:13:22,081 [INFO] Capturing response: https://corestream.ardastream.live//beinmax2/tracks-v1a1/mono.m3u8 200 
2026-09-04 23:13:22,231 [INFO] Capturing request: https://global.ardastream.live/beinmax2/tracks-v1a1/2026/09/04/23/13/08-05040.jpg
2026-09-04 23:13:22,502 [INFO] Capturing response: https://global.ardastream.live/beinmax2/tracks-v1a1/2026/09/04/23/13/08-05040.jpg 200 
2026-09-04 23:13:22,687 [INFO] Capturing request: https://global.ardastream.live/beinmax2/tracks-v1a1/2026/09/04/23/13/13-05040.jpg
2026-09-04 23:13:22,963 [INFO] Capturing response: https://global.ardastream.live/beinmax2/tracks-v1a1/2026/09/04/23/13/13-05040.jpg 200 
2026-09-04 23:13:23,174 [INFO] Capturing request: https://global.ardastream.live/beinmax2/tracks-v1a1/2026/09/04/23/13/18-05040.jpg
2026-09-04 23:13:23,452 [INFO] Capturing response: https://global.ardastream.live/beinmax2/tracks-v1a1/2026/09/04/23/13/18-05040.jpg 200 
2026-09-04 23:13:23,658 [INFO] Capturing request: https://global.ardastream.live/beinmax2/tracks-v1a1/2026/09/04/23/13/23-05040.jpg
2026-09-04 23:13:23,937 [INFO] Capturing response: https://global.ardastream.live/beinmax2/tracks-v1a1/2026/09/04/23/13/23-05040.jpg 200 
2026-09-04 23:13:24,526 [INFO]   ✅ M3U8 bulundu: https://corestream.ardastream.live//beinmax2/tracks-v1a1/mono.m3u8
2026-09-04 23:13:25,527 [INFO] 
[8/14]
2026-09-04 23:13:25,527 [INFO] 🔍 S Sport → https://www.atomsportv514.top/matches?id=s-sport
2026-09-04 23:13:25,638 [INFO] Capturing request: https://www.atomsportv514.top/matches?id=s-sport
2026-09-04 23:13:25,848 [INFO] Capturing response: https://www.atomsportv514.top/matches?id=s-sport 200 
2026-09-04 23:13:25,982 [INFO] Capturing request: https://teletv5.top/load/yayinlink.php?id=s-sport
2026-09-04 23:13:25,984 [INFO] Capturing request: https://www.atomsportv514.top/favicon.ico
2026-09-04 23:13:26,022 [INFO] Capturing response: https://www.atomsportv514.top/favicon.ico 200 
2026-09-04 23:13:26,078 [INFO] Capturing request: https://streamsport365.com/cinema
2026-09-04 23:13:26,161 [INFO] Capturing response: https://teletv5.top/load/yayinlink.php?id=s-sport 200 
2026-09-04 23:13:26,322 [INFO] Capturing response: https://streamsport365.com/cinema 200 
2026-09-04 23:13:26,432 [INFO] Capturing request: https://www.atomsportv514.top/assets/img/player/player_logo_6a87a2e2eecc5.png
2026-09-04 23:13:26,441 [INFO] Capturing request: https://corestream.ardastream.live//s-sport/tracks-v1a1/mono.m3u8
2026-09-04 23:13:26,547 [INFO] Capturing response: https://www.atomsportv514.top/assets/img/player/player_logo_6a87a2e2eecc5.png 304 
2026-09-04 23:13:26,566 [INFO] Capturing response: https://corestream.ardastream.live//s-sport/tracks-v1a1/mono.m3u8 200 
2026-09-04 23:13:26,676 [INFO] Capturing request: https://global.ardastream.live/s-sport/tracks-v1a1/2026/09/04/23/13/45-05000.jpg
2026-09-04 23:13:26,971 [INFO] Capturing response: https://global.ardastream.live/s-sport/tracks-v1a1/2026/09/04/23/13/45-05000.jpg 200 
2026-09-04 23:13:27,171 [INFO] Capturing request: https://global.ardastream.live/s-sport/tracks-v1a1/2026/09/04/23/13/50-05000.jpg
2026-09-04 23:13:27,611 [INFO] Capturing response: https://global.ardastream.live/s-sport/tracks-v1a1/2026/09/04/23/13/50-05000.jpg 200 
2026-09-04 23:13:27,843 [INFO] Capturing request: https://global.ardastream.live/s-sport/tracks-v1a1/2026/09/04/23/13/55-05000.jpg
2026-09-04 23:13:28,117 [INFO] Capturing response: https://global.ardastream.live/s-sport/tracks-v1a1/2026/09/04/23/13/55-05000.jpg 200 
2026-09-04 23:13:28,900 [INFO]   ✅ M3U8 bulundu: https://corestream.ardastream.live//s-sport/tracks-v1a1/mono.m3u8
2026-09-04 23:13:29,900 [INFO] 
[9/14]
2026-09-04 23:13:29,900 [INFO] 🔍 S Sport 2 → https://www.atomsportv514.top/matches?id=s-sport-2
2026-09-04 23:13:30,010 [INFO] Capturing request: https://www.atomsportv514.top/matches?id=s-sport-2
2026-09-04 23:13:30,226 [INFO] Capturing response: https://www.atomsportv514.top/matches?id=s-sport-2 200 
2026-09-04 23:13:30,257 [INFO] Capturing request: https://streamsport365.com/cinema
2026-09-04 23:13:30,354 [INFO] Capturing request: https://teletv5.top/load/yayinlink.php?id=s-sport-2
2026-09-04 23:13:30,358 [INFO] Capturing request: https://www.atomsportv514.top/favicon.ico
2026-09-04 23:13:30,504 [INFO] Capturing response: https://streamsport365.com/cinema 200 
2026-09-04 23:13:30,530 [INFO] Capturing response: https://teletv5.top/load/yayinlink.php?id=s-sport-2 200 
2026-09-04 23:13:30,573 [INFO] Capturing response: https://www.atomsportv514.top/favicon.ico 200 
2026-09-04 23:13:30,683 [INFO] Capturing request: https://www.atomsportv514.top/assets/img/player/player_logo_6a87a2e2eecc5.png
2026-09-04 23:13:30,693 [INFO] Capturing request: https://corestream.ardastream.live//s-sport2/tracks-v1a1/mono.m3u8
2026-09-04 23:13:30,798 [INFO] Capturing response: https://www.atomsportv514.top/assets/img/player/player_logo_6a87a2e2eecc5.png 304 
2026-09-04 23:13:30,820 [INFO] Capturing response: https://corestream.ardastream.live//s-sport2/tracks-v1a1/mono.m3u8 200 
2026-09-04 23:13:30,970 [INFO] Capturing request: https://global.ardastream.live/s-sport2/tracks-v1a1/2026/09/04/23/13/32-06400.jpg
2026-09-04 23:13:31,623 [INFO] Capturing response: https://global.ardastream.live/s-sport2/tracks-v1a1/2026/09/04/23/13/32-06400.jpg 200 
2026-09-04 23:13:31,967 [INFO] Capturing request: https://global.ardastream.live/s-sport2/tracks-v1a1/2026/09/04/23/13/38-06400.jpg
2026-09-04 23:13:32,701 [INFO] Capturing response: https://global.ardastream.live/s-sport2/tracks-v1a1/2026/09/04/23/13/38-06400.jpg 200 
2026-09-04 23:13:33,023 [INFO] Capturing request: https://global.ardastream.live/s-sport2/tracks-v1a1/2026/09/04/23/13/45-06400.jpg
2026-09-04 23:13:33,271 [INFO]   ✅ M3U8 bulundu: https://corestream.ardastream.live//s-sport2/tracks-v1a1/mono.m3u8
2026-09-04 23:13:33,617 [INFO] Capturing response: https://global.ardastream.live/s-sport2/tracks-v1a1/2026/09/04/23/13/45-06400.jpg 200 
2026-09-04 23:13:33,924 [INFO] Capturing request: https://global.ardastream.live/s-sport2/tracks-v1a1/2026/09/04/23/13/51-06400.jpg
2026-09-04 23:13:34,272 [INFO] 
[10/14]
2026-09-04 23:13:34,273 [INFO] 🔍 A Spor → https://www.atomsportv514.top/matches?id=a-spor
2026-09-04 23:13:34,406 [INFO] Capturing request: https://www.atomsportv514.top/matches?id=a-spor
2026-09-04 23:13:34,550 [INFO] Capturing response: https://global.ardastream.live/s-sport2/tracks-v1a1/2026/09/04/23/13/51-06400.jpg 200 
2026-09-04 23:13:34,626 [INFO] Capturing response: https://www.atomsportv514.top/matches?id=a-spor 200 
2026-09-04 23:13:34,773 [INFO] Capturing request: https://teletv5.top/load/yayinlink.php?id=a-spor
2026-09-04 23:13:34,774 [INFO] Capturing request: https://www.atomsportv514.top/favicon.ico
2026-09-04 23:13:34,807 [INFO] Capturing response: https://www.atomsportv514.top/favicon.ico 200 
2026-09-04 23:13:34,873 [INFO] Capturing request: https://streamsport365.com/cinema
2026-09-04 23:13:34,949 [INFO] Capturing response: https://teletv5.top/load/yayinlink.php?id=a-spor 200 
2026-09-04 23:13:35,121 [INFO] Capturing response: https://streamsport365.com/cinema 200 
2026-09-04 23:13:35,232 [INFO] Capturing request: https://www.atomsportv514.top/assets/img/player/player_logo_6a87a2e2eecc5.png
2026-09-04 23:13:35,241 [INFO] Capturing request: https://corestream.ardastream.live//aspor/tracks-v1a1/mono.m3u8
2026-09-04 23:13:35,349 [INFO] Capturing response: https://www.atomsportv514.top/assets/img/player/player_logo_6a87a2e2eecc5.png 304 
2026-09-04 23:13:35,368 [INFO] Capturing response: https://corestream.ardastream.live//aspor/tracks-v1a1/mono.m3u8 404 
2026-09-04 23:13:37,493 [INFO] Capturing request: https://corestream.ardastream.live//aspor/tracks-v1a1/mono.m3u8
2026-09-04 23:13:37,613 [INFO] Capturing response: https://corestream.ardastream.live//aspor/tracks-v1a1/mono.m3u8 404 
2026-09-04 23:13:37,682 [INFO]   ✅ M3U8 bulundu: https://corestream.ardastream.live//aspor/tracks-v1a1/mono.m3u8
2026-09-04 23:13:37,752 [INFO] Capturing request: https://update.googleapis.com/service/update2/json?cup2key=16:eW-Xykvpp77VrNH9Yzz_gMBSZ7fBEL7iONeHsD6NSSY&cup2hreq=7fe7be2bf40893a4dd9028d2e695644b43eb92d17266c3c74c70e7e547859a03
2026-09-04 23:13:37,779 [INFO] Capturing response: https://update.googleapis.com/service/update2/json?cup2key=16:eW-Xykvpp77VrNH9Yzz_gMBSZ7fBEL7iONeHsD6NSSY&cup2hreq=7fe7be2bf40893a4dd9028d2e695644b43eb92d17266c3c74c70e7e547859a03 200 
2026-09-04 23:13:37,786 [INFO] Capturing request: http://edgedl.me.gvt1.com/edgedl/diffgen-puffin/gcmjkmgdlgnkkcocmoeiminaijmmjnii/fc1f961a8e1d6f22b29a01eb8f62d27d7f0f928ed1b230dfa8430cc20542c1bf
2026-09-04 23:13:37,805 [INFO] Capturing response: http://edgedl.me.gvt1.com/edgedl/diffgen-puffin/gcmjkmgdlgnkkcocmoeiminaijmmjnii/fc1f961a8e1d6f22b29a01eb8f62d27d7f0f928ed1b230dfa8430cc20542c1bf 200 OK
2026-09-04 23:13:37,831 [INFO] Capturing request: https://update.googleapis.com/service/update2/json
2026-09-04 23:13:37,854 [INFO] Capturing response: https://update.googleapis.com/service/update2/json 200 
2026-09-04 23:13:37,899 [INFO] Capturing request: http://edgedl.me.gvt1.com/edgedl/release2/chrome_component/ad3frunkugc64amilqihj4x5ctzq_10757/hfnkpimlhhgieaddgfemjhofmfblmnib_10757_all_maucouncajrxfj5mevr6u472ve.crx3
2026-09-04 23:13:37,915 [INFO] Capturing response: http://edgedl.me.gvt1.com/edgedl/release2/chrome_component/ad3frunkugc64amilqihj4x5ctzq_10757/hfnkpimlhhgieaddgfemjhofmfblmnib_10757_all_maucouncajrxfj5mevr6u472ve.crx3 200 OK
2026-09-04 23:13:37,945 [INFO] Capturing request: https://update.googleapis.com/service/update2/json
2026-09-04 23:13:37,968 [INFO] Capturing response: https://update.googleapis.com/service/update2/json 200 
2026-09-04 23:13:38,683 [INFO] 
[11/14]
2026-09-04 23:13:38,683 [INFO] 🔍 Tivibu Spor 1 → https://www.atomsportv514.top/matches?id=tivibu-spor-1
2026-09-04 23:13:38,833 [INFO] Capturing request: https://www.atomsportv514.top/matches?id=tivibu-spor-1
2026-09-04 23:13:39,224 [INFO] Capturing response: https://www.atomsportv514.top/matches?id=tivibu-spor-1 200 
2026-09-04 23:13:39,389 [INFO] Capturing request: https://www.atomsportv514.top/favicon.ico
2026-09-04 23:13:39,430 [INFO] Capturing response: https://www.atomsportv514.top/favicon.ico 200 
2026-09-04 23:13:39,476 [INFO] Capturing request: https://teletv5.top/load/yayinlink.php?id=tivibu-spor-1
2026-09-04 23:13:39,531 [INFO] Capturing request: https://streamsport365.com/cinema
2026-09-04 23:13:39,721 [INFO] Capturing response: https://streamsport365.com/cinema 200 
2026-09-04 23:13:39,899 [INFO] Capturing response: https://teletv5.top/load/yayinlink.php?id=tivibu-spor-1 200 
2026-09-04 23:14:04,166 [INFO] Capturing request: https://android.clients.google.com/c2dm/register3
2026-09-04 23:14:04,211 [INFO] Capturing response: https://android.clients.google.com/c2dm/register3 301 
2026-09-04 23:14:12,562 [WARNING]   ❌ Tivibu Spor 1 için M3U8 bulunamadı
2026-09-04 23:14:13,562 [INFO] 
[12/14]
2026-09-04 23:14:13,562 [INFO] 🔍 Tivibu Spor 2 → https://www.atomsportv514.top/matches?id=tivibu-spor-2
2026-09-04 23:14:13,671 [INFO] Capturing request: https://www.atomsportv514.top/matches?id=tivibu-spor-2
2026-09-04 23:14:14,065 [INFO] Capturing response: https://www.atomsportv514.top/matches?id=tivibu-spor-2 200 
2026-09-04 23:14:14,203 [INFO] Capturing request: https://teletv5.top/load/yayinlink.php?id=tivibu-spor-2
2026-09-04 23:14:14,207 [INFO] Capturing request: https://www.atomsportv514.top/favicon.ico
2026-09-04 23:14:14,241 [INFO] Capturing response: https://www.atomsportv514.top/favicon.ico 200 
2026-09-04 23:14:14,305 [INFO] Capturing request: https://streamsport365.com/cinema
2026-09-04 23:14:14,463 [INFO] Capturing response: https://teletv5.top/load/yayinlink.php?id=tivibu-spor-2 200 
2026-09-04 23:14:14,548 [INFO] Capturing response: https://streamsport365.com/cinema 200 
2026-09-04 23:14:47,372 [WARNING]   ❌ Tivibu Spor 2 için M3U8 bulunamadı
2026-09-04 23:14:48,372 [INFO] 
[13/14]
2026-09-04 23:14:48,372 [INFO] 🔍 Tivibu Spor 3 → https://www.atomsportv514.top/matches?id=tivibu-spor-3
2026-09-04 23:14:48,482 [INFO] Capturing request: https://www.atomsportv514.top/matches?id=tivibu-spor-3
2026-09-04 23:14:48,872 [INFO] Capturing response: https://www.atomsportv514.top/matches?id=tivibu-spor-3 200 
2026-09-04 23:14:49,009 [INFO] Capturing request: https://teletv5.top/load/yayinlink.php?id=tivibu-spor-3
2026-09-04 23:14:49,012 [INFO] Capturing request: https://www.atomsportv514.top/favicon.ico
2026-09-04 23:14:49,054 [INFO] Capturing response: https://www.atomsportv514.top/favicon.ico 200 
2026-09-04 23:14:49,109 [INFO] Capturing request: https://streamsport365.com/cinema
2026-09-04 23:14:49,195 [INFO] Capturing response: https://teletv5.top/load/yayinlink.php?id=tivibu-spor-3 200 
2026-09-04 23:14:49,366 [INFO] Capturing response: https://streamsport365.com/cinema 200 
2026-09-04 23:15:22,187 [WARNING]   ❌ Tivibu Spor 3 için M3U8 bulunamadı
2026-09-04 23:15:23,187 [INFO] 
[14/14]
2026-09-04 23:15:23,187 [INFO] 🔍 Tivibu Spor 4 → https://www.atomsportv514.top/matches?id=tivibu-spor-4
2026-09-04 23:15:23,296 [INFO] Capturing request: https://www.atomsportv514.top/matches?id=tivibu-spor-4
2026-09-04 23:15:23,675 [INFO] Capturing response: https://www.atomsportv514.top/matches?id=tivibu-spor-4 200 
2026-09-04 23:15:23,812 [INFO] Capturing request: https://teletv5.top/load/yayinlink.php?id=tivibu-spor-4
2026-09-04 23:15:23,816 [INFO] Capturing request: https://www.atomsportv514.top/favicon.ico
2026-09-04 23:15:23,849 [INFO] Capturing response: https://www.atomsportv514.top/favicon.ico 200 
2026-09-04 23:15:23,915 [INFO] Capturing request: https://streamsport365.com/cinema
2026-09-04 23:15:23,999 [INFO] Capturing response: https://teletv5.top/load/yayinlink.php?id=tivibu-spor-4 200 
2026-09-04 23:15:24,165 [INFO] Capturing response: https://streamsport365.com/cinema 200 
2026-09-04 23:15:36,778 [INFO] Capturing request: https://android.clients.google.com/c2dm/register3
2026-09-04 23:15:36,827 [INFO] Capturing response: https://android.clients.google.com/c2dm/register3 301 
2026-09-04 23:15:56,993 [WARNING]   ❌ Tivibu Spor 4 için M3U8 bulunamadı
2026-09-04 23:15:58,063 [INFO] ✅ 10 kanal bulundu, playlist.m3u kaydedildi
