2026-08-11 21:50:03,659 [INFO] 🌐 BASE_URL: https://www.atomsportv512.top
2026-08-11 21:50:04,876 [INFO] Başlanıyor... 14 kanal taranacak
2026-08-11 21:50:04,876 [INFO] Using default request storage
2026-08-11 21:50:04,881 [INFO] Created proxy listening on 127.0.0.1:35829
2026-08-11 21:50:05,564 [INFO] Capturing request: http://clients2.google.com/time/1/current?cup2key=10:bIEFoZs14Gcx6Yvvt26NZSHbAX411qYDhyn1r3VHBpQ&cup2hreq=e3b0c44298fc1c149afbf4c8996fb92427ae41e4649b934ca495991b7852b855
2026-08-11 21:50:05,637 [INFO] Capturing response: http://clients2.google.com/time/1/current?cup2key=10:bIEFoZs14Gcx6Yvvt26NZSHbAX411qYDhyn1r3VHBpQ&cup2hreq=e3b0c44298fc1c149afbf4c8996fb92427ae41e4649b934ca495991b7852b855 200 OK
2026-08-11 21:50:05,802 [INFO] 
[1/14]
2026-08-11 21:50:05,802 [INFO] 🔍 beIN Sports 1 → https://www.atomsportv512.top/matches?id=bein-sports-1
2026-08-11 21:50:05,993 [INFO] Capturing request: https://accounts.google.com/ListAccounts?gpsia=1&source=ChromiumBrowser&json=standard&laf=b64bin
2026-08-11 21:50:05,994 [INFO] Capturing request: https://update.googleapis.com/service/update2/json?cup2key=16:l0a5tH2-KYkvT991CHMzYhAJYd9nORlO-vKTZd_XMnI&cup2hreq=5cd1627e40ceba1a0016dbc9051fb8565d4639330647eb2ec1830c095414fc82
2026-08-11 21:50:06,117 [INFO] Capturing response: https://update.googleapis.com/service/update2/json?cup2key=16:l0a5tH2-KYkvT991CHMzYhAJYd9nORlO-vKTZd_XMnI&cup2hreq=5cd1627e40ceba1a0016dbc9051fb8565d4639330647eb2ec1830c095414fc82 200 
2026-08-11 21:50:06,118 [INFO] Capturing request: https://www.google.com/async/folae?async=_fmt:pb&udm=50&client_locale=en-US&client_country=ZZ
2026-08-11 21:50:06,120 [INFO] Capturing request: https://www.atomsportv512.top/matches?id=bein-sports-1
2026-08-11 21:50:06,125 [INFO] Capturing response: https://accounts.google.com/ListAccounts?gpsia=1&source=ChromiumBrowser&json=standard&laf=b64bin 200 
2026-08-11 21:50:06,162 [INFO] Capturing response: https://www.google.com/async/folae?async=_fmt:pb&udm=50&client_locale=en-US&client_country=ZZ 200 
2026-08-11 21:50:06,170 [INFO] Capturing request: https://update.googleapis.com/service/update2/json?cup2key=16:SisCid_pr9coi_kMSdvoLFLoGDcY_AEpRs4hFrKvqf0&cup2hreq=f5f539fa88577947da41792f7162f1cf2dbb847f6b9d1f989c76b132f98a9d01
2026-08-11 21:50:06,229 [INFO] Capturing response: https://update.googleapis.com/service/update2/json?cup2key=16:SisCid_pr9coi_kMSdvoLFLoGDcY_AEpRs4hFrKvqf0&cup2hreq=f5f539fa88577947da41792f7162f1cf2dbb847f6b9d1f989c76b132f98a9d01 200 
2026-08-11 21:50:06,276 [INFO] Capturing request: https://update.googleapis.com/service/update2/json?cup2key=16:Ga-GYA8fPR6ZC8ML5ocmmxu6t4VlquzB-Vy4viVl9Q8&cup2hreq=904bc22ef6a5a09418409fc8179ff3a8347504a15e90c07290dcfaa0976d324c
2026-08-11 21:50:06,336 [INFO] Capturing response: https://update.googleapis.com/service/update2/json?cup2key=16:Ga-GYA8fPR6ZC8ML5ocmmxu6t4VlquzB-Vy4viVl9Q8&cup2hreq=904bc22ef6a5a09418409fc8179ff3a8347504a15e90c07290dcfaa0976d324c 200 
2026-08-11 21:50:06,373 [INFO] Capturing request: https://www.google.com/async/folae?async=_fmt:pb&udm=50&client_locale=en-US&client_country=ZZ
2026-08-11 21:50:06,410 [INFO] Capturing response: https://www.google.com/async/folae?async=_fmt:pb&udm=50&client_locale=en-US&client_country=ZZ 200 
2026-08-11 21:50:06,787 [INFO] Capturing response: https://www.atomsportv512.top/matches?id=bein-sports-1 200 
2026-08-11 21:50:07,036 [INFO] Capturing request: https://cdn.jsdelivr.net/npm/@clappr/player@0.11.16/dist/clappr.min.js
2026-08-11 21:50:07,054 [INFO] Capturing request: https://cdn.jsdelivr.net/npm/@clappr/hlsjs-playback@1.8.3/dist/hlsjs-playback.min.js
2026-08-11 21:50:07,056 [INFO] Capturing request: https://cdn.jsdelivr.net/npm/level-selector/dist/level-selector.min.js
2026-08-11 21:50:07,111 [INFO] Capturing response: https://cdn.jsdelivr.net/npm/level-selector/dist/level-selector.min.js 200 
2026-08-11 21:50:07,226 [INFO] Capturing response: https://cdn.jsdelivr.net/npm/@clappr/player@0.11.16/dist/clappr.min.js 200 
2026-08-11 21:50:07,257 [INFO] Capturing response: https://cdn.jsdelivr.net/npm/@clappr/hlsjs-playback@1.8.3/dist/hlsjs-playback.min.js 200 
2026-08-11 21:50:07,444 [INFO] Capturing request: https://www.atomsportv512.top/favicon.ico
2026-08-11 21:50:07,530 [INFO] Capturing response: https://www.atomsportv512.top/favicon.ico 200 
2026-08-11 21:50:07,599 [INFO] Capturing request: https://teletv5.top/load/yayinlink.php?id=bein-sports-1
2026-08-11 21:50:07,987 [INFO] Capturing request: https://streamsport365.com/cinema
2026-08-11 21:50:08,055 [INFO] Capturing response: https://teletv5.top/load/yayinlink.php?id=bein-sports-1 200 
2026-08-11 21:50:08,307 [INFO] Capturing response: https://streamsport365.com/cinema 200 
2026-08-11 21:50:08,439 [INFO] Capturing request: https://www.atomsportv512.top/assets/img/player/player_logo_6a72b29dbcd89.png
2026-08-11 21:50:08,544 [INFO] Capturing response: https://www.atomsportv512.top/assets/img/player/player_logo_6a72b29dbcd89.png 200 
2026-08-11 21:50:08,936 [INFO] Capturing request: https://corestream.siteyaptim.live//bein1/tracks-v1a1/mono.m3u8
2026-08-11 21:50:08,995 [INFO] Capturing response: https://corestream.siteyaptim.live//bein1/tracks-v1a1/mono.m3u8 200 
2026-08-11 21:50:09,236 [INFO] Capturing request: https://android.clients.google.com/checkin
2026-08-11 21:50:09,283 [INFO] Capturing request: https://global.siteyaptim.live/bein1/tracks-v1a1/2026/08/11/21/49/52-06000.jpg
2026-08-11 21:50:09,404 [INFO] Capturing response: https://android.clients.google.com/checkin 200 
2026-08-11 21:50:09,455 [INFO] Capturing request: https://android.clients.google.com/c2dm/register3
2026-08-11 21:50:09,457 [INFO] Capturing request: https://android.clients.google.com/c2dm/register3
2026-08-11 21:50:09,460 [INFO] Capturing request: https://android.clients.google.com/c2dm/register3
2026-08-11 21:50:09,543 [INFO] Capturing response: https://android.clients.google.com/c2dm/register3 200 
2026-08-11 21:50:09,630 [INFO] Capturing response: https://android.clients.google.com/c2dm/register3 200 
2026-08-11 21:50:09,635 [INFO] Capturing response: https://android.clients.google.com/c2dm/register3 200 
2026-08-11 21:50:10,363 [INFO]   ✅ M3U8 bulundu: https://corestream.siteyaptim.live//bein1/tracks-v1a1/mono.m3u8
2026-08-11 21:50:10,604 [INFO] Capturing response: https://global.siteyaptim.live/bein1/tracks-v1a1/2026/08/11/21/49/52-06000.jpg 200 
2026-08-11 21:50:10,855 [INFO] Capturing request: https://global.siteyaptim.live/bein1/tracks-v1a1/2026/08/11/21/49/58-06000.jpg
2026-08-11 21:50:11,364 [INFO] 
[2/14]
2026-08-11 21:50:11,364 [INFO] 🔍 beIN Sports 2 → https://www.atomsportv512.top/matches?id=bein-sports-2
2026-08-11 21:50:11,476 [INFO] Capturing request: https://www.atomsportv512.top/matches?id=bein-sports-2
2026-08-11 21:50:11,736 [INFO] Capturing response: https://www.atomsportv512.top/matches?id=bein-sports-2 200 
2026-08-11 21:50:11,791 [INFO] Capturing request: https://streamsport365.com/cinema
2026-08-11 21:50:11,888 [INFO] Capturing request: https://teletv5.top/load/yayinlink.php?id=bein-sports-2
2026-08-11 21:50:11,898 [INFO] Capturing request: https://www.atomsportv512.top/favicon.ico
2026-08-11 21:50:11,958 [INFO] Capturing response: https://www.atomsportv512.top/favicon.ico 200 
2026-08-11 21:50:12,092 [INFO] Capturing response: https://teletv5.top/load/yayinlink.php?id=bein-sports-2 200 
2026-08-11 21:50:12,099 [INFO] Capturing response: https://global.siteyaptim.live/bein1/tracks-v1a1/2026/08/11/21/49/58-06000.jpg 200 
2026-08-11 21:50:12,116 [INFO] Capturing response: https://streamsport365.com/cinema 200 
2026-08-11 21:50:12,231 [INFO] Capturing request: https://www.atomsportv512.top/assets/img/player/player_logo_6a72b29dbcd89.png
2026-08-11 21:50:12,251 [INFO] Capturing request: https://corestream.siteyaptim.live//bein2/tracks-v1a1/mono.m3u8
2026-08-11 21:50:12,370 [INFO] Capturing response: https://www.atomsportv512.top/assets/img/player/player_logo_6a72b29dbcd89.png 304 
2026-08-11 21:50:12,433 [INFO] Capturing response: https://corestream.siteyaptim.live//bein2/tracks-v1a1/mono.m3u8 200 
2026-08-11 21:50:12,543 [INFO] Capturing request: https://global.siteyaptim.live/bein2/tracks-v1a1/2026/08/11/21/49/44-06940.jpg
2026-08-11 21:50:14,043 [INFO] Capturing response: https://global.siteyaptim.live/bein2/tracks-v1a1/2026/08/11/21/49/44-06940.jpg 200 
2026-08-11 21:50:14,262 [INFO] Capturing request: https://global.siteyaptim.live/bein2/tracks-v1a1/2026/08/11/21/49/51-05780.jpg
2026-08-11 21:50:14,809 [INFO]   ✅ M3U8 bulundu: https://corestream.siteyaptim.live//bein2/tracks-v1a1/mono.m3u8
2026-08-11 21:50:15,809 [INFO] 
[3/14]
2026-08-11 21:50:15,809 [INFO] 🔍 beIN Sports 3 → https://www.atomsportv512.top/matches?id=bein-sports-3
2026-08-11 21:50:15,920 [INFO] Capturing response: https://global.siteyaptim.live/bein2/tracks-v1a1/2026/08/11/21/49/51-05780.jpg 200 
2026-08-11 21:50:15,920 [INFO] Capturing request: https://www.atomsportv512.top/matches?id=bein-sports-3
2026-08-11 21:50:16,169 [INFO] Capturing request: https://global.siteyaptim.live/bein2/tracks-v1a1/2026/08/11/21/49/57-07320.jpg
2026-08-11 21:50:16,177 [INFO] Capturing response: https://www.atomsportv512.top/matches?id=bein-sports-3 200 
2026-08-11 21:50:16,304 [INFO] Capturing request: https://teletv5.top/load/yayinlink.php?id=bein-sports-3
2026-08-11 21:50:16,308 [INFO] Capturing request: https://www.atomsportv512.top/favicon.ico
2026-08-11 21:50:16,382 [INFO] Capturing response: https://www.atomsportv512.top/favicon.ico 200 
2026-08-11 21:50:16,444 [INFO] Capturing request: https://streamsport365.com/cinema
2026-08-11 21:50:16,531 [INFO] Capturing response: https://teletv5.top/load/yayinlink.php?id=bein-sports-3 200 
2026-08-11 21:50:16,769 [INFO] Capturing response: https://streamsport365.com/cinema 200 
2026-08-11 21:50:16,881 [INFO] Capturing request: https://www.atomsportv512.top/assets/img/player/player_logo_6a72b29dbcd89.png
2026-08-11 21:50:16,891 [INFO] Capturing request: https://corestream.siteyaptim.live//bein3/tracks-v1a1/mono.m3u8
2026-08-11 21:50:17,016 [INFO] Capturing response: https://www.atomsportv512.top/assets/img/player/player_logo_6a72b29dbcd89.png 304 
2026-08-11 21:50:17,057 [INFO] Capturing response: https://corestream.siteyaptim.live//bein3/tracks-v1a1/mono.m3u8 200 
2026-08-11 21:50:17,170 [INFO] Capturing request: https://global.siteyaptim.live/bein3/tracks-v1a1/2026/08/11/21/49/53-05000.jpg
2026-08-11 21:50:18,501 [INFO] Capturing response: https://global.siteyaptim.live/bein2/tracks-v1a1/2026/08/11/21/49/57-07320.jpg 200 
2026-08-11 21:50:18,571 [INFO] 127.0.0.1:60084: ProtocolException("Error in HTTP connection: Http2ZombieException('Connection or stream already dead: 1786485018.5701582, False')")
2026-08-11 21:50:18,686 [INFO] Capturing response: https://global.siteyaptim.live/bein3/tracks-v1a1/2026/08/11/21/49/53-05000.jpg 200 
2026-08-11 21:50:18,861 [INFO] Capturing request: https://global.siteyaptim.live/bein3/tracks-v1a1/2026/08/11/21/49/58-05000.jpg
2026-08-11 21:50:19,225 [INFO]   ✅ M3U8 bulundu: https://corestream.siteyaptim.live//bein3/tracks-v1a1/mono.m3u8
2026-08-11 21:50:19,876 [INFO] Capturing response: https://global.siteyaptim.live/bein3/tracks-v1a1/2026/08/11/21/49/58-05000.jpg 200 
2026-08-11 21:50:20,085 [INFO] Capturing request: https://global.siteyaptim.live/bein3/tracks-v1a1/2026/08/11/21/50/03-05000.jpg
2026-08-11 21:50:20,225 [INFO] 
[4/14]
2026-08-11 21:50:20,225 [INFO] 🔍 beIN Sports 4 → https://www.atomsportv512.top/matches?id=bein-sports-4
2026-08-11 21:50:20,335 [INFO] Capturing request: https://www.atomsportv512.top/matches?id=bein-sports-4
2026-08-11 21:50:20,602 [INFO] Capturing response: https://www.atomsportv512.top/matches?id=bein-sports-4 200 
2026-08-11 21:50:20,636 [INFO] Capturing request: https://streamsport365.com/cinema
2026-08-11 21:50:20,736 [INFO] Capturing request: https://teletv5.top/load/yayinlink.php?id=bein-sports-4
2026-08-11 21:50:20,737 [INFO] Capturing request: https://www.atomsportv512.top/favicon.ico
2026-08-11 21:50:20,801 [INFO] Capturing response: https://www.atomsportv512.top/favicon.ico 200 
2026-08-11 21:50:20,952 [INFO] Capturing response: https://streamsport365.com/cinema 200 
2026-08-11 21:50:20,968 [INFO] Capturing response: https://teletv5.top/load/yayinlink.php?id=bein-sports-4 200 
2026-08-11 21:50:21,037 [INFO] Capturing response: https://global.siteyaptim.live/bein3/tracks-v1a1/2026/08/11/21/50/03-05000.jpg 200 
2026-08-11 21:50:21,122 [INFO] Capturing request: https://www.atomsportv512.top/assets/img/player/player_logo_6a72b29dbcd89.png
2026-08-11 21:50:21,130 [INFO] Capturing request: https://corestream.siteyaptim.live//bein4/tracks-v1a1/mono.m3u8
2026-08-11 21:50:21,258 [INFO] Capturing response: https://www.atomsportv512.top/assets/img/player/player_logo_6a72b29dbcd89.png 304 
2026-08-11 21:50:21,324 [INFO] Capturing response: https://corestream.siteyaptim.live//bein4/tracks-v1a1/mono.m3u8 200 
2026-08-11 21:50:21,474 [INFO] Capturing request: https://global.siteyaptim.live/bein4/tracks-v1a1/2026/08/11/21/50/32-09880.jpg
2026-08-11 21:50:23,175 [INFO] Capturing response: https://global.siteyaptim.live/bein4/tracks-v1a1/2026/08/11/21/50/32-09880.jpg 200 
2026-08-11 21:50:23,415 [INFO] Capturing request: https://global.siteyaptim.live/bein4/tracks-v1a1/2026/08/11/21/50/42-06840.jpg
2026-08-11 21:50:23,652 [INFO]   ✅ M3U8 bulundu: https://corestream.siteyaptim.live//bein4/tracks-v1a1/mono.m3u8
2026-08-11 21:50:24,652 [INFO] 
[5/14]
2026-08-11 21:50:24,652 [INFO] 🔍 beIN Sports 5 → https://www.atomsportv512.top/matches?id=bein-sports-5
2026-08-11 21:50:24,727 [INFO] Capturing response: https://global.siteyaptim.live/bein4/tracks-v1a1/2026/08/11/21/50/42-06840.jpg 200 
2026-08-11 21:50:24,764 [INFO] Capturing request: https://www.atomsportv512.top/matches?id=bein-sports-5
2026-08-11 21:50:24,956 [INFO] Capturing request: https://global.siteyaptim.live/bein4/tracks-v1a1/2026/08/11/21/50/49-09320.jpg
2026-08-11 21:50:25,024 [INFO] Capturing response: https://www.atomsportv512.top/matches?id=bein-sports-5 200 
2026-08-11 21:50:25,158 [INFO] Capturing request: https://www.atomsportv512.top/favicon.ico
2026-08-11 21:50:25,158 [INFO] Capturing request: https://teletv5.top/load/yayinlink.php?id=bein-sports-5
2026-08-11 21:50:25,228 [INFO] Capturing response: https://www.atomsportv512.top/favicon.ico 200 
2026-08-11 21:50:25,293 [INFO] Capturing request: https://streamsport365.com/cinema
2026-08-11 21:50:25,620 [INFO] Capturing response: https://streamsport365.com/cinema 200 
2026-08-11 21:50:25,630 [INFO] Capturing response: https://teletv5.top/load/yayinlink.php?id=bein-sports-5 200 
2026-08-11 21:50:25,742 [INFO] Capturing request: https://www.atomsportv512.top/assets/img/player/player_logo_6a72b29dbcd89.png
2026-08-11 21:50:25,752 [INFO] Capturing request: https://corestream.siteyaptim.live//bein5/tracks-v1a1/mono.m3u8
2026-08-11 21:50:25,885 [INFO] Capturing response: https://www.atomsportv512.top/assets/img/player/player_logo_6a72b29dbcd89.png 304 
2026-08-11 21:50:25,944 [INFO] Capturing response: https://corestream.siteyaptim.live//bein5/tracks-v1a1/mono.m3u8 200 
2026-08-11 21:50:26,055 [INFO] Capturing request: https://global.siteyaptim.live/bein5/tracks-v1a1/2026/08/11/21/50/33-06000.jpg
2026-08-11 21:50:27,003 [INFO] Capturing response: https://global.siteyaptim.live/bein4/tracks-v1a1/2026/08/11/21/50/49-09320.jpg 200 
2026-08-11 21:50:28,075 [INFO]   ✅ M3U8 bulundu: https://corestream.siteyaptim.live//bein5/tracks-v1a1/mono.m3u8
2026-08-11 21:50:29,077 [INFO] 
[6/14]
2026-08-11 21:50:29,077 [INFO] 🔍 beIN Sports Max 1 → https://www.atomsportv512.top/matches?id=bein-sports-max-1
2026-08-11 21:50:29,186 [INFO] Capturing request: https://www.atomsportv512.top/matches?id=bein-sports-max-1
2026-08-11 21:50:29,435 [INFO] Capturing response: https://www.atomsportv512.top/matches?id=bein-sports-max-1 200 
2026-08-11 21:50:29,471 [INFO] Capturing request: https://streamsport365.com/cinema
2026-08-11 21:50:29,572 [INFO] Capturing request: https://teletv5.top/load/yayinlink.php?id=bein-sports-max-1
2026-08-11 21:50:29,573 [INFO] Capturing request: https://www.atomsportv512.top/favicon.ico
2026-08-11 21:50:29,637 [INFO] Capturing response: https://www.atomsportv512.top/favicon.ico 200 
2026-08-11 21:50:29,785 [INFO] Capturing response: https://streamsport365.com/cinema 200 
2026-08-11 21:50:29,789 [INFO] Capturing response: https://teletv5.top/load/yayinlink.php?id=bein-sports-max-1 200 
2026-08-11 21:50:29,898 [INFO] Capturing response: https://global.siteyaptim.live/bein5/tracks-v1a1/2026/08/11/21/50/33-06000.jpg 200 
2026-08-11 21:50:29,940 [INFO] Capturing request: https://www.atomsportv512.top/assets/img/player/player_logo_6a72b29dbcd89.png
2026-08-11 21:50:29,950 [INFO] Capturing request: https://corestream.siteyaptim.live//beinmax1/tracks-v1a1/mono.m3u8
2026-08-11 21:50:30,085 [INFO] Capturing response: https://www.atomsportv512.top/assets/img/player/player_logo_6a72b29dbcd89.png 304 
2026-08-11 21:50:30,149 [INFO] Capturing response: https://corestream.siteyaptim.live//beinmax1/tracks-v1a1/mono.m3u8 200 
2026-08-11 21:50:30,299 [INFO] Capturing request: https://global.siteyaptim.live/beinmax1/tracks-v1a1/2026/08/11/21/50/15-05000.jpg
2026-08-11 21:50:30,728 [INFO] Capturing request: https://android.clients.google.com/c2dm/register3
2026-08-11 21:50:30,966 [INFO] Capturing request: https://android.clients.google.com/c2dm/register3
2026-08-11 21:50:31,340 [INFO] Capturing response: https://android.clients.google.com/c2dm/register3 200 
2026-08-11 21:50:31,430 [INFO] Capturing response: https://android.clients.google.com/c2dm/register3 200 
2026-08-11 21:50:31,976 [INFO] Capturing response: https://global.siteyaptim.live/beinmax1/tracks-v1a1/2026/08/11/21/50/15-05000.jpg 200 
2026-08-11 21:50:32,208 [INFO] Capturing request: https://global.siteyaptim.live/beinmax1/tracks-v1a1/2026/08/11/21/50/20-05000.jpg
2026-08-11 21:50:32,484 [INFO]   ✅ M3U8 bulundu: https://corestream.siteyaptim.live//beinmax1/tracks-v1a1/mono.m3u8
2026-08-11 21:50:33,484 [INFO] 
[7/14]
2026-08-11 21:50:33,484 [INFO] 🔍 beIN Sports Max 2 → https://www.atomsportv512.top/matches?id=bein-sports-max-2
2026-08-11 21:50:33,595 [INFO] Capturing request: https://www.atomsportv512.top/matches?id=bein-sports-max-2
2026-08-11 21:50:33,848 [INFO] Capturing response: https://www.atomsportv512.top/matches?id=bein-sports-max-2 200 
2026-08-11 21:50:33,910 [INFO] Capturing response: https://global.siteyaptim.live/beinmax1/tracks-v1a1/2026/08/11/21/50/20-05000.jpg 200 
2026-08-11 21:50:33,987 [INFO] Capturing request: https://www.atomsportv512.top/favicon.ico
2026-08-11 21:50:33,989 [INFO] Capturing request: https://teletv5.top/load/yayinlink.php?id=bein-sports-max-2
2026-08-11 21:50:34,046 [INFO] Capturing response: https://www.atomsportv512.top/favicon.ico 200 
2026-08-11 21:50:34,123 [INFO] Capturing request: https://streamsport365.com/cinema
2026-08-11 21:50:34,172 [INFO] Capturing request: https://android.clients.google.com/c2dm/register3
2026-08-11 21:50:34,208 [INFO] Capturing response: https://teletv5.top/load/yayinlink.php?id=bein-sports-max-2 200 
2026-08-11 21:50:34,256 [INFO] Capturing response: https://android.clients.google.com/c2dm/register3 301 
2026-08-11 21:50:34,442 [INFO] Capturing response: https://streamsport365.com/cinema 200 
2026-08-11 21:50:34,552 [INFO] Capturing request: https://www.atomsportv512.top/assets/img/player/player_logo_6a72b29dbcd89.png
2026-08-11 21:50:34,562 [INFO] Capturing request: https://corestream.siteyaptim.live//hls/s-sport.m3u8
2026-08-11 21:50:34,692 [INFO] Capturing response: https://www.atomsportv512.top/assets/img/player/player_logo_6a72b29dbcd89.png 304 
2026-08-11 21:50:34,759 [INFO] Capturing response: https://corestream.siteyaptim.live//hls/s-sport.m3u8 404 
2026-08-11 21:50:36,883 [INFO] Capturing request: https://corestream.siteyaptim.live//hls/s-sport.m3u8
2026-08-11 21:50:36,899 [INFO]   ✅ M3U8 bulundu: https://corestream.siteyaptim.live//hls/s-sport.m3u8
2026-08-11 21:50:37,057 [INFO] Capturing response: https://corestream.siteyaptim.live//hls/s-sport.m3u8 404 
2026-08-11 21:50:37,899 [INFO] 
[8/14]
2026-08-11 21:50:37,899 [INFO] 🔍 S Sport → https://www.atomsportv512.top/matches?id=s-sport
2026-08-11 21:50:38,008 [INFO] Capturing request: https://www.atomsportv512.top/matches?id=s-sport
2026-08-11 21:50:38,451 [INFO] Capturing response: https://www.atomsportv512.top/matches?id=s-sport 200 
2026-08-11 21:50:38,486 [INFO] Capturing request: https://streamsport365.com/cinema
2026-08-11 21:50:38,587 [INFO] Capturing request: https://teletv5.top/load/yayinlink.php?id=s-sport
2026-08-11 21:50:38,588 [INFO] Capturing request: https://www.atomsportv512.top/favicon.ico
2026-08-11 21:50:38,671 [INFO] Capturing response: https://www.atomsportv512.top/favicon.ico 200 
2026-08-11 21:50:38,809 [INFO] Capturing response: https://streamsport365.com/cinema 200 
2026-08-11 21:50:38,811 [INFO] Capturing response: https://teletv5.top/load/yayinlink.php?id=s-sport 200 
2026-08-11 21:50:38,963 [INFO] Capturing request: https://www.atomsportv512.top/assets/img/player/player_logo_6a72b29dbcd89.png
2026-08-11 21:50:38,972 [INFO] Capturing request: https://corestream.siteyaptim.live//s-sport/tracks-v1a1/mono.m3u8
2026-08-11 21:50:39,098 [INFO] Capturing response: https://www.atomsportv512.top/assets/img/player/player_logo_6a72b29dbcd89.png 304 
2026-08-11 21:50:39,135 [INFO] Capturing response: https://corestream.siteyaptim.live//s-sport/tracks-v1a1/mono.m3u8 200 
2026-08-11 21:50:39,246 [INFO] Capturing request: https://global.siteyaptim.live/s-sport/tracks-v1a1/2026/08/11/21/50/39-10000.jpg
2026-08-11 21:50:41,420 [INFO] Capturing response: https://global.siteyaptim.live/s-sport/tracks-v1a1/2026/08/11/21/50/39-10000.jpg 200 
2026-08-11 21:50:41,507 [INFO]   ✅ M3U8 bulundu: https://corestream.siteyaptim.live//s-sport/tracks-v1a1/mono.m3u8
2026-08-11 21:50:41,725 [INFO] Capturing request: https://global.siteyaptim.live/s-sport/tracks-v1a1/2026/08/11/21/50/49-10000.jpg
2026-08-11 21:50:42,509 [INFO] 
[9/14]
2026-08-11 21:50:42,510 [INFO] 🔍 S Sport 2 → https://www.atomsportv512.top/matches?id=s-sport-2
2026-08-11 21:50:42,620 [INFO] Capturing request: https://www.atomsportv512.top/matches?id=s-sport-2
2026-08-11 21:50:42,878 [INFO] Capturing response: https://www.atomsportv512.top/matches?id=s-sport-2 200 
2026-08-11 21:50:43,007 [INFO] Capturing request: https://teletv5.top/load/yayinlink.php?id=s-sport-2
2026-08-11 21:50:43,016 [INFO] Capturing request: https://www.atomsportv512.top/favicon.ico
2026-08-11 21:50:43,089 [INFO] Capturing response: https://www.atomsportv512.top/favicon.ico 200 
2026-08-11 21:50:43,149 [INFO] Capturing request: https://streamsport365.com/cinema
2026-08-11 21:50:43,248 [INFO] Capturing response: https://teletv5.top/load/yayinlink.php?id=s-sport-2 200 
2026-08-11 21:50:43,470 [INFO] Capturing response: https://streamsport365.com/cinema 200 
2026-08-11 21:50:43,543 [INFO] Capturing response: https://global.siteyaptim.live/s-sport/tracks-v1a1/2026/08/11/21/50/49-10000.jpg 200 
2026-08-11 21:50:43,583 [INFO] Capturing request: https://www.atomsportv512.top/assets/img/player/player_logo_6a72b29dbcd89.png
2026-08-11 21:50:43,594 [INFO] Capturing request: https://corestream.siteyaptim.live//s-sport2/tracks-v1a1/mono.m3u8
2026-08-11 21:50:43,724 [INFO] Capturing response: https://www.atomsportv512.top/assets/img/player/player_logo_6a72b29dbcd89.png 304 
2026-08-11 21:50:43,767 [INFO] Capturing response: https://corestream.siteyaptim.live//s-sport2/tracks-v1a1/mono.m3u8 200 
2026-08-11 21:50:43,877 [INFO] Capturing request: https://global.siteyaptim.live/s-sport2/tracks-v1a1/2026/08/11/21/51/43-10000.jpg
2026-08-11 21:50:45,756 [INFO] Capturing response: https://global.siteyaptim.live/s-sport2/tracks-v1a1/2026/08/11/21/51/43-10000.jpg 200 
2026-08-11 21:50:45,928 [INFO]   ✅ M3U8 bulundu: https://corestream.siteyaptim.live//s-sport2/tracks-v1a1/mono.m3u8
2026-08-11 21:50:46,034 [INFO] Capturing request: https://global.siteyaptim.live/s-sport2/tracks-v1a1/2026/08/11/21/51/53-10000.jpg
2026-08-11 21:50:46,929 [INFO] 
[10/14]
2026-08-11 21:50:46,929 [INFO] 🔍 A Spor → https://www.atomsportv512.top/matches?id=a-spor
2026-08-11 21:50:47,040 [INFO] Capturing request: https://www.atomsportv512.top/matches?id=a-spor
2026-08-11 21:50:47,322 [INFO] Capturing response: https://www.atomsportv512.top/matches?id=a-spor 200 
2026-08-11 21:50:47,358 [INFO] Capturing request: https://streamsport365.com/cinema
2026-08-11 21:50:47,457 [INFO] Capturing request: https://www.atomsportv512.top/favicon.ico
2026-08-11 21:50:47,458 [INFO] Capturing request: https://teletv5.top/load/yayinlink.php?id=a-spor
2026-08-11 21:50:47,527 [INFO] Capturing response: https://www.atomsportv512.top/favicon.ico 200 
2026-08-11 21:50:47,674 [INFO] Capturing response: https://streamsport365.com/cinema 200 
2026-08-11 21:50:47,685 [INFO] Capturing response: https://teletv5.top/load/yayinlink.php?id=a-spor 200 
2026-08-11 21:50:47,838 [INFO] Capturing request: https://www.atomsportv512.top/assets/img/player/player_logo_6a72b29dbcd89.png
2026-08-11 21:50:47,845 [INFO] Capturing request: https://corestream.siteyaptim.live//aspor/tracks-v1a1/mono.m3u8
2026-08-11 21:50:47,976 [INFO] Capturing response: https://www.atomsportv512.top/assets/img/player/player_logo_6a72b29dbcd89.png 304 
2026-08-11 21:50:48,018 [INFO] Capturing response: https://corestream.siteyaptim.live//aspor/tracks-v1a1/mono.m3u8 200 
2026-08-11 21:50:48,167 [INFO] Capturing request: https://global.siteyaptim.live/aspor/tracks-v1a1/2026/08/11/21/51/07-10000.jpg
2026-08-11 21:50:48,596 [INFO] Capturing response: https://global.siteyaptim.live/s-sport2/tracks-v1a1/2026/08/11/21/51/53-10000.jpg 200 
2026-08-11 21:50:50,369 [INFO]   ✅ M3U8 bulundu: https://corestream.siteyaptim.live//aspor/tracks-v1a1/mono.m3u8
2026-08-11 21:50:51,350 [INFO] Capturing response: https://global.siteyaptim.live/aspor/tracks-v1a1/2026/08/11/21/51/07-10000.jpg 200 
2026-08-11 21:50:51,370 [INFO] 
[11/14]
2026-08-11 21:50:51,370 [INFO] 🔍 Tivibu Spor 1 → https://www.atomsportv512.top/matches?id=tivibu-spor-1
2026-08-11 21:50:51,495 [INFO] Capturing request: https://www.atomsportv512.top/matches?id=tivibu-spor-1
2026-08-11 21:50:51,682 [INFO] Capturing request: https://global.siteyaptim.live/aspor/tracks-v1a1/2026/08/11/21/51/17-10000.jpg
2026-08-11 21:50:51,751 [INFO] Capturing response: https://www.atomsportv512.top/matches?id=tivibu-spor-1 200 
2026-08-11 21:50:51,883 [INFO] Capturing request: https://teletv5.top/load/yayinlink.php?id=tivibu-spor-1
2026-08-11 21:50:51,885 [INFO] Capturing request: https://www.atomsportv512.top/favicon.ico
2026-08-11 21:50:51,982 [INFO] Capturing response: https://www.atomsportv512.top/favicon.ico 200 
2026-08-11 21:50:52,016 [INFO] Capturing request: https://streamsport365.com/cinema
2026-08-11 21:50:52,096 [INFO] Capturing response: https://teletv5.top/load/yayinlink.php?id=tivibu-spor-1 200 
2026-08-11 21:50:52,341 [INFO] Capturing response: https://streamsport365.com/cinema 200 
2026-08-11 21:50:54,174 [INFO] Capturing response: https://global.siteyaptim.live/aspor/tracks-v1a1/2026/08/11/21/51/17-10000.jpg 200 
2026-08-11 21:51:05,570 [INFO] Capturing request: https://update.googleapis.com/service/update2/json?cup2key=16:idCNisqHjUjp6mVHlEsP5A6OxwGbJJZIW__9bwapjKM&cup2hreq=cf142a380fce1e9e13d84ee63d0b1fa5840578e5d0e7dcda3ce7d0c4cd35987c
2026-08-11 21:51:05,632 [INFO] Capturing response: https://update.googleapis.com/service/update2/json?cup2key=16:idCNisqHjUjp6mVHlEsP5A6OxwGbJJZIW__9bwapjKM&cup2hreq=cf142a380fce1e9e13d84ee63d0b1fa5840578e5d0e7dcda3ce7d0c4cd35987c 200 
2026-08-11 21:51:05,640 [INFO] Capturing request: http://edgedl.me.gvt1.com/edgedl/diffgen-puffin/gcmjkmgdlgnkkcocmoeiminaijmmjnii/6ca5bdb9f3e2cd83b7e359729bc6c33c4fe975ec499861d969b3e080320849ff
2026-08-11 21:51:05,756 [INFO] Capturing response: http://edgedl.me.gvt1.com/edgedl/diffgen-puffin/gcmjkmgdlgnkkcocmoeiminaijmmjnii/6ca5bdb9f3e2cd83b7e359729bc6c33c4fe975ec499861d969b3e080320849ff 200 OK
2026-08-11 21:51:05,782 [INFO] Capturing request: https://update.googleapis.com/service/update2/json
2026-08-11 21:51:05,843 [INFO] Capturing response: https://update.googleapis.com/service/update2/json 200 
2026-08-11 21:51:05,888 [INFO] Capturing request: http://edgedl.me.gvt1.com/edgedl/release2/chrome_component/acwehf2iimbtwliqcvyubsirwrxq_10709/hfnkpimlhhgieaddgfemjhofmfblmnib_10709_all_gqp5mts6jvgno7z2szpnhxv57a.crx3
2026-08-11 21:51:06,053 [INFO] Capturing response: http://edgedl.me.gvt1.com/edgedl/release2/chrome_component/acwehf2iimbtwliqcvyubsirwrxq_10709/hfnkpimlhhgieaddgfemjhofmfblmnib_10709_all_gqp5mts6jvgno7z2szpnhxv57a.crx3 200 OK
2026-08-11 21:51:06,083 [INFO] Capturing request: https://update.googleapis.com/service/update2/json
2026-08-11 21:51:06,133 [INFO] Capturing response: https://update.googleapis.com/service/update2/json 200 
2026-08-11 21:51:25,086 [WARNING]   ❌ Tivibu Spor 1 için M3U8 bulunamadı
2026-08-11 21:51:25,710 [INFO] Capturing request: https://android.clients.google.com/c2dm/register3
2026-08-11 21:51:25,795 [INFO] Capturing response: https://android.clients.google.com/c2dm/register3 301 
2026-08-11 21:51:26,086 [INFO] 
[12/14]
2026-08-11 21:51:26,087 [INFO] 🔍 Tivibu Spor 2 → https://www.atomsportv512.top/matches?id=tivibu-spor-2
2026-08-11 21:51:26,262 [INFO] Capturing request: https://www.atomsportv512.top/matches?id=tivibu-spor-2
2026-08-11 21:51:26,826 [INFO] Capturing response: https://www.atomsportv512.top/matches?id=tivibu-spor-2 200 
2026-08-11 21:51:26,987 [INFO] Capturing request: https://www.atomsportv512.top/favicon.ico
2026-08-11 21:51:27,055 [INFO] Capturing request: https://teletv5.top/load/yayinlink.php?id=tivibu-spor-2
2026-08-11 21:51:27,074 [INFO] Capturing response: https://www.atomsportv512.top/favicon.ico 200 
2026-08-11 21:51:27,489 [INFO] Capturing response: https://teletv5.top/load/yayinlink.php?id=tivibu-spor-2 200 
2026-08-11 21:51:27,523 [INFO] Capturing request: https://streamsport365.com/cinema
2026-08-11 21:51:27,842 [INFO] Capturing response: https://streamsport365.com/cinema 200 
2026-08-11 21:52:00,121 [WARNING]   ❌ Tivibu Spor 2 için M3U8 bulunamadı
2026-08-11 21:52:01,121 [INFO] 
[13/14]
2026-08-11 21:52:01,121 [INFO] 🔍 Tivibu Spor 3 → https://www.atomsportv512.top/matches?id=tivibu-spor-3
2026-08-11 21:52:01,229 [INFO] Capturing request: https://www.atomsportv512.top/matches?id=tivibu-spor-3
2026-08-11 21:52:01,746 [INFO] Capturing response: https://www.atomsportv512.top/matches?id=tivibu-spor-3 200 
2026-08-11 21:52:01,881 [INFO] Capturing request: https://teletv5.top/load/yayinlink.php?id=tivibu-spor-3
2026-08-11 21:52:01,882 [INFO] Capturing request: https://www.atomsportv512.top/favicon.ico
2026-08-11 21:52:01,949 [INFO] Capturing response: https://www.atomsportv512.top/favicon.ico 200 
2026-08-11 21:52:02,017 [INFO] Capturing request: https://streamsport365.com/cinema
2026-08-11 21:52:02,340 [INFO] Capturing response: https://streamsport365.com/cinema 200 
2026-08-11 21:52:02,608 [INFO] Capturing response: https://teletv5.top/load/yayinlink.php?id=tivibu-spor-3 200 
2026-08-11 21:52:35,016 [WARNING]   ❌ Tivibu Spor 3 için M3U8 bulunamadı
2026-08-11 21:52:36,017 [INFO] 
[14/14]
2026-08-11 21:52:36,017 [INFO] 🔍 Tivibu Spor 4 → https://www.atomsportv512.top/matches?id=tivibu-spor-4
2026-08-11 21:52:36,125 [INFO] Capturing request: https://www.atomsportv512.top/matches?id=tivibu-spor-4
2026-08-11 21:52:36,567 [INFO] Capturing response: https://www.atomsportv512.top/matches?id=tivibu-spor-4 200 
2026-08-11 21:52:36,698 [INFO] Capturing request: https://www.atomsportv512.top/favicon.ico
2026-08-11 21:52:36,699 [INFO] Capturing request: https://teletv5.top/load/yayinlink.php?id=tivibu-spor-4
2026-08-11 21:52:36,762 [INFO] Capturing response: https://www.atomsportv512.top/favicon.ico 200 
2026-08-11 21:52:36,836 [INFO] Capturing request: https://streamsport365.com/cinema
2026-08-11 21:52:36,934 [INFO] Capturing response: https://teletv5.top/load/yayinlink.php?id=tivibu-spor-4 200 
2026-08-11 21:52:37,155 [INFO] Capturing response: https://streamsport365.com/cinema 200 
2026-08-11 21:53:09,835 [WARNING]   ❌ Tivibu Spor 4 için M3U8 bulunamadı
2026-08-11 21:53:10,899 [INFO] ✅ 10 kanal bulundu, playlist.m3u kaydedildi
