2026-09-16 15:08:01,493 [INFO] 🌐 BASE_URL: https://www.atomsportv514.top
2026-09-16 15:08:02,724 [INFO] Başlanıyor... 14 kanal taranacak
2026-09-16 15:08:02,724 [INFO] Using default request storage
2026-09-16 15:08:02,728 [INFO] Created proxy listening on 127.0.0.1:43543
2026-09-16 15:08:03,364 [INFO] Capturing request: http://clients2.google.com/time/1/current?cup2key=10:q6Pq4ippACOGXxMz7X-uBmLhzgBr8NASCub_Tidf8mI&cup2hreq=e3b0c44298fc1c149afbf4c8996fb92427ae41e4649b934ca495991b7852b855
2026-09-16 15:08:03,459 [INFO] Capturing response: http://clients2.google.com/time/1/current?cup2key=10:q6Pq4ippACOGXxMz7X-uBmLhzgBr8NASCub_Tidf8mI&cup2hreq=e3b0c44298fc1c149afbf4c8996fb92427ae41e4649b934ca495991b7852b855 200 OK
2026-09-16 15:08:03,630 [INFO] 
[1/14]
2026-09-16 15:08:03,632 [INFO] 🔍 beIN Sports 1 → https://www.atomsportv514.top/matches?id=bein-sports-1
2026-09-16 15:08:03,745 [INFO] Capturing request: https://update.googleapis.com/service/update2/json?cup2key=ML-DSA-44-16:bbvniGtKkF_yxYHrhMt66-8wTFClUMp9B3XfaL3IyIE&cup2hreq=3277f3341d311b81cf2aacb0a0ae3fe91586a079159729ee5ce6f63c8efb71c0
2026-09-16 15:08:03,750 [INFO] Capturing request: https://accounts.google.com/ListAccounts?gpsia=1&source=ChromiumBrowser&json=standard&laf=b64bin
2026-09-16 15:08:03,835 [INFO] Capturing response: https://update.googleapis.com/service/update2/json?cup2key=ML-DSA-44-16:bbvniGtKkF_yxYHrhMt66-8wTFClUMp9B3XfaL3IyIE&cup2hreq=3277f3341d311b81cf2aacb0a0ae3fe91586a079159729ee5ce6f63c8efb71c0 200 
2026-09-16 15:08:03,842 [INFO] Capturing response: https://accounts.google.com/ListAccounts?gpsia=1&source=ChromiumBrowser&json=standard&laf=b64bin 200 
2026-09-16 15:08:03,843 [INFO] Capturing request: https://www.google.com/async/folae?async=_fmt:pb&udm=50&client_locale=en-US&client_country=ZZ
2026-09-16 15:08:03,887 [INFO] Capturing request: https://update.googleapis.com/service/update2/json?cup2key=ML-DSA-44-16:UkQLHzoa7weRhR1GY5BjdWykZV-KpxZvIsadMYL9CcE&cup2hreq=d4b549819b6f96c1ccf140eaa7393d10da639da10750701cb55e98b5a625e370
2026-09-16 15:08:03,891 [INFO] Capturing request: https://www.atomsportv514.top/matches?id=bein-sports-1
2026-09-16 15:08:03,893 [INFO] Capturing response: https://www.google.com/async/folae?async=_fmt:pb&udm=50&client_locale=en-US&client_country=ZZ 200 
2026-09-16 15:08:03,961 [INFO] Capturing response: https://update.googleapis.com/service/update2/json?cup2key=ML-DSA-44-16:UkQLHzoa7weRhR1GY5BjdWykZV-KpxZvIsadMYL9CcE&cup2hreq=d4b549819b6f96c1ccf140eaa7393d10da639da10750701cb55e98b5a625e370 200 
2026-09-16 15:08:04,013 [INFO] Capturing request: https://update.googleapis.com/service/update2/json?cup2key=ML-DSA-44-16:m8sx1qzJTu6YxKzUEXJ44rGqRcsk7oIpDcjCEHYqh3w&cup2hreq=ceab51e09653247eb569fcbc1fa38a59c16de5b3b22a07d428200eb503659739
2026-09-16 15:08:04,084 [INFO] Capturing response: https://update.googleapis.com/service/update2/json?cup2key=ML-DSA-44-16:m8sx1qzJTu6YxKzUEXJ44rGqRcsk7oIpDcjCEHYqh3w&cup2hreq=ceab51e09653247eb569fcbc1fa38a59c16de5b3b22a07d428200eb503659739 200 
2026-09-16 15:08:04,090 [INFO] Capturing request: https://www.google.com/async/folae?async=_fmt:pb&udm=50&client_locale=en-US&client_country=ZZ
2026-09-16 15:08:04,170 [INFO] Capturing response: https://www.google.com/async/folae?async=_fmt:pb&udm=50&client_locale=en-US&client_country=ZZ 200 
2026-09-16 15:08:04,670 [INFO] Capturing response: https://www.atomsportv514.top/matches?id=bein-sports-1 200 
2026-09-16 15:08:04,875 [INFO] Capturing request: https://cdn.jsdelivr.net/npm/@clappr/player@0.11.16/dist/clappr.min.js
2026-09-16 15:08:04,877 [INFO] Capturing request: https://cdn.jsdelivr.net/npm/@clappr/hlsjs-playback@1.8.3/dist/hlsjs-playback.min.js
2026-09-16 15:08:04,879 [INFO] Capturing request: https://cdn.jsdelivr.net/npm/level-selector/dist/level-selector.min.js
2026-09-16 15:08:04,963 [INFO] Capturing response: https://cdn.jsdelivr.net/npm/level-selector/dist/level-selector.min.js 200 
2026-09-16 15:08:04,968 [INFO] Capturing response: https://cdn.jsdelivr.net/npm/@clappr/player@0.11.16/dist/clappr.min.js 200 
2026-09-16 15:08:05,009 [INFO] Capturing response: https://cdn.jsdelivr.net/npm/@clappr/hlsjs-playback@1.8.3/dist/hlsjs-playback.min.js 200 
2026-09-16 15:08:05,208 [INFO] Capturing request: https://www.atomsportv514.top/favicon.ico
2026-09-16 15:08:05,303 [INFO] Capturing response: https://www.atomsportv514.top/favicon.ico 200 
2026-09-16 15:08:05,359 [INFO] Capturing request: https://teletv5.top/load/yayinlink.php?id=bein-sports-1
2026-09-16 15:08:05,757 [INFO] Capturing request: https://streamsport365.com/cinema
2026-09-16 15:08:05,824 [INFO] Capturing response: https://teletv5.top/load/yayinlink.php?id=bein-sports-1 200 
2026-09-16 15:08:06,058 [INFO] Capturing response: https://streamsport365.com/cinema 200 
2026-09-16 15:08:06,189 [INFO] Capturing request: https://www.atomsportv514.top/assets/img/player/player_logo_6a87a2e2eecc5.png
2026-09-16 15:08:06,325 [INFO] Capturing response: https://www.atomsportv514.top/assets/img/player/player_logo_6a87a2e2eecc5.png 200 
2026-09-16 15:08:06,392 [INFO] Capturing request: https://ladyboy.taylandpattaya.cfd//beintv/tracks-v1a1/mono.m3u8
2026-09-16 15:08:06,887 [INFO] Capturing response: https://ladyboy.taylandpattaya.cfd//beintv/tracks-v1a1/mono.m3u8 200 
2026-09-16 15:08:07,048 [INFO] Capturing request: https://android.clients.google.com/checkin
2026-09-16 15:08:07,179 [INFO] Capturing response: https://android.clients.google.com/checkin 200 
2026-09-16 15:08:07,181 [INFO] Capturing request: https://taylandpompa.taylandpattaya.cfd/beintv/tracks-v1a1/2026/09/16/15/07/42-06000.jpg
2026-09-16 15:08:07,231 [INFO] Capturing request: https://android.clients.google.com/c2dm/register3
2026-09-16 15:08:07,234 [INFO] Capturing request: https://android.clients.google.com/c2dm/register3
2026-09-16 15:08:07,235 [INFO] Capturing request: https://android.clients.google.com/c2dm/register3
2026-09-16 15:08:07,324 [INFO] Capturing response: https://android.clients.google.com/c2dm/register3 200 
2026-09-16 15:08:07,359 [INFO] Capturing response: https://android.clients.google.com/c2dm/register3 200 
2026-09-16 15:08:08,126 [INFO]   ✅ M3U8 bulundu: https://ladyboy.taylandpattaya.cfd//beintv/tracks-v1a1/mono.m3u8
2026-09-16 15:08:08,312 [INFO] Capturing response: https://android.clients.google.com/c2dm/register3 200 
2026-09-16 15:08:09,126 [INFO] 
[2/14]
2026-09-16 15:08:09,126 [INFO] 🔍 beIN Sports 2 → https://www.atomsportv514.top/matches?id=bein-sports-2
2026-09-16 15:08:09,130 [INFO] Capturing response: https://taylandpompa.taylandpattaya.cfd/beintv/tracks-v1a1/2026/09/16/15/07/42-06000.jpg 200 
2026-09-16 15:08:09,253 [INFO] Capturing request: https://www.atomsportv514.top/matches?id=bein-sports-2
2026-09-16 15:08:09,359 [INFO] Capturing request: https://taylandpompa.taylandpattaya.cfd/beintv/tracks-v1a1/2026/09/16/15/07/48-06000.jpg
2026-09-16 15:08:09,531 [INFO] Capturing response: https://www.atomsportv514.top/matches?id=bein-sports-2 200 
2026-09-16 15:08:09,583 [INFO] Capturing request: https://streamsport365.com/cinema
2026-09-16 15:08:09,682 [INFO] Capturing request: https://teletv5.top/load/yayinlink.php?id=bein-sports-2
2026-09-16 15:08:09,684 [INFO] Capturing request: https://www.atomsportv514.top/favicon.ico
2026-09-16 15:08:09,775 [INFO] Capturing response: https://www.atomsportv514.top/favicon.ico 200 
2026-09-16 15:08:09,886 [INFO] Capturing response: https://streamsport365.com/cinema 200 
2026-09-16 15:08:10,071 [INFO] Capturing response: https://teletv5.top/load/yayinlink.php?id=bein-sports-2 200 
2026-09-16 15:08:10,184 [INFO] Capturing request: https://www.atomsportv514.top/assets/img/player/player_logo_6a87a2e2eecc5.png
2026-09-16 15:08:10,194 [INFO] Capturing request: https://ladyboy.taylandpattaya.cfd//bein2/tracks-v1a1/mono.m3u8
2026-09-16 15:08:10,346 [INFO] Capturing response: https://www.atomsportv514.top/assets/img/player/player_logo_6a87a2e2eecc5.png 304 
2026-09-16 15:08:10,412 [INFO] Capturing response: https://ladyboy.taylandpattaya.cfd//bein2/tracks-v1a1/mono.m3u8 200 
2026-09-16 15:08:10,523 [INFO] Capturing request: https://taylandpompa.taylandpattaya.cfd/bein2/tracks-v1a1/2026/09/16/15/07/57-10000.jpg
2026-09-16 15:08:11,572 [INFO] Capturing response: https://taylandpompa.taylandpattaya.cfd/beintv/tracks-v1a1/2026/09/16/15/07/48-06000.jpg 200 
2026-09-16 15:08:12,604 [INFO]   ✅ M3U8 bulundu: https://ladyboy.taylandpattaya.cfd//bein2/tracks-v1a1/mono.m3u8
2026-09-16 15:08:13,335 [INFO] Capturing response: https://taylandpompa.taylandpattaya.cfd/bein2/tracks-v1a1/2026/09/16/15/07/57-10000.jpg 200 
2026-09-16 15:08:13,561 [INFO] Capturing request: https://taylandpompa.taylandpattaya.cfd/bein2/tracks-v1a1/2026/09/16/15/08/07-05040.jpg
2026-09-16 15:08:13,604 [INFO] 
[3/14]
2026-09-16 15:08:13,604 [INFO] 🔍 beIN Sports 3 → https://www.atomsportv514.top/matches?id=bein-sports-3
2026-09-16 15:08:13,716 [INFO] Capturing request: https://www.atomsportv514.top/matches?id=bein-sports-3
2026-09-16 15:08:13,999 [INFO] Capturing response: https://www.atomsportv514.top/matches?id=bein-sports-3 200 
2026-09-16 15:08:14,128 [INFO] Capturing request: https://teletv5.top/load/yayinlink.php?id=bein-sports-3
2026-09-16 15:08:14,130 [INFO] Capturing request: https://www.atomsportv514.top/favicon.ico
2026-09-16 15:08:14,219 [INFO] Capturing response: https://www.atomsportv514.top/favicon.ico 200 
2026-09-16 15:08:14,248 [INFO] Capturing request: https://streamsport365.com/cinema
2026-09-16 15:08:14,376 [INFO] Capturing response: https://teletv5.top/load/yayinlink.php?id=bein-sports-3 200 
2026-09-16 15:08:14,545 [INFO] Capturing response: https://streamsport365.com/cinema 200 
2026-09-16 15:08:14,656 [INFO] Capturing request: https://www.atomsportv514.top/assets/img/player/player_logo_6a87a2e2eecc5.png
2026-09-16 15:08:14,665 [INFO] Capturing request: https://ladyboy.taylandpattaya.cfd//bein3/tracks-v1a1/mono.m3u8
2026-09-16 15:08:14,749 [INFO] Capturing response: https://taylandpompa.taylandpattaya.cfd/bein2/tracks-v1a1/2026/09/16/15/08/07-05040.jpg 200 
2026-09-16 15:08:14,776 [INFO] 127.0.0.1:53468: ProtocolException("Error in HTTP connection: Http2ZombieException('Connection or stream already dead: 1789571294.7758281, False')")
2026-09-16 15:08:14,828 [INFO] Capturing response: https://www.atomsportv514.top/assets/img/player/player_logo_6a87a2e2eecc5.png 304 
2026-09-16 15:08:14,906 [INFO] Capturing response: https://ladyboy.taylandpattaya.cfd//bein3/tracks-v1a1/mono.m3u8 200 
2026-09-16 15:08:15,017 [INFO] Capturing request: https://taylandpompa.taylandpattaya.cfd/bein3/tracks-v1a1/2026/09/16/15/09/06-10000.jpg
2026-09-16 15:08:17,044 [INFO]   ✅ M3U8 bulundu: https://ladyboy.taylandpattaya.cfd//bein3/tracks-v1a1/mono.m3u8
2026-09-16 15:08:18,044 [INFO] 
[4/14]
2026-09-16 15:08:18,044 [INFO] 🔍 beIN Sports 4 → https://www.atomsportv514.top/matches?id=bein-sports-4
2026-09-16 15:08:18,151 [INFO] Capturing request: https://www.atomsportv514.top/matches?id=bein-sports-4
2026-09-16 15:08:18,465 [INFO] Capturing response: https://www.atomsportv514.top/matches?id=bein-sports-4 200 
2026-09-16 15:08:18,497 [INFO] Capturing request: https://streamsport365.com/cinema
2026-09-16 15:08:18,597 [INFO] Capturing request: https://www.atomsportv514.top/favicon.ico
2026-09-16 15:08:18,598 [INFO] Capturing request: https://teletv5.top/load/yayinlink.php?id=bein-sports-4
2026-09-16 15:08:18,684 [INFO] Capturing response: https://www.atomsportv514.top/favicon.ico 200 
2026-09-16 15:08:18,798 [INFO] Capturing response: https://streamsport365.com/cinema 200 
2026-09-16 15:08:18,837 [INFO] Capturing response: https://teletv5.top/load/yayinlink.php?id=bein-sports-4 200 
2026-09-16 15:08:18,989 [INFO] Capturing request: https://www.atomsportv514.top/assets/img/player/player_logo_6a87a2e2eecc5.png
2026-09-16 15:08:18,998 [INFO] Capturing request: https://ladyboy.taylandpattaya.cfd//bein4/tracks-v1a1/mono.m3u8
2026-09-16 15:08:19,064 [INFO] Capturing response: https://taylandpompa.taylandpattaya.cfd/bein3/tracks-v1a1/2026/09/16/15/09/06-10000.jpg 200 
2026-09-16 15:08:19,093 [INFO] 127.0.0.1:53468: ProtocolException("Error in HTTP connection: Http2ZombieException('Connection or stream already dead: 1789571299.0934525, False')")
2026-09-16 15:08:19,152 [INFO] Capturing response: https://www.atomsportv514.top/assets/img/player/player_logo_6a87a2e2eecc5.png 304 
2026-09-16 15:08:19,231 [INFO] Capturing response: https://ladyboy.taylandpattaya.cfd//bein4/tracks-v1a1/mono.m3u8 200 
2026-09-16 15:08:19,382 [INFO] Capturing request: https://taylandpompa.taylandpattaya.cfd/bein4/tracks-v1a1/2026/09/16/15/08/03-10000.jpg
2026-09-16 15:08:21,508 [INFO]   ✅ M3U8 bulundu: https://ladyboy.taylandpattaya.cfd//bein4/tracks-v1a1/mono.m3u8
2026-09-16 15:08:21,606 [INFO] Capturing response: https://taylandpompa.taylandpattaya.cfd/bein4/tracks-v1a1/2026/09/16/15/08/03-10000.jpg 200 
2026-09-16 15:08:21,808 [INFO] Capturing request: https://taylandpompa.taylandpattaya.cfd/bein4/tracks-v1a1/2026/09/16/15/08/13-10000.jpg
2026-09-16 15:08:22,509 [INFO] 
[5/14]
2026-09-16 15:08:22,509 [INFO] 🔍 beIN Sports 5 → https://www.atomsportv514.top/matches?id=bein-sports-5
2026-09-16 15:08:22,617 [INFO] Capturing request: https://www.atomsportv514.top/matches?id=bein-sports-5
2026-09-16 15:08:22,893 [INFO] Capturing response: https://www.atomsportv514.top/matches?id=bein-sports-5 200 
2026-09-16 15:08:23,021 [INFO] Capturing request: https://teletv5.top/load/yayinlink.php?id=bein-sports-5
2026-09-16 15:08:23,023 [INFO] Capturing request: https://www.atomsportv514.top/favicon.ico
2026-09-16 15:08:23,111 [INFO] Capturing response: https://www.atomsportv514.top/favicon.ico 200 
2026-09-16 15:08:23,142 [INFO] Capturing request: https://streamsport365.com/cinema
2026-09-16 15:08:23,252 [INFO] Capturing response: https://teletv5.top/load/yayinlink.php?id=bein-sports-5 200 
2026-09-16 15:08:23,434 [INFO] Capturing response: https://streamsport365.com/cinema 200 
2026-09-16 15:08:23,544 [INFO] Capturing request: https://www.atomsportv514.top/assets/img/player/player_logo_6a87a2e2eecc5.png
2026-09-16 15:08:23,556 [INFO] Capturing request: https://ladyboy.taylandpattaya.cfd//bein5/tracks-v1a1/mono.m3u8
2026-09-16 15:08:23,705 [INFO] Capturing response: https://www.atomsportv514.top/assets/img/player/player_logo_6a87a2e2eecc5.png 304 
2026-09-16 15:08:23,803 [INFO] Capturing response: https://ladyboy.taylandpattaya.cfd//bein5/tracks-v1a1/mono.m3u8 200 
2026-09-16 15:08:23,915 [INFO] Capturing request: https://taylandpompa.taylandpattaya.cfd/bein5/tracks-v1a1/2026/09/16/15/08/21-06071.jpg
2026-09-16 15:08:24,372 [INFO] Capturing response: https://taylandpompa.taylandpattaya.cfd/bein4/tracks-v1a1/2026/09/16/15/08/13-10000.jpg 200 
2026-09-16 15:08:24,433 [INFO] 127.0.0.1:53468: ProtocolException("Error in HTTP connection: Http2ZombieException('Connection or stream already dead: 1789571304.4326367, False')")
2026-09-16 15:08:24,816 [INFO] Capturing response: https://taylandpompa.taylandpattaya.cfd/bein5/tracks-v1a1/2026/09/16/15/08/21-06071.jpg 200 
2026-09-16 15:08:24,952 [INFO] Capturing request: https://taylandpompa.taylandpattaya.cfd/bein5/tracks-v1a1/2026/09/16/15/08/27-08214.jpg
2026-09-16 15:08:25,706 [INFO] Capturing response: https://taylandpompa.taylandpattaya.cfd/bein5/tracks-v1a1/2026/09/16/15/08/27-08214.jpg 200 
2026-09-16 15:08:25,876 [INFO] Capturing request: https://taylandpompa.taylandpattaya.cfd/bein5/tracks-v1a1/2026/09/16/15/08/35-08607.jpg
2026-09-16 15:08:25,938 [INFO]   ✅ M3U8 bulundu: https://ladyboy.taylandpattaya.cfd//bein5/tracks-v1a1/mono.m3u8
2026-09-16 15:08:26,789 [INFO] Capturing response: https://taylandpompa.taylandpattaya.cfd/bein5/tracks-v1a1/2026/09/16/15/08/35-08607.jpg 200 
2026-09-16 15:08:26,938 [INFO] 
[6/14]
2026-09-16 15:08:26,938 [INFO] 🔍 beIN Sports Max 1 → https://www.atomsportv514.top/matches?id=bein-sports-max-1
2026-09-16 15:08:26,967 [INFO] Capturing request: https://taylandpompa.taylandpattaya.cfd/bein5/tracks-v1a1/2026/09/16/15/08/44-12429.jpg
2026-09-16 15:08:27,046 [INFO] Capturing request: https://www.atomsportv514.top/matches?id=bein-sports-max-1
2026-09-16 15:08:27,323 [INFO] Capturing response: https://www.atomsportv514.top/matches?id=bein-sports-max-1 200 
2026-09-16 15:08:27,361 [INFO] Capturing request: https://streamsport365.com/cinema
2026-09-16 15:08:27,457 [INFO] Capturing request: https://teletv5.top/load/yayinlink.php?id=bein-sports-max-1
2026-09-16 15:08:27,462 [INFO] Capturing request: https://www.atomsportv514.top/favicon.ico
2026-09-16 15:08:27,539 [INFO] Capturing response: https://www.atomsportv514.top/favicon.ico 200 
2026-09-16 15:08:27,672 [INFO] Capturing response: https://streamsport365.com/cinema 200 
2026-09-16 15:08:27,861 [INFO] Capturing response: https://teletv5.top/load/yayinlink.php?id=bein-sports-max-1 200 
2026-09-16 15:08:28,016 [INFO] Capturing request: https://www.atomsportv514.top/assets/img/player/player_logo_6a87a2e2eecc5.png
2026-09-16 15:08:28,024 [INFO] Capturing request: https://ladyboy.taylandpattaya.cfd//beinmax1/tracks-v1a1/mono.m3u8
2026-09-16 15:08:28,060 [INFO] Capturing response: https://taylandpompa.taylandpattaya.cfd/bein5/tracks-v1a1/2026/09/16/15/08/44-12429.jpg 200 
2026-09-16 15:08:28,091 [INFO] 127.0.0.1:53468: ProtocolException("Error in HTTP connection: Http2ZombieException('Connection or stream already dead: 1789571308.0906732, False')")
2026-09-16 15:08:28,175 [INFO] Capturing response: https://www.atomsportv514.top/assets/img/player/player_logo_6a87a2e2eecc5.png 304 
2026-09-16 15:08:28,283 [INFO] Capturing response: https://ladyboy.taylandpattaya.cfd//beinmax1/tracks-v1a1/mono.m3u8 200 
2026-09-16 15:08:28,434 [INFO] Capturing request: https://taylandpompa.taylandpattaya.cfd/beinmax1/tracks-v1a1/2026/09/16/15/08/50-10000.jpg
2026-09-16 15:08:30,375 [INFO]   ✅ M3U8 bulundu: https://ladyboy.taylandpattaya.cfd//beinmax1/tracks-v1a1/mono.m3u8
2026-09-16 15:08:30,587 [INFO] Capturing request: https://android.clients.google.com/c2dm/register3
2026-09-16 15:08:30,683 [INFO] Capturing response: https://android.clients.google.com/c2dm/register3 301 
2026-09-16 15:08:31,375 [INFO] 
[7/14]
2026-09-16 15:08:31,375 [INFO] 🔍 beIN Sports Max 2 → https://www.atomsportv514.top/matches?id=bein-sports-max-2
2026-09-16 15:08:31,483 [INFO] Capturing request: https://www.atomsportv514.top/matches?id=bein-sports-max-2
2026-09-16 15:08:31,753 [INFO] Capturing response: https://www.atomsportv514.top/matches?id=bein-sports-max-2 200 
2026-09-16 15:08:31,878 [INFO] Capturing request: https://teletv5.top/load/yayinlink.php?id=bein-sports-max-2
2026-09-16 15:08:31,880 [INFO] Capturing request: https://www.atomsportv514.top/favicon.ico
2026-09-16 15:08:31,958 [INFO] Capturing response: https://www.atomsportv514.top/favicon.ico 200 
2026-09-16 15:08:31,998 [INFO] Capturing request: https://streamsport365.com/cinema
2026-09-16 15:08:32,101 [INFO] Capturing response: https://teletv5.top/load/yayinlink.php?id=bein-sports-max-2 200 
2026-09-16 15:08:32,289 [INFO] Capturing response: https://streamsport365.com/cinema 200 
2026-09-16 15:08:32,399 [INFO] Capturing request: https://www.atomsportv514.top/assets/img/player/player_logo_6a87a2e2eecc5.png
2026-09-16 15:08:32,408 [INFO] Capturing request: https://ladyboy.taylandpattaya.cfd//beinmax2/tracks-v1a1/mono.m3u8
2026-09-16 15:08:32,560 [INFO] Capturing response: https://www.atomsportv514.top/assets/img/player/player_logo_6a87a2e2eecc5.png 304 
2026-09-16 15:08:32,667 [INFO] Capturing response: https://ladyboy.taylandpattaya.cfd//beinmax2/tracks-v1a1/mono.m3u8 200 
2026-09-16 15:08:32,777 [INFO] Capturing request: https://taylandpompa.taylandpattaya.cfd/beinmax2/tracks-v1a1/2026/09/16/15/08/00-05360.jpg
2026-09-16 15:08:33,137 [INFO] Capturing request: https://android.clients.google.com/c2dm/register3
2026-09-16 15:08:33,720 [INFO] Capturing response: https://android.clients.google.com/c2dm/register3 200 
2026-09-16 15:08:33,916 [INFO] Capturing response: https://taylandpompa.taylandpattaya.cfd/beinmax1/tracks-v1a1/2026/09/16/15/08/50-10000.jpg 200 
2026-09-16 15:08:34,787 [INFO]   ✅ M3U8 bulundu: https://ladyboy.taylandpattaya.cfd//beinmax2/tracks-v1a1/mono.m3u8
2026-09-16 15:08:34,849 [INFO] Capturing response: https://taylandpompa.taylandpattaya.cfd/beinmax2/tracks-v1a1/2026/09/16/15/08/00-05360.jpg 200 
2026-09-16 15:08:35,010 [INFO] Capturing request: https://taylandpompa.taylandpattaya.cfd/beinmax2/tracks-v1a1/2026/09/16/15/08/05-07040.jpg
2026-09-16 15:08:35,787 [INFO] 
[8/14]
2026-09-16 15:08:35,788 [INFO] 🔍 S Sport → https://www.atomsportv514.top/matches?id=s-sport
2026-09-16 15:08:35,897 [INFO] Capturing request: https://www.atomsportv514.top/matches?id=s-sport
2026-09-16 15:08:36,349 [INFO] Capturing response: https://www.atomsportv514.top/matches?id=s-sport 200 
2026-09-16 15:08:36,373 [INFO] Capturing request: https://streamsport365.com/cinema
2026-09-16 15:08:36,473 [INFO] Capturing request: https://teletv5.top/load/yayinlink.php?id=s-sport
2026-09-16 15:08:36,479 [INFO] Capturing request: https://www.atomsportv514.top/favicon.ico
2026-09-16 15:08:36,563 [INFO] Capturing response: https://www.atomsportv514.top/favicon.ico 200 
2026-09-16 15:08:36,671 [INFO] Capturing response: https://streamsport365.com/cinema 200 
2026-09-16 15:08:36,702 [INFO] Capturing response: https://teletv5.top/load/yayinlink.php?id=s-sport 200 
2026-09-16 15:08:36,766 [INFO] Capturing response: https://taylandpompa.taylandpattaya.cfd/beinmax2/tracks-v1a1/2026/09/16/15/08/05-07040.jpg 200 
2026-09-16 15:08:36,794 [INFO] 127.0.0.1:53468: ProtocolException("Error in HTTP connection: Http2ZombieException('Connection or stream already dead: 1789571316.7929435, False')")
2026-09-16 15:08:36,854 [INFO] Capturing request: https://www.atomsportv514.top/assets/img/player/player_logo_6a87a2e2eecc5.png
2026-09-16 15:08:36,865 [INFO] Capturing request: https://ladyboy.taylandpattaya.cfd//s-sport/tracks-v1a1/mono.m3u8
2026-09-16 15:08:37,016 [INFO] Capturing response: https://www.atomsportv514.top/assets/img/player/player_logo_6a87a2e2eecc5.png 304 
2026-09-16 15:08:37,095 [INFO] Capturing response: https://ladyboy.taylandpattaya.cfd//s-sport/tracks-v1a1/mono.m3u8 200 
2026-09-16 15:08:37,246 [INFO] Capturing request: https://taylandpompa.taylandpattaya.cfd/s-sport/tracks-v1a1/2026/09/16/15/08/41-05000.jpg
2026-09-16 15:08:38,675 [INFO] Capturing response: https://taylandpompa.taylandpattaya.cfd/s-sport/tracks-v1a1/2026/09/16/15/08/41-05000.jpg 200 
2026-09-16 15:08:38,843 [INFO] Capturing request: https://taylandpompa.taylandpattaya.cfd/s-sport/tracks-v1a1/2026/09/16/15/08/46-05000.jpg
2026-09-16 15:08:39,391 [INFO]   ✅ M3U8 bulundu: https://ladyboy.taylandpattaya.cfd//s-sport/tracks-v1a1/mono.m3u8
2026-09-16 15:08:40,218 [INFO] Capturing response: https://taylandpompa.taylandpattaya.cfd/s-sport/tracks-v1a1/2026/09/16/15/08/46-05000.jpg 200 
2026-09-16 15:08:40,391 [INFO] 
[9/14]
2026-09-16 15:08:40,391 [INFO] 🔍 S Sport 2 → https://www.atomsportv514.top/matches?id=s-sport-2
2026-09-16 15:08:40,410 [INFO] Capturing request: https://taylandpompa.taylandpattaya.cfd/s-sport/tracks-v1a1/2026/09/16/15/08/51-05000.jpg
2026-09-16 15:08:40,499 [INFO] Capturing request: https://www.atomsportv514.top/matches?id=s-sport-2
2026-09-16 15:08:40,774 [INFO] Capturing response: https://www.atomsportv514.top/matches?id=s-sport-2 200 
2026-09-16 15:08:40,901 [INFO] Capturing request: https://teletv5.top/load/yayinlink.php?id=s-sport-2
2026-09-16 15:08:40,904 [INFO] Capturing request: https://www.atomsportv514.top/favicon.ico
2026-09-16 15:08:40,988 [INFO] Capturing response: https://www.atomsportv514.top/favicon.ico 200 
2026-09-16 15:08:41,024 [INFO] Capturing request: https://streamsport365.com/cinema
2026-09-16 15:08:41,127 [INFO] Capturing response: https://teletv5.top/load/yayinlink.php?id=s-sport-2 200 
2026-09-16 15:08:41,321 [INFO] Capturing response: https://streamsport365.com/cinema 200 
2026-09-16 15:08:41,432 [INFO] Capturing request: https://www.atomsportv514.top/assets/img/player/player_logo_6a87a2e2eecc5.png
2026-09-16 15:08:41,442 [INFO] Capturing request: https://ladyboy.taylandpattaya.cfd//s-sport2/tracks-v1a1/mono.m3u8
2026-09-16 15:08:41,596 [INFO] Capturing response: https://www.atomsportv514.top/assets/img/player/player_logo_6a87a2e2eecc5.png 304 
2026-09-16 15:08:41,705 [INFO] Capturing response: https://ladyboy.taylandpattaya.cfd//s-sport2/tracks-v1a1/mono.m3u8 200 
2026-09-16 15:08:41,816 [INFO] Capturing request: https://taylandpompa.taylandpattaya.cfd/s-sport2/tracks-v1a1/2026/09/16/15/09/19-06000.jpg
2026-09-16 15:08:42,060 [INFO] Capturing response: https://taylandpompa.taylandpattaya.cfd/s-sport/tracks-v1a1/2026/09/16/15/08/51-05000.jpg 200 
2026-09-16 15:08:43,814 [INFO]   ✅ M3U8 bulundu: https://ladyboy.taylandpattaya.cfd//s-sport2/tracks-v1a1/mono.m3u8
2026-09-16 15:08:44,005 [INFO] Capturing response: https://taylandpompa.taylandpattaya.cfd/s-sport2/tracks-v1a1/2026/09/16/15/09/19-06000.jpg 200 
2026-09-16 15:08:44,195 [INFO] Capturing request: https://taylandpompa.taylandpattaya.cfd/s-sport2/tracks-v1a1/2026/09/16/15/09/25-06000.jpg
2026-09-16 15:08:44,814 [INFO] 
[10/14]
2026-09-16 15:08:44,814 [INFO] 🔍 A Spor → https://www.atomsportv514.top/matches?id=a-spor
2026-09-16 15:08:44,922 [INFO] Capturing request: https://www.atomsportv514.top/matches?id=a-spor
2026-09-16 15:08:45,203 [INFO] Capturing response: https://www.atomsportv514.top/matches?id=a-spor 200 
2026-09-16 15:08:45,229 [INFO] Capturing request: https://streamsport365.com/cinema
2026-09-16 15:08:45,327 [INFO] Capturing request: https://teletv5.top/load/yayinlink.php?id=a-spor
2026-09-16 15:08:45,332 [INFO] Capturing request: https://www.atomsportv514.top/favicon.ico
2026-09-16 15:08:45,423 [INFO] Capturing response: https://www.atomsportv514.top/favicon.ico 200 
2026-09-16 15:08:45,530 [INFO] Capturing response: https://streamsport365.com/cinema 200 
2026-09-16 15:08:45,551 [INFO] Capturing response: https://teletv5.top/load/yayinlink.php?id=a-spor 200 
2026-09-16 15:08:45,703 [INFO] Capturing request: https://www.atomsportv514.top/assets/img/player/player_logo_6a87a2e2eecc5.png
2026-09-16 15:08:45,712 [INFO] Capturing request: https://ladyboy.taylandpattaya.cfd//aspor/tracks-v1a1/mono.m3u8
2026-09-16 15:08:45,868 [INFO] Capturing response: https://www.atomsportv514.top/assets/img/player/player_logo_6a87a2e2eecc5.png 304 
2026-09-16 15:08:45,960 [INFO] Capturing response: https://ladyboy.taylandpattaya.cfd//aspor/tracks-v1a1/mono.m3u8 200 
2026-09-16 15:08:46,079 [INFO] Capturing response: https://taylandpompa.taylandpattaya.cfd/s-sport2/tracks-v1a1/2026/09/16/15/09/25-06000.jpg 200 
2026-09-16 15:08:46,111 [INFO] Capturing request: https://taylandpompa.taylandpattaya.cfd/aspor/tracks-v1a1/2026/09/16/15/08/44-10000.jpg
2026-09-16 15:08:48,242 [INFO]   ✅ M3U8 bulundu: https://ladyboy.taylandpattaya.cfd//aspor/tracks-v1a1/mono.m3u8
2026-09-16 15:08:48,351 [INFO] Capturing response: https://taylandpompa.taylandpattaya.cfd/aspor/tracks-v1a1/2026/09/16/15/08/44-10000.jpg 200 
2026-09-16 15:08:48,584 [INFO] Capturing request: https://taylandpompa.taylandpattaya.cfd/aspor/tracks-v1a1/2026/09/16/15/08/54-10000.jpg
2026-09-16 15:08:49,242 [INFO] 
[11/14]
2026-09-16 15:08:49,243 [INFO] 🔍 Tivibu Spor 1 → https://www.atomsportv514.top/matches?id=tivibu-spor-1
2026-09-16 15:08:49,351 [INFO] Capturing request: https://www.atomsportv514.top/matches?id=tivibu-spor-1
2026-09-16 15:08:49,623 [INFO] Capturing response: https://www.atomsportv514.top/matches?id=tivibu-spor-1 200 
2026-09-16 15:08:49,749 [INFO] Capturing request: https://teletv5.top/load/yayinlink.php?id=tivibu-spor-1
2026-09-16 15:08:49,750 [INFO] Capturing request: https://www.atomsportv514.top/favicon.ico
2026-09-16 15:08:49,832 [INFO] Capturing response: https://www.atomsportv514.top/favicon.ico 200 
2026-09-16 15:08:49,869 [INFO] Capturing request: https://streamsport365.com/cinema
2026-09-16 15:08:49,985 [INFO] Capturing response: https://teletv5.top/load/yayinlink.php?id=tivibu-spor-1 200 
2026-09-16 15:08:50,169 [INFO] Capturing response: https://streamsport365.com/cinema 200 
2026-09-16 15:08:50,905 [INFO] Capturing response: https://taylandpompa.taylandpattaya.cfd/aspor/tracks-v1a1/2026/09/16/15/08/54-10000.jpg 200 
2026-09-16 15:09:03,372 [INFO] Capturing request: https://update.googleapis.com/service/update2/json?cup2key=ML-DSA-44-16:4dqUIdf14uFJMt88eeM89nAObwzfzajC8fFXUWSyF5M&cup2hreq=9cfc846d234800ba2703dbe95cb2f9d49ecac188c4add9bea878c2e764d0ef48
2026-09-16 15:09:03,494 [INFO] Capturing response: https://update.googleapis.com/service/update2/json?cup2key=ML-DSA-44-16:4dqUIdf14uFJMt88eeM89nAObwzfzajC8fFXUWSyF5M&cup2hreq=9cfc846d234800ba2703dbe95cb2f9d49ecac188c4add9bea878c2e764d0ef48 200 
2026-09-16 15:09:03,504 [INFO] Capturing request: http://edgedl.me.gvt1.com/edgedl/diffgen-puffin/gcmjkmgdlgnkkcocmoeiminaijmmjnii/fc1f961a8e1d6f22b29a01eb8f62d27d7f0f928ed1b230dfa8430cc20542c1bf
2026-09-16 15:09:03,567 [INFO] Capturing response: http://edgedl.me.gvt1.com/edgedl/diffgen-puffin/gcmjkmgdlgnkkcocmoeiminaijmmjnii/fc1f961a8e1d6f22b29a01eb8f62d27d7f0f928ed1b230dfa8430cc20542c1bf 200 OK
2026-09-16 15:09:03,594 [INFO] Capturing request: https://update.googleapis.com/service/update2/json
2026-09-16 15:09:03,669 [INFO] Capturing response: https://update.googleapis.com/service/update2/json 200 
2026-09-16 15:09:03,714 [INFO] Capturing request: http://edgedl.me.gvt1.com/edgedl/release2/chrome_component/mewwbgy43hijfkckagzq2w7w5e_10780/hfnkpimlhhgieaddgfemjhofmfblmnib_10780_all_advvinnc2kjf7luly55agftfq7va.crx3
2026-09-16 15:09:03,789 [INFO] Capturing response: http://edgedl.me.gvt1.com/edgedl/release2/chrome_component/mewwbgy43hijfkckagzq2w7w5e_10780/hfnkpimlhhgieaddgfemjhofmfblmnib_10780_all_advvinnc2kjf7luly55agftfq7va.crx3 200 OK
2026-09-16 15:09:03,816 [INFO] Capturing request: https://update.googleapis.com/service/update2/json
2026-09-16 15:09:03,862 [INFO] Capturing response: https://update.googleapis.com/service/update2/json 200 
2026-09-16 15:09:17,233 [INFO] Capturing request: https://android.clients.google.com/c2dm/register3
2026-09-16 15:09:17,323 [INFO] Capturing response: https://android.clients.google.com/c2dm/register3 301 
2026-09-16 15:09:22,900 [WARNING]   ❌ Tivibu Spor 1 için M3U8 bulunamadı
2026-09-16 15:09:23,900 [INFO] 
[12/14]
2026-09-16 15:09:23,900 [INFO] 🔍 Tivibu Spor 2 → https://www.atomsportv514.top/matches?id=tivibu-spor-2
2026-09-16 15:09:24,114 [INFO] Capturing request: https://www.atomsportv514.top/matches?id=tivibu-spor-2
2026-09-16 15:09:25,011 [INFO] Capturing response: https://www.atomsportv514.top/matches?id=tivibu-spor-2 200 
2026-09-16 15:09:25,176 [INFO] Capturing request: https://www.atomsportv514.top/favicon.ico
2026-09-16 15:09:25,281 [INFO] Capturing response: https://www.atomsportv514.top/favicon.ico 200 
2026-09-16 15:09:25,322 [INFO] Capturing request: https://teletv5.top/load/yayinlink.php?id=tivibu-spor-2
2026-09-16 15:09:25,664 [INFO] Capturing request: https://streamsport365.com/cinema
2026-09-16 15:09:25,866 [INFO] Capturing response: https://teletv5.top/load/yayinlink.php?id=tivibu-spor-2 200 
2026-09-16 15:09:25,954 [INFO] Capturing response: https://streamsport365.com/cinema 200 
2026-09-16 15:09:58,279 [WARNING]   ❌ Tivibu Spor 2 için M3U8 bulunamadı
2026-09-16 15:09:59,279 [INFO] 
[13/14]
2026-09-16 15:09:59,279 [INFO] 🔍 Tivibu Spor 3 → https://www.atomsportv514.top/matches?id=tivibu-spor-3
2026-09-16 15:09:59,388 [INFO] Capturing request: https://www.atomsportv514.top/matches?id=tivibu-spor-3
2026-09-16 15:09:59,815 [INFO] Capturing response: https://www.atomsportv514.top/matches?id=tivibu-spor-3 200 
2026-09-16 15:09:59,939 [INFO] Capturing request: https://teletv5.top/load/yayinlink.php?id=tivibu-spor-3
2026-09-16 15:09:59,943 [INFO] Capturing request: https://www.atomsportv514.top/favicon.ico
2026-09-16 15:10:00,041 [INFO] Capturing response: https://www.atomsportv514.top/favicon.ico 200 
2026-09-16 15:10:00,062 [INFO] Capturing request: https://streamsport365.com/cinema
2026-09-16 15:10:00,220 [INFO] Capturing response: https://teletv5.top/load/yayinlink.php?id=tivibu-spor-3 200 
2026-09-16 15:10:00,353 [INFO] Capturing response: https://streamsport365.com/cinema 200 
2026-09-16 15:10:33,047 [WARNING]   ❌ Tivibu Spor 3 için M3U8 bulunamadı
2026-09-16 15:10:34,048 [INFO] 
[14/14]
2026-09-16 15:10:34,048 [INFO] 🔍 Tivibu Spor 4 → https://www.atomsportv514.top/matches?id=tivibu-spor-4
2026-09-16 15:10:34,156 [INFO] Capturing request: https://www.atomsportv514.top/matches?id=tivibu-spor-4
2026-09-16 15:10:34,570 [INFO] Capturing response: https://www.atomsportv514.top/matches?id=tivibu-spor-4 200 
2026-09-16 15:10:34,700 [INFO] Capturing request: https://teletv5.top/load/yayinlink.php?id=tivibu-spor-4
2026-09-16 15:10:34,703 [INFO] Capturing request: https://www.atomsportv514.top/favicon.ico
2026-09-16 15:10:34,801 [INFO] Capturing response: https://www.atomsportv514.top/favicon.ico 200 
2026-09-16 15:10:34,824 [INFO] Capturing request: https://streamsport365.com/cinema
2026-09-16 15:10:35,065 [INFO] Capturing response: https://teletv5.top/load/yayinlink.php?id=tivibu-spor-4 200 
2026-09-16 15:10:35,126 [INFO] Capturing response: https://streamsport365.com/cinema 200 
2026-09-16 15:10:39,395 [INFO] Capturing request: https://android.clients.google.com/c2dm/register3
2026-09-16 15:10:39,506 [INFO] Capturing response: https://android.clients.google.com/c2dm/register3 429 
2026-09-16 15:11:07,811 [WARNING]   ❌ Tivibu Spor 4 için M3U8 bulunamadı
2026-09-16 15:11:08,871 [INFO] ✅ 10 kanal bulundu, playlist.m3u kaydedildi
