2026-08-12 10:36:08,633 [INFO] 🌐 BASE_URL: https://www.atomsportv512.top
2026-08-12 10:36:09,469 [INFO] Başlanıyor... 14 kanal taranacak
2026-08-12 10:36:09,469 [INFO] Using default request storage
2026-08-12 10:36:09,473 [INFO] Created proxy listening on 127.0.0.1:46295
2026-08-12 10:36:10,133 [INFO] Capturing request: http://clients2.google.com/time/1/current?cup2key=10:Fa_YKCyaxMk1F5zGIsiilZe2TH3WDzSpv9SSdKWKbCA&cup2hreq=e3b0c44298fc1c149afbf4c8996fb92427ae41e4649b934ca495991b7852b855
2026-08-12 10:36:10,195 [INFO] Capturing response: http://clients2.google.com/time/1/current?cup2key=10:Fa_YKCyaxMk1F5zGIsiilZe2TH3WDzSpv9SSdKWKbCA&cup2hreq=e3b0c44298fc1c149afbf4c8996fb92427ae41e4649b934ca495991b7852b855 200 OK
2026-08-12 10:36:10,345 [INFO] 
[1/14]
2026-08-12 10:36:10,345 [INFO] 🔍 beIN Sports 1 → https://www.atomsportv512.top/matches?id=bein-sports-1
2026-08-12 10:36:10,414 [INFO] Capturing request: https://accounts.google.com/ListAccounts?gpsia=1&source=ChromiumBrowser&json=standard&laf=b64bin
2026-08-12 10:36:10,416 [INFO] Capturing request: https://update.googleapis.com/service/update2/json?cup2key=16:O2ZrAFt8isSOcEokgdiBzEujFFuFwJ8UWlvwt6FsXx0&cup2hreq=a7162b34d59309e390fd87361b25596bb7e8d1e4e306581c33dc02b4173c5fc1
2026-08-12 10:36:10,518 [INFO] Capturing response: https://update.googleapis.com/service/update2/json?cup2key=16:O2ZrAFt8isSOcEokgdiBzEujFFuFwJ8UWlvwt6FsXx0&cup2hreq=a7162b34d59309e390fd87361b25596bb7e8d1e4e306581c33dc02b4173c5fc1 200 
2026-08-12 10:36:10,519 [INFO] Capturing request: https://www.google.com/async/folae?async=_fmt:pb&udm=50&client_locale=en-US&client_country=ZZ
2026-08-12 10:36:10,522 [INFO] Capturing response: https://accounts.google.com/ListAccounts?gpsia=1&source=ChromiumBrowser&json=standard&laf=b64bin 200 
2026-08-12 10:36:10,540 [INFO] Capturing request: https://www.atomsportv512.top/matches?id=bein-sports-1
2026-08-12 10:36:10,547 [INFO] Capturing response: https://www.google.com/async/folae?async=_fmt:pb&udm=50&client_locale=en-US&client_country=ZZ 200 
2026-08-12 10:36:10,565 [INFO] Capturing request: https://update.googleapis.com/service/update2/json?cup2key=16:G1HGmGuuQtrTtlUIYRO-etDuqSwJO1ApGM0Ip10dX1Y&cup2hreq=383f17cf45498f5384c6fe2c759934fc2be41b2815944525291da6a1e6e61bb5
2026-08-12 10:36:10,616 [INFO] Capturing response: https://update.googleapis.com/service/update2/json?cup2key=16:G1HGmGuuQtrTtlUIYRO-etDuqSwJO1ApGM0Ip10dX1Y&cup2hreq=383f17cf45498f5384c6fe2c759934fc2be41b2815944525291da6a1e6e61bb5 200 
2026-08-12 10:36:10,661 [INFO] Capturing request: https://update.googleapis.com/service/update2/json?cup2key=16:4MlspiQmvOP68-DlprbpgWOKR5iG2zGT6NgPbLXK_V4&cup2hreq=78e5bdc700b8b8df0b653a95e14900a7d474545506dcdd87f92683555759b165
2026-08-12 10:36:10,768 [INFO] Capturing request: https://www.google.com/async/folae?async=_fmt:pb&udm=50&client_locale=en-US&client_country=ZZ
2026-08-12 10:36:10,794 [INFO] Capturing response: https://www.google.com/async/folae?async=_fmt:pb&udm=50&client_locale=en-US&client_country=ZZ 200 
2026-08-12 10:36:10,811 [INFO] Capturing response: https://update.googleapis.com/service/update2/json?cup2key=16:4MlspiQmvOP68-DlprbpgWOKR5iG2zGT6NgPbLXK_V4&cup2hreq=78e5bdc700b8b8df0b653a95e14900a7d474545506dcdd87f92683555759b165 200 
2026-08-12 10:36:11,285 [INFO] Capturing response: https://www.atomsportv512.top/matches?id=bein-sports-1 200 
2026-08-12 10:36:11,497 [INFO] Capturing request: https://cdn.jsdelivr.net/npm/@clappr/player@0.11.16/dist/clappr.min.js
2026-08-12 10:36:11,508 [INFO] Capturing request: https://cdn.jsdelivr.net/npm/level-selector/dist/level-selector.min.js
2026-08-12 10:36:11,509 [INFO] Capturing request: https://cdn.jsdelivr.net/npm/@clappr/hlsjs-playback@1.8.3/dist/hlsjs-playback.min.js
2026-08-12 10:36:11,573 [INFO] Capturing response: https://cdn.jsdelivr.net/npm/@clappr/player@0.11.16/dist/clappr.min.js 200 
2026-08-12 10:36:11,605 [INFO] Capturing response: https://cdn.jsdelivr.net/npm/@clappr/hlsjs-playback@1.8.3/dist/hlsjs-playback.min.js 200 
2026-08-12 10:36:11,824 [INFO] Capturing response: https://cdn.jsdelivr.net/npm/level-selector/dist/level-selector.min.js 200 
2026-08-12 10:36:11,963 [INFO] Capturing request: https://www.atomsportv512.top/favicon.ico
2026-08-12 10:36:12,016 [INFO] Capturing response: https://www.atomsportv512.top/favicon.ico 200 
2026-08-12 10:36:12,021 [INFO] Capturing request: https://teletv5.top/load/yayinlink.php?id=bein-sports-1
2026-08-12 10:36:12,498 [INFO] Capturing response: https://teletv5.top/load/yayinlink.php?id=bein-sports-1 200 
2026-08-12 10:36:12,560 [INFO] Capturing request: https://streamsport365.com/cinema
2026-08-12 10:36:12,905 [INFO] Capturing response: https://streamsport365.com/cinema 200 
2026-08-12 10:36:13,038 [INFO] Capturing request: https://www.atomsportv512.top/assets/img/player/player_logo_6a72b29dbcd89.png
2026-08-12 10:36:13,088 [INFO] Capturing response: https://www.atomsportv512.top/assets/img/player/player_logo_6a72b29dbcd89.png 200 
2026-08-12 10:36:13,240 [INFO] Capturing request: https://corestream.siteyaptim.live//bein1/tracks-v1a1/mono.m3u8
2026-08-12 10:36:13,456 [INFO] Capturing response: https://corestream.siteyaptim.live//bein1/tracks-v1a1/mono.m3u8 200 
2026-08-12 10:36:13,687 [INFO] Capturing request: https://android.clients.google.com/checkin
2026-08-12 10:36:13,798 [INFO] Capturing request: https://global.siteyaptim.live/bein1/tracks-v1a1/2026/08/12/10/36/11-05200.jpg
2026-08-12 10:36:13,803 [INFO] Capturing response: https://android.clients.google.com/checkin 200 
2026-08-12 10:36:13,856 [INFO] Capturing request: https://android.clients.google.com/c2dm/register3
2026-08-12 10:36:13,858 [INFO] Capturing request: https://android.clients.google.com/c2dm/register3
2026-08-12 10:36:13,862 [INFO] Capturing request: https://android.clients.google.com/c2dm/register3
2026-08-12 10:36:13,943 [INFO] Capturing response: https://android.clients.google.com/c2dm/register3 200 
2026-08-12 10:36:13,947 [INFO] Capturing response: https://android.clients.google.com/c2dm/register3 200 
2026-08-12 10:36:13,950 [INFO] Capturing response: https://android.clients.google.com/c2dm/register3 200 
2026-08-12 10:36:14,569 [INFO] Capturing response: https://global.siteyaptim.live/bein1/tracks-v1a1/2026/08/12/10/36/11-05200.jpg 200 
2026-08-12 10:36:14,788 [INFO] Capturing request: https://global.siteyaptim.live/bein1/tracks-v1a1/2026/08/12/10/36/16-05200.jpg
2026-08-12 10:36:14,867 [INFO]   ✅ M3U8 bulundu: https://corestream.siteyaptim.live//bein1/tracks-v1a1/mono.m3u8
2026-08-12 10:36:15,497 [INFO] Capturing response: https://global.siteyaptim.live/bein1/tracks-v1a1/2026/08/12/10/36/16-05200.jpg 200 
2026-08-12 10:36:15,703 [INFO] Capturing request: https://global.siteyaptim.live/bein1/tracks-v1a1/2026/08/12/10/36/21-05200.jpg
2026-08-12 10:36:15,867 [INFO] 
[2/14]
2026-08-12 10:36:15,867 [INFO] 🔍 beIN Sports 2 → https://www.atomsportv512.top/matches?id=bein-sports-2
2026-08-12 10:36:15,978 [INFO] Capturing request: https://www.atomsportv512.top/matches?id=bein-sports-2
2026-08-12 10:36:16,276 [INFO] Capturing response: https://www.atomsportv512.top/matches?id=bein-sports-2 200 
2026-08-12 10:36:16,326 [INFO] Capturing request: https://streamsport365.com/cinema
2026-08-12 10:36:16,422 [INFO] Capturing request: https://teletv5.top/load/yayinlink.php?id=bein-sports-2
2026-08-12 10:36:16,429 [INFO] Capturing request: https://www.atomsportv512.top/favicon.ico
2026-08-12 10:36:16,438 [INFO] Capturing response: https://global.siteyaptim.live/bein1/tracks-v1a1/2026/08/12/10/36/21-05200.jpg 200 
2026-08-12 10:36:16,472 [INFO] Capturing response: https://www.atomsportv512.top/favicon.ico 200 
2026-08-12 10:36:16,677 [INFO] Capturing response: https://streamsport365.com/cinema 200 
2026-08-12 10:36:17,502 [INFO] Capturing response: https://teletv5.top/load/yayinlink.php?id=bein-sports-2 200 
2026-08-12 10:36:17,616 [INFO] Capturing request: https://www.atomsportv512.top/assets/img/player/player_logo_6a72b29dbcd89.png
2026-08-12 10:36:17,625 [INFO] Capturing request: https://corestream.siteyaptim.live//bein2/tracks-v1a1/mono.m3u8
2026-08-12 10:36:17,737 [INFO] Capturing response: https://www.atomsportv512.top/assets/img/player/player_logo_6a72b29dbcd89.png 304 
2026-08-12 10:36:17,810 [INFO] Capturing response: https://corestream.siteyaptim.live//bein2/tracks-v1a1/mono.m3u8 200 
2026-08-12 10:36:17,920 [INFO] Capturing request: https://global.siteyaptim.live/bein2/tracks-v1a1/2026/08/12/10/35/50-05440.jpg
2026-08-12 10:36:18,630 [INFO] Capturing response: https://global.siteyaptim.live/bein2/tracks-v1a1/2026/08/12/10/35/50-05440.jpg 200 
2026-08-12 10:36:18,845 [INFO] Capturing request: https://global.siteyaptim.live/bein2/tracks-v1a1/2026/08/12/10/35/56-08140.jpg
2026-08-12 10:36:19,342 [INFO]   ✅ M3U8 bulundu: https://corestream.siteyaptim.live//bein2/tracks-v1a1/mono.m3u8
2026-08-12 10:36:19,920 [INFO] Capturing response: https://global.siteyaptim.live/bein2/tracks-v1a1/2026/08/12/10/35/56-08140.jpg 200 
2026-08-12 10:36:20,168 [INFO] Capturing request: https://global.siteyaptim.live/bein2/tracks-v1a1/2026/08/12/10/36/04-07880.jpg
2026-08-12 10:36:20,342 [INFO] 
[3/14]
2026-08-12 10:36:20,402 [INFO] 🔍 beIN Sports 3 → https://www.atomsportv512.top/matches?id=bein-sports-3
2026-08-12 10:36:20,512 [INFO] Capturing request: https://www.atomsportv512.top/matches?id=bein-sports-3
2026-08-12 10:36:20,810 [INFO] Capturing response: https://www.atomsportv512.top/matches?id=bein-sports-3 200 
2026-08-12 10:36:20,942 [INFO] Capturing request: https://teletv5.top/load/yayinlink.php?id=bein-sports-3
2026-08-12 10:36:21,037 [INFO] Capturing request: https://www.atomsportv512.top/favicon.ico
2026-08-12 10:36:21,077 [INFO] Capturing response: https://www.atomsportv512.top/favicon.ico 200 
2026-08-12 10:36:21,155 [INFO] Capturing request: https://streamsport365.com/cinema
2026-08-12 10:36:21,266 [INFO] Capturing response: https://teletv5.top/load/yayinlink.php?id=bein-sports-3 200 
2026-08-12 10:36:21,396 [INFO] Capturing response: https://global.siteyaptim.live/bein2/tracks-v1a1/2026/08/12/10/36/04-07880.jpg 200 
2026-08-12 10:36:21,508 [INFO] Capturing response: https://streamsport365.com/cinema 200 
2026-08-12 10:36:21,618 [INFO] Capturing request: https://www.atomsportv512.top/assets/img/player/player_logo_6a72b29dbcd89.png
2026-08-12 10:36:21,628 [INFO] Capturing request: https://corestream.siteyaptim.live//bein3/tracks-v1a1/mono.m3u8
2026-08-12 10:36:21,740 [INFO] Capturing response: https://www.atomsportv512.top/assets/img/player/player_logo_6a72b29dbcd89.png 304 
2026-08-12 10:36:21,819 [INFO] Capturing response: https://corestream.siteyaptim.live//bein3/tracks-v1a1/mono.m3u8 200 
2026-08-12 10:36:21,930 [INFO] Capturing request: https://global.siteyaptim.live/bein3/tracks-v1a1/2026/08/12/10/36/12-05000.jpg
2026-08-12 10:36:22,490 [INFO] Capturing response: https://global.siteyaptim.live/bein3/tracks-v1a1/2026/08/12/10/36/12-05000.jpg 200 
2026-08-12 10:36:22,684 [INFO] Capturing request: https://global.siteyaptim.live/bein3/tracks-v1a1/2026/08/12/10/36/17-05000.jpg
2026-08-12 10:36:23,240 [INFO] Capturing response: https://global.siteyaptim.live/bein3/tracks-v1a1/2026/08/12/10/36/17-05000.jpg 200 
2026-08-12 10:36:23,434 [INFO] Capturing request: https://global.siteyaptim.live/bein3/tracks-v1a1/2026/08/12/10/36/22-05000.jpg
2026-08-12 10:36:23,862 [INFO]   ✅ M3U8 bulundu: https://corestream.siteyaptim.live//bein3/tracks-v1a1/mono.m3u8
2026-08-12 10:36:24,016 [INFO] Capturing response: https://global.siteyaptim.live/bein3/tracks-v1a1/2026/08/12/10/36/22-05000.jpg 200 
2026-08-12 10:36:24,862 [INFO] 
[4/14]
2026-08-12 10:36:24,862 [INFO] 🔍 beIN Sports 4 → https://www.atomsportv512.top/matches?id=bein-sports-4
2026-08-12 10:36:24,970 [INFO] Capturing request: https://www.atomsportv512.top/matches?id=bein-sports-4
2026-08-12 10:36:25,273 [INFO] Capturing response: https://www.atomsportv512.top/matches?id=bein-sports-4 200 
2026-08-12 10:36:25,306 [INFO] Capturing request: https://streamsport365.com/cinema
2026-08-12 10:36:25,406 [INFO] Capturing request: https://teletv5.top/load/yayinlink.php?id=bein-sports-4
2026-08-12 10:36:25,407 [INFO] Capturing request: https://www.atomsportv512.top/favicon.ico
2026-08-12 10:36:25,442 [INFO] Capturing response: https://www.atomsportv512.top/favicon.ico 200 
2026-08-12 10:36:25,656 [INFO] Capturing response: https://streamsport365.com/cinema 200 
2026-08-12 10:36:25,874 [INFO] Capturing response: https://teletv5.top/load/yayinlink.php?id=bein-sports-4 200 
2026-08-12 10:36:25,986 [INFO] Capturing request: https://www.atomsportv512.top/assets/img/player/player_logo_6a72b29dbcd89.png
2026-08-12 10:36:25,995 [INFO] Capturing request: https://corestream.siteyaptim.live//bein4/tracks-v1a1/mono.m3u8
2026-08-12 10:36:26,109 [INFO] Capturing response: https://www.atomsportv512.top/assets/img/player/player_logo_6a72b29dbcd89.png 304 
2026-08-12 10:36:26,211 [INFO] Capturing response: https://corestream.siteyaptim.live//bein4/tracks-v1a1/mono.m3u8 200 
2026-08-12 10:36:26,362 [INFO] Capturing request: https://global.siteyaptim.live/bein4/tracks-v1a1/2026/08/12/10/36/07-05000.jpg
2026-08-12 10:36:27,123 [INFO] Capturing response: https://global.siteyaptim.live/bein4/tracks-v1a1/2026/08/12/10/36/07-05000.jpg 200 
2026-08-12 10:36:27,292 [INFO] Capturing request: https://global.siteyaptim.live/bein4/tracks-v1a1/2026/08/12/10/36/12-05000.jpg
2026-08-12 10:36:27,872 [INFO] Capturing response: https://global.siteyaptim.live/bein4/tracks-v1a1/2026/08/12/10/36/12-05000.jpg 200 
2026-08-12 10:36:28,067 [INFO] Capturing request: https://global.siteyaptim.live/bein4/tracks-v1a1/2026/08/12/10/36/17-06800.jpg
2026-08-12 10:36:28,321 [INFO]   ✅ M3U8 bulundu: https://corestream.siteyaptim.live//bein4/tracks-v1a1/mono.m3u8
2026-08-12 10:36:28,848 [INFO] Capturing response: https://global.siteyaptim.live/bein4/tracks-v1a1/2026/08/12/10/36/17-06800.jpg 200 
2026-08-12 10:36:29,060 [INFO] Capturing request: https://global.siteyaptim.live/bein4/tracks-v1a1/2026/08/12/10/36/24-05000.jpg
2026-08-12 10:36:29,321 [INFO] 
[5/14]
2026-08-12 10:36:29,321 [INFO] 🔍 beIN Sports 5 → https://www.atomsportv512.top/matches?id=bein-sports-5
2026-08-12 10:36:29,429 [INFO] Capturing request: https://www.atomsportv512.top/matches?id=bein-sports-5
2026-08-12 10:36:29,592 [INFO] Capturing response: https://global.siteyaptim.live/bein4/tracks-v1a1/2026/08/12/10/36/24-05000.jpg 200 
2026-08-12 10:36:29,729 [INFO] Capturing response: https://www.atomsportv512.top/matches?id=bein-sports-5 200 
2026-08-12 10:36:29,854 [INFO] Capturing request: https://teletv5.top/load/yayinlink.php?id=bein-sports-5
2026-08-12 10:36:29,857 [INFO] Capturing request: https://www.atomsportv512.top/favicon.ico
2026-08-12 10:36:29,894 [INFO] Capturing response: https://www.atomsportv512.top/favicon.ico 200 
2026-08-12 10:36:30,004 [INFO] Capturing request: https://streamsport365.com/cinema
2026-08-12 10:36:30,088 [INFO] Capturing response: https://teletv5.top/load/yayinlink.php?id=bein-sports-5 200 
2026-08-12 10:36:30,357 [INFO] Capturing response: https://streamsport365.com/cinema 200 
2026-08-12 10:36:30,467 [INFO] Capturing request: https://www.atomsportv512.top/assets/img/player/player_logo_6a72b29dbcd89.png
2026-08-12 10:36:30,477 [INFO] Capturing request: https://corestream.siteyaptim.live//bein5/tracks-v1a1/mono.m3u8
2026-08-12 10:36:30,589 [INFO] Capturing response: https://www.atomsportv512.top/assets/img/player/player_logo_6a72b29dbcd89.png 304 
2026-08-12 10:36:30,673 [INFO] Capturing response: https://corestream.siteyaptim.live//bein5/tracks-v1a1/mono.m3u8 200 
2026-08-12 10:36:30,783 [INFO] Capturing request: https://global.siteyaptim.live/bein5/tracks-v1a1/2026/08/12/10/37/18-06000.jpg
2026-08-12 10:36:32,118 [INFO] Capturing response: https://global.siteyaptim.live/bein5/tracks-v1a1/2026/08/12/10/37/18-06000.jpg 200 
2026-08-12 10:36:32,411 [INFO] Capturing request: https://global.siteyaptim.live/bein5/tracks-v1a1/2026/08/12/10/37/24-06520.jpg
2026-08-12 10:36:32,771 [INFO]   ✅ M3U8 bulundu: https://corestream.siteyaptim.live//bein5/tracks-v1a1/mono.m3u8
2026-08-12 10:36:33,771 [INFO] 
[6/14]
2026-08-12 10:36:33,771 [INFO] 🔍 beIN Sports Max 1 → https://www.atomsportv512.top/matches?id=bein-sports-max-1
2026-08-12 10:36:33,881 [INFO] Capturing request: https://www.atomsportv512.top/matches?id=bein-sports-max-1
2026-08-12 10:36:34,180 [INFO] Capturing response: https://www.atomsportv512.top/matches?id=bein-sports-max-1 200 
2026-08-12 10:36:34,212 [INFO] Capturing request: https://streamsport365.com/cinema
2026-08-12 10:36:34,267 [INFO] Capturing response: https://global.siteyaptim.live/bein5/tracks-v1a1/2026/08/12/10/37/24-06520.jpg 200 
2026-08-12 10:36:34,296 [INFO] 127.0.0.1:58238: ProtocolException("Error in HTTP connection: Http2ZombieException('Connection or stream already dead: 1786530994.2946777, False')")
2026-08-12 10:36:34,311 [INFO] Capturing request: https://teletv5.top/load/yayinlink.php?id=bein-sports-max-1
2026-08-12 10:36:34,313 [INFO] Capturing request: https://www.atomsportv512.top/favicon.ico
2026-08-12 10:36:34,350 [INFO] Capturing response: https://www.atomsportv512.top/favicon.ico 200 
2026-08-12 10:36:34,543 [INFO] Capturing response: https://teletv5.top/load/yayinlink.php?id=bein-sports-max-1 200 
2026-08-12 10:36:34,581 [INFO] Capturing response: https://streamsport365.com/cinema 200 
2026-08-12 10:36:34,690 [INFO] Capturing request: https://www.atomsportv512.top/assets/img/player/player_logo_6a72b29dbcd89.png
2026-08-12 10:36:34,699 [INFO] Capturing request: https://corestream.siteyaptim.live//beinmax1/tracks-v1a1/mono.m3u8
2026-08-12 10:36:34,812 [INFO] Capturing response: https://www.atomsportv512.top/assets/img/player/player_logo_6a72b29dbcd89.png 304 
2026-08-12 10:36:34,901 [INFO] Capturing response: https://corestream.siteyaptim.live//beinmax1/tracks-v1a1/mono.m3u8 200 
2026-08-12 10:36:35,052 [INFO] Capturing request: https://global.siteyaptim.live/beinmax1/tracks-v1a1/2026/08/12/10/36/23-05000.jpg
2026-08-12 10:36:35,930 [INFO] Capturing response: https://global.siteyaptim.live/beinmax1/tracks-v1a1/2026/08/12/10/36/23-05000.jpg 200 
2026-08-12 10:36:36,122 [INFO] Capturing request: https://global.siteyaptim.live/beinmax1/tracks-v1a1/2026/08/12/10/36/28-05000.jpg
2026-08-12 10:36:37,002 [INFO] Capturing response: https://global.siteyaptim.live/beinmax1/tracks-v1a1/2026/08/12/10/36/28-05000.jpg 200 
2026-08-12 10:36:37,229 [INFO] Capturing request: https://global.siteyaptim.live/beinmax1/tracks-v1a1/2026/08/12/10/36/33-05000.jpg
2026-08-12 10:36:37,232 [INFO]   ✅ M3U8 bulundu: https://corestream.siteyaptim.live//beinmax1/tracks-v1a1/mono.m3u8
2026-08-12 10:36:38,098 [INFO] Capturing response: https://global.siteyaptim.live/beinmax1/tracks-v1a1/2026/08/12/10/36/33-05000.jpg 200 
2026-08-12 10:36:38,233 [INFO] 
[7/14]
2026-08-12 10:36:38,233 [INFO] 🔍 beIN Sports Max 2 → https://www.atomsportv512.top/matches?id=bein-sports-max-2
2026-08-12 10:36:38,341 [INFO] Capturing request: https://www.atomsportv512.top/matches?id=bein-sports-max-2
2026-08-12 10:36:38,650 [INFO] Capturing response: https://www.atomsportv512.top/matches?id=bein-sports-max-2 200 
2026-08-12 10:36:38,777 [INFO] Capturing request: https://teletv5.top/load/yayinlink.php?id=bein-sports-max-2
2026-08-12 10:36:38,779 [INFO] Capturing request: https://www.atomsportv512.top/favicon.ico
2026-08-12 10:36:38,815 [INFO] Capturing response: https://www.atomsportv512.top/favicon.ico 200 
2026-08-12 10:36:38,929 [INFO] Capturing request: https://streamsport365.com/cinema
2026-08-12 10:36:39,010 [INFO] Capturing response: https://teletv5.top/load/yayinlink.php?id=bein-sports-max-2 200 
2026-08-12 10:36:39,285 [INFO] Capturing response: https://streamsport365.com/cinema 200 
2026-08-12 10:36:39,395 [INFO] Capturing request: https://www.atomsportv512.top/assets/img/player/player_logo_6a72b29dbcd89.png
2026-08-12 10:36:39,404 [INFO] Capturing request: https://corestream.siteyaptim.live//hls/s-sport.m3u8
2026-08-12 10:36:39,517 [INFO] Capturing response: https://www.atomsportv512.top/assets/img/player/player_logo_6a72b29dbcd89.png 304 
2026-08-12 10:36:39,603 [INFO] Capturing response: https://corestream.siteyaptim.live//hls/s-sport.m3u8 404 
2026-08-12 10:36:40,247 [INFO] Capturing request: https://android.clients.google.com/c2dm/register3
2026-08-12 10:36:40,333 [INFO] Capturing response: https://android.clients.google.com/c2dm/register3 301 
2026-08-12 10:36:40,919 [INFO] Capturing request: https://android.clients.google.com/c2dm/register3
2026-08-12 10:36:40,927 [INFO] Capturing request: https://android.clients.google.com/c2dm/register3
2026-08-12 10:36:41,549 [INFO] Capturing response: https://android.clients.google.com/c2dm/register3 200 
2026-08-12 10:36:41,691 [INFO]   ✅ M3U8 bulundu: https://corestream.siteyaptim.live//hls/s-sport.m3u8
2026-08-12 10:36:41,727 [INFO] Capturing request: https://corestream.siteyaptim.live//hls/s-sport.m3u8
2026-08-12 10:36:41,729 [INFO] Capturing response: https://android.clients.google.com/c2dm/register3 200 
2026-08-12 10:36:41,908 [INFO] Capturing response: https://corestream.siteyaptim.live//hls/s-sport.m3u8 404 
2026-08-12 10:36:42,691 [INFO] 
[8/14]
2026-08-12 10:36:42,691 [INFO] 🔍 S Sport → https://www.atomsportv512.top/matches?id=s-sport
2026-08-12 10:36:42,799 [INFO] Capturing request: https://www.atomsportv512.top/matches?id=s-sport
2026-08-12 10:36:43,317 [INFO] Capturing response: https://www.atomsportv512.top/matches?id=s-sport 200 
2026-08-12 10:36:43,347 [INFO] Capturing request: https://streamsport365.com/cinema
2026-08-12 10:36:43,444 [INFO] Capturing request: https://teletv5.top/load/yayinlink.php?id=s-sport
2026-08-12 10:36:43,447 [INFO] Capturing request: https://www.atomsportv512.top/favicon.ico
2026-08-12 10:36:43,489 [INFO] Capturing response: https://www.atomsportv512.top/favicon.ico 200 
2026-08-12 10:36:43,676 [INFO] Capturing response: https://teletv5.top/load/yayinlink.php?id=s-sport 200 
2026-08-12 10:36:43,701 [INFO] Capturing response: https://streamsport365.com/cinema 200 
2026-08-12 10:36:43,810 [INFO] Capturing request: https://www.atomsportv512.top/assets/img/player/player_logo_6a72b29dbcd89.png
2026-08-12 10:36:43,819 [INFO] Capturing request: https://corestream.siteyaptim.live//s-sport/tracks-v1a1/mono.m3u8
2026-08-12 10:36:43,931 [INFO] Capturing response: https://www.atomsportv512.top/assets/img/player/player_logo_6a72b29dbcd89.png 304 
2026-08-12 10:36:44,017 [INFO] Capturing response: https://corestream.siteyaptim.live//s-sport/tracks-v1a1/mono.m3u8 200 
2026-08-12 10:36:44,127 [INFO] Capturing request: https://global.siteyaptim.live/s-sport/tracks-v1a1/2026/08/12/10/36/52-10000.jpg
2026-08-12 10:36:45,078 [INFO] Capturing response: https://global.siteyaptim.live/s-sport/tracks-v1a1/2026/08/12/10/36/52-10000.jpg 200 
2026-08-12 10:36:45,324 [INFO] Capturing request: https://global.siteyaptim.live/s-sport/tracks-v1a1/2026/08/12/10/37/02-10000.jpg
2026-08-12 10:36:46,280 [INFO] Capturing response: https://global.siteyaptim.live/s-sport/tracks-v1a1/2026/08/12/10/37/02-10000.jpg 200 
2026-08-12 10:36:46,361 [INFO]   ✅ M3U8 bulundu: https://corestream.siteyaptim.live//s-sport/tracks-v1a1/mono.m3u8
2026-08-12 10:36:46,517 [INFO] Capturing request: https://global.siteyaptim.live/s-sport/tracks-v1a1/2026/08/12/10/37/12-10000.jpg
2026-08-12 10:36:47,361 [INFO] 
[9/14]
2026-08-12 10:36:47,361 [INFO] 🔍 S Sport 2 → https://www.atomsportv512.top/matches?id=s-sport-2
2026-08-12 10:36:47,471 [INFO] Capturing request: https://www.atomsportv512.top/matches?id=s-sport-2
2026-08-12 10:36:47,676 [INFO] Capturing response: https://global.siteyaptim.live/s-sport/tracks-v1a1/2026/08/12/10/37/12-10000.jpg 200 
2026-08-12 10:36:47,770 [INFO] Capturing response: https://www.atomsportv512.top/matches?id=s-sport-2 200 
2026-08-12 10:36:47,901 [INFO] Capturing request: https://teletv5.top/load/yayinlink.php?id=s-sport-2
2026-08-12 10:36:47,902 [INFO] Capturing request: https://www.atomsportv512.top/favicon.ico
2026-08-12 10:36:47,941 [INFO] Capturing response: https://www.atomsportv512.top/favicon.ico 200 
2026-08-12 10:36:48,051 [INFO] Capturing request: https://streamsport365.com/cinema
2026-08-12 10:36:48,134 [INFO] Capturing response: https://teletv5.top/load/yayinlink.php?id=s-sport-2 200 
2026-08-12 10:36:48,400 [INFO] Capturing response: https://streamsport365.com/cinema 200 
2026-08-12 10:36:48,509 [INFO] Capturing request: https://www.atomsportv512.top/assets/img/player/player_logo_6a72b29dbcd89.png
2026-08-12 10:36:48,518 [INFO] Capturing request: https://corestream.siteyaptim.live//s-sport2/tracks-v1a1/mono.m3u8
2026-08-12 10:36:48,631 [INFO] Capturing response: https://www.atomsportv512.top/assets/img/player/player_logo_6a72b29dbcd89.png 304 
2026-08-12 10:36:48,716 [INFO] Capturing response: https://corestream.siteyaptim.live//s-sport2/tracks-v1a1/mono.m3u8 200 
2026-08-12 10:36:48,826 [INFO] Capturing request: https://global.siteyaptim.live/s-sport2/tracks-v1a1/2026/08/12/10/38/07-10000.jpg
2026-08-12 10:36:49,808 [INFO] Capturing response: https://global.siteyaptim.live/s-sport2/tracks-v1a1/2026/08/12/10/38/07-10000.jpg 200 
2026-08-12 10:36:50,019 [INFO] Capturing request: https://global.siteyaptim.live/s-sport2/tracks-v1a1/2026/08/12/10/38/17-10000.jpg
2026-08-12 10:36:50,817 [INFO]   ✅ M3U8 bulundu: https://corestream.siteyaptim.live//s-sport2/tracks-v1a1/mono.m3u8
2026-08-12 10:36:50,970 [INFO] Capturing response: https://global.siteyaptim.live/s-sport2/tracks-v1a1/2026/08/12/10/38/17-10000.jpg 200 
2026-08-12 10:36:51,206 [INFO] Capturing request: https://global.siteyaptim.live/s-sport2/tracks-v1a1/2026/08/12/10/38/27-10000.jpg
2026-08-12 10:36:51,818 [INFO] 
[10/14]
2026-08-12 10:36:51,818 [INFO] 🔍 A Spor → https://www.atomsportv512.top/matches?id=a-spor
2026-08-12 10:36:51,927 [INFO] Capturing request: https://www.atomsportv512.top/matches?id=a-spor
2026-08-12 10:36:52,181 [INFO] Capturing response: https://global.siteyaptim.live/s-sport2/tracks-v1a1/2026/08/12/10/38/27-10000.jpg 200 
2026-08-12 10:36:52,236 [INFO] Capturing response: https://www.atomsportv512.top/matches?id=a-spor 200 
2026-08-12 10:36:52,284 [INFO] Capturing request: https://streamsport365.com/cinema
2026-08-12 10:36:52,384 [INFO] Capturing request: https://teletv5.top/load/yayinlink.php?id=a-spor
2026-08-12 10:36:52,386 [INFO] Capturing request: https://www.atomsportv512.top/favicon.ico
2026-08-12 10:36:52,422 [INFO] Capturing response: https://www.atomsportv512.top/favicon.ico 200 
2026-08-12 10:36:52,615 [INFO] Capturing response: https://teletv5.top/load/yayinlink.php?id=a-spor 200 
2026-08-12 10:36:52,633 [INFO] Capturing response: https://streamsport365.com/cinema 200 
2026-08-12 10:36:52,742 [INFO] Capturing request: https://www.atomsportv512.top/assets/img/player/player_logo_6a72b29dbcd89.png
2026-08-12 10:36:52,751 [INFO] Capturing request: https://corestream.siteyaptim.live//aspor/tracks-v1a1/mono.m3u8
2026-08-12 10:36:52,865 [INFO] Capturing response: https://www.atomsportv512.top/assets/img/player/player_logo_6a72b29dbcd89.png 304 
2026-08-12 10:36:52,943 [INFO] Capturing response: https://corestream.siteyaptim.live//aspor/tracks-v1a1/mono.m3u8 200 
2026-08-12 10:36:53,093 [INFO] Capturing request: https://global.siteyaptim.live/aspor/tracks-v1a1/2026/08/12/10/37/27-10000.jpg
2026-08-12 10:36:54,325 [INFO] Capturing response: https://global.siteyaptim.live/aspor/tracks-v1a1/2026/08/12/10/37/27-10000.jpg 200 
2026-08-12 10:36:54,594 [INFO] Capturing request: https://global.siteyaptim.live/aspor/tracks-v1a1/2026/08/12/10/37/37-10000.jpg
2026-08-12 10:36:55,299 [INFO]   ✅ M3U8 bulundu: https://corestream.siteyaptim.live//aspor/tracks-v1a1/mono.m3u8
2026-08-12 10:36:55,857 [INFO] Capturing response: https://global.siteyaptim.live/aspor/tracks-v1a1/2026/08/12/10/37/37-10000.jpg 200 
2026-08-12 10:36:56,121 [INFO] Capturing request: https://global.siteyaptim.live/aspor/tracks-v1a1/2026/08/12/10/37/47-10000.jpg
2026-08-12 10:36:56,299 [INFO] 
[11/14]
2026-08-12 10:36:56,300 [INFO] 🔍 Tivibu Spor 1 → https://www.atomsportv512.top/matches?id=tivibu-spor-1
2026-08-12 10:36:56,409 [INFO] Capturing request: https://www.atomsportv512.top/matches?id=tivibu-spor-1
2026-08-12 10:36:56,712 [INFO] Capturing response: https://www.atomsportv512.top/matches?id=tivibu-spor-1 200 
2026-08-12 10:36:56,851 [INFO] Capturing request: https://teletv5.top/load/yayinlink.php?id=tivibu-spor-1
2026-08-12 10:36:56,859 [INFO] Capturing request: https://www.atomsportv512.top/favicon.ico
2026-08-12 10:36:56,899 [INFO] Capturing response: https://www.atomsportv512.top/favicon.ico 200 
2026-08-12 10:36:57,002 [INFO] Capturing request: https://streamsport365.com/cinema
2026-08-12 10:36:57,084 [INFO] Capturing response: https://teletv5.top/load/yayinlink.php?id=tivibu-spor-1 200 
2026-08-12 10:36:57,353 [INFO] Capturing response: https://streamsport365.com/cinema 200 
2026-08-12 10:36:57,624 [INFO] Capturing response: https://global.siteyaptim.live/aspor/tracks-v1a1/2026/08/12/10/37/47-10000.jpg 200 
2026-08-12 10:36:57,652 [INFO] 127.0.0.1:58238: ProtocolException("Error in HTTP connection: Http2ZombieException('Connection or stream already dead: 1786531017.6519148, False')")
2026-08-12 10:37:10,126 [INFO] Capturing request: https://update.googleapis.com/service/update2/json?cup2key=16:5TDdBbMJaYSWtUgfNVxupQMk7wqG-kPnh_05pbjxP0c&cup2hreq=1e3498cf6a4ccc8806a0d8956be58fb56e65fd9dc626c67bb22dba5d65290836
2026-08-12 10:37:10,196 [INFO] Capturing response: https://update.googleapis.com/service/update2/json?cup2key=16:5TDdBbMJaYSWtUgfNVxupQMk7wqG-kPnh_05pbjxP0c&cup2hreq=1e3498cf6a4ccc8806a0d8956be58fb56e65fd9dc626c67bb22dba5d65290836 200 
2026-08-12 10:37:10,202 [INFO] Capturing request: http://edgedl.me.gvt1.com/edgedl/diffgen-puffin/gcmjkmgdlgnkkcocmoeiminaijmmjnii/6ca5bdb9f3e2cd83b7e359729bc6c33c4fe975ec499861d969b3e080320849ff
2026-08-12 10:37:10,216 [INFO] Capturing response: http://edgedl.me.gvt1.com/edgedl/diffgen-puffin/gcmjkmgdlgnkkcocmoeiminaijmmjnii/6ca5bdb9f3e2cd83b7e359729bc6c33c4fe975ec499861d969b3e080320849ff 200 OK
2026-08-12 10:37:10,239 [INFO] Capturing request: https://update.googleapis.com/service/update2/json
2026-08-12 10:37:10,288 [INFO] Capturing response: https://update.googleapis.com/service/update2/json 200 
2026-08-12 10:37:10,331 [INFO] Capturing request: http://edgedl.me.gvt1.com/edgedl/release2/chrome_component/a3mj4b2rx6sistko7dbx4o7azi_10710/hfnkpimlhhgieaddgfemjhofmfblmnib_10710_all_adfdgf5an27xvsblk3gmmmtlwknq.crx3
2026-08-12 10:37:10,347 [INFO] Capturing response: http://edgedl.me.gvt1.com/edgedl/release2/chrome_component/a3mj4b2rx6sistko7dbx4o7azi_10710/hfnkpimlhhgieaddgfemjhofmfblmnib_10710_all_adfdgf5an27xvsblk3gmmmtlwknq.crx3 200 OK
2026-08-12 10:37:10,373 [INFO] Capturing request: https://update.googleapis.com/service/update2/json
2026-08-12 10:37:10,414 [INFO] Capturing response: https://update.googleapis.com/service/update2/json 200 
2026-08-12 10:37:29,983 [WARNING]   ❌ Tivibu Spor 1 için M3U8 bulunamadı
2026-08-12 10:37:30,984 [INFO] 
[12/14]
2026-08-12 10:37:30,984 [INFO] 🔍 Tivibu Spor 2 → https://www.atomsportv512.top/matches?id=tivibu-spor-2
2026-08-12 10:37:31,134 [INFO] Capturing request: https://www.atomsportv512.top/matches?id=tivibu-spor-2
2026-08-12 10:37:31,776 [INFO] Capturing response: https://www.atomsportv512.top/matches?id=tivibu-spor-2 200 
2026-08-12 10:37:31,939 [INFO] Capturing request: https://www.atomsportv512.top/favicon.ico
2026-08-12 10:37:31,979 [INFO] Capturing request: https://teletv5.top/load/yayinlink.php?id=tivibu-spor-2
2026-08-12 10:37:31,984 [INFO] Capturing response: https://www.atomsportv512.top/favicon.ico 200 
2026-08-12 10:37:32,215 [INFO] Capturing response: https://teletv5.top/load/yayinlink.php?id=tivibu-spor-2 200 
2026-08-12 10:37:32,542 [INFO] Capturing request: https://streamsport365.com/cinema
2026-08-12 10:37:32,892 [INFO] Capturing response: https://streamsport365.com/cinema 200 
2026-08-12 10:37:37,442 [INFO] Capturing request: https://android.clients.google.com/c2dm/register3
2026-08-12 10:37:37,518 [INFO] Capturing response: https://android.clients.google.com/c2dm/register3 301 
2026-08-12 10:38:05,034 [WARNING]   ❌ Tivibu Spor 2 için M3U8 bulunamadı
2026-08-12 10:38:06,200 [INFO] 
[13/14]
2026-08-12 10:38:06,200 [INFO] 🔍 Tivibu Spor 3 → https://www.atomsportv512.top/matches?id=tivibu-spor-3
2026-08-12 10:38:06,308 [INFO] Capturing request: https://www.atomsportv512.top/matches?id=tivibu-spor-3
2026-08-12 10:38:06,796 [INFO] Capturing response: https://www.atomsportv512.top/matches?id=tivibu-spor-3 200 
2026-08-12 10:38:06,926 [INFO] Capturing request: https://teletv5.top/load/yayinlink.php?id=tivibu-spor-3
2026-08-12 10:38:06,930 [INFO] Capturing request: https://www.atomsportv512.top/favicon.ico
2026-08-12 10:38:06,970 [INFO] Capturing response: https://www.atomsportv512.top/favicon.ico 200 
2026-08-12 10:38:07,081 [INFO] Capturing request: https://streamsport365.com/cinema
2026-08-12 10:38:07,160 [INFO] Capturing response: https://teletv5.top/load/yayinlink.php?id=tivibu-spor-3 200 
2026-08-12 10:38:07,443 [INFO] Capturing response: https://streamsport365.com/cinema 200 
2026-08-12 10:38:40,024 [WARNING]   ❌ Tivibu Spor 3 için M3U8 bulunamadı
2026-08-12 10:38:41,024 [INFO] 
[14/14]
2026-08-12 10:38:41,025 [INFO] 🔍 Tivibu Spor 4 → https://www.atomsportv512.top/matches?id=tivibu-spor-4
2026-08-12 10:38:41,133 [INFO] Capturing request: https://www.atomsportv512.top/matches?id=tivibu-spor-4
2026-08-12 10:38:41,634 [INFO] Capturing response: https://www.atomsportv512.top/matches?id=tivibu-spor-4 200 
2026-08-12 10:38:41,771 [INFO] Capturing request: https://teletv5.top/load/yayinlink.php?id=tivibu-spor-4
2026-08-12 10:38:41,773 [INFO] Capturing request: https://www.atomsportv512.top/favicon.ico
2026-08-12 10:38:41,811 [INFO] Capturing response: https://www.atomsportv512.top/favicon.ico 200 
2026-08-12 10:38:41,920 [INFO] Capturing request: https://streamsport365.com/cinema
2026-08-12 10:38:42,005 [INFO] Capturing response: https://teletv5.top/load/yayinlink.php?id=tivibu-spor-4 200 
2026-08-12 10:38:42,280 [INFO] Capturing response: https://streamsport365.com/cinema 200 
2026-08-12 10:39:14,860 [WARNING]   ❌ Tivibu Spor 4 için M3U8 bulunamadı
2026-08-12 10:39:15,918 [INFO] ✅ 10 kanal bulundu, playlist.m3u kaydedildi
