2026-08-25 16:38:40,686 [INFO] 🌐 BASE_URL: https://www.atomsportv513.top
2026-08-25 16:38:41,611 [INFO] Başlanıyor... 14 kanal taranacak
2026-08-25 16:38:41,611 [INFO] Using default request storage
2026-08-25 16:38:41,616 [INFO] Created proxy listening on 127.0.0.1:46115
2026-08-25 16:38:42,293 [INFO] Capturing request: http://clients2.google.com/time/1/current?cup2key=10:WJ038LKW0oh1JhCsE2DgN3gmiU886ZB2hzjMTlThjkg&cup2hreq=e3b0c44298fc1c149afbf4c8996fb92427ae41e4649b934ca495991b7852b855
2026-08-25 16:38:42,325 [INFO] Capturing response: http://clients2.google.com/time/1/current?cup2key=10:WJ038LKW0oh1JhCsE2DgN3gmiU886ZB2hzjMTlThjkg&cup2hreq=e3b0c44298fc1c149afbf4c8996fb92427ae41e4649b934ca495991b7852b855 200 OK
2026-08-25 16:38:42,589 [INFO] 
[1/14]
2026-08-25 16:38:42,589 [INFO] 🔍 beIN Sports 1 → https://www.atomsportv513.top/matches?id=bein-sports-1
2026-08-25 16:38:42,681 [INFO] Capturing request: https://accounts.google.com/ListAccounts?gpsia=1&source=ChromiumBrowser&json=standard&laf=b64bin
2026-08-25 16:38:42,684 [INFO] Capturing request: https://update.googleapis.com/service/update2/json?cup2key=16:6H2I3MWCsF7y4n5tKQx-8IHcJnxQ0GRtFPOhVO5y6X8&cup2hreq=2e3fb392b212e072f1bbfced05680c3247dcbac8fb77a42f916f269d5ef41987
2026-08-25 16:38:42,741 [INFO] Capturing response: https://update.googleapis.com/service/update2/json?cup2key=16:6H2I3MWCsF7y4n5tKQx-8IHcJnxQ0GRtFPOhVO5y6X8&cup2hreq=2e3fb392b212e072f1bbfced05680c3247dcbac8fb77a42f916f269d5ef41987 200 
2026-08-25 16:38:42,745 [INFO] Capturing response: https://accounts.google.com/ListAccounts?gpsia=1&source=ChromiumBrowser&json=standard&laf=b64bin 200 
2026-08-25 16:38:42,780 [INFO] Capturing request: https://www.google.com/async/folae?async=_fmt:pb&udm=50&client_locale=en-US&client_country=ZZ
2026-08-25 16:38:42,791 [INFO] Capturing request: https://update.googleapis.com/service/update2/json?cup2key=16:Lhlr6hILuNjof03E2DPIUtwABklJT1NlMRNhNlP0UE0&cup2hreq=7072fe2eb8dec1e3041ddc19bf863732fa1018ba7182395ed50f552e8c5f06de
2026-08-25 16:38:42,818 [INFO] Capturing response: https://www.google.com/async/folae?async=_fmt:pb&udm=50&client_locale=en-US&client_country=ZZ 200 
2026-08-25 16:38:42,827 [INFO] Capturing response: https://update.googleapis.com/service/update2/json?cup2key=16:Lhlr6hILuNjof03E2DPIUtwABklJT1NlMRNhNlP0UE0&cup2hreq=7072fe2eb8dec1e3041ddc19bf863732fa1018ba7182395ed50f552e8c5f06de 200 
2026-08-25 16:38:42,845 [INFO] Capturing request: https://www.atomsportv513.top/matches?id=bein-sports-1
2026-08-25 16:38:42,874 [INFO] Capturing request: https://update.googleapis.com/service/update2/json?cup2key=16:HQ5Xc54g2pwP-0UJWqTFz-W_ivq72zCmNUmFDe3zym0&cup2hreq=25da6460a664ad0162c127936ef0cd06ffb58f642db34e53cb1980db7b7c7e1d
2026-08-25 16:38:42,902 [INFO] Capturing response: https://update.googleapis.com/service/update2/json?cup2key=16:HQ5Xc54g2pwP-0UJWqTFz-W_ivq72zCmNUmFDe3zym0&cup2hreq=25da6460a664ad0162c127936ef0cd06ffb58f642db34e53cb1980db7b7c7e1d 200 
2026-08-25 16:38:42,995 [INFO] Capturing request: https://www.google.com/async/folae?async=_fmt:pb&udm=50&client_locale=en-US&client_country=ZZ
2026-08-25 16:38:43,045 [INFO] Capturing response: https://www.google.com/async/folae?async=_fmt:pb&udm=50&client_locale=en-US&client_country=ZZ 200 
2026-08-25 16:38:43,464 [INFO] Capturing response: https://www.atomsportv513.top/matches?id=bein-sports-1 200 
2026-08-25 16:38:43,680 [INFO] Capturing request: https://cdn.jsdelivr.net/npm/@clappr/player@0.11.16/dist/clappr.min.js
2026-08-25 16:38:43,681 [INFO] Capturing request: https://cdn.jsdelivr.net/npm/level-selector/dist/level-selector.min.js
2026-08-25 16:38:43,684 [INFO] Capturing request: https://cdn.jsdelivr.net/npm/@clappr/hlsjs-playback@1.8.3/dist/hlsjs-playback.min.js
2026-08-25 16:38:43,714 [INFO] Capturing response: https://cdn.jsdelivr.net/npm/level-selector/dist/level-selector.min.js 200 
2026-08-25 16:38:43,738 [INFO] Capturing response: https://cdn.jsdelivr.net/npm/@clappr/player@0.11.16/dist/clappr.min.js 200 
2026-08-25 16:38:43,747 [INFO] Capturing response: https://cdn.jsdelivr.net/npm/@clappr/hlsjs-playback@1.8.3/dist/hlsjs-playback.min.js 200 
2026-08-25 16:38:43,961 [INFO] Capturing request: https://www.atomsportv513.top/favicon.ico
2026-08-25 16:38:44,020 [INFO] Capturing response: https://www.atomsportv513.top/favicon.ico 200 
2026-08-25 16:38:44,274 [INFO] Capturing request: https://teletv5.top/load/yayinlink.php?id=bein-sports-1
2026-08-25 16:38:44,568 [INFO] Capturing request: https://streamsport365.com/cinema
2026-08-25 16:38:44,736 [INFO] Capturing response: https://teletv5.top/load/yayinlink.php?id=bein-sports-1 200 
2026-08-25 16:38:44,849 [INFO] Capturing response: https://streamsport365.com/cinema 200 
2026-08-25 16:38:44,980 [INFO] Capturing request: https://www.atomsportv513.top/assets/img/player/player_logo_6a87a2e2eecc5.png
2026-08-25 16:38:45,073 [INFO] Capturing response: https://www.atomsportv513.top/assets/img/player/player_logo_6a87a2e2eecc5.png 200 
2026-08-25 16:38:45,102 [INFO] Capturing request: https://corestream.siteyaptim.live//beintv/tracks-v1a1/mono.m3u8
2026-08-25 16:38:45,270 [INFO] Capturing response: https://corestream.siteyaptim.live//beintv/tracks-v1a1/mono.m3u8 200 
2026-08-25 16:38:45,533 [INFO] Capturing request: https://global.siteyaptim.live/beintv/tracks-v1a1/2026/08/25/16/38/25-05000.jpg
2026-08-25 16:38:45,885 [INFO] Capturing request: https://android.clients.google.com/checkin
2026-08-25 16:38:45,959 [INFO] Capturing response: https://android.clients.google.com/checkin 200 
2026-08-25 16:38:46,013 [INFO] Capturing request: https://android.clients.google.com/c2dm/register3
2026-08-25 16:38:46,017 [INFO] Capturing request: https://android.clients.google.com/c2dm/register3
2026-08-25 16:38:46,018 [INFO] Capturing request: https://android.clients.google.com/c2dm/register3
2026-08-25 16:38:46,046 [INFO] Capturing response: https://android.clients.google.com/c2dm/register3 429 
2026-08-25 16:38:46,065 [INFO] Capturing response: https://android.clients.google.com/c2dm/register3 200 
2026-08-25 16:38:46,092 [INFO] Capturing response: https://android.clients.google.com/c2dm/register3 200 
2026-08-25 16:38:46,694 [INFO] Capturing response: https://global.siteyaptim.live/beintv/tracks-v1a1/2026/08/25/16/38/25-05000.jpg 200 
2026-08-25 16:38:46,887 [INFO]   ✅ M3U8 bulundu: https://corestream.siteyaptim.live//beintv/tracks-v1a1/mono.m3u8
2026-08-25 16:38:46,945 [INFO] Capturing request: https://global.siteyaptim.live/beintv/tracks-v1a1/2026/08/25/16/38/30-05000.jpg
2026-08-25 16:38:47,887 [INFO] 
[2/14]
2026-08-25 16:38:47,888 [INFO] 🔍 beIN Sports 2 → https://www.atomsportv513.top/matches?id=bein-sports-2
2026-08-25 16:38:47,923 [INFO] Capturing response: https://global.siteyaptim.live/beintv/tracks-v1a1/2026/08/25/16/38/30-05000.jpg 200 
2026-08-25 16:38:48,004 [INFO] Capturing request: https://www.atomsportv513.top/matches?id=bein-sports-2
2026-08-25 16:38:48,107 [INFO] Capturing request: https://global.siteyaptim.live/beintv/tracks-v1a1/2026/08/25/16/38/35-05000.jpg
2026-08-25 16:38:48,219 [INFO] Capturing response: https://www.atomsportv513.top/matches?id=bein-sports-2 200 
2026-08-25 16:38:48,277 [INFO] Capturing request: https://streamsport365.com/cinema
2026-08-25 16:38:48,369 [INFO] Capturing request: https://teletv5.top/load/yayinlink.php?id=bein-sports-2
2026-08-25 16:38:48,379 [INFO] Capturing request: https://www.atomsportv513.top/favicon.ico
2026-08-25 16:38:48,428 [INFO] Capturing response: https://www.atomsportv513.top/favicon.ico 200 
2026-08-25 16:38:48,562 [INFO] Capturing response: https://streamsport365.com/cinema 200 
2026-08-25 16:38:48,574 [INFO] Capturing response: https://teletv5.top/load/yayinlink.php?id=bein-sports-2 200 
2026-08-25 16:38:48,688 [INFO] Capturing request: https://www.atomsportv513.top/assets/img/player/player_logo_6a87a2e2eecc5.png
2026-08-25 16:38:48,699 [INFO] Capturing request: https://corestream.siteyaptim.live//bein2/tracks-v1a1/mono.m3u8
2026-08-25 16:38:48,818 [INFO] Capturing response: https://www.atomsportv513.top/assets/img/player/player_logo_6a87a2e2eecc5.png 304 
2026-08-25 16:38:48,848 [INFO] Capturing response: https://corestream.siteyaptim.live//bein2/tracks-v1a1/mono.m3u8 200 
2026-08-25 16:38:48,959 [INFO] Capturing request: https://global.siteyaptim.live/bein2/tracks-v1a1/2026/08/25/16/38/20-05760.jpg
2026-08-25 16:38:49,255 [INFO] Capturing response: https://global.siteyaptim.live/beintv/tracks-v1a1/2026/08/25/16/38/35-05000.jpg 200 
2026-08-25 16:38:50,063 [INFO] Capturing response: https://global.siteyaptim.live/bein2/tracks-v1a1/2026/08/25/16/38/20-05760.jpg 200 
2026-08-25 16:38:50,293 [INFO] Capturing request: https://global.siteyaptim.live/bein2/tracks-v1a1/2026/08/25/16/38/25-05760.jpg
2026-08-25 16:38:51,293 [INFO]   ✅ M3U8 bulundu: https://corestream.siteyaptim.live//bein2/tracks-v1a1/mono.m3u8
2026-08-25 16:38:51,369 [INFO] Capturing response: https://global.siteyaptim.live/bein2/tracks-v1a1/2026/08/25/16/38/25-05760.jpg 200 
2026-08-25 16:38:51,585 [INFO] Capturing request: https://global.siteyaptim.live/bein2/tracks-v1a1/2026/08/25/16/38/31-05760.jpg
2026-08-25 16:38:52,293 [INFO] 
[3/14]
2026-08-25 16:38:52,294 [INFO] 🔍 beIN Sports 3 → https://www.atomsportv513.top/matches?id=bein-sports-3
2026-08-25 16:38:52,404 [INFO] Capturing request: https://www.atomsportv513.top/matches?id=bein-sports-3
2026-08-25 16:38:52,566 [INFO] Capturing response: https://global.siteyaptim.live/bein2/tracks-v1a1/2026/08/25/16/38/31-05760.jpg 200 
2026-08-25 16:38:52,611 [INFO] Capturing response: https://www.atomsportv513.top/matches?id=bein-sports-3 200 
2026-08-25 16:38:52,746 [INFO] Capturing request: https://teletv5.top/load/yayinlink.php?id=bein-sports-3
2026-08-25 16:38:52,749 [INFO] Capturing request: https://www.atomsportv513.top/favicon.ico
2026-08-25 16:38:52,799 [INFO] Capturing response: https://www.atomsportv513.top/favicon.ico 200 
2026-08-25 16:38:52,865 [INFO] Capturing request: https://streamsport365.com/cinema
2026-08-25 16:38:52,916 [INFO] Capturing response: https://teletv5.top/load/yayinlink.php?id=bein-sports-3 200 
2026-08-25 16:38:53,151 [INFO] Capturing response: https://streamsport365.com/cinema 200 
2026-08-25 16:38:53,262 [INFO] Capturing request: https://www.atomsportv513.top/assets/img/player/player_logo_6a87a2e2eecc5.png
2026-08-25 16:38:53,272 [INFO] Capturing request: https://corestream.siteyaptim.live//bein3/tracks-v1a1/mono.m3u8
2026-08-25 16:38:53,390 [INFO] Capturing response: https://www.atomsportv513.top/assets/img/player/player_logo_6a87a2e2eecc5.png 304 
2026-08-25 16:38:53,424 [INFO] Capturing response: https://corestream.siteyaptim.live//bein3/tracks-v1a1/mono.m3u8 200 
2026-08-25 16:38:53,534 [INFO] Capturing request: https://global.siteyaptim.live/bein3/tracks-v1a1/2026/08/25/16/38/25-05760.jpg
2026-08-25 16:38:54,529 [INFO] Capturing response: https://global.siteyaptim.live/bein3/tracks-v1a1/2026/08/25/16/38/25-05760.jpg 200 
2026-08-25 16:38:54,732 [INFO] Capturing request: https://global.siteyaptim.live/bein3/tracks-v1a1/2026/08/25/16/38/31-05760.jpg
2026-08-25 16:38:55,683 [INFO] Capturing response: https://global.siteyaptim.live/bein3/tracks-v1a1/2026/08/25/16/38/31-05760.jpg 200 
2026-08-25 16:38:55,700 [INFO]   ✅ M3U8 bulundu: https://corestream.siteyaptim.live//bein3/tracks-v1a1/mono.m3u8
2026-08-25 16:38:55,909 [INFO] Capturing request: https://global.siteyaptim.live/bein3/tracks-v1a1/2026/08/25/16/38/36-05760.jpg
2026-08-25 16:38:56,701 [INFO] 
[4/14]
2026-08-25 16:38:56,701 [INFO] 🔍 beIN Sports 4 → https://www.atomsportv513.top/matches?id=bein-sports-4
2026-08-25 16:38:56,813 [INFO] Capturing request: https://www.atomsportv513.top/matches?id=bein-sports-4
2026-08-25 16:38:56,961 [INFO] Capturing response: https://global.siteyaptim.live/bein3/tracks-v1a1/2026/08/25/16/38/36-05760.jpg 200 
2026-08-25 16:38:57,028 [INFO] Capturing response: https://www.atomsportv513.top/matches?id=bein-sports-4 200 
2026-08-25 16:38:57,060 [INFO] Capturing request: https://streamsport365.com/cinema
2026-08-25 16:38:57,160 [INFO] Capturing request: https://www.atomsportv513.top/favicon.ico
2026-08-25 16:38:57,161 [INFO] Capturing request: https://teletv5.top/load/yayinlink.php?id=bein-sports-4
2026-08-25 16:38:57,236 [INFO] Capturing response: https://www.atomsportv513.top/favicon.ico 200 
2026-08-25 16:38:57,335 [INFO] Capturing response: https://teletv5.top/load/yayinlink.php?id=bein-sports-4 200 
2026-08-25 16:38:57,340 [INFO] Capturing response: https://streamsport365.com/cinema 200 
2026-08-25 16:38:57,486 [INFO] Capturing request: https://www.atomsportv513.top/assets/img/player/player_logo_6a87a2e2eecc5.png
2026-08-25 16:38:57,496 [INFO] Capturing request: https://corestream.siteyaptim.live//bein4/tracks-v1a1/mono.m3u8
2026-08-25 16:38:57,621 [INFO] Capturing response: https://www.atomsportv513.top/assets/img/player/player_logo_6a87a2e2eecc5.png 304 
2026-08-25 16:38:57,659 [INFO] Capturing response: https://corestream.siteyaptim.live//bein4/tracks-v1a1/mono.m3u8 200 
2026-08-25 16:38:57,809 [INFO] Capturing request: https://global.siteyaptim.live/bein4/tracks-v1a1/2026/08/25/16/38/19-10000.jpg
2026-08-25 16:39:00,073 [INFO]   ✅ M3U8 bulundu: https://corestream.siteyaptim.live//bein4/tracks-v1a1/mono.m3u8
2026-08-25 16:39:00,781 [INFO] Capturing response: https://global.siteyaptim.live/bein4/tracks-v1a1/2026/08/25/16/38/19-10000.jpg 200 
2026-08-25 16:39:01,074 [INFO] 
[5/14]
2026-08-25 16:39:01,074 [INFO] 🔍 beIN Sports 5 → https://www.atomsportv513.top/matches?id=bein-sports-5
2026-08-25 16:39:01,166 [INFO] Capturing request: https://global.siteyaptim.live/bein4/tracks-v1a1/2026/08/25/16/38/29-10000.jpg
2026-08-25 16:39:01,197 [INFO] Capturing request: https://www.atomsportv513.top/matches?id=bein-sports-5
2026-08-25 16:39:01,480 [INFO] Capturing response: https://www.atomsportv513.top/matches?id=bein-sports-5 200 
2026-08-25 16:39:01,661 [INFO] Capturing request: https://teletv5.top/load/yayinlink.php?id=bein-sports-5
2026-08-25 16:39:01,662 [INFO] Capturing request: https://www.atomsportv513.top/favicon.ico
2026-08-25 16:39:01,718 [INFO] Capturing response: https://www.atomsportv513.top/favicon.ico 200 
2026-08-25 16:39:01,780 [INFO] Capturing request: https://streamsport365.com/cinema
2026-08-25 16:39:01,841 [INFO] Capturing response: https://teletv5.top/load/yayinlink.php?id=bein-sports-5 200 
2026-08-25 16:39:02,055 [INFO] Capturing response: https://streamsport365.com/cinema 200 
2026-08-25 16:39:02,168 [INFO] Capturing request: https://www.atomsportv513.top/assets/img/player/player_logo_6a87a2e2eecc5.png
2026-08-25 16:39:02,181 [INFO] Capturing request: https://corestream.siteyaptim.live//bein5/tracks-v1a1/mono.m3u8
2026-08-25 16:39:02,300 [INFO] Capturing response: https://www.atomsportv513.top/assets/img/player/player_logo_6a87a2e2eecc5.png 304 
2026-08-25 16:39:02,361 [INFO] Capturing response: https://corestream.siteyaptim.live//bein5/tracks-v1a1/mono.m3u8 200 
2026-08-25 16:39:02,473 [INFO] Capturing request: https://global.siteyaptim.live/bein5/tracks-v1a1/2026/08/25/16/38/36-05760.jpg
2026-08-25 16:39:04,353 [INFO] Capturing response: https://global.siteyaptim.live/bein5/tracks-v1a1/2026/08/25/16/38/36-05760.jpg 200 
2026-08-25 16:39:04,576 [INFO]   ✅ M3U8 bulundu: https://corestream.siteyaptim.live//bein5/tracks-v1a1/mono.m3u8
2026-08-25 16:39:04,598 [INFO] Capturing request: https://global.siteyaptim.live/bein5/tracks-v1a1/2026/08/25/16/38/42-05760.jpg
2026-08-25 16:39:04,888 [INFO] Capturing response: https://global.siteyaptim.live/bein4/tracks-v1a1/2026/08/25/16/38/29-10000.jpg 200 
2026-08-25 16:39:05,577 [INFO] 
[6/14]
2026-08-25 16:39:05,577 [INFO] 🔍 beIN Sports Max 1 → https://www.atomsportv513.top/matches?id=bein-sports-max-1
2026-08-25 16:39:05,687 [INFO] Capturing request: https://www.atomsportv513.top/matches?id=bein-sports-max-1
2026-08-25 16:39:05,755 [INFO] Capturing response: https://global.siteyaptim.live/bein5/tracks-v1a1/2026/08/25/16/38/42-05760.jpg 200 
2026-08-25 16:39:05,904 [INFO] Capturing response: https://www.atomsportv513.top/matches?id=bein-sports-max-1 200 
2026-08-25 16:39:05,938 [INFO] Capturing request: https://streamsport365.com/cinema
2026-08-25 16:39:05,976 [INFO] Capturing request: https://global.siteyaptim.live/bein5/tracks-v1a1/2026/08/25/16/38/48-05760.jpg
2026-08-25 16:39:06,036 [INFO] Capturing request: https://teletv5.top/load/yayinlink.php?id=bein-sports-max-1
2026-08-25 16:39:06,039 [INFO] Capturing request: https://www.atomsportv513.top/favicon.ico
2026-08-25 16:39:06,104 [INFO] Capturing response: https://www.atomsportv513.top/favicon.ico 200 
2026-08-25 16:39:06,213 [INFO] Capturing response: https://teletv5.top/load/yayinlink.php?id=bein-sports-max-1 200 
2026-08-25 16:39:06,218 [INFO] Capturing response: https://streamsport365.com/cinema 200 
2026-08-25 16:39:06,293 [INFO] Capturing request: https://android.clients.google.com/c2dm/register3
2026-08-25 16:39:06,847 [INFO] Capturing response: https://android.clients.google.com/c2dm/register3 200 
2026-08-25 16:39:06,943 [INFO] Capturing response: https://global.siteyaptim.live/bein5/tracks-v1a1/2026/08/25/16/38/48-05760.jpg 200 
2026-08-25 16:39:07,826 [INFO] Capturing request: https://android.clients.google.com/c2dm/register3
2026-08-25 16:39:08,352 [INFO] Capturing response: https://android.clients.google.com/c2dm/register3 200 
2026-08-25 16:39:39,238 [WARNING]   ❌ beIN Sports Max 1 için M3U8 bulunamadı
2026-08-25 16:39:40,239 [INFO] 
[7/14]
2026-08-25 16:39:40,239 [INFO] 🔍 beIN Sports Max 2 → https://www.atomsportv513.top/matches?id=bein-sports-max-2
2026-08-25 16:39:40,349 [INFO] Capturing request: https://www.atomsportv513.top/matches?id=bein-sports-max-2
2026-08-25 16:39:40,716 [INFO] Capturing response: https://www.atomsportv513.top/matches?id=bein-sports-max-2 200 
2026-08-25 16:39:40,851 [INFO] Capturing request: https://teletv5.top/load/yayinlink.php?id=bein-sports-max-2
2026-08-25 16:39:40,853 [INFO] Capturing request: https://www.atomsportv513.top/favicon.ico
2026-08-25 16:39:40,912 [INFO] Capturing response: https://www.atomsportv513.top/favicon.ico 200 
2026-08-25 16:39:40,963 [INFO] Capturing request: https://streamsport365.com/cinema
2026-08-25 16:39:41,037 [INFO] Capturing response: https://teletv5.top/load/yayinlink.php?id=bein-sports-max-2 200 
2026-08-25 16:39:41,249 [INFO] Capturing response: https://streamsport365.com/cinema 200 
2026-08-25 16:39:42,282 [INFO] Capturing request: https://update.googleapis.com/service/update2/json?cup2key=16:QBmw5XQX7uZ8rE1U0bj-AJGyG5nERLRTH0n3Cb3C7LI&cup2hreq=c3d947fdaed91a5450bd700cf4e42f49dffc135daa8b75d0920a94616fcff425
2026-08-25 16:39:42,311 [INFO] Capturing response: https://update.googleapis.com/service/update2/json?cup2key=16:QBmw5XQX7uZ8rE1U0bj-AJGyG5nERLRTH0n3Cb3C7LI&cup2hreq=c3d947fdaed91a5450bd700cf4e42f49dffc135daa8b75d0920a94616fcff425 200 
2026-08-25 16:39:42,318 [INFO] Capturing request: http://edgedl.me.gvt1.com/edgedl/diffgen-puffin/gcmjkmgdlgnkkcocmoeiminaijmmjnii/6ca5bdb9f3e2cd83b7e359729bc6c33c4fe975ec499861d969b3e080320849ff
2026-08-25 16:39:42,335 [INFO] Capturing response: http://edgedl.me.gvt1.com/edgedl/diffgen-puffin/gcmjkmgdlgnkkcocmoeiminaijmmjnii/6ca5bdb9f3e2cd83b7e359729bc6c33c4fe975ec499861d969b3e080320849ff 200 OK
2026-08-25 16:39:42,362 [INFO] Capturing request: https://update.googleapis.com/service/update2/json
2026-08-25 16:39:42,388 [INFO] Capturing response: https://update.googleapis.com/service/update2/json 200 
2026-08-25 16:39:42,433 [INFO] Capturing request: http://edgedl.me.gvt1.com/edgedl/release2/chrome_component/egviyvpj42qwjfff7i5nzq3fna_10735/hfnkpimlhhgieaddgfemjhofmfblmnib_10735_all_k2cfxfedm3gbpe7fhe3jfdpbtm.crx3
2026-08-25 16:39:42,449 [INFO] Capturing response: http://edgedl.me.gvt1.com/edgedl/release2/chrome_component/egviyvpj42qwjfff7i5nzq3fna_10735/hfnkpimlhhgieaddgfemjhofmfblmnib_10735_all_k2cfxfedm3gbpe7fhe3jfdpbtm.crx3 200 OK
2026-08-25 16:39:42,479 [INFO] Capturing request: https://update.googleapis.com/service/update2/json
2026-08-25 16:39:42,503 [INFO] Capturing response: https://update.googleapis.com/service/update2/json 200 
2026-08-25 16:40:14,034 [WARNING]   ❌ beIN Sports Max 2 için M3U8 bulunamadı
2026-08-25 16:40:15,035 [INFO] 
[8/14]
2026-08-25 16:40:15,035 [INFO] 🔍 S Sport → https://www.atomsportv513.top/matches?id=s-sport
2026-08-25 16:40:15,189 [INFO] Capturing request: https://www.atomsportv513.top/matches?id=s-sport
2026-08-25 16:40:15,668 [INFO] Capturing response: https://www.atomsportv513.top/matches?id=s-sport 200 
2026-08-25 16:40:15,832 [INFO] Capturing request: https://www.atomsportv513.top/favicon.ico
2026-08-25 16:40:15,872 [INFO] Capturing request: https://teletv5.top/load/yayinlink.php?id=s-sport
2026-08-25 16:40:15,892 [INFO] Capturing response: https://www.atomsportv513.top/favicon.ico 200 
2026-08-25 16:40:16,095 [INFO] Capturing response: https://teletv5.top/load/yayinlink.php?id=s-sport 200 
2026-08-25 16:40:16,376 [INFO] Capturing request: https://streamsport365.com/cinema
2026-08-25 16:40:16,660 [INFO] Capturing response: https://streamsport365.com/cinema 200 
2026-08-25 16:40:16,773 [INFO] Capturing request: https://www.atomsportv513.top/assets/img/player/player_logo_6a87a2e2eecc5.png
2026-08-25 16:40:16,822 [INFO] Capturing request: https://corestream.siteyaptim.live//s-sport/tracks-v1a1/mono.m3u8
2026-08-25 16:40:16,906 [INFO] Capturing response: https://www.atomsportv513.top/assets/img/player/player_logo_6a87a2e2eecc5.png 304 
2026-08-25 16:40:17,053 [INFO] Capturing response: https://corestream.siteyaptim.live//s-sport/tracks-v1a1/mono.m3u8 200 
2026-08-25 16:40:17,246 [INFO] Capturing request: https://global.siteyaptim.live/s-sport/tracks-v1a1/2026/08/25/16/41/24-10000.jpg
2026-08-25 16:40:17,647 [INFO] Capturing response: https://global.siteyaptim.live/s-sport/tracks-v1a1/2026/08/25/16/41/24-10000.jpg 200 
2026-08-25 16:40:17,905 [INFO] Capturing request: https://global.siteyaptim.live/s-sport/tracks-v1a1/2026/08/25/16/41/34-10000.jpg
2026-08-25 16:40:18,325 [INFO] Capturing response: https://global.siteyaptim.live/s-sport/tracks-v1a1/2026/08/25/16/41/34-10000.jpg 200 
2026-08-25 16:40:18,583 [INFO] Capturing request: https://global.siteyaptim.live/s-sport/tracks-v1a1/2026/08/25/16/41/44-10000.jpg
2026-08-25 16:40:18,749 [INFO]   ✅ M3U8 bulundu: https://corestream.siteyaptim.live//s-sport/tracks-v1a1/mono.m3u8
2026-08-25 16:40:19,020 [INFO] Capturing response: https://global.siteyaptim.live/s-sport/tracks-v1a1/2026/08/25/16/41/44-10000.jpg 200 
2026-08-25 16:40:19,749 [INFO] 
[9/14]
2026-08-25 16:40:19,749 [INFO] 🔍 S Sport 2 → https://www.atomsportv513.top/matches?id=s-sport-2
2026-08-25 16:40:19,862 [INFO] Capturing request: https://www.atomsportv513.top/matches?id=s-sport-2
2026-08-25 16:40:20,057 [INFO] Capturing response: https://www.atomsportv513.top/matches?id=s-sport-2 200 
2026-08-25 16:40:20,090 [INFO] Capturing request: https://streamsport365.com/cinema
2026-08-25 16:40:20,186 [INFO] Capturing request: https://teletv5.top/load/yayinlink.php?id=s-sport-2
2026-08-25 16:40:20,192 [INFO] Capturing request: https://www.atomsportv513.top/favicon.ico
2026-08-25 16:40:20,231 [INFO] Capturing response: https://www.atomsportv513.top/favicon.ico 200 
2026-08-25 16:40:20,360 [INFO] Capturing response: https://teletv5.top/load/yayinlink.php?id=s-sport-2 200 
2026-08-25 16:40:20,381 [INFO] Capturing response: https://streamsport365.com/cinema 200 
2026-08-25 16:40:20,493 [INFO] Capturing request: https://www.atomsportv513.top/assets/img/player/player_logo_6a87a2e2eecc5.png
2026-08-25 16:40:20,503 [INFO] Capturing request: https://corestream.siteyaptim.live//s-sport2/tracks-v1a1/mono.m3u8
2026-08-25 16:40:20,614 [INFO] Capturing response: https://www.atomsportv513.top/assets/img/player/player_logo_6a87a2e2eecc5.png 304 
2026-08-25 16:40:20,660 [INFO] Capturing response: https://corestream.siteyaptim.live//s-sport2/tracks-v1a1/mono.m3u8 200 
2026-08-25 16:40:20,771 [INFO] Capturing request: https://global.siteyaptim.live/s-sport2/tracks-v1a1/2026/08/25/16/40/24-10000.jpg
2026-08-25 16:40:21,186 [INFO] Capturing response: https://global.siteyaptim.live/s-sport2/tracks-v1a1/2026/08/25/16/40/24-10000.jpg 200 
2026-08-25 16:40:21,416 [INFO] Capturing request: https://global.siteyaptim.live/s-sport2/tracks-v1a1/2026/08/25/16/40/34-10000.jpg
2026-08-25 16:40:21,821 [INFO] Capturing response: https://global.siteyaptim.live/s-sport2/tracks-v1a1/2026/08/25/16/40/34-10000.jpg 200 
2026-08-25 16:40:22,063 [INFO] Capturing request: https://global.siteyaptim.live/s-sport2/tracks-v1a1/2026/08/25/16/40/44-10000.jpg
2026-08-25 16:40:22,458 [INFO] Capturing response: https://global.siteyaptim.live/s-sport2/tracks-v1a1/2026/08/25/16/40/44-10000.jpg 200 
2026-08-25 16:40:23,112 [INFO]   ✅ M3U8 bulundu: https://corestream.siteyaptim.live//s-sport2/tracks-v1a1/mono.m3u8
2026-08-25 16:40:24,113 [INFO] 
[10/14]
2026-08-25 16:40:24,113 [INFO] 🔍 A Spor → https://www.atomsportv513.top/matches?id=a-spor
2026-08-25 16:40:24,223 [INFO] Capturing request: https://www.atomsportv513.top/matches?id=a-spor
2026-08-25 16:40:24,411 [INFO] Capturing response: https://www.atomsportv513.top/matches?id=a-spor 200 
2026-08-25 16:40:24,544 [INFO] Capturing request: https://teletv5.top/load/yayinlink.php?id=a-spor
2026-08-25 16:40:24,547 [INFO] Capturing request: https://www.atomsportv513.top/favicon.ico
2026-08-25 16:40:24,592 [INFO] Capturing response: https://www.atomsportv513.top/favicon.ico 200 
2026-08-25 16:40:24,660 [INFO] Capturing request: https://streamsport365.com/cinema
2026-08-25 16:40:24,937 [INFO] Capturing response: https://streamsport365.com/cinema 200 
2026-08-25 16:40:25,283 [INFO] Capturing response: https://teletv5.top/load/yayinlink.php?id=a-spor 200 
2026-08-25 16:40:25,396 [INFO] Capturing request: https://www.atomsportv513.top/assets/img/player/player_logo_6a87a2e2eecc5.png
2026-08-25 16:40:25,413 [INFO] Capturing request: https://corestream.siteyaptim.live//aspor/tracks-v1a1/mono.m3u8
2026-08-25 16:40:25,521 [INFO] Capturing response: https://www.atomsportv513.top/assets/img/player/player_logo_6a87a2e2eecc5.png 304 
2026-08-25 16:40:25,567 [INFO] Capturing response: https://corestream.siteyaptim.live//aspor/tracks-v1a1/mono.m3u8 200 
2026-08-25 16:40:25,678 [INFO] Capturing request: https://global.siteyaptim.live/aspor/tracks-v1a1/2026/08/25/16/40/21-10000.jpg
2026-08-25 16:40:26,377 [INFO] Capturing response: https://global.siteyaptim.live/aspor/tracks-v1a1/2026/08/25/16/40/21-10000.jpg 200 
2026-08-25 16:40:26,683 [INFO] Capturing request: https://global.siteyaptim.live/aspor/tracks-v1a1/2026/08/25/16/40/31-10000.jpg
2026-08-25 16:40:27,225 [INFO] Capturing response: https://global.siteyaptim.live/aspor/tracks-v1a1/2026/08/25/16/40/31-10000.jpg 200 
2026-08-25 16:40:27,465 [INFO]   ✅ M3U8 bulundu: https://corestream.siteyaptim.live//aspor/tracks-v1a1/mono.m3u8
2026-08-25 16:40:27,535 [INFO] Capturing request: https://global.siteyaptim.live/aspor/tracks-v1a1/2026/08/25/16/40/41-10000.jpg
2026-08-25 16:40:28,092 [INFO] Capturing response: https://global.siteyaptim.live/aspor/tracks-v1a1/2026/08/25/16/40/41-10000.jpg 200 
2026-08-25 16:40:28,465 [INFO] 
[11/14]
2026-08-25 16:40:28,465 [INFO] 🔍 Tivibu Spor 1 → https://www.atomsportv513.top/matches?id=tivibu-spor-1
2026-08-25 16:40:28,577 [INFO] Capturing request: https://www.atomsportv513.top/matches?id=tivibu-spor-1
2026-08-25 16:40:28,772 [INFO] Capturing response: https://www.atomsportv513.top/matches?id=tivibu-spor-1 200 
2026-08-25 16:40:28,810 [INFO] Capturing request: https://streamsport365.com/cinema
2026-08-25 16:40:28,907 [INFO] Capturing request: https://teletv5.top/load/yayinlink.php?id=tivibu-spor-1
2026-08-25 16:40:28,910 [INFO] Capturing request: https://www.atomsportv513.top/favicon.ico
2026-08-25 16:40:28,947 [INFO] Capturing response: https://www.atomsportv513.top/favicon.ico 200 
2026-08-25 16:40:29,082 [INFO] Capturing response: https://teletv5.top/load/yayinlink.php?id=tivibu-spor-1 200 
2026-08-25 16:40:29,100 [INFO] Capturing response: https://streamsport365.com/cinema 200 
2026-08-25 16:41:02,076 [WARNING]   ❌ Tivibu Spor 1 için M3U8 bulunamadı
2026-08-25 16:41:03,076 [INFO] 
[12/14]
2026-08-25 16:41:03,077 [INFO] 🔍 Tivibu Spor 2 → https://www.atomsportv513.top/matches?id=tivibu-spor-2
2026-08-25 16:41:03,187 [INFO] Capturing request: https://www.atomsportv513.top/matches?id=tivibu-spor-2
2026-08-25 16:41:03,529 [INFO] Capturing response: https://www.atomsportv513.top/matches?id=tivibu-spor-2 200 
2026-08-25 16:41:03,670 [INFO] Capturing request: https://teletv5.top/load/yayinlink.php?id=tivibu-spor-2
2026-08-25 16:41:03,673 [INFO] Capturing request: https://www.atomsportv513.top/favicon.ico
2026-08-25 16:41:03,699 [INFO] Capturing response: https://teletv5.top/load/yayinlink.php?id=tivibu-spor-2 200 
2026-08-25 16:41:03,714 [INFO] Capturing response: https://www.atomsportv513.top/favicon.ico 200 
2026-08-25 16:41:03,785 [INFO] Capturing request: https://streamsport365.com/cinema
2026-08-25 16:41:04,062 [INFO] Capturing response: https://streamsport365.com/cinema 200 
2026-08-25 16:41:36,836 [WARNING]   ❌ Tivibu Spor 2 için M3U8 bulunamadı
2026-08-25 16:41:37,836 [INFO] 
[13/14]
2026-08-25 16:41:37,837 [INFO] 🔍 Tivibu Spor 3 → https://www.atomsportv513.top/matches?id=tivibu-spor-3
2026-08-25 16:41:37,945 [INFO] Capturing request: https://www.atomsportv513.top/matches?id=tivibu-spor-3
2026-08-25 16:41:38,286 [INFO] Capturing response: https://www.atomsportv513.top/matches?id=tivibu-spor-3 200 
2026-08-25 16:41:38,430 [INFO] Capturing request: https://teletv5.top/load/yayinlink.php?id=tivibu-spor-3
2026-08-25 16:41:38,433 [INFO] Capturing request: https://www.atomsportv513.top/favicon.ico
2026-08-25 16:41:38,455 [INFO] Capturing response: https://teletv5.top/load/yayinlink.php?id=tivibu-spor-3 200 
2026-08-25 16:41:38,475 [INFO] Capturing response: https://www.atomsportv513.top/favicon.ico 200 
2026-08-25 16:41:38,545 [INFO] Capturing request: https://streamsport365.com/cinema
2026-08-25 16:41:38,829 [INFO] Capturing response: https://streamsport365.com/cinema 200 
2026-08-25 16:42:11,601 [WARNING]   ❌ Tivibu Spor 3 için M3U8 bulunamadı
2026-08-25 16:42:12,601 [INFO] 
[14/14]
2026-08-25 16:42:12,602 [INFO] 🔍 Tivibu Spor 4 → https://www.atomsportv513.top/matches?id=tivibu-spor-4
2026-08-25 16:42:12,710 [INFO] Capturing request: https://www.atomsportv513.top/matches?id=tivibu-spor-4
2026-08-25 16:42:13,061 [INFO] Capturing response: https://www.atomsportv513.top/matches?id=tivibu-spor-4 200 
2026-08-25 16:42:13,195 [INFO] Capturing request: https://teletv5.top/load/yayinlink.php?id=tivibu-spor-4
2026-08-25 16:42:13,201 [INFO] Capturing request: https://www.atomsportv513.top/favicon.ico
2026-08-25 16:42:13,251 [INFO] Capturing response: https://www.atomsportv513.top/favicon.ico 200 
2026-08-25 16:42:13,310 [INFO] Capturing request: https://streamsport365.com/cinema
2026-08-25 16:42:13,507 [INFO] Capturing response: https://teletv5.top/load/yayinlink.php?id=tivibu-spor-4 200 
2026-08-25 16:42:13,582 [INFO] Capturing response: https://streamsport365.com/cinema 200 
2026-08-25 16:42:46,391 [WARNING]   ❌ Tivibu Spor 4 için M3U8 bulunamadı
2026-08-25 16:42:47,459 [INFO] ✅ 8 kanal bulundu, playlist.m3u kaydedildi
