2026-09-05 18:50:00,811 [INFO] 🌐 BASE_URL: https://www.atomsportv514.top
2026-09-05 18:50:01,754 [INFO] Başlanıyor... 14 kanal taranacak
2026-09-05 18:50:01,754 [INFO] Using default request storage
2026-09-05 18:50:01,759 [INFO] Created proxy listening on 127.0.0.1:42813
2026-09-05 18:50:02,449 [INFO] Capturing request: http://clients2.google.com/time/1/current?cup2key=10:VYKSMVfYUgRzP8jD_9QAasppgA-G_QRkpGlEO9g2kGU&cup2hreq=e3b0c44298fc1c149afbf4c8996fb92427ae41e4649b934ca495991b7852b855
2026-09-05 18:50:02,485 [INFO] Capturing response: http://clients2.google.com/time/1/current?cup2key=10:VYKSMVfYUgRzP8jD_9QAasppgA-G_QRkpGlEO9g2kGU&cup2hreq=e3b0c44298fc1c149afbf4c8996fb92427ae41e4649b934ca495991b7852b855 200 OK
2026-09-05 18:50:02,791 [INFO] 
[1/14]
2026-09-05 18:50:02,801 [INFO] 🔍 beIN Sports 1 → https://www.atomsportv514.top/matches?id=bein-sports-1
2026-09-05 18:50:02,870 [INFO] Capturing request: https://update.googleapis.com/service/update2/json?cup2key=16:uAOQh0HGYnKGyTB8CDU_jjCbbfxPhzctC4RFAsQXniY&cup2hreq=b3bf739b5d321125b29d8f9eda75c2122ceb79353ee25532d2451bac559c5194
2026-09-05 18:50:02,873 [INFO] Capturing request: https://accounts.google.com/ListAccounts?gpsia=1&source=ChromiumBrowser&json=standard&laf=b64bin
2026-09-05 18:50:02,940 [INFO] Capturing response: https://update.googleapis.com/service/update2/json?cup2key=16:uAOQh0HGYnKGyTB8CDU_jjCbbfxPhzctC4RFAsQXniY&cup2hreq=b3bf739b5d321125b29d8f9eda75c2122ceb79353ee25532d2451bac559c5194 200 
2026-09-05 18:50:02,947 [INFO] Capturing response: https://accounts.google.com/ListAccounts?gpsia=1&source=ChromiumBrowser&json=standard&laf=b64bin 200 
2026-09-05 18:50:02,962 [INFO] Capturing request: https://www.google.com/async/folae?async=_fmt:pb&udm=50&client_locale=en-US&client_country=ZZ
2026-09-05 18:50:02,983 [INFO] Capturing response: https://www.google.com/async/folae?async=_fmt:pb&udm=50&client_locale=en-US&client_country=ZZ 200 
2026-09-05 18:50:02,990 [INFO] Capturing request: https://update.googleapis.com/service/update2/json?cup2key=16:PntmOQsYCcj5X3x3hcszkZ5_h4sWdgS0dMTmcy8sPso&cup2hreq=ca6d77b347296b3589b0c25c796172c8f2049b88f5e36765677dbbd06ca3d730
2026-09-05 18:50:03,017 [INFO] Capturing response: https://update.googleapis.com/service/update2/json?cup2key=16:PntmOQsYCcj5X3x3hcszkZ5_h4sWdgS0dMTmcy8sPso&cup2hreq=ca6d77b347296b3589b0c25c796172c8f2049b88f5e36765677dbbd06ca3d730 200 
2026-09-05 18:50:03,046 [INFO] Capturing request: https://www.atomsportv514.top/matches?id=bein-sports-1
2026-09-05 18:50:03,064 [INFO] Capturing request: https://update.googleapis.com/service/update2/json?cup2key=16:pU3-UQzrYnVYp-oCIO_kwUE-9gKD6UY1AsJy5cAVwBY&cup2hreq=9245b2f481d435617a8001a7cd123f69346ca6072f8ef2f3bee02c26d9f0ff4e
2026-09-05 18:50:03,090 [INFO] Capturing response: https://update.googleapis.com/service/update2/json?cup2key=16:pU3-UQzrYnVYp-oCIO_kwUE-9gKD6UY1AsJy5cAVwBY&cup2hreq=9245b2f481d435617a8001a7cd123f69346ca6072f8ef2f3bee02c26d9f0ff4e 200 
2026-09-05 18:50:03,195 [INFO] Capturing request: https://www.google.com/async/folae?async=_fmt:pb&udm=50&client_locale=en-US&client_country=ZZ
2026-09-05 18:50:03,217 [INFO] Capturing response: https://www.google.com/async/folae?async=_fmt:pb&udm=50&client_locale=en-US&client_country=ZZ 200 
2026-09-05 18:50:03,258 [INFO] Capturing response: https://www.atomsportv514.top/matches?id=bein-sports-1 200 
2026-09-05 18:50:03,491 [INFO] Capturing request: https://cdn.jsdelivr.net/npm/@clappr/player@0.11.16/dist/clappr.min.js
2026-09-05 18:50:03,494 [INFO] Capturing request: https://cdn.jsdelivr.net/npm/level-selector/dist/level-selector.min.js
2026-09-05 18:50:03,497 [INFO] Capturing request: https://cdn.jsdelivr.net/npm/@clappr/hlsjs-playback@1.8.3/dist/hlsjs-playback.min.js
2026-09-05 18:50:03,508 [INFO] Capturing response: https://cdn.jsdelivr.net/npm/level-selector/dist/level-selector.min.js 200 
2026-09-05 18:50:03,521 [INFO] Capturing response: https://cdn.jsdelivr.net/npm/@clappr/player@0.11.16/dist/clappr.min.js 200 
2026-09-05 18:50:03,530 [INFO] Capturing response: https://cdn.jsdelivr.net/npm/@clappr/hlsjs-playback@1.8.3/dist/hlsjs-playback.min.js 200 
2026-09-05 18:50:03,645 [INFO] Capturing request: https://www.atomsportv514.top/matches?id=bein-sports-1
2026-09-05 18:50:03,753 [INFO] Capturing request: https://www.atomsportv514.top/favicon.ico
2026-09-05 18:50:03,782 [INFO] Capturing response: https://www.atomsportv514.top/favicon.ico 200 
2026-09-05 18:50:03,850 [INFO] Capturing response: https://www.atomsportv514.top/matches?id=bein-sports-1 200 
2026-09-05 18:50:04,061 [INFO] Capturing request: https://teletv5.top/load/yayinlink.php?id=bein-sports-1
2026-09-05 18:50:04,198 [INFO] Capturing response: https://teletv5.top/load/yayinlink.php?id=bein-sports-1 200 
2026-09-05 18:50:04,374 [INFO] Capturing request: https://www.atomsportv514.top/assets/img/player/player_logo_6a87a2e2eecc5.png
2026-09-05 18:50:04,410 [INFO] Capturing response: https://www.atomsportv514.top/assets/img/player/player_logo_6a87a2e2eecc5.png 200 
2026-09-05 18:50:04,435 [INFO] Capturing request: https://corestream.ardastream.live//beintv/tracks-v1a1/mono.m3u8
2026-09-05 18:50:04,556 [INFO] Capturing response: https://corestream.ardastream.live//beintv/tracks-v1a1/mono.m3u8 200 
2026-09-05 18:50:04,829 [INFO] Capturing request: https://d50ey6r5r0bud.cloudfront.net/beintv/tracks-v1a1/2026/09/05/18/50/46-06000.jpg
2026-09-05 18:50:04,923 [INFO] Capturing response: https://d50ey6r5r0bud.cloudfront.net/beintv/tracks-v1a1/2026/09/05/18/50/46-06000.jpg 200 
2026-09-05 18:50:05,133 [INFO] Capturing request: https://d50ey6r5r0bud.cloudfront.net/beintv/tracks-v1a1/2026/09/05/18/50/52-06000.jpg
2026-09-05 18:50:05,225 [INFO] Capturing response: https://d50ey6r5r0bud.cloudfront.net/beintv/tracks-v1a1/2026/09/05/18/50/52-06000.jpg 200 
2026-09-05 18:50:05,419 [INFO] Capturing request: https://d50ey6r5r0bud.cloudfront.net/beintv/tracks-v1a1/2026/09/05/18/50/58-06000.jpg
2026-09-05 18:50:05,514 [INFO] Capturing response: https://d50ey6r5r0bud.cloudfront.net/beintv/tracks-v1a1/2026/09/05/18/50/58-06000.jpg 200 
2026-09-05 18:50:05,682 [INFO] Capturing request: https://android.clients.google.com/checkin
2026-09-05 18:50:05,760 [INFO] Capturing response: https://android.clients.google.com/checkin 200 
2026-09-05 18:50:05,810 [INFO] Capturing request: https://android.clients.google.com/c2dm/register3
2026-09-05 18:50:05,813 [INFO] Capturing request: https://android.clients.google.com/c2dm/register3
2026-09-05 18:50:05,816 [INFO] Capturing request: https://android.clients.google.com/c2dm/register3
2026-09-05 18:50:05,864 [INFO] Capturing response: https://android.clients.google.com/c2dm/register3 200 
2026-09-05 18:50:05,870 [INFO] Capturing response: https://android.clients.google.com/c2dm/register3 200 
2026-09-05 18:50:05,874 [INFO] Capturing response: https://android.clients.google.com/c2dm/register3 200 
2026-09-05 18:50:06,685 [INFO]   ✅ M3U8 bulundu: https://corestream.ardastream.live//beintv/tracks-v1a1/mono.m3u8
2026-09-05 18:50:07,685 [INFO] 
[2/14]
2026-09-05 18:50:07,685 [INFO] 🔍 beIN Sports 2 → https://www.atomsportv514.top/matches?id=bein-sports-2
2026-09-05 18:50:07,798 [INFO] Capturing request: https://www.atomsportv514.top/matches?id=bein-sports-2
2026-09-05 18:50:08,001 [INFO] Capturing response: https://www.atomsportv514.top/matches?id=bein-sports-2 200 
2026-09-05 18:50:08,060 [INFO] Capturing request: https://www.atomsportv514.top/matches?id=bein-sports-2
2026-09-05 18:50:08,160 [INFO] Capturing request: https://teletv5.top/load/yayinlink.php?id=bein-sports-2
2026-09-05 18:50:08,165 [INFO] Capturing request: https://www.atomsportv514.top/favicon.ico
2026-09-05 18:50:08,179 [INFO] Capturing response: https://teletv5.top/load/yayinlink.php?id=bein-sports-2 200 
2026-09-05 18:50:08,200 [INFO] Capturing response: https://www.atomsportv514.top/favicon.ico 200 
2026-09-05 18:50:08,265 [INFO] Capturing response: https://www.atomsportv514.top/matches?id=bein-sports-2 200 
2026-09-05 18:50:08,378 [INFO] Capturing request: https://www.atomsportv514.top/assets/img/player/player_logo_6a87a2e2eecc5.png
2026-09-05 18:50:08,390 [INFO] Capturing request: https://corestream.ardastream.live//bein2/tracks-v1a1/mono.m3u8
2026-09-05 18:50:08,495 [INFO] Capturing response: https://www.atomsportv514.top/assets/img/player/player_logo_6a87a2e2eecc5.png 304 
2026-09-05 18:50:08,512 [INFO] Capturing response: https://corestream.ardastream.live//bein2/tracks-v1a1/mono.m3u8 200 
2026-09-05 18:50:08,623 [INFO] Capturing request: https://d50ey6r5r0bud.cloudfront.net/bein2/tracks-v1a1/2026/09/05/18/50/59-10000.jpg
2026-09-05 18:50:09,106 [INFO] Capturing response: https://d50ey6r5r0bud.cloudfront.net/bein2/tracks-v1a1/2026/09/05/18/50/59-10000.jpg 200 
2026-09-05 18:50:09,483 [INFO] Capturing request: https://d50ey6r5r0bud.cloudfront.net/bein2/tracks-v1a1/2026/09/05/18/51/09-10000.jpg
2026-09-05 18:50:09,976 [INFO] Capturing response: https://d50ey6r5r0bud.cloudfront.net/bein2/tracks-v1a1/2026/09/05/18/51/09-10000.jpg 200 
2026-09-05 18:50:10,352 [INFO] Capturing request: https://d50ey6r5r0bud.cloudfront.net/bein2/tracks-v1a1/2026/09/05/18/51/19-14960.jpg
2026-09-05 18:50:11,108 [INFO]   ✅ M3U8 bulundu: https://corestream.ardastream.live//bein2/tracks-v1a1/mono.m3u8
2026-09-05 18:50:11,158 [INFO] Capturing response: https://d50ey6r5r0bud.cloudfront.net/bein2/tracks-v1a1/2026/09/05/18/51/19-14960.jpg 200 
2026-09-05 18:50:12,110 [INFO] 
[3/14]
2026-09-05 18:50:12,110 [INFO] 🔍 beIN Sports 3 → https://www.atomsportv514.top/matches?id=bein-sports-3
2026-09-05 18:50:12,225 [INFO] Capturing request: https://www.atomsportv514.top/matches?id=bein-sports-3
2026-09-05 18:50:12,434 [INFO] Capturing response: https://www.atomsportv514.top/matches?id=bein-sports-3 200 
2026-09-05 18:50:12,472 [INFO] Capturing request: https://www.atomsportv514.top/matches?id=bein-sports-3
2026-09-05 18:50:12,571 [INFO] Capturing request: https://teletv5.top/load/yayinlink.php?id=bein-sports-3
2026-09-05 18:50:12,574 [INFO] Capturing request: https://www.atomsportv514.top/favicon.ico
2026-09-05 18:50:12,595 [INFO] Capturing response: https://teletv5.top/load/yayinlink.php?id=bein-sports-3 200 
2026-09-05 18:50:12,610 [INFO] Capturing response: https://www.atomsportv514.top/favicon.ico 200 
2026-09-05 18:50:12,681 [INFO] Capturing response: https://www.atomsportv514.top/matches?id=bein-sports-3 200 
2026-09-05 18:50:12,793 [INFO] Capturing request: https://www.atomsportv514.top/assets/img/player/player_logo_6a87a2e2eecc5.png
2026-09-05 18:50:12,804 [INFO] Capturing request: https://corestream.ardastream.live//bein3/tracks-v1a1/mono.m3u8
2026-09-05 18:50:12,908 [INFO] Capturing response: https://www.atomsportv514.top/assets/img/player/player_logo_6a87a2e2eecc5.png 304 
2026-09-05 18:50:12,939 [INFO] Capturing response: https://corestream.ardastream.live//bein3/tracks-v1a1/mono.m3u8 200 
2026-09-05 18:50:13,049 [INFO] Capturing request: https://d50ey6r5r0bud.cloudfront.net/bein3/tracks-v1a1/2026/09/05/18/50/36-14320.jpg
2026-09-05 18:50:13,779 [INFO] Capturing response: https://d50ey6r5r0bud.cloudfront.net/bein3/tracks-v1a1/2026/09/05/18/50/36-14320.jpg 200 
2026-09-05 18:50:14,232 [INFO] Capturing request: https://d50ey6r5r0bud.cloudfront.net/bein3/tracks-v1a1/2026/09/05/18/50/51-10000.jpg
2026-09-05 18:50:14,734 [INFO] Capturing response: https://d50ey6r5r0bud.cloudfront.net/bein3/tracks-v1a1/2026/09/05/18/50/51-10000.jpg 200 
2026-09-05 18:50:15,090 [INFO] Capturing request: https://d50ey6r5r0bud.cloudfront.net/bein3/tracks-v1a1/2026/09/05/18/51/01-10000.jpg
2026-09-05 18:50:15,513 [INFO]   ✅ M3U8 bulundu: https://corestream.ardastream.live//bein3/tracks-v1a1/mono.m3u8
2026-09-05 18:50:15,529 [INFO] Capturing response: https://d50ey6r5r0bud.cloudfront.net/bein3/tracks-v1a1/2026/09/05/18/51/01-10000.jpg 200 
2026-09-05 18:50:16,516 [INFO] 
[4/14]
2026-09-05 18:50:16,516 [INFO] 🔍 beIN Sports 4 → https://www.atomsportv514.top/matches?id=bein-sports-4
2026-09-05 18:50:16,630 [INFO] Capturing request: https://www.atomsportv514.top/matches?id=bein-sports-4
2026-09-05 18:50:16,835 [INFO] Capturing response: https://www.atomsportv514.top/matches?id=bein-sports-4 200 
2026-09-05 18:50:16,871 [INFO] Capturing request: https://www.atomsportv514.top/matches?id=bein-sports-4
2026-09-05 18:50:16,967 [INFO] Capturing request: https://teletv5.top/load/yayinlink.php?id=bein-sports-4
2026-09-05 18:50:16,973 [INFO] Capturing request: https://www.atomsportv514.top/favicon.ico
2026-09-05 18:50:16,991 [INFO] Capturing response: https://teletv5.top/load/yayinlink.php?id=bein-sports-4 200 
2026-09-05 18:50:17,009 [INFO] Capturing response: https://www.atomsportv514.top/favicon.ico 200 
2026-09-05 18:50:17,074 [INFO] Capturing response: https://www.atomsportv514.top/matches?id=bein-sports-4 200 
2026-09-05 18:50:17,185 [INFO] Capturing request: https://www.atomsportv514.top/assets/img/player/player_logo_6a87a2e2eecc5.png
2026-09-05 18:50:17,195 [INFO] Capturing request: https://corestream.ardastream.live//bein4/tracks-v1a1/mono.m3u8
2026-09-05 18:50:17,302 [INFO] Capturing response: https://www.atomsportv514.top/assets/img/player/player_logo_6a87a2e2eecc5.png 304 
2026-09-05 18:50:17,328 [INFO] Capturing response: https://corestream.ardastream.live//bein4/tracks-v1a1/mono.m3u8 200 
2026-09-05 18:50:17,478 [INFO] Capturing request: https://d50ey6r5r0bud.cloudfront.net/bein4/tracks-v1a1/2026/09/05/18/51/23-10000.jpg
2026-09-05 18:50:18,144 [INFO] Capturing response: https://d50ey6r5r0bud.cloudfront.net/bein4/tracks-v1a1/2026/09/05/18/51/23-10000.jpg 200 
2026-09-05 18:50:18,502 [INFO] Capturing request: https://d50ey6r5r0bud.cloudfront.net/bein4/tracks-v1a1/2026/09/05/18/51/33-10400.jpg
2026-09-05 18:50:19,415 [INFO] Capturing response: https://d50ey6r5r0bud.cloudfront.net/bein4/tracks-v1a1/2026/09/05/18/51/33-10400.jpg 200 
2026-09-05 18:50:19,772 [INFO] Capturing request: https://d50ey6r5r0bud.cloudfront.net/bein4/tracks-v1a1/2026/09/05/18/51/44-10000.jpg
2026-09-05 18:50:19,923 [INFO]   ✅ M3U8 bulundu: https://corestream.ardastream.live//bein4/tracks-v1a1/mono.m3u8
2026-09-05 18:50:20,466 [INFO] Capturing response: https://d50ey6r5r0bud.cloudfront.net/bein4/tracks-v1a1/2026/09/05/18/51/44-10000.jpg 200 
2026-09-05 18:50:20,818 [INFO] Capturing request: https://d50ey6r5r0bud.cloudfront.net/bein4/tracks-v1a1/2026/09/05/18/51/54-10000.jpg
2026-09-05 18:50:20,923 [INFO] 
[5/14]
2026-09-05 18:50:20,923 [INFO] 🔍 beIN Sports 5 → https://www.atomsportv514.top/matches?id=bein-sports-5
2026-09-05 18:50:21,038 [INFO] Capturing request: https://www.atomsportv514.top/matches?id=bein-sports-5
2026-09-05 18:50:21,251 [INFO] Capturing response: https://www.atomsportv514.top/matches?id=bein-sports-5 200 
2026-09-05 18:50:21,307 [INFO] Capturing request: https://www.atomsportv514.top/matches?id=bein-sports-5
2026-09-05 18:50:21,396 [INFO] Capturing request: https://teletv5.top/load/yayinlink.php?id=bein-sports-5
2026-09-05 18:50:21,407 [INFO] Capturing request: https://www.atomsportv514.top/favicon.ico
2026-09-05 18:50:21,422 [INFO] Capturing response: https://teletv5.top/load/yayinlink.php?id=bein-sports-5 200 
2026-09-05 18:50:21,443 [INFO] Capturing response: https://www.atomsportv514.top/favicon.ico 200 
2026-09-05 18:50:21,520 [INFO] Capturing response: https://www.atomsportv514.top/matches?id=bein-sports-5 200 
2026-09-05 18:50:21,623 [INFO] Capturing response: https://d50ey6r5r0bud.cloudfront.net/bein4/tracks-v1a1/2026/09/05/18/51/54-10000.jpg 200 
2026-09-05 18:50:21,638 [INFO] Capturing request: https://www.atomsportv514.top/assets/img/player/player_logo_6a87a2e2eecc5.png
2026-09-05 18:50:21,654 [INFO] Capturing request: https://corestream.ardastream.live//bein5/tracks-v1a1/mono.m3u8
2026-09-05 18:50:21,688 [INFO] 127.0.0.1:52682: ProtocolException("Error in HTTP connection: Http2ZombieException('Connection or stream already dead: 1788634221.6877298, False')")
2026-09-05 18:50:21,754 [INFO] Capturing response: https://www.atomsportv514.top/assets/img/player/player_logo_6a87a2e2eecc5.png 304 
2026-09-05 18:50:21,785 [INFO] Capturing response: https://corestream.ardastream.live//bein5/tracks-v1a1/mono.m3u8 200 
2026-09-05 18:50:21,896 [INFO] Capturing request: https://d50ey6r5r0bud.cloudfront.net/bein5/tracks-v1a1/2026/09/05/18/49/57-10000.jpg
2026-09-05 18:50:22,374 [INFO] Capturing response: https://d50ey6r5r0bud.cloudfront.net/bein5/tracks-v1a1/2026/09/05/18/49/57-10000.jpg 200 
2026-09-05 18:50:22,738 [INFO] Capturing request: https://d50ey6r5r0bud.cloudfront.net/bein5/tracks-v1a1/2026/09/05/18/50/07-10000.jpg
2026-09-05 18:50:23,535 [INFO] Capturing response: https://d50ey6r5r0bud.cloudfront.net/bein5/tracks-v1a1/2026/09/05/18/50/07-10000.jpg 200 
2026-09-05 18:50:23,907 [INFO] Capturing request: https://d50ey6r5r0bud.cloudfront.net/bein5/tracks-v1a1/2026/09/05/18/50/17-10000.jpg
2026-09-05 18:50:24,373 [INFO]   ✅ M3U8 bulundu: https://corestream.ardastream.live//bein5/tracks-v1a1/mono.m3u8
2026-09-05 18:50:24,557 [INFO] Capturing response: https://d50ey6r5r0bud.cloudfront.net/bein5/tracks-v1a1/2026/09/05/18/50/17-10000.jpg 200 
2026-09-05 18:50:24,913 [INFO] Capturing request: https://d50ey6r5r0bud.cloudfront.net/bein5/tracks-v1a1/2026/09/05/18/50/27-06080.jpg
2026-09-05 18:50:25,375 [INFO] 
[6/14]
2026-09-05 18:50:25,376 [INFO] 🔍 beIN Sports Max 1 → https://www.atomsportv514.top/matches?id=bein-sports-max-1
2026-09-05 18:50:25,419 [INFO] Capturing response: https://d50ey6r5r0bud.cloudfront.net/bein5/tracks-v1a1/2026/09/05/18/50/27-06080.jpg 200 
2026-09-05 18:50:25,512 [INFO] Capturing request: https://www.atomsportv514.top/matches?id=bein-sports-max-1
2026-09-05 18:50:25,714 [INFO] Capturing response: https://www.atomsportv514.top/matches?id=bein-sports-max-1 200 
2026-09-05 18:50:25,759 [INFO] Capturing request: https://www.atomsportv514.top/matches?id=bein-sports-max-1
2026-09-05 18:50:25,844 [INFO] Capturing request: https://teletv5.top/load/yayinlink.php?id=bein-sports-max-1
2026-09-05 18:50:25,861 [INFO] Capturing request: https://www.atomsportv514.top/favicon.ico
2026-09-05 18:50:25,891 [INFO] Capturing response: https://www.atomsportv514.top/favicon.ico 200 
2026-09-05 18:50:25,964 [INFO] Capturing response: https://www.atomsportv514.top/matches?id=bein-sports-max-1 200 
2026-09-05 18:50:26,226 [INFO] Capturing response: https://teletv5.top/load/yayinlink.php?id=bein-sports-max-1 200 
2026-09-05 18:50:26,338 [INFO] Capturing request: https://www.atomsportv514.top/assets/img/player/player_logo_6a87a2e2eecc5.png
2026-09-05 18:50:26,348 [INFO] Capturing request: https://corestream.ardastream.live//beinmax1/tracks-v1a1/mono.m3u8
2026-09-05 18:50:26,455 [INFO] Capturing response: https://www.atomsportv514.top/assets/img/player/player_logo_6a87a2e2eecc5.png 304 
2026-09-05 18:50:26,482 [INFO] Capturing response: https://corestream.ardastream.live//beinmax1/tracks-v1a1/mono.m3u8 200 
2026-09-05 18:50:26,631 [INFO] Capturing request: https://d50ey6r5r0bud.cloudfront.net/beinmax1/tracks-v1a1/2026/09/05/18/49/44-14320.jpg
2026-09-05 18:50:27,519 [INFO] Capturing response: https://d50ey6r5r0bud.cloudfront.net/beinmax1/tracks-v1a1/2026/09/05/18/49/44-14320.jpg 200 
2026-09-05 18:50:28,075 [INFO] Capturing request: https://d50ey6r5r0bud.cloudfront.net/beinmax1/tracks-v1a1/2026/09/05/18/49/58-10000.jpg
2026-09-05 18:50:28,795 [INFO]   ✅ M3U8 bulundu: https://corestream.ardastream.live//beinmax1/tracks-v1a1/mono.m3u8
2026-09-05 18:50:28,891 [INFO] Capturing response: https://d50ey6r5r0bud.cloudfront.net/beinmax1/tracks-v1a1/2026/09/05/18/49/58-10000.jpg 200 
2026-09-05 18:50:29,254 [INFO] Capturing request: https://d50ey6r5r0bud.cloudfront.net/beinmax1/tracks-v1a1/2026/09/05/18/50/08-10000.jpg
2026-09-05 18:50:29,798 [INFO] 
[7/14]
2026-09-05 18:50:29,799 [INFO] 🔍 beIN Sports Max 2 → https://www.atomsportv514.top/matches?id=bein-sports-max-2
2026-09-05 18:50:29,912 [INFO] Capturing response: https://d50ey6r5r0bud.cloudfront.net/beinmax1/tracks-v1a1/2026/09/05/18/50/08-10000.jpg 200 
2026-09-05 18:50:29,941 [INFO] Capturing request: https://www.atomsportv514.top/matches?id=bein-sports-max-2
2026-09-05 18:50:30,294 [INFO] Capturing response: https://www.atomsportv514.top/matches?id=bein-sports-max-2 200 
2026-09-05 18:50:30,326 [INFO] Capturing request: https://www.atomsportv514.top/matches?id=bein-sports-max-2
2026-09-05 18:50:30,426 [INFO] Capturing request: https://teletv5.top/load/yayinlink.php?id=bein-sports-max-2
2026-09-05 18:50:30,431 [INFO] Capturing request: https://www.atomsportv514.top/favicon.ico
2026-09-05 18:50:30,461 [INFO] Capturing response: https://www.atomsportv514.top/favicon.ico 200 
2026-09-05 18:50:30,531 [INFO] Capturing response: https://www.atomsportv514.top/matches?id=bein-sports-max-2 200 
2026-09-05 18:50:30,602 [INFO] Capturing response: https://teletv5.top/load/yayinlink.php?id=bein-sports-max-2 200 
2026-09-05 18:50:30,625 [INFO] Capturing request: https://android.clients.google.com/c2dm/register3
2026-09-05 18:50:30,667 [INFO] Capturing response: https://android.clients.google.com/c2dm/register3 301 
2026-09-05 18:50:30,715 [INFO] Capturing request: https://www.atomsportv514.top/assets/img/player/player_logo_6a87a2e2eecc5.png
2026-09-05 18:50:30,730 [INFO] Capturing request: https://corestream.ardastream.live//beinmax2/tracks-v1a1/mono.m3u8
2026-09-05 18:50:30,831 [INFO] Capturing response: https://www.atomsportv514.top/assets/img/player/player_logo_6a87a2e2eecc5.png 304 
2026-09-05 18:50:30,965 [INFO] Capturing response: https://corestream.ardastream.live//beinmax2/tracks-v1a1/mono.m3u8 200 
2026-09-05 18:50:31,076 [INFO] Capturing request: https://d50ey6r5r0bud.cloudfront.net/beinmax2/tracks-v1a1/2026/09/05/18/49/32-10000.jpg
2026-09-05 18:50:31,596 [INFO] Capturing response: https://d50ey6r5r0bud.cloudfront.net/beinmax2/tracks-v1a1/2026/09/05/18/49/32-10000.jpg 200 
2026-09-05 18:50:31,900 [INFO] Capturing request: https://d50ey6r5r0bud.cloudfront.net/beinmax2/tracks-v1a1/2026/09/05/18/49/42-10000.jpg
2026-09-05 18:50:32,365 [INFO] Capturing response: https://d50ey6r5r0bud.cloudfront.net/beinmax2/tracks-v1a1/2026/09/05/18/49/42-10000.jpg 200 
2026-09-05 18:50:32,684 [INFO] Capturing request: https://d50ey6r5r0bud.cloudfront.net/beinmax2/tracks-v1a1/2026/09/05/18/49/52-10000.jpg
2026-09-05 18:50:33,196 [INFO] Capturing response: https://d50ey6r5r0bud.cloudfront.net/beinmax2/tracks-v1a1/2026/09/05/18/49/52-10000.jpg 200 
2026-09-05 18:50:33,356 [INFO]   ✅ M3U8 bulundu: https://corestream.ardastream.live//beinmax2/tracks-v1a1/mono.m3u8
2026-09-05 18:50:33,790 [INFO] Capturing request: https://android.clients.google.com/c2dm/register3
2026-09-05 18:50:33,926 [INFO] Capturing request: https://android.clients.google.com/c2dm/register3
2026-09-05 18:50:34,356 [INFO] 
[8/14]
2026-09-05 18:50:34,356 [INFO] 🔍 S Sport → https://www.atomsportv514.top/matches?id=s-sport
2026-09-05 18:50:34,415 [INFO] Capturing response: https://android.clients.google.com/c2dm/register3 200 
2026-09-05 18:50:34,463 [INFO] Capturing response: https://android.clients.google.com/c2dm/register3 200 
2026-09-05 18:50:34,469 [INFO] Capturing request: https://www.atomsportv514.top/matches?id=s-sport
2026-09-05 18:50:34,671 [INFO] Capturing response: https://www.atomsportv514.top/matches?id=s-sport 200 
2026-09-05 18:50:34,705 [INFO] Capturing request: https://www.atomsportv514.top/matches?id=s-sport
2026-09-05 18:50:34,802 [INFO] Capturing request: https://teletv5.top/load/yayinlink.php?id=s-sport
2026-09-05 18:50:34,808 [INFO] Capturing request: https://www.atomsportv514.top/favicon.ico
2026-09-05 18:50:34,839 [INFO] Capturing response: https://teletv5.top/load/yayinlink.php?id=s-sport 200 
2026-09-05 18:50:34,842 [INFO] Capturing response: https://www.atomsportv514.top/favicon.ico 200 
2026-09-05 18:50:34,907 [INFO] Capturing response: https://www.atomsportv514.top/matches?id=s-sport 200 
2026-09-05 18:50:35,019 [INFO] Capturing request: https://www.atomsportv514.top/assets/img/player/player_logo_6a87a2e2eecc5.png
2026-09-05 18:50:35,029 [INFO] Capturing request: https://corestream.ardastream.live//s-sport/tracks-v1a1/mono.m3u8
2026-09-05 18:50:35,135 [INFO] Capturing response: https://www.atomsportv514.top/assets/img/player/player_logo_6a87a2e2eecc5.png 304 
2026-09-05 18:50:35,165 [INFO] Capturing response: https://corestream.ardastream.live//s-sport/tracks-v1a1/mono.m3u8 200 
2026-09-05 18:50:35,315 [INFO] Capturing request: https://d50ey6r5r0bud.cloudfront.net/s-sport/tracks-v1a1/2026/09/05/18/50/06-06400.jpg
2026-09-05 18:50:35,748 [INFO] Capturing response: https://d50ey6r5r0bud.cloudfront.net/s-sport/tracks-v1a1/2026/09/05/18/50/06-06400.jpg 200 
2026-09-05 18:50:36,065 [INFO] Capturing request: https://d50ey6r5r0bud.cloudfront.net/s-sport/tracks-v1a1/2026/09/05/18/50/12-06400.jpg
2026-09-05 18:50:36,786 [INFO] Capturing response: https://d50ey6r5r0bud.cloudfront.net/s-sport/tracks-v1a1/2026/09/05/18/50/12-06400.jpg 200 
2026-09-05 18:50:37,105 [INFO] Capturing request: https://d50ey6r5r0bud.cloudfront.net/s-sport/tracks-v1a1/2026/09/05/18/50/18-06400.jpg
2026-09-05 18:50:37,713 [INFO] Capturing response: https://d50ey6r5r0bud.cloudfront.net/s-sport/tracks-v1a1/2026/09/05/18/50/18-06400.jpg 200 
2026-09-05 18:50:37,742 [INFO]   ✅ M3U8 bulundu: https://corestream.ardastream.live//s-sport/tracks-v1a1/mono.m3u8
2026-09-05 18:50:38,031 [INFO] Capturing request: https://d50ey6r5r0bud.cloudfront.net/s-sport/tracks-v1a1/2026/09/05/18/50/25-06400.jpg
2026-09-05 18:50:38,623 [INFO] Capturing response: https://d50ey6r5r0bud.cloudfront.net/s-sport/tracks-v1a1/2026/09/05/18/50/25-06400.jpg 200 
2026-09-05 18:50:38,742 [INFO] 
[9/14]
2026-09-05 18:50:38,743 [INFO] 🔍 S Sport 2 → https://www.atomsportv514.top/matches?id=s-sport-2
2026-09-05 18:50:38,871 [INFO] Capturing request: https://www.atomsportv514.top/matches?id=s-sport-2
2026-09-05 18:50:39,076 [INFO] Capturing response: https://www.atomsportv514.top/matches?id=s-sport-2 200 
2026-09-05 18:50:39,114 [INFO] Capturing request: https://www.atomsportv514.top/matches?id=s-sport-2
2026-09-05 18:50:39,211 [INFO] Capturing request: https://teletv5.top/load/yayinlink.php?id=s-sport-2
2026-09-05 18:50:39,217 [INFO] Capturing request: https://www.atomsportv514.top/favicon.ico
2026-09-05 18:50:39,237 [INFO] Capturing response: https://teletv5.top/load/yayinlink.php?id=s-sport-2 200 
2026-09-05 18:50:39,246 [INFO] Capturing response: https://www.atomsportv514.top/favicon.ico 200 
2026-09-05 18:50:39,319 [INFO] Capturing response: https://www.atomsportv514.top/matches?id=s-sport-2 200 
2026-09-05 18:50:39,432 [INFO] Capturing request: https://www.atomsportv514.top/assets/img/player/player_logo_6a87a2e2eecc5.png
2026-09-05 18:50:39,443 [INFO] Capturing request: https://corestream.ardastream.live//s-sport2/tracks-v1a1/mono.m3u8
2026-09-05 18:50:39,548 [INFO] Capturing response: https://www.atomsportv514.top/assets/img/player/player_logo_6a87a2e2eecc5.png 304 
2026-09-05 18:50:39,563 [INFO] Capturing response: https://corestream.ardastream.live//s-sport2/tracks-v1a1/mono.m3u8 200 
2026-09-05 18:50:39,673 [INFO] Capturing request: https://d50ey6r5r0bud.cloudfront.net/s-sport2/tracks-v1a1/2026/09/05/18/52/03-06400.jpg
2026-09-05 18:50:39,988 [INFO] Capturing response: https://d50ey6r5r0bud.cloudfront.net/s-sport2/tracks-v1a1/2026/09/05/18/52/03-06400.jpg 200 
2026-09-05 18:50:40,288 [INFO] Capturing request: https://d50ey6r5r0bud.cloudfront.net/s-sport2/tracks-v1a1/2026/09/05/18/52/09-06400.jpg
2026-09-05 18:50:40,772 [INFO] Capturing response: https://d50ey6r5r0bud.cloudfront.net/s-sport2/tracks-v1a1/2026/09/05/18/52/09-06400.jpg 200 
2026-09-05 18:50:41,100 [INFO] Capturing request: https://d50ey6r5r0bud.cloudfront.net/s-sport2/tracks-v1a1/2026/09/05/18/52/16-06400.jpg
2026-09-05 18:50:41,529 [INFO] Capturing response: https://d50ey6r5r0bud.cloudfront.net/s-sport2/tracks-v1a1/2026/09/05/18/52/16-06400.jpg 200 
2026-09-05 18:50:41,851 [INFO] Capturing request: https://d50ey6r5r0bud.cloudfront.net/s-sport2/tracks-v1a1/2026/09/05/18/52/22-06400.jpg
2026-09-05 18:50:42,142 [INFO]   ✅ M3U8 bulundu: https://corestream.ardastream.live//s-sport2/tracks-v1a1/mono.m3u8
2026-09-05 18:50:42,336 [INFO] Capturing response: https://d50ey6r5r0bud.cloudfront.net/s-sport2/tracks-v1a1/2026/09/05/18/52/22-06400.jpg 200 
2026-09-05 18:50:43,142 [INFO] 
[10/14]
2026-09-05 18:50:43,142 [INFO] 🔍 A Spor → https://www.atomsportv514.top/matches?id=a-spor
2026-09-05 18:50:43,257 [INFO] Capturing request: https://www.atomsportv514.top/matches?id=a-spor
2026-09-05 18:50:43,461 [INFO] Capturing response: https://www.atomsportv514.top/matches?id=a-spor 200 
2026-09-05 18:50:43,494 [INFO] Capturing request: https://www.atomsportv514.top/matches?id=a-spor
2026-09-05 18:50:43,600 [INFO] Capturing request: https://teletv5.top/load/yayinlink.php?id=a-spor
2026-09-05 18:50:43,600 [INFO] Capturing request: https://www.atomsportv514.top/favicon.ico
2026-09-05 18:50:43,630 [INFO] Capturing response: https://www.atomsportv514.top/favicon.ico 200 
2026-09-05 18:50:43,702 [INFO] Capturing response: https://www.atomsportv514.top/matches?id=a-spor 200 
2026-09-05 18:50:43,779 [INFO] Capturing response: https://teletv5.top/load/yayinlink.php?id=a-spor 200 
2026-09-05 18:50:43,930 [INFO] Capturing request: https://www.atomsportv514.top/assets/img/player/player_logo_6a87a2e2eecc5.png
2026-09-05 18:50:43,940 [INFO] Capturing request: https://corestream.ardastream.live//aspor/tracks-v1a1/mono.m3u8
2026-09-05 18:50:44,046 [INFO] Capturing response: https://www.atomsportv514.top/assets/img/player/player_logo_6a87a2e2eecc5.png 304 
2026-09-05 18:50:44,071 [INFO] Capturing response: https://corestream.ardastream.live//aspor/tracks-v1a1/mono.m3u8 404 
2026-09-05 18:50:46,236 [INFO] Capturing request: https://corestream.ardastream.live//aspor/tracks-v1a1/mono.m3u8
2026-09-05 18:50:46,361 [INFO] Capturing response: https://corestream.ardastream.live//aspor/tracks-v1a1/mono.m3u8 404 
2026-09-05 18:50:46,510 [INFO]   ✅ M3U8 bulundu: https://corestream.ardastream.live//aspor/tracks-v1a1/mono.m3u8
2026-09-05 18:50:47,511 [INFO] 
[11/14]
2026-09-05 18:50:47,511 [INFO] 🔍 Tivibu Spor 1 → https://www.atomsportv514.top/matches?id=tivibu-spor-1
2026-09-05 18:50:47,621 [INFO] Capturing request: https://www.atomsportv514.top/matches?id=tivibu-spor-1
2026-09-05 18:50:47,825 [INFO] Capturing response: https://www.atomsportv514.top/matches?id=tivibu-spor-1 200 
2026-09-05 18:50:47,856 [INFO] Capturing request: https://www.atomsportv514.top/matches?id=tivibu-spor-1
2026-09-05 18:50:47,957 [INFO] Capturing request: https://teletv5.top/load/yayinlink.php?id=tivibu-spor-1
2026-09-05 18:50:47,962 [INFO] Capturing request: https://www.atomsportv514.top/favicon.ico
2026-09-05 18:50:47,994 [INFO] Capturing response: https://www.atomsportv514.top/favicon.ico 200 
2026-09-05 18:50:48,057 [INFO] Capturing response: https://www.atomsportv514.top/matches?id=tivibu-spor-1 200 
2026-09-05 18:50:48,132 [INFO] Capturing response: https://teletv5.top/load/yayinlink.php?id=tivibu-spor-1 200 
2026-09-05 18:51:02,454 [INFO] Capturing request: https://update.googleapis.com/service/update2/json?cup2key=16:QHuApzHHjmdG6Hc1ADi5b_i0fUYouI6xrU6FW09f-sA&cup2hreq=e0d7ea249c832210e47ab58af8b92e4e651770469d3e1ab92430367b50f601e2
2026-09-05 18:51:02,492 [INFO] Capturing response: https://update.googleapis.com/service/update2/json?cup2key=16:QHuApzHHjmdG6Hc1ADi5b_i0fUYouI6xrU6FW09f-sA&cup2hreq=e0d7ea249c832210e47ab58af8b92e4e651770469d3e1ab92430367b50f601e2 200 
2026-09-05 18:51:02,499 [INFO] Capturing request: http://edgedl.me.gvt1.com/edgedl/diffgen-puffin/gcmjkmgdlgnkkcocmoeiminaijmmjnii/fc1f961a8e1d6f22b29a01eb8f62d27d7f0f928ed1b230dfa8430cc20542c1bf
2026-09-05 18:51:02,515 [INFO] Capturing response: http://edgedl.me.gvt1.com/edgedl/diffgen-puffin/gcmjkmgdlgnkkcocmoeiminaijmmjnii/fc1f961a8e1d6f22b29a01eb8f62d27d7f0f928ed1b230dfa8430cc20542c1bf 200 OK
2026-09-05 18:51:02,547 [INFO] Capturing request: https://update.googleapis.com/service/update2/json
2026-09-05 18:51:02,574 [INFO] Capturing response: https://update.googleapis.com/service/update2/json 200 
2026-09-05 18:51:02,620 [INFO] Capturing request: http://edgedl.me.gvt1.com/edgedl/release2/chrome_component/acxqfk6o3xyvh2pzwn3g67avslla_10759/hfnkpimlhhgieaddgfemjhofmfblmnib_10759_all_adxuirmjkpwiv24zcattm733cy2a.crx3
2026-09-05 18:51:02,636 [INFO] Capturing response: http://edgedl.me.gvt1.com/edgedl/release2/chrome_component/acxqfk6o3xyvh2pzwn3g67avslla_10759/hfnkpimlhhgieaddgfemjhofmfblmnib_10759_all_adxuirmjkpwiv24zcattm733cy2a.crx3 200 OK
2026-09-05 18:51:02,668 [INFO] Capturing request: https://update.googleapis.com/service/update2/json
2026-09-05 18:51:02,695 [INFO] Capturing response: https://update.googleapis.com/service/update2/json 200 
2026-09-05 18:51:20,128 [INFO] Capturing request: https://android.clients.google.com/c2dm/register3
2026-09-05 18:51:20,179 [INFO] Capturing response: https://android.clients.google.com/c2dm/register3 301 
2026-09-05 18:51:21,170 [WARNING]   ❌ Tivibu Spor 1 için M3U8 bulunamadı
2026-09-05 18:51:22,170 [INFO] 
[12/14]
2026-09-05 18:51:22,170 [INFO] 🔍 Tivibu Spor 2 → https://www.atomsportv514.top/matches?id=tivibu-spor-2
2026-09-05 18:51:22,324 [INFO] Capturing request: https://www.atomsportv514.top/matches?id=tivibu-spor-2
2026-09-05 18:51:22,911 [INFO] Capturing response: https://www.atomsportv514.top/matches?id=tivibu-spor-2 200 
2026-09-05 18:51:22,970 [INFO] Capturing request: https://www.atomsportv514.top/matches?id=tivibu-spor-2
2026-09-05 18:51:23,081 [INFO] Capturing request: https://www.atomsportv514.top/favicon.ico
2026-09-05 18:51:23,114 [INFO] Capturing request: https://teletv5.top/load/yayinlink.php?id=tivibu-spor-2
2026-09-05 18:51:23,135 [INFO] Capturing response: https://www.atomsportv514.top/favicon.ico 200 
2026-09-05 18:51:23,143 [INFO] Capturing response: https://teletv5.top/load/yayinlink.php?id=tivibu-spor-2 200 
2026-09-05 18:51:23,181 [INFO] Capturing response: https://www.atomsportv514.top/matches?id=tivibu-spor-2 200 
2026-09-05 18:51:56,248 [WARNING]   ❌ Tivibu Spor 2 için M3U8 bulunamadı
2026-09-05 18:51:57,248 [INFO] 
[13/14]
2026-09-05 18:51:57,248 [INFO] 🔍 Tivibu Spor 3 → https://www.atomsportv514.top/matches?id=tivibu-spor-3
2026-09-05 18:51:57,358 [INFO] Capturing request: https://www.atomsportv514.top/matches?id=tivibu-spor-3
2026-09-05 18:51:57,740 [INFO] Capturing response: https://www.atomsportv514.top/matches?id=tivibu-spor-3 200 
2026-09-05 18:51:57,781 [INFO] Capturing request: https://www.atomsportv514.top/matches?id=tivibu-spor-3
2026-09-05 18:51:57,882 [INFO] Capturing request: https://www.atomsportv514.top/favicon.ico
2026-09-05 18:51:57,882 [INFO] Capturing request: https://teletv5.top/load/yayinlink.php?id=tivibu-spor-3
2026-09-05 18:51:57,902 [INFO] Capturing response: https://teletv5.top/load/yayinlink.php?id=tivibu-spor-3 200 
2026-09-05 18:51:57,951 [INFO] Capturing response: https://www.atomsportv514.top/favicon.ico 200 
2026-09-05 18:51:57,998 [INFO] Capturing response: https://www.atomsportv514.top/matches?id=tivibu-spor-3 200 
2026-09-05 18:52:31,056 [WARNING]   ❌ Tivibu Spor 3 için M3U8 bulunamadı
2026-09-05 18:52:32,056 [INFO] 
[14/14]
2026-09-05 18:52:32,056 [INFO] 🔍 Tivibu Spor 4 → https://www.atomsportv514.top/matches?id=tivibu-spor-4
2026-09-05 18:52:32,169 [INFO] Capturing request: https://www.atomsportv514.top/matches?id=tivibu-spor-4
2026-09-05 18:52:32,550 [INFO] Capturing response: https://www.atomsportv514.top/matches?id=tivibu-spor-4 200 
2026-09-05 18:52:32,585 [INFO] Capturing request: https://www.atomsportv514.top/matches?id=tivibu-spor-4
2026-09-05 18:52:32,684 [INFO] Capturing request: https://teletv5.top/load/yayinlink.php?id=tivibu-spor-4
2026-09-05 18:52:32,694 [INFO] Capturing request: https://www.atomsportv514.top/favicon.ico
2026-09-05 18:52:32,739 [INFO] Capturing response: https://www.atomsportv514.top/favicon.ico 200 
2026-09-05 18:52:32,805 [INFO] Capturing response: https://www.atomsportv514.top/matches?id=tivibu-spor-4 200 
2026-09-05 18:52:33,240 [INFO] Capturing response: https://teletv5.top/load/yayinlink.php?id=tivibu-spor-4 200 
2026-09-05 18:52:58,433 [INFO] Capturing request: https://android.clients.google.com/c2dm/register3
2026-09-05 18:52:58,511 [INFO] Capturing response: https://android.clients.google.com/c2dm/register3 301 
2026-09-05 18:53:05,869 [WARNING]   ❌ Tivibu Spor 4 için M3U8 bulunamadı
2026-09-05 18:53:06,939 [INFO] ✅ 10 kanal bulundu, playlist.m3u kaydedildi
