2026-09-13 22:11:41,241 [INFO] 🌐 BASE_URL: https://www.atomsportv514.top
2026-09-13 22:11:42,366 [INFO] Başlanıyor... 14 kanal taranacak
2026-09-13 22:11:42,366 [INFO] Using default request storage
2026-09-13 22:11:42,370 [INFO] Created proxy listening on 127.0.0.1:45423
2026-09-13 22:11:42,976 [INFO] Capturing request: http://clients2.google.com/time/1/current?cup2key=10:B5XuWMd6c6yake6rS5PUJMCdBgc3BOX34Toeu639Ifw&cup2hreq=e3b0c44298fc1c149afbf4c8996fb92427ae41e4649b934ca495991b7852b855
2026-09-13 22:11:43,155 [INFO] Capturing response: http://clients2.google.com/time/1/current?cup2key=10:B5XuWMd6c6yake6rS5PUJMCdBgc3BOX34Toeu639Ifw&cup2hreq=e3b0c44298fc1c149afbf4c8996fb92427ae41e4649b934ca495991b7852b855 200 OK
2026-09-13 22:11:43,168 [INFO] 
[1/14]
2026-09-13 22:11:43,169 [INFO] 🔍 beIN Sports 1 → https://www.atomsportv514.top/matches?id=bein-sports-1
2026-09-13 22:11:43,333 [INFO] Capturing request: https://update.googleapis.com/service/update2/json?cup2key=ML-DSA-44-16:orldxUxQBvrWUTfrR4aIvr5jogdvJMyKiTtL-eTTv70&cup2hreq=78d486e5097f957898b1bdb2a24912b7ea4737aa9e35bb51dd6b37395f5b8a95
2026-09-13 22:11:43,335 [INFO] Capturing request: https://accounts.google.com/ListAccounts?gpsia=1&source=ChromiumBrowser&json=standard&laf=b64bin
2026-09-13 22:11:43,391 [INFO] Capturing response: https://accounts.google.com/ListAccounts?gpsia=1&source=ChromiumBrowser&json=standard&laf=b64bin 200 
2026-09-13 22:11:43,406 [INFO] Capturing response: https://update.googleapis.com/service/update2/json?cup2key=ML-DSA-44-16:orldxUxQBvrWUTfrR4aIvr5jogdvJMyKiTtL-eTTv70&cup2hreq=78d486e5097f957898b1bdb2a24912b7ea4737aa9e35bb51dd6b37395f5b8a95 200 
2026-09-13 22:11:43,432 [INFO] Capturing request: https://www.atomsportv514.top/matches?id=bein-sports-1
2026-09-13 22:11:43,435 [INFO] Capturing request: https://www.google.com/async/folae?async=_fmt:pb&udm=50&client_locale=en-US&client_country=ZZ
2026-09-13 22:11:43,453 [INFO] Capturing request: https://update.googleapis.com/service/update2/json?cup2key=ML-DSA-44-16:QWE9TAj5Dguu2k6QXXQPKhmUXFhJ5lsz_AjOafEi8v4&cup2hreq=0c39258c56c3140faea0f27dc0e170927dae6b629c513327d932cf06376b5790
2026-09-13 22:11:43,473 [INFO] Capturing response: https://www.google.com/async/folae?async=_fmt:pb&udm=50&client_locale=en-US&client_country=ZZ 200 
2026-09-13 22:11:43,529 [INFO] Capturing response: https://update.googleapis.com/service/update2/json?cup2key=ML-DSA-44-16:QWE9TAj5Dguu2k6QXXQPKhmUXFhJ5lsz_AjOafEi8v4&cup2hreq=0c39258c56c3140faea0f27dc0e170927dae6b629c513327d932cf06376b5790 200 
2026-09-13 22:11:43,576 [INFO] Capturing request: https://update.googleapis.com/service/update2/json?cup2key=ML-DSA-44-16:nQlN6j6PeXUbWd0O7SxKy9uzvbEXMvnDVoDxjgge50I&cup2hreq=40951ceee726b5d64a11868c8ff8eb1d699419497469ee03a6330682ae60f86e
2026-09-13 22:11:43,636 [INFO] Capturing request: https://www.google.com/async/folae?async=_fmt:pb&udm=50&client_locale=en-US&client_country=ZZ
2026-09-13 22:11:43,652 [INFO] Capturing response: https://update.googleapis.com/service/update2/json?cup2key=ML-DSA-44-16:nQlN6j6PeXUbWd0O7SxKy9uzvbEXMvnDVoDxjgge50I&cup2hreq=40951ceee726b5d64a11868c8ff8eb1d699419497469ee03a6330682ae60f86e 200 
2026-09-13 22:11:43,677 [INFO] Capturing response: https://www.google.com/async/folae?async=_fmt:pb&udm=50&client_locale=en-US&client_country=ZZ 200 
2026-09-13 22:11:44,025 [INFO] Capturing response: https://www.atomsportv514.top/matches?id=bein-sports-1 200 
2026-09-13 22:11:44,257 [INFO] Capturing request: https://cdn.jsdelivr.net/npm/@clappr/player@0.11.16/dist/clappr.min.js
2026-09-13 22:11:44,276 [INFO] Capturing request: https://cdn.jsdelivr.net/npm/@clappr/hlsjs-playback@1.8.3/dist/hlsjs-playback.min.js
2026-09-13 22:11:44,276 [INFO] Capturing request: https://cdn.jsdelivr.net/npm/level-selector/dist/level-selector.min.js
2026-09-13 22:11:44,323 [INFO] Capturing response: https://cdn.jsdelivr.net/npm/level-selector/dist/level-selector.min.js 200 
2026-09-13 22:11:44,392 [INFO] Capturing response: https://cdn.jsdelivr.net/npm/@clappr/player@0.11.16/dist/clappr.min.js 200 
2026-09-13 22:11:44,432 [INFO] Capturing response: https://cdn.jsdelivr.net/npm/@clappr/hlsjs-playback@1.8.3/dist/hlsjs-playback.min.js 200 
2026-09-13 22:11:44,583 [INFO] Capturing request: https://www.atomsportv514.top/favicon.ico
2026-09-13 22:11:44,637 [INFO] Capturing response: https://www.atomsportv514.top/favicon.ico 200 
2026-09-13 22:11:44,701 [INFO] Capturing request: https://teletv5.top/load/yayinlink.php?id=bein-sports-1
2026-09-13 22:11:45,120 [INFO] Capturing response: https://teletv5.top/load/yayinlink.php?id=bein-sports-1 200 
2026-09-13 22:11:45,174 [INFO] Capturing request: https://streamsport365.com/cinema
2026-09-13 22:11:45,479 [INFO] Capturing response: https://streamsport365.com/cinema 200 
2026-09-13 22:11:45,604 [INFO] Capturing request: https://www.atomsportv514.top/assets/img/player/player_logo_6a87a2e2eecc5.png
2026-09-13 22:11:45,670 [INFO] Capturing response: https://www.atomsportv514.top/assets/img/player/player_logo_6a87a2e2eecc5.png 200 
2026-09-13 22:11:45,732 [INFO] Capturing request: https://corestream.d72377a9ds0ec71.cfd//beintv/tracks-v1a1/mono.m3u8
2026-09-13 22:11:45,940 [INFO] Capturing response: https://corestream.d72377a9ds0ec71.cfd//beintv/tracks-v1a1/mono.m3u8 200 
2026-09-13 22:11:46,217 [INFO] Capturing request: https://drq3pmh3yks77.cloudfront.net/beintv/tracks-v1a1/2026/09/13/22/11/35-06000.jpg
2026-09-13 22:11:46,471 [INFO] Capturing request: https://android.clients.google.com/checkin
2026-09-13 22:11:46,580 [INFO] Capturing response: https://android.clients.google.com/checkin 200 
2026-09-13 22:11:46,630 [INFO] Capturing request: https://android.clients.google.com/c2dm/register3
2026-09-13 22:11:46,633 [INFO] Capturing request: https://android.clients.google.com/c2dm/register3
2026-09-13 22:11:46,634 [INFO] Capturing request: https://android.clients.google.com/c2dm/register3
2026-09-13 22:11:46,693 [INFO] Capturing response: https://android.clients.google.com/c2dm/register3 200 
2026-09-13 22:11:46,774 [INFO] Capturing response: https://android.clients.google.com/c2dm/register3 200 
2026-09-13 22:11:46,888 [INFO] Capturing response: https://drq3pmh3yks77.cloudfront.net/beintv/tracks-v1a1/2026/09/13/22/11/35-06000.jpg 200 
2026-09-13 22:11:47,030 [INFO] Capturing response: https://android.clients.google.com/c2dm/register3 200 
2026-09-13 22:11:47,087 [INFO] Capturing request: https://drq3pmh3yks77.cloudfront.net/beintv/tracks-v1a1/2026/09/13/22/11/41-06000.jpg
2026-09-13 22:11:47,503 [INFO]   ✅ M3U8 bulundu: https://corestream.d72377a9ds0ec71.cfd//beintv/tracks-v1a1/mono.m3u8
2026-09-13 22:11:47,870 [INFO] Capturing response: https://drq3pmh3yks77.cloudfront.net/beintv/tracks-v1a1/2026/09/13/22/11/41-06000.jpg 200 
2026-09-13 22:11:48,074 [INFO] Capturing request: https://drq3pmh3yks77.cloudfront.net/beintv/tracks-v1a1/2026/09/13/22/11/47-06000.jpg
2026-09-13 22:11:48,504 [INFO] 
[2/14]
2026-09-13 22:11:48,504 [INFO] 🔍 beIN Sports 2 → https://www.atomsportv514.top/matches?id=bein-sports-2
2026-09-13 22:11:48,613 [INFO] Capturing request: https://www.atomsportv514.top/matches?id=bein-sports-2
2026-09-13 22:11:48,910 [INFO] Capturing response: https://drq3pmh3yks77.cloudfront.net/beintv/tracks-v1a1/2026/09/13/22/11/47-06000.jpg 200 
2026-09-13 22:11:48,951 [INFO] Capturing response: https://www.atomsportv514.top/matches?id=bein-sports-2 200 
2026-09-13 22:11:48,990 [INFO] Capturing request: https://streamsport365.com/cinema
2026-09-13 22:11:49,091 [INFO] Capturing request: https://teletv5.top/load/yayinlink.php?id=bein-sports-2
2026-09-13 22:11:49,095 [INFO] Capturing request: https://www.atomsportv514.top/favicon.ico
2026-09-13 22:11:49,140 [INFO] Capturing response: https://www.atomsportv514.top/favicon.ico 200 
2026-09-13 22:11:49,305 [INFO] Capturing response: https://streamsport365.com/cinema 200 
2026-09-13 22:11:49,491 [INFO] Capturing response: https://teletv5.top/load/yayinlink.php?id=bein-sports-2 200 
2026-09-13 22:11:49,602 [INFO] Capturing request: https://www.atomsportv514.top/assets/img/player/player_logo_6a87a2e2eecc5.png
2026-09-13 22:11:49,610 [INFO] Capturing request: https://corestream.d72377a9ds0ec71.cfd//bein2/tracks-v1a1/mono.m3u8
2026-09-13 22:11:49,726 [INFO] Capturing response: https://www.atomsportv514.top/assets/img/player/player_logo_6a87a2e2eecc5.png 304 
2026-09-13 22:11:49,781 [INFO] Capturing response: https://corestream.d72377a9ds0ec71.cfd//bein2/tracks-v1a1/mono.m3u8 200 
2026-09-13 22:11:49,890 [INFO] Capturing request: https://drq3pmh3yks77.cloudfront.net/bein2/tracks-v1a1/2026/09/13/22/11/27-10000.jpg
2026-09-13 22:11:51,799 [INFO] Capturing response: https://drq3pmh3yks77.cloudfront.net/bein2/tracks-v1a1/2026/09/13/22/11/27-10000.jpg 200 
2026-09-13 22:11:52,011 [INFO]   ✅ M3U8 bulundu: https://corestream.d72377a9ds0ec71.cfd//bein2/tracks-v1a1/mono.m3u8
2026-09-13 22:11:52,073 [INFO] Capturing request: https://drq3pmh3yks77.cloudfront.net/bein2/tracks-v1a1/2026/09/13/22/11/37-10000.jpg
2026-09-13 22:11:53,011 [INFO] 
[3/14]
2026-09-13 22:11:53,012 [INFO] 🔍 beIN Sports 3 → https://www.atomsportv514.top/matches?id=bein-sports-3
2026-09-13 22:11:53,121 [INFO] Capturing request: https://www.atomsportv514.top/matches?id=bein-sports-3
2026-09-13 22:11:53,356 [INFO] Capturing response: https://www.atomsportv514.top/matches?id=bein-sports-3 200 
2026-09-13 22:11:53,480 [INFO] Capturing request: https://teletv5.top/load/yayinlink.php?id=bein-sports-3
2026-09-13 22:11:53,483 [INFO] Capturing request: https://www.atomsportv514.top/favicon.ico
2026-09-13 22:11:53,536 [INFO] Capturing response: https://www.atomsportv514.top/favicon.ico 200 
2026-09-13 22:11:53,613 [INFO] Capturing request: https://streamsport365.com/cinema
2026-09-13 22:11:53,724 [INFO] Capturing response: https://teletv5.top/load/yayinlink.php?id=bein-sports-3 200 
2026-09-13 22:11:53,824 [INFO] Capturing response: https://drq3pmh3yks77.cloudfront.net/bein2/tracks-v1a1/2026/09/13/22/11/37-10000.jpg 200 
2026-09-13 22:11:53,934 [INFO] Capturing response: https://streamsport365.com/cinema 200 
2026-09-13 22:11:54,044 [INFO] Capturing request: https://www.atomsportv514.top/assets/img/player/player_logo_6a87a2e2eecc5.png
2026-09-13 22:11:54,051 [INFO] Capturing request: https://corestream.d72377a9ds0ec71.cfd//bein3/tracks-v1a1/mono.m3u8
2026-09-13 22:11:54,170 [INFO] Capturing response: https://www.atomsportv514.top/assets/img/player/player_logo_6a87a2e2eecc5.png 304 
2026-09-13 22:11:54,193 [INFO] Capturing response: https://corestream.d72377a9ds0ec71.cfd//bein3/tracks-v1a1/mono.m3u8 200 
2026-09-13 22:11:54,302 [INFO] Capturing request: https://drq3pmh3yks77.cloudfront.net/bein3/tracks-v1a1/2026/09/13/22/12/02-09320.jpg
2026-09-13 22:11:55,274 [INFO] Capturing response: https://drq3pmh3yks77.cloudfront.net/bein3/tracks-v1a1/2026/09/13/22/12/02-09320.jpg 200 
2026-09-13 22:11:55,450 [INFO] Capturing request: https://drq3pmh3yks77.cloudfront.net/bein3/tracks-v1a1/2026/09/13/22/12/11-05600.jpg
2026-09-13 22:11:56,106 [INFO] Capturing response: https://drq3pmh3yks77.cloudfront.net/bein3/tracks-v1a1/2026/09/13/22/12/11-05600.jpg 200 
2026-09-13 22:11:56,298 [INFO] Capturing request: https://drq3pmh3yks77.cloudfront.net/bein3/tracks-v1a1/2026/09/13/22/12/17-10960.jpg
2026-09-13 22:11:56,402 [INFO]   ✅ M3U8 bulundu: https://corestream.d72377a9ds0ec71.cfd//bein3/tracks-v1a1/mono.m3u8
2026-09-13 22:11:57,402 [INFO] 
[4/14]
2026-09-13 22:11:57,402 [INFO] 🔍 beIN Sports 4 → https://www.atomsportv514.top/matches?id=bein-sports-4
2026-09-13 22:11:57,444 [INFO] Capturing response: https://drq3pmh3yks77.cloudfront.net/bein3/tracks-v1a1/2026/09/13/22/12/17-10960.jpg 200 
2026-09-13 22:11:57,512 [INFO] Capturing request: https://www.atomsportv514.top/matches?id=bein-sports-4
2026-09-13 22:11:57,669 [INFO] Capturing request: https://drq3pmh3yks77.cloudfront.net/bein3/tracks-v1a1/2026/09/13/22/12/28-08640.jpg
2026-09-13 22:11:57,735 [INFO] Capturing response: https://www.atomsportv514.top/matches?id=bein-sports-4 200 
2026-09-13 22:11:57,758 [INFO] Capturing request: https://streamsport365.com/cinema
2026-09-13 22:11:57,859 [INFO] Capturing request: https://teletv5.top/load/yayinlink.php?id=bein-sports-4
2026-09-13 22:11:57,863 [INFO] Capturing request: https://www.atomsportv514.top/favicon.ico
2026-09-13 22:11:57,902 [INFO] Capturing response: https://www.atomsportv514.top/favicon.ico 200 
2026-09-13 22:11:58,067 [INFO] Capturing response: https://streamsport365.com/cinema 200 
2026-09-13 22:11:58,098 [INFO] Capturing response: https://teletv5.top/load/yayinlink.php?id=bein-sports-4 200 
2026-09-13 22:11:58,250 [INFO] Capturing request: https://www.atomsportv514.top/assets/img/player/player_logo_6a87a2e2eecc5.png
2026-09-13 22:11:58,257 [INFO] Capturing request: https://corestream.d72377a9ds0ec71.cfd//bein4/tracks-v1a1/mono.m3u8
2026-09-13 22:11:58,294 [INFO] Capturing response: https://drq3pmh3yks77.cloudfront.net/bein3/tracks-v1a1/2026/09/13/22/12/28-08640.jpg 200 
2026-09-13 22:11:58,376 [INFO] Capturing response: https://www.atomsportv514.top/assets/img/player/player_logo_6a87a2e2eecc5.png 304 
2026-09-13 22:11:58,417 [INFO] Capturing response: https://corestream.d72377a9ds0ec71.cfd//bein4/tracks-v1a1/mono.m3u8 200 
2026-09-13 22:11:58,566 [INFO] Capturing request: https://drq3pmh3yks77.cloudfront.net/bein4/tracks-v1a1/2026/09/13/22/12/45-10000.jpg
2026-09-13 22:12:00,244 [INFO] Capturing response: https://drq3pmh3yks77.cloudfront.net/bein4/tracks-v1a1/2026/09/13/22/12/45-10000.jpg 200 
2026-09-13 22:12:00,518 [INFO] Capturing request: https://drq3pmh3yks77.cloudfront.net/bein4/tracks-v1a1/2026/09/13/22/12/55-10000.jpg
2026-09-13 22:12:00,779 [INFO]   ✅ M3U8 bulundu: https://corestream.d72377a9ds0ec71.cfd//bein4/tracks-v1a1/mono.m3u8
2026-09-13 22:12:01,779 [INFO] 
[5/14]
2026-09-13 22:12:01,779 [INFO] 🔍 beIN Sports 5 → https://www.atomsportv514.top/matches?id=bein-sports-5
2026-09-13 22:12:01,887 [INFO] Capturing request: https://www.atomsportv514.top/matches?id=bein-sports-5
2026-09-13 22:12:02,108 [INFO] Capturing response: https://www.atomsportv514.top/matches?id=bein-sports-5 200 
2026-09-13 22:12:02,233 [INFO] Capturing request: https://www.atomsportv514.top/favicon.ico
2026-09-13 22:12:02,235 [INFO] Capturing request: https://teletv5.top/load/yayinlink.php?id=bein-sports-5
2026-09-13 22:12:02,277 [INFO] Capturing response: https://www.atomsportv514.top/favicon.ico 200 
2026-09-13 22:12:02,365 [INFO] Capturing request: https://streamsport365.com/cinema
2026-09-13 22:12:02,426 [INFO] Capturing response: https://drq3pmh3yks77.cloudfront.net/bein4/tracks-v1a1/2026/09/13/22/12/55-10000.jpg 200 
2026-09-13 22:12:02,447 [INFO] Capturing response: https://teletv5.top/load/yayinlink.php?id=bein-sports-5 200 
2026-09-13 22:12:02,473 [INFO] 127.0.0.1:58188: ProtocolException("Error in HTTP connection: Http2ZombieException('Connection or stream already dead: 1789337522.4732332, False')")
2026-09-13 22:12:02,675 [INFO] Capturing response: https://streamsport365.com/cinema 200 
2026-09-13 22:12:02,783 [INFO] Capturing request: https://www.atomsportv514.top/assets/img/player/player_logo_6a87a2e2eecc5.png
2026-09-13 22:12:02,792 [INFO] Capturing request: https://corestream.d72377a9ds0ec71.cfd//bein5/tracks-v1a1/mono.m3u8
2026-09-13 22:12:02,914 [INFO] Capturing response: https://www.atomsportv514.top/assets/img/player/player_logo_6a87a2e2eecc5.png 304 
2026-09-13 22:12:02,931 [INFO] Capturing response: https://corestream.d72377a9ds0ec71.cfd//bein5/tracks-v1a1/mono.m3u8 200 
2026-09-13 22:12:03,038 [INFO] Capturing request: https://drq3pmh3yks77.cloudfront.net/bein5/tracks-v1a1/2026/09/13/22/11/58-05080.jpg
2026-09-13 22:12:04,924 [INFO] Capturing response: https://drq3pmh3yks77.cloudfront.net/bein5/tracks-v1a1/2026/09/13/22/11/58-05080.jpg 200 
2026-09-13 22:12:05,147 [INFO]   ✅ M3U8 bulundu: https://corestream.d72377a9ds0ec71.cfd//bein5/tracks-v1a1/mono.m3u8
2026-09-13 22:12:05,221 [INFO] Capturing request: https://drq3pmh3yks77.cloudfront.net/bein5/tracks-v1a1/2026/09/13/22/12/03-05280.jpg
2026-09-13 22:12:06,148 [INFO] 
[6/14]
2026-09-13 22:12:06,148 [INFO] 🔍 beIN Sports Max 1 → https://www.atomsportv514.top/matches?id=bein-sports-max-1
2026-09-13 22:12:06,259 [INFO] Capturing request: https://www.atomsportv514.top/matches?id=bein-sports-max-1
2026-09-13 22:12:06,697 [INFO] Capturing response: https://www.atomsportv514.top/matches?id=bein-sports-max-1 200 
2026-09-13 22:12:06,724 [INFO] Capturing request: https://streamsport365.com/cinema
2026-09-13 22:12:06,820 [INFO] Capturing request: https://teletv5.top/load/yayinlink.php?id=bein-sports-max-1
2026-09-13 22:12:06,829 [INFO] Capturing request: https://www.atomsportv514.top/favicon.ico
2026-09-13 22:12:06,874 [INFO] Capturing response: https://www.atomsportv514.top/favicon.ico 200 
2026-09-13 22:12:07,046 [INFO] Capturing response: https://streamsport365.com/cinema 200 
2026-09-13 22:12:07,048 [INFO] Capturing response: https://teletv5.top/load/yayinlink.php?id=bein-sports-max-1 200 
2026-09-13 22:12:07,201 [INFO] Capturing request: https://www.atomsportv514.top/assets/img/player/player_logo_6a87a2e2eecc5.png
2026-09-13 22:12:07,207 [INFO] Capturing request: https://corestream.d72377a9ds0ec71.cfd//beinmax1/tracks-v1a1/mono.m3u8
2026-09-13 22:12:07,327 [INFO] Capturing response: https://www.atomsportv514.top/assets/img/player/player_logo_6a87a2e2eecc5.png 304 
2026-09-13 22:12:07,373 [INFO] Capturing response: https://corestream.d72377a9ds0ec71.cfd//beinmax1/tracks-v1a1/mono.m3u8 200 
2026-09-13 22:12:07,521 [INFO] Capturing request: https://drq3pmh3yks77.cloudfront.net/beinmax1/tracks-v1a1/2026/09/13/22/12/05-10000.jpg
2026-09-13 22:12:08,322 [INFO] Capturing response: https://drq3pmh3yks77.cloudfront.net/bein5/tracks-v1a1/2026/09/13/22/12/03-05280.jpg 200 
2026-09-13 22:12:08,546 [INFO] 127.0.0.1:58188: ProtocolException("Error in HTTP connection: Http2ZombieException('Connection or stream already dead: 1789337528.4468648, False')")
2026-09-13 22:12:08,629 [INFO] Capturing request: https://android.clients.google.com/c2dm/register3
2026-09-13 22:12:09,066 [INFO] Capturing response: https://android.clients.google.com/c2dm/register3 200 
2026-09-13 22:12:09,736 [INFO]   ✅ M3U8 bulundu: https://corestream.d72377a9ds0ec71.cfd//beinmax1/tracks-v1a1/mono.m3u8
2026-09-13 22:12:09,843 [INFO] Capturing response: https://drq3pmh3yks77.cloudfront.net/beinmax1/tracks-v1a1/2026/09/13/22/12/05-10000.jpg 200 
2026-09-13 22:12:09,860 [INFO] Capturing request: https://android.clients.google.com/c2dm/register3
2026-09-13 22:12:09,926 [INFO] Capturing response: https://android.clients.google.com/c2dm/register3 301 
2026-09-13 22:12:10,127 [INFO] Capturing request: https://drq3pmh3yks77.cloudfront.net/beinmax1/tracks-v1a1/2026/09/13/22/12/15-05360.jpg
2026-09-13 22:12:10,736 [INFO] 
[7/14]
2026-09-13 22:12:10,737 [INFO] 🔍 beIN Sports Max 2 → https://www.atomsportv514.top/matches?id=bein-sports-max-2
2026-09-13 22:12:10,845 [INFO] Capturing request: https://www.atomsportv514.top/matches?id=bein-sports-max-2
2026-09-13 22:12:11,073 [INFO] Capturing response: https://www.atomsportv514.top/matches?id=bein-sports-max-2 200 
2026-09-13 22:12:11,194 [INFO] Capturing request: https://teletv5.top/load/yayinlink.php?id=bein-sports-max-2
2026-09-13 22:12:11,199 [INFO] Capturing request: https://www.atomsportv514.top/favicon.ico
2026-09-13 22:12:11,202 [INFO] Capturing response: https://drq3pmh3yks77.cloudfront.net/beinmax1/tracks-v1a1/2026/09/13/22/12/15-05360.jpg 200 
2026-09-13 22:12:11,243 [INFO] Capturing response: https://www.atomsportv514.top/favicon.ico 200 
2026-09-13 22:12:11,325 [INFO] Capturing request: https://streamsport365.com/cinema
2026-09-13 22:12:11,424 [INFO] Capturing response: https://teletv5.top/load/yayinlink.php?id=bein-sports-max-2 200 
2026-09-13 22:12:11,631 [INFO] Capturing response: https://streamsport365.com/cinema 200 
2026-09-13 22:12:11,740 [INFO] Capturing request: https://www.atomsportv514.top/assets/img/player/player_logo_6a87a2e2eecc5.png
2026-09-13 22:12:11,747 [INFO] Capturing request: https://corestream.d72377a9ds0ec71.cfd//beinmax2/tracks-v1a1/mono.m3u8
2026-09-13 22:12:11,866 [INFO] Capturing response: https://www.atomsportv514.top/assets/img/player/player_logo_6a87a2e2eecc5.png 304 
2026-09-13 22:12:11,915 [INFO] Capturing response: https://corestream.d72377a9ds0ec71.cfd//beinmax2/tracks-v1a1/mono.m3u8 200 
2026-09-13 22:12:12,023 [INFO] Capturing request: https://drq3pmh3yks77.cloudfront.net/beinmax2/tracks-v1a1/2026/09/13/22/11/32-07500.jpg
2026-09-13 22:12:13,430 [INFO] Capturing response: https://drq3pmh3yks77.cloudfront.net/beinmax2/tracks-v1a1/2026/09/13/22/11/32-07500.jpg 200 
2026-09-13 22:12:13,675 [INFO] Capturing request: https://drq3pmh3yks77.cloudfront.net/beinmax2/tracks-v1a1/2026/09/13/22/11/40-07680.jpg
2026-09-13 22:12:14,112 [INFO]   ✅ M3U8 bulundu: https://corestream.d72377a9ds0ec71.cfd//beinmax2/tracks-v1a1/mono.m3u8
2026-09-13 22:12:15,073 [INFO] Capturing response: https://drq3pmh3yks77.cloudfront.net/beinmax2/tracks-v1a1/2026/09/13/22/11/40-07680.jpg 200 
2026-09-13 22:12:15,113 [INFO] 
[8/14]
2026-09-13 22:12:15,113 [INFO] 🔍 S Sport → https://www.atomsportv514.top/matches?id=s-sport
2026-09-13 22:12:15,235 [INFO] Capturing request: https://www.atomsportv514.top/matches?id=s-sport
2026-09-13 22:12:15,316 [INFO] Capturing request: https://drq3pmh3yks77.cloudfront.net/beinmax2/tracks-v1a1/2026/09/13/22/11/47-07680.jpg
2026-09-13 22:12:15,612 [INFO] Capturing response: https://www.atomsportv514.top/matches?id=s-sport 200 
2026-09-13 22:12:15,640 [INFO] Capturing request: https://streamsport365.com/cinema
2026-09-13 22:12:15,740 [INFO] Capturing request: https://www.atomsportv514.top/favicon.ico
2026-09-13 22:12:15,741 [INFO] Capturing request: https://teletv5.top/load/yayinlink.php?id=s-sport
2026-09-13 22:12:15,786 [INFO] Capturing response: https://www.atomsportv514.top/favicon.ico 200 
2026-09-13 22:12:15,950 [INFO] Capturing response: https://streamsport365.com/cinema 200 
2026-09-13 22:12:16,029 [INFO] Capturing response: https://teletv5.top/load/yayinlink.php?id=s-sport 200 
2026-09-13 22:12:16,178 [INFO] Capturing request: https://www.atomsportv514.top/assets/img/player/player_logo_6a87a2e2eecc5.png
2026-09-13 22:12:16,186 [INFO] Capturing request: https://corestream.d72377a9ds0ec71.cfd//s-sport/tracks-v1a1/mono.m3u8
2026-09-13 22:12:16,304 [INFO] Capturing response: https://www.atomsportv514.top/assets/img/player/player_logo_6a87a2e2eecc5.png 304 
2026-09-13 22:12:16,327 [INFO] Capturing response: https://corestream.d72377a9ds0ec71.cfd//s-sport/tracks-v1a1/mono.m3u8 200 
2026-09-13 22:12:16,474 [INFO] Capturing request: https://drq3pmh3yks77.cloudfront.net/s-sport/tracks-v1a1/2026/09/13/22/13/08-05000.jpg
2026-09-13 22:12:17,765 [INFO] Capturing response: https://drq3pmh3yks77.cloudfront.net/s-sport/tracks-v1a1/2026/09/13/22/13/08-05000.jpg 200 
2026-09-13 22:12:17,958 [INFO] Capturing request: https://drq3pmh3yks77.cloudfront.net/s-sport/tracks-v1a1/2026/09/13/22/13/13-05000.jpg
2026-09-13 22:12:18,373 [INFO] Capturing response: https://drq3pmh3yks77.cloudfront.net/beinmax2/tracks-v1a1/2026/09/13/22/11/47-07680.jpg 200 
2026-09-13 22:12:18,657 [INFO]   ✅ M3U8 bulundu: https://corestream.d72377a9ds0ec71.cfd//s-sport/tracks-v1a1/mono.m3u8
2026-09-13 22:12:18,975 [INFO] Capturing response: https://drq3pmh3yks77.cloudfront.net/s-sport/tracks-v1a1/2026/09/13/22/13/13-05000.jpg 200 
2026-09-13 22:12:19,129 [INFO] Capturing request: https://drq3pmh3yks77.cloudfront.net/s-sport/tracks-v1a1/2026/09/13/22/13/18-05000.jpg
2026-09-13 22:12:19,658 [INFO] 
[9/14]
2026-09-13 22:12:19,658 [INFO] 🔍 S Sport 2 → https://www.atomsportv514.top/matches?id=s-sport-2
2026-09-13 22:12:19,767 [INFO] Capturing request: https://www.atomsportv514.top/matches?id=s-sport-2
2026-09-13 22:12:19,816 [INFO] Capturing response: https://drq3pmh3yks77.cloudfront.net/s-sport/tracks-v1a1/2026/09/13/22/13/18-05000.jpg 200 
2026-09-13 22:12:19,986 [INFO] Capturing response: https://www.atomsportv514.top/matches?id=s-sport-2 200 
2026-09-13 22:12:20,112 [INFO] Capturing request: https://teletv5.top/load/yayinlink.php?id=s-sport-2
2026-09-13 22:12:20,114 [INFO] Capturing request: https://www.atomsportv514.top/favicon.ico
2026-09-13 22:12:20,157 [INFO] Capturing response: https://www.atomsportv514.top/favicon.ico 200 
2026-09-13 22:12:20,242 [INFO] Capturing request: https://streamsport365.com/cinema
2026-09-13 22:12:20,328 [INFO] Capturing response: https://teletv5.top/load/yayinlink.php?id=s-sport-2 200 
2026-09-13 22:12:20,556 [INFO] Capturing response: https://streamsport365.com/cinema 200 
2026-09-13 22:12:20,665 [INFO] Capturing request: https://www.atomsportv514.top/assets/img/player/player_logo_6a87a2e2eecc5.png
2026-09-13 22:12:20,673 [INFO] Capturing request: https://corestream.d72377a9ds0ec71.cfd//s-sport2/tracks-v1a1/mono.m3u8
2026-09-13 22:12:20,789 [INFO] Capturing response: https://www.atomsportv514.top/assets/img/player/player_logo_6a87a2e2eecc5.png 304 
2026-09-13 22:12:20,819 [INFO] Capturing response: https://corestream.d72377a9ds0ec71.cfd//s-sport2/tracks-v1a1/mono.m3u8 200 
2026-09-13 22:12:20,927 [INFO] Capturing request: https://drq3pmh3yks77.cloudfront.net/s-sport2/tracks-v1a1/2026/09/13/22/12/44-06400.jpg
2026-09-13 22:12:22,914 [INFO] Capturing response: https://drq3pmh3yks77.cloudfront.net/s-sport2/tracks-v1a1/2026/09/13/22/12/44-06400.jpg 200 
2026-09-13 22:12:23,030 [INFO]   ✅ M3U8 bulundu: https://corestream.d72377a9ds0ec71.cfd//s-sport2/tracks-v1a1/mono.m3u8
2026-09-13 22:12:23,193 [INFO] Capturing request: https://drq3pmh3yks77.cloudfront.net/s-sport2/tracks-v1a1/2026/09/13/22/12/51-06400.jpg
2026-09-13 22:12:24,030 [INFO] 
[10/14]
2026-09-13 22:12:24,030 [INFO] 🔍 A Spor → https://www.atomsportv514.top/matches?id=a-spor
2026-09-13 22:12:24,140 [INFO] Capturing request: https://www.atomsportv514.top/matches?id=a-spor
2026-09-13 22:12:24,363 [INFO] Capturing response: https://www.atomsportv514.top/matches?id=a-spor 200 
2026-09-13 22:12:24,389 [INFO] Capturing request: https://streamsport365.com/cinema
2026-09-13 22:12:24,490 [INFO] Capturing request: https://teletv5.top/load/yayinlink.php?id=a-spor
2026-09-13 22:12:24,492 [INFO] Capturing request: https://www.atomsportv514.top/favicon.ico
2026-09-13 22:12:24,536 [INFO] Capturing response: https://www.atomsportv514.top/favicon.ico 200 
2026-09-13 22:12:24,703 [INFO] Capturing response: https://streamsport365.com/cinema 200 
2026-09-13 22:12:24,728 [INFO] Capturing response: https://teletv5.top/load/yayinlink.php?id=a-spor 200 
2026-09-13 22:12:24,879 [INFO] Capturing request: https://www.atomsportv514.top/assets/img/player/player_logo_6a87a2e2eecc5.png
2026-09-13 22:12:24,885 [INFO] Capturing request: https://corestream.d72377a9ds0ec71.cfd//aspor/tracks-v1a1/mono.m3u8
2026-09-13 22:12:25,007 [INFO] Capturing response: https://www.atomsportv514.top/assets/img/player/player_logo_6a87a2e2eecc5.png 304 
2026-09-13 22:12:25,009 [INFO] Capturing response: https://drq3pmh3yks77.cloudfront.net/s-sport2/tracks-v1a1/2026/09/13/22/12/51-06400.jpg 200 
2026-09-13 22:12:25,068 [INFO] Capturing response: https://corestream.d72377a9ds0ec71.cfd//aspor/tracks-v1a1/mono.m3u8 404 
2026-09-13 22:12:27,233 [INFO] Capturing request: https://corestream.d72377a9ds0ec71.cfd//aspor/tracks-v1a1/mono.m3u8
2026-09-13 22:12:27,378 [INFO] Capturing response: https://corestream.d72377a9ds0ec71.cfd//aspor/tracks-v1a1/mono.m3u8 404 
2026-09-13 22:12:27,402 [INFO]   ✅ M3U8 bulundu: https://corestream.d72377a9ds0ec71.cfd//aspor/tracks-v1a1/mono.m3u8
2026-09-13 22:12:28,402 [INFO] 
[11/14]
2026-09-13 22:12:28,402 [INFO] 🔍 Tivibu Spor 1 → https://www.atomsportv514.top/matches?id=tivibu-spor-1
2026-09-13 22:12:28,510 [INFO] Capturing request: https://www.atomsportv514.top/matches?id=tivibu-spor-1
2026-09-13 22:12:28,736 [INFO] Capturing response: https://www.atomsportv514.top/matches?id=tivibu-spor-1 200 
2026-09-13 22:12:28,855 [INFO] Capturing request: https://teletv5.top/load/yayinlink.php?id=tivibu-spor-1
2026-09-13 22:12:28,860 [INFO] Capturing request: https://www.atomsportv514.top/favicon.ico
2026-09-13 22:12:28,901 [INFO] Capturing response: https://www.atomsportv514.top/favicon.ico 200 
2026-09-13 22:12:28,987 [INFO] Capturing request: https://streamsport365.com/cinema
2026-09-13 22:12:29,084 [INFO] Capturing response: https://teletv5.top/load/yayinlink.php?id=tivibu-spor-1 200 
2026-09-13 22:12:29,309 [INFO] Capturing response: https://streamsport365.com/cinema 200 
2026-09-13 22:12:42,978 [INFO] Capturing request: https://update.googleapis.com/service/update2/json?cup2key=ML-DSA-44-16:APVro1eU-CVkvUmBWI4asWYpY9nVIt8xLhIysZ5EoPg&cup2hreq=2314e2018aa93a4d893da524ae6a5e95f6a87834889f44425ee4677b1038d1c6
2026-09-13 22:12:43,057 [INFO] Capturing response: https://update.googleapis.com/service/update2/json?cup2key=ML-DSA-44-16:APVro1eU-CVkvUmBWI4asWYpY9nVIt8xLhIysZ5EoPg&cup2hreq=2314e2018aa93a4d893da524ae6a5e95f6a87834889f44425ee4677b1038d1c6 200 
2026-09-13 22:12:43,064 [INFO] Capturing request: http://edgedl.me.gvt1.com/edgedl/diffgen-puffin/gcmjkmgdlgnkkcocmoeiminaijmmjnii/fc1f961a8e1d6f22b29a01eb8f62d27d7f0f928ed1b230dfa8430cc20542c1bf
2026-09-13 22:12:43,131 [INFO] Capturing response: http://edgedl.me.gvt1.com/edgedl/diffgen-puffin/gcmjkmgdlgnkkcocmoeiminaijmmjnii/fc1f961a8e1d6f22b29a01eb8f62d27d7f0f928ed1b230dfa8430cc20542c1bf 200 OK
2026-09-13 22:12:43,151 [INFO] Capturing request: https://update.googleapis.com/service/update2/json
2026-09-13 22:12:43,225 [INFO] Capturing response: https://update.googleapis.com/service/update2/json 200 
2026-09-13 22:12:43,268 [INFO] Capturing request: http://edgedl.me.gvt1.com/edgedl/release2/chrome_component/a3d7yuemjqu6kuykhfgol6lnoa_10775/hfnkpimlhhgieaddgfemjhofmfblmnib_10775_all_ltgr7n2whvpwmav5nepcg5m6xm.crx3
2026-09-13 22:12:43,366 [INFO] Capturing response: http://edgedl.me.gvt1.com/edgedl/release2/chrome_component/a3d7yuemjqu6kuykhfgol6lnoa_10775/hfnkpimlhhgieaddgfemjhofmfblmnib_10775_all_ltgr7n2whvpwmav5nepcg5m6xm.crx3 200 OK
2026-09-13 22:12:43,385 [INFO] Capturing request: https://update.googleapis.com/service/update2/json
2026-09-13 22:12:43,430 [INFO] Capturing response: https://update.googleapis.com/service/update2/json 200 
2026-09-13 22:12:50,914 [INFO] Capturing request: https://android.clients.google.com/c2dm/register3
2026-09-13 22:12:50,977 [INFO] Capturing response: https://android.clients.google.com/c2dm/register3 301 
2026-09-13 22:13:02,044 [WARNING]   ❌ Tivibu Spor 1 için M3U8 bulunamadı
2026-09-13 22:13:03,044 [INFO] 
[12/14]
2026-09-13 22:13:03,044 [INFO] 🔍 Tivibu Spor 2 → https://www.atomsportv514.top/matches?id=tivibu-spor-2
2026-09-13 22:13:03,203 [INFO] Capturing request: https://www.atomsportv514.top/matches?id=tivibu-spor-2
2026-09-13 22:13:03,776 [INFO] Capturing response: https://www.atomsportv514.top/matches?id=tivibu-spor-2 200 
2026-09-13 22:13:03,936 [INFO] Capturing request: https://www.atomsportv514.top/favicon.ico
2026-09-13 22:13:03,980 [INFO] Capturing request: https://teletv5.top/load/yayinlink.php?id=tivibu-spor-2
2026-09-13 22:13:03,997 [INFO] Capturing response: https://www.atomsportv514.top/favicon.ico 200 
2026-09-13 22:13:04,396 [INFO] Capturing request: https://streamsport365.com/cinema
2026-09-13 22:13:04,661 [INFO] Capturing response: https://teletv5.top/load/yayinlink.php?id=tivibu-spor-2 200 
2026-09-13 22:13:04,680 [INFO] Capturing response: https://streamsport365.com/cinema 200 
2026-09-13 22:13:37,126 [WARNING]   ❌ Tivibu Spor 2 için M3U8 bulunamadı
2026-09-13 22:13:38,126 [INFO] 
[13/14]
2026-09-13 22:13:38,126 [INFO] 🔍 Tivibu Spor 3 → https://www.atomsportv514.top/matches?id=tivibu-spor-3
2026-09-13 22:13:38,307 [INFO] Capturing request: https://www.atomsportv514.top/matches?id=tivibu-spor-3
2026-09-13 22:13:38,771 [INFO] Capturing response: https://www.atomsportv514.top/matches?id=tivibu-spor-3 200 
2026-09-13 22:13:38,895 [INFO] Capturing request: https://teletv5.top/load/yayinlink.php?id=tivibu-spor-3
2026-09-13 22:13:38,897 [INFO] Capturing request: https://www.atomsportv514.top/favicon.ico
2026-09-13 22:13:38,942 [INFO] Capturing response: https://www.atomsportv514.top/favicon.ico 200 
2026-09-13 22:13:39,020 [INFO] Capturing request: https://streamsport365.com/cinema
2026-09-13 22:13:39,134 [INFO] Capturing response: https://teletv5.top/load/yayinlink.php?id=tivibu-spor-3 200 
2026-09-13 22:13:39,329 [INFO] Capturing response: https://streamsport365.com/cinema 200 
2026-09-13 22:14:12,076 [WARNING]   ❌ Tivibu Spor 3 için M3U8 bulunamadı
2026-09-13 22:14:13,077 [INFO] 
[14/14]
2026-09-13 22:14:13,077 [INFO] 🔍 Tivibu Spor 4 → https://www.atomsportv514.top/matches?id=tivibu-spor-4
2026-09-13 22:14:13,186 [INFO] Capturing request: https://www.atomsportv514.top/matches?id=tivibu-spor-4
2026-09-13 22:14:13,600 [INFO] Capturing response: https://www.atomsportv514.top/matches?id=tivibu-spor-4 200 
2026-09-13 22:14:13,724 [INFO] Capturing request: https://teletv5.top/load/yayinlink.php?id=tivibu-spor-4
2026-09-13 22:14:13,724 [INFO] Capturing request: https://www.atomsportv514.top/favicon.ico
2026-09-13 22:14:13,775 [INFO] Capturing response: https://www.atomsportv514.top/favicon.ico 200 
2026-09-13 22:14:13,841 [INFO] Capturing request: https://streamsport365.com/cinema
2026-09-13 22:14:13,964 [INFO] Capturing response: https://teletv5.top/load/yayinlink.php?id=tivibu-spor-4 200 
2026-09-13 22:14:14,144 [INFO] Capturing response: https://streamsport365.com/cinema 200 
2026-09-13 22:14:40,023 [INFO] Capturing request: https://android.clients.google.com/c2dm/register3
2026-09-13 22:14:40,199 [INFO] Capturing response: https://android.clients.google.com/c2dm/register3 301 
2026-09-13 22:14:46,890 [WARNING]   ❌ Tivibu Spor 4 için M3U8 bulunamadı
2026-09-13 22:14:47,948 [INFO] ✅ 10 kanal bulundu, playlist.m3u kaydedildi
