2026-09-11 14:51:53,167 [INFO] 🌐 BASE_URL: https://www.atomsportv514.top
2026-09-11 14:51:54,352 [INFO] Başlanıyor... 14 kanal taranacak
2026-09-11 14:51:54,352 [INFO] Using default request storage
2026-09-11 14:51:54,357 [INFO] Created proxy listening on 127.0.0.1:41839
2026-09-11 14:51:55,035 [INFO] Capturing request: http://clients2.google.com/time/1/current?cup2key=10:ZpM5N6362QMmquMmKOx1NaWYQPguaUo5-N7X8lquq0I&cup2hreq=e3b0c44298fc1c149afbf4c8996fb92427ae41e4649b934ca495991b7852b855
2026-09-11 14:51:55,083 [INFO] Capturing response: http://clients2.google.com/time/1/current?cup2key=10:ZpM5N6362QMmquMmKOx1NaWYQPguaUo5-N7X8lquq0I&cup2hreq=e3b0c44298fc1c149afbf4c8996fb92427ae41e4649b934ca495991b7852b855 200 OK
2026-09-11 14:51:55,329 [INFO] 
[1/14]
2026-09-11 14:51:55,329 [INFO] 🔍 beIN Sports 1 → https://www.atomsportv514.top/matches?id=bein-sports-1
2026-09-11 14:51:55,406 [INFO] Capturing request: https://accounts.google.com/ListAccounts?gpsia=1&source=ChromiumBrowser&json=standard&laf=b64bin
2026-09-11 14:51:55,407 [INFO] Capturing request: https://update.googleapis.com/service/update2/json?cup2key=ML-DSA-44-16:1f8pjkI33nZyeFrCHuaexHrLKGJNO08RfFTKpWsOe5Q&cup2hreq=668c9e142129c7553c61567cf7b86e32e012538550e4d6706f73f5e9d8968f07
2026-09-11 14:51:55,482 [INFO] Capturing response: https://update.googleapis.com/service/update2/json?cup2key=ML-DSA-44-16:1f8pjkI33nZyeFrCHuaexHrLKGJNO08RfFTKpWsOe5Q&cup2hreq=668c9e142129c7553c61567cf7b86e32e012538550e4d6706f73f5e9d8968f07 200 
2026-09-11 14:51:55,491 [INFO] Capturing response: https://accounts.google.com/ListAccounts?gpsia=1&source=ChromiumBrowser&json=standard&laf=b64bin 200 
2026-09-11 14:51:55,497 [INFO] Capturing request: https://www.google.com/async/folae?async=_fmt:pb&udm=50&client_locale=en-US&client_country=ZZ
2026-09-11 14:51:55,527 [INFO] Capturing response: https://www.google.com/async/folae?async=_fmt:pb&udm=50&client_locale=en-US&client_country=ZZ 200 
2026-09-11 14:51:55,537 [INFO] Capturing request: https://update.googleapis.com/service/update2/json?cup2key=ML-DSA-44-16:rH1hIw_8mMR6rltX6RAbe3Lv5BZqm-rurbpeN5KnWHA&cup2hreq=e705dc545371b5ad5334f0ad1d7adc3589a0a7f29072af99dc2df290827d2b2b
2026-09-11 14:51:55,573 [INFO] Capturing response: https://update.googleapis.com/service/update2/json?cup2key=ML-DSA-44-16:rH1hIw_8mMR6rltX6RAbe3Lv5BZqm-rurbpeN5KnWHA&cup2hreq=e705dc545371b5ad5334f0ad1d7adc3589a0a7f29072af99dc2df290827d2b2b 200 
2026-09-11 14:51:55,585 [INFO] Capturing request: https://www.atomsportv514.top/matches?id=bein-sports-1
2026-09-11 14:51:55,624 [INFO] Capturing request: https://update.googleapis.com/service/update2/json?cup2key=ML-DSA-44-16:HI8TFPRuH0sPrhtlpb24NFF9o1ByNAcB-e8rihDjPYQ&cup2hreq=03aac871f549535e3fa8a094f3e33efc0ef867b1f98176e4de1d6d2f86dc9068
2026-09-11 14:51:55,658 [INFO] Capturing response: https://update.googleapis.com/service/update2/json?cup2key=ML-DSA-44-16:HI8TFPRuH0sPrhtlpb24NFF9o1ByNAcB-e8rihDjPYQ&cup2hreq=03aac871f549535e3fa8a094f3e33efc0ef867b1f98176e4de1d6d2f86dc9068 200 
2026-09-11 14:51:55,739 [INFO] Capturing request: https://www.google.com/async/folae?async=_fmt:pb&udm=50&client_locale=en-US&client_country=ZZ
2026-09-11 14:51:55,764 [INFO] Capturing response: https://www.google.com/async/folae?async=_fmt:pb&udm=50&client_locale=en-US&client_country=ZZ 200 
2026-09-11 14:51:56,051 [INFO] Capturing response: https://www.atomsportv514.top/matches?id=bein-sports-1 200 
2026-09-11 14:51:56,262 [INFO] Capturing request: https://cdn.jsdelivr.net/npm/@clappr/player@0.11.16/dist/clappr.min.js
2026-09-11 14:51:56,264 [INFO] Capturing request: https://cdn.jsdelivr.net/npm/@clappr/hlsjs-playback@1.8.3/dist/hlsjs-playback.min.js
2026-09-11 14:51:56,266 [INFO] Capturing request: https://cdn.jsdelivr.net/npm/level-selector/dist/level-selector.min.js
2026-09-11 14:51:56,296 [INFO] Capturing response: https://cdn.jsdelivr.net/npm/level-selector/dist/level-selector.min.js 200 
2026-09-11 14:51:56,337 [INFO] Capturing response: https://cdn.jsdelivr.net/npm/@clappr/player@0.11.16/dist/clappr.min.js 200 
2026-09-11 14:51:56,350 [INFO] Capturing response: https://cdn.jsdelivr.net/npm/@clappr/hlsjs-playback@1.8.3/dist/hlsjs-playback.min.js 200 
2026-09-11 14:51:56,559 [INFO] Capturing request: https://www.atomsportv514.top/favicon.ico
2026-09-11 14:51:56,620 [INFO] Capturing response: https://www.atomsportv514.top/favicon.ico 200 
2026-09-11 14:51:56,659 [INFO] Capturing request: https://teletv5.top/load/yayinlink.php?id=bein-sports-1
2026-09-11 14:51:57,053 [INFO] Capturing request: https://streamsport365.com/cinema
2026-09-11 14:51:57,103 [INFO] Capturing response: https://teletv5.top/load/yayinlink.php?id=bein-sports-1 200 
2026-09-11 14:51:57,296 [INFO] Capturing response: https://streamsport365.com/cinema 200 
2026-09-11 14:51:57,428 [INFO] Capturing request: https://www.atomsportv514.top/assets/img/player/player_logo_6a87a2e2eecc5.png
2026-09-11 14:51:57,498 [INFO] Capturing response: https://www.atomsportv514.top/assets/img/player/player_logo_6a87a2e2eecc5.png 200 
2026-09-11 14:51:57,589 [INFO] Capturing request: https://corestream.d72377a9ds0ec24.cfd//beintv/tracks-v1a1/mono.m3u8
2026-09-11 14:51:57,607 [INFO] Capturing response: https://corestream.d72377a9ds0ec24.cfd//beintv/tracks-v1a1/mono.m3u8 403 
2026-09-11 14:51:58,271 [INFO] Capturing request: https://android.clients.google.com/checkin
2026-09-11 14:51:58,367 [INFO] Capturing response: https://android.clients.google.com/checkin 200 
2026-09-11 14:51:58,416 [INFO] Capturing request: https://android.clients.google.com/c2dm/register3
2026-09-11 14:51:58,420 [INFO] Capturing request: https://android.clients.google.com/c2dm/register3
2026-09-11 14:51:58,420 [INFO] Capturing request: https://android.clients.google.com/c2dm/register3
2026-09-11 14:51:58,465 [INFO] Capturing response: https://android.clients.google.com/c2dm/register3 200 
2026-09-11 14:51:58,474 [INFO] Capturing response: https://android.clients.google.com/c2dm/register3 200 
2026-09-11 14:51:58,480 [INFO] Capturing response: https://android.clients.google.com/c2dm/register3 200 
2026-09-11 14:51:59,482 [INFO]   ✅ M3U8 bulundu: https://corestream.d72377a9ds0ec24.cfd//beintv/tracks-v1a1/mono.m3u8
2026-09-11 14:51:59,733 [INFO] Capturing request: https://corestream.d72377a9ds0ec24.cfd//beintv/tracks-v1a1/mono.m3u8
2026-09-11 14:51:59,745 [INFO] Capturing response: https://corestream.d72377a9ds0ec24.cfd//beintv/tracks-v1a1/mono.m3u8 403 
2026-09-11 14:52:00,482 [INFO] 
[2/14]
2026-09-11 14:52:00,482 [INFO] 🔍 beIN Sports 2 → https://www.atomsportv514.top/matches?id=bein-sports-2
2026-09-11 14:52:00,591 [INFO] Capturing request: https://www.atomsportv514.top/matches?id=bein-sports-2
2026-09-11 14:52:00,797 [INFO] Capturing response: https://www.atomsportv514.top/matches?id=bein-sports-2 200 
2026-09-11 14:52:00,847 [INFO] Capturing request: https://streamsport365.com/cinema
2026-09-11 14:52:00,945 [INFO] Capturing request: https://teletv5.top/load/yayinlink.php?id=bein-sports-2
2026-09-11 14:52:00,949 [INFO] Capturing request: https://www.atomsportv514.top/favicon.ico
2026-09-11 14:52:01,001 [INFO] Capturing response: https://www.atomsportv514.top/favicon.ico 200 
2026-09-11 14:52:01,078 [INFO] Capturing response: https://streamsport365.com/cinema 200 
2026-09-11 14:52:01,293 [INFO] Capturing response: https://teletv5.top/load/yayinlink.php?id=bein-sports-2 200 
2026-09-11 14:52:01,405 [INFO] Capturing request: https://www.atomsportv514.top/assets/img/player/player_logo_6a87a2e2eecc5.png
2026-09-11 14:52:01,414 [INFO] Capturing request: https://corestream.d72377a9ds0ec24.cfd//bein2/tracks-v1a1/mono.m3u8
2026-09-11 14:52:01,427 [INFO] Capturing response: https://corestream.d72377a9ds0ec24.cfd//bein2/tracks-v1a1/mono.m3u8 403 
2026-09-11 14:52:01,538 [INFO] Capturing response: https://www.atomsportv514.top/assets/img/player/player_logo_6a87a2e2eecc5.png 304 
2026-09-11 14:52:03,545 [INFO] Capturing request: https://corestream.d72377a9ds0ec24.cfd//bein2/tracks-v1a1/mono.m3u8
2026-09-11 14:52:03,557 [INFO] Capturing response: https://corestream.d72377a9ds0ec24.cfd//bein2/tracks-v1a1/mono.m3u8 403 
2026-09-11 14:52:03,859 [INFO]   ✅ M3U8 bulundu: https://corestream.d72377a9ds0ec24.cfd//bein2/tracks-v1a1/mono.m3u8
2026-09-11 14:52:04,860 [INFO] 
[3/14]
2026-09-11 14:52:04,860 [INFO] 🔍 beIN Sports 3 → https://www.atomsportv514.top/matches?id=bein-sports-3
2026-09-11 14:52:04,969 [INFO] Capturing request: https://www.atomsportv514.top/matches?id=bein-sports-3
2026-09-11 14:52:05,188 [INFO] Capturing response: https://www.atomsportv514.top/matches?id=bein-sports-3 200 
2026-09-11 14:52:05,313 [INFO] Capturing request: https://teletv5.top/load/yayinlink.php?id=bein-sports-3
2026-09-11 14:52:05,316 [INFO] Capturing request: https://www.atomsportv514.top/favicon.ico
2026-09-11 14:52:05,372 [INFO] Capturing response: https://www.atomsportv514.top/favicon.ico 200 
2026-09-11 14:52:05,408 [INFO] Capturing request: https://streamsport365.com/cinema
2026-09-11 14:52:05,497 [INFO] Capturing response: https://teletv5.top/load/yayinlink.php?id=bein-sports-3 200 
2026-09-11 14:52:05,650 [INFO] Capturing response: https://streamsport365.com/cinema 200 
2026-09-11 14:52:05,760 [INFO] Capturing request: https://www.atomsportv514.top/assets/img/player/player_logo_6a87a2e2eecc5.png
2026-09-11 14:52:05,771 [INFO] Capturing request: https://corestream.d72377a9ds0ec24.cfd//bein3/tracks-v1a1/mono.m3u8
2026-09-11 14:52:05,785 [INFO] Capturing response: https://corestream.d72377a9ds0ec24.cfd//bein3/tracks-v1a1/mono.m3u8 403 
2026-09-11 14:52:05,895 [INFO] Capturing response: https://www.atomsportv514.top/assets/img/player/player_logo_6a87a2e2eecc5.png 304 
2026-09-11 14:52:07,902 [INFO] Capturing request: https://corestream.d72377a9ds0ec24.cfd//bein3/tracks-v1a1/mono.m3u8
2026-09-11 14:52:07,914 [INFO] Capturing response: https://corestream.d72377a9ds0ec24.cfd//bein3/tracks-v1a1/mono.m3u8 403 
2026-09-11 14:52:08,225 [INFO]   ✅ M3U8 bulundu: https://corestream.d72377a9ds0ec24.cfd//bein3/tracks-v1a1/mono.m3u8
2026-09-11 14:52:09,226 [INFO] 
[4/14]
2026-09-11 14:52:09,226 [INFO] 🔍 beIN Sports 4 → https://www.atomsportv514.top/matches?id=bein-sports-4
2026-09-11 14:52:09,333 [INFO] Capturing request: https://www.atomsportv514.top/matches?id=bein-sports-4
2026-09-11 14:52:09,535 [INFO] Capturing response: https://www.atomsportv514.top/matches?id=bein-sports-4 200 
2026-09-11 14:52:09,558 [INFO] Capturing request: https://streamsport365.com/cinema
2026-09-11 14:52:09,659 [INFO] Capturing request: https://teletv5.top/load/yayinlink.php?id=bein-sports-4
2026-09-11 14:52:09,662 [INFO] Capturing request: https://www.atomsportv514.top/favicon.ico
2026-09-11 14:52:09,731 [INFO] Capturing response: https://www.atomsportv514.top/favicon.ico 200 
2026-09-11 14:52:09,801 [INFO] Capturing response: https://streamsport365.com/cinema 200 
2026-09-11 14:52:09,836 [INFO] Capturing response: https://teletv5.top/load/yayinlink.php?id=bein-sports-4 200 
2026-09-11 14:52:09,987 [INFO] Capturing request: https://www.atomsportv514.top/assets/img/player/player_logo_6a87a2e2eecc5.png
2026-09-11 14:52:09,997 [INFO] Capturing request: https://corestream.d72377a9ds0ec24.cfd//bein4/tracks-v1a1/mono.m3u8
2026-09-11 14:52:10,012 [INFO] Capturing response: https://corestream.d72377a9ds0ec24.cfd//bein4/tracks-v1a1/mono.m3u8 403 
2026-09-11 14:52:10,117 [INFO] Capturing response: https://www.atomsportv514.top/assets/img/player/player_logo_6a87a2e2eecc5.png 304 
2026-09-11 14:52:12,129 [INFO] Capturing request: https://corestream.d72377a9ds0ec24.cfd//bein4/tracks-v1a1/mono.m3u8
2026-09-11 14:52:12,144 [INFO] Capturing response: https://corestream.d72377a9ds0ec24.cfd//bein4/tracks-v1a1/mono.m3u8 403 
2026-09-11 14:52:12,574 [INFO]   ✅ M3U8 bulundu: https://corestream.d72377a9ds0ec24.cfd//bein4/tracks-v1a1/mono.m3u8
2026-09-11 14:52:13,574 [INFO] 
[5/14]
2026-09-11 14:52:13,574 [INFO] 🔍 beIN Sports 5 → https://www.atomsportv514.top/matches?id=bein-sports-5
2026-09-11 14:52:13,682 [INFO] Capturing request: https://www.atomsportv514.top/matches?id=bein-sports-5
2026-09-11 14:52:14,263 [INFO] Capturing request: https://corestream.d72377a9ds0ec24.cfd//bein4/tracks-v1a1/mono.m3u8
2026-09-11 14:52:14,275 [INFO] Capturing response: https://corestream.d72377a9ds0ec24.cfd//bein4/tracks-v1a1/mono.m3u8 403 
2026-09-11 14:52:14,353 [INFO] Capturing response: https://www.atomsportv514.top/matches?id=bein-sports-5 200 
2026-09-11 14:52:14,476 [INFO] Capturing request: https://teletv5.top/load/yayinlink.php?id=bein-sports-5
2026-09-11 14:52:14,479 [INFO] Capturing request: https://www.atomsportv514.top/favicon.ico
2026-09-11 14:52:14,559 [INFO] Capturing response: https://www.atomsportv514.top/favicon.ico 200 
2026-09-11 14:52:14,571 [INFO] Capturing request: https://streamsport365.com/cinema
2026-09-11 14:52:14,668 [INFO] Capturing response: https://teletv5.top/load/yayinlink.php?id=bein-sports-5 200 
2026-09-11 14:52:14,818 [INFO] Capturing response: https://streamsport365.com/cinema 200 
2026-09-11 14:52:14,929 [INFO] Capturing request: https://www.atomsportv514.top/assets/img/player/player_logo_6a87a2e2eecc5.png
2026-09-11 14:52:14,940 [INFO] Capturing request: https://corestream.d72377a9ds0ec24.cfd//bein5/tracks-v1a1/mono.m3u8
2026-09-11 14:52:14,963 [INFO] Capturing response: https://corestream.d72377a9ds0ec24.cfd//bein5/tracks-v1a1/mono.m3u8 403 
2026-09-11 14:52:15,061 [INFO] Capturing response: https://www.atomsportv514.top/assets/img/player/player_logo_6a87a2e2eecc5.png 304 
2026-09-11 14:52:17,081 [INFO] Capturing request: https://corestream.d72377a9ds0ec24.cfd//bein5/tracks-v1a1/mono.m3u8
2026-09-11 14:52:17,093 [INFO] Capturing response: https://corestream.d72377a9ds0ec24.cfd//bein5/tracks-v1a1/mono.m3u8 403 
2026-09-11 14:52:17,391 [INFO]   ✅ M3U8 bulundu: https://corestream.d72377a9ds0ec24.cfd//bein4/tracks-v1a1/mono.m3u8
2026-09-11 14:52:18,391 [INFO] 
[6/14]
2026-09-11 14:52:18,392 [INFO] 🔍 beIN Sports Max 1 → https://www.atomsportv514.top/matches?id=bein-sports-max-1
2026-09-11 14:52:18,500 [INFO] Capturing request: https://www.atomsportv514.top/matches?id=bein-sports-max-1
2026-09-11 14:52:18,707 [INFO] Capturing response: https://www.atomsportv514.top/matches?id=bein-sports-max-1 200 
2026-09-11 14:52:18,738 [INFO] Capturing request: https://streamsport365.com/cinema
2026-09-11 14:52:18,832 [INFO] Capturing request: https://teletv5.top/load/yayinlink.php?id=bein-sports-max-1
2026-09-11 14:52:18,838 [INFO] Capturing request: https://www.atomsportv514.top/favicon.ico
2026-09-11 14:52:18,919 [INFO] Capturing response: https://www.atomsportv514.top/favicon.ico 200 
2026-09-11 14:52:18,973 [INFO] Capturing response: https://streamsport365.com/cinema 200 
2026-09-11 14:52:19,029 [INFO] Capturing response: https://teletv5.top/load/yayinlink.php?id=bein-sports-max-1 200 
2026-09-11 14:52:19,057 [INFO] Capturing request: https://android.clients.google.com/c2dm/register3
2026-09-11 14:52:19,111 [INFO] Capturing response: https://android.clients.google.com/c2dm/register3 301 
2026-09-11 14:52:19,180 [INFO] Capturing request: https://www.atomsportv514.top/assets/img/player/player_logo_6a87a2e2eecc5.png
2026-09-11 14:52:19,190 [INFO] Capturing request: https://corestream.d72377a9ds0ec24.cfd//beinmax1/tracks-v1a1/mono.m3u8
2026-09-11 14:52:19,203 [INFO] Capturing response: https://corestream.d72377a9ds0ec24.cfd//beinmax1/tracks-v1a1/mono.m3u8 403 
2026-09-11 14:52:19,309 [INFO] Capturing response: https://www.atomsportv514.top/assets/img/player/player_logo_6a87a2e2eecc5.png 304 
2026-09-11 14:52:21,321 [INFO] Capturing request: https://corestream.d72377a9ds0ec24.cfd//beinmax1/tracks-v1a1/mono.m3u8
2026-09-11 14:52:21,332 [INFO] Capturing response: https://corestream.d72377a9ds0ec24.cfd//beinmax1/tracks-v1a1/mono.m3u8 403 
2026-09-11 14:52:21,747 [INFO]   ✅ M3U8 bulundu: https://corestream.d72377a9ds0ec24.cfd//beinmax1/tracks-v1a1/mono.m3u8
2026-09-11 14:52:22,747 [INFO] 
[7/14]
2026-09-11 14:52:22,747 [INFO] 🔍 beIN Sports Max 2 → https://www.atomsportv514.top/matches?id=bein-sports-max-2
2026-09-11 14:52:22,856 [INFO] Capturing request: https://www.atomsportv514.top/matches?id=bein-sports-max-2
2026-09-11 14:52:23,067 [INFO] Capturing response: https://www.atomsportv514.top/matches?id=bein-sports-max-2 200 
2026-09-11 14:52:23,191 [INFO] Capturing request: https://teletv5.top/load/yayinlink.php?id=bein-sports-max-2
2026-09-11 14:52:23,193 [INFO] Capturing request: https://www.atomsportv514.top/favicon.ico
2026-09-11 14:52:23,251 [INFO] Capturing response: https://www.atomsportv514.top/favicon.ico 200 
2026-09-11 14:52:23,283 [INFO] Capturing request: https://streamsport365.com/cinema
2026-09-11 14:52:23,384 [INFO] Capturing response: https://teletv5.top/load/yayinlink.php?id=bein-sports-max-2 200 
2026-09-11 14:52:23,518 [INFO] Capturing response: https://streamsport365.com/cinema 200 
2026-09-11 14:52:23,628 [INFO] Capturing request: https://www.atomsportv514.top/assets/img/player/player_logo_6a87a2e2eecc5.png
2026-09-11 14:52:23,638 [INFO] Capturing request: https://corestream.d72377a9ds0ec24.cfd//beinmax2/tracks-v1a1/mono.m3u8
2026-09-11 14:52:23,653 [INFO] Capturing response: https://corestream.d72377a9ds0ec24.cfd//beinmax2/tracks-v1a1/mono.m3u8 403 
2026-09-11 14:52:23,762 [INFO] Capturing response: https://www.atomsportv514.top/assets/img/player/player_logo_6a87a2e2eecc5.png 304 
2026-09-11 14:52:25,651 [INFO] Capturing request: https://android.clients.google.com/c2dm/register3
2026-09-11 14:52:25,771 [INFO] Capturing request: https://corestream.d72377a9ds0ec24.cfd//beinmax2/tracks-v1a1/mono.m3u8
2026-09-11 14:52:25,783 [INFO] Capturing response: https://corestream.d72377a9ds0ec24.cfd//beinmax2/tracks-v1a1/mono.m3u8 403 
2026-09-11 14:52:26,105 [INFO]   ✅ M3U8 bulundu: https://corestream.d72377a9ds0ec24.cfd//beinmax2/tracks-v1a1/mono.m3u8
2026-09-11 14:52:27,105 [INFO] 
[8/14]
2026-09-11 14:52:27,105 [INFO] 🔍 S Sport → https://www.atomsportv514.top/matches?id=s-sport
2026-09-11 14:52:27,213 [INFO] Capturing request: https://www.atomsportv514.top/matches?id=s-sport
2026-09-11 14:52:27,578 [INFO] Capturing response: https://www.atomsportv514.top/matches?id=s-sport 200 
2026-09-11 14:52:27,610 [INFO] Capturing request: https://streamsport365.com/cinema
2026-09-11 14:52:27,708 [INFO] Capturing request: https://teletv5.top/load/yayinlink.php?id=s-sport
2026-09-11 14:52:27,711 [INFO] Capturing request: https://www.atomsportv514.top/favicon.ico
2026-09-11 14:52:27,771 [INFO] Capturing response: https://www.atomsportv514.top/favicon.ico 200 
2026-09-11 14:52:27,853 [INFO] Capturing response: https://streamsport365.com/cinema 200 
2026-09-11 14:52:28,091 [INFO] Capturing response: https://teletv5.top/load/yayinlink.php?id=s-sport 200 
2026-09-11 14:52:28,197 [INFO] Capturing request: https://android.clients.google.com/c2dm/register3
2026-09-11 14:52:28,244 [INFO] Capturing request: https://www.atomsportv514.top/assets/img/player/player_logo_6a87a2e2eecc5.png
2026-09-11 14:52:28,254 [INFO] Capturing request: https://corestream.d72377a9ds0ec24.cfd//s-sport/tracks-v1a1/mono.m3u8
2026-09-11 14:52:28,270 [INFO] Capturing response: https://corestream.d72377a9ds0ec24.cfd//s-sport/tracks-v1a1/mono.m3u8 403 
2026-09-11 14:52:28,388 [INFO] Capturing response: https://www.atomsportv514.top/assets/img/player/player_logo_6a87a2e2eecc5.png 304 
2026-09-11 14:52:28,616 [INFO] Capturing response: https://android.clients.google.com/c2dm/register3 200 
2026-09-11 14:52:30,389 [INFO] Capturing request: https://corestream.d72377a9ds0ec24.cfd//s-sport/tracks-v1a1/mono.m3u8
2026-09-11 14:52:30,400 [INFO] Capturing response: https://corestream.d72377a9ds0ec24.cfd//s-sport/tracks-v1a1/mono.m3u8 403 
2026-09-11 14:52:30,621 [INFO]   ✅ M3U8 bulundu: https://corestream.d72377a9ds0ec24.cfd//s-sport/tracks-v1a1/mono.m3u8
2026-09-11 14:52:31,425 [INFO] Capturing response: https://android.clients.google.com/c2dm/register3 200 
2026-09-11 14:52:31,622 [INFO] 
[9/14]
2026-09-11 14:52:31,622 [INFO] 🔍 S Sport 2 → https://www.atomsportv514.top/matches?id=s-sport-2
2026-09-11 14:52:31,731 [INFO] Capturing request: https://www.atomsportv514.top/matches?id=s-sport-2
2026-09-11 14:52:31,931 [INFO] Capturing response: https://www.atomsportv514.top/matches?id=s-sport-2 200 
2026-09-11 14:52:32,058 [INFO] Capturing request: https://teletv5.top/load/yayinlink.php?id=s-sport-2
2026-09-11 14:52:32,061 [INFO] Capturing request: https://www.atomsportv514.top/favicon.ico
2026-09-11 14:52:32,119 [INFO] Capturing response: https://www.atomsportv514.top/favicon.ico 200 
2026-09-11 14:52:32,152 [INFO] Capturing request: https://streamsport365.com/cinema
2026-09-11 14:52:32,252 [INFO] Capturing response: https://teletv5.top/load/yayinlink.php?id=s-sport-2 200 
2026-09-11 14:52:32,396 [INFO] Capturing response: https://streamsport365.com/cinema 200 
2026-09-11 14:52:32,507 [INFO] Capturing request: https://www.atomsportv514.top/assets/img/player/player_logo_6a87a2e2eecc5.png
2026-09-11 14:52:32,517 [INFO] Capturing request: https://corestream.d72377a9ds0ec24.cfd//s-sport2/tracks-v1a1/mono.m3u8
2026-09-11 14:52:32,532 [INFO] Capturing response: https://corestream.d72377a9ds0ec24.cfd//s-sport2/tracks-v1a1/mono.m3u8 403 
2026-09-11 14:52:32,642 [INFO] Capturing response: https://www.atomsportv514.top/assets/img/player/player_logo_6a87a2e2eecc5.png 304 
2026-09-11 14:52:34,650 [INFO] Capturing request: https://corestream.d72377a9ds0ec24.cfd//s-sport2/tracks-v1a1/mono.m3u8
2026-09-11 14:52:34,660 [INFO] Capturing response: https://corestream.d72377a9ds0ec24.cfd//s-sport2/tracks-v1a1/mono.m3u8 403 
2026-09-11 14:52:34,973 [INFO]   ✅ M3U8 bulundu: https://corestream.d72377a9ds0ec24.cfd//s-sport2/tracks-v1a1/mono.m3u8
2026-09-11 14:52:35,973 [INFO] 
[10/14]
2026-09-11 14:52:35,973 [INFO] 🔍 A Spor → https://www.atomsportv514.top/matches?id=a-spor
2026-09-11 14:52:36,082 [INFO] Capturing request: https://www.atomsportv514.top/matches?id=a-spor
2026-09-11 14:52:36,295 [INFO] Capturing response: https://www.atomsportv514.top/matches?id=a-spor 200 
2026-09-11 14:52:36,324 [INFO] Capturing request: https://streamsport365.com/cinema
2026-09-11 14:52:36,424 [INFO] Capturing request: https://teletv5.top/load/yayinlink.php?id=a-spor
2026-09-11 14:52:36,427 [INFO] Capturing request: https://www.atomsportv514.top/favicon.ico
2026-09-11 14:52:36,481 [INFO] Capturing response: https://www.atomsportv514.top/favicon.ico 200 
2026-09-11 14:52:36,564 [INFO] Capturing response: https://streamsport365.com/cinema 200 
2026-09-11 14:52:36,599 [INFO] Capturing response: https://teletv5.top/load/yayinlink.php?id=a-spor 200 
2026-09-11 14:52:36,750 [INFO] Capturing request: https://www.atomsportv514.top/assets/img/player/player_logo_6a87a2e2eecc5.png
2026-09-11 14:52:36,759 [INFO] Capturing request: https://corestream.d72377a9ds0ec24.cfd//aspor/tracks-v1a1/mono.m3u8
2026-09-11 14:52:36,773 [INFO] Capturing response: https://corestream.d72377a9ds0ec24.cfd//aspor/tracks-v1a1/mono.m3u8 403 
2026-09-11 14:52:36,882 [INFO] Capturing response: https://www.atomsportv514.top/assets/img/player/player_logo_6a87a2e2eecc5.png 304 
2026-09-11 14:52:38,893 [INFO] Capturing request: https://corestream.d72377a9ds0ec24.cfd//aspor/tracks-v1a1/mono.m3u8
2026-09-11 14:52:38,904 [INFO] Capturing response: https://corestream.d72377a9ds0ec24.cfd//aspor/tracks-v1a1/mono.m3u8 403 
2026-09-11 14:52:39,338 [INFO]   ✅ M3U8 bulundu: https://corestream.d72377a9ds0ec24.cfd//aspor/tracks-v1a1/mono.m3u8
2026-09-11 14:52:40,338 [INFO] 
[11/14]
2026-09-11 14:52:40,338 [INFO] 🔍 Tivibu Spor 1 → https://www.atomsportv514.top/matches?id=tivibu-spor-1
2026-09-11 14:52:40,447 [INFO] Capturing request: https://www.atomsportv514.top/matches?id=tivibu-spor-1
2026-09-11 14:52:40,672 [INFO] Capturing response: https://www.atomsportv514.top/matches?id=tivibu-spor-1 200 
2026-09-11 14:52:40,801 [INFO] Capturing request: https://teletv5.top/load/yayinlink.php?id=tivibu-spor-1
2026-09-11 14:52:40,803 [INFO] Capturing request: https://www.atomsportv514.top/favicon.ico
2026-09-11 14:52:40,857 [INFO] Capturing response: https://www.atomsportv514.top/favicon.ico 200 
2026-09-11 14:52:40,896 [INFO] Capturing request: https://streamsport365.com/cinema
2026-09-11 14:52:41,132 [INFO] Capturing response: https://streamsport365.com/cinema 200 
2026-09-11 14:52:41,397 [INFO] Capturing response: https://teletv5.top/load/yayinlink.php?id=tivibu-spor-1 200 
2026-09-11 14:52:55,031 [INFO] Capturing request: https://update.googleapis.com/service/update2/json?cup2key=ML-DSA-44-16:WjM74Yka47TQ9gI-LU8SuSWZDuR9fre5sbXLBbAzYI8&cup2hreq=a2c4161bddc0e3f59f71e4ffedd75aa767c622c421f55459df62bc2871d39f97
2026-09-11 14:52:55,066 [INFO] Capturing response: https://update.googleapis.com/service/update2/json?cup2key=ML-DSA-44-16:WjM74Yka47TQ9gI-LU8SuSWZDuR9fre5sbXLBbAzYI8&cup2hreq=a2c4161bddc0e3f59f71e4ffedd75aa767c622c421f55459df62bc2871d39f97 200 
2026-09-11 14:52:55,076 [INFO] Capturing request: http://edgedl.me.gvt1.com/edgedl/diffgen-puffin/gcmjkmgdlgnkkcocmoeiminaijmmjnii/fc1f961a8e1d6f22b29a01eb8f62d27d7f0f928ed1b230dfa8430cc20542c1bf
2026-09-11 14:52:55,105 [INFO] Capturing response: http://edgedl.me.gvt1.com/edgedl/diffgen-puffin/gcmjkmgdlgnkkcocmoeiminaijmmjnii/fc1f961a8e1d6f22b29a01eb8f62d27d7f0f928ed1b230dfa8430cc20542c1bf 200 OK
2026-09-11 14:52:55,134 [INFO] Capturing request: https://update.googleapis.com/service/update2/json
2026-09-11 14:52:55,163 [INFO] Capturing response: https://update.googleapis.com/service/update2/json 200 
2026-09-11 14:52:55,208 [INFO] Capturing request: http://edgedl.me.gvt1.com/edgedl/release2/chrome_component/admseu3jo3sdulu2mmr7icmxgkaq_10770/hfnkpimlhhgieaddgfemjhofmfblmnib_10770_all_nx35wgu5lejpkydvpvvo2imcmi.crx3
2026-09-11 14:52:55,247 [INFO] Capturing response: http://edgedl.me.gvt1.com/edgedl/release2/chrome_component/admseu3jo3sdulu2mmr7icmxgkaq_10770/hfnkpimlhhgieaddgfemjhofmfblmnib_10770_all_nx35wgu5lejpkydvpvvo2imcmi.crx3 200 OK
2026-09-11 14:52:55,278 [INFO] Capturing request: https://update.googleapis.com/service/update2/json
2026-09-11 14:52:55,304 [INFO] Capturing response: https://update.googleapis.com/service/update2/json 200 
2026-09-11 14:53:03,226 [INFO] Capturing request: https://android.clients.google.com/c2dm/register3
2026-09-11 14:53:03,283 [INFO] Capturing response: https://android.clients.google.com/c2dm/register3 301 
2026-09-11 14:53:13,986 [WARNING]   ❌ Tivibu Spor 1 için M3U8 bulunamadı
2026-09-11 14:53:14,986 [INFO] 
[12/14]
2026-09-11 14:53:14,987 [INFO] 🔍 Tivibu Spor 2 → https://www.atomsportv514.top/matches?id=tivibu-spor-2
2026-09-11 14:53:15,143 [INFO] Capturing request: https://www.atomsportv514.top/matches?id=tivibu-spor-2
2026-09-11 14:53:15,897 [INFO] Capturing response: https://www.atomsportv514.top/matches?id=tivibu-spor-2 200 
2026-09-11 14:53:16,061 [INFO] Capturing request: https://www.atomsportv514.top/favicon.ico
2026-09-11 14:53:16,099 [INFO] Capturing request: https://teletv5.top/load/yayinlink.php?id=tivibu-spor-2
2026-09-11 14:53:16,132 [INFO] Capturing response: https://www.atomsportv514.top/favicon.ico 200 
2026-09-11 14:53:16,478 [INFO] Capturing response: https://teletv5.top/load/yayinlink.php?id=tivibu-spor-2 200 
2026-09-11 14:53:16,550 [INFO] Capturing request: https://streamsport365.com/cinema
2026-09-11 14:53:16,796 [INFO] Capturing response: https://streamsport365.com/cinema 200 
2026-09-11 14:53:49,200 [WARNING]   ❌ Tivibu Spor 2 için M3U8 bulunamadı
2026-09-11 14:53:50,200 [INFO] 
[13/14]
2026-09-11 14:53:50,200 [INFO] 🔍 Tivibu Spor 3 → https://www.atomsportv514.top/matches?id=tivibu-spor-3
2026-09-11 14:53:50,310 [INFO] Capturing request: https://www.atomsportv514.top/matches?id=tivibu-spor-3
2026-09-11 14:53:50,684 [INFO] Capturing response: https://www.atomsportv514.top/matches?id=tivibu-spor-3 200 
2026-09-11 14:53:50,811 [INFO] Capturing request: https://teletv5.top/load/yayinlink.php?id=tivibu-spor-3
2026-09-11 14:53:50,813 [INFO] Capturing request: https://www.atomsportv514.top/favicon.ico
2026-09-11 14:53:50,861 [INFO] Capturing response: https://www.atomsportv514.top/favicon.ico 200 
2026-09-11 14:53:50,903 [INFO] Capturing request: https://streamsport365.com/cinema
2026-09-11 14:53:51,005 [INFO] Capturing response: https://teletv5.top/load/yayinlink.php?id=tivibu-spor-3 200 
2026-09-11 14:53:51,146 [INFO] Capturing response: https://streamsport365.com/cinema 200 
2026-09-11 14:54:23,962 [WARNING]   ❌ Tivibu Spor 3 için M3U8 bulunamadı
2026-09-11 14:54:24,963 [INFO] 
[14/14]
2026-09-11 14:54:24,963 [INFO] 🔍 Tivibu Spor 4 → https://www.atomsportv514.top/matches?id=tivibu-spor-4
2026-09-11 14:54:25,071 [INFO] Capturing request: https://www.atomsportv514.top/matches?id=tivibu-spor-4
2026-09-11 14:54:25,467 [INFO] Capturing response: https://www.atomsportv514.top/matches?id=tivibu-spor-4 200 
2026-09-11 14:54:25,595 [INFO] Capturing request: https://teletv5.top/load/yayinlink.php?id=tivibu-spor-4
2026-09-11 14:54:25,598 [INFO] Capturing request: https://www.atomsportv514.top/favicon.ico
2026-09-11 14:54:25,654 [INFO] Capturing response: https://www.atomsportv514.top/favicon.ico 200 
2026-09-11 14:54:25,689 [INFO] Capturing request: https://streamsport365.com/cinema
2026-09-11 14:54:25,786 [INFO] Capturing response: https://teletv5.top/load/yayinlink.php?id=tivibu-spor-4 200 
2026-09-11 14:54:25,932 [INFO] Capturing response: https://streamsport365.com/cinema 200 
2026-09-11 14:54:45,152 [INFO] Capturing request: https://android.clients.google.com/c2dm/register3
2026-09-11 14:54:45,206 [INFO] Capturing response: https://android.clients.google.com/c2dm/register3 429 
2026-09-11 14:54:58,751 [WARNING]   ❌ Tivibu Spor 4 için M3U8 bulunamadı
2026-09-11 14:54:59,817 [INFO] ✅ 10 kanal bulundu, playlist.m3u kaydedildi
