2026-08-01 11:43:55,457 [INFO] 🌐 BASE_URL: https://www.atomsportv510.top
2026-08-01 11:43:56,652 [INFO] Başlanıyor... 14 kanal taranacak
2026-08-01 11:43:56,652 [INFO] Using default request storage
2026-08-01 11:43:56,657 [INFO] Created proxy listening on 127.0.0.1:36483
2026-08-01 11:43:57,355 [INFO] Capturing request: http://clients2.google.com/time/1/current?cup2key=10:YytsOS8le1lGUIGS6MNH-BVZn2XfdDhvDx6_u7pQlhI&cup2hreq=e3b0c44298fc1c149afbf4c8996fb92427ae41e4649b934ca495991b7852b855
2026-08-01 11:43:57,389 [INFO] Capturing response: http://clients2.google.com/time/1/current?cup2key=10:YytsOS8le1lGUIGS6MNH-BVZn2XfdDhvDx6_u7pQlhI&cup2hreq=e3b0c44298fc1c149afbf4c8996fb92427ae41e4649b934ca495991b7852b855 200 OK
2026-08-01 11:43:57,571 [INFO] 
[1/14]
2026-08-01 11:43:57,571 [INFO] 🔍 beIN Sports 1 → https://www.atomsportv510.top/matches?id=bein-sports-1
2026-08-01 11:43:57,759 [INFO] Capturing request: https://accounts.google.com/ListAccounts?gpsia=1&source=ChromiumBrowser&json=standard&laf=b64bin
2026-08-01 11:43:57,763 [INFO] Capturing request: https://update.googleapis.com/service/update2/json?cup2key=16:2M378siw8XPJdw4xlsLT2rQvYOo2YMVBZqB0R2vWB08&cup2hreq=5daba105d34970f2f4a0fba8c6b36e1f9ccc5f079ffc38d6233b2f30a67250d7
2026-08-01 11:43:57,838 [INFO] Capturing response: https://update.googleapis.com/service/update2/json?cup2key=16:2M378siw8XPJdw4xlsLT2rQvYOo2YMVBZqB0R2vWB08&cup2hreq=5daba105d34970f2f4a0fba8c6b36e1f9ccc5f079ffc38d6233b2f30a67250d7 200 
2026-08-01 11:43:57,853 [INFO] Capturing request: https://www.google.com/async/folae?async=_fmt:pb&udm=50&client_locale=en-US&client_country=ZZ
2026-08-01 11:43:57,854 [INFO] Capturing request: https://www.atomsportv510.top/matches?id=bein-sports-1
2026-08-01 11:43:57,865 [INFO] Capturing response: https://accounts.google.com/ListAccounts?gpsia=1&source=ChromiumBrowser&json=standard&laf=b64bin 200 
2026-08-01 11:43:57,884 [INFO] Capturing request: https://update.googleapis.com/service/update2/json?cup2key=16:-COwy-khqEnWGTl5WJXlqVQ4Mkpt9_BLuInUOV5hXXM&cup2hreq=c233b5dc19570fe1c2db1937e20bce904c099fa8ae38dbea80515207c3ae68b2
2026-08-01 11:43:57,894 [INFO] Capturing response: https://www.google.com/async/folae?async=_fmt:pb&udm=50&client_locale=en-US&client_country=ZZ 200 
2026-08-01 11:43:57,914 [INFO] Capturing response: https://update.googleapis.com/service/update2/json?cup2key=16:-COwy-khqEnWGTl5WJXlqVQ4Mkpt9_BLuInUOV5hXXM&cup2hreq=c233b5dc19570fe1c2db1937e20bce904c099fa8ae38dbea80515207c3ae68b2 200 
2026-08-01 11:43:57,960 [INFO] Capturing request: https://update.googleapis.com/service/update2/json?cup2key=16:GvQZPDqfUgbHDm3mY07GnH16upTs_7Hnz7R0TdUVTEc&cup2hreq=7c479cf1e176ac6f3e0017b6413b53b08f4206961367714314c60a8d5040b0dd
2026-08-01 11:43:57,990 [INFO] Capturing response: https://update.googleapis.com/service/update2/json?cup2key=16:GvQZPDqfUgbHDm3mY07GnH16upTs_7Hnz7R0TdUVTEc&cup2hreq=7c479cf1e176ac6f3e0017b6413b53b08f4206961367714314c60a8d5040b0dd 200 
2026-08-01 11:43:58,113 [INFO] Capturing request: https://www.google.com/async/folae?async=_fmt:pb&udm=50&client_locale=en-US&client_country=ZZ
2026-08-01 11:43:58,153 [INFO] Capturing response: https://www.google.com/async/folae?async=_fmt:pb&udm=50&client_locale=en-US&client_country=ZZ 200 
2026-08-01 11:43:58,729 [INFO] Capturing response: https://www.atomsportv510.top/matches?id=bein-sports-1 200 
2026-08-01 11:43:58,938 [INFO] Capturing request: https://cdn.jsdelivr.net/npm/@clappr/player@0.11.16/dist/clappr.min.js
2026-08-01 11:43:58,944 [INFO] Capturing request: https://cdn.jsdelivr.net/npm/@clappr/hlsjs-playback@1.8.3/dist/hlsjs-playback.min.js
2026-08-01 11:43:58,945 [INFO] Capturing request: https://cdn.jsdelivr.net/npm/level-selector/dist/level-selector.min.js
2026-08-01 11:43:58,978 [INFO] Capturing response: https://cdn.jsdelivr.net/npm/level-selector/dist/level-selector.min.js 200 
2026-08-01 11:43:58,989 [INFO] Capturing response: https://cdn.jsdelivr.net/npm/@clappr/player@0.11.16/dist/clappr.min.js 200 
2026-08-01 11:43:59,000 [INFO] Capturing response: https://cdn.jsdelivr.net/npm/@clappr/hlsjs-playback@1.8.3/dist/hlsjs-playback.min.js 200 
2026-08-01 11:43:59,211 [INFO] Capturing request: https://www.atomsportv510.top/favicon.ico
2026-08-01 11:43:59,245 [INFO] Capturing response: https://www.atomsportv510.top/favicon.ico 200 
2026-08-01 11:43:59,328 [INFO] Capturing request: https://teletv5.top/load/yayinlink.php?id=bein-sports-1
2026-08-01 11:43:59,733 [INFO] Capturing response: https://teletv5.top/load/yayinlink.php?id=bein-sports-1 200 
2026-08-01 11:43:59,831 [INFO] Capturing request: https://streamsport365.com/cinema
2026-08-01 11:44:00,185 [INFO] Capturing response: https://streamsport365.com/cinema 200 
2026-08-01 11:44:00,316 [INFO] Capturing request: https://www.atomsportv510.top/assets/img/player/player_logo_6a5f6c9cb38e0.png
2026-08-01 11:44:00,352 [INFO] Capturing response: https://www.atomsportv510.top/assets/img/player/player_logo_6a5f6c9cb38e0.png 200 
2026-08-01 11:44:00,388 [INFO] Capturing request: https://corestream.siteyaptim.live//bein1/tracks-v1a1/mono.m3u8
2026-08-01 11:44:00,585 [INFO] Capturing response: https://corestream.siteyaptim.live//bein1/tracks-v1a1/mono.m3u8 200 
2026-08-01 11:44:00,797 [INFO] Capturing request: https://global.siteyaptim.live/bein1/tracks-v1a1/2026/08/01/11/43/39-05000.jpg
2026-08-01 11:44:00,938 [INFO] Capturing request: https://android.clients.google.com/checkin
2026-08-01 11:44:01,036 [INFO] Capturing response: https://android.clients.google.com/checkin 200 
2026-08-01 11:44:01,092 [INFO] Capturing request: https://android.clients.google.com/c2dm/register3
2026-08-01 11:44:01,103 [INFO] Capturing request: https://android.clients.google.com/c2dm/register3
2026-08-01 11:44:01,110 [INFO] Capturing request: https://android.clients.google.com/c2dm/register3
2026-08-01 11:44:01,150 [INFO] Capturing response: https://global.siteyaptim.live/bein1/tracks-v1a1/2026/08/01/11/43/39-05000.jpg 200 
2026-08-01 11:44:01,168 [INFO] Capturing response: https://android.clients.google.com/c2dm/register3 200 
2026-08-01 11:44:01,179 [INFO] Capturing response: https://android.clients.google.com/c2dm/register3 200 
2026-08-01 11:44:01,190 [INFO] Capturing response: https://android.clients.google.com/c2dm/register3 200 
2026-08-01 11:44:01,395 [INFO] Capturing request: https://global.siteyaptim.live/bein1/tracks-v1a1/2026/08/01/11/43/44-09500.jpg
2026-08-01 11:44:01,870 [INFO] Capturing response: https://global.siteyaptim.live/bein1/tracks-v1a1/2026/08/01/11/43/44-09500.jpg 200 
2026-08-01 11:44:02,140 [INFO]   ✅ M3U8 bulundu: https://corestream.siteyaptim.live//bein1/tracks-v1a1/mono.m3u8
2026-08-01 11:44:02,140 [INFO] Capturing request: https://global.siteyaptim.live/bein1/tracks-v1a1/2026/08/01/11/43/53-08900.jpg
2026-08-01 11:44:02,558 [INFO] Capturing response: https://global.siteyaptim.live/bein1/tracks-v1a1/2026/08/01/11/43/53-08900.jpg 200 
2026-08-01 11:44:02,807 [INFO] Capturing request: https://global.siteyaptim.live/bein1/tracks-v1a1/2026/08/01/11/44/02-05000.jpg
2026-08-01 11:44:03,141 [INFO] 
[2/14]
2026-08-01 11:44:03,142 [INFO] 🔍 beIN Sports 2 → https://www.atomsportv510.top/matches?id=bein-sports-2
2026-08-01 11:44:03,238 [INFO] Capturing response: https://global.siteyaptim.live/bein1/tracks-v1a1/2026/08/01/11/44/02-05000.jpg 200 
2026-08-01 11:44:03,266 [INFO] Capturing request: https://www.atomsportv510.top/matches?id=bein-sports-2
2026-08-01 11:44:03,614 [INFO] Capturing response: https://www.atomsportv510.top/matches?id=bein-sports-2 200 
2026-08-01 11:44:03,672 [INFO] Capturing request: https://streamsport365.com/cinema
2026-08-01 11:44:03,771 [INFO] Capturing request: https://teletv5.top/load/yayinlink.php?id=bein-sports-2
2026-08-01 11:44:03,813 [INFO] Capturing request: https://www.atomsportv510.top/favicon.ico
2026-08-01 11:44:03,841 [INFO] Capturing response: https://www.atomsportv510.top/favicon.ico 200 
2026-08-01 11:44:04,022 [INFO] Capturing response: https://teletv5.top/load/yayinlink.php?id=bein-sports-2 200 
2026-08-01 11:44:04,029 [INFO] Capturing response: https://streamsport365.com/cinema 200 
2026-08-01 11:44:04,139 [INFO] Capturing request: https://www.atomsportv510.top/assets/img/player/player_logo_6a5f6c9cb38e0.png
2026-08-01 11:44:04,149 [INFO] Capturing request: https://corestream.siteyaptim.live//bein2/tracks-v1a1/mono.m3u8
2026-08-01 11:44:04,253 [INFO] Capturing response: https://www.atomsportv510.top/assets/img/player/player_logo_6a5f6c9cb38e0.png 304 
2026-08-01 11:44:04,326 [INFO] Capturing response: https://corestream.siteyaptim.live//bein2/tracks-v1a1/mono.m3u8 200 
2026-08-01 11:44:04,436 [INFO] Capturing request: https://global.siteyaptim.live/bein2/tracks-v1a1/2026/08/01/11/43/42-07600.jpg
2026-08-01 11:44:04,790 [INFO] Capturing response: https://global.siteyaptim.live/bein2/tracks-v1a1/2026/08/01/11/43/42-07600.jpg 200 
2026-08-01 11:44:04,996 [INFO] Capturing request: https://global.siteyaptim.live/bein2/tracks-v1a1/2026/08/01/11/43/50-05880.jpg
2026-08-01 11:44:05,433 [INFO] Capturing response: https://global.siteyaptim.live/bein2/tracks-v1a1/2026/08/01/11/43/50-05880.jpg 200 
2026-08-01 11:44:05,655 [INFO] Capturing request: https://global.siteyaptim.live/bein2/tracks-v1a1/2026/08/01/11/43/56-05000.jpg
2026-08-01 11:44:05,945 [INFO] Capturing response: https://global.siteyaptim.live/bein2/tracks-v1a1/2026/08/01/11/43/56-05000.jpg 200 
2026-08-01 11:44:06,130 [INFO] Capturing request: https://global.siteyaptim.live/bein2/tracks-v1a1/2026/08/01/11/44/01-05000.jpg
2026-08-01 11:44:06,518 [INFO] Capturing response: https://global.siteyaptim.live/bein2/tracks-v1a1/2026/08/01/11/44/01-05000.jpg 200 
2026-08-01 11:44:06,695 [INFO]   ✅ M3U8 bulundu: https://corestream.siteyaptim.live//bein2/tracks-v1a1/mono.m3u8
2026-08-01 11:44:07,696 [INFO] 
[3/14]
2026-08-01 11:44:07,696 [INFO] 🔍 beIN Sports 3 → https://www.atomsportv510.top/matches?id=bein-sports-3
2026-08-01 11:44:07,808 [INFO] Capturing request: https://www.atomsportv510.top/matches?id=bein-sports-3
2026-08-01 11:44:08,117 [INFO] Capturing response: https://www.atomsportv510.top/matches?id=bein-sports-3 200 
2026-08-01 11:44:08,247 [INFO] Capturing request: https://teletv5.top/load/yayinlink.php?id=bein-sports-3
2026-08-01 11:44:08,251 [INFO] Capturing request: https://www.atomsportv510.top/favicon.ico
2026-08-01 11:44:08,275 [INFO] Capturing response: https://www.atomsportv510.top/favicon.ico 200 
2026-08-01 11:44:08,405 [INFO] Capturing request: https://streamsport365.com/cinema
2026-08-01 11:44:08,457 [INFO] Capturing response: https://teletv5.top/load/yayinlink.php?id=bein-sports-3 200 
2026-08-01 11:44:08,754 [INFO] Capturing response: https://streamsport365.com/cinema 200 
2026-08-01 11:44:08,864 [INFO] Capturing request: https://www.atomsportv510.top/assets/img/player/player_logo_6a5f6c9cb38e0.png
2026-08-01 11:44:08,874 [INFO] Capturing request: https://corestream.siteyaptim.live//bein3/tracks-v1a1/mono.m3u8
2026-08-01 11:44:08,978 [INFO] Capturing response: https://www.atomsportv510.top/assets/img/player/player_logo_6a5f6c9cb38e0.png 304 
2026-08-01 11:44:09,053 [INFO] Capturing response: https://corestream.siteyaptim.live//bein3/tracks-v1a1/mono.m3u8 200 
2026-08-01 11:44:09,164 [INFO] Capturing request: https://global.siteyaptim.live/bein3/tracks-v1a1/2026/08/01/11/41/43-06880.jpg
2026-08-01 11:44:09,511 [INFO] Capturing response: https://global.siteyaptim.live/bein3/tracks-v1a1/2026/08/01/11/41/43-06880.jpg 200 
2026-08-01 11:44:09,744 [INFO] Capturing request: https://global.siteyaptim.live/bein3/tracks-v1a1/2026/08/01/11/41/50-05000.jpg
2026-08-01 11:44:10,087 [INFO] Capturing response: https://global.siteyaptim.live/bein3/tracks-v1a1/2026/08/01/11/41/50-05000.jpg 200 
2026-08-01 11:44:10,306 [INFO] Capturing request: https://global.siteyaptim.live/bein3/tracks-v1a1/2026/08/01/11/41/55-05840.jpg
2026-08-01 11:44:10,851 [INFO] Capturing response: https://global.siteyaptim.live/bein3/tracks-v1a1/2026/08/01/11/41/55-05840.jpg 200 
2026-08-01 11:44:11,075 [INFO] Capturing request: https://global.siteyaptim.live/bein3/tracks-v1a1/2026/08/01/11/42/01-04080.jpg
2026-08-01 11:44:11,174 [INFO]   ✅ M3U8 bulundu: https://corestream.siteyaptim.live//bein3/tracks-v1a1/mono.m3u8
2026-08-01 11:44:11,343 [INFO] Capturing response: https://global.siteyaptim.live/bein3/tracks-v1a1/2026/08/01/11/42/01-04080.jpg 200 
2026-08-01 11:44:12,174 [INFO] 
[4/14]
2026-08-01 11:44:12,174 [INFO] 🔍 beIN Sports 4 → https://www.atomsportv510.top/matches?id=bein-sports-4
2026-08-01 11:44:12,284 [INFO] Capturing request: https://www.atomsportv510.top/matches?id=bein-sports-4
2026-08-01 11:44:12,588 [INFO] Capturing response: https://www.atomsportv510.top/matches?id=bein-sports-4 200 
2026-08-01 11:44:12,622 [INFO] Capturing request: https://streamsport365.com/cinema
2026-08-01 11:44:12,721 [INFO] Capturing request: https://www.atomsportv510.top/favicon.ico
2026-08-01 11:44:12,722 [INFO] Capturing request: https://teletv5.top/load/yayinlink.php?id=bein-sports-4
2026-08-01 11:44:12,747 [INFO] Capturing response: https://www.atomsportv510.top/favicon.ico 200 
2026-08-01 11:44:12,933 [INFO] Capturing response: https://teletv5.top/load/yayinlink.php?id=bein-sports-4 200 
2026-08-01 11:44:12,978 [INFO] Capturing response: https://streamsport365.com/cinema 200 
2026-08-01 11:44:13,090 [INFO] Capturing request: https://www.atomsportv510.top/assets/img/player/player_logo_6a5f6c9cb38e0.png
2026-08-01 11:44:13,100 [INFO] Capturing request: https://corestream.siteyaptim.live//bein4/tracks-v1a1/mono.m3u8
2026-08-01 11:44:13,204 [INFO] Capturing response: https://www.atomsportv510.top/assets/img/player/player_logo_6a5f6c9cb38e0.png 304 
2026-08-01 11:44:13,389 [INFO] Capturing response: https://corestream.siteyaptim.live//bein4/tracks-v1a1/mono.m3u8 404 
2026-08-01 11:44:15,553 [INFO] Capturing request: https://corestream.siteyaptim.live//bein4/tracks-v1a1/mono.m3u8
2026-08-01 11:44:15,635 [INFO]   ✅ M3U8 bulundu: https://corestream.siteyaptim.live//bein4/tracks-v1a1/mono.m3u8
2026-08-01 11:44:15,752 [INFO] Capturing response: https://corestream.siteyaptim.live//bein4/tracks-v1a1/mono.m3u8 404 
2026-08-01 11:44:16,635 [INFO] 
[5/14]
2026-08-01 11:44:16,635 [INFO] 🔍 beIN Sports 5 → https://www.atomsportv510.top/matches?id=bein-sports-5
2026-08-01 11:44:16,744 [INFO] Capturing request: https://www.atomsportv510.top/matches?id=bein-sports-5
2026-08-01 11:44:17,042 [INFO] Capturing response: https://www.atomsportv510.top/matches?id=bein-sports-5 200 
2026-08-01 11:44:17,180 [INFO] Capturing request: https://teletv5.top/load/yayinlink.php?id=bein-sports-5
2026-08-01 11:44:17,181 [INFO] Capturing request: https://www.atomsportv510.top/favicon.ico
2026-08-01 11:44:17,211 [INFO] Capturing response: https://www.atomsportv510.top/favicon.ico 200 
2026-08-01 11:44:17,335 [INFO] Capturing request: https://streamsport365.com/cinema
2026-08-01 11:44:17,390 [INFO] Capturing response: https://teletv5.top/load/yayinlink.php?id=bein-sports-5 200 
2026-08-01 11:44:17,689 [INFO] Capturing response: https://streamsport365.com/cinema 200 
2026-08-01 11:44:17,799 [INFO] Capturing request: https://www.atomsportv510.top/assets/img/player/player_logo_6a5f6c9cb38e0.png
2026-08-01 11:44:17,810 [INFO] Capturing request: https://corestream.siteyaptim.live//bein5/tracks-v1a1/mono.m3u8
2026-08-01 11:44:17,913 [INFO] Capturing response: https://www.atomsportv510.top/assets/img/player/player_logo_6a5f6c9cb38e0.png 304 
2026-08-01 11:44:17,990 [INFO] Capturing response: https://corestream.siteyaptim.live//bein5/tracks-v1a1/mono.m3u8 200 
2026-08-01 11:44:18,141 [INFO] Capturing request: https://global.siteyaptim.live/bein5/tracks-v1a1/2026/08/01/11/43/49-05013.jpg
2026-08-01 11:44:18,325 [INFO] Capturing response: https://global.siteyaptim.live/bein5/tracks-v1a1/2026/08/01/11/43/49-05013.jpg 200 
2026-08-01 11:44:18,437 [INFO] Capturing request: https://global.siteyaptim.live/bein5/tracks-v1a1/2026/08/01/11/43/54-05013.jpg
2026-08-01 11:44:18,617 [INFO] Capturing response: https://global.siteyaptim.live/bein5/tracks-v1a1/2026/08/01/11/43/54-05013.jpg 200 
2026-08-01 11:44:18,764 [INFO] Capturing request: https://global.siteyaptim.live/bein5/tracks-v1a1/2026/08/01/11/43/59-05013.jpg
2026-08-01 11:44:18,943 [INFO] Capturing response: https://global.siteyaptim.live/bein5/tracks-v1a1/2026/08/01/11/43/59-05013.jpg 200 
2026-08-01 11:44:19,090 [INFO] Capturing request: https://global.siteyaptim.live/bein5/tracks-v1a1/2026/08/01/11/44/04-05013.jpg
2026-08-01 11:44:19,267 [INFO] Capturing response: https://global.siteyaptim.live/bein5/tracks-v1a1/2026/08/01/11/44/04-05013.jpg 200 
2026-08-01 11:44:20,097 [INFO]   ✅ M3U8 bulundu: https://corestream.siteyaptim.live//bein5/tracks-v1a1/mono.m3u8
2026-08-01 11:44:21,098 [INFO] 
[6/14]
2026-08-01 11:44:21,098 [INFO] 🔍 beIN Sports Max 1 → https://www.atomsportv510.top/matches?id=bein-sports-max-1
2026-08-01 11:44:21,206 [INFO] Capturing request: https://www.atomsportv510.top/matches?id=bein-sports-max-1
2026-08-01 11:44:21,504 [INFO] Capturing response: https://www.atomsportv510.top/matches?id=bein-sports-max-1 200 
2026-08-01 11:44:21,535 [INFO] Capturing request: https://streamsport365.com/cinema
2026-08-01 11:44:21,632 [INFO] Capturing request: https://teletv5.top/load/yayinlink.php?id=bein-sports-max-1
2026-08-01 11:44:21,635 [INFO] Capturing request: https://www.atomsportv510.top/favicon.ico
2026-08-01 11:44:21,659 [INFO] Capturing response: https://www.atomsportv510.top/favicon.ico 200 
2026-08-01 11:44:21,841 [INFO] Capturing response: https://teletv5.top/load/yayinlink.php?id=bein-sports-max-1 200 
2026-08-01 11:44:21,884 [INFO] Capturing response: https://streamsport365.com/cinema 200 
2026-08-01 11:44:21,994 [INFO] Capturing request: https://www.atomsportv510.top/assets/img/player/player_logo_6a5f6c9cb38e0.png
2026-08-01 11:44:22,004 [INFO] Capturing request: https://corestream.siteyaptim.live//trtspor/tracks-v1a1/mono.m3u8
2026-08-01 11:44:22,108 [INFO] Capturing response: https://www.atomsportv510.top/assets/img/player/player_logo_6a5f6c9cb38e0.png 304 
2026-08-01 11:44:22,194 [INFO] Capturing response: https://corestream.siteyaptim.live//trtspor/tracks-v1a1/mono.m3u8 404 
2026-08-01 11:44:24,313 [INFO] Capturing request: https://corestream.siteyaptim.live//trtspor/tracks-v1a1/mono.m3u8
2026-08-01 11:44:24,485 [INFO] Capturing response: https://corestream.siteyaptim.live//trtspor/tracks-v1a1/mono.m3u8 404 
2026-08-01 11:44:24,548 [INFO]   ✅ M3U8 bulundu: https://corestream.siteyaptim.live//trtspor/tracks-v1a1/mono.m3u8
2026-08-01 11:44:25,307 [INFO] Capturing request: https://android.clients.google.com/c2dm/register3
2026-08-01 11:44:25,390 [INFO] Capturing response: https://android.clients.google.com/c2dm/register3 301 
2026-08-01 11:44:25,548 [INFO] 
[7/14]
2026-08-01 11:44:25,549 [INFO] 🔍 beIN Sports Max 2 → https://www.atomsportv510.top/matches?id=bein-sports-max-2
2026-08-01 11:44:25,658 [INFO] Capturing request: https://www.atomsportv510.top/matches?id=bein-sports-max-2
2026-08-01 11:44:25,957 [INFO] Capturing response: https://www.atomsportv510.top/matches?id=bein-sports-max-2 200 
2026-08-01 11:44:26,084 [INFO] Capturing request: https://teletv5.top/load/yayinlink.php?id=bein-sports-max-2
2026-08-01 11:44:26,087 [INFO] Capturing request: https://www.atomsportv510.top/favicon.ico
2026-08-01 11:44:26,111 [INFO] Capturing response: https://www.atomsportv510.top/favicon.ico 200 
2026-08-01 11:44:26,238 [INFO] Capturing request: https://streamsport365.com/cinema
2026-08-01 11:44:26,296 [INFO] Capturing response: https://teletv5.top/load/yayinlink.php?id=bein-sports-max-2 200 
2026-08-01 11:44:26,597 [INFO] Capturing response: https://streamsport365.com/cinema 200 
2026-08-01 11:44:26,652 [INFO] Capturing request: https://android.clients.google.com/c2dm/register3
2026-08-01 11:44:26,708 [INFO] Capturing request: https://www.atomsportv510.top/assets/img/player/player_logo_6a5f6c9cb38e0.png
2026-08-01 11:44:26,718 [INFO] Capturing request: https://corestream.siteyaptim.live//hls/s-sport.m3u8
2026-08-01 11:44:26,822 [INFO] Capturing response: https://www.atomsportv510.top/assets/img/player/player_logo_6a5f6c9cb38e0.png 304 
2026-08-01 11:44:26,909 [INFO] Capturing response: https://corestream.siteyaptim.live//hls/s-sport.m3u8 404 
2026-08-01 11:44:27,142 [INFO] Capturing response: https://android.clients.google.com/c2dm/register3 200 
2026-08-01 11:44:27,660 [INFO] Capturing request: https://android.clients.google.com/c2dm/register3
2026-08-01 11:44:28,048 [INFO] Capturing response: https://android.clients.google.com/c2dm/register3 200 
2026-08-01 11:44:28,998 [INFO]   ✅ M3U8 bulundu: https://corestream.siteyaptim.live//hls/s-sport.m3u8
2026-08-01 11:44:29,028 [INFO] Capturing request: https://corestream.siteyaptim.live//hls/s-sport.m3u8
2026-08-01 11:44:29,506 [INFO] Capturing response: https://corestream.siteyaptim.live//hls/s-sport.m3u8 404 
2026-08-01 11:44:29,998 [INFO] 
[8/14]
2026-08-01 11:44:29,999 [INFO] 🔍 S Sport → https://www.atomsportv510.top/matches?id=s-sport
2026-08-01 11:44:30,107 [INFO] Capturing request: https://www.atomsportv510.top/matches?id=s-sport
2026-08-01 11:44:30,598 [INFO] Capturing response: https://www.atomsportv510.top/matches?id=s-sport 200 
2026-08-01 11:44:30,636 [INFO] Capturing request: https://streamsport365.com/cinema
2026-08-01 11:44:30,735 [INFO] Capturing request: https://www.atomsportv510.top/favicon.ico
2026-08-01 11:44:30,736 [INFO] Capturing request: https://teletv5.top/load/yayinlink.php?id=s-sport
2026-08-01 11:44:30,763 [INFO] Capturing response: https://www.atomsportv510.top/favicon.ico 200 
2026-08-01 11:44:30,947 [INFO] Capturing response: https://teletv5.top/load/yayinlink.php?id=s-sport 200 
2026-08-01 11:44:30,992 [INFO] Capturing response: https://streamsport365.com/cinema 200 
2026-08-01 11:44:31,103 [INFO] Capturing request: https://www.atomsportv510.top/assets/img/player/player_logo_6a5f6c9cb38e0.png
2026-08-01 11:44:31,112 [INFO] Capturing request: https://corestream.siteyaptim.live//s-sport/tracks-v1a1/mono.m3u8
2026-08-01 11:44:31,218 [INFO] Capturing response: https://www.atomsportv510.top/assets/img/player/player_logo_6a5f6c9cb38e0.png 304 
2026-08-01 11:44:31,288 [INFO] Capturing response: https://corestream.siteyaptim.live//s-sport/tracks-v1a1/mono.m3u8 200 
2026-08-01 11:44:31,439 [INFO] Capturing request: https://global.siteyaptim.live/s-sport/tracks-v1a1/2026/08/01/11/44/44-19792.jpg
2026-08-01 11:44:32,056 [INFO] Capturing response: https://global.siteyaptim.live/s-sport/tracks-v1a1/2026/08/01/11/44/44-19792.jpg 200 
2026-08-01 11:44:32,343 [INFO] Capturing request: https://global.siteyaptim.live/s-sport/tracks-v1a1/2026/08/01/11/45/04-19984.jpg
2026-08-01 11:44:32,905 [INFO] Capturing response: https://global.siteyaptim.live/s-sport/tracks-v1a1/2026/08/01/11/45/04-19984.jpg 200 
2026-08-01 11:44:33,202 [INFO] Capturing request: https://global.siteyaptim.live/s-sport/tracks-v1a1/2026/08/01/11/45/24-19856.jpg
2026-08-01 11:44:33,677 [INFO]   ✅ M3U8 bulundu: https://corestream.siteyaptim.live//s-sport/tracks-v1a1/mono.m3u8
2026-08-01 11:44:33,722 [INFO] Capturing response: https://global.siteyaptim.live/s-sport/tracks-v1a1/2026/08/01/11/45/24-19856.jpg 200 
2026-08-01 11:44:34,678 [INFO] 
[9/14]
2026-08-01 11:44:34,678 [INFO] 🔍 S Sport 2 → https://www.atomsportv510.top/matches?id=s-sport-2
2026-08-01 11:44:34,790 [INFO] Capturing request: https://www.atomsportv510.top/matches?id=s-sport-2
2026-08-01 11:44:35,089 [INFO] Capturing response: https://www.atomsportv510.top/matches?id=s-sport-2 200 
2026-08-01 11:44:35,222 [INFO] Capturing request: https://teletv5.top/load/yayinlink.php?id=s-sport-2
2026-08-01 11:44:35,226 [INFO] Capturing request: https://www.atomsportv510.top/favicon.ico
2026-08-01 11:44:35,265 [INFO] Capturing response: https://www.atomsportv510.top/favicon.ico 200 
2026-08-01 11:44:35,377 [INFO] Capturing request: https://streamsport365.com/cinema
2026-08-01 11:44:35,432 [INFO] Capturing response: https://teletv5.top/load/yayinlink.php?id=s-sport-2 200 
2026-08-01 11:44:35,734 [INFO] Capturing response: https://streamsport365.com/cinema 200 
2026-08-01 11:44:35,846 [INFO] Capturing request: https://www.atomsportv510.top/assets/img/player/player_logo_6a5f6c9cb38e0.png
2026-08-01 11:44:35,856 [INFO] Capturing request: https://corestream.siteyaptim.live//s-sport-2/tracks-v1a1/mono.m3u8
2026-08-01 11:44:35,960 [INFO] Capturing response: https://www.atomsportv510.top/assets/img/player/player_logo_6a5f6c9cb38e0.png 304 
2026-08-01 11:44:36,038 [INFO] Capturing response: https://corestream.siteyaptim.live//s-sport-2/tracks-v1a1/mono.m3u8 404 
2026-08-01 11:44:38,136 [INFO]   ✅ M3U8 bulundu: https://corestream.siteyaptim.live//s-sport-2/tracks-v1a1/mono.m3u8
2026-08-01 11:44:38,157 [INFO] Capturing request: https://corestream.siteyaptim.live//s-sport-2/tracks-v1a1/mono.m3u8
2026-08-01 11:44:38,328 [INFO] Capturing response: https://corestream.siteyaptim.live//s-sport-2/tracks-v1a1/mono.m3u8 404 
2026-08-01 11:44:39,136 [INFO] 
[10/14]
2026-08-01 11:44:39,136 [INFO] 🔍 A Spor → https://www.atomsportv510.top/matches?id=a-spor
2026-08-01 11:44:39,245 [INFO] Capturing request: https://www.atomsportv510.top/matches?id=a-spor
2026-08-01 11:44:39,544 [INFO] Capturing response: https://www.atomsportv510.top/matches?id=a-spor 200 
2026-08-01 11:44:39,578 [INFO] Capturing request: https://streamsport365.com/cinema
2026-08-01 11:44:39,680 [INFO] Capturing request: https://teletv5.top/load/yayinlink.php?id=a-spor
2026-08-01 11:44:39,681 [INFO] Capturing request: https://www.atomsportv510.top/favicon.ico
2026-08-01 11:44:39,706 [INFO] Capturing response: https://www.atomsportv510.top/favicon.ico 200 
2026-08-01 11:44:39,890 [INFO] Capturing response: https://teletv5.top/load/yayinlink.php?id=a-spor 200 
2026-08-01 11:44:39,946 [INFO] Capturing response: https://streamsport365.com/cinema 200 
2026-08-01 11:44:40,057 [INFO] Capturing request: https://www.atomsportv510.top/assets/img/player/player_logo_6a5f6c9cb38e0.png
2026-08-01 11:44:40,067 [INFO] Capturing request: https://corestream.siteyaptim.live//aspor/tracks-v1a1/mono.m3u8
2026-08-01 11:44:40,170 [INFO] Capturing response: https://www.atomsportv510.top/assets/img/player/player_logo_6a5f6c9cb38e0.png 304 
2026-08-01 11:44:40,258 [INFO] Capturing response: https://corestream.siteyaptim.live//aspor/tracks-v1a1/mono.m3u8 404 
2026-08-01 11:44:42,376 [INFO] Capturing request: https://corestream.siteyaptim.live//aspor/tracks-v1a1/mono.m3u8
2026-08-01 11:44:42,548 [INFO] Capturing response: https://corestream.siteyaptim.live//aspor/tracks-v1a1/mono.m3u8 404 
2026-08-01 11:44:42,592 [INFO]   ✅ M3U8 bulundu: https://corestream.siteyaptim.live//aspor/tracks-v1a1/mono.m3u8
2026-08-01 11:44:43,592 [INFO] 
[11/14]
2026-08-01 11:44:43,592 [INFO] 🔍 Tivibu Spor 1 → https://www.atomsportv510.top/matches?id=tivibu-spor-1
2026-08-01 11:44:43,701 [INFO] Capturing request: https://www.atomsportv510.top/matches?id=tivibu-spor-1
2026-08-01 11:44:44,001 [INFO] Capturing response: https://www.atomsportv510.top/matches?id=tivibu-spor-1 200 
2026-08-01 11:44:44,133 [INFO] Capturing request: https://teletv5.top/load/yayinlink.php?id=tivibu-spor-1
2026-08-01 11:44:44,136 [INFO] Capturing request: https://www.atomsportv510.top/favicon.ico
2026-08-01 11:44:44,160 [INFO] Capturing response: https://www.atomsportv510.top/favicon.ico 200 
2026-08-01 11:44:44,285 [INFO] Capturing request: https://streamsport365.com/cinema
2026-08-01 11:44:44,344 [INFO] Capturing response: https://teletv5.top/load/yayinlink.php?id=tivibu-spor-1 200 
2026-08-01 11:44:44,642 [INFO] Capturing response: https://streamsport365.com/cinema 200 
2026-08-01 11:44:57,347 [INFO] Capturing request: https://update.googleapis.com/service/update2/json?cup2key=16:45pi_dAAp0NpQeu1zLyP0sTt4W_94UvxHZkGOkwxAlQ&cup2hreq=e7be0b6d4fd29978ca7cb9285a8811f36dc0cd6545c1f60195c3e8c202a67cd3
2026-08-01 11:44:57,377 [INFO] Capturing response: https://update.googleapis.com/service/update2/json?cup2key=16:45pi_dAAp0NpQeu1zLyP0sTt4W_94UvxHZkGOkwxAlQ&cup2hreq=e7be0b6d4fd29978ca7cb9285a8811f36dc0cd6545c1f60195c3e8c202a67cd3 200 
2026-08-01 11:44:57,383 [INFO] Capturing request: http://edgedl.me.gvt1.com/edgedl/diffgen-puffin/gcmjkmgdlgnkkcocmoeiminaijmmjnii/6ca5bdb9f3e2cd83b7e359729bc6c33c4fe975ec499861d969b3e080320849ff
2026-08-01 11:44:57,403 [INFO] Capturing response: http://edgedl.me.gvt1.com/edgedl/diffgen-puffin/gcmjkmgdlgnkkcocmoeiminaijmmjnii/6ca5bdb9f3e2cd83b7e359729bc6c33c4fe975ec499861d969b3e080320849ff 200 OK
2026-08-01 11:44:57,432 [INFO] Capturing request: https://update.googleapis.com/service/update2/json
2026-08-01 11:44:57,459 [INFO] Capturing response: https://update.googleapis.com/service/update2/json 200 
2026-08-01 11:44:57,504 [INFO] Capturing request: http://edgedl.me.gvt1.com/edgedl/release2/chrome_component/acu5tuqnw74xlziwfpomnlpd7kmq_10687/hfnkpimlhhgieaddgfemjhofmfblmnib_10687_all_pbo2lmfs3pddo34n4lqq77jenm.crx3
2026-08-01 11:44:57,521 [INFO] Capturing response: http://edgedl.me.gvt1.com/edgedl/release2/chrome_component/acu5tuqnw74xlziwfpomnlpd7kmq_10687/hfnkpimlhhgieaddgfemjhofmfblmnib_10687_all_pbo2lmfs3pddo34n4lqq77jenm.crx3 200 OK
2026-08-01 11:44:57,550 [INFO] Capturing request: https://update.googleapis.com/service/update2/json
2026-08-01 11:44:57,578 [INFO] Capturing response: https://update.googleapis.com/service/update2/json 200 
2026-08-01 11:45:17,322 [WARNING]   ❌ Tivibu Spor 1 için M3U8 bulunamadı
2026-08-01 11:45:18,322 [INFO] 
[12/14]
2026-08-01 11:45:18,323 [INFO] 🔍 Tivibu Spor 2 → https://www.atomsportv510.top/matches?id=tivibu-spor-2
2026-08-01 11:45:18,463 [INFO] Capturing request: https://www.atomsportv510.top/matches?id=tivibu-spor-2
2026-08-01 11:45:19,313 [INFO] Capturing response: https://www.atomsportv510.top/matches?id=tivibu-spor-2 200 
2026-08-01 11:45:19,473 [INFO] Capturing request: https://www.atomsportv510.top/favicon.ico
2026-08-01 11:45:19,506 [INFO] Capturing response: https://www.atomsportv510.top/favicon.ico 200 
2026-08-01 11:45:19,511 [INFO] Capturing request: https://teletv5.top/load/yayinlink.php?id=tivibu-spor-2
2026-08-01 11:45:19,726 [INFO] Capturing response: https://teletv5.top/load/yayinlink.php?id=tivibu-spor-2 200 
2026-08-01 11:45:20,069 [INFO] Capturing request: https://streamsport365.com/cinema
2026-08-01 11:45:20,420 [INFO] Capturing response: https://streamsport365.com/cinema 200 
2026-08-01 11:45:23,067 [INFO] Capturing request: https://android.clients.google.com/c2dm/register3
2026-08-01 11:45:23,136 [INFO] Capturing response: https://android.clients.google.com/c2dm/register3 301 
2026-08-01 11:45:52,624 [WARNING]   ❌ Tivibu Spor 2 için M3U8 bulunamadı
2026-08-01 11:45:53,625 [INFO] 
[13/14]
2026-08-01 11:45:53,625 [INFO] 🔍 Tivibu Spor 3 → https://www.atomsportv510.top/matches?id=tivibu-spor-3
2026-08-01 11:45:53,734 [INFO] Capturing request: https://www.atomsportv510.top/matches?id=tivibu-spor-3
2026-08-01 11:45:54,274 [INFO] Capturing response: https://www.atomsportv510.top/matches?id=tivibu-spor-3 200 
2026-08-01 11:45:54,408 [INFO] Capturing request: https://teletv5.top/load/yayinlink.php?id=tivibu-spor-3
2026-08-01 11:45:54,412 [INFO] Capturing request: https://www.atomsportv510.top/favicon.ico
2026-08-01 11:45:54,439 [INFO] Capturing response: https://www.atomsportv510.top/favicon.ico 200 
2026-08-01 11:45:54,567 [INFO] Capturing request: https://streamsport365.com/cinema
2026-08-01 11:45:54,619 [INFO] Capturing response: https://teletv5.top/load/yayinlink.php?id=tivibu-spor-3 200 
2026-08-01 11:45:54,939 [INFO] Capturing response: https://streamsport365.com/cinema 200 
2026-08-01 11:46:27,559 [WARNING]   ❌ Tivibu Spor 3 için M3U8 bulunamadı
2026-08-01 11:46:28,559 [INFO] 
[14/14]
2026-08-01 11:46:28,559 [INFO] 🔍 Tivibu Spor 4 → https://www.atomsportv510.top/matches?id=tivibu-spor-4
2026-08-01 11:46:28,668 [INFO] Capturing request: https://www.atomsportv510.top/matches?id=tivibu-spor-4
2026-08-01 11:46:29,173 [INFO] Capturing response: https://www.atomsportv510.top/matches?id=tivibu-spor-4 200 
2026-08-01 11:46:29,307 [INFO] Capturing request: https://teletv5.top/load/yayinlink.php?id=tivibu-spor-4
2026-08-01 11:46:29,310 [INFO] Capturing request: https://www.atomsportv510.top/favicon.ico
2026-08-01 11:46:29,336 [INFO] Capturing response: https://www.atomsportv510.top/favicon.ico 200 
2026-08-01 11:46:29,465 [INFO] Capturing request: https://streamsport365.com/cinema
2026-08-01 11:46:29,519 [INFO] Capturing response: https://teletv5.top/load/yayinlink.php?id=tivibu-spor-4 200 
2026-08-01 11:46:29,832 [INFO] Capturing response: https://streamsport365.com/cinema 200 
2026-08-01 11:46:58,405 [INFO] Capturing request: https://android.clients.google.com/c2dm/register3
2026-08-01 11:46:58,502 [INFO] Capturing response: https://android.clients.google.com/c2dm/register3 301 
2026-08-01 11:47:02,457 [WARNING]   ❌ Tivibu Spor 4 için M3U8 bulunamadı
2026-08-01 11:47:03,523 [INFO] ✅ 10 kanal bulundu, playlist.m3u kaydedildi
