2026-08-22 05:56:03,125 [INFO] 🌐 BASE_URL: https://www.atomsportv513.top
2026-08-22 05:56:04,592 [INFO] Başlanıyor... 14 kanal taranacak
2026-08-22 05:56:04,592 [INFO] Using default request storage
2026-08-22 05:56:04,597 [INFO] Created proxy listening on 127.0.0.1:37165
2026-08-22 05:56:05,275 [INFO] Capturing request: http://clients2.google.com/time/1/current?cup2key=10:EEKo9F1C2SQPLCzLduqzNhu6II9GhOCq_uX3pm0qcL0&cup2hreq=e3b0c44298fc1c149afbf4c8996fb92427ae41e4649b934ca495991b7852b855
2026-08-22 05:56:05,323 [INFO] Capturing response: http://clients2.google.com/time/1/current?cup2key=10:EEKo9F1C2SQPLCzLduqzNhu6II9GhOCq_uX3pm0qcL0&cup2hreq=e3b0c44298fc1c149afbf4c8996fb92427ae41e4649b934ca495991b7852b855 200 OK
2026-08-22 05:56:05,592 [INFO] 
[1/14]
2026-08-22 05:56:05,592 [INFO] 🔍 beIN Sports 1 → https://www.atomsportv513.top/matches?id=bein-sports-1
2026-08-22 05:56:05,678 [INFO] Capturing request: https://accounts.google.com/ListAccounts?gpsia=1&source=ChromiumBrowser&json=standard&laf=b64bin
2026-08-22 05:56:05,679 [INFO] Capturing request: https://update.googleapis.com/service/update2/json?cup2key=16:5wzNRXIL6nG5ADV2LyVPbIsy0L8l3Y7m1ynozXvwR14&cup2hreq=d86ac1a8315d4fc2f27d40515b239c0fef0cd107fe6cdfde37de3f0b793a3d48
2026-08-22 05:56:05,756 [INFO] Capturing response: https://update.googleapis.com/service/update2/json?cup2key=16:5wzNRXIL6nG5ADV2LyVPbIsy0L8l3Y7m1ynozXvwR14&cup2hreq=d86ac1a8315d4fc2f27d40515b239c0fef0cd107fe6cdfde37de3f0b793a3d48 200 
2026-08-22 05:56:05,761 [INFO] Capturing response: https://accounts.google.com/ListAccounts?gpsia=1&source=ChromiumBrowser&json=standard&laf=b64bin 200 
2026-08-22 05:56:05,770 [INFO] Capturing request: https://www.google.com/async/folae?async=_fmt:pb&udm=50&client_locale=en-US&client_country=ZZ
2026-08-22 05:56:05,791 [INFO] Capturing response: https://www.google.com/async/folae?async=_fmt:pb&udm=50&client_locale=en-US&client_country=ZZ 200 
2026-08-22 05:56:05,803 [INFO] Capturing request: https://update.googleapis.com/service/update2/json?cup2key=16:RgvigjNBnV2V_v64xJUb__2JJ9la28v8or5iJ-5Tt8I&cup2hreq=2d85df62836d541f850a994249dd7f96346c61e4d54ef6f64cc3dc3817859cd6
2026-08-22 05:56:05,827 [INFO] Capturing response: https://update.googleapis.com/service/update2/json?cup2key=16:RgvigjNBnV2V_v64xJUb__2JJ9la28v8or5iJ-5Tt8I&cup2hreq=2d85df62836d541f850a994249dd7f96346c61e4d54ef6f64cc3dc3817859cd6 200 
2026-08-22 05:56:05,860 [INFO] Capturing request: https://www.atomsportv513.top/matches?id=bein-sports-1
2026-08-22 05:56:05,874 [INFO] Capturing request: https://update.googleapis.com/service/update2/json?cup2key=16:m4RrCvazVEkLjdSpNbXwUaEgRbUDDcbGl9fHLBfTea0&cup2hreq=34e0297d5e43dc8305e8f42329a00fff0c93eee66567615b452206144ae5b328
2026-08-22 05:56:05,897 [INFO] Capturing response: https://update.googleapis.com/service/update2/json?cup2key=16:m4RrCvazVEkLjdSpNbXwUaEgRbUDDcbGl9fHLBfTea0&cup2hreq=34e0297d5e43dc8305e8f42329a00fff0c93eee66567615b452206144ae5b328 200 
2026-08-22 05:56:06,010 [INFO] Capturing request: https://www.google.com/async/folae?async=_fmt:pb&udm=50&client_locale=en-US&client_country=ZZ
2026-08-22 05:56:06,037 [INFO] Capturing response: https://www.google.com/async/folae?async=_fmt:pb&udm=50&client_locale=en-US&client_country=ZZ 200 
2026-08-22 05:56:06,367 [INFO] Capturing response: https://www.atomsportv513.top/matches?id=bein-sports-1 200 
2026-08-22 05:56:06,576 [INFO] Capturing request: https://cdn.jsdelivr.net/npm/@clappr/player@0.11.16/dist/clappr.min.js
2026-08-22 05:56:06,580 [INFO] Capturing request: https://cdn.jsdelivr.net/npm/level-selector/dist/level-selector.min.js
2026-08-22 05:56:06,582 [INFO] Capturing request: https://cdn.jsdelivr.net/npm/@clappr/hlsjs-playback@1.8.3/dist/hlsjs-playback.min.js
2026-08-22 05:56:06,600 [INFO] Capturing response: https://cdn.jsdelivr.net/npm/level-selector/dist/level-selector.min.js 200 
2026-08-22 05:56:06,621 [INFO] Capturing response: https://cdn.jsdelivr.net/npm/@clappr/player@0.11.16/dist/clappr.min.js 200 
2026-08-22 05:56:06,626 [INFO] Capturing response: https://cdn.jsdelivr.net/npm/@clappr/hlsjs-playback@1.8.3/dist/hlsjs-playback.min.js 200 
2026-08-22 05:56:06,842 [INFO] Capturing request: https://www.atomsportv513.top/favicon.ico
2026-08-22 05:56:06,876 [INFO] Capturing response: https://www.atomsportv513.top/favicon.ico 200 
2026-08-22 05:56:06,897 [INFO] Capturing request: https://teletv5.top/load/yayinlink.php?id=bein-sports-1
2026-08-22 05:56:07,179 [INFO] Capturing response: https://teletv5.top/load/yayinlink.php?id=bein-sports-1 200 
2026-08-22 05:56:07,340 [INFO] Capturing request: https://streamsport365.com/cinema
2026-08-22 05:56:07,584 [INFO] Capturing response: https://streamsport365.com/cinema 200 
2026-08-22 05:56:07,714 [INFO] Capturing request: https://www.atomsportv513.top/assets/img/player/player_logo_6a87a2e2eecc5.png
2026-08-22 05:56:07,749 [INFO] Capturing response: https://www.atomsportv513.top/assets/img/player/player_logo_6a87a2e2eecc5.png 200 
2026-08-22 05:56:07,772 [INFO] Capturing request: https://corestream.siteyaptim.live//beintv/tracks-v1a1/mono.m3u8
2026-08-22 05:56:07,909 [INFO] Capturing response: https://corestream.siteyaptim.live//beintv/tracks-v1a1/mono.m3u8 200 
2026-08-22 05:56:08,111 [INFO] Capturing request: https://global.siteyaptim.live/beintv/tracks-v1a1/2026/08/22/05/55/42-06000.jpg
2026-08-22 05:56:08,729 [INFO] Capturing response: https://global.siteyaptim.live/beintv/tracks-v1a1/2026/08/22/05/55/42-06000.jpg 200 
2026-08-22 05:56:08,784 [INFO] Capturing request: https://android.clients.google.com/checkin
2026-08-22 05:56:08,901 [INFO] Capturing response: https://android.clients.google.com/checkin 200 
2026-08-22 05:56:08,956 [INFO] Capturing request: https://android.clients.google.com/c2dm/register3
2026-08-22 05:56:08,958 [INFO] Capturing request: https://android.clients.google.com/c2dm/register3
2026-08-22 05:56:08,962 [INFO] Capturing request: https://android.clients.google.com/c2dm/register3
2026-08-22 05:56:09,001 [INFO] Capturing response: https://android.clients.google.com/c2dm/register3 200 
2026-08-22 05:56:09,007 [INFO] Capturing response: https://android.clients.google.com/c2dm/register3 200 
2026-08-22 05:56:09,132 [INFO] Capturing request: https://global.siteyaptim.live/beintv/tracks-v1a1/2026/08/22/05/55/48-05567.jpg
2026-08-22 05:56:09,692 [INFO] Capturing response: https://android.clients.google.com/c2dm/register3 200 
2026-08-22 05:56:09,810 [INFO]   ✅ M3U8 bulundu: https://corestream.siteyaptim.live//beintv/tracks-v1a1/mono.m3u8
2026-08-22 05:56:10,029 [INFO] Capturing response: https://global.siteyaptim.live/beintv/tracks-v1a1/2026/08/22/05/55/48-05567.jpg 200 
2026-08-22 05:56:10,371 [INFO] Capturing request: https://global.siteyaptim.live/beintv/tracks-v1a1/2026/08/22/05/55/53-05233.jpg
2026-08-22 05:56:10,813 [INFO] 
[2/14]
2026-08-22 05:56:10,814 [INFO] 🔍 beIN Sports 2 → https://www.atomsportv513.top/matches?id=bein-sports-2
2026-08-22 05:56:10,934 [INFO] Capturing response: https://global.siteyaptim.live/beintv/tracks-v1a1/2026/08/22/05/55/53-05233.jpg 200 
2026-08-22 05:56:10,980 [INFO] Capturing request: https://www.atomsportv513.top/matches?id=bein-sports-2
2026-08-22 05:56:11,178 [INFO] Capturing response: https://www.atomsportv513.top/matches?id=bein-sports-2 200 
2026-08-22 05:56:11,231 [INFO] Capturing request: https://streamsport365.com/cinema
2026-08-22 05:56:11,264 [INFO] Capturing request: https://global.siteyaptim.live/beintv/tracks-v1a1/2026/08/22/05/55/58-07884.jpg
2026-08-22 05:56:11,331 [INFO] Capturing request: https://teletv5.top/load/yayinlink.php?id=bein-sports-2
2026-08-22 05:56:11,334 [INFO] Capturing request: https://www.atomsportv513.top/favicon.ico
2026-08-22 05:56:11,360 [INFO] Capturing response: https://www.atomsportv513.top/favicon.ico 200 
2026-08-22 05:56:11,475 [INFO] Capturing response: https://streamsport365.com/cinema 200 
2026-08-22 05:56:11,697 [INFO] Capturing response: https://teletv5.top/load/yayinlink.php?id=bein-sports-2 200 
2026-08-22 05:56:11,815 [INFO] Capturing request: https://www.atomsportv513.top/assets/img/player/player_logo_6a87a2e2eecc5.png
2026-08-22 05:56:11,830 [INFO] Capturing request: https://corestream.siteyaptim.live//bein2/tracks-v1a1/mono.m3u8
2026-08-22 05:56:11,938 [INFO] Capturing response: https://www.atomsportv513.top/assets/img/player/player_logo_6a87a2e2eecc5.png 304 
2026-08-22 05:56:11,953 [INFO] Capturing response: https://corestream.siteyaptim.live//bein2/tracks-v1a1/mono.m3u8 200 
2026-08-22 05:56:12,071 [INFO] Capturing request: https://global.siteyaptim.live/bein2/tracks-v1a1/2026/08/22/05/55/32-10000.jpg
2026-08-22 05:56:12,313 [INFO] Capturing response: https://global.siteyaptim.live/beintv/tracks-v1a1/2026/08/22/05/55/58-07884.jpg 200 
2026-08-22 05:56:12,650 [INFO] 127.0.0.1:38676: ProtocolException("Error in HTTP connection: Http2ZombieException('Connection or stream already dead: 1787378172.550692, False')")
2026-08-22 05:56:12,851 [INFO] Capturing response: https://global.siteyaptim.live/bein2/tracks-v1a1/2026/08/22/05/55/32-10000.jpg 200 
2026-08-22 05:56:13,193 [INFO] Capturing request: https://global.siteyaptim.live/bein2/tracks-v1a1/2026/08/22/05/55/42-10000.jpg
2026-08-22 05:56:13,700 [INFO] Capturing response: https://global.siteyaptim.live/bein2/tracks-v1a1/2026/08/22/05/55/42-10000.jpg 200 
2026-08-22 05:56:14,032 [INFO] Capturing request: https://global.siteyaptim.live/bein2/tracks-v1a1/2026/08/22/05/55/52-10000.jpg
2026-08-22 05:56:14,272 [INFO]   ✅ M3U8 bulundu: https://corestream.siteyaptim.live//bein2/tracks-v1a1/mono.m3u8
2026-08-22 05:56:14,597 [INFO] Capturing response: https://global.siteyaptim.live/bein2/tracks-v1a1/2026/08/22/05/55/52-10000.jpg 200 
2026-08-22 05:56:15,273 [INFO] 
[3/14]
2026-08-22 05:56:15,273 [INFO] 🔍 beIN Sports 3 → https://www.atomsportv513.top/matches?id=bein-sports-3
2026-08-22 05:56:15,387 [INFO] Capturing request: https://www.atomsportv513.top/matches?id=bein-sports-3
2026-08-22 05:56:15,585 [INFO] Capturing response: https://www.atomsportv513.top/matches?id=bein-sports-3 200 
2026-08-22 05:56:15,720 [INFO] Capturing request: https://www.atomsportv513.top/favicon.ico
2026-08-22 05:56:15,721 [INFO] Capturing request: https://teletv5.top/load/yayinlink.php?id=bein-sports-3
2026-08-22 05:56:15,747 [INFO] Capturing response: https://www.atomsportv513.top/favicon.ico 200 
2026-08-22 05:56:15,820 [INFO] Capturing request: https://streamsport365.com/cinema
2026-08-22 05:56:15,869 [INFO] Capturing response: https://teletv5.top/load/yayinlink.php?id=bein-sports-3 200 
2026-08-22 05:56:16,067 [INFO] Capturing response: https://streamsport365.com/cinema 200 
2026-08-22 05:56:16,178 [INFO] Capturing request: https://www.atomsportv513.top/assets/img/player/player_logo_6a87a2e2eecc5.png
2026-08-22 05:56:16,187 [INFO] Capturing request: https://corestream.siteyaptim.live//bein3/tracks-v1a1/mono.m3u8
2026-08-22 05:56:16,291 [INFO] Capturing response: https://www.atomsportv513.top/assets/img/player/player_logo_6a87a2e2eecc5.png 304 
2026-08-22 05:56:16,300 [INFO] Capturing response: https://corestream.siteyaptim.live//bein3/tracks-v1a1/mono.m3u8 200 
2026-08-22 05:56:16,410 [INFO] Capturing request: https://global.siteyaptim.live/bein3/tracks-v1a1/2026/08/22/05/55/46-10000.jpg
2026-08-22 05:56:16,753 [INFO] Capturing response: https://global.siteyaptim.live/bein3/tracks-v1a1/2026/08/22/05/55/46-10000.jpg 200 
2026-08-22 05:56:17,006 [INFO] Capturing request: https://global.siteyaptim.live/bein3/tracks-v1a1/2026/08/22/05/55/56-10000.jpg
2026-08-22 05:56:17,272 [INFO] Capturing response: https://global.siteyaptim.live/bein3/tracks-v1a1/2026/08/22/05/55/56-10000.jpg 200 
2026-08-22 05:56:17,491 [INFO] Capturing request: https://global.siteyaptim.live/bein3/tracks-v1a1/2026/08/22/05/56/06-10000.jpg
2026-08-22 05:56:17,793 [INFO] Capturing response: https://global.siteyaptim.live/bein3/tracks-v1a1/2026/08/22/05/56/06-10000.jpg 200 
2026-08-22 05:56:18,641 [INFO]   ✅ M3U8 bulundu: https://corestream.siteyaptim.live//bein3/tracks-v1a1/mono.m3u8
2026-08-22 05:56:19,641 [INFO] 
[4/14]
2026-08-22 05:56:19,642 [INFO] 🔍 beIN Sports 4 → https://www.atomsportv513.top/matches?id=bein-sports-4
2026-08-22 05:56:19,753 [INFO] Capturing request: https://www.atomsportv513.top/matches?id=bein-sports-4
2026-08-22 05:56:19,963 [INFO] Capturing response: https://www.atomsportv513.top/matches?id=bein-sports-4 200 
2026-08-22 05:56:19,997 [INFO] Capturing request: https://streamsport365.com/cinema
2026-08-22 05:56:20,097 [INFO] Capturing request: https://teletv5.top/load/yayinlink.php?id=bein-sports-4
2026-08-22 05:56:20,099 [INFO] Capturing request: https://www.atomsportv513.top/favicon.ico
2026-08-22 05:56:20,123 [INFO] Capturing response: https://www.atomsportv513.top/favicon.ico 200 
2026-08-22 05:56:20,247 [INFO] Capturing response: https://teletv5.top/load/yayinlink.php?id=bein-sports-4 200 
2026-08-22 05:56:20,249 [INFO] Capturing response: https://streamsport365.com/cinema 200 
2026-08-22 05:56:20,399 [INFO] Capturing request: https://www.atomsportv513.top/assets/img/player/player_logo_6a87a2e2eecc5.png
2026-08-22 05:56:20,409 [INFO] Capturing request: https://corestream.siteyaptim.live//bein4/tracks-v1a1/mono.m3u8
2026-08-22 05:56:20,512 [INFO] Capturing response: https://www.atomsportv513.top/assets/img/player/player_logo_6a87a2e2eecc5.png 304 
2026-08-22 05:56:20,538 [INFO] Capturing response: https://corestream.siteyaptim.live//bein4/tracks-v1a1/mono.m3u8 200 
2026-08-22 05:56:20,687 [INFO] Capturing request: https://global.siteyaptim.live/bein4/tracks-v1a1/2026/08/22/05/55/54-10000.jpg
2026-08-22 05:56:21,205 [INFO] Capturing response: https://global.siteyaptim.live/bein4/tracks-v1a1/2026/08/22/05/55/54-10000.jpg 200 
2026-08-22 05:56:21,531 [INFO] Capturing request: https://global.siteyaptim.live/bein4/tracks-v1a1/2026/08/22/05/56/04-10000.jpg
2026-08-22 05:56:22,059 [INFO] Capturing response: https://global.siteyaptim.live/bein4/tracks-v1a1/2026/08/22/05/56/04-10000.jpg 200 
2026-08-22 05:56:22,381 [INFO] Capturing request: https://global.siteyaptim.live/bein4/tracks-v1a1/2026/08/22/05/56/14-10000.jpg
2026-08-22 05:56:22,918 [INFO] Capturing response: https://global.siteyaptim.live/bein4/tracks-v1a1/2026/08/22/05/56/14-10000.jpg 200 
2026-08-22 05:56:23,032 [INFO]   ✅ M3U8 bulundu: https://corestream.siteyaptim.live//bein4/tracks-v1a1/mono.m3u8
2026-08-22 05:56:24,034 [INFO] 
[5/14]
2026-08-22 05:56:24,034 [INFO] 🔍 beIN Sports 5 → https://www.atomsportv513.top/matches?id=bein-sports-5
2026-08-22 05:56:24,145 [INFO] Capturing request: https://www.atomsportv513.top/matches?id=bein-sports-5
2026-08-22 05:56:24,451 [INFO] Capturing response: https://www.atomsportv513.top/matches?id=bein-sports-5 200 
2026-08-22 05:56:24,584 [INFO] Capturing request: https://teletv5.top/load/yayinlink.php?id=bein-sports-5
2026-08-22 05:56:24,587 [INFO] Capturing request: https://www.atomsportv513.top/favicon.ico
2026-08-22 05:56:24,616 [INFO] Capturing response: https://www.atomsportv513.top/favicon.ico 200 
2026-08-22 05:56:24,683 [INFO] Capturing request: https://streamsport365.com/cinema
2026-08-22 05:56:24,733 [INFO] Capturing response: https://teletv5.top/load/yayinlink.php?id=bein-sports-5 200 
2026-08-22 05:56:24,923 [INFO] Capturing response: https://streamsport365.com/cinema 200 
2026-08-22 05:56:25,034 [INFO] Capturing request: https://www.atomsportv513.top/assets/img/player/player_logo_6a87a2e2eecc5.png
2026-08-22 05:56:25,044 [INFO] Capturing request: https://corestream.siteyaptim.live//bein5/tracks-v1a1/mono.m3u8
2026-08-22 05:56:25,148 [INFO] Capturing response: https://www.atomsportv513.top/assets/img/player/player_logo_6a87a2e2eecc5.png 304 
2026-08-22 05:56:25,174 [INFO] Capturing response: https://corestream.siteyaptim.live//bein5/tracks-v1a1/mono.m3u8 200 
2026-08-22 05:56:25,284 [INFO] Capturing request: https://global.siteyaptim.live/bein5/tracks-v1a1/2026/08/22/05/56/21-10000.jpg
2026-08-22 05:56:25,657 [INFO] Capturing response: https://global.siteyaptim.live/bein5/tracks-v1a1/2026/08/22/05/56/21-10000.jpg 200 
2026-08-22 05:56:25,942 [INFO] Capturing request: https://global.siteyaptim.live/bein5/tracks-v1a1/2026/08/22/05/56/31-10000.jpg
2026-08-22 05:56:26,348 [INFO] Capturing response: https://global.siteyaptim.live/bein5/tracks-v1a1/2026/08/22/05/56/31-10000.jpg 200 
2026-08-22 05:56:26,629 [INFO] Capturing request: https://global.siteyaptim.live/bein5/tracks-v1a1/2026/08/22/05/56/41-10000.jpg
2026-08-22 05:56:27,008 [INFO] Capturing response: https://global.siteyaptim.live/bein5/tracks-v1a1/2026/08/22/05/56/41-10000.jpg 200 
2026-08-22 05:56:27,540 [INFO]   ✅ M3U8 bulundu: https://corestream.siteyaptim.live//bein5/tracks-v1a1/mono.m3u8
2026-08-22 05:56:28,540 [INFO] 
[6/14]
2026-08-22 05:56:28,540 [INFO] 🔍 beIN Sports Max 1 → https://www.atomsportv513.top/matches?id=bein-sports-max-1
2026-08-22 05:56:28,651 [INFO] Capturing request: https://www.atomsportv513.top/matches?id=bein-sports-max-1
2026-08-22 05:56:28,851 [INFO] Capturing response: https://www.atomsportv513.top/matches?id=bein-sports-max-1 200 
2026-08-22 05:56:28,888 [INFO] Capturing request: https://streamsport365.com/cinema
2026-08-22 05:56:28,990 [INFO] Capturing request: https://teletv5.top/load/yayinlink.php?id=bein-sports-max-1
2026-08-22 05:56:28,991 [INFO] Capturing request: https://www.atomsportv513.top/favicon.ico
2026-08-22 05:56:29,021 [INFO] Capturing response: https://www.atomsportv513.top/favicon.ico 200 
2026-08-22 05:56:29,135 [INFO] Capturing response: https://streamsport365.com/cinema 200 
2026-08-22 05:56:29,140 [INFO] Capturing response: https://teletv5.top/load/yayinlink.php?id=bein-sports-max-1 200 
2026-08-22 05:56:29,292 [INFO] Capturing request: https://www.atomsportv513.top/assets/img/player/player_logo_6a87a2e2eecc5.png
2026-08-22 05:56:29,302 [INFO] Capturing request: https://corestream.siteyaptim.live//beinmax1/tracks-v1a1/mono.m3u8
2026-08-22 05:56:29,405 [INFO] Capturing response: https://www.atomsportv513.top/assets/img/player/player_logo_6a87a2e2eecc5.png 304 
2026-08-22 05:56:29,437 [INFO] Capturing response: https://corestream.siteyaptim.live//beinmax1/tracks-v1a1/mono.m3u8 404 
2026-08-22 05:56:31,603 [INFO] Capturing request: https://corestream.siteyaptim.live//beinmax1/tracks-v1a1/mono.m3u8
2026-08-22 05:56:31,723 [INFO] Capturing response: https://corestream.siteyaptim.live//beinmax1/tracks-v1a1/mono.m3u8 404 
2026-08-22 05:56:31,898 [INFO]   ✅ M3U8 bulundu: https://corestream.siteyaptim.live//beinmax1/tracks-v1a1/mono.m3u8
2026-08-22 05:56:32,898 [INFO] 
[7/14]
2026-08-22 05:56:32,899 [INFO] 🔍 beIN Sports Max 2 → https://www.atomsportv513.top/matches?id=bein-sports-max-2
2026-08-22 05:56:33,007 [INFO] Capturing request: https://www.atomsportv513.top/matches?id=bein-sports-max-2
2026-08-22 05:56:33,204 [INFO] Capturing response: https://www.atomsportv513.top/matches?id=bein-sports-max-2 200 
2026-08-22 05:56:33,335 [INFO] Capturing request: https://teletv5.top/load/yayinlink.php?id=bein-sports-max-2
2026-08-22 05:56:33,336 [INFO] Capturing request: https://www.atomsportv513.top/favicon.ico
2026-08-22 05:56:33,363 [INFO] Capturing response: https://www.atomsportv513.top/favicon.ico 200 
2026-08-22 05:56:33,434 [INFO] Capturing request: https://streamsport365.com/cinema
2026-08-22 05:56:33,482 [INFO] Capturing response: https://teletv5.top/load/yayinlink.php?id=bein-sports-max-2 200 
2026-08-22 05:56:33,676 [INFO] Capturing response: https://streamsport365.com/cinema 200 
2026-08-22 05:56:33,743 [INFO] Capturing request: https://android.clients.google.com/c2dm/register3
2026-08-22 05:56:33,783 [INFO] Capturing response: https://android.clients.google.com/c2dm/register3 301 
2026-08-22 05:56:33,786 [INFO] Capturing request: https://www.atomsportv513.top/assets/img/player/player_logo_6a87a2e2eecc5.png
2026-08-22 05:56:33,795 [INFO] Capturing request: https://corestream.siteyaptim.live//beinmax2/tracks-v1a1/mono.m3u8
2026-08-22 05:56:33,900 [INFO] Capturing response: https://www.atomsportv513.top/assets/img/player/player_logo_6a87a2e2eecc5.png 304 
2026-08-22 05:56:33,926 [INFO] Capturing response: https://corestream.siteyaptim.live//beinmax2/tracks-v1a1/mono.m3u8 404 
2026-08-22 05:56:36,085 [INFO] Capturing request: https://corestream.siteyaptim.live//beinmax2/tracks-v1a1/mono.m3u8
2026-08-22 05:56:36,214 [INFO] Capturing response: https://corestream.siteyaptim.live//beinmax2/tracks-v1a1/mono.m3u8 404 
2026-08-22 05:56:36,246 [INFO]   ✅ M3U8 bulundu: https://corestream.siteyaptim.live//beinmax2/tracks-v1a1/mono.m3u8
2026-08-22 05:56:37,247 [INFO] 
[8/14]
2026-08-22 05:56:37,247 [INFO] 🔍 S Sport → https://www.atomsportv513.top/matches?id=s-sport
2026-08-22 05:56:37,355 [INFO] Capturing request: https://www.atomsportv513.top/matches?id=s-sport
2026-08-22 05:56:37,700 [INFO] Capturing response: https://www.atomsportv513.top/matches?id=s-sport 200 
2026-08-22 05:56:37,735 [INFO] Capturing request: https://streamsport365.com/cinema
2026-08-22 05:56:37,831 [INFO] Capturing request: https://teletv5.top/load/yayinlink.php?id=s-sport
2026-08-22 05:56:37,835 [INFO] Capturing request: https://www.atomsportv513.top/favicon.ico
2026-08-22 05:56:37,863 [INFO] Capturing response: https://www.atomsportv513.top/favicon.ico 200 
2026-08-22 05:56:37,974 [INFO] Capturing response: https://streamsport365.com/cinema 200 
2026-08-22 05:56:37,978 [INFO] Capturing response: https://teletv5.top/load/yayinlink.php?id=s-sport 200 
2026-08-22 05:56:38,130 [INFO] Capturing request: https://www.atomsportv513.top/assets/img/player/player_logo_6a87a2e2eecc5.png
2026-08-22 05:56:38,139 [INFO] Capturing request: https://corestream.siteyaptim.live//s-sport/tracks-v1a1/mono.m3u8
2026-08-22 05:56:38,244 [INFO] Capturing response: https://www.atomsportv513.top/assets/img/player/player_logo_6a87a2e2eecc5.png 304 
2026-08-22 05:56:38,255 [INFO] Capturing response: https://corestream.siteyaptim.live//s-sport/tracks-v1a1/mono.m3u8 200 
2026-08-22 05:56:38,366 [INFO] Capturing request: https://global.siteyaptim.live/s-sport/tracks-v1a1/2026/08/22/05/57/10-10000.jpg
2026-08-22 05:56:38,587 [INFO] Capturing request: https://android.clients.google.com/c2dm/register3
2026-08-22 05:56:38,773 [INFO] Capturing response: https://global.siteyaptim.live/s-sport/tracks-v1a1/2026/08/22/05/57/10-10000.jpg 200 
2026-08-22 05:56:38,979 [INFO] Capturing response: https://android.clients.google.com/c2dm/register3 200 
2026-08-22 05:56:39,053 [INFO] Capturing request: https://global.siteyaptim.live/s-sport/tracks-v1a1/2026/08/22/05/57/20-10000.jpg
2026-08-22 05:56:39,451 [INFO] Capturing response: https://global.siteyaptim.live/s-sport/tracks-v1a1/2026/08/22/05/57/20-10000.jpg 200 
2026-08-22 05:56:39,708 [INFO] Capturing request: https://global.siteyaptim.live/s-sport/tracks-v1a1/2026/08/22/05/57/30-10000.jpg
2026-08-22 05:56:40,089 [INFO] Capturing response: https://global.siteyaptim.live/s-sport/tracks-v1a1/2026/08/22/05/57/30-10000.jpg 200 
2026-08-22 05:56:40,749 [INFO]   ✅ M3U8 bulundu: https://corestream.siteyaptim.live//s-sport/tracks-v1a1/mono.m3u8
2026-08-22 05:56:41,750 [INFO] 
[9/14]
2026-08-22 05:56:41,750 [INFO] 🔍 S Sport 2 → https://www.atomsportv513.top/matches?id=s-sport-2
2026-08-22 05:56:41,860 [INFO] Capturing request: https://www.atomsportv513.top/matches?id=s-sport-2
2026-08-22 05:56:42,059 [INFO] Capturing response: https://www.atomsportv513.top/matches?id=s-sport-2 200 
2026-08-22 05:56:42,193 [INFO] Capturing request: https://teletv5.top/load/yayinlink.php?id=s-sport-2
2026-08-22 05:56:42,195 [INFO] Capturing request: https://www.atomsportv513.top/favicon.ico
2026-08-22 05:56:42,221 [INFO] Capturing response: https://www.atomsportv513.top/favicon.ico 200 
2026-08-22 05:56:42,288 [INFO] Capturing request: https://streamsport365.com/cinema
2026-08-22 05:56:42,340 [INFO] Capturing response: https://teletv5.top/load/yayinlink.php?id=s-sport-2 200 
2026-08-22 05:56:42,527 [INFO] Capturing response: https://streamsport365.com/cinema 200 
2026-08-22 05:56:42,638 [INFO] Capturing request: https://www.atomsportv513.top/assets/img/player/player_logo_6a87a2e2eecc5.png
2026-08-22 05:56:42,648 [INFO] Capturing request: https://corestream.siteyaptim.live//s-sport2/tracks-v1a1/mono.m3u8
2026-08-22 05:56:42,753 [INFO] Capturing response: https://www.atomsportv513.top/assets/img/player/player_logo_6a87a2e2eecc5.png 304 
2026-08-22 05:56:42,760 [INFO] Capturing response: https://corestream.siteyaptim.live//s-sport2/tracks-v1a1/mono.m3u8 200 
2026-08-22 05:56:42,910 [INFO] Capturing request: https://global.siteyaptim.live/s-sport2/tracks-v1a1/2026/08/22/05/57/17-06000.jpg
2026-08-22 05:56:43,139 [INFO] Capturing response: https://global.siteyaptim.live/s-sport2/tracks-v1a1/2026/08/22/05/57/17-06000.jpg 200 
2026-08-22 05:56:43,354 [INFO] Capturing request: https://global.siteyaptim.live/s-sport2/tracks-v1a1/2026/08/22/05/57/23-06000.jpg
2026-08-22 05:56:43,526 [INFO] Capturing response: https://global.siteyaptim.live/s-sport2/tracks-v1a1/2026/08/22/05/57/23-06000.jpg 200 
2026-08-22 05:56:43,752 [INFO] Capturing request: https://global.siteyaptim.live/s-sport2/tracks-v1a1/2026/08/22/05/57/29-06000.jpg
2026-08-22 05:56:43,965 [INFO] Capturing response: https://global.siteyaptim.live/s-sport2/tracks-v1a1/2026/08/22/05/57/29-06000.jpg 200 
2026-08-22 05:56:45,117 [INFO]   ✅ M3U8 bulundu: https://corestream.siteyaptim.live//s-sport2/tracks-v1a1/mono.m3u8
2026-08-22 05:56:46,117 [INFO] 
[10/14]
2026-08-22 05:56:46,117 [INFO] 🔍 A Spor → https://www.atomsportv513.top/matches?id=a-spor
2026-08-22 05:56:46,227 [INFO] Capturing request: https://www.atomsportv513.top/matches?id=a-spor
2026-08-22 05:56:46,427 [INFO] Capturing response: https://www.atomsportv513.top/matches?id=a-spor 200 
2026-08-22 05:56:46,460 [INFO] Capturing request: https://streamsport365.com/cinema
2026-08-22 05:56:46,561 [INFO] Capturing request: https://teletv5.top/load/yayinlink.php?id=a-spor
2026-08-22 05:56:46,568 [INFO] Capturing request: https://www.atomsportv513.top/favicon.ico
2026-08-22 05:56:46,709 [INFO] Capturing response: https://streamsport365.com/cinema 200 
2026-08-22 05:56:46,712 [INFO] Capturing response: https://teletv5.top/load/yayinlink.php?id=a-spor 200 
2026-08-22 05:56:46,714 [INFO] Capturing response: https://www.atomsportv513.top/favicon.ico 200 
2026-08-22 05:56:46,863 [INFO] Capturing request: https://www.atomsportv513.top/assets/img/player/player_logo_6a87a2e2eecc5.png
2026-08-22 05:56:46,873 [INFO] Capturing request: https://corestream.siteyaptim.live//aspor/tracks-v1a1/mono.m3u8
2026-08-22 05:56:46,978 [INFO] Capturing response: https://www.atomsportv513.top/assets/img/player/player_logo_6a87a2e2eecc5.png 304 
2026-08-22 05:56:46,996 [INFO] Capturing response: https://corestream.siteyaptim.live//aspor/tracks-v1a1/mono.m3u8 200 
2026-08-22 05:56:47,106 [INFO] Capturing request: https://global.siteyaptim.live/aspor/tracks-v1a1/2026/08/22/05/56/28-10000.jpg
2026-08-22 05:56:47,552 [INFO] Capturing response: https://global.siteyaptim.live/aspor/tracks-v1a1/2026/08/22/05/56/28-10000.jpg 200 
2026-08-22 05:56:47,843 [INFO] Capturing request: https://global.siteyaptim.live/aspor/tracks-v1a1/2026/08/22/05/56/38-10000.jpg
2026-08-22 05:56:48,315 [INFO] Capturing response: https://global.siteyaptim.live/aspor/tracks-v1a1/2026/08/22/05/56/38-10000.jpg 200 
2026-08-22 05:56:48,622 [INFO] Capturing request: https://global.siteyaptim.live/aspor/tracks-v1a1/2026/08/22/05/56/48-10000.jpg
2026-08-22 05:56:49,165 [INFO] Capturing response: https://global.siteyaptim.live/aspor/tracks-v1a1/2026/08/22/05/56/48-10000.jpg 200 
2026-08-22 05:56:49,520 [INFO]   ✅ M3U8 bulundu: https://corestream.siteyaptim.live//aspor/tracks-v1a1/mono.m3u8
2026-08-22 05:56:50,521 [INFO] 
[11/14]
2026-08-22 05:56:50,521 [INFO] 🔍 Tivibu Spor 1 → https://www.atomsportv513.top/matches?id=tivibu-spor-1
2026-08-22 05:56:50,633 [INFO] Capturing request: https://www.atomsportv513.top/matches?id=tivibu-spor-1
2026-08-22 05:56:50,838 [INFO] Capturing response: https://www.atomsportv513.top/matches?id=tivibu-spor-1 200 
2026-08-22 05:56:50,970 [INFO] Capturing request: https://teletv5.top/load/yayinlink.php?id=tivibu-spor-1
2026-08-22 05:56:50,975 [INFO] Capturing request: https://www.atomsportv513.top/favicon.ico
2026-08-22 05:56:51,000 [INFO] Capturing response: https://www.atomsportv513.top/favicon.ico 200 
2026-08-22 05:56:51,067 [INFO] Capturing request: https://streamsport365.com/cinema
2026-08-22 05:56:51,118 [INFO] Capturing response: https://teletv5.top/load/yayinlink.php?id=tivibu-spor-1 200 
2026-08-22 05:56:51,317 [INFO] Capturing response: https://streamsport365.com/cinema 200 
2026-08-22 05:57:05,269 [INFO] Capturing request: https://update.googleapis.com/service/update2/json?cup2key=16:ZgUUwdaBRgzZJuS9fvJMQ47505fmfNRgU0cwzoLCB6E&cup2hreq=6a9eeaf4b69d419ecf5f909004243609f9f7a3498e0f5d06bf4d64f3ea5e0e32
2026-08-22 05:57:05,297 [INFO] Capturing response: https://update.googleapis.com/service/update2/json?cup2key=16:ZgUUwdaBRgzZJuS9fvJMQ47505fmfNRgU0cwzoLCB6E&cup2hreq=6a9eeaf4b69d419ecf5f909004243609f9f7a3498e0f5d06bf4d64f3ea5e0e32 200 
2026-08-22 05:57:05,304 [INFO] Capturing request: http://edgedl.me.gvt1.com/edgedl/release2/chrome_component/acrejibbatgcdimswdnfisjqctaa_10730/hfnkpimlhhgieaddgfemjhofmfblmnib_10730_all_adnmhsrqoze7yl7t33nv7uyibefq.crx3
2026-08-22 05:57:05,330 [INFO] Capturing response: http://edgedl.me.gvt1.com/edgedl/release2/chrome_component/acrejibbatgcdimswdnfisjqctaa_10730/hfnkpimlhhgieaddgfemjhofmfblmnib_10730_all_adnmhsrqoze7yl7t33nv7uyibefq.crx3 200 OK
2026-08-22 05:57:05,362 [INFO] Capturing request: https://update.googleapis.com/service/update2/json
2026-08-22 05:57:05,385 [INFO] Capturing response: https://update.googleapis.com/service/update2/json 200 
2026-08-22 05:57:05,431 [INFO] Capturing request: http://edgedl.me.gvt1.com/edgedl/diffgen-puffin/gcmjkmgdlgnkkcocmoeiminaijmmjnii/6ca5bdb9f3e2cd83b7e359729bc6c33c4fe975ec499861d969b3e080320849ff
2026-08-22 05:57:05,439 [INFO] Capturing response: http://edgedl.me.gvt1.com/edgedl/diffgen-puffin/gcmjkmgdlgnkkcocmoeiminaijmmjnii/6ca5bdb9f3e2cd83b7e359729bc6c33c4fe975ec499861d969b3e080320849ff 200 OK
2026-08-22 05:57:05,501 [INFO] Capturing request: https://update.googleapis.com/service/update2/json
2026-08-22 05:57:05,525 [INFO] Capturing response: https://update.googleapis.com/service/update2/json 200 
2026-08-22 05:57:24,169 [WARNING]   ❌ Tivibu Spor 1 için M3U8 bulunamadı
2026-08-22 05:57:25,170 [INFO] 
[12/14]
2026-08-22 05:57:25,170 [INFO] 🔍 Tivibu Spor 2 → https://www.atomsportv513.top/matches?id=tivibu-spor-2
2026-08-22 05:57:25,313 [INFO] Capturing request: https://www.atomsportv513.top/matches?id=tivibu-spor-2
2026-08-22 05:57:25,726 [INFO] Capturing response: https://www.atomsportv513.top/matches?id=tivibu-spor-2 200 
2026-08-22 05:57:25,891 [INFO] Capturing request: https://www.atomsportv513.top/favicon.ico
2026-08-22 05:57:25,923 [INFO] Capturing request: https://teletv5.top/load/yayinlink.php?id=tivibu-spor-2
2026-08-22 05:57:25,926 [INFO] Capturing response: https://www.atomsportv513.top/favicon.ico 200 
2026-08-22 05:57:26,076 [INFO] Capturing response: https://teletv5.top/load/yayinlink.php?id=tivibu-spor-2 200 
2026-08-22 05:57:26,313 [INFO] Capturing request: https://streamsport365.com/cinema
2026-08-22 05:57:26,563 [INFO] Capturing response: https://streamsport365.com/cinema 200 
2026-08-22 05:57:30,010 [INFO] Capturing request: https://android.clients.google.com/c2dm/register3
2026-08-22 05:57:30,066 [INFO] Capturing response: https://android.clients.google.com/c2dm/register3 301 
2026-08-22 05:57:59,044 [WARNING]   ❌ Tivibu Spor 2 için M3U8 bulunamadı
2026-08-22 05:58:00,045 [INFO] 
[13/14]
2026-08-22 05:58:00,045 [INFO] 🔍 Tivibu Spor 3 → https://www.atomsportv513.top/matches?id=tivibu-spor-3
2026-08-22 05:58:00,154 [INFO] Capturing request: https://www.atomsportv513.top/matches?id=tivibu-spor-3
2026-08-22 05:58:00,867 [INFO] Capturing response: https://www.atomsportv513.top/matches?id=tivibu-spor-3 200 
2026-08-22 05:58:00,999 [INFO] Capturing request: https://teletv5.top/load/yayinlink.php?id=tivibu-spor-3
2026-08-22 05:58:01,005 [INFO] Capturing request: https://www.atomsportv513.top/favicon.ico
2026-08-22 05:58:01,030 [INFO] Capturing response: https://www.atomsportv513.top/favicon.ico 200 
2026-08-22 05:58:01,098 [INFO] Capturing request: https://streamsport365.com/cinema
2026-08-22 05:58:01,152 [INFO] Capturing response: https://teletv5.top/load/yayinlink.php?id=tivibu-spor-3 200 
2026-08-22 05:58:01,337 [INFO] Capturing response: https://streamsport365.com/cinema 200 
2026-08-22 05:58:34,157 [WARNING]   ❌ Tivibu Spor 3 için M3U8 bulunamadı
2026-08-22 05:58:35,157 [INFO] 
[14/14]
2026-08-22 05:58:35,157 [INFO] 🔍 Tivibu Spor 4 → https://www.atomsportv513.top/matches?id=tivibu-spor-4
2026-08-22 05:58:35,266 [INFO] Capturing request: https://www.atomsportv513.top/matches?id=tivibu-spor-4
2026-08-22 05:58:35,574 [INFO] Capturing response: https://www.atomsportv513.top/matches?id=tivibu-spor-4 200 
2026-08-22 05:58:35,706 [INFO] Capturing request: https://teletv5.top/load/yayinlink.php?id=tivibu-spor-4
2026-08-22 05:58:35,709 [INFO] Capturing request: https://www.atomsportv513.top/favicon.ico
2026-08-22 05:58:35,737 [INFO] Capturing response: https://www.atomsportv513.top/favicon.ico 200 
2026-08-22 05:58:35,804 [INFO] Capturing request: https://streamsport365.com/cinema
2026-08-22 05:58:35,857 [INFO] Capturing response: https://teletv5.top/load/yayinlink.php?id=tivibu-spor-4 200 
2026-08-22 05:58:36,049 [INFO] Capturing response: https://streamsport365.com/cinema 200 
2026-08-22 05:59:05,193 [INFO] Capturing request: https://android.clients.google.com/c2dm/register3
2026-08-22 05:59:05,233 [INFO] Capturing response: https://android.clients.google.com/c2dm/register3 301 
2026-08-22 05:59:08,864 [WARNING]   ❌ Tivibu Spor 4 için M3U8 bulunamadı
2026-08-22 05:59:09,933 [INFO] ✅ 10 kanal bulundu, playlist.m3u kaydedildi
