2026-08-23 05:31:08,004 [INFO] 🌐 BASE_URL: https://www.atomsportv513.top
2026-08-23 05:31:09,149 [INFO] Başlanıyor... 14 kanal taranacak
2026-08-23 05:31:09,149 [INFO] Using default request storage
2026-08-23 05:31:09,152 [INFO] Created proxy listening on 127.0.0.1:42369
2026-08-23 05:31:09,797 [INFO] Capturing request: http://clients2.google.com/time/1/current?cup2key=10:r4IeDdnhz_R8LrN75n50atmyljT-SNBntwFCrF70E8U&cup2hreq=e3b0c44298fc1c149afbf4c8996fb92427ae41e4649b934ca495991b7852b855
2026-08-23 05:31:09,831 [INFO] Capturing response: http://clients2.google.com/time/1/current?cup2key=10:r4IeDdnhz_R8LrN75n50atmyljT-SNBntwFCrF70E8U&cup2hreq=e3b0c44298fc1c149afbf4c8996fb92427ae41e4649b934ca495991b7852b855 200 OK
2026-08-23 05:31:09,980 [INFO] 
[1/14]
2026-08-23 05:31:09,980 [INFO] 🔍 beIN Sports 1 → https://www.atomsportv513.top/matches?id=bein-sports-1
2026-08-23 05:31:10,104 [INFO] Capturing request: https://update.googleapis.com/service/update2/json?cup2key=16:TFQIeeRyk5aAul38F0Zuf_rH2dL8q3_72lOv3YbZYtM&cup2hreq=6ca086f67463d7520e3ac2c81761c8c0bf346958b2b88f74456d637f715275d8
2026-08-23 05:31:10,108 [INFO] Capturing request: https://accounts.google.com/ListAccounts?gpsia=1&source=ChromiumBrowser&json=standard&laf=b64bin
2026-08-23 05:31:10,173 [INFO] Capturing response: https://update.googleapis.com/service/update2/json?cup2key=16:TFQIeeRyk5aAul38F0Zuf_rH2dL8q3_72lOv3YbZYtM&cup2hreq=6ca086f67463d7520e3ac2c81761c8c0bf346958b2b88f74456d637f715275d8 200 
2026-08-23 05:31:10,202 [INFO] Capturing request: https://www.google.com/async/folae?async=_fmt:pb&udm=50&client_locale=en-US&client_country=ZZ
2026-08-23 05:31:10,203 [INFO] Capturing request: https://www.atomsportv513.top/matches?id=bein-sports-1
2026-08-23 05:31:10,220 [INFO] Capturing request: https://update.googleapis.com/service/update2/json?cup2key=16:go32lRq7wlO18fW6DptJuB8N9s1qVB01kI3AMA-XB6w&cup2hreq=befaf69effaa449f6b00cae0792d16efbc08846e3aca0e6a128662ae52fa7eec
2026-08-23 05:31:10,234 [INFO] Capturing response: https://www.google.com/async/folae?async=_fmt:pb&udm=50&client_locale=en-US&client_country=ZZ 200 
2026-08-23 05:31:10,248 [INFO] Capturing response: https://update.googleapis.com/service/update2/json?cup2key=16:go32lRq7wlO18fW6DptJuB8N9s1qVB01kI3AMA-XB6w&cup2hreq=befaf69effaa449f6b00cae0792d16efbc08846e3aca0e6a128662ae52fa7eec 200 
2026-08-23 05:31:10,276 [INFO] Capturing response: https://accounts.google.com/ListAccounts?gpsia=1&source=ChromiumBrowser&json=standard&laf=b64bin 200 
2026-08-23 05:31:10,293 [INFO] Capturing request: https://update.googleapis.com/service/update2/json?cup2key=16:ZNRX9pp6aepB_x0eIsIHF6cQRU4uFf-XaqH_PRnDG14&cup2hreq=d446d685ad35d0f57ef94e2049b96ce6d7d7b5801ad5c5b14a26c668391564b7
2026-08-23 05:31:10,320 [INFO] Capturing response: https://update.googleapis.com/service/update2/json?cup2key=16:ZNRX9pp6aepB_x0eIsIHF6cQRU4uFf-XaqH_PRnDG14&cup2hreq=d446d685ad35d0f57ef94e2049b96ce6d7d7b5801ad5c5b14a26c668391564b7 200 
2026-08-23 05:31:10,872 [INFO] Capturing response: https://www.atomsportv513.top/matches?id=bein-sports-1 200 
2026-08-23 05:31:11,063 [INFO] Capturing request: https://cdn.jsdelivr.net/npm/@clappr/player@0.11.16/dist/clappr.min.js
2026-08-23 05:31:11,065 [INFO] Capturing request: https://cdn.jsdelivr.net/npm/level-selector/dist/level-selector.min.js
2026-08-23 05:31:11,066 [INFO] Capturing request: https://cdn.jsdelivr.net/npm/@clappr/hlsjs-playback@1.8.3/dist/hlsjs-playback.min.js
2026-08-23 05:31:11,084 [INFO] Capturing response: https://cdn.jsdelivr.net/npm/level-selector/dist/level-selector.min.js 200 
2026-08-23 05:31:11,097 [INFO] Capturing response: https://cdn.jsdelivr.net/npm/@clappr/player@0.11.16/dist/clappr.min.js 200 
2026-08-23 05:31:11,108 [INFO] Capturing response: https://cdn.jsdelivr.net/npm/@clappr/hlsjs-playback@1.8.3/dist/hlsjs-playback.min.js 200 
2026-08-23 05:31:11,298 [INFO] Capturing request: https://www.atomsportv513.top/favicon.ico
2026-08-23 05:31:11,339 [INFO] Capturing response: https://www.atomsportv513.top/favicon.ico 200 
2026-08-23 05:31:11,515 [INFO] Capturing request: https://teletv5.top/load/yayinlink.php?id=bein-sports-1
2026-08-23 05:31:11,930 [INFO] Capturing request: https://streamsport365.com/cinema
2026-08-23 05:31:11,949 [INFO] Capturing response: https://teletv5.top/load/yayinlink.php?id=bein-sports-1 200 
2026-08-23 05:31:12,302 [INFO] Capturing response: https://streamsport365.com/cinema 200 
2026-08-23 05:31:12,426 [INFO] Capturing request: https://www.atomsportv513.top/assets/img/player/player_logo_6a87a2e2eecc5.png
2026-08-23 05:31:12,465 [INFO] Capturing response: https://www.atomsportv513.top/assets/img/player/player_logo_6a87a2e2eecc5.png 200 
2026-08-23 05:31:12,685 [INFO] Capturing request: https://corestream.siteyaptim.live//beintv/tracks-v1a1/mono.m3u8
2026-08-23 05:31:12,899 [INFO] Capturing response: https://corestream.siteyaptim.live//beintv/tracks-v1a1/mono.m3u8 200 
2026-08-23 05:31:13,095 [INFO] Capturing request: https://android.clients.google.com/checkin
2026-08-23 05:31:13,121 [INFO] Capturing request: https://global.siteyaptim.live/beintv/tracks-v1a1/2026/08/23/05/31/48-05000.jpg
2026-08-23 05:31:13,210 [INFO] Capturing response: https://android.clients.google.com/checkin 200 
2026-08-23 05:31:13,259 [INFO] Capturing request: https://android.clients.google.com/c2dm/register3
2026-08-23 05:31:13,260 [INFO] Capturing request: https://android.clients.google.com/c2dm/register3
2026-08-23 05:31:13,264 [INFO] Capturing request: https://android.clients.google.com/c2dm/register3
2026-08-23 05:31:13,321 [INFO] Capturing response: https://android.clients.google.com/c2dm/register3 301 
2026-08-23 05:31:13,526 [INFO] Capturing response: https://global.siteyaptim.live/beintv/tracks-v1a1/2026/08/23/05/31/48-05000.jpg 200 
2026-08-23 05:31:13,734 [INFO] Capturing request: https://global.siteyaptim.live/beintv/tracks-v1a1/2026/08/23/05/31/53-05000.jpg
2026-08-23 05:31:14,017 [INFO] Capturing response: https://global.siteyaptim.live/beintv/tracks-v1a1/2026/08/23/05/31/53-05000.jpg 200 
2026-08-23 05:31:14,079 [INFO] Capturing response: https://android.clients.google.com/c2dm/register3 200 
2026-08-23 05:31:14,150 [INFO] Capturing response: https://android.clients.google.com/c2dm/register3 200 
2026-08-23 05:31:14,213 [INFO] Capturing request: https://global.siteyaptim.live/beintv/tracks-v1a1/2026/08/23/05/31/58-05000.jpg
2026-08-23 05:31:14,215 [INFO]   ✅ M3U8 bulundu: https://corestream.siteyaptim.live//beintv/tracks-v1a1/mono.m3u8
2026-08-23 05:31:14,664 [INFO] Capturing response: https://global.siteyaptim.live/beintv/tracks-v1a1/2026/08/23/05/31/58-05000.jpg 200 
2026-08-23 05:31:15,215 [INFO] 
[2/14]
2026-08-23 05:31:15,215 [INFO] 🔍 beIN Sports 2 → https://www.atomsportv513.top/matches?id=bein-sports-2
2026-08-23 05:31:15,325 [INFO] Capturing request: https://www.atomsportv513.top/matches?id=bein-sports-2
2026-08-23 05:31:15,571 [INFO] Capturing response: https://www.atomsportv513.top/matches?id=bein-sports-2 200 
2026-08-23 05:31:15,613 [INFO] Capturing request: https://streamsport365.com/cinema
2026-08-23 05:31:15,710 [INFO] Capturing request: https://teletv5.top/load/yayinlink.php?id=bein-sports-2
2026-08-23 05:31:15,714 [INFO] Capturing request: https://www.atomsportv513.top/favicon.ico
2026-08-23 05:31:15,744 [INFO] Capturing response: https://www.atomsportv513.top/favicon.ico 200 
2026-08-23 05:31:15,999 [INFO] Capturing response: https://streamsport365.com/cinema 200 
2026-08-23 05:31:16,106 [INFO] Capturing response: https://teletv5.top/load/yayinlink.php?id=bein-sports-2 200 
2026-08-23 05:31:16,217 [INFO] Capturing request: https://www.atomsportv513.top/assets/img/player/player_logo_6a87a2e2eecc5.png
2026-08-23 05:31:16,225 [INFO] Capturing request: https://corestream.siteyaptim.live//bein2/tracks-v1a1/mono.m3u8
2026-08-23 05:31:16,331 [INFO] Capturing response: https://www.atomsportv513.top/assets/img/player/player_logo_6a87a2e2eecc5.png 304 
2026-08-23 05:31:16,415 [INFO] Capturing response: https://corestream.siteyaptim.live//bein2/tracks-v1a1/mono.m3u8 200 
2026-08-23 05:31:16,523 [INFO] Capturing request: https://global.siteyaptim.live/bein2/tracks-v1a1/2026/08/23/05/30/48-10000.jpg
2026-08-23 05:31:17,015 [INFO] Capturing response: https://global.siteyaptim.live/bein2/tracks-v1a1/2026/08/23/05/30/48-10000.jpg 200 
2026-08-23 05:31:17,287 [INFO] Capturing request: https://global.siteyaptim.live/bein2/tracks-v1a1/2026/08/23/05/30/58-10000.jpg
2026-08-23 05:31:18,635 [INFO]   ✅ M3U8 bulundu: https://corestream.siteyaptim.live//bein2/tracks-v1a1/mono.m3u8
2026-08-23 05:31:18,780 [INFO] Capturing response: https://global.siteyaptim.live/bein2/tracks-v1a1/2026/08/23/05/30/58-10000.jpg 200 
2026-08-23 05:31:19,061 [INFO] Capturing request: https://global.siteyaptim.live/bein2/tracks-v1a1/2026/08/23/05/31/08-10000.jpg
2026-08-23 05:31:19,615 [INFO] Capturing response: https://global.siteyaptim.live/bein2/tracks-v1a1/2026/08/23/05/31/08-10000.jpg 200 
2026-08-23 05:31:19,636 [INFO] 
[3/14]
2026-08-23 05:31:19,636 [INFO] 🔍 beIN Sports 3 → https://www.atomsportv513.top/matches?id=bein-sports-3
2026-08-23 05:31:19,758 [INFO] Capturing request: https://www.atomsportv513.top/matches?id=bein-sports-3
2026-08-23 05:31:20,012 [INFO] Capturing response: https://www.atomsportv513.top/matches?id=bein-sports-3 200 
2026-08-23 05:31:20,137 [INFO] Capturing request: https://teletv5.top/load/yayinlink.php?id=bein-sports-3
2026-08-23 05:31:20,138 [INFO] Capturing request: https://www.atomsportv513.top/favicon.ico
2026-08-23 05:31:20,170 [INFO] Capturing response: https://www.atomsportv513.top/favicon.ico 200 
2026-08-23 05:31:20,299 [INFO] Capturing request: https://streamsport365.com/cinema
2026-08-23 05:31:20,348 [INFO] Capturing response: https://teletv5.top/load/yayinlink.php?id=bein-sports-3 200 
2026-08-23 05:31:20,678 [INFO] Capturing response: https://streamsport365.com/cinema 200 
2026-08-23 05:31:20,787 [INFO] Capturing request: https://www.atomsportv513.top/assets/img/player/player_logo_6a87a2e2eecc5.png
2026-08-23 05:31:20,795 [INFO] Capturing request: https://corestream.siteyaptim.live//bein3/tracks-v1a1/mono.m3u8
2026-08-23 05:31:20,905 [INFO] Capturing response: https://www.atomsportv513.top/assets/img/player/player_logo_6a87a2e2eecc5.png 304 
2026-08-23 05:31:20,981 [INFO] Capturing response: https://corestream.siteyaptim.live//bein3/tracks-v1a1/mono.m3u8 200 
2026-08-23 05:31:21,089 [INFO] Capturing request: https://global.siteyaptim.live/bein3/tracks-v1a1/2026/08/23/05/31/01-10000.jpg
2026-08-23 05:31:21,500 [INFO] Capturing response: https://global.siteyaptim.live/bein3/tracks-v1a1/2026/08/23/05/31/01-10000.jpg 200 
2026-08-23 05:31:21,704 [INFO] Capturing request: https://global.siteyaptim.live/bein3/tracks-v1a1/2026/08/23/05/31/11-10000.jpg
2026-08-23 05:31:22,380 [INFO] Capturing response: https://global.siteyaptim.live/bein3/tracks-v1a1/2026/08/23/05/31/11-10000.jpg 200 
2026-08-23 05:31:22,583 [INFO] Capturing request: https://global.siteyaptim.live/bein3/tracks-v1a1/2026/08/23/05/31/21-10000.jpg
2026-08-23 05:31:22,902 [INFO] Capturing response: https://global.siteyaptim.live/bein3/tracks-v1a1/2026/08/23/05/31/21-10000.jpg 200 
2026-08-23 05:31:23,070 [INFO]   ✅ M3U8 bulundu: https://corestream.siteyaptim.live//bein3/tracks-v1a1/mono.m3u8
2026-08-23 05:31:24,070 [INFO] 
[4/14]
2026-08-23 05:31:24,070 [INFO] 🔍 beIN Sports 4 → https://www.atomsportv513.top/matches?id=bein-sports-4
2026-08-23 05:31:24,178 [INFO] Capturing request: https://www.atomsportv513.top/matches?id=bein-sports-4
2026-08-23 05:31:24,429 [INFO] Capturing response: https://www.atomsportv513.top/matches?id=bein-sports-4 200 
2026-08-23 05:31:24,455 [INFO] Capturing request: https://streamsport365.com/cinema
2026-08-23 05:31:24,556 [INFO] Capturing request: https://teletv5.top/load/yayinlink.php?id=bein-sports-4
2026-08-23 05:31:24,558 [INFO] Capturing request: https://www.atomsportv513.top/favicon.ico
2026-08-23 05:31:24,587 [INFO] Capturing response: https://www.atomsportv513.top/favicon.ico 200 
2026-08-23 05:31:24,768 [INFO] Capturing response: https://teletv5.top/load/yayinlink.php?id=bein-sports-4 200 
2026-08-23 05:31:24,833 [INFO] Capturing response: https://streamsport365.com/cinema 200 
2026-08-23 05:31:24,941 [INFO] Capturing request: https://www.atomsportv513.top/assets/img/player/player_logo_6a87a2e2eecc5.png
2026-08-23 05:31:24,948 [INFO] Capturing request: https://corestream.siteyaptim.live//bein4/tracks-v1a1/mono.m3u8
2026-08-23 05:31:25,070 [INFO] Capturing response: https://www.atomsportv513.top/assets/img/player/player_logo_6a87a2e2eecc5.png 304 
2026-08-23 05:31:25,135 [INFO] Capturing response: https://corestream.siteyaptim.live//bein4/tracks-v1a1/mono.m3u8 200 
2026-08-23 05:31:25,283 [INFO] Capturing request: https://global.siteyaptim.live/bein4/tracks-v1a1/2026/08/23/05/30/58-10000.jpg
2026-08-23 05:31:25,592 [INFO] Capturing response: https://global.siteyaptim.live/bein4/tracks-v1a1/2026/08/23/05/30/58-10000.jpg 200 
2026-08-23 05:31:25,807 [INFO] Capturing request: https://global.siteyaptim.live/bein4/tracks-v1a1/2026/08/23/05/31/08-10000.jpg
2026-08-23 05:31:26,107 [INFO] Capturing response: https://global.siteyaptim.live/bein4/tracks-v1a1/2026/08/23/05/31/08-10000.jpg 200 
2026-08-23 05:31:26,302 [INFO] Capturing request: https://global.siteyaptim.live/bein4/tracks-v1a1/2026/08/23/05/31/18-10000.jpg
2026-08-23 05:31:26,574 [INFO] Capturing response: https://global.siteyaptim.live/bein4/tracks-v1a1/2026/08/23/05/31/18-10000.jpg 200 
2026-08-23 05:31:27,470 [INFO]   ✅ M3U8 bulundu: https://corestream.siteyaptim.live//bein4/tracks-v1a1/mono.m3u8
2026-08-23 05:31:28,470 [INFO] 
[5/14]
2026-08-23 05:31:28,470 [INFO] 🔍 beIN Sports 5 → https://www.atomsportv513.top/matches?id=bein-sports-5
2026-08-23 05:31:28,578 [INFO] Capturing request: https://www.atomsportv513.top/matches?id=bein-sports-5
2026-08-23 05:31:28,824 [INFO] Capturing response: https://www.atomsportv513.top/matches?id=bein-sports-5 200 
2026-08-23 05:31:28,949 [INFO] Capturing request: https://teletv5.top/load/yayinlink.php?id=bein-sports-5
2026-08-23 05:31:28,950 [INFO] Capturing request: https://www.atomsportv513.top/favicon.ico
2026-08-23 05:31:28,978 [INFO] Capturing response: https://www.atomsportv513.top/favicon.ico 200 
2026-08-23 05:31:29,113 [INFO] Capturing request: https://streamsport365.com/cinema
2026-08-23 05:31:29,161 [INFO] Capturing response: https://teletv5.top/load/yayinlink.php?id=bein-sports-5 200 
2026-08-23 05:31:29,495 [INFO] Capturing response: https://streamsport365.com/cinema 200 
2026-08-23 05:31:29,604 [INFO] Capturing request: https://www.atomsportv513.top/assets/img/player/player_logo_6a87a2e2eecc5.png
2026-08-23 05:31:29,611 [INFO] Capturing request: https://corestream.siteyaptim.live//bein5/tracks-v1a1/mono.m3u8
2026-08-23 05:31:29,719 [INFO] Capturing response: https://www.atomsportv513.top/assets/img/player/player_logo_6a87a2e2eecc5.png 304 
2026-08-23 05:31:29,804 [INFO] Capturing response: https://corestream.siteyaptim.live//bein5/tracks-v1a1/mono.m3u8 200 
2026-08-23 05:31:29,913 [INFO] Capturing request: https://global.siteyaptim.live/bein5/tracks-v1a1/2026/08/23/05/30/42-10000.jpg
2026-08-23 05:31:30,367 [INFO] Capturing response: https://global.siteyaptim.live/bein5/tracks-v1a1/2026/08/23/05/30/42-10000.jpg 200 
2026-08-23 05:31:30,645 [INFO] Capturing request: https://global.siteyaptim.live/bein5/tracks-v1a1/2026/08/23/05/30/52-07560.jpg
2026-08-23 05:31:31,258 [INFO] Capturing response: https://global.siteyaptim.live/bein5/tracks-v1a1/2026/08/23/05/30/52-07560.jpg 200 
2026-08-23 05:31:31,492 [INFO] Capturing request: https://global.siteyaptim.live/bein5/tracks-v1a1/2026/08/23/05/31/00-10000.jpg
2026-08-23 05:31:31,895 [INFO]   ✅ M3U8 bulundu: https://corestream.siteyaptim.live//bein5/tracks-v1a1/mono.m3u8
2026-08-23 05:31:32,127 [INFO] Capturing response: https://global.siteyaptim.live/bein5/tracks-v1a1/2026/08/23/05/31/00-10000.jpg 200 
2026-08-23 05:31:32,384 [INFO] Capturing request: https://global.siteyaptim.live/bein5/tracks-v1a1/2026/08/23/05/31/10-10000.jpg
2026-08-23 05:31:32,896 [INFO] 
[6/14]
2026-08-23 05:31:32,897 [INFO] 🔍 beIN Sports Max 1 → https://www.atomsportv513.top/matches?id=bein-sports-max-1
2026-08-23 05:31:32,934 [INFO] Capturing response: https://global.siteyaptim.live/bein5/tracks-v1a1/2026/08/23/05/31/10-10000.jpg 200 
2026-08-23 05:31:33,026 [INFO] Capturing request: https://www.atomsportv513.top/matches?id=bein-sports-max-1
2026-08-23 05:31:33,271 [INFO] Capturing response: https://www.atomsportv513.top/matches?id=bein-sports-max-1 200 
2026-08-23 05:31:33,297 [INFO] Capturing request: https://streamsport365.com/cinema
2026-08-23 05:31:33,398 [INFO] Capturing request: https://teletv5.top/load/yayinlink.php?id=bein-sports-max-1
2026-08-23 05:31:33,399 [INFO] Capturing request: https://www.atomsportv513.top/favicon.ico
2026-08-23 05:31:33,441 [INFO] Capturing response: https://www.atomsportv513.top/favicon.ico 200 
2026-08-23 05:31:33,613 [INFO] Capturing response: https://teletv5.top/load/yayinlink.php?id=bein-sports-max-1 200 
2026-08-23 05:31:33,683 [INFO] Capturing response: https://streamsport365.com/cinema 200 
2026-08-23 05:31:37,426 [INFO] Capturing request: https://android.clients.google.com/c2dm/register3
2026-08-23 05:31:37,479 [INFO] Capturing response: https://android.clients.google.com/c2dm/register3 301 
2026-08-23 05:32:06,516 [WARNING]   ❌ beIN Sports Max 1 için M3U8 bulunamadı
2026-08-23 05:32:07,516 [INFO] 
[7/14]
2026-08-23 05:32:07,516 [INFO] 🔍 beIN Sports Max 2 → https://www.atomsportv513.top/matches?id=bein-sports-max-2
2026-08-23 05:32:07,623 [INFO] Capturing request: https://www.atomsportv513.top/matches?id=bein-sports-max-2
2026-08-23 05:32:07,872 [INFO] Capturing response: https://www.atomsportv513.top/matches?id=bein-sports-max-2 200 
2026-08-23 05:32:08,000 [INFO] Capturing request: https://www.atomsportv513.top/favicon.ico
2026-08-23 05:32:08,001 [INFO] Capturing request: https://teletv5.top/load/yayinlink.php?id=bein-sports-max-2
2026-08-23 05:32:08,034 [INFO] Capturing response: https://www.atomsportv513.top/favicon.ico 200 
2026-08-23 05:32:08,163 [INFO] Capturing request: https://streamsport365.com/cinema
2026-08-23 05:32:08,541 [INFO] Capturing response: https://streamsport365.com/cinema 200 
2026-08-23 05:32:08,559 [INFO] Capturing response: https://teletv5.top/load/yayinlink.php?id=bein-sports-max-2 200 
2026-08-23 05:32:09,780 [INFO] Capturing request: https://update.googleapis.com/service/update2/json?cup2key=16:yDGJiU5G3ynEhX7DzXpZZvr_LfEjPJpZw0w-PQ5egG0&cup2hreq=205c2a3ce53a22ea76b35c7d0449be37c357c688ac0aa89725bca582d69272ae
2026-08-23 05:32:09,823 [INFO] Capturing response: https://update.googleapis.com/service/update2/json?cup2key=16:yDGJiU5G3ynEhX7DzXpZZvr_LfEjPJpZw0w-PQ5egG0&cup2hreq=205c2a3ce53a22ea76b35c7d0449be37c357c688ac0aa89725bca582d69272ae 200 
2026-08-23 05:32:09,829 [INFO] Capturing request: http://edgedl.me.gvt1.com/edgedl/diffgen-puffin/gcmjkmgdlgnkkcocmoeiminaijmmjnii/6ca5bdb9f3e2cd83b7e359729bc6c33c4fe975ec499861d969b3e080320849ff
2026-08-23 05:32:09,857 [INFO] Capturing response: http://edgedl.me.gvt1.com/edgedl/diffgen-puffin/gcmjkmgdlgnkkcocmoeiminaijmmjnii/6ca5bdb9f3e2cd83b7e359729bc6c33c4fe975ec499861d969b3e080320849ff 200 OK
2026-08-23 05:32:09,878 [INFO] Capturing request: https://update.googleapis.com/service/update2/json
2026-08-23 05:32:09,905 [INFO] Capturing response: https://update.googleapis.com/service/update2/json 200 
2026-08-23 05:32:09,949 [INFO] Capturing request: http://edgedl.me.gvt1.com/edgedl/release2/chrome_component/aco4kq5ugrchaatmpc4t3g4smdgq_10732/hfnkpimlhhgieaddgfemjhofmfblmnib_10732_all_adrdeyk4zekbzz4k5gifrlzrpbza.crx3
2026-08-23 05:32:09,963 [INFO] Capturing response: http://edgedl.me.gvt1.com/edgedl/release2/chrome_component/aco4kq5ugrchaatmpc4t3g4smdgq_10732/hfnkpimlhhgieaddgfemjhofmfblmnib_10732_all_adrdeyk4zekbzz4k5gifrlzrpbza.crx3 200 OK
2026-08-23 05:32:09,986 [INFO] Capturing request: https://update.googleapis.com/service/update2/json
2026-08-23 05:32:10,011 [INFO] Capturing response: https://update.googleapis.com/service/update2/json 200 
2026-08-23 05:32:27,593 [INFO] Capturing request: https://android.clients.google.com/c2dm/register3
2026-08-23 05:32:27,649 [INFO] Capturing response: https://android.clients.google.com/c2dm/register3 301 
2026-08-23 05:32:41,119 [WARNING]   ❌ beIN Sports Max 2 için M3U8 bulunamadı
2026-08-23 05:32:42,119 [INFO] 
[8/14]
2026-08-23 05:32:42,119 [INFO] 🔍 S Sport → https://www.atomsportv513.top/matches?id=s-sport
2026-08-23 05:32:42,254 [INFO] Capturing request: https://www.atomsportv513.top/matches?id=s-sport
2026-08-23 05:32:42,506 [INFO] Capturing response: https://www.atomsportv513.top/matches?id=s-sport 200 
2026-08-23 05:32:42,664 [INFO] Capturing request: https://www.atomsportv513.top/favicon.ico
2026-08-23 05:32:42,689 [INFO] Capturing request: https://teletv5.top/load/yayinlink.php?id=s-sport
2026-08-23 05:32:42,703 [INFO] Capturing response: https://www.atomsportv513.top/favicon.ico 200 
2026-08-23 05:32:42,709 [INFO] Capturing response: https://teletv5.top/load/yayinlink.php?id=s-sport 200 
2026-08-23 05:32:43,342 [INFO] Capturing request: https://streamsport365.com/cinema
2026-08-23 05:32:43,715 [INFO] Capturing response: https://streamsport365.com/cinema 200 
2026-08-23 05:32:43,824 [INFO] Capturing request: https://www.atomsportv513.top/assets/img/player/player_logo_6a87a2e2eecc5.png
2026-08-23 05:32:43,856 [INFO] Capturing request: https://corestream.siteyaptim.live//s-sport/tracks-v1a1/mono.m3u8
2026-08-23 05:32:43,946 [INFO] Capturing response: https://www.atomsportv513.top/assets/img/player/player_logo_6a87a2e2eecc5.png 304 
2026-08-23 05:32:44,061 [INFO] Capturing response: https://corestream.siteyaptim.live//s-sport/tracks-v1a1/mono.m3u8 200 
2026-08-23 05:32:44,234 [INFO] Capturing request: https://global.siteyaptim.live/s-sport/tracks-v1a1/2026/08/23/05/32/28-05000.jpg
2026-08-23 05:32:44,717 [INFO] Capturing response: https://global.siteyaptim.live/s-sport/tracks-v1a1/2026/08/23/05/32/28-05000.jpg 200 
2026-08-23 05:32:44,932 [INFO] Capturing request: https://global.siteyaptim.live/s-sport/tracks-v1a1/2026/08/23/05/32/33-05000.jpg
2026-08-23 05:32:45,375 [INFO] Capturing response: https://global.siteyaptim.live/s-sport/tracks-v1a1/2026/08/23/05/32/33-05000.jpg 200 
2026-08-23 05:32:45,575 [INFO]   ✅ M3U8 bulundu: https://corestream.siteyaptim.live//s-sport/tracks-v1a1/mono.m3u8
2026-08-23 05:32:45,577 [INFO] Capturing request: https://global.siteyaptim.live/s-sport/tracks-v1a1/2026/08/23/05/32/38-05000.jpg
2026-08-23 05:32:45,951 [INFO] Capturing response: https://global.siteyaptim.live/s-sport/tracks-v1a1/2026/08/23/05/32/38-05000.jpg 200 
2026-08-23 05:32:46,576 [INFO] 
[9/14]
2026-08-23 05:32:46,576 [INFO] 🔍 S Sport 2 → https://www.atomsportv513.top/matches?id=s-sport-2
2026-08-23 05:32:46,685 [INFO] Capturing request: https://www.atomsportv513.top/matches?id=s-sport-2
2026-08-23 05:32:46,932 [INFO] Capturing response: https://www.atomsportv513.top/matches?id=s-sport-2 200 
2026-08-23 05:32:46,957 [INFO] Capturing request: https://streamsport365.com/cinema
2026-08-23 05:32:47,057 [INFO] Capturing request: https://teletv5.top/load/yayinlink.php?id=s-sport-2
2026-08-23 05:32:47,066 [INFO] Capturing request: https://www.atomsportv513.top/favicon.ico
2026-08-23 05:32:47,071 [INFO] Capturing response: https://teletv5.top/load/yayinlink.php?id=s-sport-2 200 
2026-08-23 05:32:47,096 [INFO] Capturing response: https://www.atomsportv513.top/favicon.ico 200 
2026-08-23 05:32:47,345 [INFO] Capturing response: https://streamsport365.com/cinema 200 
2026-08-23 05:32:47,454 [INFO] Capturing request: https://www.atomsportv513.top/assets/img/player/player_logo_6a87a2e2eecc5.png
2026-08-23 05:32:47,461 [INFO] Capturing request: https://corestream.siteyaptim.live//s-sport2/tracks-v1a1/mono.m3u8
2026-08-23 05:32:47,571 [INFO] Capturing response: https://www.atomsportv513.top/assets/img/player/player_logo_6a87a2e2eecc5.png 304 
2026-08-23 05:32:47,653 [INFO] Capturing response: https://corestream.siteyaptim.live//s-sport2/tracks-v1a1/mono.m3u8 200 
2026-08-23 05:32:47,761 [INFO] Capturing request: https://global.siteyaptim.live/s-sport2/tracks-v1a1/2026/08/23/05/34/22-05000.jpg
2026-08-23 05:32:48,376 [INFO] Capturing response: https://global.siteyaptim.live/s-sport2/tracks-v1a1/2026/08/23/05/34/22-05000.jpg 200 
2026-08-23 05:32:48,645 [INFO] Capturing request: https://global.siteyaptim.live/s-sport2/tracks-v1a1/2026/08/23/05/34/27-05000.jpg
2026-08-23 05:32:49,116 [INFO] Capturing response: https://global.siteyaptim.live/s-sport2/tracks-v1a1/2026/08/23/05/34/27-05000.jpg 200 
2026-08-23 05:32:49,385 [INFO] Capturing request: https://global.siteyaptim.live/s-sport2/tracks-v1a1/2026/08/23/05/34/32-05000.jpg
2026-08-23 05:32:50,000 [INFO]   ✅ M3U8 bulundu: https://corestream.siteyaptim.live//s-sport2/tracks-v1a1/mono.m3u8
2026-08-23 05:32:50,003 [INFO] Capturing response: https://global.siteyaptim.live/s-sport2/tracks-v1a1/2026/08/23/05/34/32-05000.jpg 200 
2026-08-23 05:32:51,000 [INFO] 
[10/14]
2026-08-23 05:32:51,000 [INFO] 🔍 A Spor → https://www.atomsportv513.top/matches?id=a-spor
2026-08-23 05:32:51,110 [INFO] Capturing request: https://www.atomsportv513.top/matches?id=a-spor
2026-08-23 05:32:51,548 [INFO] Capturing response: https://www.atomsportv513.top/matches?id=a-spor 200 
2026-08-23 05:32:51,678 [INFO] Capturing request: https://teletv5.top/load/yayinlink.php?id=a-spor
2026-08-23 05:32:51,684 [INFO] Capturing request: https://www.atomsportv513.top/favicon.ico
2026-08-23 05:32:51,719 [INFO] Capturing response: https://www.atomsportv513.top/favicon.ico 200 
2026-08-23 05:32:51,841 [INFO] Capturing request: https://streamsport365.com/cinema
2026-08-23 05:32:51,891 [INFO] Capturing response: https://teletv5.top/load/yayinlink.php?id=a-spor 200 
2026-08-23 05:32:52,217 [INFO] Capturing response: https://streamsport365.com/cinema 200 
2026-08-23 05:32:52,326 [INFO] Capturing request: https://www.atomsportv513.top/assets/img/player/player_logo_6a87a2e2eecc5.png
2026-08-23 05:32:52,332 [INFO] Capturing request: https://corestream.siteyaptim.live//aspor/tracks-v1a1/mono.m3u8
2026-08-23 05:32:52,441 [INFO] Capturing response: https://www.atomsportv513.top/assets/img/player/player_logo_6a87a2e2eecc5.png 304 
2026-08-23 05:32:52,523 [INFO] Capturing response: https://corestream.siteyaptim.live//aspor/tracks-v1a1/mono.m3u8 404 
2026-08-23 05:32:54,600 [INFO]   ✅ M3U8 bulundu: https://corestream.siteyaptim.live//aspor/tracks-v1a1/mono.m3u8
2026-08-23 05:32:54,642 [INFO] Capturing request: https://corestream.siteyaptim.live//aspor/tracks-v1a1/mono.m3u8
2026-08-23 05:32:54,830 [INFO] Capturing response: https://corestream.siteyaptim.live//aspor/tracks-v1a1/mono.m3u8 404 
2026-08-23 05:32:55,600 [INFO] 
[11/14]
2026-08-23 05:32:55,600 [INFO] 🔍 Tivibu Spor 1 → https://www.atomsportv513.top/matches?id=tivibu-spor-1
2026-08-23 05:32:55,707 [INFO] Capturing request: https://www.atomsportv513.top/matches?id=tivibu-spor-1
2026-08-23 05:32:55,950 [INFO] Capturing response: https://www.atomsportv513.top/matches?id=tivibu-spor-1 200 
2026-08-23 05:32:55,974 [INFO] Capturing request: https://streamsport365.com/cinema
2026-08-23 05:32:56,072 [INFO] Capturing request: https://teletv5.top/load/yayinlink.php?id=tivibu-spor-1
2026-08-23 05:32:56,077 [INFO] Capturing request: https://www.atomsportv513.top/favicon.ico
2026-08-23 05:32:56,088 [INFO] Capturing response: https://teletv5.top/load/yayinlink.php?id=tivibu-spor-1 200 
2026-08-23 05:32:56,106 [INFO] Capturing response: https://www.atomsportv513.top/favicon.ico 200 
2026-08-23 05:32:56,352 [INFO] Capturing response: https://streamsport365.com/cinema 200 
2026-08-23 05:33:29,176 [WARNING]   ❌ Tivibu Spor 1 için M3U8 bulunamadı
2026-08-23 05:33:30,176 [INFO] 
[12/14]
2026-08-23 05:33:30,177 [INFO] 🔍 Tivibu Spor 2 → https://www.atomsportv513.top/matches?id=tivibu-spor-2
2026-08-23 05:33:30,284 [INFO] Capturing request: https://www.atomsportv513.top/matches?id=tivibu-spor-2
2026-08-23 05:33:30,736 [INFO] Capturing response: https://www.atomsportv513.top/matches?id=tivibu-spor-2 200 
2026-08-23 05:33:30,862 [INFO] Capturing request: https://teletv5.top/load/yayinlink.php?id=tivibu-spor-2
2026-08-23 05:33:30,865 [INFO] Capturing request: https://www.atomsportv513.top/favicon.ico
2026-08-23 05:33:30,887 [INFO] Capturing response: https://teletv5.top/load/yayinlink.php?id=tivibu-spor-2 200 
2026-08-23 05:33:30,895 [INFO] Capturing response: https://www.atomsportv513.top/favicon.ico 200 
2026-08-23 05:33:31,025 [INFO] Capturing request: https://streamsport365.com/cinema
2026-08-23 05:33:31,414 [INFO] Capturing response: https://streamsport365.com/cinema 200 
2026-08-23 05:34:03,967 [WARNING]   ❌ Tivibu Spor 2 için M3U8 bulunamadı
2026-08-23 05:34:04,967 [INFO] 
[13/14]
2026-08-23 05:34:04,967 [INFO] 🔍 Tivibu Spor 3 → https://www.atomsportv513.top/matches?id=tivibu-spor-3
2026-08-23 05:34:05,075 [INFO] Capturing request: https://www.atomsportv513.top/matches?id=tivibu-spor-3
2026-08-23 05:34:05,519 [INFO] Capturing response: https://www.atomsportv513.top/matches?id=tivibu-spor-3 200 
2026-08-23 05:34:05,649 [INFO] Capturing request: https://www.atomsportv513.top/favicon.ico
2026-08-23 05:34:05,650 [INFO] Capturing request: https://teletv5.top/load/yayinlink.php?id=tivibu-spor-3
2026-08-23 05:34:05,666 [INFO] Capturing response: https://teletv5.top/load/yayinlink.php?id=tivibu-spor-3 200 
2026-08-23 05:34:05,677 [INFO] Capturing response: https://www.atomsportv513.top/favicon.ico 200 
2026-08-23 05:34:05,811 [INFO] Capturing request: https://streamsport365.com/cinema
2026-08-23 05:34:06,201 [INFO] Capturing response: https://streamsport365.com/cinema 200 
2026-08-23 05:34:16,589 [INFO] Capturing request: https://android.clients.google.com/c2dm/register3
2026-08-23 05:34:16,636 [INFO] Capturing response: https://android.clients.google.com/c2dm/register3 301 
2026-08-23 05:34:38,752 [WARNING]   ❌ Tivibu Spor 3 için M3U8 bulunamadı
2026-08-23 05:34:39,752 [INFO] 
[14/14]
2026-08-23 05:34:39,752 [INFO] 🔍 Tivibu Spor 4 → https://www.atomsportv513.top/matches?id=tivibu-spor-4
2026-08-23 05:34:39,859 [INFO] Capturing request: https://www.atomsportv513.top/matches?id=tivibu-spor-4
2026-08-23 05:34:40,472 [INFO] Capturing response: https://www.atomsportv513.top/matches?id=tivibu-spor-4 200 
2026-08-23 05:34:40,602 [INFO] Capturing request: https://teletv5.top/load/yayinlink.php?id=tivibu-spor-4
2026-08-23 05:34:40,603 [INFO] Capturing request: https://www.atomsportv513.top/favicon.ico
2026-08-23 05:34:40,635 [INFO] Capturing response: https://www.atomsportv513.top/favicon.ico 200 
2026-08-23 05:34:40,768 [INFO] Capturing request: https://streamsport365.com/cinema
2026-08-23 05:34:40,995 [INFO] Capturing response: https://teletv5.top/load/yayinlink.php?id=tivibu-spor-4 200 
2026-08-23 05:34:41,152 [INFO] Capturing response: https://streamsport365.com/cinema 200 
2026-08-23 05:35:13,702 [WARNING]   ❌ Tivibu Spor 4 için M3U8 bulunamadı
2026-08-23 05:35:14,765 [INFO] ✅ 8 kanal bulundu, playlist.m3u kaydedildi
