2026-08-16 14:50:46,011 [INFO] 🌐 BASE_URL: https://www.atomsportv512.top
2026-08-16 14:50:46,993 [INFO] Başlanıyor... 14 kanal taranacak
2026-08-16 14:50:46,993 [INFO] Using default request storage
2026-08-16 14:50:46,996 [INFO] Created proxy listening on 127.0.0.1:35089
2026-08-16 14:50:47,596 [INFO] Capturing request: http://clients2.google.com/time/1/current?cup2key=10:oslnvD602BSM-_qTrw8xsowq55BgYu8315Eq-_OTmyE&cup2hreq=e3b0c44298fc1c149afbf4c8996fb92427ae41e4649b934ca495991b7852b855
2026-08-16 14:50:47,741 [INFO] Capturing response: http://clients2.google.com/time/1/current?cup2key=10:oslnvD602BSM-_qTrw8xsowq55BgYu8315Eq-_OTmyE&cup2hreq=e3b0c44298fc1c149afbf4c8996fb92427ae41e4649b934ca495991b7852b855 200 OK
2026-08-16 14:50:47,773 [INFO] 
[1/14]
2026-08-16 14:50:47,773 [INFO] 🔍 beIN Sports 1 → https://www.atomsportv512.top/matches?id=bein-sports-1
2026-08-16 14:50:47,911 [INFO] Capturing request: https://accounts.google.com/ListAccounts?gpsia=1&source=ChromiumBrowser&json=standard&laf=b64bin
2026-08-16 14:50:47,912 [INFO] Capturing request: https://update.googleapis.com/service/update2/json?cup2key=16:YQ6qi3bpKpPngOJmiK83vca0O5JB2Oeh4Q7BCVByXI4&cup2hreq=cc6a4385d5a6758946bb1bbfcdf9e7ce4529bf2cd4c7388dd1024cc64352bd56
2026-08-16 14:50:47,965 [INFO] Capturing response: https://accounts.google.com/ListAccounts?gpsia=1&source=ChromiumBrowser&json=standard&laf=b64bin 200 
2026-08-16 14:50:47,968 [INFO] Capturing response: https://update.googleapis.com/service/update2/json?cup2key=16:YQ6qi3bpKpPngOJmiK83vca0O5JB2Oeh4Q7BCVByXI4&cup2hreq=cc6a4385d5a6758946bb1bbfcdf9e7ce4529bf2cd4c7388dd1024cc64352bd56 200 
2026-08-16 14:50:48,011 [INFO] Capturing request: https://www.atomsportv512.top/matches?id=bein-sports-1
2026-08-16 14:50:48,012 [INFO] Capturing request: https://www.google.com/async/folae?async=_fmt:pb&udm=50&client_locale=en-US&client_country=ZZ
2026-08-16 14:50:48,015 [INFO] Capturing request: https://update.googleapis.com/service/update2/json?cup2key=16:VkRjo7eD7Sjo4VRso8zLcL6Hb8Y7_Vb8YcdMx04FxzA&cup2hreq=310f60755690a47ef7bd9f9cff23c0296031fefe65b8af7adc91129ab5d68be2
2026-08-16 14:50:48,050 [INFO] Capturing response: https://www.google.com/async/folae?async=_fmt:pb&udm=50&client_locale=en-US&client_country=ZZ 200 
2026-08-16 14:50:48,072 [INFO] Capturing response: https://update.googleapis.com/service/update2/json?cup2key=16:VkRjo7eD7Sjo4VRso8zLcL6Hb8Y7_Vb8YcdMx04FxzA&cup2hreq=310f60755690a47ef7bd9f9cff23c0296031fefe65b8af7adc91129ab5d68be2 200 
2026-08-16 14:50:48,116 [INFO] Capturing request: https://update.googleapis.com/service/update2/json?cup2key=16:iWJApkAhGBY0s2ZkSy8_HFwG9kHpAgWVKUaV1ycmGwE&cup2hreq=19d8876d97c7a241652ad1a799ce502242d3f02192b6affff5dd87a85c7f2c17
2026-08-16 14:50:48,172 [INFO] Capturing response: https://update.googleapis.com/service/update2/json?cup2key=16:iWJApkAhGBY0s2ZkSy8_HFwG9kHpAgWVKUaV1ycmGwE&cup2hreq=19d8876d97c7a241652ad1a799ce502242d3f02192b6affff5dd87a85c7f2c17 200 
2026-08-16 14:50:48,211 [INFO] Capturing request: https://www.google.com/async/folae?async=_fmt:pb&udm=50&client_locale=en-US&client_country=ZZ
2026-08-16 14:50:48,247 [INFO] Capturing response: https://www.google.com/async/folae?async=_fmt:pb&udm=50&client_locale=en-US&client_country=ZZ 200 
2026-08-16 14:50:48,526 [INFO] Capturing response: https://www.atomsportv512.top/matches?id=bein-sports-1 200 
2026-08-16 14:50:48,750 [INFO] Capturing request: https://cdn.jsdelivr.net/npm/@clappr/player@0.11.16/dist/clappr.min.js
2026-08-16 14:50:48,768 [INFO] Capturing request: https://cdn.jsdelivr.net/npm/level-selector/dist/level-selector.min.js
2026-08-16 14:50:48,769 [INFO] Capturing request: https://cdn.jsdelivr.net/npm/@clappr/hlsjs-playback@1.8.3/dist/hlsjs-playback.min.js
2026-08-16 14:50:48,800 [INFO] Capturing response: https://cdn.jsdelivr.net/npm/level-selector/dist/level-selector.min.js 200 
2026-08-16 14:50:48,921 [INFO] Capturing response: https://cdn.jsdelivr.net/npm/@clappr/hlsjs-playback@1.8.3/dist/hlsjs-playback.min.js 200 
2026-08-16 14:50:48,992 [INFO] Capturing response: https://cdn.jsdelivr.net/npm/@clappr/player@0.11.16/dist/clappr.min.js 200 
2026-08-16 14:50:49,164 [INFO] Capturing request: https://www.atomsportv512.top/favicon.ico
2026-08-16 14:50:49,216 [INFO] Capturing response: https://www.atomsportv512.top/favicon.ico 200 
2026-08-16 14:50:49,274 [INFO] Capturing request: https://teletv5.top/load/yayinlink.php?id=bein-sports-1
2026-08-16 14:50:49,595 [INFO] Capturing response: https://teletv5.top/load/yayinlink.php?id=bein-sports-1 200 
2026-08-16 14:50:49,662 [INFO] Capturing request: https://streamsport365.com/cinema
2026-08-16 14:50:49,969 [INFO] Capturing response: https://streamsport365.com/cinema 200 
2026-08-16 14:50:50,093 [INFO] Capturing request: https://www.atomsportv512.top/assets/img/player/player_logo_6a72b29dbcd89.png
2026-08-16 14:50:50,147 [INFO] Capturing response: https://www.atomsportv512.top/assets/img/player/player_logo_6a72b29dbcd89.png 200 
2026-08-16 14:50:50,437 [INFO] Capturing request: https://corestream.siteyaptim.live//beintv/tracks-v1a1/mono.m3u8
2026-08-16 14:50:50,583 [INFO] Capturing response: https://corestream.siteyaptim.live//beintv/tracks-v1a1/mono.m3u8 200 
2026-08-16 14:50:51,159 [INFO] Capturing request: https://global.siteyaptim.live/beintv/tracks-v1a1/2026/08/16/14/50/27-10000.jpg
2026-08-16 14:50:51,188 [INFO] Capturing request: https://android.clients.google.com/checkin
2026-08-16 14:50:51,295 [INFO] Capturing response: https://android.clients.google.com/checkin 200 
2026-08-16 14:50:51,345 [INFO] Capturing request: https://android.clients.google.com/c2dm/register3
2026-08-16 14:50:51,346 [INFO] Capturing request: https://android.clients.google.com/c2dm/register3
2026-08-16 14:50:51,347 [INFO] Capturing request: https://android.clients.google.com/c2dm/register3
2026-08-16 14:50:51,400 [INFO] Capturing response: https://android.clients.google.com/c2dm/register3 301 
2026-08-16 14:50:51,411 [INFO] Capturing response: https://android.clients.google.com/c2dm/register3 200 
2026-08-16 14:50:51,768 [INFO] Capturing response: https://android.clients.google.com/c2dm/register3 200 
2026-08-16 14:50:52,076 [INFO]   ✅ M3U8 bulundu: https://corestream.siteyaptim.live//beintv/tracks-v1a1/mono.m3u8
2026-08-16 14:50:52,459 [INFO] Capturing response: https://global.siteyaptim.live/beintv/tracks-v1a1/2026/08/16/14/50/27-10000.jpg 200 
2026-08-16 14:50:52,673 [INFO] Capturing request: https://global.siteyaptim.live/beintv/tracks-v1a1/2026/08/16/14/50/37-10000.jpg
2026-08-16 14:50:53,077 [INFO] 
[2/14]
2026-08-16 14:50:53,077 [INFO] 🔍 beIN Sports 2 → https://www.atomsportv512.top/matches?id=bein-sports-2
2026-08-16 14:50:53,183 [INFO] Capturing request: https://www.atomsportv512.top/matches?id=bein-sports-2
2026-08-16 14:50:53,796 [INFO] Capturing response: https://www.atomsportv512.top/matches?id=bein-sports-2 200 
2026-08-16 14:50:53,835 [INFO] Capturing request: https://streamsport365.com/cinema
2026-08-16 14:50:53,936 [INFO] Capturing request: https://teletv5.top/load/yayinlink.php?id=bein-sports-2
2026-08-16 14:50:53,936 [INFO] Capturing request: https://www.atomsportv512.top/favicon.ico
2026-08-16 14:50:53,985 [INFO] Capturing response: https://www.atomsportv512.top/favicon.ico 200 
2026-08-16 14:50:54,135 [INFO] Capturing response: https://global.siteyaptim.live/beintv/tracks-v1a1/2026/08/16/14/50/37-10000.jpg 200 
2026-08-16 14:50:54,149 [INFO] Capturing response: https://streamsport365.com/cinema 200 
2026-08-16 14:50:54,156 [INFO] 127.0.0.1:33220: ProtocolException("Error in HTTP connection: Http2ZombieException('Connection or stream already dead: 1786891854.1562803, False')")
2026-08-16 14:50:54,493 [INFO] Capturing response: https://teletv5.top/load/yayinlink.php?id=bein-sports-2 200 
2026-08-16 14:50:54,602 [INFO] Capturing request: https://www.atomsportv512.top/assets/img/player/player_logo_6a72b29dbcd89.png
2026-08-16 14:50:54,609 [INFO] Capturing request: https://corestream.siteyaptim.live//bein2/tracks-v1a1/mono.m3u8
2026-08-16 14:50:54,731 [INFO] Capturing response: https://www.atomsportv512.top/assets/img/player/player_logo_6a72b29dbcd89.png 304 
2026-08-16 14:50:54,755 [INFO] Capturing response: https://corestream.siteyaptim.live//bein2/tracks-v1a1/mono.m3u8 200 
2026-08-16 14:50:54,862 [INFO] Capturing request: https://global.siteyaptim.live/bein2/tracks-v1a1/2026/08/16/14/50/23-10000.jpg
2026-08-16 14:50:56,053 [INFO] Capturing response: https://global.siteyaptim.live/bein2/tracks-v1a1/2026/08/16/14/50/23-10000.jpg 200 
2026-08-16 14:50:56,253 [INFO] Capturing request: https://global.siteyaptim.live/bein2/tracks-v1a1/2026/08/16/14/50/33-10000.jpg
2026-08-16 14:50:56,845 [INFO]   ✅ M3U8 bulundu: https://corestream.siteyaptim.live//bein2/tracks-v1a1/mono.m3u8
2026-08-16 14:50:57,300 [INFO] Capturing response: https://global.siteyaptim.live/bein2/tracks-v1a1/2026/08/16/14/50/33-10000.jpg 200 
2026-08-16 14:50:57,492 [INFO] Capturing request: https://global.siteyaptim.live/bein2/tracks-v1a1/2026/08/16/14/50/43-10000.jpg
2026-08-16 14:50:57,846 [INFO] 
[3/14]
2026-08-16 14:50:57,846 [INFO] 🔍 beIN Sports 3 → https://www.atomsportv512.top/matches?id=bein-sports-3
2026-08-16 14:50:57,953 [INFO] Capturing request: https://www.atomsportv512.top/matches?id=bein-sports-3
2026-08-16 14:50:58,163 [INFO] Capturing response: https://www.atomsportv512.top/matches?id=bein-sports-3 200 
2026-08-16 14:50:58,284 [INFO] Capturing request: https://teletv5.top/load/yayinlink.php?id=bein-sports-3
2026-08-16 14:50:58,287 [INFO] Capturing request: https://www.atomsportv512.top/favicon.ico
2026-08-16 14:50:58,325 [INFO] Capturing response: https://www.atomsportv512.top/favicon.ico 200 
2026-08-16 14:50:58,411 [INFO] Capturing request: https://streamsport365.com/cinema
2026-08-16 14:50:58,457 [INFO] Capturing response: https://teletv5.top/load/yayinlink.php?id=bein-sports-3 200 
2026-08-16 14:50:58,476 [INFO] Capturing response: https://global.siteyaptim.live/bein2/tracks-v1a1/2026/08/16/14/50/43-10000.jpg 200 
2026-08-16 14:50:58,718 [INFO] Capturing response: https://streamsport365.com/cinema 200 
2026-08-16 14:50:58,825 [INFO] Capturing request: https://www.atomsportv512.top/assets/img/player/player_logo_6a72b29dbcd89.png
2026-08-16 14:50:58,832 [INFO] Capturing request: https://corestream.siteyaptim.live//bein3/tracks-v1a1/mono.m3u8
2026-08-16 14:50:58,949 [INFO] Capturing response: https://www.atomsportv512.top/assets/img/player/player_logo_6a72b29dbcd89.png 304 
2026-08-16 14:50:58,974 [INFO] Capturing response: https://corestream.siteyaptim.live//bein3/tracks-v1a1/mono.m3u8 200 
2026-08-16 14:50:59,081 [INFO] Capturing request: https://global.siteyaptim.live/bein3/tracks-v1a1/2026/08/16/14/50/25-10000.jpg
2026-08-16 14:51:00,303 [INFO] Capturing response: https://global.siteyaptim.live/bein3/tracks-v1a1/2026/08/16/14/50/25-10000.jpg 200 
2026-08-16 14:51:00,506 [INFO] Capturing request: https://global.siteyaptim.live/bein3/tracks-v1a1/2026/08/16/14/50/35-10000.jpg
2026-08-16 14:51:01,199 [INFO]   ✅ M3U8 bulundu: https://corestream.siteyaptim.live//bein3/tracks-v1a1/mono.m3u8
2026-08-16 14:51:01,538 [INFO] Capturing response: https://global.siteyaptim.live/bein3/tracks-v1a1/2026/08/16/14/50/35-10000.jpg 200 
2026-08-16 14:51:01,728 [INFO] Capturing request: https://global.siteyaptim.live/bein3/tracks-v1a1/2026/08/16/14/50/45-10000.jpg
2026-08-16 14:51:02,200 [INFO] 
[4/14]
2026-08-16 14:51:02,200 [INFO] 🔍 beIN Sports 4 → https://www.atomsportv512.top/matches?id=bein-sports-4
2026-08-16 14:51:02,305 [INFO] Capturing request: https://www.atomsportv512.top/matches?id=bein-sports-4
2026-08-16 14:51:02,510 [INFO] Capturing response: https://www.atomsportv512.top/matches?id=bein-sports-4 200 
2026-08-16 14:51:02,535 [INFO] Capturing request: https://streamsport365.com/cinema
2026-08-16 14:51:02,633 [INFO] Capturing request: https://teletv5.top/load/yayinlink.php?id=bein-sports-4
2026-08-16 14:51:02,635 [INFO] Capturing request: https://www.atomsportv512.top/favicon.ico
2026-08-16 14:51:02,674 [INFO] Capturing response: https://www.atomsportv512.top/favicon.ico 200 
2026-08-16 14:51:02,805 [INFO] Capturing response: https://teletv5.top/load/yayinlink.php?id=bein-sports-4 200 
2026-08-16 14:51:02,838 [INFO] Capturing response: https://streamsport365.com/cinema 200 
2026-08-16 14:51:02,867 [INFO] Capturing response: https://global.siteyaptim.live/bein3/tracks-v1a1/2026/08/16/14/50/45-10000.jpg 200 
2026-08-16 14:51:02,890 [INFO] 127.0.0.1:33220: ProtocolException("Error in HTTP connection: Http2ZombieException('Connection or stream already dead: 1786891862.889841, False')")
2026-08-16 14:51:02,945 [INFO] Capturing request: https://www.atomsportv512.top/assets/img/player/player_logo_6a72b29dbcd89.png
2026-08-16 14:51:02,952 [INFO] Capturing request: https://corestream.siteyaptim.live//bein4/tracks-v1a1/mono.m3u8
2026-08-16 14:51:03,068 [INFO] Capturing response: https://www.atomsportv512.top/assets/img/player/player_logo_6a72b29dbcd89.png 304 
2026-08-16 14:51:03,104 [INFO] Capturing response: https://corestream.siteyaptim.live//bein4/tracks-v1a1/mono.m3u8 200 
2026-08-16 14:51:03,251 [INFO] Capturing request: https://global.siteyaptim.live/bein4/tracks-v1a1/2026/08/16/14/50/25-10000.jpg
2026-08-16 14:51:04,257 [INFO] Capturing response: https://global.siteyaptim.live/bein4/tracks-v1a1/2026/08/16/14/50/25-10000.jpg 200 
2026-08-16 14:51:04,410 [INFO] Capturing request: https://global.siteyaptim.live/bein4/tracks-v1a1/2026/08/16/14/50/35-10000.jpg
2026-08-16 14:51:05,547 [INFO]   ✅ M3U8 bulundu: https://corestream.siteyaptim.live//bein4/tracks-v1a1/mono.m3u8
2026-08-16 14:51:05,579 [INFO] Capturing response: https://global.siteyaptim.live/bein4/tracks-v1a1/2026/08/16/14/50/35-10000.jpg 200 
2026-08-16 14:51:05,777 [INFO] Capturing request: https://global.siteyaptim.live/bein4/tracks-v1a1/2026/08/16/14/50/45-10000.jpg
2026-08-16 14:51:06,547 [INFO] 
[5/14]
2026-08-16 14:51:06,547 [INFO] 🔍 beIN Sports 5 → https://www.atomsportv512.top/matches?id=bein-sports-5
2026-08-16 14:51:06,653 [INFO] Capturing request: https://www.atomsportv512.top/matches?id=bein-sports-5
2026-08-16 14:51:06,857 [INFO] Capturing response: https://www.atomsportv512.top/matches?id=bein-sports-5 200 
2026-08-16 14:51:06,978 [INFO] Capturing request: https://teletv5.top/load/yayinlink.php?id=bein-sports-5
2026-08-16 14:51:06,980 [INFO] Capturing request: https://www.atomsportv512.top/favicon.ico
2026-08-16 14:51:07,019 [INFO] Capturing response: https://www.atomsportv512.top/favicon.ico 200 
2026-08-16 14:51:07,081 [INFO] Capturing response: https://global.siteyaptim.live/bein4/tracks-v1a1/2026/08/16/14/50/45-10000.jpg 200 
2026-08-16 14:51:07,104 [INFO] Capturing request: https://streamsport365.com/cinema
2026-08-16 14:51:07,157 [INFO] Capturing response: https://teletv5.top/load/yayinlink.php?id=bein-sports-5 200 
2026-08-16 14:51:07,412 [INFO] Capturing response: https://streamsport365.com/cinema 200 
2026-08-16 14:51:07,519 [INFO] Capturing request: https://www.atomsportv512.top/assets/img/player/player_logo_6a72b29dbcd89.png
2026-08-16 14:51:07,527 [INFO] Capturing request: https://corestream.siteyaptim.live//bein5/tracks-v1a1/mono.m3u8
2026-08-16 14:51:07,643 [INFO] Capturing response: https://www.atomsportv512.top/assets/img/player/player_logo_6a72b29dbcd89.png 304 
2026-08-16 14:51:07,669 [INFO] Capturing response: https://corestream.siteyaptim.live//bein5/tracks-v1a1/mono.m3u8 200 
2026-08-16 14:51:07,775 [INFO] Capturing request: https://global.siteyaptim.live/bein5/tracks-v1a1/2026/08/16/14/51/32-07200.jpg
2026-08-16 14:51:09,804 [INFO] Capturing response: https://global.siteyaptim.live/bein5/tracks-v1a1/2026/08/16/14/51/32-07200.jpg 200 
2026-08-16 14:51:09,893 [INFO]   ✅ M3U8 bulundu: https://corestream.siteyaptim.live//bein5/tracks-v1a1/mono.m3u8
2026-08-16 14:51:10,054 [INFO] Capturing request: https://global.siteyaptim.live/bein5/tracks-v1a1/2026/08/16/14/51/39-06720.jpg
2026-08-16 14:51:10,893 [INFO] 
[6/14]
2026-08-16 14:51:10,893 [INFO] 🔍 beIN Sports Max 1 → https://www.atomsportv512.top/matches?id=bein-sports-max-1
2026-08-16 14:51:11,001 [INFO] Capturing request: https://www.atomsportv512.top/matches?id=bein-sports-max-1
2026-08-16 14:51:11,203 [INFO] Capturing response: https://www.atomsportv512.top/matches?id=bein-sports-max-1 200 
2026-08-16 14:51:11,229 [INFO] Capturing request: https://streamsport365.com/cinema
2026-08-16 14:51:11,326 [INFO] Capturing request: https://teletv5.top/load/yayinlink.php?id=bein-sports-max-1
2026-08-16 14:51:11,327 [INFO] Capturing request: https://www.atomsportv512.top/favicon.ico
2026-08-16 14:51:11,369 [INFO] Capturing response: https://www.atomsportv512.top/favicon.ico 200 
2026-08-16 14:51:11,540 [INFO] Capturing response: https://streamsport365.com/cinema 200 
2026-08-16 14:51:12,001 [INFO] Capturing response: https://global.siteyaptim.live/bein5/tracks-v1a1/2026/08/16/14/51/39-06720.jpg 200 
2026-08-16 14:51:12,335 [INFO] Capturing response: https://teletv5.top/load/yayinlink.php?id=bein-sports-max-1 200 
2026-08-16 14:51:12,444 [INFO] Capturing request: https://www.atomsportv512.top/assets/img/player/player_logo_6a72b29dbcd89.png
2026-08-16 14:51:12,450 [INFO] Capturing request: https://corestream.siteyaptim.live//beinmax1/tracks-v1a1/mono.m3u8
2026-08-16 14:51:12,568 [INFO] Capturing response: https://www.atomsportv512.top/assets/img/player/player_logo_6a72b29dbcd89.png 304 
2026-08-16 14:51:12,600 [INFO] Capturing response: https://corestream.siteyaptim.live//beinmax1/tracks-v1a1/mono.m3u8 200 
2026-08-16 14:51:12,747 [INFO] Capturing request: https://global.siteyaptim.live/beinmax1/tracks-v1a1/2026/08/16/14/51/01-06000.jpg
2026-08-16 14:51:13,487 [INFO] Capturing response: https://global.siteyaptim.live/beinmax1/tracks-v1a1/2026/08/16/14/51/01-06000.jpg 200 
2026-08-16 14:51:13,618 [INFO] Capturing request: https://global.siteyaptim.live/beinmax1/tracks-v1a1/2026/08/16/14/51/07-06000.jpg
2026-08-16 14:51:14,209 [INFO] Capturing response: https://global.siteyaptim.live/beinmax1/tracks-v1a1/2026/08/16/14/51/07-06000.jpg 200 
2026-08-16 14:51:14,235 [INFO]   ✅ M3U8 bulundu: https://corestream.siteyaptim.live//beinmax1/tracks-v1a1/mono.m3u8
2026-08-16 14:51:14,373 [INFO] Capturing request: https://global.siteyaptim.live/beinmax1/tracks-v1a1/2026/08/16/14/51/13-06000.jpg
2026-08-16 14:51:14,928 [INFO] Capturing response: https://global.siteyaptim.live/beinmax1/tracks-v1a1/2026/08/16/14/51/13-06000.jpg 200 
2026-08-16 14:51:15,235 [INFO] 
[7/14]
2026-08-16 14:51:15,235 [INFO] 🔍 beIN Sports Max 2 → https://www.atomsportv512.top/matches?id=bein-sports-max-2
2026-08-16 14:51:15,341 [INFO] Capturing request: https://www.atomsportv512.top/matches?id=bein-sports-max-2
2026-08-16 14:51:15,546 [INFO] Capturing response: https://www.atomsportv512.top/matches?id=bein-sports-max-2 200 
2026-08-16 14:51:15,667 [INFO] Capturing request: https://www.atomsportv512.top/favicon.ico
2026-08-16 14:51:15,668 [INFO] Capturing request: https://teletv5.top/load/yayinlink.php?id=bein-sports-max-2
2026-08-16 14:51:15,707 [INFO] Capturing response: https://www.atomsportv512.top/favicon.ico 200 
2026-08-16 14:51:15,791 [INFO] Capturing request: https://streamsport365.com/cinema
2026-08-16 14:51:15,849 [INFO] Capturing response: https://teletv5.top/load/yayinlink.php?id=bein-sports-max-2 200 
2026-08-16 14:51:16,098 [INFO] Capturing response: https://streamsport365.com/cinema 200 
2026-08-16 14:51:16,205 [INFO] Capturing request: https://www.atomsportv512.top/assets/img/player/player_logo_6a72b29dbcd89.png
2026-08-16 14:51:16,212 [INFO] Capturing request: https://corestream.siteyaptim.live//trt-spor/tracks-v1a1/mono.m3u8
2026-08-16 14:51:16,330 [INFO] Capturing response: https://www.atomsportv512.top/assets/img/player/player_logo_6a72b29dbcd89.png 304 
2026-08-16 14:51:16,354 [INFO] Capturing response: https://corestream.siteyaptim.live//trt-spor/tracks-v1a1/mono.m3u8 200 
2026-08-16 14:51:16,461 [INFO] Capturing request: https://global.siteyaptim.live/trt-spor/tracks-v1a1/2026/08/16/14/51/02-10000.jpg
2026-08-16 14:51:16,790 [INFO] Capturing request: https://android.clients.google.com/c2dm/register3
2026-08-16 14:51:17,235 [INFO] Capturing response: https://android.clients.google.com/c2dm/register3 200 
2026-08-16 14:51:18,386 [INFO] Capturing response: https://global.siteyaptim.live/trt-spor/tracks-v1a1/2026/08/16/14/51/02-10000.jpg 200 
2026-08-16 14:51:18,578 [INFO]   ✅ M3U8 bulundu: https://corestream.siteyaptim.live//trt-spor/tracks-v1a1/mono.m3u8
2026-08-16 14:51:18,622 [INFO] Capturing request: https://global.siteyaptim.live/trt-spor/tracks-v1a1/2026/08/16/14/51/12-10000.jpg
2026-08-16 14:51:19,578 [INFO] 
[8/14]
2026-08-16 14:51:19,579 [INFO] 🔍 S Sport → https://www.atomsportv512.top/matches?id=s-sport
2026-08-16 14:51:19,685 [INFO] Capturing request: https://www.atomsportv512.top/matches?id=s-sport
2026-08-16 14:51:20,044 [INFO] Capturing response: https://www.atomsportv512.top/matches?id=s-sport 200 
2026-08-16 14:51:20,070 [INFO] Capturing request: https://streamsport365.com/cinema
2026-08-16 14:51:20,168 [INFO] Capturing request: https://teletv5.top/load/yayinlink.php?id=s-sport
2026-08-16 14:51:20,170 [INFO] Capturing request: https://www.atomsportv512.top/favicon.ico
2026-08-16 14:51:20,209 [INFO] Capturing response: https://www.atomsportv512.top/favicon.ico 200 
2026-08-16 14:51:20,342 [INFO] Capturing response: https://teletv5.top/load/yayinlink.php?id=s-sport 200 
2026-08-16 14:51:20,370 [INFO] Capturing response: https://streamsport365.com/cinema 200 
2026-08-16 14:51:20,440 [INFO] Capturing request: https://android.clients.google.com/c2dm/register3
2026-08-16 14:51:20,477 [INFO] Capturing request: https://www.atomsportv512.top/assets/img/player/player_logo_6a72b29dbcd89.png
2026-08-16 14:51:20,485 [INFO] Capturing request: https://corestream.siteyaptim.live//s-sport/tracks-v1a1/mono.m3u8
2026-08-16 14:51:20,495 [INFO] Capturing response: https://android.clients.google.com/c2dm/register3 301 
2026-08-16 14:51:20,601 [INFO] Capturing response: https://www.atomsportv512.top/assets/img/player/player_logo_6a72b29dbcd89.png 304 
2026-08-16 14:51:20,669 [INFO] Capturing response: https://global.siteyaptim.live/trt-spor/tracks-v1a1/2026/08/16/14/51/12-10000.jpg 200 
2026-08-16 14:51:20,828 [INFO] Capturing response: https://corestream.siteyaptim.live//s-sport/tracks-v1a1/mono.m3u8 200 
2026-08-16 14:51:20,975 [INFO] Capturing request: https://global.siteyaptim.live/s-sport/tracks-v1a1/2026/08/16/14/52/53-05000.jpg
2026-08-16 14:51:22,254 [INFO] Capturing response: https://global.siteyaptim.live/s-sport/tracks-v1a1/2026/08/16/14/52/53-05000.jpg 200 
2026-08-16 14:51:22,421 [INFO] Capturing request: https://global.siteyaptim.live/s-sport/tracks-v1a1/2026/08/16/14/52/58-05000.jpg
2026-08-16 14:51:23,080 [INFO]   ✅ M3U8 bulundu: https://corestream.siteyaptim.live//s-sport/tracks-v1a1/mono.m3u8
2026-08-16 14:51:23,675 [INFO] Capturing response: https://global.siteyaptim.live/s-sport/tracks-v1a1/2026/08/16/14/52/58-05000.jpg 200 
2026-08-16 14:51:23,876 [INFO] Capturing request: https://global.siteyaptim.live/s-sport/tracks-v1a1/2026/08/16/14/53/03-05000.jpg
2026-08-16 14:51:24,080 [INFO] 
[9/14]
2026-08-16 14:51:24,080 [INFO] 🔍 S Sport 2 → https://www.atomsportv512.top/matches?id=s-sport-2
2026-08-16 14:51:24,186 [INFO] Capturing request: https://www.atomsportv512.top/matches?id=s-sport-2
2026-08-16 14:51:24,389 [INFO] Capturing response: https://www.atomsportv512.top/matches?id=s-sport-2 200 
2026-08-16 14:51:24,515 [INFO] Capturing request: https://www.atomsportv512.top/favicon.ico
2026-08-16 14:51:24,515 [INFO] Capturing request: https://teletv5.top/load/yayinlink.php?id=s-sport-2
2026-08-16 14:51:24,584 [INFO] Capturing response: https://www.atomsportv512.top/favicon.ico 200 
2026-08-16 14:51:24,641 [INFO] Capturing request: https://streamsport365.com/cinema
2026-08-16 14:51:24,689 [INFO] Capturing response: https://teletv5.top/load/yayinlink.php?id=s-sport-2 200 
2026-08-16 14:51:24,953 [INFO] Capturing response: https://streamsport365.com/cinema 200 
2026-08-16 14:51:25,060 [INFO] Capturing request: https://www.atomsportv512.top/assets/img/player/player_logo_6a72b29dbcd89.png
2026-08-16 14:51:25,068 [INFO] Capturing request: https://corestream.siteyaptim.live//s-sport2/tracks-v1a1/mono.m3u8
2026-08-16 14:51:25,150 [INFO] Capturing response: https://global.siteyaptim.live/s-sport/tracks-v1a1/2026/08/16/14/53/03-05000.jpg 200 
2026-08-16 14:51:25,185 [INFO] Capturing response: https://www.atomsportv512.top/assets/img/player/player_logo_6a72b29dbcd89.png 304 
2026-08-16 14:51:25,209 [INFO] Capturing response: https://corestream.siteyaptim.live//s-sport2/tracks-v1a1/mono.m3u8 200 
2026-08-16 14:51:25,316 [INFO] Capturing request: https://global.siteyaptim.live/s-sport2/tracks-v1a1/2026/08/16/14/51/17-05000.jpg
2026-08-16 14:51:26,816 [INFO] Capturing response: https://global.siteyaptim.live/s-sport2/tracks-v1a1/2026/08/16/14/51/17-05000.jpg 200 
2026-08-16 14:51:26,988 [INFO] Capturing request: https://global.siteyaptim.live/s-sport2/tracks-v1a1/2026/08/16/14/51/22-05000.jpg
2026-08-16 14:51:27,424 [INFO]   ✅ M3U8 bulundu: https://corestream.siteyaptim.live//s-sport2/tracks-v1a1/mono.m3u8
2026-08-16 14:51:28,355 [INFO] Capturing response: https://global.siteyaptim.live/s-sport2/tracks-v1a1/2026/08/16/14/51/22-05000.jpg 200 
2026-08-16 14:51:28,425 [INFO] 
[10/14]
2026-08-16 14:51:28,425 [INFO] 🔍 A Spor → https://www.atomsportv512.top/matches?id=a-spor
2026-08-16 14:51:28,531 [INFO] Capturing request: https://www.atomsportv512.top/matches?id=a-spor
2026-08-16 14:51:28,564 [INFO] Capturing request: https://global.siteyaptim.live/s-sport2/tracks-v1a1/2026/08/16/14/51/27-05000.jpg
2026-08-16 14:51:28,737 [INFO] Capturing response: https://www.atomsportv512.top/matches?id=a-spor 200 
2026-08-16 14:51:28,762 [INFO] Capturing request: https://streamsport365.com/cinema
2026-08-16 14:51:28,862 [INFO] Capturing request: https://teletv5.top/load/yayinlink.php?id=a-spor
2026-08-16 14:51:28,863 [INFO] Capturing request: https://www.atomsportv512.top/favicon.ico
2026-08-16 14:51:28,901 [INFO] Capturing response: https://www.atomsportv512.top/favicon.ico 200 
2026-08-16 14:51:29,036 [INFO] Capturing response: https://teletv5.top/load/yayinlink.php?id=a-spor 200 
2026-08-16 14:51:29,071 [INFO] Capturing response: https://streamsport365.com/cinema 200 
2026-08-16 14:51:29,179 [INFO] Capturing request: https://www.atomsportv512.top/assets/img/player/player_logo_6a72b29dbcd89.png
2026-08-16 14:51:29,185 [INFO] Capturing request: https://corestream.siteyaptim.live//aspor/tracks-v1a1/mono.m3u8
2026-08-16 14:51:29,330 [INFO] Capturing response: https://www.atomsportv512.top/assets/img/player/player_logo_6a72b29dbcd89.png 304 
2026-08-16 14:51:29,344 [INFO] Capturing response: https://corestream.siteyaptim.live//aspor/tracks-v1a1/mono.m3u8 200 
2026-08-16 14:51:29,491 [INFO] Capturing request: https://global.siteyaptim.live/aspor/tracks-v1a1/2026/08/16/14/50/54-10000.jpg
2026-08-16 14:51:30,427 [INFO] Capturing response: https://global.siteyaptim.live/s-sport2/tracks-v1a1/2026/08/16/14/51/27-05000.jpg 200 
2026-08-16 14:51:31,773 [INFO]   ✅ M3U8 bulundu: https://corestream.siteyaptim.live//aspor/tracks-v1a1/mono.m3u8
2026-08-16 14:51:32,016 [INFO] Capturing response: https://global.siteyaptim.live/aspor/tracks-v1a1/2026/08/16/14/50/54-10000.jpg 200 
2026-08-16 14:51:32,291 [INFO] Capturing request: https://global.siteyaptim.live/aspor/tracks-v1a1/2026/08/16/14/51/04-10000.jpg
2026-08-16 14:51:32,774 [INFO] 
[11/14]
2026-08-16 14:51:32,774 [INFO] 🔍 Tivibu Spor 1 → https://www.atomsportv512.top/matches?id=tivibu-spor-1
2026-08-16 14:51:32,881 [INFO] Capturing request: https://www.atomsportv512.top/matches?id=tivibu-spor-1
2026-08-16 14:51:33,086 [INFO] Capturing response: https://www.atomsportv512.top/matches?id=tivibu-spor-1 200 
2026-08-16 14:51:33,212 [INFO] Capturing request: https://www.atomsportv512.top/favicon.ico
2026-08-16 14:51:33,217 [INFO] Capturing request: https://teletv5.top/load/yayinlink.php?id=tivibu-spor-1
2026-08-16 14:51:33,256 [INFO] Capturing response: https://www.atomsportv512.top/favicon.ico 200 
2026-08-16 14:51:33,333 [INFO] Capturing request: https://streamsport365.com/cinema
2026-08-16 14:51:33,387 [INFO] Capturing response: https://teletv5.top/load/yayinlink.php?id=tivibu-spor-1 200 
2026-08-16 14:51:33,641 [INFO] Capturing response: https://streamsport365.com/cinema 200 
2026-08-16 14:51:34,443 [INFO] Capturing response: https://global.siteyaptim.live/aspor/tracks-v1a1/2026/08/16/14/51/04-10000.jpg 200 
2026-08-16 14:51:47,599 [INFO] Capturing request: https://update.googleapis.com/service/update2/json?cup2key=16:DL1u-ScV4GahVNs-s2pA2DT8gAiuWRbkJ83vjaibbwI&cup2hreq=05a470ade2f3eb295f5c4027db82b77744b9965e35ea7ba969533c464c100714
2026-08-16 14:51:47,657 [INFO] Capturing response: https://update.googleapis.com/service/update2/json?cup2key=16:DL1u-ScV4GahVNs-s2pA2DT8gAiuWRbkJ83vjaibbwI&cup2hreq=05a470ade2f3eb295f5c4027db82b77744b9965e35ea7ba969533c464c100714 200 
2026-08-16 14:51:47,662 [INFO] Capturing request: http://edgedl.me.gvt1.com/edgedl/diffgen-puffin/gcmjkmgdlgnkkcocmoeiminaijmmjnii/6ca5bdb9f3e2cd83b7e359729bc6c33c4fe975ec499861d969b3e080320849ff
2026-08-16 14:51:47,782 [INFO] Capturing response: http://edgedl.me.gvt1.com/edgedl/diffgen-puffin/gcmjkmgdlgnkkcocmoeiminaijmmjnii/6ca5bdb9f3e2cd83b7e359729bc6c33c4fe975ec499861d969b3e080320849ff 200 OK
2026-08-16 14:51:47,801 [INFO] Capturing request: https://update.googleapis.com/service/update2/json
2026-08-16 14:51:47,857 [INFO] Capturing response: https://update.googleapis.com/service/update2/json 200 
2026-08-16 14:51:47,901 [INFO] Capturing request: http://edgedl.me.gvt1.com/edgedl/release2/chrome_component/acajo5l2mttalufokgfsae2cpdwq_10718/hfnkpimlhhgieaddgfemjhofmfblmnib_10718_all_lwt3znjxdtzzpnwldos55vgivq.crx3
2026-08-16 14:51:48,034 [INFO] Capturing response: http://edgedl.me.gvt1.com/edgedl/release2/chrome_component/acajo5l2mttalufokgfsae2cpdwq_10718/hfnkpimlhhgieaddgfemjhofmfblmnib_10718_all_lwt3znjxdtzzpnwldos55vgivq.crx3 200 OK
2026-08-16 14:51:48,051 [INFO] Capturing request: https://update.googleapis.com/service/update2/json
2026-08-16 14:51:48,087 [INFO] Capturing response: https://update.googleapis.com/service/update2/json 200 
2026-08-16 14:52:06,319 [WARNING]   ❌ Tivibu Spor 1 için M3U8 bulunamadı
2026-08-16 14:52:07,319 [INFO] 
[12/14]
2026-08-16 14:52:07,319 [INFO] 🔍 Tivibu Spor 2 → https://www.atomsportv512.top/matches?id=tivibu-spor-2
2026-08-16 14:52:07,477 [INFO] Capturing request: https://www.atomsportv512.top/matches?id=tivibu-spor-2
2026-08-16 14:52:07,831 [INFO] Capturing response: https://www.atomsportv512.top/matches?id=tivibu-spor-2 200 
2026-08-16 14:52:07,989 [INFO] Capturing request: https://www.atomsportv512.top/favicon.ico
2026-08-16 14:52:08,028 [INFO] Capturing request: https://teletv5.top/load/yayinlink.php?id=tivibu-spor-2
2026-08-16 14:52:08,033 [INFO] Capturing response: https://www.atomsportv512.top/favicon.ico 200 
2026-08-16 14:52:08,203 [INFO] Capturing response: https://teletv5.top/load/yayinlink.php?id=tivibu-spor-2 200 
2026-08-16 14:52:08,490 [INFO] Capturing request: https://streamsport365.com/cinema
2026-08-16 14:52:08,797 [INFO] Capturing response: https://streamsport365.com/cinema 200 
2026-08-16 14:52:12,367 [INFO] Capturing request: https://android.clients.google.com/c2dm/register3
2026-08-16 14:52:12,426 [INFO] Capturing response: https://android.clients.google.com/c2dm/register3 301 
2026-08-16 14:52:41,143 [WARNING]   ❌ Tivibu Spor 2 için M3U8 bulunamadı
2026-08-16 14:52:42,143 [INFO] 
[13/14]
2026-08-16 14:52:42,143 [INFO] 🔍 Tivibu Spor 3 → https://www.atomsportv512.top/matches?id=tivibu-spor-3
2026-08-16 14:52:42,251 [INFO] Capturing request: https://www.atomsportv512.top/matches?id=tivibu-spor-3
2026-08-16 14:52:42,701 [INFO] Capturing response: https://www.atomsportv512.top/matches?id=tivibu-spor-3 200 
2026-08-16 14:52:42,827 [INFO] Capturing request: https://teletv5.top/load/yayinlink.php?id=tivibu-spor-3
2026-08-16 14:52:42,828 [INFO] Capturing request: https://www.atomsportv512.top/favicon.ico
2026-08-16 14:52:42,876 [INFO] Capturing response: https://www.atomsportv512.top/favicon.ico 200 
2026-08-16 14:52:43,050 [INFO] Capturing request: https://streamsport365.com/cinema
2026-08-16 14:52:43,164 [INFO] Capturing response: https://teletv5.top/load/yayinlink.php?id=tivibu-spor-3 200 
2026-08-16 14:52:43,360 [INFO] Capturing response: https://streamsport365.com/cinema 200 
2026-08-16 14:53:15,956 [WARNING]   ❌ Tivibu Spor 3 için M3U8 bulunamadı
2026-08-16 14:53:16,956 [INFO] 
[14/14]
2026-08-16 14:53:16,956 [INFO] 🔍 Tivibu Spor 4 → https://www.atomsportv512.top/matches?id=tivibu-spor-4
2026-08-16 14:53:17,064 [INFO] Capturing request: https://www.atomsportv512.top/matches?id=tivibu-spor-4
2026-08-16 14:53:17,411 [INFO] Capturing response: https://www.atomsportv512.top/matches?id=tivibu-spor-4 200 
2026-08-16 14:53:17,530 [INFO] Capturing request: https://teletv5.top/load/yayinlink.php?id=tivibu-spor-4
2026-08-16 14:53:17,534 [INFO] Capturing request: https://www.atomsportv512.top/favicon.ico
2026-08-16 14:53:17,577 [INFO] Capturing response: https://www.atomsportv512.top/favicon.ico 200 
2026-08-16 14:53:17,658 [INFO] Capturing request: https://streamsport365.com/cinema
2026-08-16 14:53:17,719 [INFO] Capturing response: https://teletv5.top/load/yayinlink.php?id=tivibu-spor-4 200 
2026-08-16 14:53:17,966 [INFO] Capturing response: https://streamsport365.com/cinema 200 
2026-08-16 14:53:50,653 [WARNING]   ❌ Tivibu Spor 4 için M3U8 bulunamadı
2026-08-16 14:53:51,711 [INFO] ✅ 10 kanal bulundu, playlist.m3u kaydedildi
