2026-08-22 21:48:25,394 [INFO] 🌐 BASE_URL: https://www.atomsportv513.top
2026-08-22 21:48:26,230 [INFO] Başlanıyor... 14 kanal taranacak
2026-08-22 21:48:26,230 [INFO] Using default request storage
2026-08-22 21:48:26,235 [INFO] Created proxy listening on 127.0.0.1:38165
2026-08-22 21:48:26,912 [INFO] Capturing request: http://clients2.google.com/time/1/current?cup2key=10:3pfOZL_lsGNjyfX1ru9Wc6d-9CAHgJxpmTqa1lU0LDo&cup2hreq=e3b0c44298fc1c149afbf4c8996fb92427ae41e4649b934ca495991b7852b855
2026-08-22 21:48:26,938 [INFO] Capturing response: http://clients2.google.com/time/1/current?cup2key=10:3pfOZL_lsGNjyfX1ru9Wc6d-9CAHgJxpmTqa1lU0LDo&cup2hreq=e3b0c44298fc1c149afbf4c8996fb92427ae41e4649b934ca495991b7852b855 200 OK
2026-08-22 21:48:27,221 [INFO] 
[1/14]
2026-08-22 21:48:27,223 [INFO] 🔍 beIN Sports 1 → https://www.atomsportv513.top/matches?id=bein-sports-1
2026-08-22 21:48:27,256 [INFO] Capturing request: https://update.googleapis.com/service/update2/json?cup2key=16:uX4AsHjCYuYeV6w_hWUr2FoGSmOX-AdUACRmwpw37k4&cup2hreq=d9f1adbae8cfd7fbcd9476179f42ebf1850069a08f57d7ea499b7a2d0f368db2
2026-08-22 21:48:27,260 [INFO] Capturing request: https://accounts.google.com/ListAccounts?gpsia=1&source=ChromiumBrowser&json=standard&laf=b64bin
2026-08-22 21:48:27,295 [INFO] Capturing response: https://update.googleapis.com/service/update2/json?cup2key=16:uX4AsHjCYuYeV6w_hWUr2FoGSmOX-AdUACRmwpw37k4&cup2hreq=d9f1adbae8cfd7fbcd9476179f42ebf1850069a08f57d7ea499b7a2d0f368db2 200 
2026-08-22 21:48:27,301 [INFO] Capturing response: https://accounts.google.com/ListAccounts?gpsia=1&source=ChromiumBrowser&json=standard&laf=b64bin 200 
2026-08-22 21:48:27,345 [INFO] Capturing request: https://update.googleapis.com/service/update2/json?cup2key=16:et5Nz-n1lCFaY6GFdU_sOcrdmGbddx15fzBfR0nWFWw&cup2hreq=5fa0ef6c4144bde52d5647bc463f738ff53127c1b86a52cf7e73e0fdab29e5aa
2026-08-22 21:48:27,346 [INFO] Capturing request: https://www.google.com/async/folae?async=_fmt:pb&udm=50&client_locale=en-US&client_country=ZZ
2026-08-22 21:48:27,372 [INFO] Capturing response: https://update.googleapis.com/service/update2/json?cup2key=16:et5Nz-n1lCFaY6GFdU_sOcrdmGbddx15fzBfR0nWFWw&cup2hreq=5fa0ef6c4144bde52d5647bc463f738ff53127c1b86a52cf7e73e0fdab29e5aa 200 
2026-08-22 21:48:27,382 [INFO] Capturing response: https://www.google.com/async/folae?async=_fmt:pb&udm=50&client_locale=en-US&client_country=ZZ 200 
2026-08-22 21:48:27,419 [INFO] Capturing request: https://update.googleapis.com/service/update2/json?cup2key=16:HVAruCzXZ2Euf407ihE2g6smO5GlXb_4bFGHGbmja24&cup2hreq=14a75986fdf6a24ca412166cde9208f32674b9d992b924521a2fd0321871ad43
2026-08-22 21:48:27,433 [INFO] Capturing request: https://www.atomsportv513.top/matches?id=bein-sports-1
2026-08-22 21:48:27,444 [INFO] Capturing response: https://update.googleapis.com/service/update2/json?cup2key=16:HVAruCzXZ2Euf407ihE2g6smO5GlXb_4bFGHGbmja24&cup2hreq=14a75986fdf6a24ca412166cde9208f32674b9d992b924521a2fd0321871ad43 200 
2026-08-22 21:48:27,550 [INFO] Capturing request: https://www.google.com/async/folae?async=_fmt:pb&udm=50&client_locale=en-US&client_country=ZZ
2026-08-22 21:48:27,588 [INFO] Capturing response: https://www.google.com/async/folae?async=_fmt:pb&udm=50&client_locale=en-US&client_country=ZZ 200 
2026-08-22 21:48:27,918 [INFO] Capturing response: https://www.atomsportv513.top/matches?id=bein-sports-1 200 
2026-08-22 21:48:28,121 [INFO] Capturing request: https://cdn.jsdelivr.net/npm/@clappr/player@0.11.16/dist/clappr.min.js
2026-08-22 21:48:28,123 [INFO] Capturing request: https://cdn.jsdelivr.net/npm/@clappr/hlsjs-playback@1.8.3/dist/hlsjs-playback.min.js
2026-08-22 21:48:28,126 [INFO] Capturing request: https://cdn.jsdelivr.net/npm/level-selector/dist/level-selector.min.js
2026-08-22 21:48:28,140 [INFO] Capturing response: https://cdn.jsdelivr.net/npm/level-selector/dist/level-selector.min.js 200 
2026-08-22 21:48:28,153 [INFO] Capturing response: https://cdn.jsdelivr.net/npm/@clappr/player@0.11.16/dist/clappr.min.js 200 
2026-08-22 21:48:28,158 [INFO] Capturing response: https://cdn.jsdelivr.net/npm/@clappr/hlsjs-playback@1.8.3/dist/hlsjs-playback.min.js 200 
2026-08-22 21:48:28,377 [INFO] Capturing request: https://www.atomsportv513.top/favicon.ico
2026-08-22 21:48:28,427 [INFO] Capturing response: https://www.atomsportv513.top/favicon.ico 200 
2026-08-22 21:48:28,686 [INFO] Capturing request: https://teletv5.top/load/yayinlink.php?id=bein-sports-1
2026-08-22 21:48:28,986 [INFO] Capturing request: https://streamsport365.com/cinema
2026-08-22 21:48:29,009 [INFO] Capturing response: https://teletv5.top/load/yayinlink.php?id=bein-sports-1 200 
2026-08-22 21:48:29,253 [INFO] Capturing response: https://streamsport365.com/cinema 200 
2026-08-22 21:48:29,389 [INFO] Capturing request: https://www.atomsportv513.top/assets/img/player/player_logo_6a87a2e2eecc5.png
2026-08-22 21:48:29,425 [INFO] Capturing response: https://www.atomsportv513.top/assets/img/player/player_logo_6a87a2e2eecc5.png 200 
2026-08-22 21:48:29,478 [INFO] Capturing request: https://corestream.siteyaptim.live//beintv/tracks-v1a1/mono.m3u8
2026-08-22 21:48:29,628 [INFO] Capturing response: https://corestream.siteyaptim.live//beintv/tracks-v1a1/mono.m3u8 200 
2026-08-22 21:48:29,852 [INFO] Capturing request: https://global.siteyaptim.live/beintv/tracks-v1a1/2026/08/22/21/48/16-05000.jpg
2026-08-22 21:48:30,189 [INFO] Capturing response: https://global.siteyaptim.live/beintv/tracks-v1a1/2026/08/22/21/48/16-05000.jpg 200 
2026-08-22 21:48:30,230 [INFO] Capturing request: https://android.clients.google.com/checkin
2026-08-22 21:48:30,324 [INFO] Capturing response: https://android.clients.google.com/checkin 200 
2026-08-22 21:48:30,378 [INFO] Capturing request: https://android.clients.google.com/c2dm/register3
2026-08-22 21:48:30,385 [INFO] Capturing request: https://android.clients.google.com/c2dm/register3
2026-08-22 21:48:30,386 [INFO] Capturing request: https://android.clients.google.com/c2dm/register3
2026-08-22 21:48:30,410 [INFO] Capturing response: https://android.clients.google.com/c2dm/register3 301 
2026-08-22 21:48:30,433 [INFO] Capturing request: https://global.siteyaptim.live/beintv/tracks-v1a1/2026/08/22/21/48/21-05000.jpg
2026-08-22 21:48:30,734 [INFO] Capturing response: https://global.siteyaptim.live/beintv/tracks-v1a1/2026/08/22/21/48/21-05000.jpg 200 
2026-08-22 21:48:30,963 [INFO] Capturing response: https://android.clients.google.com/c2dm/register3 200 
2026-08-22 21:48:30,964 [INFO] Capturing request: https://global.siteyaptim.live/beintv/tracks-v1a1/2026/08/22/21/48/26-05000.jpg
2026-08-22 21:48:30,980 [INFO] Capturing response: https://android.clients.google.com/c2dm/register3 200 
2026-08-22 21:48:31,299 [INFO]   ✅ M3U8 bulundu: https://corestream.siteyaptim.live//beintv/tracks-v1a1/mono.m3u8
2026-08-22 21:48:31,407 [INFO] Capturing response: https://global.siteyaptim.live/beintv/tracks-v1a1/2026/08/22/21/48/26-05000.jpg 200 
2026-08-22 21:48:32,300 [INFO] 
[2/14]
2026-08-22 21:48:32,300 [INFO] 🔍 beIN Sports 2 → https://www.atomsportv513.top/matches?id=bein-sports-2
2026-08-22 21:48:32,412 [INFO] Capturing request: https://www.atomsportv513.top/matches?id=bein-sports-2
2026-08-22 21:48:32,599 [INFO] Capturing response: https://www.atomsportv513.top/matches?id=bein-sports-2 200 
2026-08-22 21:48:32,650 [INFO] Capturing request: https://streamsport365.com/cinema
2026-08-22 21:48:32,747 [INFO] Capturing request: https://teletv5.top/load/yayinlink.php?id=bein-sports-2
2026-08-22 21:48:32,750 [INFO] Capturing request: https://www.atomsportv513.top/favicon.ico
2026-08-22 21:48:32,781 [INFO] Capturing response: https://www.atomsportv513.top/favicon.ico 200 
2026-08-22 21:48:32,918 [INFO] Capturing response: https://teletv5.top/load/yayinlink.php?id=bein-sports-2 200 
2026-08-22 21:48:32,931 [INFO] Capturing response: https://streamsport365.com/cinema 200 
2026-08-22 21:48:33,043 [INFO] Capturing request: https://www.atomsportv513.top/assets/img/player/player_logo_6a87a2e2eecc5.png
2026-08-22 21:48:33,053 [INFO] Capturing request: https://corestream.siteyaptim.live//bein2/tracks-v1a1/mono.m3u8
2026-08-22 21:48:33,159 [INFO] Capturing response: https://www.atomsportv513.top/assets/img/player/player_logo_6a87a2e2eecc5.png 304 
2026-08-22 21:48:33,197 [INFO] Capturing response: https://corestream.siteyaptim.live//bein2/tracks-v1a1/mono.m3u8 200 
2026-08-22 21:48:33,307 [INFO] Capturing request: https://global.siteyaptim.live/bein2/tracks-v1a1/2026/08/22/21/47/06-10000.jpg
2026-08-22 21:48:33,917 [INFO] Capturing response: https://global.siteyaptim.live/bein2/tracks-v1a1/2026/08/22/21/47/06-10000.jpg 200 
2026-08-22 21:48:34,221 [INFO] Capturing request: https://global.siteyaptim.live/bein2/tracks-v1a1/2026/08/22/21/47/16-10000.jpg
2026-08-22 21:48:34,848 [INFO] Capturing response: https://global.siteyaptim.live/bein2/tracks-v1a1/2026/08/22/21/47/16-10000.jpg 200 
2026-08-22 21:48:35,185 [INFO] Capturing request: https://global.siteyaptim.live/bein2/tracks-v1a1/2026/08/22/21/47/26-10000.jpg
2026-08-22 21:48:35,691 [INFO]   ✅ M3U8 bulundu: https://corestream.siteyaptim.live//bein2/tracks-v1a1/mono.m3u8
2026-08-22 21:48:35,763 [INFO] Capturing response: https://global.siteyaptim.live/bein2/tracks-v1a1/2026/08/22/21/47/26-10000.jpg 200 
2026-08-22 21:48:36,692 [INFO] 
[3/14]
2026-08-22 21:48:36,692 [INFO] 🔍 beIN Sports 3 → https://www.atomsportv513.top/matches?id=bein-sports-3
2026-08-22 21:48:36,805 [INFO] Capturing request: https://www.atomsportv513.top/matches?id=bein-sports-3
2026-08-22 21:48:36,992 [INFO] Capturing response: https://www.atomsportv513.top/matches?id=bein-sports-3 200 
2026-08-22 21:48:37,124 [INFO] Capturing request: https://teletv5.top/load/yayinlink.php?id=bein-sports-3
2026-08-22 21:48:37,129 [INFO] Capturing request: https://www.atomsportv513.top/favicon.ico
2026-08-22 21:48:37,164 [INFO] Capturing response: https://www.atomsportv513.top/favicon.ico 200 
2026-08-22 21:48:37,240 [INFO] Capturing request: https://streamsport365.com/cinema
2026-08-22 21:48:37,288 [INFO] Capturing response: https://teletv5.top/load/yayinlink.php?id=bein-sports-3 200 
2026-08-22 21:48:37,507 [INFO] Capturing response: https://streamsport365.com/cinema 200 
2026-08-22 21:48:37,618 [INFO] Capturing request: https://www.atomsportv513.top/assets/img/player/player_logo_6a87a2e2eecc5.png
2026-08-22 21:48:37,627 [INFO] Capturing request: https://corestream.siteyaptim.live//bein3/tracks-v1a1/mono.m3u8
2026-08-22 21:48:37,734 [INFO] Capturing response: https://www.atomsportv513.top/assets/img/player/player_logo_6a87a2e2eecc5.png 304 
2026-08-22 21:48:37,763 [INFO] Capturing response: https://corestream.siteyaptim.live//bein3/tracks-v1a1/mono.m3u8 200 
2026-08-22 21:48:37,873 [INFO] Capturing request: https://global.siteyaptim.live/bein3/tracks-v1a1/2026/08/22/21/48/07-10000.jpg
2026-08-22 21:48:38,596 [INFO] Capturing response: https://global.siteyaptim.live/bein3/tracks-v1a1/2026/08/22/21/48/07-10000.jpg 200 
2026-08-22 21:48:38,939 [INFO] Capturing request: https://global.siteyaptim.live/bein3/tracks-v1a1/2026/08/22/21/48/17-10000.jpg
2026-08-22 21:48:39,597 [INFO] Capturing response: https://global.siteyaptim.live/bein3/tracks-v1a1/2026/08/22/21/48/17-10000.jpg 200 
2026-08-22 21:48:39,931 [INFO] Capturing request: https://global.siteyaptim.live/bein3/tracks-v1a1/2026/08/22/21/48/27-10000.jpg
2026-08-22 21:48:40,052 [INFO]   ✅ M3U8 bulundu: https://corestream.siteyaptim.live//bein3/tracks-v1a1/mono.m3u8
2026-08-22 21:48:40,410 [INFO] Capturing response: https://global.siteyaptim.live/bein3/tracks-v1a1/2026/08/22/21/48/27-10000.jpg 200 
2026-08-22 21:48:41,053 [INFO] 
[4/14]
2026-08-22 21:48:41,053 [INFO] 🔍 beIN Sports 4 → https://www.atomsportv513.top/matches?id=bein-sports-4
2026-08-22 21:48:41,165 [INFO] Capturing request: https://www.atomsportv513.top/matches?id=bein-sports-4
2026-08-22 21:48:41,353 [INFO] Capturing response: https://www.atomsportv513.top/matches?id=bein-sports-4 200 
2026-08-22 21:48:41,386 [INFO] Capturing request: https://streamsport365.com/cinema
2026-08-22 21:48:41,487 [INFO] Capturing request: https://teletv5.top/load/yayinlink.php?id=bein-sports-4
2026-08-22 21:48:41,489 [INFO] Capturing request: https://www.atomsportv513.top/favicon.ico
2026-08-22 21:48:41,519 [INFO] Capturing response: https://www.atomsportv513.top/favicon.ico 200 
2026-08-22 21:48:41,660 [INFO] Capturing response: https://streamsport365.com/cinema 200 
2026-08-22 21:48:41,661 [INFO] Capturing response: https://teletv5.top/load/yayinlink.php?id=bein-sports-4 200 
2026-08-22 21:48:41,814 [INFO] Capturing request: https://www.atomsportv513.top/assets/img/player/player_logo_6a87a2e2eecc5.png
2026-08-22 21:48:41,823 [INFO] Capturing request: https://corestream.siteyaptim.live//bein4/tracks-v1a1/mono.m3u8
2026-08-22 21:48:41,931 [INFO] Capturing response: https://www.atomsportv513.top/assets/img/player/player_logo_6a87a2e2eecc5.png 304 
2026-08-22 21:48:41,977 [INFO] Capturing response: https://corestream.siteyaptim.live//bein4/tracks-v1a1/mono.m3u8 200 
2026-08-22 21:48:42,129 [INFO] Capturing request: https://global.siteyaptim.live/bein4/tracks-v1a1/2026/08/22/21/48/08-10000.jpg
2026-08-22 21:48:42,780 [INFO] Capturing response: https://global.siteyaptim.live/bein4/tracks-v1a1/2026/08/22/21/48/08-10000.jpg 200 
2026-08-22 21:48:42,985 [INFO] Capturing request: https://global.siteyaptim.live/bein4/tracks-v1a1/2026/08/22/21/48/18-10000.jpg
2026-08-22 21:48:43,339 [INFO] Capturing response: https://global.siteyaptim.live/bein4/tracks-v1a1/2026/08/22/21/48/18-10000.jpg 200 
2026-08-22 21:48:43,579 [INFO] Capturing request: https://global.siteyaptim.live/bein4/tracks-v1a1/2026/08/22/21/48/28-10000.jpg
2026-08-22 21:48:43,894 [INFO] Capturing response: https://global.siteyaptim.live/bein4/tracks-v1a1/2026/08/22/21/48/28-10000.jpg 200 
2026-08-22 21:48:44,411 [INFO]   ✅ M3U8 bulundu: https://corestream.siteyaptim.live//bein4/tracks-v1a1/mono.m3u8
2026-08-22 21:48:45,411 [INFO] 
[5/14]
2026-08-22 21:48:45,411 [INFO] 🔍 beIN Sports 5 → https://www.atomsportv513.top/matches?id=bein-sports-5
2026-08-22 21:48:45,522 [INFO] Capturing request: https://www.atomsportv513.top/matches?id=bein-sports-5
2026-08-22 21:48:45,707 [INFO] Capturing response: https://www.atomsportv513.top/matches?id=bein-sports-5 200 
2026-08-22 21:48:45,839 [INFO] Capturing request: https://teletv5.top/load/yayinlink.php?id=bein-sports-5
2026-08-22 21:48:45,840 [INFO] Capturing request: https://www.atomsportv513.top/favicon.ico
2026-08-22 21:48:45,876 [INFO] Capturing response: https://www.atomsportv513.top/favicon.ico 200 
2026-08-22 21:48:45,951 [INFO] Capturing request: https://streamsport365.com/cinema
2026-08-22 21:48:46,010 [INFO] Capturing response: https://teletv5.top/load/yayinlink.php?id=bein-sports-5 200 
2026-08-22 21:48:46,218 [INFO] Capturing response: https://streamsport365.com/cinema 200 
2026-08-22 21:48:46,329 [INFO] Capturing request: https://www.atomsportv513.top/assets/img/player/player_logo_6a87a2e2eecc5.png
2026-08-22 21:48:46,340 [INFO] Capturing request: https://corestream.siteyaptim.live//bein5/tracks-v1a1/mono.m3u8
2026-08-22 21:48:46,445 [INFO] Capturing response: https://www.atomsportv513.top/assets/img/player/player_logo_6a87a2e2eecc5.png 304 
2026-08-22 21:48:46,493 [INFO] Capturing response: https://corestream.siteyaptim.live//bein5/tracks-v1a1/mono.m3u8 200 
2026-08-22 21:48:46,603 [INFO] Capturing request: https://global.siteyaptim.live/bein5/tracks-v1a1/2026/08/22/21/48/36-10000.jpg
2026-08-22 21:48:47,160 [INFO] Capturing response: https://global.siteyaptim.live/bein5/tracks-v1a1/2026/08/22/21/48/36-10000.jpg 200 
2026-08-22 21:48:47,446 [INFO] Capturing request: https://global.siteyaptim.live/bein5/tracks-v1a1/2026/08/22/21/48/46-10000.jpg
2026-08-22 21:48:47,903 [INFO] Capturing response: https://global.siteyaptim.live/bein5/tracks-v1a1/2026/08/22/21/48/46-10000.jpg 200 
2026-08-22 21:48:48,174 [INFO] Capturing request: https://global.siteyaptim.live/bein5/tracks-v1a1/2026/08/22/21/48/56-10000.jpg
2026-08-22 21:48:48,710 [INFO] Capturing response: https://global.siteyaptim.live/bein5/tracks-v1a1/2026/08/22/21/48/56-10000.jpg 200 
2026-08-22 21:48:48,774 [INFO]   ✅ M3U8 bulundu: https://corestream.siteyaptim.live//bein5/tracks-v1a1/mono.m3u8
2026-08-22 21:48:49,775 [INFO] 
[6/14]
2026-08-22 21:48:49,775 [INFO] 🔍 beIN Sports Max 1 → https://www.atomsportv513.top/matches?id=bein-sports-max-1
2026-08-22 21:48:49,886 [INFO] Capturing request: https://www.atomsportv513.top/matches?id=bein-sports-max-1
2026-08-22 21:48:50,072 [INFO] Capturing response: https://www.atomsportv513.top/matches?id=bein-sports-max-1 200 
2026-08-22 21:48:50,106 [INFO] Capturing request: https://streamsport365.com/cinema
2026-08-22 21:48:50,207 [INFO] Capturing request: https://teletv5.top/load/yayinlink.php?id=bein-sports-max-1
2026-08-22 21:48:50,208 [INFO] Capturing request: https://www.atomsportv513.top/favicon.ico
2026-08-22 21:48:50,244 [INFO] Capturing response: https://www.atomsportv513.top/favicon.ico 200 
2026-08-22 21:48:50,381 [INFO] Capturing response: https://streamsport365.com/cinema 200 
2026-08-22 21:48:50,383 [INFO] Capturing response: https://teletv5.top/load/yayinlink.php?id=bein-sports-max-1 200 
2026-08-22 21:48:58,840 [INFO] Capturing request: https://android.clients.google.com/c2dm/register3
2026-08-22 21:48:58,873 [INFO] Capturing response: https://android.clients.google.com/c2dm/register3 301 
2026-08-22 21:49:23,389 [WARNING]   ❌ beIN Sports Max 1 için M3U8 bulunamadı
2026-08-22 21:49:24,390 [INFO] 
[7/14]
2026-08-22 21:49:24,390 [INFO] 🔍 beIN Sports Max 2 → https://www.atomsportv513.top/matches?id=bein-sports-max-2
2026-08-22 21:49:24,498 [INFO] Capturing request: https://www.atomsportv513.top/matches?id=bein-sports-max-2
2026-08-22 21:49:24,826 [INFO] Capturing response: https://www.atomsportv513.top/matches?id=bein-sports-max-2 200 
2026-08-22 21:49:24,962 [INFO] Capturing request: https://www.atomsportv513.top/favicon.ico
2026-08-22 21:49:24,963 [INFO] Capturing request: https://teletv5.top/load/yayinlink.php?id=bein-sports-max-2
2026-08-22 21:49:24,994 [INFO] Capturing response: https://www.atomsportv513.top/favicon.ico 200 
2026-08-22 21:49:25,074 [INFO] Capturing request: https://streamsport365.com/cinema
2026-08-22 21:49:25,135 [INFO] Capturing response: https://teletv5.top/load/yayinlink.php?id=bein-sports-max-2 200 
2026-08-22 21:49:25,345 [INFO] Capturing response: https://streamsport365.com/cinema 200 
2026-08-22 21:49:26,904 [INFO] Capturing request: https://update.googleapis.com/service/update2/json?cup2key=16:bFpIQSmONsaZV3Y8ZUSI7vWd3YRYazb_XJPl_DkcFko&cup2hreq=aaeaa7eb65664a444b21e3791c1428b136a1084cd8de2b14a38540298260be72
2026-08-22 21:49:26,932 [INFO] Capturing response: https://update.googleapis.com/service/update2/json?cup2key=16:bFpIQSmONsaZV3Y8ZUSI7vWd3YRYazb_XJPl_DkcFko&cup2hreq=aaeaa7eb65664a444b21e3791c1428b136a1084cd8de2b14a38540298260be72 200 
2026-08-22 21:49:26,939 [INFO] Capturing request: http://edgedl.me.gvt1.com/edgedl/diffgen-puffin/gcmjkmgdlgnkkcocmoeiminaijmmjnii/6ca5bdb9f3e2cd83b7e359729bc6c33c4fe975ec499861d969b3e080320849ff
2026-08-22 21:49:26,952 [INFO] Capturing response: http://edgedl.me.gvt1.com/edgedl/diffgen-puffin/gcmjkmgdlgnkkcocmoeiminaijmmjnii/6ca5bdb9f3e2cd83b7e359729bc6c33c4fe975ec499861d969b3e080320849ff 200 OK
2026-08-22 21:49:26,980 [INFO] Capturing request: https://update.googleapis.com/service/update2/json
2026-08-22 21:49:27,009 [INFO] Capturing response: https://update.googleapis.com/service/update2/json 200 
2026-08-22 21:49:27,054 [INFO] Capturing request: http://edgedl.me.gvt1.com/edgedl/release2/chrome_component/aco4kq5ugrchaatmpc4t3g4smdgq_10732/hfnkpimlhhgieaddgfemjhofmfblmnib_10732_all_adrdeyk4zekbzz4k5gifrlzrpbza.crx3
2026-08-22 21:49:27,070 [INFO] Capturing response: http://edgedl.me.gvt1.com/edgedl/release2/chrome_component/aco4kq5ugrchaatmpc4t3g4smdgq_10732/hfnkpimlhhgieaddgfemjhofmfblmnib_10732_all_adrdeyk4zekbzz4k5gifrlzrpbza.crx3 200 OK
2026-08-22 21:49:27,101 [INFO] Capturing request: https://update.googleapis.com/service/update2/json
2026-08-22 21:49:27,125 [INFO] Capturing response: https://update.googleapis.com/service/update2/json 200 
2026-08-22 21:49:48,161 [INFO] Capturing request: https://android.clients.google.com/c2dm/register3
2026-08-22 21:49:48,221 [INFO] Capturing response: https://android.clients.google.com/c2dm/register3 301 
2026-08-22 21:49:58,141 [WARNING]   ❌ beIN Sports Max 2 için M3U8 bulunamadı
2026-08-22 21:49:59,141 [INFO] 
[8/14]
2026-08-22 21:49:59,141 [INFO] 🔍 S Sport → https://www.atomsportv513.top/matches?id=s-sport
2026-08-22 21:49:59,290 [INFO] Capturing request: https://www.atomsportv513.top/matches?id=s-sport
2026-08-22 21:49:59,479 [INFO] Capturing response: https://www.atomsportv513.top/matches?id=s-sport 200 
2026-08-22 21:49:59,643 [INFO] Capturing request: https://www.atomsportv513.top/favicon.ico
2026-08-22 21:49:59,677 [INFO] Capturing request: https://teletv5.top/load/yayinlink.php?id=s-sport
2026-08-22 21:49:59,690 [INFO] Capturing response: https://www.atomsportv513.top/favicon.ico 200 
2026-08-22 21:49:59,854 [INFO] Capturing response: https://teletv5.top/load/yayinlink.php?id=s-sport 200 
2026-08-22 21:50:00,225 [INFO] Capturing request: https://streamsport365.com/cinema
2026-08-22 21:50:00,498 [INFO] Capturing response: https://streamsport365.com/cinema 200 
2026-08-22 21:50:00,612 [INFO] Capturing request: https://www.atomsportv513.top/assets/img/player/player_logo_6a87a2e2eecc5.png
2026-08-22 21:50:00,658 [INFO] Capturing request: https://corestream.siteyaptim.live//s-sport/tracks-v1a1/mono.m3u8
2026-08-22 21:50:00,740 [INFO] Capturing response: https://www.atomsportv513.top/assets/img/player/player_logo_6a87a2e2eecc5.png 304 
2026-08-22 21:50:00,794 [INFO] Capturing response: https://corestream.siteyaptim.live//s-sport/tracks-v1a1/mono.m3u8 200 
2026-08-22 21:50:00,984 [INFO] Capturing request: https://global.siteyaptim.live/s-sport/tracks-v1a1/2026/08/22/21/49/56-05000.jpg
2026-08-22 21:50:01,379 [INFO] Capturing response: https://global.siteyaptim.live/s-sport/tracks-v1a1/2026/08/22/21/49/56-05000.jpg 200 
2026-08-22 21:50:01,630 [INFO] Capturing request: https://global.siteyaptim.live/s-sport/tracks-v1a1/2026/08/22/21/50/01-05000.jpg
2026-08-22 21:50:01,991 [INFO] Capturing response: https://global.siteyaptim.live/s-sport/tracks-v1a1/2026/08/22/21/50/01-05000.jpg 200 
2026-08-22 21:50:02,204 [INFO] Capturing request: https://global.siteyaptim.live/s-sport/tracks-v1a1/2026/08/22/21/50/06-05000.jpg
2026-08-22 21:50:02,582 [INFO]   ✅ M3U8 bulundu: https://corestream.siteyaptim.live//s-sport/tracks-v1a1/mono.m3u8
2026-08-22 21:50:02,633 [INFO] Capturing response: https://global.siteyaptim.live/s-sport/tracks-v1a1/2026/08/22/21/50/06-05000.jpg 200 
2026-08-22 21:50:03,583 [INFO] 
[9/14]
2026-08-22 21:50:03,583 [INFO] 🔍 S Sport 2 → https://www.atomsportv513.top/matches?id=s-sport-2
2026-08-22 21:50:03,693 [INFO] Capturing request: https://www.atomsportv513.top/matches?id=s-sport-2
2026-08-22 21:50:03,884 [INFO] Capturing response: https://www.atomsportv513.top/matches?id=s-sport-2 200 
2026-08-22 21:50:03,918 [INFO] Capturing request: https://streamsport365.com/cinema
2026-08-22 21:50:04,017 [INFO] Capturing request: https://teletv5.top/load/yayinlink.php?id=s-sport-2
2026-08-22 21:50:04,023 [INFO] Capturing request: https://www.atomsportv513.top/favicon.ico
2026-08-22 21:50:04,058 [INFO] Capturing response: https://www.atomsportv513.top/favicon.ico 200 
2026-08-22 21:50:04,191 [INFO] Capturing response: https://streamsport365.com/cinema 200 
2026-08-22 21:50:04,560 [INFO] Capturing response: https://teletv5.top/load/yayinlink.php?id=s-sport-2 200 
2026-08-22 21:50:04,672 [INFO] Capturing request: https://www.atomsportv513.top/assets/img/player/player_logo_6a87a2e2eecc5.png
2026-08-22 21:50:04,681 [INFO] Capturing request: https://corestream.siteyaptim.live//s-sport2/tracks-v1a1/mono.m3u8
2026-08-22 21:50:04,790 [INFO] Capturing response: https://www.atomsportv513.top/assets/img/player/player_logo_6a87a2e2eecc5.png 304 
2026-08-22 21:50:04,823 [INFO] Capturing response: https://corestream.siteyaptim.live//s-sport2/tracks-v1a1/mono.m3u8 200 
2026-08-22 21:50:04,933 [INFO] Capturing request: https://global.siteyaptim.live/s-sport2/tracks-v1a1/2026/08/22/21/50/53-06000.jpg
2026-08-22 21:50:05,704 [INFO] Capturing response: https://global.siteyaptim.live/s-sport2/tracks-v1a1/2026/08/22/21/50/53-06000.jpg 200 
2026-08-22 21:50:06,075 [INFO] Capturing request: https://global.siteyaptim.live/s-sport2/tracks-v1a1/2026/08/22/21/50/59-06000.jpg
2026-08-22 21:50:06,647 [INFO] Capturing response: https://global.siteyaptim.live/s-sport2/tracks-v1a1/2026/08/22/21/50/59-06000.jpg 200 
2026-08-22 21:50:06,962 [INFO] Capturing request: https://global.siteyaptim.live/s-sport2/tracks-v1a1/2026/08/22/21/51/05-06000.jpg
2026-08-22 21:50:06,983 [INFO]   ✅ M3U8 bulundu: https://corestream.siteyaptim.live//s-sport2/tracks-v1a1/mono.m3u8
2026-08-22 21:50:07,583 [INFO] Capturing response: https://global.siteyaptim.live/s-sport2/tracks-v1a1/2026/08/22/21/51/05-06000.jpg 200 
2026-08-22 21:50:07,984 [INFO] 
[10/14]
2026-08-22 21:50:07,984 [INFO] 🔍 A Spor → https://www.atomsportv513.top/matches?id=a-spor
2026-08-22 21:50:08,096 [INFO] Capturing request: https://www.atomsportv513.top/matches?id=a-spor
2026-08-22 21:50:08,295 [INFO] Capturing response: https://www.atomsportv513.top/matches?id=a-spor 200 
2026-08-22 21:50:08,427 [INFO] Capturing request: https://teletv5.top/load/yayinlink.php?id=a-spor
2026-08-22 21:50:08,431 [INFO] Capturing request: https://www.atomsportv513.top/favicon.ico
2026-08-22 21:50:08,474 [INFO] Capturing response: https://www.atomsportv513.top/favicon.ico 200 
2026-08-22 21:50:08,540 [INFO] Capturing request: https://streamsport365.com/cinema
2026-08-22 21:50:08,591 [INFO] Capturing response: https://teletv5.top/load/yayinlink.php?id=a-spor 200 
2026-08-22 21:50:08,816 [INFO] Capturing response: https://streamsport365.com/cinema 200 
2026-08-22 21:50:08,927 [INFO] Capturing request: https://www.atomsportv513.top/assets/img/player/player_logo_6a87a2e2eecc5.png
2026-08-22 21:50:08,937 [INFO] Capturing request: https://corestream.siteyaptim.live//aspor/tracks-v1a1/mono.m3u8
2026-08-22 21:50:09,043 [INFO] Capturing response: https://www.atomsportv513.top/assets/img/player/player_logo_6a87a2e2eecc5.png 304 
2026-08-22 21:50:09,093 [INFO] Capturing response: https://corestream.siteyaptim.live//aspor/tracks-v1a1/mono.m3u8 404 
2026-08-22 21:50:11,218 [INFO] Capturing request: https://corestream.siteyaptim.live//aspor/tracks-v1a1/mono.m3u8
2026-08-22 21:50:11,345 [INFO]   ✅ M3U8 bulundu: https://corestream.siteyaptim.live//aspor/tracks-v1a1/mono.m3u8
2026-08-22 21:50:11,359 [INFO] Capturing response: https://corestream.siteyaptim.live//aspor/tracks-v1a1/mono.m3u8 404 
2026-08-22 21:50:12,345 [INFO] 
[11/14]
2026-08-22 21:50:12,346 [INFO] 🔍 Tivibu Spor 1 → https://www.atomsportv513.top/matches?id=tivibu-spor-1
2026-08-22 21:50:12,455 [INFO] Capturing request: https://www.atomsportv513.top/matches?id=tivibu-spor-1
2026-08-22 21:50:12,634 [INFO] Capturing response: https://www.atomsportv513.top/matches?id=tivibu-spor-1 200 
2026-08-22 21:50:12,668 [INFO] Capturing request: https://streamsport365.com/cinema
2026-08-22 21:50:12,762 [INFO] Capturing request: https://teletv5.top/load/yayinlink.php?id=tivibu-spor-1
2026-08-22 21:50:12,770 [INFO] Capturing request: https://www.atomsportv513.top/favicon.ico
2026-08-22 21:50:12,888 [INFO] Capturing response: https://www.atomsportv513.top/favicon.ico 200 
2026-08-22 21:50:12,928 [INFO] Capturing response: https://teletv5.top/load/yayinlink.php?id=tivibu-spor-1 200 
2026-08-22 21:50:12,936 [INFO] Capturing response: https://streamsport365.com/cinema 200 
2026-08-22 21:50:45,925 [WARNING]   ❌ Tivibu Spor 1 için M3U8 bulunamadı
2026-08-22 21:50:46,926 [INFO] 
[12/14]
2026-08-22 21:50:46,926 [INFO] 🔍 Tivibu Spor 2 → https://www.atomsportv513.top/matches?id=tivibu-spor-2
2026-08-22 21:50:47,035 [INFO] Capturing request: https://www.atomsportv513.top/matches?id=tivibu-spor-2
2026-08-22 21:50:47,223 [INFO] Capturing response: https://www.atomsportv513.top/matches?id=tivibu-spor-2 200 
2026-08-22 21:50:47,360 [INFO] Capturing request: https://teletv5.top/load/yayinlink.php?id=tivibu-spor-2
2026-08-22 21:50:47,363 [INFO] Capturing request: https://www.atomsportv513.top/favicon.ico
2026-08-22 21:50:47,382 [INFO] Capturing response: https://teletv5.top/load/yayinlink.php?id=tivibu-spor-2 200 
2026-08-22 21:50:47,403 [INFO] Capturing response: https://www.atomsportv513.top/favicon.ico 200 
2026-08-22 21:50:47,471 [INFO] Capturing request: https://streamsport365.com/cinema
2026-08-22 21:50:47,745 [INFO] Capturing response: https://streamsport365.com/cinema 200 
2026-08-22 21:51:20,520 [WARNING]   ❌ Tivibu Spor 2 için M3U8 bulunamadı
2026-08-22 21:51:21,520 [INFO] 
[13/14]
2026-08-22 21:51:21,521 [INFO] 🔍 Tivibu Spor 3 → https://www.atomsportv513.top/matches?id=tivibu-spor-3
2026-08-22 21:51:21,629 [INFO] Capturing request: https://www.atomsportv513.top/matches?id=tivibu-spor-3
2026-08-22 21:51:21,967 [INFO] Capturing response: https://www.atomsportv513.top/matches?id=tivibu-spor-3 200 
2026-08-22 21:51:22,099 [INFO] Capturing request: https://teletv5.top/load/yayinlink.php?id=tivibu-spor-3
2026-08-22 21:51:22,102 [INFO] Capturing request: https://www.atomsportv513.top/favicon.ico
2026-08-22 21:51:22,122 [INFO] Capturing response: https://teletv5.top/load/yayinlink.php?id=tivibu-spor-3 200 
2026-08-22 21:51:22,137 [INFO] Capturing response: https://www.atomsportv513.top/favicon.ico 200 
2026-08-22 21:51:22,210 [INFO] Capturing request: https://streamsport365.com/cinema
2026-08-22 21:51:22,487 [INFO] Capturing response: https://streamsport365.com/cinema 200 
2026-08-22 21:51:26,181 [INFO] Capturing request: https://android.clients.google.com/c2dm/register3
2026-08-22 21:51:26,216 [INFO] Capturing response: https://android.clients.google.com/c2dm/register3 301 
2026-08-22 21:51:55,261 [WARNING]   ❌ Tivibu Spor 3 için M3U8 bulunamadı
2026-08-22 21:51:56,262 [INFO] 
[14/14]
2026-08-22 21:51:56,262 [INFO] 🔍 Tivibu Spor 4 → https://www.atomsportv513.top/matches?id=tivibu-spor-4
2026-08-22 21:51:56,372 [INFO] Capturing request: https://www.atomsportv513.top/matches?id=tivibu-spor-4
2026-08-22 21:51:56,707 [INFO] Capturing response: https://www.atomsportv513.top/matches?id=tivibu-spor-4 200 
2026-08-22 21:51:56,837 [INFO] Capturing request: https://teletv5.top/load/yayinlink.php?id=tivibu-spor-4
2026-08-22 21:51:56,840 [INFO] Capturing request: https://www.atomsportv513.top/favicon.ico
2026-08-22 21:51:56,859 [INFO] Capturing response: https://teletv5.top/load/yayinlink.php?id=tivibu-spor-4 200 
2026-08-22 21:51:56,872 [INFO] Capturing response: https://www.atomsportv513.top/favicon.ico 200 
2026-08-22 21:51:56,947 [INFO] Capturing request: https://streamsport365.com/cinema
2026-08-22 21:51:57,224 [INFO] Capturing response: https://streamsport365.com/cinema 200 
2026-08-22 21:52:30,000 [WARNING]   ❌ Tivibu Spor 4 için M3U8 bulunamadı
2026-08-22 21:52:31,069 [INFO] ✅ 8 kanal bulundu, playlist.m3u kaydedildi
