2026-08-04 21:13:38,484 [INFO] 🌐 BASE_URL: https://www.atomsportv510.top
2026-08-04 21:13:39,438 [INFO] Başlanıyor... 14 kanal taranacak
2026-08-04 21:13:39,439 [INFO] Using default request storage
2026-08-04 21:13:39,443 [INFO] Created proxy listening on 127.0.0.1:37347
2026-08-04 21:13:40,154 [INFO] Capturing request: http://clients2.google.com/time/1/current?cup2key=10:pKCj21Cpfd73YIY968Ub1WzQ3MN2DUVxhzabMcnEOqs&cup2hreq=e3b0c44298fc1c149afbf4c8996fb92427ae41e4649b934ca495991b7852b855
2026-08-04 21:13:40,188 [INFO] Capturing response: http://clients2.google.com/time/1/current?cup2key=10:pKCj21Cpfd73YIY968Ub1WzQ3MN2DUVxhzabMcnEOqs&cup2hreq=e3b0c44298fc1c149afbf4c8996fb92427ae41e4649b934ca495991b7852b855 200 OK
2026-08-04 21:13:40,355 [INFO] 
[1/14]
2026-08-04 21:13:40,356 [INFO] 🔍 beIN Sports 1 → https://www.atomsportv510.top/matches?id=bein-sports-1
2026-08-04 21:13:40,462 [INFO] Capturing request: https://update.googleapis.com/service/update2/json?cup2key=16:c0uPf9-F8WHCfiANDP9daPfOiuuGdPh0zFxUYD7-Wu4&cup2hreq=76917e6e6c6af76efbc20b538974cdd37fc03667470ccabb5151283d62775b39
2026-08-04 21:13:40,468 [INFO] Capturing request: https://accounts.google.com/ListAccounts?gpsia=1&source=ChromiumBrowser&json=standard&laf=b64bin
2026-08-04 21:13:40,506 [INFO] Capturing response: https://update.googleapis.com/service/update2/json?cup2key=16:c0uPf9-F8WHCfiANDP9daPfOiuuGdPh0zFxUYD7-Wu4&cup2hreq=76917e6e6c6af76efbc20b538974cdd37fc03667470ccabb5151283d62775b39 200 
2026-08-04 21:13:40,513 [INFO] Capturing response: https://accounts.google.com/ListAccounts?gpsia=1&source=ChromiumBrowser&json=standard&laf=b64bin 200 
2026-08-04 21:13:40,554 [INFO] Capturing request: https://update.googleapis.com/service/update2/json?cup2key=16:J8sjnKUebS3gvHltD6KyODo11eLCkpwseasfoY6tmqQ&cup2hreq=5b486ea5f60036f28ac762866a4d10814da708de0838dcbf7dd62c30f1342bf8
2026-08-04 21:13:40,557 [INFO] Capturing request: https://www.atomsportv510.top/matches?id=bein-sports-1
2026-08-04 21:13:40,566 [INFO] Capturing request: https://www.google.com/async/folae?async=_fmt:pb&udm=50&client_locale=en-US&client_country=ZZ
2026-08-04 21:13:40,577 [INFO] Capturing response: https://update.googleapis.com/service/update2/json?cup2key=16:J8sjnKUebS3gvHltD6KyODo11eLCkpwseasfoY6tmqQ&cup2hreq=5b486ea5f60036f28ac762866a4d10814da708de0838dcbf7dd62c30f1342bf8 200 
2026-08-04 21:13:40,597 [INFO] Capturing response: https://www.google.com/async/folae?async=_fmt:pb&udm=50&client_locale=en-US&client_country=ZZ 200 
2026-08-04 21:13:40,625 [INFO] Capturing request: https://update.googleapis.com/service/update2/json?cup2key=16:ee4f1sJjDUzxMsoPi-FH7WRqX-kY3CHwaSfhVlcgnmo&cup2hreq=33c10f1dceb38533a1ebc469a430e5e793d0a3951a2bde80d8a4fb5087196bbb
2026-08-04 21:13:40,649 [INFO] Capturing response: https://update.googleapis.com/service/update2/json?cup2key=16:ee4f1sJjDUzxMsoPi-FH7WRqX-kY3CHwaSfhVlcgnmo&cup2hreq=33c10f1dceb38533a1ebc469a430e5e793d0a3951a2bde80d8a4fb5087196bbb 200 
2026-08-04 21:13:40,760 [INFO] Capturing request: https://www.google.com/async/folae?async=_fmt:pb&udm=50&client_locale=en-US&client_country=ZZ
2026-08-04 21:13:40,790 [INFO] Capturing response: https://www.google.com/async/folae?async=_fmt:pb&udm=50&client_locale=en-US&client_country=ZZ 200 
2026-08-04 21:13:40,874 [INFO] Capturing response: https://www.atomsportv510.top/matches?id=bein-sports-1 200 
2026-08-04 21:13:41,081 [INFO] Capturing request: https://cdn.jsdelivr.net/npm/@clappr/player@0.11.16/dist/clappr.min.js
2026-08-04 21:13:41,084 [INFO] Capturing request: https://cdn.jsdelivr.net/npm/level-selector/dist/level-selector.min.js
2026-08-04 21:13:41,085 [INFO] Capturing request: https://cdn.jsdelivr.net/npm/@clappr/hlsjs-playback@1.8.3/dist/hlsjs-playback.min.js
2026-08-04 21:13:41,102 [INFO] Capturing response: https://cdn.jsdelivr.net/npm/level-selector/dist/level-selector.min.js 200 
2026-08-04 21:13:41,146 [INFO] Capturing response: https://cdn.jsdelivr.net/npm/@clappr/player@0.11.16/dist/clappr.min.js 200 
2026-08-04 21:13:41,154 [INFO] Capturing response: https://cdn.jsdelivr.net/npm/@clappr/hlsjs-playback@1.8.3/dist/hlsjs-playback.min.js 200 
2026-08-04 21:13:41,356 [INFO] Capturing request: https://www.atomsportv510.top/favicon.ico
2026-08-04 21:13:41,420 [INFO] Capturing response: https://www.atomsportv510.top/favicon.ico 200 
2026-08-04 21:13:41,498 [INFO] Capturing request: https://teletv5.top/load/yayinlink.php?id=bein-sports-1
2026-08-04 21:13:41,940 [INFO] Capturing response: https://teletv5.top/load/yayinlink.php?id=bein-sports-1 200 
2026-08-04 21:13:42,170 [INFO] Capturing request: https://streamsport365.com/cinema
2026-08-04 21:13:42,530 [INFO] Capturing response: https://streamsport365.com/cinema 200 
2026-08-04 21:13:42,660 [INFO] Capturing request: https://www.atomsportv510.top/assets/img/player/player_logo_6a5f6c9cb38e0.png
2026-08-04 21:13:42,715 [INFO] Capturing response: https://www.atomsportv510.top/assets/img/player/player_logo_6a5f6c9cb38e0.png 200 
2026-08-04 21:13:42,737 [INFO] Capturing request: https://corestream.siteyaptim.live//bein1/tracks-v1a1/mono.m3u8
2026-08-04 21:13:42,923 [INFO] Capturing response: https://corestream.siteyaptim.live//bein1/tracks-v1a1/mono.m3u8 200 
2026-08-04 21:13:43,115 [INFO] Capturing request: https://android.clients.google.com/checkin
2026-08-04 21:13:43,154 [INFO] Capturing request: https://global.siteyaptim.live/bein1/tracks-v1a1/2026/08/04/21/13/29-05000.jpg
2026-08-04 21:13:43,193 [INFO] Capturing response: https://android.clients.google.com/checkin 200 
2026-08-04 21:13:43,244 [INFO] Capturing request: https://android.clients.google.com/c2dm/register3
2026-08-04 21:13:43,246 [INFO] Capturing request: https://android.clients.google.com/c2dm/register3
2026-08-04 21:13:43,248 [INFO] Capturing request: https://android.clients.google.com/c2dm/register3
2026-08-04 21:13:43,281 [INFO] Capturing response: https://android.clients.google.com/c2dm/register3 301 
2026-08-04 21:13:43,604 [INFO] Capturing response: https://global.siteyaptim.live/bein1/tracks-v1a1/2026/08/04/21/13/29-05000.jpg 200 
2026-08-04 21:13:43,813 [INFO] Capturing request: https://global.siteyaptim.live/bein1/tracks-v1a1/2026/08/04/21/13/34-05000.jpg
2026-08-04 21:13:44,023 [INFO] Capturing response: https://android.clients.google.com/c2dm/register3 200 
2026-08-04 21:13:44,230 [INFO] Capturing response: https://global.siteyaptim.live/bein1/tracks-v1a1/2026/08/04/21/13/34-05000.jpg 200 
2026-08-04 21:13:44,276 [INFO]   ✅ M3U8 bulundu: https://corestream.siteyaptim.live//bein1/tracks-v1a1/mono.m3u8
2026-08-04 21:13:44,284 [INFO] Capturing response: https://android.clients.google.com/c2dm/register3 200 
2026-08-04 21:13:44,430 [INFO] Capturing request: https://global.siteyaptim.live/bein1/tracks-v1a1/2026/08/04/21/13/39-05000.jpg
2026-08-04 21:13:44,868 [INFO] Capturing response: https://global.siteyaptim.live/bein1/tracks-v1a1/2026/08/04/21/13/39-05000.jpg 200 
2026-08-04 21:13:45,276 [INFO] 
[2/14]
2026-08-04 21:13:45,277 [INFO] 🔍 beIN Sports 2 → https://www.atomsportv510.top/matches?id=bein-sports-2
2026-08-04 21:13:45,388 [INFO] Capturing request: https://www.atomsportv510.top/matches?id=bein-sports-2
2026-08-04 21:13:45,692 [INFO] Capturing response: https://www.atomsportv510.top/matches?id=bein-sports-2 200 
2026-08-04 21:13:45,746 [INFO] Capturing request: https://streamsport365.com/cinema
2026-08-04 21:13:45,847 [INFO] Capturing request: https://www.atomsportv510.top/favicon.ico
2026-08-04 21:13:45,848 [INFO] Capturing request: https://teletv5.top/load/yayinlink.php?id=bein-sports-2
2026-08-04 21:13:45,903 [INFO] Capturing response: https://www.atomsportv510.top/favicon.ico 200 
2026-08-04 21:13:46,115 [INFO] Capturing response: https://streamsport365.com/cinema 200 
2026-08-04 21:13:46,245 [INFO] Capturing response: https://teletv5.top/load/yayinlink.php?id=bein-sports-2 200 
2026-08-04 21:13:46,356 [INFO] Capturing request: https://www.atomsportv510.top/assets/img/player/player_logo_6a5f6c9cb38e0.png
2026-08-04 21:13:46,366 [INFO] Capturing request: https://corestream.siteyaptim.live//bein2/tracks-v1a1/mono.m3u8
2026-08-04 21:13:46,480 [INFO] Capturing response: https://www.atomsportv510.top/assets/img/player/player_logo_6a5f6c9cb38e0.png 304 
2026-08-04 21:13:46,543 [INFO] Capturing response: https://corestream.siteyaptim.live//bein2/tracks-v1a1/mono.m3u8 200 
2026-08-04 21:13:46,653 [INFO] Capturing request: https://global.siteyaptim.live/bein2/tracks-v1a1/2026/08/04/21/13/17-05000.jpg
2026-08-04 21:13:47,120 [INFO] Capturing response: https://global.siteyaptim.live/bein2/tracks-v1a1/2026/08/04/21/13/17-05000.jpg 200 
2026-08-04 21:13:47,285 [INFO] Capturing request: https://global.siteyaptim.live/bein2/tracks-v1a1/2026/08/04/21/13/22-08600.jpg
2026-08-04 21:13:48,584 [INFO] Capturing response: https://global.siteyaptim.live/bein2/tracks-v1a1/2026/08/04/21/13/22-08600.jpg 200 
2026-08-04 21:13:48,764 [INFO]   ✅ M3U8 bulundu: https://corestream.siteyaptim.live//bein2/tracks-v1a1/mono.m3u8
2026-08-04 21:13:48,810 [INFO] Capturing request: https://global.siteyaptim.live/bein2/tracks-v1a1/2026/08/04/21/13/30-05420.jpg
2026-08-04 21:13:49,270 [INFO] Capturing response: https://global.siteyaptim.live/bein2/tracks-v1a1/2026/08/04/21/13/30-05420.jpg 200 
2026-08-04 21:13:49,471 [INFO] Capturing request: https://global.siteyaptim.live/bein2/tracks-v1a1/2026/08/04/21/13/36-08700.jpg
2026-08-04 21:13:49,765 [INFO] 
[3/14]
2026-08-04 21:13:49,765 [INFO] 🔍 beIN Sports 3 → https://www.atomsportv510.top/matches?id=bein-sports-3
2026-08-04 21:13:49,878 [INFO] Capturing request: https://www.atomsportv510.top/matches?id=bein-sports-3
2026-08-04 21:13:50,016 [INFO] Capturing response: https://global.siteyaptim.live/bein2/tracks-v1a1/2026/08/04/21/13/36-08700.jpg 200 
2026-08-04 21:13:50,179 [INFO] Capturing response: https://www.atomsportv510.top/matches?id=bein-sports-3 200 
2026-08-04 21:13:50,309 [INFO] Capturing request: https://teletv5.top/load/yayinlink.php?id=bein-sports-3
2026-08-04 21:13:50,312 [INFO] Capturing request: https://www.atomsportv510.top/favicon.ico
2026-08-04 21:13:50,367 [INFO] Capturing response: https://www.atomsportv510.top/favicon.ico 200 
2026-08-04 21:13:50,471 [INFO] Capturing request: https://streamsport365.com/cinema
2026-08-04 21:13:50,524 [INFO] Capturing response: https://teletv5.top/load/yayinlink.php?id=bein-sports-3 200 
2026-08-04 21:13:50,859 [INFO] Capturing response: https://streamsport365.com/cinema 200 
2026-08-04 21:13:50,970 [INFO] Capturing request: https://www.atomsportv510.top/assets/img/player/player_logo_6a5f6c9cb38e0.png
2026-08-04 21:13:50,979 [INFO] Capturing request: https://corestream.siteyaptim.live//bein3/tracks-v1a1/mono.m3u8
2026-08-04 21:13:51,092 [INFO] Capturing response: https://www.atomsportv510.top/assets/img/player/player_logo_6a5f6c9cb38e0.png 304 
2026-08-04 21:13:51,163 [INFO] Capturing response: https://corestream.siteyaptim.live//bein3/tracks-v1a1/mono.m3u8 200 
2026-08-04 21:13:51,272 [INFO] Capturing request: https://global.siteyaptim.live/bein3/tracks-v1a1/2026/08/04/21/11/58-10000.jpg
2026-08-04 21:13:51,762 [INFO] Capturing response: https://global.siteyaptim.live/bein3/tracks-v1a1/2026/08/04/21/11/58-10000.jpg 200 
2026-08-04 21:13:51,974 [INFO] Capturing request: https://global.siteyaptim.live/bein3/tracks-v1a1/2026/08/04/21/12/08-05000.jpg
2026-08-04 21:13:52,404 [INFO] Capturing response: https://global.siteyaptim.live/bein3/tracks-v1a1/2026/08/04/21/12/08-05000.jpg 200 
2026-08-04 21:13:52,597 [INFO] Capturing request: https://global.siteyaptim.live/bein3/tracks-v1a1/2026/08/04/21/12/13-05000.jpg
2026-08-04 21:13:52,986 [INFO] Capturing response: https://global.siteyaptim.live/bein3/tracks-v1a1/2026/08/04/21/12/13-05000.jpg 200 
2026-08-04 21:13:53,180 [INFO] Capturing request: https://global.siteyaptim.live/bein3/tracks-v1a1/2026/08/04/21/12/18-05000.jpg
2026-08-04 21:13:53,230 [INFO]   ✅ M3U8 bulundu: https://corestream.siteyaptim.live//bein3/tracks-v1a1/mono.m3u8
2026-08-04 21:13:53,592 [INFO] Capturing response: https://global.siteyaptim.live/bein3/tracks-v1a1/2026/08/04/21/12/18-05000.jpg 200 
2026-08-04 21:13:54,231 [INFO] 
[4/14]
2026-08-04 21:13:54,231 [INFO] 🔍 beIN Sports 4 → https://www.atomsportv510.top/matches?id=bein-sports-4
2026-08-04 21:13:54,343 [INFO] Capturing request: https://www.atomsportv510.top/matches?id=bein-sports-4
2026-08-04 21:13:54,649 [INFO] Capturing response: https://www.atomsportv510.top/matches?id=bein-sports-4 200 
2026-08-04 21:13:54,680 [INFO] Capturing request: https://streamsport365.com/cinema
2026-08-04 21:13:54,781 [INFO] Capturing request: https://www.atomsportv510.top/favicon.ico
2026-08-04 21:13:54,781 [INFO] Capturing request: https://teletv5.top/load/yayinlink.php?id=bein-sports-4
2026-08-04 21:13:54,827 [INFO] Capturing response: https://www.atomsportv510.top/favicon.ico 200 
2026-08-04 21:13:54,995 [INFO] Capturing response: https://teletv5.top/load/yayinlink.php?id=bein-sports-4 200 
2026-08-04 21:13:55,047 [INFO] Capturing response: https://streamsport365.com/cinema 200 
2026-08-04 21:13:55,157 [INFO] Capturing request: https://www.atomsportv510.top/assets/img/player/player_logo_6a5f6c9cb38e0.png
2026-08-04 21:13:55,167 [INFO] Capturing request: https://corestream.siteyaptim.live//bein4/tracks-v1a1/mono.m3u8
2026-08-04 21:13:55,280 [INFO] Capturing response: https://www.atomsportv510.top/assets/img/player/player_logo_6a5f6c9cb38e0.png 304 
2026-08-04 21:13:55,351 [INFO] Capturing response: https://corestream.siteyaptim.live//bein4/tracks-v1a1/mono.m3u8 200 
2026-08-04 21:13:55,501 [INFO] Capturing request: https://global.siteyaptim.live/bein4/tracks-v1a1/2026/08/04/21/13/21-10000.jpg
2026-08-04 21:13:57,163 [INFO] Capturing response: https://global.siteyaptim.live/bein4/tracks-v1a1/2026/08/04/21/13/21-10000.jpg 200 
2026-08-04 21:13:57,452 [INFO] Capturing request: https://global.siteyaptim.live/bein4/tracks-v1a1/2026/08/04/21/13/31-10000.jpg
2026-08-04 21:13:57,695 [INFO]   ✅ M3U8 bulundu: https://corestream.siteyaptim.live//bein4/tracks-v1a1/mono.m3u8
2026-08-04 21:13:58,431 [INFO] Capturing response: https://global.siteyaptim.live/bein4/tracks-v1a1/2026/08/04/21/13/31-10000.jpg 200 
2026-08-04 21:13:58,696 [INFO] 
[5/14]
2026-08-04 21:13:58,696 [INFO] 🔍 beIN Sports 5 → https://www.atomsportv510.top/matches?id=bein-sports-5
2026-08-04 21:13:58,734 [INFO] Capturing request: https://global.siteyaptim.live/bein4/tracks-v1a1/2026/08/04/21/13/41-10000.jpg
2026-08-04 21:13:58,807 [INFO] Capturing request: https://www.atomsportv510.top/matches?id=bein-sports-5
2026-08-04 21:13:59,106 [INFO] Capturing response: https://www.atomsportv510.top/matches?id=bein-sports-5 200 
2026-08-04 21:13:59,242 [INFO] Capturing request: https://teletv5.top/load/yayinlink.php?id=bein-sports-5
2026-08-04 21:13:59,244 [INFO] Capturing request: https://www.atomsportv510.top/favicon.ico
2026-08-04 21:13:59,295 [INFO] Capturing response: https://www.atomsportv510.top/favicon.ico 200 
2026-08-04 21:13:59,413 [INFO] Capturing request: https://streamsport365.com/cinema
2026-08-04 21:13:59,470 [INFO] Capturing response: https://teletv5.top/load/yayinlink.php?id=bein-sports-5 200 
2026-08-04 21:13:59,673 [INFO] Capturing response: https://global.siteyaptim.live/bein4/tracks-v1a1/2026/08/04/21/13/41-10000.jpg 200 
2026-08-04 21:13:59,745 [INFO] 127.0.0.1:41468: ProtocolException("Error in HTTP connection: Http2ZombieException('Connection or stream already dead: 1785878039.7446313, False')")
2026-08-04 21:13:59,783 [INFO] Capturing response: https://streamsport365.com/cinema 200 
2026-08-04 21:13:59,893 [INFO] Capturing request: https://www.atomsportv510.top/assets/img/player/player_logo_6a5f6c9cb38e0.png
2026-08-04 21:13:59,904 [INFO] Capturing request: https://corestream.siteyaptim.live//bein5/tracks-v1a1/mono.m3u8
2026-08-04 21:14:00,017 [INFO] Capturing response: https://www.atomsportv510.top/assets/img/player/player_logo_6a5f6c9cb38e0.png 304 
2026-08-04 21:14:00,086 [INFO] Capturing response: https://corestream.siteyaptim.live//bein5/tracks-v1a1/mono.m3u8 200 
2026-08-04 21:14:00,197 [INFO] Capturing request: https://global.siteyaptim.live/bein5/tracks-v1a1/2026/08/04/21/13/24-10000.jpg
2026-08-04 21:14:01,324 [INFO] Capturing response: https://global.siteyaptim.live/bein5/tracks-v1a1/2026/08/04/21/13/24-10000.jpg 200 
2026-08-04 21:14:01,669 [INFO] Capturing request: https://global.siteyaptim.live/bein5/tracks-v1a1/2026/08/04/21/13/34-10000.jpg
2026-08-04 21:14:02,161 [INFO]   ✅ M3U8 bulundu: https://corestream.siteyaptim.live//bein5/tracks-v1a1/mono.m3u8
2026-08-04 21:14:02,834 [INFO] Capturing response: https://global.siteyaptim.live/bein5/tracks-v1a1/2026/08/04/21/13/34-10000.jpg 200 
2026-08-04 21:14:03,162 [INFO] 
[6/14]
2026-08-04 21:14:03,162 [INFO] 🔍 beIN Sports Max 1 → https://www.atomsportv510.top/matches?id=bein-sports-max-1
2026-08-04 21:14:03,163 [INFO] Capturing request: https://global.siteyaptim.live/bein5/tracks-v1a1/2026/08/04/21/13/44-10000.jpg
2026-08-04 21:14:03,275 [INFO] Capturing request: https://www.atomsportv510.top/matches?id=bein-sports-max-1
2026-08-04 21:14:03,575 [INFO] Capturing response: https://www.atomsportv510.top/matches?id=bein-sports-max-1 200 
2026-08-04 21:14:03,604 [INFO] Capturing request: https://streamsport365.com/cinema
2026-08-04 21:14:03,703 [INFO] Capturing request: https://teletv5.top/load/yayinlink.php?id=bein-sports-max-1
2026-08-04 21:14:03,709 [INFO] Capturing request: https://www.atomsportv510.top/favicon.ico
2026-08-04 21:14:03,758 [INFO] Capturing response: https://www.atomsportv510.top/favicon.ico 200 
2026-08-04 21:14:03,914 [INFO] Capturing response: https://teletv5.top/load/yayinlink.php?id=bein-sports-max-1 200 
2026-08-04 21:14:03,978 [INFO] Capturing response: https://streamsport365.com/cinema 200 
2026-08-04 21:14:04,089 [INFO] Capturing request: https://www.atomsportv510.top/assets/img/player/player_logo_6a5f6c9cb38e0.png
2026-08-04 21:14:04,099 [INFO] Capturing request: https://corestream.siteyaptim.live//trtspor/tracks-v1a1/mono.m3u8
2026-08-04 21:14:04,211 [INFO] Capturing response: https://www.atomsportv510.top/assets/img/player/player_logo_6a5f6c9cb38e0.png 304 
2026-08-04 21:14:04,290 [INFO] Capturing response: https://corestream.siteyaptim.live//trtspor/tracks-v1a1/mono.m3u8 404 
2026-08-04 21:14:05,119 [INFO] Capturing response: https://global.siteyaptim.live/bein5/tracks-v1a1/2026/08/04/21/13/44-10000.jpg 200 
2026-08-04 21:14:05,236 [INFO] 127.0.0.1:41468: ProtocolException("Error in HTTP connection: Http2ZombieException('Connection or stream already dead: 1785878045.2358837, False')")
2026-08-04 21:14:06,454 [INFO] Capturing request: https://corestream.siteyaptim.live//trtspor/tracks-v1a1/mono.m3u8
2026-08-04 21:14:06,623 [INFO]   ✅ M3U8 bulundu: https://corestream.siteyaptim.live//trtspor/tracks-v1a1/mono.m3u8
2026-08-04 21:14:06,627 [INFO] Capturing response: https://corestream.siteyaptim.live//trtspor/tracks-v1a1/mono.m3u8 404 
2026-08-04 21:14:06,921 [INFO] Capturing request: https://android.clients.google.com/c2dm/register3
2026-08-04 21:14:06,955 [INFO] Capturing response: https://android.clients.google.com/c2dm/register3 301 
2026-08-04 21:14:07,624 [INFO] 
[7/14]
2026-08-04 21:14:07,624 [INFO] 🔍 beIN Sports Max 2 → https://www.atomsportv510.top/matches?id=bein-sports-max-2
2026-08-04 21:14:07,734 [INFO] Capturing request: https://www.atomsportv510.top/matches?id=bein-sports-max-2
2026-08-04 21:14:08,027 [INFO] Capturing response: https://www.atomsportv510.top/matches?id=bein-sports-max-2 200 
2026-08-04 21:14:08,160 [INFO] Capturing request: https://teletv5.top/load/yayinlink.php?id=bein-sports-max-2
2026-08-04 21:14:08,162 [INFO] Capturing request: https://www.atomsportv510.top/favicon.ico
2026-08-04 21:14:08,317 [INFO] Capturing request: https://streamsport365.com/cinema
2026-08-04 21:14:08,378 [INFO] Capturing response: https://teletv5.top/load/yayinlink.php?id=bein-sports-max-2 200 
2026-08-04 21:14:08,391 [INFO] Capturing response: https://www.atomsportv510.top/favicon.ico 200 
2026-08-04 21:14:08,690 [INFO] Capturing response: https://streamsport365.com/cinema 200 
2026-08-04 21:14:08,801 [INFO] Capturing request: https://www.atomsportv510.top/assets/img/player/player_logo_6a5f6c9cb38e0.png
2026-08-04 21:14:08,810 [INFO] Capturing request: https://corestream.siteyaptim.live//hls/s-sport.m3u8
2026-08-04 21:14:08,927 [INFO] Capturing response: https://www.atomsportv510.top/assets/img/player/player_logo_6a5f6c9cb38e0.png 304 
2026-08-04 21:14:08,996 [INFO] Capturing response: https://corestream.siteyaptim.live//hls/s-sport.m3u8 404 
2026-08-04 21:14:11,083 [INFO]   ✅ M3U8 bulundu: https://corestream.siteyaptim.live//hls/s-sport.m3u8
2026-08-04 21:14:11,153 [INFO] Capturing request: https://corestream.siteyaptim.live//hls/s-sport.m3u8
2026-08-04 21:14:11,330 [INFO] Capturing response: https://corestream.siteyaptim.live//hls/s-sport.m3u8 404 
2026-08-04 21:14:12,083 [INFO] 
[8/14]
2026-08-04 21:14:12,083 [INFO] 🔍 S Sport → https://www.atomsportv510.top/matches?id=s-sport
2026-08-04 21:14:12,192 [INFO] Capturing request: https://www.atomsportv510.top/matches?id=s-sport
2026-08-04 21:14:12,517 [INFO] Capturing response: https://www.atomsportv510.top/matches?id=s-sport 200 
2026-08-04 21:14:12,547 [INFO] Capturing request: https://streamsport365.com/cinema
2026-08-04 21:14:12,647 [INFO] Capturing request: https://www.atomsportv510.top/favicon.ico
2026-08-04 21:14:12,648 [INFO] Capturing request: https://teletv5.top/load/yayinlink.php?id=s-sport
2026-08-04 21:14:12,695 [INFO] Capturing response: https://www.atomsportv510.top/favicon.ico 200 
2026-08-04 21:14:12,873 [INFO] Capturing response: https://teletv5.top/load/yayinlink.php?id=s-sport 200 
2026-08-04 21:14:12,923 [INFO] Capturing response: https://streamsport365.com/cinema 200 
2026-08-04 21:14:13,033 [INFO] Capturing request: https://www.atomsportv510.top/assets/img/player/player_logo_6a5f6c9cb38e0.png
2026-08-04 21:14:13,041 [INFO] Capturing request: https://corestream.siteyaptim.live//s-sport/tracks-v1a1/mono.m3u8
2026-08-04 21:14:13,155 [INFO] Capturing response: https://www.atomsportv510.top/assets/img/player/player_logo_6a5f6c9cb38e0.png 304 
2026-08-04 21:14:13,221 [INFO] Capturing response: https://corestream.siteyaptim.live//s-sport/tracks-v1a1/mono.m3u8 200 
2026-08-04 21:14:13,332 [INFO] Capturing request: https://global.siteyaptim.live/s-sport/tracks-v1a1/2026/08/04/21/13/56-10000.jpg
2026-08-04 21:14:13,960 [INFO] Capturing response: https://global.siteyaptim.live/s-sport/tracks-v1a1/2026/08/04/21/13/56-10000.jpg 200 
2026-08-04 21:14:14,195 [INFO] Capturing request: https://global.siteyaptim.live/s-sport/tracks-v1a1/2026/08/04/21/14/06-10000.jpg
2026-08-04 21:14:14,771 [INFO] Capturing response: https://global.siteyaptim.live/s-sport/tracks-v1a1/2026/08/04/21/14/06-10000.jpg 200 
2026-08-04 21:14:15,001 [INFO] Capturing request: https://global.siteyaptim.live/s-sport/tracks-v1a1/2026/08/04/21/14/16-10000.jpg
2026-08-04 21:14:15,569 [INFO]   ✅ M3U8 bulundu: https://corestream.siteyaptim.live//s-sport/tracks-v1a1/mono.m3u8
2026-08-04 21:14:15,726 [INFO] Capturing response: https://global.siteyaptim.live/s-sport/tracks-v1a1/2026/08/04/21/14/16-10000.jpg 200 
2026-08-04 21:14:16,570 [INFO] 
[9/14]
2026-08-04 21:14:16,570 [INFO] 🔍 S Sport 2 → https://www.atomsportv510.top/matches?id=s-sport-2
2026-08-04 21:14:16,681 [INFO] Capturing request: https://www.atomsportv510.top/matches?id=s-sport-2
2026-08-04 21:14:16,985 [INFO] Capturing response: https://www.atomsportv510.top/matches?id=s-sport-2 200 
2026-08-04 21:14:17,114 [INFO] Capturing request: https://teletv5.top/load/yayinlink.php?id=s-sport-2
2026-08-04 21:14:17,116 [INFO] Capturing request: https://www.atomsportv510.top/favicon.ico
2026-08-04 21:14:17,171 [INFO] Capturing response: https://www.atomsportv510.top/favicon.ico 200 
2026-08-04 21:14:17,275 [INFO] Capturing request: https://streamsport365.com/cinema
2026-08-04 21:14:17,327 [INFO] Capturing response: https://teletv5.top/load/yayinlink.php?id=s-sport-2 200 
2026-08-04 21:14:17,649 [INFO] Capturing response: https://streamsport365.com/cinema 200 
2026-08-04 21:14:17,759 [INFO] Capturing request: https://www.atomsportv510.top/assets/img/player/player_logo_6a5f6c9cb38e0.png
2026-08-04 21:14:17,770 [INFO] Capturing request: https://corestream.siteyaptim.live//s-sport2/tracks-v1a1/mono.m3u8
2026-08-04 21:14:17,886 [INFO] Capturing response: https://www.atomsportv510.top/assets/img/player/player_logo_6a5f6c9cb38e0.png 304 
2026-08-04 21:14:17,946 [INFO] Capturing response: https://corestream.siteyaptim.live//s-sport2/tracks-v1a1/mono.m3u8 200 
2026-08-04 21:14:18,095 [INFO] Capturing request: https://global.siteyaptim.live/s-sport2/tracks-v1a1/2026/08/04/21/15/25-10000.jpg
2026-08-04 21:14:18,978 [INFO] Capturing response: https://global.siteyaptim.live/s-sport2/tracks-v1a1/2026/08/04/21/15/25-10000.jpg 200 
2026-08-04 21:14:19,274 [INFO] Capturing request: https://global.siteyaptim.live/s-sport2/tracks-v1a1/2026/08/04/21/15/35-10000.jpg
2026-08-04 21:14:20,033 [INFO]   ✅ M3U8 bulundu: https://corestream.siteyaptim.live//s-sport2/tracks-v1a1/mono.m3u8
2026-08-04 21:14:20,037 [INFO] Capturing response: https://global.siteyaptim.live/s-sport2/tracks-v1a1/2026/08/04/21/15/35-10000.jpg 200 
2026-08-04 21:14:20,292 [INFO] Capturing request: https://global.siteyaptim.live/s-sport2/tracks-v1a1/2026/08/04/21/15/45-10000.jpg
2026-08-04 21:14:20,915 [INFO] Capturing response: https://global.siteyaptim.live/s-sport2/tracks-v1a1/2026/08/04/21/15/45-10000.jpg 200 
2026-08-04 21:14:21,033 [INFO] 
[10/14]
2026-08-04 21:14:21,033 [INFO] 🔍 A Spor → https://www.atomsportv510.top/matches?id=a-spor
2026-08-04 21:14:21,156 [INFO] Capturing request: https://www.atomsportv510.top/matches?id=a-spor
2026-08-04 21:14:21,462 [INFO] Capturing response: https://www.atomsportv510.top/matches?id=a-spor 200 
2026-08-04 21:14:21,497 [INFO] Capturing request: https://streamsport365.com/cinema
2026-08-04 21:14:21,592 [INFO] Capturing request: https://teletv5.top/load/yayinlink.php?id=a-spor
2026-08-04 21:14:21,599 [INFO] Capturing request: https://www.atomsportv510.top/favicon.ico
2026-08-04 21:14:21,644 [INFO] Capturing response: https://www.atomsportv510.top/favicon.ico 200 
2026-08-04 21:14:21,808 [INFO] Capturing response: https://teletv5.top/load/yayinlink.php?id=a-spor 200 
2026-08-04 21:14:21,878 [INFO] Capturing response: https://streamsport365.com/cinema 200 
2026-08-04 21:14:21,989 [INFO] Capturing request: https://www.atomsportv510.top/assets/img/player/player_logo_6a5f6c9cb38e0.png
2026-08-04 21:14:21,998 [INFO] Capturing request: https://corestream.siteyaptim.live//aspor/tracks-v1a1/mono.m3u8
2026-08-04 21:14:22,120 [INFO] Capturing response: https://www.atomsportv510.top/assets/img/player/player_logo_6a5f6c9cb38e0.png 304 
2026-08-04 21:14:22,190 [INFO] Capturing response: https://corestream.siteyaptim.live//aspor/tracks-v1a1/mono.m3u8 404 
2026-08-04 21:14:24,308 [INFO] Capturing request: https://corestream.siteyaptim.live//aspor/tracks-v1a1/mono.m3u8
2026-08-04 21:14:24,483 [INFO] Capturing response: https://corestream.siteyaptim.live//aspor/tracks-v1a1/mono.m3u8 404 
2026-08-04 21:14:24,508 [INFO]   ✅ M3U8 bulundu: https://corestream.siteyaptim.live//aspor/tracks-v1a1/mono.m3u8
2026-08-04 21:14:25,508 [INFO] 
[11/14]
2026-08-04 21:14:25,508 [INFO] 🔍 Tivibu Spor 1 → https://www.atomsportv510.top/matches?id=tivibu-spor-1
2026-08-04 21:14:25,617 [INFO] Capturing request: https://www.atomsportv510.top/matches?id=tivibu-spor-1
2026-08-04 21:14:25,913 [INFO] Capturing response: https://www.atomsportv510.top/matches?id=tivibu-spor-1 200 
2026-08-04 21:14:26,042 [INFO] Capturing request: https://teletv5.top/load/yayinlink.php?id=tivibu-spor-1
2026-08-04 21:14:26,046 [INFO] Capturing request: https://www.atomsportv510.top/favicon.ico
2026-08-04 21:14:26,088 [INFO] Capturing response: https://www.atomsportv510.top/favicon.ico 200 
2026-08-04 21:14:26,200 [INFO] Capturing request: https://streamsport365.com/cinema
2026-08-04 21:14:26,253 [INFO] Capturing response: https://teletv5.top/load/yayinlink.php?id=tivibu-spor-1 200 
2026-08-04 21:14:26,573 [INFO] Capturing response: https://streamsport365.com/cinema 200 
2026-08-04 21:14:40,126 [INFO] Capturing request: https://update.googleapis.com/service/update2/json?cup2key=16:U_rdsAtQhytzPYCnORJAq4i7jKxYCotQGXEj8D-cTIU&cup2hreq=de19100100bf6450d00f174112bbd4b9f60ed0d447d5ea761b9559ee6c81cbe5
2026-08-04 21:14:40,152 [INFO] Capturing response: https://update.googleapis.com/service/update2/json?cup2key=16:U_rdsAtQhytzPYCnORJAq4i7jKxYCotQGXEj8D-cTIU&cup2hreq=de19100100bf6450d00f174112bbd4b9f60ed0d447d5ea761b9559ee6c81cbe5 200 
2026-08-04 21:14:40,158 [INFO] Capturing request: http://edgedl.me.gvt1.com/edgedl/diffgen-puffin/gcmjkmgdlgnkkcocmoeiminaijmmjnii/6ca5bdb9f3e2cd83b7e359729bc6c33c4fe975ec499861d969b3e080320849ff
2026-08-04 21:14:40,266 [INFO] Capturing response: http://edgedl.me.gvt1.com/edgedl/diffgen-puffin/gcmjkmgdlgnkkcocmoeiminaijmmjnii/6ca5bdb9f3e2cd83b7e359729bc6c33c4fe975ec499861d969b3e080320849ff 200 OK
2026-08-04 21:14:40,299 [INFO] Capturing request: https://update.googleapis.com/service/update2/json
2026-08-04 21:14:40,322 [INFO] Capturing response: https://update.googleapis.com/service/update2/json 200 
2026-08-04 21:14:40,367 [INFO] Capturing request: http://edgedl.me.gvt1.com/edgedl/release2/chrome_component/acoeejca3x5ln4o52gd7grzzsarq_10694/hfnkpimlhhgieaddgfemjhofmfblmnib_10694_all_kvowko2wu72iqhlsrwmufpo4ma.crx3
2026-08-04 21:14:40,518 [INFO] Capturing response: http://edgedl.me.gvt1.com/edgedl/release2/chrome_component/acoeejca3x5ln4o52gd7grzzsarq_10694/hfnkpimlhhgieaddgfemjhofmfblmnib_10694_all_kvowko2wu72iqhlsrwmufpo4ma.crx3 200 OK
2026-08-04 21:14:40,548 [INFO] Capturing request: https://update.googleapis.com/service/update2/json
2026-08-04 21:14:40,568 [INFO] Capturing response: https://update.googleapis.com/service/update2/json 200 
2026-08-04 21:14:51,576 [INFO] Capturing request: https://android.clients.google.com/c2dm/register3
2026-08-04 21:14:51,602 [INFO] Capturing response: https://android.clients.google.com/c2dm/register3 301 
2026-08-04 21:14:59,228 [WARNING]   ❌ Tivibu Spor 1 için M3U8 bulunamadı
2026-08-04 21:15:00,228 [INFO] 
[12/14]
2026-08-04 21:15:00,228 [INFO] 🔍 Tivibu Spor 2 → https://www.atomsportv510.top/matches?id=tivibu-spor-2
2026-08-04 21:15:00,378 [INFO] Capturing request: https://www.atomsportv510.top/matches?id=tivibu-spor-2
2026-08-04 21:15:01,404 [INFO] Capturing response: https://www.atomsportv510.top/matches?id=tivibu-spor-2 200 
2026-08-04 21:15:01,568 [INFO] Capturing request: https://www.atomsportv510.top/favicon.ico
2026-08-04 21:15:01,608 [INFO] Capturing request: https://teletv5.top/load/yayinlink.php?id=tivibu-spor-2
2026-08-04 21:15:01,637 [INFO] Capturing response: https://www.atomsportv510.top/favicon.ico 200 
2026-08-04 21:15:01,833 [INFO] Capturing response: https://teletv5.top/load/yayinlink.php?id=tivibu-spor-2 200 
2026-08-04 21:15:02,242 [INFO] Capturing request: https://streamsport365.com/cinema
2026-08-04 21:15:02,600 [INFO] Capturing response: https://streamsport365.com/cinema 200 
2026-08-04 21:15:34,715 [WARNING]   ❌ Tivibu Spor 2 için M3U8 bulunamadı
2026-08-04 21:15:35,715 [INFO] 
[13/14]
2026-08-04 21:15:35,716 [INFO] 🔍 Tivibu Spor 3 → https://www.atomsportv510.top/matches?id=tivibu-spor-3
2026-08-04 21:15:35,824 [INFO] Capturing request: https://www.atomsportv510.top/matches?id=tivibu-spor-3
2026-08-04 21:15:36,416 [INFO] Capturing response: https://www.atomsportv510.top/matches?id=tivibu-spor-3 200 
2026-08-04 21:15:36,554 [INFO] Capturing request: https://www.atomsportv510.top/favicon.ico
2026-08-04 21:15:36,554 [INFO] Capturing request: https://teletv5.top/load/yayinlink.php?id=tivibu-spor-3
2026-08-04 21:15:36,606 [INFO] Capturing response: https://www.atomsportv510.top/favicon.ico 200 
2026-08-04 21:15:36,715 [INFO] Capturing request: https://streamsport365.com/cinema
2026-08-04 21:15:36,788 [INFO] Capturing response: https://teletv5.top/load/yayinlink.php?id=tivibu-spor-3 200 
2026-08-04 21:15:37,095 [INFO] Capturing response: https://streamsport365.com/cinema 200 
2026-08-04 21:16:09,699 [WARNING]   ❌ Tivibu Spor 3 için M3U8 bulunamadı
2026-08-04 21:16:10,699 [INFO] 
[14/14]
2026-08-04 21:16:10,700 [INFO] 🔍 Tivibu Spor 4 → https://www.atomsportv510.top/matches?id=tivibu-spor-4
2026-08-04 21:16:10,810 [INFO] Capturing request: https://www.atomsportv510.top/matches?id=tivibu-spor-4
2026-08-04 21:16:11,363 [INFO] Capturing response: https://www.atomsportv510.top/matches?id=tivibu-spor-4 200 
2026-08-04 21:16:11,497 [INFO] Capturing request: https://teletv5.top/load/yayinlink.php?id=tivibu-spor-4
2026-08-04 21:16:11,502 [INFO] Capturing request: https://www.atomsportv510.top/favicon.ico
2026-08-04 21:16:11,525 [INFO] Capturing response: https://teletv5.top/load/yayinlink.php?id=tivibu-spor-4 200 
2026-08-04 21:16:11,540 [INFO] Capturing response: https://www.atomsportv510.top/favicon.ico 200 
2026-08-04 21:16:11,660 [INFO] Capturing request: https://streamsport365.com/cinema
2026-08-04 21:16:12,037 [INFO] Capturing response: https://streamsport365.com/cinema 200 
2026-08-04 21:16:28,295 [INFO] Capturing request: https://android.clients.google.com/c2dm/register3
2026-08-04 21:16:28,321 [INFO] Capturing response: https://android.clients.google.com/c2dm/register3 301 
2026-08-04 21:16:44,650 [WARNING]   ❌ Tivibu Spor 4 için M3U8 bulunamadı
2026-08-04 21:16:45,716 [INFO] ✅ 10 kanal bulundu, playlist.m3u kaydedildi
