2026-08-20 17:59:24,943 [INFO] 🌐 BASE_URL: https://www.atomsportv513.top
2026-08-20 17:59:25,829 [INFO] Başlanıyor... 14 kanal taranacak
2026-08-20 17:59:25,829 [INFO] Using default request storage
2026-08-20 17:59:25,834 [INFO] Created proxy listening on 127.0.0.1:39637
2026-08-20 17:59:26,514 [INFO] Capturing request: http://clients2.google.com/time/1/current?cup2key=10:TxR0CKYn70mRV0ZV4gGtiGWL89sAnz4aILRRH6ewx28&cup2hreq=e3b0c44298fc1c149afbf4c8996fb92427ae41e4649b934ca495991b7852b855
2026-08-20 17:59:26,581 [INFO] Capturing response: http://clients2.google.com/time/1/current?cup2key=10:TxR0CKYn70mRV0ZV4gGtiGWL89sAnz4aILRRH6ewx28&cup2hreq=e3b0c44298fc1c149afbf4c8996fb92427ae41e4649b934ca495991b7852b855 200 OK
2026-08-20 17:59:26,794 [INFO] 
[1/14]
2026-08-20 17:59:26,795 [INFO] 🔍 beIN Sports 1 → https://www.atomsportv513.top/matches?id=bein-sports-1
2026-08-20 17:59:26,910 [INFO] Capturing request: https://update.googleapis.com/service/update2/json?cup2key=16:YrABeg025gu0EVBjLmxQCkM4Qy3UqqjVXPS3OkkSc_I&cup2hreq=0c7d6f9caef0677d9887c70ff4b07730ef38f5b4fe5cf951c9544d64227aeb49
2026-08-20 17:59:26,911 [INFO] Capturing request: https://accounts.google.com/ListAccounts?gpsia=1&source=ChromiumBrowser&json=standard&laf=b64bin
2026-08-20 17:59:27,006 [INFO] Capturing response: https://update.googleapis.com/service/update2/json?cup2key=16:YrABeg025gu0EVBjLmxQCkM4Qy3UqqjVXPS3OkkSc_I&cup2hreq=0c7d6f9caef0677d9887c70ff4b07730ef38f5b4fe5cf951c9544d64227aeb49 200 
2026-08-20 17:59:27,008 [INFO] Capturing request: https://www.google.com/async/folae?async=_fmt:pb&udm=50&client_locale=en-US&client_country=ZZ
2026-08-20 17:59:27,017 [INFO] Capturing response: https://accounts.google.com/ListAccounts?gpsia=1&source=ChromiumBrowser&json=standard&laf=b64bin 200 
2026-08-20 17:59:27,047 [INFO] Capturing response: https://www.google.com/async/folae?async=_fmt:pb&udm=50&client_locale=en-US&client_country=ZZ 200 
2026-08-20 17:59:27,052 [INFO] Capturing request: https://update.googleapis.com/service/update2/json?cup2key=16:u8nA6rQsHajglRCV5FbBoSwbGpbx89qH4penD7npqLs&cup2hreq=f0a2748955b658711fb974145fe55df4128432d4547e9ee4e7b309e32b46fe70
2026-08-20 17:59:27,112 [INFO] Capturing response: https://update.googleapis.com/service/update2/json?cup2key=16:u8nA6rQsHajglRCV5FbBoSwbGpbx89qH4penD7npqLs&cup2hreq=f0a2748955b658711fb974145fe55df4128432d4547e9ee4e7b309e32b46fe70 200 
2026-08-20 17:59:27,117 [INFO] Capturing request: https://www.atomsportv513.top/matches?id=bein-sports-1
2026-08-20 17:59:27,157 [INFO] Capturing request: https://update.googleapis.com/service/update2/json?cup2key=16:P0fENHAKfmcoTFpBB_T2IdJXvLklSh5AOHQ0o8-oLtA&cup2hreq=b40823fa7a49be97b1e48785b030aa1ca19cc4c13f8a38b0da1a04fcf625e230
2026-08-20 17:59:27,218 [INFO] Capturing response: https://update.googleapis.com/service/update2/json?cup2key=16:P0fENHAKfmcoTFpBB_T2IdJXvLklSh5AOHQ0o8-oLtA&cup2hreq=b40823fa7a49be97b1e48785b030aa1ca19cc4c13f8a38b0da1a04fcf625e230 200 
2026-08-20 17:59:27,266 [INFO] Capturing request: https://www.google.com/async/folae?async=_fmt:pb&udm=50&client_locale=en-US&client_country=ZZ
2026-08-20 17:59:27,304 [INFO] Capturing response: https://www.google.com/async/folae?async=_fmt:pb&udm=50&client_locale=en-US&client_country=ZZ 200 
2026-08-20 17:59:27,664 [INFO] Capturing response: https://www.atomsportv513.top/matches?id=bein-sports-1 200 
2026-08-20 17:59:27,913 [INFO] Capturing request: https://cdn.jsdelivr.net/npm/@clappr/player@0.11.16/dist/clappr.min.js
2026-08-20 17:59:27,930 [INFO] Capturing request: https://cdn.jsdelivr.net/npm/@clappr/hlsjs-playback@1.8.3/dist/hlsjs-playback.min.js
2026-08-20 17:59:27,930 [INFO] Capturing request: https://cdn.jsdelivr.net/npm/level-selector/dist/level-selector.min.js
2026-08-20 17:59:27,987 [INFO] Capturing response: https://cdn.jsdelivr.net/npm/level-selector/dist/level-selector.min.js 200 
2026-08-20 17:59:28,118 [INFO] Capturing response: https://cdn.jsdelivr.net/npm/@clappr/player@0.11.16/dist/clappr.min.js 200 
2026-08-20 17:59:28,135 [INFO] Capturing response: https://cdn.jsdelivr.net/npm/@clappr/hlsjs-playback@1.8.3/dist/hlsjs-playback.min.js 200 
2026-08-20 17:59:28,330 [INFO] Capturing request: https://www.atomsportv513.top/favicon.ico
2026-08-20 17:59:28,420 [INFO] Capturing response: https://www.atomsportv513.top/favicon.ico 200 
2026-08-20 17:59:28,657 [INFO] Capturing request: https://teletv5.top/load/yayinlink.php?id=bein-sports-1
2026-08-20 17:59:28,890 [INFO] Capturing request: https://streamsport365.com/cinema
2026-08-20 17:59:29,197 [INFO] Capturing response: https://teletv5.top/load/yayinlink.php?id=bein-sports-1 200 
2026-08-20 17:59:29,225 [INFO] Capturing response: https://streamsport365.com/cinema 200 
2026-08-20 17:59:29,370 [INFO] Capturing request: https://www.atomsportv513.top/assets/img/player/player_logo_6a72b29dbcd89.png
2026-08-20 17:59:29,493 [INFO] Capturing response: https://www.atomsportv513.top/assets/img/player/player_logo_6a72b29dbcd89.png 200 
2026-08-20 17:59:29,703 [INFO] Capturing request: https://corestream.siteyaptim.live//beintv/tracks-v1a1/mono.m3u8
2026-08-20 17:59:29,987 [INFO] Capturing response: https://corestream.siteyaptim.live//beintv/tracks-v1a1/mono.m3u8 200 
2026-08-20 17:59:30,332 [INFO] Capturing request: https://global.siteyaptim.live/beintv/tracks-v1a1/2026/08/20/17/59/02-10000.jpg
2026-08-20 17:59:30,351 [INFO] Capturing request: https://android.clients.google.com/checkin
2026-08-20 17:59:30,562 [INFO] Capturing response: https://android.clients.google.com/checkin 200 
2026-08-20 17:59:30,614 [INFO] Capturing request: https://android.clients.google.com/c2dm/register3
2026-08-20 17:59:30,615 [INFO] Capturing request: https://android.clients.google.com/c2dm/register3
2026-08-20 17:59:30,618 [INFO] Capturing request: https://android.clients.google.com/c2dm/register3
2026-08-20 17:59:30,684 [INFO] Capturing response: https://android.clients.google.com/c2dm/register3 429 
2026-08-20 17:59:31,253 [INFO]   ✅ M3U8 bulundu: https://corestream.siteyaptim.live//beintv/tracks-v1a1/mono.m3u8
2026-08-20 17:59:31,431 [INFO] Capturing response: https://android.clients.google.com/c2dm/register3 200 
2026-08-20 17:59:31,500 [INFO] Capturing response: https://android.clients.google.com/c2dm/register3 200 
2026-08-20 17:59:32,253 [INFO] 
[2/14]
2026-08-20 17:59:32,253 [INFO] 🔍 beIN Sports 2 → https://www.atomsportv513.top/matches?id=bein-sports-2
2026-08-20 17:59:32,362 [INFO] Capturing request: https://www.atomsportv513.top/matches?id=bein-sports-2
2026-08-20 17:59:32,602 [INFO] Capturing response: https://www.atomsportv513.top/matches?id=bein-sports-2 200 
2026-08-20 17:59:32,654 [INFO] Capturing request: https://streamsport365.com/cinema
2026-08-20 17:59:32,753 [INFO] Capturing request: https://teletv5.top/load/yayinlink.php?id=bein-sports-2
2026-08-20 17:59:32,755 [INFO] Capturing request: https://www.atomsportv513.top/favicon.ico
2026-08-20 17:59:32,839 [INFO] Capturing response: https://www.atomsportv513.top/favicon.ico 200 
2026-08-20 17:59:32,957 [INFO] Capturing response: https://teletv5.top/load/yayinlink.php?id=bein-sports-2 200 
2026-08-20 17:59:32,984 [INFO] Capturing response: https://streamsport365.com/cinema 200 
2026-08-20 17:59:33,095 [INFO] Capturing request: https://www.atomsportv513.top/assets/img/player/player_logo_6a72b29dbcd89.png
2026-08-20 17:59:33,106 [INFO] Capturing request: https://corestream.siteyaptim.live//bein2/tracks-v1a1/mono.m3u8
2026-08-20 17:59:33,255 [INFO] Capturing response: https://www.atomsportv513.top/assets/img/player/player_logo_6a72b29dbcd89.png 304 
2026-08-20 17:59:33,330 [INFO] Capturing response: https://corestream.siteyaptim.live//bein2/tracks-v1a1/mono.m3u8 200 
2026-08-20 17:59:33,439 [INFO] Capturing request: https://global.siteyaptim.live/bein2/tracks-v1a1/2026/08/20/17/59/23-10000.jpg
2026-08-20 17:59:34,605 [INFO] Capturing response: https://global.siteyaptim.live/beintv/tracks-v1a1/2026/08/20/17/59/02-10000.jpg 200 
2026-08-20 17:59:35,667 [INFO]   ✅ M3U8 bulundu: https://corestream.siteyaptim.live//bein2/tracks-v1a1/mono.m3u8
2026-08-20 17:59:36,667 [INFO] 
[3/14]
2026-08-20 17:59:36,667 [INFO] 🔍 beIN Sports 3 → https://www.atomsportv513.top/matches?id=bein-sports-3
2026-08-20 17:59:36,775 [INFO] Capturing request: https://www.atomsportv513.top/matches?id=bein-sports-3
2026-08-20 17:59:37,016 [INFO] Capturing response: https://www.atomsportv513.top/matches?id=bein-sports-3 200 
2026-08-20 17:59:37,149 [INFO] Capturing request: https://teletv5.top/load/yayinlink.php?id=bein-sports-3
2026-08-20 17:59:37,150 [INFO] Capturing request: https://www.atomsportv513.top/favicon.ico
2026-08-20 17:59:37,202 [INFO] Capturing response: https://teletv5.top/load/yayinlink.php?id=bein-sports-3 200 
2026-08-20 17:59:37,225 [INFO] Capturing response: https://www.atomsportv513.top/favicon.ico 200 
2026-08-20 17:59:37,286 [INFO] Capturing request: https://streamsport365.com/cinema
2026-08-20 17:59:37,621 [INFO] Capturing response: https://streamsport365.com/cinema 200 
2026-08-20 17:59:37,731 [INFO] Capturing request: https://www.atomsportv513.top/assets/img/player/player_logo_6a72b29dbcd89.png
2026-08-20 17:59:37,740 [INFO] Capturing request: https://corestream.siteyaptim.live//bein3/tracks-v1a1/mono.m3u8
2026-08-20 17:59:37,888 [INFO] Capturing response: https://www.atomsportv513.top/assets/img/player/player_logo_6a72b29dbcd89.png 304 
2026-08-20 17:59:37,975 [INFO] Capturing response: https://corestream.siteyaptim.live//bein3/tracks-v1a1/mono.m3u8 200 
2026-08-20 17:59:38,085 [INFO] Capturing request: https://global.siteyaptim.live/bein3/tracks-v1a1/2026/08/20/17/59/09-10000.jpg
2026-08-20 17:59:40,058 [INFO]   ✅ M3U8 bulundu: https://corestream.siteyaptim.live//bein3/tracks-v1a1/mono.m3u8
2026-08-20 17:59:41,058 [INFO] 
[4/14]
2026-08-20 17:59:41,058 [INFO] 🔍 beIN Sports 4 → https://www.atomsportv513.top/matches?id=bein-sports-4
2026-08-20 17:59:41,111 [INFO] Capturing response: https://global.siteyaptim.live/bein2/tracks-v1a1/2026/08/20/17/59/23-10000.jpg 200 
2026-08-20 17:59:41,166 [INFO] Capturing request: https://www.atomsportv513.top/matches?id=bein-sports-4
2026-08-20 17:59:41,412 [INFO] Capturing response: https://www.atomsportv513.top/matches?id=bein-sports-4 200 
2026-08-20 17:59:41,466 [INFO] Capturing request: https://streamsport365.com/cinema
2026-08-20 17:59:41,563 [INFO] Capturing request: https://teletv5.top/load/yayinlink.php?id=bein-sports-4
2026-08-20 17:59:41,567 [INFO] Capturing request: https://www.atomsportv513.top/favicon.ico
2026-08-20 17:59:41,644 [INFO] Capturing response: https://www.atomsportv513.top/favicon.ico 200 
2026-08-20 17:59:41,796 [INFO] Capturing response: https://streamsport365.com/cinema 200 
2026-08-20 17:59:41,801 [INFO] Capturing response: https://teletv5.top/load/yayinlink.php?id=bein-sports-4 200 
2026-08-20 17:59:41,952 [INFO] Capturing request: https://www.atomsportv513.top/assets/img/player/player_logo_6a72b29dbcd89.png
2026-08-20 17:59:41,962 [INFO] Capturing request: https://corestream.siteyaptim.live//bein4/tracks-v1a1/mono.m3u8
2026-08-20 17:59:42,105 [INFO] Capturing response: https://www.atomsportv513.top/assets/img/player/player_logo_6a72b29dbcd89.png 304 
2026-08-20 17:59:42,268 [INFO] Capturing response: https://corestream.siteyaptim.live//bein4/tracks-v1a1/mono.m3u8 200 
2026-08-20 17:59:42,416 [INFO] Capturing request: https://global.siteyaptim.live/bein4/tracks-v1a1/2026/08/20/17/59/29-10000.jpg
2026-08-20 17:59:42,551 [INFO] Capturing response: https://global.siteyaptim.live/bein3/tracks-v1a1/2026/08/20/17/59/09-10000.jpg 200 
2026-08-20 17:59:44,478 [INFO]   ✅ M3U8 bulundu: https://corestream.siteyaptim.live//bein4/tracks-v1a1/mono.m3u8
2026-08-20 17:59:45,479 [INFO] 
[5/14]
2026-08-20 17:59:45,479 [INFO] 🔍 beIN Sports 5 → https://www.atomsportv513.top/matches?id=bein-sports-5
2026-08-20 17:59:45,588 [INFO] Capturing request: https://www.atomsportv513.top/matches?id=bein-sports-5
2026-08-20 17:59:45,597 [INFO] Capturing response: https://global.siteyaptim.live/bein4/tracks-v1a1/2026/08/20/17/59/29-10000.jpg 200 
2026-08-20 17:59:45,828 [INFO] Capturing response: https://www.atomsportv513.top/matches?id=bein-sports-5 200 
2026-08-20 17:59:45,840 [INFO] Capturing request: https://global.siteyaptim.live/bein4/tracks-v1a1/2026/08/20/17/59/39-10000.jpg
2026-08-20 17:59:45,959 [INFO] Capturing request: https://teletv5.top/load/yayinlink.php?id=bein-sports-5
2026-08-20 17:59:45,963 [INFO] Capturing request: https://www.atomsportv513.top/favicon.ico
2026-08-20 17:59:46,040 [INFO] Capturing response: https://www.atomsportv513.top/favicon.ico 200 
2026-08-20 17:59:46,101 [INFO] Capturing request: https://streamsport365.com/cinema
2026-08-20 17:59:46,158 [INFO] Capturing response: https://teletv5.top/load/yayinlink.php?id=bein-sports-5 200 
2026-08-20 17:59:46,430 [INFO] Capturing response: https://streamsport365.com/cinema 200 
2026-08-20 17:59:46,541 [INFO] Capturing request: https://www.atomsportv513.top/assets/img/player/player_logo_6a72b29dbcd89.png
2026-08-20 17:59:46,549 [INFO] Capturing request: https://corestream.siteyaptim.live//bein5/tracks-v1a1/mono.m3u8
2026-08-20 17:59:46,697 [INFO] Capturing response: https://www.atomsportv513.top/assets/img/player/player_logo_6a72b29dbcd89.png 304 
2026-08-20 17:59:46,766 [INFO] Capturing response: https://corestream.siteyaptim.live//bein5/tracks-v1a1/mono.m3u8 200 
2026-08-20 17:59:46,875 [INFO] Capturing request: https://global.siteyaptim.live/bein5/tracks-v1a1/2026/08/20/17/59/34-05640.jpg
2026-08-20 17:59:48,877 [INFO]   ✅ M3U8 bulundu: https://corestream.siteyaptim.live//bein5/tracks-v1a1/mono.m3u8
2026-08-20 17:59:49,877 [INFO] 
[6/14]
2026-08-20 17:59:49,877 [INFO] 🔍 beIN Sports Max 1 → https://www.atomsportv513.top/matches?id=bein-sports-max-1
2026-08-20 17:59:49,987 [INFO] Capturing request: https://www.atomsportv513.top/matches?id=bein-sports-max-1
2026-08-20 17:59:50,233 [INFO] Capturing response: https://www.atomsportv513.top/matches?id=bein-sports-max-1 200 
2026-08-20 17:59:50,266 [INFO] Capturing request: https://streamsport365.com/cinema
2026-08-20 17:59:50,350 [INFO] Capturing response: https://global.siteyaptim.live/bein4/tracks-v1a1/2026/08/20/17/59/39-10000.jpg 200 
2026-08-20 17:59:50,365 [INFO] Capturing request: https://www.atomsportv513.top/favicon.ico
2026-08-20 17:59:50,367 [INFO] Capturing request: https://teletv5.top/load/yayinlink.php?id=bein-sports-max-1
2026-08-20 17:59:50,444 [INFO] Capturing response: https://www.atomsportv513.top/favicon.ico 200 
2026-08-20 17:59:50,568 [INFO] Capturing response: https://teletv5.top/load/yayinlink.php?id=bein-sports-max-1 200 
2026-08-20 17:59:50,593 [INFO] Capturing response: https://streamsport365.com/cinema 200 
2026-08-20 17:59:50,720 [INFO] Capturing request: https://www.atomsportv513.top/assets/img/player/player_logo_6a72b29dbcd89.png
2026-08-20 17:59:50,730 [INFO] Capturing request: https://corestream.siteyaptim.live//beinmax1/tracks-v1a1/mono.m3u8
2026-08-20 17:59:50,877 [INFO] Capturing response: https://www.atomsportv513.top/assets/img/player/player_logo_6a72b29dbcd89.png 304 
2026-08-20 17:59:50,957 [INFO] Capturing response: https://corestream.siteyaptim.live//beinmax1/tracks-v1a1/mono.m3u8 404 
2026-08-20 17:59:52,957 [INFO] Capturing response: https://global.siteyaptim.live/bein5/tracks-v1a1/2026/08/20/17/59/34-05640.jpg 200 
2026-08-20 17:59:53,123 [INFO] Capturing request: https://corestream.siteyaptim.live//beinmax1/tracks-v1a1/mono.m3u8
2026-08-20 17:59:53,276 [INFO]   ✅ M3U8 bulundu: https://corestream.siteyaptim.live//beinmax1/tracks-v1a1/mono.m3u8
2026-08-20 17:59:53,338 [INFO] Capturing response: https://corestream.siteyaptim.live//beinmax1/tracks-v1a1/mono.m3u8 404 
2026-08-20 17:59:54,276 [INFO] 
[7/14]
2026-08-20 17:59:54,276 [INFO] 🔍 beIN Sports Max 2 → https://www.atomsportv513.top/matches?id=bein-sports-max-2
2026-08-20 17:59:54,384 [INFO] Capturing request: https://www.atomsportv513.top/matches?id=bein-sports-max-2
2026-08-20 17:59:54,658 [INFO] Capturing response: https://www.atomsportv513.top/matches?id=bein-sports-max-2 200 
2026-08-20 17:59:54,785 [INFO] Capturing request: https://teletv5.top/load/yayinlink.php?id=bein-sports-max-2
2026-08-20 17:59:54,787 [INFO] Capturing request: https://www.atomsportv513.top/favicon.ico
2026-08-20 17:59:54,868 [INFO] Capturing response: https://www.atomsportv513.top/favicon.ico 200 
2026-08-20 17:59:54,924 [INFO] Capturing request: https://streamsport365.com/cinema
2026-08-20 17:59:54,983 [INFO] Capturing response: https://teletv5.top/load/yayinlink.php?id=bein-sports-max-2 200 
2026-08-20 17:59:55,261 [INFO] Capturing response: https://streamsport365.com/cinema 200 
2026-08-20 17:59:55,371 [INFO] Capturing request: https://www.atomsportv513.top/assets/img/player/player_logo_6a72b29dbcd89.png
2026-08-20 17:59:55,381 [INFO] Capturing request: https://corestream.siteyaptim.live//beinmax2/tracks-v1a1/mono.m3u8
2026-08-20 17:59:55,533 [INFO] Capturing response: https://www.atomsportv513.top/assets/img/player/player_logo_6a72b29dbcd89.png 304 
2026-08-20 17:59:55,622 [INFO] Capturing response: https://corestream.siteyaptim.live//beinmax2/tracks-v1a1/mono.m3u8 404 
2026-08-20 17:59:57,697 [INFO]   ✅ M3U8 bulundu: https://corestream.siteyaptim.live//beinmax2/tracks-v1a1/mono.m3u8
2026-08-20 17:59:57,781 [INFO] Capturing request: https://corestream.siteyaptim.live//beinmax2/tracks-v1a1/mono.m3u8
2026-08-20 17:59:58,026 [INFO] Capturing response: https://corestream.siteyaptim.live//beinmax2/tracks-v1a1/mono.m3u8 404 
2026-08-20 17:59:58,698 [INFO] 
[8/14]
2026-08-20 17:59:58,698 [INFO] 🔍 S Sport → https://www.atomsportv513.top/matches?id=s-sport
2026-08-20 17:59:58,806 [INFO] Capturing request: https://www.atomsportv513.top/matches?id=s-sport
2026-08-20 17:59:59,201 [INFO] Capturing response: https://www.atomsportv513.top/matches?id=s-sport 200 
2026-08-20 17:59:59,234 [INFO] Capturing request: https://streamsport365.com/cinema
2026-08-20 17:59:59,335 [INFO] Capturing request: https://teletv5.top/load/yayinlink.php?id=s-sport
2026-08-20 17:59:59,335 [INFO] Capturing request: https://www.atomsportv513.top/favicon.ico
2026-08-20 17:59:59,430 [INFO] Capturing response: https://www.atomsportv513.top/favicon.ico 200 
2026-08-20 17:59:59,524 [INFO] Capturing response: https://teletv5.top/load/yayinlink.php?id=s-sport 200 
2026-08-20 17:59:59,569 [INFO] Capturing response: https://streamsport365.com/cinema 200 
2026-08-20 17:59:59,679 [INFO] Capturing request: https://www.atomsportv513.top/assets/img/player/player_logo_6a72b29dbcd89.png
2026-08-20 17:59:59,687 [INFO] Capturing request: https://corestream.siteyaptim.live//s-sport/tracks-v1a1/mono.m3u8
2026-08-20 17:59:59,760 [INFO] Capturing response: https://corestream.siteyaptim.live//s-sport/tracks-v1a1/mono.m3u8 200 
2026-08-20 17:59:59,838 [INFO] Capturing response: https://www.atomsportv513.top/assets/img/player/player_logo_6a72b29dbcd89.png 304 
2026-08-20 17:59:59,961 [INFO] Capturing request: https://ik.imagekit.io/sfsm7pli9/s-sport/tracks-v1a1/2026/08/20/17/59/45-06000.jpg
2026-08-20 18:00:01,080 [INFO] Capturing response: https://ik.imagekit.io/sfsm7pli9/s-sport/tracks-v1a1/2026/08/20/17/59/45-06000.jpg 200 
2026-08-20 18:00:01,296 [INFO] Capturing request: https://ik.imagekit.io/sfsm7pli9/s-sport/tracks-v1a1/2026/08/20/17/59/51-06000.jpg
2026-08-20 18:00:02,202 [INFO] Capturing response: https://ik.imagekit.io/sfsm7pli9/s-sport/tracks-v1a1/2026/08/20/17/59/51-06000.jpg 200 
2026-08-20 18:00:02,252 [INFO]   ✅ M3U8 bulundu: https://corestream.siteyaptim.live//s-sport/tracks-v1a1/mono.m3u8
2026-08-20 18:00:02,403 [INFO] Capturing request: https://ik.imagekit.io/sfsm7pli9/s-sport/tracks-v1a1/2026/08/20/17/59/57-06000.jpg
2026-08-20 18:00:03,252 [INFO] 
[9/14]
2026-08-20 18:00:03,253 [INFO] 🔍 S Sport 2 → https://www.atomsportv513.top/matches?id=s-sport-2
2026-08-20 18:00:03,364 [INFO] Capturing request: https://www.atomsportv513.top/matches?id=s-sport-2
2026-08-20 18:00:03,722 [INFO] Capturing response: https://ik.imagekit.io/sfsm7pli9/s-sport/tracks-v1a1/2026/08/20/17/59/57-06000.jpg 200 
2026-08-20 18:00:03,822 [INFO] Capturing response: https://www.atomsportv513.top/matches?id=s-sport-2 200 
2026-08-20 18:00:03,967 [INFO] Capturing request: https://teletv5.top/load/yayinlink.php?id=s-sport-2
2026-08-20 18:00:03,973 [INFO] Capturing request: https://www.atomsportv513.top/favicon.ico
2026-08-20 18:00:04,052 [INFO] Capturing response: https://www.atomsportv513.top/favicon.ico 200 
2026-08-20 18:00:04,108 [INFO] Capturing request: https://streamsport365.com/cinema
2026-08-20 18:00:04,175 [INFO] Capturing response: https://teletv5.top/load/yayinlink.php?id=s-sport-2 200 
2026-08-20 18:00:04,437 [INFO] Capturing response: https://streamsport365.com/cinema 200 
2026-08-20 18:00:04,548 [INFO] Capturing request: https://www.atomsportv513.top/assets/img/player/player_logo_6a72b29dbcd89.png
2026-08-20 18:00:04,556 [INFO] Capturing request: https://corestream.siteyaptim.live//s-sport2/tracks-v1a1/mono.m3u8
2026-08-20 18:00:04,703 [INFO] Capturing response: https://www.atomsportv513.top/assets/img/player/player_logo_6a72b29dbcd89.png 304 
2026-08-20 18:00:04,805 [INFO] Capturing response: https://corestream.siteyaptim.live//s-sport2/tracks-v1a1/mono.m3u8 200 
2026-08-20 18:00:04,955 [INFO] Capturing request: https://ik.imagekit.io/sfsm7pli9/s-sport2/tracks-v1a1/2026/08/20/17/59/32-10000.jpg
2026-08-20 18:00:06,768 [INFO] Capturing response: https://ik.imagekit.io/sfsm7pli9/s-sport2/tracks-v1a1/2026/08/20/17/59/32-10000.jpg 200 
2026-08-20 18:00:06,889 [INFO]   ✅ M3U8 bulundu: https://corestream.siteyaptim.live//s-sport2/tracks-v1a1/mono.m3u8
2026-08-20 18:00:07,017 [INFO] Capturing request: https://ik.imagekit.io/sfsm7pli9/s-sport2/tracks-v1a1/2026/08/20/17/59/42-10000.jpg
2026-08-20 18:00:07,890 [INFO] 
[10/14]
2026-08-20 18:00:07,891 [INFO] 🔍 A Spor → https://www.atomsportv513.top/matches?id=a-spor
2026-08-20 18:00:08,000 [INFO] Capturing request: https://www.atomsportv513.top/matches?id=a-spor
2026-08-20 18:00:08,242 [INFO] Capturing response: https://www.atomsportv513.top/matches?id=a-spor 200 
2026-08-20 18:00:08,278 [INFO] Capturing request: https://streamsport365.com/cinema
2026-08-20 18:00:08,375 [INFO] Capturing request: https://teletv5.top/load/yayinlink.php?id=a-spor
2026-08-20 18:00:08,377 [INFO] Capturing request: https://www.atomsportv513.top/favicon.ico
2026-08-20 18:00:08,458 [INFO] Capturing response: https://www.atomsportv513.top/favicon.ico 200 
2026-08-20 18:00:08,574 [INFO] Capturing response: https://teletv5.top/load/yayinlink.php?id=a-spor 200 
2026-08-20 18:00:08,617 [INFO] Capturing response: https://streamsport365.com/cinema 200 
2026-08-20 18:00:08,730 [INFO] Capturing request: https://www.atomsportv513.top/assets/img/player/player_logo_6a72b29dbcd89.png
2026-08-20 18:00:08,737 [INFO] Capturing request: https://corestream.siteyaptim.live//aspor/tracks-v1a1/mono.m3u8
2026-08-20 18:00:08,885 [INFO] Capturing response: https://www.atomsportv513.top/assets/img/player/player_logo_6a72b29dbcd89.png 304 
2026-08-20 18:00:08,897 [INFO] Capturing response: https://ik.imagekit.io/sfsm7pli9/s-sport2/tracks-v1a1/2026/08/20/17/59/42-10000.jpg 200 
2026-08-20 18:00:08,945 [INFO] Capturing response: https://corestream.siteyaptim.live//aspor/tracks-v1a1/mono.m3u8 200 
2026-08-20 18:00:08,959 [INFO] 127.0.0.1:44616: ProtocolException("Error in HTTP connection: Http2ZombieException('Connection or stream already dead: 1787248808.9595115, False')")
2026-08-20 18:00:09,095 [INFO] Capturing request: https://ik.imagekit.io/sfsm7pli9/aspor/tracks-v1a1/2026/08/20/18/01/04-10000.jpg
2026-08-20 18:00:11,292 [INFO]   ✅ M3U8 bulundu: https://corestream.siteyaptim.live//aspor/tracks-v1a1/mono.m3u8
2026-08-20 18:00:11,563 [INFO] Capturing response: https://ik.imagekit.io/sfsm7pli9/aspor/tracks-v1a1/2026/08/20/18/01/04-10000.jpg 200 
2026-08-20 18:00:11,854 [INFO] Capturing request: https://ik.imagekit.io/sfsm7pli9/aspor/tracks-v1a1/2026/08/20/18/01/14-10000.jpg
2026-08-20 18:00:12,292 [INFO] 
[11/14]
2026-08-20 18:00:12,292 [INFO] 🔍 Tivibu Spor 1 → https://www.atomsportv513.top/matches?id=tivibu-spor-1
2026-08-20 18:00:12,405 [INFO] Capturing request: https://www.atomsportv513.top/matches?id=tivibu-spor-1
2026-08-20 18:00:12,650 [INFO] Capturing response: https://www.atomsportv513.top/matches?id=tivibu-spor-1 200 
2026-08-20 18:00:12,786 [INFO] Capturing request: https://teletv5.top/load/yayinlink.php?id=tivibu-spor-1
2026-08-20 18:00:12,787 [INFO] Capturing request: https://www.atomsportv513.top/favicon.ico
2026-08-20 18:00:12,868 [INFO] Capturing response: https://www.atomsportv513.top/favicon.ico 200 
2026-08-20 18:00:12,924 [INFO] Capturing request: https://streamsport365.com/cinema
2026-08-20 18:00:12,984 [INFO] Capturing response: https://teletv5.top/load/yayinlink.php?id=tivibu-spor-1 200 
2026-08-20 18:00:13,255 [INFO] Capturing response: https://streamsport365.com/cinema 200 
2026-08-20 18:00:14,556 [INFO] Capturing response: https://ik.imagekit.io/sfsm7pli9/aspor/tracks-v1a1/2026/08/20/18/01/14-10000.jpg 200 
2026-08-20 18:00:26,511 [INFO] Capturing request: https://update.googleapis.com/service/update2/json?cup2key=16:UjjKhuLXTfA7IuGHCGoJhCHFNMcwov5irm1tc6LU_KE&cup2hreq=7e5cd4467bdb05ebf1ff4652276614742b4e4a773f2a693b1ad5cf9c8ae8b623
2026-08-20 18:00:26,572 [INFO] Capturing response: https://update.googleapis.com/service/update2/json?cup2key=16:UjjKhuLXTfA7IuGHCGoJhCHFNMcwov5irm1tc6LU_KE&cup2hreq=7e5cd4467bdb05ebf1ff4652276614742b4e4a773f2a693b1ad5cf9c8ae8b623 200 
2026-08-20 18:00:26,578 [INFO] Capturing request: http://edgedl.me.gvt1.com/edgedl/diffgen-puffin/gcmjkmgdlgnkkcocmoeiminaijmmjnii/6ca5bdb9f3e2cd83b7e359729bc6c33c4fe975ec499861d969b3e080320849ff
2026-08-20 18:00:26,635 [INFO] Capturing response: http://edgedl.me.gvt1.com/edgedl/diffgen-puffin/gcmjkmgdlgnkkcocmoeiminaijmmjnii/6ca5bdb9f3e2cd83b7e359729bc6c33c4fe975ec499861d969b3e080320849ff 200 OK
2026-08-20 18:00:26,662 [INFO] Capturing request: https://update.googleapis.com/service/update2/json
2026-08-20 18:00:26,720 [INFO] Capturing response: https://update.googleapis.com/service/update2/json 200 
2026-08-20 18:00:26,765 [INFO] Capturing request: http://edgedl.me.gvt1.com/edgedl/release2/chrome_component/ac3uqjtywtomf4pjcbarw5t4potq_10727/hfnkpimlhhgieaddgfemjhofmfblmnib_10727_all_acnjo3cgdftqo4p24xxw3nm2esdq.crx3
2026-08-20 18:00:26,837 [INFO] Capturing response: http://edgedl.me.gvt1.com/edgedl/release2/chrome_component/ac3uqjtywtomf4pjcbarw5t4potq_10727/hfnkpimlhhgieaddgfemjhofmfblmnib_10727_all_acnjo3cgdftqo4p24xxw3nm2esdq.crx3 200 OK
2026-08-20 18:00:26,881 [INFO] Capturing request: https://update.googleapis.com/service/update2/json
2026-08-20 18:00:26,932 [INFO] Capturing response: https://update.googleapis.com/service/update2/json 200 
2026-08-20 18:00:45,983 [WARNING]   ❌ Tivibu Spor 1 için M3U8 bulunamadı
2026-08-20 18:00:46,983 [INFO] 
[12/14]
2026-08-20 18:00:46,983 [INFO] 🔍 Tivibu Spor 2 → https://www.atomsportv513.top/matches?id=tivibu-spor-2
2026-08-20 18:00:47,205 [INFO] Capturing request: https://www.atomsportv513.top/matches?id=tivibu-spor-2
2026-08-20 18:00:47,879 [INFO] Capturing response: https://www.atomsportv513.top/matches?id=tivibu-spor-2 200 
2026-08-20 18:00:48,043 [INFO] Capturing request: https://www.atomsportv513.top/favicon.ico
2026-08-20 18:00:48,109 [INFO] Capturing request: https://teletv5.top/load/yayinlink.php?id=tivibu-spor-2
2026-08-20 18:00:48,157 [INFO] Capturing response: https://www.atomsportv513.top/favicon.ico 200 
2026-08-20 18:00:48,562 [INFO] Capturing response: https://teletv5.top/load/yayinlink.php?id=tivibu-spor-2 200 
2026-08-20 18:00:48,647 [INFO] Capturing request: https://streamsport365.com/cinema
2026-08-20 18:00:48,949 [INFO] Capturing response: https://streamsport365.com/cinema 200 
2026-08-20 18:01:21,184 [WARNING]   ❌ Tivibu Spor 2 için M3U8 bulunamadı
2026-08-20 18:01:22,184 [INFO] 
[13/14]
2026-08-20 18:01:22,184 [INFO] 🔍 Tivibu Spor 3 → https://www.atomsportv513.top/matches?id=tivibu-spor-3
2026-08-20 18:01:22,294 [INFO] Capturing request: https://www.atomsportv513.top/matches?id=tivibu-spor-3
2026-08-20 18:01:22,739 [INFO] Capturing response: https://www.atomsportv513.top/matches?id=tivibu-spor-3 200 
2026-08-20 18:01:22,869 [INFO] Capturing request: https://teletv5.top/load/yayinlink.php?id=tivibu-spor-3
2026-08-20 18:01:22,873 [INFO] Capturing request: https://www.atomsportv513.top/favicon.ico
2026-08-20 18:01:22,966 [INFO] Capturing response: https://www.atomsportv513.top/favicon.ico 200 
2026-08-20 18:01:23,010 [INFO] Capturing request: https://streamsport365.com/cinema
2026-08-20 18:01:23,117 [INFO] Capturing response: https://teletv5.top/load/yayinlink.php?id=tivibu-spor-3 200 
2026-08-20 18:01:23,336 [INFO] Capturing response: https://streamsport365.com/cinema 200 
2026-08-20 18:01:56,014 [WARNING]   ❌ Tivibu Spor 3 için M3U8 bulunamadı
2026-08-20 18:01:57,015 [INFO] 
[14/14]
2026-08-20 18:01:57,015 [INFO] 🔍 Tivibu Spor 4 → https://www.atomsportv513.top/matches?id=tivibu-spor-4
2026-08-20 18:01:57,123 [INFO] Capturing request: https://www.atomsportv513.top/matches?id=tivibu-spor-4
2026-08-20 18:01:57,572 [INFO] Capturing response: https://www.atomsportv513.top/matches?id=tivibu-spor-4 200 
2026-08-20 18:01:57,704 [INFO] Capturing request: https://teletv5.top/load/yayinlink.php?id=tivibu-spor-4
2026-08-20 18:01:57,709 [INFO] Capturing request: https://www.atomsportv513.top/favicon.ico
2026-08-20 18:01:57,792 [INFO] Capturing response: https://www.atomsportv513.top/favicon.ico 200 
2026-08-20 18:01:57,847 [INFO] Capturing request: https://streamsport365.com/cinema
2026-08-20 18:01:57,939 [INFO] Capturing response: https://teletv5.top/load/yayinlink.php?id=tivibu-spor-4 200 
2026-08-20 18:01:58,171 [INFO] Capturing response: https://streamsport365.com/cinema 200 
2026-08-20 18:02:30,850 [WARNING]   ❌ Tivibu Spor 4 için M3U8 bulunamadı
2026-08-20 18:02:31,917 [INFO] ✅ 10 kanal bulundu, playlist.m3u kaydedildi
