2026-08-10 09:23:41,467 [INFO] 🌐 BASE_URL: https://www.atomsportv512.top
2026-08-10 09:23:42,554 [INFO] Başlanıyor... 14 kanal taranacak
2026-08-10 09:23:42,554 [INFO] Using default request storage
2026-08-10 09:23:42,559 [INFO] Created proxy listening on 127.0.0.1:36667
2026-08-10 09:23:43,235 [INFO] Capturing request: http://clients2.google.com/time/1/current?cup2key=10:IngbMEfoC2191pLL4GFCPeTw7VvN0etepwjZGhEk9Z0&cup2hreq=e3b0c44298fc1c149afbf4c8996fb92427ae41e4649b934ca495991b7852b855
2026-08-10 09:23:43,269 [INFO] Capturing response: http://clients2.google.com/time/1/current?cup2key=10:IngbMEfoC2191pLL4GFCPeTw7VvN0etepwjZGhEk9Z0&cup2hreq=e3b0c44298fc1c149afbf4c8996fb92427ae41e4649b934ca495991b7852b855 200 OK
2026-08-10 09:23:43,452 [INFO] 
[1/14]
2026-08-10 09:23:43,452 [INFO] 🔍 beIN Sports 1 → https://www.atomsportv512.top/matches?id=bein-sports-1
2026-08-10 09:23:43,585 [INFO] Capturing request: https://update.googleapis.com/service/update2/json?cup2key=16:phwan7gg20HfAu35fIt_UVVygQK65GsqRVJMVphg2Y8&cup2hreq=528cace70030547bd61641b2869eb19871d9f141d98ef3048837e0a2e69f2e69
2026-08-10 09:23:43,594 [INFO] Capturing request: https://accounts.google.com/ListAccounts?gpsia=1&source=ChromiumBrowser&json=standard&laf=b64bin
2026-08-10 09:23:43,634 [INFO] Capturing response: https://update.googleapis.com/service/update2/json?cup2key=16:phwan7gg20HfAu35fIt_UVVygQK65GsqRVJMVphg2Y8&cup2hreq=528cace70030547bd61641b2869eb19871d9f141d98ef3048837e0a2e69f2e69 200 
2026-08-10 09:23:43,638 [INFO] Capturing response: https://accounts.google.com/ListAccounts?gpsia=1&source=ChromiumBrowser&json=standard&laf=b64bin 200 
2026-08-10 09:23:43,682 [INFO] Capturing request: https://www.google.com/async/folae?async=_fmt:pb&udm=50&client_locale=en-US&client_country=ZZ
2026-08-10 09:23:43,683 [INFO] Capturing request: https://update.googleapis.com/service/update2/json?cup2key=16:W9OPqwrOuKUFf6RyCSFlVjbUhWbhemwqCGg7SqG0obs&cup2hreq=622fa8c2516a1d60c5ae3457d0d5197d42e0843473e9581bdcd8fb6833718c5d
2026-08-10 09:23:43,688 [INFO] Capturing request: https://www.atomsportv512.top/matches?id=bein-sports-1
2026-08-10 09:23:43,709 [INFO] Capturing response: https://www.google.com/async/folae?async=_fmt:pb&udm=50&client_locale=en-US&client_country=ZZ 200 
2026-08-10 09:23:43,710 [INFO] Capturing response: https://update.googleapis.com/service/update2/json?cup2key=16:W9OPqwrOuKUFf6RyCSFlVjbUhWbhemwqCGg7SqG0obs&cup2hreq=622fa8c2516a1d60c5ae3457d0d5197d42e0843473e9581bdcd8fb6833718c5d 200 
2026-08-10 09:23:43,758 [INFO] Capturing request: https://update.googleapis.com/service/update2/json?cup2key=16:zi3tAzsntgjLhZ_-73oaJWOicaU5lgOTgDHpHxk49Z0&cup2hreq=ea4fa4b49aebe281a2761c7a16bb1ba2db569672999db49dd64873ddbc230888
2026-08-10 09:23:43,784 [INFO] Capturing response: https://update.googleapis.com/service/update2/json?cup2key=16:zi3tAzsntgjLhZ_-73oaJWOicaU5lgOTgDHpHxk49Z0&cup2hreq=ea4fa4b49aebe281a2761c7a16bb1ba2db569672999db49dd64873ddbc230888 200 
2026-08-10 09:23:43,888 [INFO] Capturing request: https://www.google.com/async/folae?async=_fmt:pb&udm=50&client_locale=en-US&client_country=ZZ
2026-08-10 09:23:43,907 [INFO] Capturing response: https://www.google.com/async/folae?async=_fmt:pb&udm=50&client_locale=en-US&client_country=ZZ 200 
2026-08-10 09:23:44,161 [INFO] Capturing response: https://www.atomsportv512.top/matches?id=bein-sports-1 200 
2026-08-10 09:23:44,389 [INFO] Capturing request: https://cdn.jsdelivr.net/npm/@clappr/player@0.11.16/dist/clappr.min.js
2026-08-10 09:23:44,391 [INFO] Capturing request: https://cdn.jsdelivr.net/npm/level-selector/dist/level-selector.min.js
2026-08-10 09:23:44,393 [INFO] Capturing request: https://cdn.jsdelivr.net/npm/@clappr/hlsjs-playback@1.8.3/dist/hlsjs-playback.min.js
2026-08-10 09:23:44,416 [INFO] Capturing response: https://cdn.jsdelivr.net/npm/level-selector/dist/level-selector.min.js 200 
2026-08-10 09:23:44,442 [INFO] Capturing response: https://cdn.jsdelivr.net/npm/@clappr/player@0.11.16/dist/clappr.min.js 200 
2026-08-10 09:23:44,450 [INFO] Capturing response: https://cdn.jsdelivr.net/npm/@clappr/hlsjs-playback@1.8.3/dist/hlsjs-playback.min.js 200 
2026-08-10 09:23:44,663 [INFO] Capturing request: https://www.atomsportv512.top/favicon.ico
2026-08-10 09:23:44,708 [INFO] Capturing response: https://www.atomsportv512.top/favicon.ico 200 
2026-08-10 09:23:44,721 [INFO] Capturing request: https://teletv5.top/load/yayinlink.php?id=bein-sports-1
2026-08-10 09:23:45,122 [INFO] Capturing request: https://streamsport365.com/cinema
2026-08-10 09:23:45,377 [INFO] Capturing response: https://streamsport365.com/cinema 200 
2026-08-10 09:23:46,033 [INFO] Capturing response: https://teletv5.top/load/yayinlink.php?id=bein-sports-1 200 
2026-08-10 09:23:46,205 [INFO] Capturing request: https://www.atomsportv512.top/assets/img/player/player_logo_6a72b29dbcd89.png
2026-08-10 09:23:46,242 [INFO] Capturing response: https://www.atomsportv512.top/assets/img/player/player_logo_6a72b29dbcd89.png 200 
2026-08-10 09:23:46,266 [INFO] Capturing request: https://corestream.siteyaptim.live//bein1/tracks-v1a1/mono.m3u8
2026-08-10 09:23:46,387 [INFO] Capturing response: https://corestream.siteyaptim.live//bein1/tracks-v1a1/mono.m3u8 200 
2026-08-10 09:23:46,512 [INFO] Capturing request: https://android.clients.google.com/checkin
2026-08-10 09:23:46,607 [INFO] Capturing request: https://global.siteyaptim.live/bein1/tracks-v1a1/2026/08/10/09/23/16-05200.jpg
2026-08-10 09:23:46,614 [INFO] Capturing response: https://android.clients.google.com/checkin 200 
2026-08-10 09:23:46,673 [INFO] Capturing request: https://android.clients.google.com/c2dm/register3
2026-08-10 09:23:46,681 [INFO] Capturing request: https://android.clients.google.com/c2dm/register3
2026-08-10 09:23:46,684 [INFO] Capturing request: https://android.clients.google.com/c2dm/register3
2026-08-10 09:23:46,737 [INFO] Capturing response: https://android.clients.google.com/c2dm/register3 301 
2026-08-10 09:23:46,832 [INFO] Capturing response: https://global.siteyaptim.live/bein1/tracks-v1a1/2026/08/10/09/23/16-05200.jpg 200 
2026-08-10 09:23:47,070 [INFO] Capturing request: https://global.siteyaptim.live/bein1/tracks-v1a1/2026/08/10/09/23/22-05200.jpg
2026-08-10 09:23:47,245 [INFO] Capturing response: https://global.siteyaptim.live/bein1/tracks-v1a1/2026/08/10/09/23/22-05200.jpg 200 
2026-08-10 09:23:47,297 [INFO] Capturing response: https://android.clients.google.com/c2dm/register3 200 
2026-08-10 09:23:47,440 [INFO] Capturing request: https://global.siteyaptim.live/bein1/tracks-v1a1/2026/08/10/09/23/27-05200.jpg
2026-08-10 09:23:47,470 [INFO] Capturing response: https://android.clients.google.com/c2dm/register3 200 
2026-08-10 09:23:47,627 [INFO]   ✅ M3U8 bulundu: https://corestream.siteyaptim.live//bein1/tracks-v1a1/mono.m3u8
2026-08-10 09:23:47,643 [INFO] Capturing response: https://global.siteyaptim.live/bein1/tracks-v1a1/2026/08/10/09/23/27-05200.jpg 200 
2026-08-10 09:23:47,871 [INFO] Capturing request: https://global.siteyaptim.live/bein1/tracks-v1a1/2026/08/10/09/23/32-05200.jpg
2026-08-10 09:23:48,054 [INFO] Capturing response: https://global.siteyaptim.live/bein1/tracks-v1a1/2026/08/10/09/23/32-05200.jpg 200 
2026-08-10 09:23:48,629 [INFO] 
[2/14]
2026-08-10 09:23:48,629 [INFO] 🔍 beIN Sports 2 → https://www.atomsportv512.top/matches?id=bein-sports-2
2026-08-10 09:23:48,741 [INFO] Capturing request: https://www.atomsportv512.top/matches?id=bein-sports-2
2026-08-10 09:23:48,936 [INFO] Capturing response: https://www.atomsportv512.top/matches?id=bein-sports-2 200 
2026-08-10 09:23:48,996 [INFO] Capturing request: https://streamsport365.com/cinema
2026-08-10 09:23:49,093 [INFO] Capturing request: https://teletv5.top/load/yayinlink.php?id=bein-sports-2
2026-08-10 09:23:49,096 [INFO] Capturing request: https://www.atomsportv512.top/favicon.ico
2026-08-10 09:23:49,131 [INFO] Capturing response: https://www.atomsportv512.top/favicon.ico 200 
2026-08-10 09:23:49,242 [INFO] Capturing response: https://streamsport365.com/cinema 200 
2026-08-10 09:23:49,262 [INFO] Capturing response: https://teletv5.top/load/yayinlink.php?id=bein-sports-2 200 
2026-08-10 09:23:49,374 [INFO] Capturing request: https://www.atomsportv512.top/assets/img/player/player_logo_6a72b29dbcd89.png
2026-08-10 09:23:49,382 [INFO] Capturing request: https://corestream.siteyaptim.live//bein2/tracks-v1a1/mono.m3u8
2026-08-10 09:23:49,491 [INFO] Capturing response: https://www.atomsportv512.top/assets/img/player/player_logo_6a72b29dbcd89.png 304 
2026-08-10 09:23:49,504 [INFO] Capturing response: https://corestream.siteyaptim.live//bein2/tracks-v1a1/mono.m3u8 200 
2026-08-10 09:23:49,614 [INFO] Capturing request: https://global.siteyaptim.live/bein2/tracks-v1a1/2026/08/10/09/23/41-05000.jpg
2026-08-10 09:23:49,965 [INFO] Capturing response: https://global.siteyaptim.live/bein2/tracks-v1a1/2026/08/10/09/23/41-05000.jpg 200 
2026-08-10 09:23:50,160 [INFO] Capturing request: https://global.siteyaptim.live/bein2/tracks-v1a1/2026/08/10/09/23/46-05000.jpg
2026-08-10 09:23:50,434 [INFO] Capturing response: https://global.siteyaptim.live/bein2/tracks-v1a1/2026/08/10/09/23/46-05000.jpg 200 
2026-08-10 09:23:50,652 [INFO] Capturing request: https://global.siteyaptim.live/bein2/tracks-v1a1/2026/08/10/09/23/51-05000.jpg
2026-08-10 09:23:50,960 [INFO] Capturing response: https://global.siteyaptim.live/bein2/tracks-v1a1/2026/08/10/09/23/51-05000.jpg 200 
2026-08-10 09:23:52,016 [INFO]   ✅ M3U8 bulundu: https://corestream.siteyaptim.live//bein2/tracks-v1a1/mono.m3u8
2026-08-10 09:23:53,017 [INFO] 
[3/14]
2026-08-10 09:23:53,017 [INFO] 🔍 beIN Sports 3 → https://www.atomsportv512.top/matches?id=bein-sports-3
2026-08-10 09:23:53,127 [INFO] Capturing request: https://www.atomsportv512.top/matches?id=bein-sports-3
2026-08-10 09:23:53,318 [INFO] Capturing response: https://www.atomsportv512.top/matches?id=bein-sports-3 200 
2026-08-10 09:23:53,451 [INFO] Capturing request: https://www.atomsportv512.top/favicon.ico
2026-08-10 09:23:53,452 [INFO] Capturing request: https://teletv5.top/load/yayinlink.php?id=bein-sports-3
2026-08-10 09:23:53,480 [INFO] Capturing response: https://www.atomsportv512.top/favicon.ico 200 
2026-08-10 09:23:53,547 [INFO] Capturing request: https://streamsport365.com/cinema
2026-08-10 09:23:53,616 [INFO] Capturing response: https://teletv5.top/load/yayinlink.php?id=bein-sports-3 200 
2026-08-10 09:23:53,798 [INFO] Capturing response: https://streamsport365.com/cinema 200 
2026-08-10 09:23:53,909 [INFO] Capturing request: https://www.atomsportv512.top/assets/img/player/player_logo_6a72b29dbcd89.png
2026-08-10 09:23:53,918 [INFO] Capturing request: https://corestream.siteyaptim.live//bein3/tracks-v1a1/mono.m3u8
2026-08-10 09:23:54,027 [INFO] Capturing response: https://www.atomsportv512.top/assets/img/player/player_logo_6a72b29dbcd89.png 304 
2026-08-10 09:23:54,038 [INFO] Capturing response: https://corestream.siteyaptim.live//bein3/tracks-v1a1/mono.m3u8 200 
2026-08-10 09:23:54,147 [INFO] Capturing request: https://global.siteyaptim.live/bein3/tracks-v1a1/2026/08/10/09/23/42-06860.jpg
2026-08-10 09:23:54,472 [INFO] Capturing response: https://global.siteyaptim.live/bein3/tracks-v1a1/2026/08/10/09/23/42-06860.jpg 200 
2026-08-10 09:23:54,721 [INFO] Capturing request: https://global.siteyaptim.live/bein3/tracks-v1a1/2026/08/10/09/23/49-05000.jpg
2026-08-10 09:23:55,479 [INFO] Capturing response: https://global.siteyaptim.live/bein3/tracks-v1a1/2026/08/10/09/23/49-05000.jpg 200 
2026-08-10 09:23:55,678 [INFO] Capturing request: https://global.siteyaptim.live/bein3/tracks-v1a1/2026/08/10/09/23/54-05000.jpg
2026-08-10 09:23:55,926 [INFO] Capturing response: https://global.siteyaptim.live/bein3/tracks-v1a1/2026/08/10/09/23/54-05000.jpg 200 
2026-08-10 09:23:56,127 [INFO] Capturing request: https://global.siteyaptim.live/bein3/tracks-v1a1/2026/08/10/09/23/59-05000.jpg
2026-08-10 09:23:56,367 [INFO]   ✅ M3U8 bulundu: https://corestream.siteyaptim.live//bein3/tracks-v1a1/mono.m3u8
2026-08-10 09:23:56,535 [INFO] Capturing response: https://global.siteyaptim.live/bein3/tracks-v1a1/2026/08/10/09/23/59-05000.jpg 200 
2026-08-10 09:23:57,368 [INFO] 
[4/14]
2026-08-10 09:23:57,368 [INFO] 🔍 beIN Sports 4 → https://www.atomsportv512.top/matches?id=bein-sports-4
2026-08-10 09:23:57,478 [INFO] Capturing request: https://www.atomsportv512.top/matches?id=bein-sports-4
2026-08-10 09:23:57,675 [INFO] Capturing response: https://www.atomsportv512.top/matches?id=bein-sports-4 200 
2026-08-10 09:23:57,708 [INFO] Capturing request: https://streamsport365.com/cinema
2026-08-10 09:23:57,806 [INFO] Capturing request: https://teletv5.top/load/yayinlink.php?id=bein-sports-4
2026-08-10 09:23:57,808 [INFO] Capturing request: https://www.atomsportv512.top/favicon.ico
2026-08-10 09:23:57,839 [INFO] Capturing response: https://www.atomsportv512.top/favicon.ico 200 
2026-08-10 09:23:57,962 [INFO] Capturing response: https://streamsport365.com/cinema 200 
2026-08-10 09:23:57,969 [INFO] Capturing response: https://teletv5.top/load/yayinlink.php?id=bein-sports-4 200 
2026-08-10 09:23:58,120 [INFO] Capturing request: https://www.atomsportv512.top/assets/img/player/player_logo_6a72b29dbcd89.png
2026-08-10 09:23:58,130 [INFO] Capturing request: https://corestream.siteyaptim.live//bein4/tracks-v1a1/mono.m3u8
2026-08-10 09:23:58,237 [INFO] Capturing response: https://www.atomsportv512.top/assets/img/player/player_logo_6a72b29dbcd89.png 304 
2026-08-10 09:23:58,246 [INFO] Capturing response: https://corestream.siteyaptim.live//bein4/tracks-v1a1/mono.m3u8 200 
2026-08-10 09:23:58,396 [INFO] Capturing request: https://global.siteyaptim.live/bein4/tracks-v1a1/2026/08/10/09/25/06-10000.jpg
2026-08-10 09:23:59,907 [INFO] Capturing response: https://global.siteyaptim.live/bein4/tracks-v1a1/2026/08/10/09/25/06-10000.jpg 200 
2026-08-10 09:24:00,241 [INFO] Capturing request: https://global.siteyaptim.live/bein4/tracks-v1a1/2026/08/10/09/25/16-10000.jpg
2026-08-10 09:24:00,740 [INFO]   ✅ M3U8 bulundu: https://corestream.siteyaptim.live//bein4/tracks-v1a1/mono.m3u8
2026-08-10 09:24:01,016 [INFO] Capturing response: https://global.siteyaptim.live/bein4/tracks-v1a1/2026/08/10/09/25/16-10000.jpg 200 
2026-08-10 09:24:01,349 [INFO] Capturing request: https://global.siteyaptim.live/bein4/tracks-v1a1/2026/08/10/09/25/26-10000.jpg
2026-08-10 09:24:01,740 [INFO] 
[5/14]
2026-08-10 09:24:01,740 [INFO] 🔍 beIN Sports 5 → https://www.atomsportv512.top/matches?id=bein-sports-5
2026-08-10 09:24:01,794 [INFO] Capturing response: https://global.siteyaptim.live/bein4/tracks-v1a1/2026/08/10/09/25/26-10000.jpg 200 
2026-08-10 09:24:01,879 [INFO] Capturing request: https://www.atomsportv512.top/matches?id=bein-sports-5
2026-08-10 09:24:02,073 [INFO] Capturing response: https://www.atomsportv512.top/matches?id=bein-sports-5 200 
2026-08-10 09:24:02,203 [INFO] Capturing request: https://teletv5.top/load/yayinlink.php?id=bein-sports-5
2026-08-10 09:24:02,207 [INFO] Capturing request: https://www.atomsportv512.top/favicon.ico
2026-08-10 09:24:02,237 [INFO] Capturing response: https://www.atomsportv512.top/favicon.ico 200 
2026-08-10 09:24:02,304 [INFO] Capturing request: https://streamsport365.com/cinema
2026-08-10 09:24:02,552 [INFO] Capturing response: https://streamsport365.com/cinema 200 
2026-08-10 09:24:02,823 [INFO] Capturing response: https://teletv5.top/load/yayinlink.php?id=bein-sports-5 200 
2026-08-10 09:24:02,934 [INFO] Capturing request: https://www.atomsportv512.top/assets/img/player/player_logo_6a72b29dbcd89.png
2026-08-10 09:24:02,944 [INFO] Capturing request: https://corestream.siteyaptim.live//bein5/tracks-v1a1/mono.m3u8
2026-08-10 09:24:03,051 [INFO] Capturing response: https://www.atomsportv512.top/assets/img/player/player_logo_6a72b29dbcd89.png 304 
2026-08-10 09:24:03,064 [INFO] Capturing response: https://corestream.siteyaptim.live//bein5/tracks-v1a1/mono.m3u8 200 
2026-08-10 09:24:03,174 [INFO] Capturing request: https://global.siteyaptim.live/bein5/tracks-v1a1/2026/08/10/09/23/59-06000.jpg
2026-08-10 09:24:03,947 [INFO] Capturing response: https://global.siteyaptim.live/bein5/tracks-v1a1/2026/08/10/09/23/59-06000.jpg 200 
2026-08-10 09:24:04,288 [INFO] Capturing request: https://global.siteyaptim.live/bein5/tracks-v1a1/2026/08/10/09/24/05-06840.jpg
2026-08-10 09:24:05,004 [INFO] Capturing response: https://global.siteyaptim.live/bein5/tracks-v1a1/2026/08/10/09/24/05-06840.jpg 200 
2026-08-10 09:24:05,127 [INFO]   ✅ M3U8 bulundu: https://corestream.siteyaptim.live//bein5/tracks-v1a1/mono.m3u8
2026-08-10 09:24:05,481 [INFO] Capturing request: https://global.siteyaptim.live/bein5/tracks-v1a1/2026/08/10/09/24/12-05360.jpg
2026-08-10 09:24:06,030 [INFO] Capturing response: https://global.siteyaptim.live/bein5/tracks-v1a1/2026/08/10/09/24/12-05360.jpg 200 
2026-08-10 09:24:06,128 [INFO] 
[6/14]
2026-08-10 09:24:06,130 [INFO] 🔍 beIN Sports Max 1 → https://www.atomsportv512.top/matches?id=bein-sports-max-1
2026-08-10 09:24:06,265 [INFO] Capturing request: https://www.atomsportv512.top/matches?id=bein-sports-max-1
2026-08-10 09:24:06,354 [INFO] Capturing request: https://global.siteyaptim.live/bein5/tracks-v1a1/2026/08/10/09/24/18-06000.jpg
2026-08-10 09:24:06,457 [INFO] Capturing response: https://www.atomsportv512.top/matches?id=bein-sports-max-1 200 
2026-08-10 09:24:06,501 [INFO] Capturing request: https://streamsport365.com/cinema
2026-08-10 09:24:06,602 [INFO] Capturing request: https://teletv5.top/load/yayinlink.php?id=bein-sports-max-1
2026-08-10 09:24:06,605 [INFO] Capturing request: https://www.atomsportv512.top/favicon.ico
2026-08-10 09:24:06,643 [INFO] Capturing response: https://www.atomsportv512.top/favicon.ico 200 
2026-08-10 09:24:06,752 [INFO] Capturing response: https://streamsport365.com/cinema 200 
2026-08-10 09:24:06,768 [INFO] Capturing response: https://teletv5.top/load/yayinlink.php?id=bein-sports-max-1 200 
2026-08-10 09:24:06,924 [INFO] Capturing request: https://www.atomsportv512.top/assets/img/player/player_logo_6a72b29dbcd89.png
2026-08-10 09:24:06,939 [INFO] Capturing request: https://corestream.siteyaptim.live//beinmax1/tracks-v1a1/mono.m3u8
2026-08-10 09:24:07,037 [INFO] Capturing response: https://global.siteyaptim.live/bein5/tracks-v1a1/2026/08/10/09/24/18-06000.jpg 200 
2026-08-10 09:24:07,047 [INFO] Capturing response: https://www.atomsportv512.top/assets/img/player/player_logo_6a72b29dbcd89.png 304 
2026-08-10 09:24:07,171 [INFO] Capturing response: https://corestream.siteyaptim.live//beinmax1/tracks-v1a1/mono.m3u8 200 
2026-08-10 09:24:07,322 [INFO] Capturing request: https://global.siteyaptim.live/beinmax1/tracks-v1a1/2026/08/10/09/23/52-05000.jpg
2026-08-10 09:24:08,356 [INFO] Capturing response: https://global.siteyaptim.live/beinmax1/tracks-v1a1/2026/08/10/09/23/52-05000.jpg 200 
2026-08-10 09:24:08,614 [INFO] Capturing request: https://global.siteyaptim.live/beinmax1/tracks-v1a1/2026/08/10/09/23/57-05000.jpg
2026-08-10 09:24:09,525 [INFO]   ✅ M3U8 bulundu: https://corestream.siteyaptim.live//beinmax1/tracks-v1a1/mono.m3u8
2026-08-10 09:24:09,834 [INFO] Capturing response: https://global.siteyaptim.live/beinmax1/tracks-v1a1/2026/08/10/09/23/57-05000.jpg 200 
2026-08-10 09:24:10,073 [INFO] Capturing request: https://global.siteyaptim.live/beinmax1/tracks-v1a1/2026/08/10/09/24/02-05000.jpg
2026-08-10 09:24:10,514 [INFO] Capturing response: https://global.siteyaptim.live/beinmax1/tracks-v1a1/2026/08/10/09/24/02-05000.jpg 200 
2026-08-10 09:24:10,525 [INFO] 
[7/14]
2026-08-10 09:24:10,526 [INFO] 🔍 beIN Sports Max 2 → https://www.atomsportv512.top/matches?id=bein-sports-max-2
2026-08-10 09:24:10,662 [INFO] Capturing request: https://www.atomsportv512.top/matches?id=bein-sports-max-2
2026-08-10 09:24:10,860 [INFO] Capturing response: https://www.atomsportv512.top/matches?id=bein-sports-max-2 200 
2026-08-10 09:24:10,993 [INFO] Capturing request: https://www.atomsportv512.top/favicon.ico
2026-08-10 09:24:10,994 [INFO] Capturing request: https://teletv5.top/load/yayinlink.php?id=bein-sports-max-2
2026-08-10 09:24:11,024 [INFO] Capturing response: https://www.atomsportv512.top/favicon.ico 200 
2026-08-10 09:24:11,093 [INFO] Capturing request: https://streamsport365.com/cinema
2026-08-10 09:24:11,156 [INFO] Capturing response: https://teletv5.top/load/yayinlink.php?id=bein-sports-max-2 200 
2026-08-10 09:24:11,350 [INFO] Capturing response: https://streamsport365.com/cinema 200 
2026-08-10 09:24:11,460 [INFO] Capturing request: https://www.atomsportv512.top/assets/img/player/player_logo_6a72b29dbcd89.png
2026-08-10 09:24:11,470 [INFO] Capturing request: https://corestream.siteyaptim.live//hls/s-sport.m3u8
2026-08-10 09:24:11,576 [INFO] Capturing response: https://www.atomsportv512.top/assets/img/player/player_logo_6a72b29dbcd89.png 304 
2026-08-10 09:24:11,598 [INFO] Capturing response: https://corestream.siteyaptim.live//hls/s-sport.m3u8 404 
2026-08-10 09:24:13,720 [INFO] Capturing request: https://corestream.siteyaptim.live//hls/s-sport.m3u8
2026-08-10 09:24:13,836 [INFO] Capturing response: https://corestream.siteyaptim.live//hls/s-sport.m3u8 404 
2026-08-10 09:24:13,904 [INFO]   ✅ M3U8 bulundu: https://corestream.siteyaptim.live//hls/s-sport.m3u8
2026-08-10 09:24:14,904 [INFO] 
[8/14]
2026-08-10 09:24:14,904 [INFO] 🔍 S Sport → https://www.atomsportv512.top/matches?id=s-sport
2026-08-10 09:24:15,012 [INFO] Capturing request: https://www.atomsportv512.top/matches?id=s-sport
2026-08-10 09:24:15,344 [INFO] Capturing response: https://www.atomsportv512.top/matches?id=s-sport 200 
2026-08-10 09:24:15,382 [INFO] Capturing request: https://streamsport365.com/cinema
2026-08-10 09:24:15,482 [INFO] Capturing request: https://www.atomsportv512.top/favicon.ico
2026-08-10 09:24:15,483 [INFO] Capturing request: https://teletv5.top/load/yayinlink.php?id=s-sport
2026-08-10 09:24:15,514 [INFO] Capturing response: https://www.atomsportv512.top/favicon.ico 200 
2026-08-10 09:24:15,635 [INFO] Capturing response: https://streamsport365.com/cinema 200 
2026-08-10 09:24:15,646 [INFO] Capturing response: https://teletv5.top/load/yayinlink.php?id=s-sport 200 
2026-08-10 09:24:15,797 [INFO] Capturing request: https://www.atomsportv512.top/assets/img/player/player_logo_6a72b29dbcd89.png
2026-08-10 09:24:15,805 [INFO] Capturing request: https://corestream.siteyaptim.live//s-sport/tracks-v1a1/mono.m3u8
2026-08-10 09:24:15,867 [INFO] Capturing request: https://android.clients.google.com/c2dm/register3
2026-08-10 09:24:15,911 [INFO] Capturing response: https://www.atomsportv512.top/assets/img/player/player_logo_6a72b29dbcd89.png 304 
2026-08-10 09:24:15,919 [INFO] Capturing response: https://corestream.siteyaptim.live//s-sport/tracks-v1a1/mono.m3u8 200 
2026-08-10 09:24:15,924 [INFO] Capturing response: https://android.clients.google.com/c2dm/register3 301 
2026-08-10 09:24:16,030 [INFO] Capturing request: https://global.siteyaptim.live/s-sport/tracks-v1a1/2026/08/10/09/25/14-06000.jpg
2026-08-10 09:24:16,339 [INFO] Capturing response: https://global.siteyaptim.live/s-sport/tracks-v1a1/2026/08/10/09/25/14-06000.jpg 200 
2026-08-10 09:24:16,560 [INFO] Capturing request: https://global.siteyaptim.live/s-sport/tracks-v1a1/2026/08/10/09/25/20-06000.jpg
2026-08-10 09:24:16,896 [INFO] Capturing response: https://global.siteyaptim.live/s-sport/tracks-v1a1/2026/08/10/09/25/20-06000.jpg 200 
2026-08-10 09:24:17,110 [INFO] Capturing request: https://global.siteyaptim.live/s-sport/tracks-v1a1/2026/08/10/09/25/26-06000.jpg
2026-08-10 09:24:18,065 [INFO] Capturing response: https://global.siteyaptim.live/s-sport/tracks-v1a1/2026/08/10/09/25/26-06000.jpg 200 
2026-08-10 09:24:18,399 [INFO]   ✅ M3U8 bulundu: https://corestream.siteyaptim.live//s-sport/tracks-v1a1/mono.m3u8
2026-08-10 09:24:19,399 [INFO] 
[9/14]
2026-08-10 09:24:19,399 [INFO] 🔍 S Sport 2 → https://www.atomsportv512.top/matches?id=s-sport-2
2026-08-10 09:24:19,510 [INFO] Capturing request: https://www.atomsportv512.top/matches?id=s-sport-2
2026-08-10 09:24:19,701 [INFO] Capturing response: https://www.atomsportv512.top/matches?id=s-sport-2 200 
2026-08-10 09:24:19,834 [INFO] Capturing request: https://teletv5.top/load/yayinlink.php?id=s-sport-2
2026-08-10 09:24:19,836 [INFO] Capturing request: https://www.atomsportv512.top/favicon.ico
2026-08-10 09:24:19,867 [INFO] Capturing response: https://www.atomsportv512.top/favicon.ico 200 
2026-08-10 09:24:19,931 [INFO] Capturing request: https://streamsport365.com/cinema
2026-08-10 09:24:19,995 [INFO] Capturing response: https://teletv5.top/load/yayinlink.php?id=s-sport-2 200 
2026-08-10 09:24:20,179 [INFO] Capturing response: https://streamsport365.com/cinema 200 
2026-08-10 09:24:20,289 [INFO] Capturing request: https://www.atomsportv512.top/assets/img/player/player_logo_6a72b29dbcd89.png
2026-08-10 09:24:20,298 [INFO] Capturing request: https://corestream.siteyaptim.live//s-sport2/tracks-v1a1/mono.m3u8
2026-08-10 09:24:20,405 [INFO] Capturing response: https://www.atomsportv512.top/assets/img/player/player_logo_6a72b29dbcd89.png 304 
2026-08-10 09:24:20,413 [INFO] Capturing response: https://corestream.siteyaptim.live//s-sport2/tracks-v1a1/mono.m3u8 200 
2026-08-10 09:24:20,522 [INFO] Capturing request: https://global.siteyaptim.live/s-sport2/tracks-v1a1/2026/08/10/09/23/42-10000.jpg
2026-08-10 09:24:20,959 [INFO] Capturing response: https://global.siteyaptim.live/s-sport2/tracks-v1a1/2026/08/10/09/23/42-10000.jpg 200 
2026-08-10 09:24:21,245 [INFO] Capturing request: https://global.siteyaptim.live/s-sport2/tracks-v1a1/2026/08/10/09/23/52-10000.jpg
2026-08-10 09:24:21,846 [INFO] Capturing response: https://global.siteyaptim.live/s-sport2/tracks-v1a1/2026/08/10/09/23/52-10000.jpg 200 
2026-08-10 09:24:22,099 [INFO] Capturing request: https://global.siteyaptim.live/s-sport2/tracks-v1a1/2026/08/10/09/24/02-10000.jpg
2026-08-10 09:24:22,746 [INFO] Capturing response: https://global.siteyaptim.live/s-sport2/tracks-v1a1/2026/08/10/09/24/02-10000.jpg 200 
2026-08-10 09:24:22,769 [INFO]   ✅ M3U8 bulundu: https://corestream.siteyaptim.live//s-sport2/tracks-v1a1/mono.m3u8
2026-08-10 09:24:23,770 [INFO] 
[10/14]
2026-08-10 09:24:23,770 [INFO] 🔍 A Spor → https://www.atomsportv512.top/matches?id=a-spor
2026-08-10 09:24:23,880 [INFO] Capturing request: https://www.atomsportv512.top/matches?id=a-spor
2026-08-10 09:24:24,288 [INFO] Capturing response: https://www.atomsportv512.top/matches?id=a-spor 200 
2026-08-10 09:24:24,321 [INFO] Capturing request: https://streamsport365.com/cinema
2026-08-10 09:24:24,421 [INFO] Capturing request: https://teletv5.top/load/yayinlink.php?id=a-spor
2026-08-10 09:24:24,426 [INFO] Capturing request: https://www.atomsportv512.top/favicon.ico
2026-08-10 09:24:24,460 [INFO] Capturing response: https://www.atomsportv512.top/favicon.ico 200 
2026-08-10 09:24:24,583 [INFO] Capturing response: https://streamsport365.com/cinema 200 
2026-08-10 09:24:24,585 [INFO] Capturing response: https://teletv5.top/load/yayinlink.php?id=a-spor 200 
2026-08-10 09:24:24,736 [INFO] Capturing request: https://www.atomsportv512.top/assets/img/player/player_logo_6a72b29dbcd89.png
2026-08-10 09:24:24,745 [INFO] Capturing request: https://corestream.siteyaptim.live//aspor/tracks-v1a1/mono.m3u8
2026-08-10 09:24:24,854 [INFO] Capturing response: https://www.atomsportv512.top/assets/img/player/player_logo_6a72b29dbcd89.png 304 
2026-08-10 09:24:24,890 [INFO] Capturing response: https://corestream.siteyaptim.live//aspor/tracks-v1a1/mono.m3u8 200 
2026-08-10 09:24:25,039 [INFO] Capturing request: https://global.siteyaptim.live/aspor/tracks-v1a1/2026/08/10/09/24/33-10000.jpg
2026-08-10 09:24:25,895 [INFO] Capturing response: https://global.siteyaptim.live/aspor/tracks-v1a1/2026/08/10/09/24/33-10000.jpg 200 
2026-08-10 09:24:26,241 [INFO] Capturing request: https://global.siteyaptim.live/aspor/tracks-v1a1/2026/08/10/09/24/43-10000.jpg
2026-08-10 09:24:26,826 [INFO] Capturing response: https://global.siteyaptim.live/aspor/tracks-v1a1/2026/08/10/09/24/43-10000.jpg 200 
2026-08-10 09:24:27,140 [INFO] Capturing request: https://global.siteyaptim.live/aspor/tracks-v1a1/2026/08/10/09/24/53-10000.jpg
2026-08-10 09:24:27,338 [INFO]   ✅ M3U8 bulundu: https://corestream.siteyaptim.live//aspor/tracks-v1a1/mono.m3u8
2026-08-10 09:24:28,339 [INFO] 
[11/14]
2026-08-10 09:24:28,340 [INFO] 🔍 Tivibu Spor 1 → https://www.atomsportv512.top/matches?id=tivibu-spor-1
2026-08-10 09:24:28,449 [INFO] Capturing request: https://www.atomsportv512.top/matches?id=tivibu-spor-1
2026-08-10 09:24:28,645 [INFO] Capturing response: https://www.atomsportv512.top/matches?id=tivibu-spor-1 200 
2026-08-10 09:24:28,787 [INFO] Capturing request: https://teletv5.top/load/yayinlink.php?id=tivibu-spor-1
2026-08-10 09:24:28,789 [INFO] Capturing request: https://www.atomsportv512.top/favicon.ico
2026-08-10 09:24:28,822 [INFO] Capturing response: https://www.atomsportv512.top/favicon.ico 200 
2026-08-10 09:24:28,885 [INFO] Capturing request: https://streamsport365.com/cinema
2026-08-10 09:24:28,951 [INFO] Capturing response: https://teletv5.top/load/yayinlink.php?id=tivibu-spor-1 200 
2026-08-10 09:24:29,132 [INFO] Capturing response: https://streamsport365.com/cinema 200 
2026-08-10 09:24:29,505 [INFO] Capturing response: https://global.siteyaptim.live/aspor/tracks-v1a1/2026/08/10/09/24/53-10000.jpg 200 
2026-08-10 09:24:43,236 [INFO] Capturing request: https://update.googleapis.com/service/update2/json?cup2key=16:HZIashKlVwwrNMuqatmw7bb-74IYBYAK_RagINeymo4&cup2hreq=8df01ae8846a430286e531e756b73edd7b6d782f537db2fbc088cc6db72efaf6
2026-08-10 09:24:43,264 [INFO] Capturing response: https://update.googleapis.com/service/update2/json?cup2key=16:HZIashKlVwwrNMuqatmw7bb-74IYBYAK_RagINeymo4&cup2hreq=8df01ae8846a430286e531e756b73edd7b6d782f537db2fbc088cc6db72efaf6 200 
2026-08-10 09:24:43,271 [INFO] Capturing request: http://edgedl.me.gvt1.com/edgedl/diffgen-puffin/gcmjkmgdlgnkkcocmoeiminaijmmjnii/6ca5bdb9f3e2cd83b7e359729bc6c33c4fe975ec499861d969b3e080320849ff
2026-08-10 09:24:43,286 [INFO] Capturing response: http://edgedl.me.gvt1.com/edgedl/diffgen-puffin/gcmjkmgdlgnkkcocmoeiminaijmmjnii/6ca5bdb9f3e2cd83b7e359729bc6c33c4fe975ec499861d969b3e080320849ff 200 OK
2026-08-10 09:24:43,311 [INFO] Capturing request: https://update.googleapis.com/service/update2/json
2026-08-10 09:24:43,336 [INFO] Capturing response: https://update.googleapis.com/service/update2/json 200 
2026-08-10 09:24:43,382 [INFO] Capturing request: http://edgedl.me.gvt1.com/edgedl/diffgen-puffin/hfnkpimlhhgieaddgfemjhofmfblmnib/87dabd9e7272814a1a66f980d7ad3cdf2a6a0a7cf2fd029ca9a4b31deeef327b
2026-08-10 09:24:43,403 [INFO] Capturing response: http://edgedl.me.gvt1.com/edgedl/diffgen-puffin/hfnkpimlhhgieaddgfemjhofmfblmnib/87dabd9e7272814a1a66f980d7ad3cdf2a6a0a7cf2fd029ca9a4b31deeef327b 200 OK
2026-08-10 09:24:43,513 [INFO] Capturing request: https://update.googleapis.com/service/update2/json
2026-08-10 09:24:43,538 [INFO] Capturing response: https://update.googleapis.com/service/update2/json 200 
2026-08-10 09:25:01,966 [WARNING]   ❌ Tivibu Spor 1 için M3U8 bulunamadı
2026-08-10 09:25:02,174 [INFO] Capturing request: https://android.clients.google.com/c2dm/register3
2026-08-10 09:25:02,211 [INFO] Capturing response: https://android.clients.google.com/c2dm/register3 301 
2026-08-10 09:25:02,966 [INFO] 
[12/14]
2026-08-10 09:25:02,967 [INFO] 🔍 Tivibu Spor 2 → https://www.atomsportv512.top/matches?id=tivibu-spor-2
2026-08-10 09:25:03,110 [INFO] Capturing request: https://www.atomsportv512.top/matches?id=tivibu-spor-2
2026-08-10 09:25:03,625 [INFO] Capturing response: https://www.atomsportv512.top/matches?id=tivibu-spor-2 200 
2026-08-10 09:25:03,791 [INFO] Capturing request: https://www.atomsportv512.top/favicon.ico
2026-08-10 09:25:03,823 [INFO] Capturing request: https://teletv5.top/load/yayinlink.php?id=tivibu-spor-2
2026-08-10 09:25:03,825 [INFO] Capturing response: https://www.atomsportv512.top/favicon.ico 200 
2026-08-10 09:25:03,994 [INFO] Capturing response: https://teletv5.top/load/yayinlink.php?id=tivibu-spor-2 200 
2026-08-10 09:25:04,247 [INFO] Capturing request: https://streamsport365.com/cinema
2026-08-10 09:25:04,494 [INFO] Capturing response: https://streamsport365.com/cinema 200 
2026-08-10 09:25:36,936 [WARNING]   ❌ Tivibu Spor 2 için M3U8 bulunamadı
2026-08-10 09:25:37,937 [INFO] 
[13/14]
2026-08-10 09:25:37,937 [INFO] 🔍 Tivibu Spor 3 → https://www.atomsportv512.top/matches?id=tivibu-spor-3
2026-08-10 09:25:38,046 [INFO] Capturing request: https://www.atomsportv512.top/matches?id=tivibu-spor-3
2026-08-10 09:25:38,403 [INFO] Capturing response: https://www.atomsportv512.top/matches?id=tivibu-spor-3 200 
2026-08-10 09:25:38,534 [INFO] Capturing request: https://teletv5.top/load/yayinlink.php?id=tivibu-spor-3
2026-08-10 09:25:38,537 [INFO] Capturing request: https://www.atomsportv512.top/favicon.ico
2026-08-10 09:25:38,573 [INFO] Capturing response: https://www.atomsportv512.top/favicon.ico 200 
2026-08-10 09:25:38,633 [INFO] Capturing request: https://streamsport365.com/cinema
2026-08-10 09:25:38,706 [INFO] Capturing response: https://teletv5.top/load/yayinlink.php?id=tivibu-spor-3 200 
2026-08-10 09:25:38,945 [INFO] Capturing response: https://streamsport365.com/cinema 200 
2026-08-10 09:26:11,684 [WARNING]   ❌ Tivibu Spor 3 için M3U8 bulunamadı
2026-08-10 09:26:12,685 [INFO] 
[14/14]
2026-08-10 09:26:12,685 [INFO] 🔍 Tivibu Spor 4 → https://www.atomsportv512.top/matches?id=tivibu-spor-4
2026-08-10 09:26:12,794 [INFO] Capturing request: https://www.atomsportv512.top/matches?id=tivibu-spor-4
2026-08-10 09:26:13,142 [INFO] Capturing response: https://www.atomsportv512.top/matches?id=tivibu-spor-4 200 
2026-08-10 09:26:13,272 [INFO] Capturing request: https://teletv5.top/load/yayinlink.php?id=tivibu-spor-4
2026-08-10 09:26:13,279 [INFO] Capturing request: https://www.atomsportv512.top/favicon.ico
2026-08-10 09:26:13,305 [INFO] Capturing response: https://www.atomsportv512.top/favicon.ico 200 
2026-08-10 09:26:13,372 [INFO] Capturing request: https://streamsport365.com/cinema
2026-08-10 09:26:13,440 [INFO] Capturing response: https://teletv5.top/load/yayinlink.php?id=tivibu-spor-4 200 
2026-08-10 09:26:13,627 [INFO] Capturing response: https://streamsport365.com/cinema 200 
2026-08-10 09:26:46,423 [WARNING]   ❌ Tivibu Spor 4 için M3U8 bulunamadı
2026-08-10 09:26:47,489 [INFO] ✅ 10 kanal bulundu, playlist.m3u kaydedildi
