2026-08-08 19:58:07,386 [INFO] 🌐 BASE_URL: https://www.atomsportv512.top
2026-08-08 19:58:08,282 [INFO] Başlanıyor... 14 kanal taranacak
2026-08-08 19:58:08,282 [INFO] Using default request storage
2026-08-08 19:58:08,286 [INFO] Created proxy listening on 127.0.0.1:43435
2026-08-08 19:58:08,985 [INFO] Capturing request: http://clients2.google.com/time/1/current?cup2key=10:mL3E4oRJr68t49VCEhTgGhdiLxK0vHuiP_DbiFaJPig&cup2hreq=e3b0c44298fc1c149afbf4c8996fb92427ae41e4649b934ca495991b7852b855
2026-08-08 19:58:09,032 [INFO] Capturing response: http://clients2.google.com/time/1/current?cup2key=10:mL3E4oRJr68t49VCEhTgGhdiLxK0vHuiP_DbiFaJPig&cup2hreq=e3b0c44298fc1c149afbf4c8996fb92427ae41e4649b934ca495991b7852b855 200 OK
2026-08-08 19:58:09,197 [INFO] 
[1/14]
2026-08-08 19:58:09,197 [INFO] 🔍 beIN Sports 1 → https://www.atomsportv512.top/matches?id=bein-sports-1
2026-08-08 19:58:09,299 [INFO] Capturing request: https://accounts.google.com/ListAccounts?gpsia=1&source=ChromiumBrowser&json=standard&laf=b64bin
2026-08-08 19:58:09,305 [INFO] Capturing request: https://update.googleapis.com/service/update2/json?cup2key=16:Z_jF4ix4FFE-ZyRSxIzYyJMF7tjkYRBtcqFXKf91ijU&cup2hreq=57ab2f218b1e0e314f04f6ef5ac4edd6a81e26f72b4c2a41d9f01f4d6b6f842e
2026-08-08 19:58:09,359 [INFO] Capturing response: https://update.googleapis.com/service/update2/json?cup2key=16:Z_jF4ix4FFE-ZyRSxIzYyJMF7tjkYRBtcqFXKf91ijU&cup2hreq=57ab2f218b1e0e314f04f6ef5ac4edd6a81e26f72b4c2a41d9f01f4d6b6f842e 200 
2026-08-08 19:58:09,362 [INFO] Capturing response: https://accounts.google.com/ListAccounts?gpsia=1&source=ChromiumBrowser&json=standard&laf=b64bin 200 
2026-08-08 19:58:09,394 [INFO] Capturing request: https://www.google.com/async/folae?async=_fmt:pb&udm=50&client_locale=en-US&client_country=ZZ
2026-08-08 19:58:09,406 [INFO] Capturing request: https://update.googleapis.com/service/update2/json?cup2key=16:hrbS37UsmLp5KFxiTgyEvTHnCLa97qHWry7ENL-LtGA&cup2hreq=61805722e0dd1b33d8c470c5c9bff6cef5f94aecfb3e0010016f4ee8cee1cd66
2026-08-08 19:58:09,408 [INFO] Capturing request: https://www.atomsportv512.top/matches?id=bein-sports-1
2026-08-08 19:58:09,421 [INFO] Capturing response: https://www.google.com/async/folae?async=_fmt:pb&udm=50&client_locale=en-US&client_country=ZZ 200 
2026-08-08 19:58:09,438 [INFO] Capturing response: https://update.googleapis.com/service/update2/json?cup2key=16:hrbS37UsmLp5KFxiTgyEvTHnCLa97qHWry7ENL-LtGA&cup2hreq=61805722e0dd1b33d8c470c5c9bff6cef5f94aecfb3e0010016f4ee8cee1cd66 200 
2026-08-08 19:58:09,484 [INFO] Capturing request: https://update.googleapis.com/service/update2/json?cup2key=16:6npihqvcdMnGaoskQex-Fvygp0sjpf79FryAr-1ekqs&cup2hreq=48a41b24f0907099f7e0948753eacab5f6531b919c8ddbbb6064c907d3bbd94e
2026-08-08 19:58:09,516 [INFO] Capturing response: https://update.googleapis.com/service/update2/json?cup2key=16:6npihqvcdMnGaoskQex-Fvygp0sjpf79FryAr-1ekqs&cup2hreq=48a41b24f0907099f7e0948753eacab5f6531b919c8ddbbb6064c907d3bbd94e 200 
2026-08-08 19:58:09,611 [INFO] Capturing request: https://www.google.com/async/folae?async=_fmt:pb&udm=50&client_locale=en-US&client_country=ZZ
2026-08-08 19:58:09,635 [INFO] Capturing response: https://www.google.com/async/folae?async=_fmt:pb&udm=50&client_locale=en-US&client_country=ZZ 200 
2026-08-08 19:58:09,895 [INFO] Capturing response: https://www.atomsportv512.top/matches?id=bein-sports-1 200 
2026-08-08 19:58:10,113 [INFO] Capturing request: https://cdn.jsdelivr.net/npm/@clappr/player@0.11.16/dist/clappr.min.js
2026-08-08 19:58:10,115 [INFO] Capturing request: https://cdn.jsdelivr.net/npm/level-selector/dist/level-selector.min.js
2026-08-08 19:58:10,116 [INFO] Capturing request: https://cdn.jsdelivr.net/npm/@clappr/hlsjs-playback@1.8.3/dist/hlsjs-playback.min.js
2026-08-08 19:58:10,144 [INFO] Capturing response: https://cdn.jsdelivr.net/npm/level-selector/dist/level-selector.min.js 200 
2026-08-08 19:58:10,181 [INFO] Capturing response: https://cdn.jsdelivr.net/npm/@clappr/player@0.11.16/dist/clappr.min.js 200 
2026-08-08 19:58:10,193 [INFO] Capturing response: https://cdn.jsdelivr.net/npm/@clappr/hlsjs-playback@1.8.3/dist/hlsjs-playback.min.js 200 
2026-08-08 19:58:10,399 [INFO] Capturing request: https://www.atomsportv512.top/favicon.ico
2026-08-08 19:58:10,436 [INFO] Capturing response: https://www.atomsportv512.top/favicon.ico 200 
2026-08-08 19:58:10,468 [INFO] Capturing request: https://teletv5.top/load/yayinlink.php?id=bein-sports-1
2026-08-08 19:58:10,808 [INFO] Capturing response: https://teletv5.top/load/yayinlink.php?id=bein-sports-1 200 
2026-08-08 19:58:10,895 [INFO] Capturing request: https://streamsport365.com/cinema
2026-08-08 19:58:11,128 [INFO] Capturing response: https://streamsport365.com/cinema 200 
2026-08-08 19:58:11,261 [INFO] Capturing request: https://www.atomsportv512.top/assets/img/player/player_logo_6a72b29dbcd89.png
2026-08-08 19:58:11,302 [INFO] Capturing response: https://www.atomsportv512.top/assets/img/player/player_logo_6a72b29dbcd89.png 200 
2026-08-08 19:58:11,447 [INFO] Capturing request: https://corestream.siteyaptim.live//bein1/tracks-v1a1/mono.m3u8
2026-08-08 19:58:11,471 [INFO] Capturing response: https://corestream.siteyaptim.live//bein1/tracks-v1a1/mono.m3u8 200 
2026-08-08 19:58:11,799 [INFO] Capturing request: https://global.siteyaptim.live/bein1/tracks-v1a1/2026/08/08/19/57/20-05000.jpg
2026-08-08 19:58:12,094 [INFO] Capturing response: https://global.siteyaptim.live/bein1/tracks-v1a1/2026/08/08/19/57/20-05000.jpg 200 
2026-08-08 19:58:12,286 [INFO] Capturing request: https://android.clients.google.com/checkin
2026-08-08 19:58:12,317 [INFO] Capturing request: https://global.siteyaptim.live/bein1/tracks-v1a1/2026/08/08/19/57/25-05000.jpg
2026-08-08 19:58:12,387 [INFO] Capturing response: https://android.clients.google.com/checkin 200 
2026-08-08 19:58:12,442 [INFO] Capturing request: https://android.clients.google.com/c2dm/register3
2026-08-08 19:58:12,444 [INFO] Capturing request: https://android.clients.google.com/c2dm/register3
2026-08-08 19:58:12,446 [INFO] Capturing request: https://android.clients.google.com/c2dm/register3
2026-08-08 19:58:12,509 [INFO] Capturing response: https://android.clients.google.com/c2dm/register3 301 
2026-08-08 19:58:12,590 [INFO] Capturing response: https://global.siteyaptim.live/bein1/tracks-v1a1/2026/08/08/19/57/25-05000.jpg 200 
2026-08-08 19:58:12,754 [INFO] Capturing request: https://global.siteyaptim.live/bein1/tracks-v1a1/2026/08/08/19/57/30-05000.jpg
2026-08-08 19:58:12,932 [INFO] Capturing response: https://android.clients.google.com/c2dm/register3 200 
2026-08-08 19:58:12,953 [INFO] Capturing response: https://android.clients.google.com/c2dm/register3 200 
2026-08-08 19:58:13,058 [INFO] Capturing response: https://global.siteyaptim.live/bein1/tracks-v1a1/2026/08/08/19/57/30-05000.jpg 200 
2026-08-08 19:58:13,328 [INFO]   ✅ M3U8 bulundu: https://corestream.siteyaptim.live//bein1/tracks-v1a1/mono.m3u8
2026-08-08 19:58:14,328 [INFO] 
[2/14]
2026-08-08 19:58:14,329 [INFO] 🔍 beIN Sports 2 → https://www.atomsportv512.top/matches?id=bein-sports-2
2026-08-08 19:58:14,441 [INFO] Capturing request: https://www.atomsportv512.top/matches?id=bein-sports-2
2026-08-08 19:58:14,638 [INFO] Capturing response: https://www.atomsportv512.top/matches?id=bein-sports-2 200 
2026-08-08 19:58:14,689 [INFO] Capturing request: https://streamsport365.com/cinema
2026-08-08 19:58:14,790 [INFO] Capturing request: https://www.atomsportv512.top/favicon.ico
2026-08-08 19:58:14,791 [INFO] Capturing request: https://teletv5.top/load/yayinlink.php?id=bein-sports-2
2026-08-08 19:58:14,820 [INFO] Capturing response: https://www.atomsportv512.top/favicon.ico 200 
2026-08-08 19:58:14,934 [INFO] Capturing response: https://streamsport365.com/cinema 200 
2026-08-08 19:58:14,959 [INFO] Capturing response: https://teletv5.top/load/yayinlink.php?id=bein-sports-2 200 
2026-08-08 19:58:15,070 [INFO] Capturing request: https://www.atomsportv512.top/assets/img/player/player_logo_6a72b29dbcd89.png
2026-08-08 19:58:15,080 [INFO] Capturing request: https://corestream.siteyaptim.live//bein2/tracks-v1a1/mono.m3u8
2026-08-08 19:58:15,189 [INFO] Capturing response: https://www.atomsportv512.top/assets/img/player/player_logo_6a72b29dbcd89.png 304 
2026-08-08 19:58:15,203 [INFO] Capturing response: https://corestream.siteyaptim.live//bein2/tracks-v1a1/mono.m3u8 200 
2026-08-08 19:58:15,314 [INFO] Capturing request: https://global.siteyaptim.live/bein2/tracks-v1a1/2026/08/08/19/57/53-05820.jpg
2026-08-08 19:58:15,776 [INFO] Capturing response: https://global.siteyaptim.live/bein2/tracks-v1a1/2026/08/08/19/57/53-05820.jpg 200 
2026-08-08 19:58:15,968 [INFO] Capturing request: https://global.siteyaptim.live/bein2/tracks-v1a1/2026/08/08/19/57/59-05000.jpg
2026-08-08 19:58:16,404 [INFO] Capturing response: https://global.siteyaptim.live/bein2/tracks-v1a1/2026/08/08/19/57/59-05000.jpg 200 
2026-08-08 19:58:16,608 [INFO] Capturing request: https://global.siteyaptim.live/bein2/tracks-v1a1/2026/08/08/19/58/04-05000.jpg
2026-08-08 19:58:17,111 [INFO] Capturing response: https://global.siteyaptim.live/bein2/tracks-v1a1/2026/08/08/19/58/04-05000.jpg 200 
2026-08-08 19:58:17,334 [INFO] Capturing request: https://global.siteyaptim.live/bein2/tracks-v1a1/2026/08/08/19/58/09-07420.jpg
2026-08-08 19:58:17,711 [INFO]   ✅ M3U8 bulundu: https://corestream.siteyaptim.live//bein2/tracks-v1a1/mono.m3u8
2026-08-08 19:58:17,937 [INFO] Capturing response: https://global.siteyaptim.live/bein2/tracks-v1a1/2026/08/08/19/58/09-07420.jpg 200 
2026-08-08 19:58:18,712 [INFO] 
[3/14]
2026-08-08 19:58:18,712 [INFO] 🔍 beIN Sports 3 → https://www.atomsportv512.top/matches?id=bein-sports-3
2026-08-08 19:58:18,825 [INFO] Capturing request: https://www.atomsportv512.top/matches?id=bein-sports-3
2026-08-08 19:58:19,020 [INFO] Capturing response: https://www.atomsportv512.top/matches?id=bein-sports-3 200 
2026-08-08 19:58:19,152 [INFO] Capturing request: https://teletv5.top/load/yayinlink.php?id=bein-sports-3
2026-08-08 19:58:19,154 [INFO] Capturing request: https://www.atomsportv512.top/favicon.ico
2026-08-08 19:58:19,184 [INFO] Capturing response: https://www.atomsportv512.top/favicon.ico 200 
2026-08-08 19:58:19,246 [INFO] Capturing request: https://streamsport365.com/cinema
2026-08-08 19:58:19,314 [INFO] Capturing response: https://teletv5.top/load/yayinlink.php?id=bein-sports-3 200 
2026-08-08 19:58:19,495 [INFO] Capturing response: https://streamsport365.com/cinema 200 
2026-08-08 19:58:19,607 [INFO] Capturing request: https://www.atomsportv512.top/assets/img/player/player_logo_6a72b29dbcd89.png
2026-08-08 19:58:19,617 [INFO] Capturing request: https://corestream.siteyaptim.live//bein3/tracks-v1a1/mono.m3u8
2026-08-08 19:58:19,724 [INFO] Capturing response: https://www.atomsportv512.top/assets/img/player/player_logo_6a72b29dbcd89.png 304 
2026-08-08 19:58:19,736 [INFO] Capturing response: https://corestream.siteyaptim.live//bein3/tracks-v1a1/mono.m3u8 200 
2026-08-08 19:58:19,846 [INFO] Capturing request: https://global.siteyaptim.live/bein3/tracks-v1a1/2026/08/08/19/58/06-05000.jpg
2026-08-08 19:58:20,206 [INFO] Capturing response: https://global.siteyaptim.live/bein3/tracks-v1a1/2026/08/08/19/58/06-05000.jpg 200 
2026-08-08 19:58:20,412 [INFO] Capturing request: https://global.siteyaptim.live/bein3/tracks-v1a1/2026/08/08/19/58/11-05000.jpg
2026-08-08 19:58:20,773 [INFO] Capturing response: https://global.siteyaptim.live/bein3/tracks-v1a1/2026/08/08/19/58/11-05000.jpg 200 
2026-08-08 19:58:20,965 [INFO] Capturing request: https://global.siteyaptim.live/bein3/tracks-v1a1/2026/08/08/19/58/16-05000.jpg
2026-08-08 19:58:21,327 [INFO] Capturing response: https://global.siteyaptim.live/bein3/tracks-v1a1/2026/08/08/19/58/16-05000.jpg 200 
2026-08-08 19:58:22,069 [INFO]   ✅ M3U8 bulundu: https://corestream.siteyaptim.live//bein3/tracks-v1a1/mono.m3u8
2026-08-08 19:58:23,070 [INFO] 
[4/14]
2026-08-08 19:58:23,070 [INFO] 🔍 beIN Sports 4 → https://www.atomsportv512.top/matches?id=bein-sports-4
2026-08-08 19:58:23,181 [INFO] Capturing request: https://www.atomsportv512.top/matches?id=bein-sports-4
2026-08-08 19:58:23,373 [INFO] Capturing response: https://www.atomsportv512.top/matches?id=bein-sports-4 200 
2026-08-08 19:58:23,407 [INFO] Capturing request: https://streamsport365.com/cinema
2026-08-08 19:58:23,507 [INFO] Capturing request: https://teletv5.top/load/yayinlink.php?id=bein-sports-4
2026-08-08 19:58:23,514 [INFO] Capturing request: https://www.atomsportv512.top/favicon.ico
2026-08-08 19:58:23,543 [INFO] Capturing response: https://www.atomsportv512.top/favicon.ico 200 
2026-08-08 19:58:23,641 [INFO] Capturing response: https://streamsport365.com/cinema 200 
2026-08-08 19:58:23,686 [INFO] Capturing response: https://teletv5.top/load/yayinlink.php?id=bein-sports-4 200 
2026-08-08 19:58:23,838 [INFO] Capturing request: https://www.atomsportv512.top/assets/img/player/player_logo_6a72b29dbcd89.png
2026-08-08 19:58:23,848 [INFO] Capturing request: https://corestream.siteyaptim.live//bein4/tracks-v1a1/mono.m3u8
2026-08-08 19:58:23,955 [INFO] Capturing response: https://www.atomsportv512.top/assets/img/player/player_logo_6a72b29dbcd89.png 304 
2026-08-08 19:58:23,987 [INFO] Capturing response: https://corestream.siteyaptim.live//bein4/tracks-v1a1/mono.m3u8 200 
2026-08-08 19:58:24,137 [INFO] Capturing request: https://global.siteyaptim.live/bein4/tracks-v1a1/2026/08/08/19/57/48-10000.jpg
2026-08-08 19:58:25,225 [INFO] Capturing response: https://global.siteyaptim.live/bein4/tracks-v1a1/2026/08/08/19/57/48-10000.jpg 200 
2026-08-08 19:58:25,526 [INFO] Capturing request: https://global.siteyaptim.live/bein4/tracks-v1a1/2026/08/08/19/57/58-10000.jpg
2026-08-08 19:58:26,469 [INFO]   ✅ M3U8 bulundu: https://corestream.siteyaptim.live//bein4/tracks-v1a1/mono.m3u8
2026-08-08 19:58:26,547 [INFO] Capturing response: https://global.siteyaptim.live/bein4/tracks-v1a1/2026/08/08/19/57/58-10000.jpg 200 
2026-08-08 19:58:26,844 [INFO] Capturing request: https://global.siteyaptim.live/bein4/tracks-v1a1/2026/08/08/19/58/08-10000.jpg
2026-08-08 19:58:27,469 [INFO] 
[5/14]
2026-08-08 19:58:27,469 [INFO] 🔍 beIN Sports 5 → https://www.atomsportv512.top/matches?id=bein-sports-5
2026-08-08 19:58:27,581 [INFO] Capturing request: https://www.atomsportv512.top/matches?id=bein-sports-5
2026-08-08 19:58:27,748 [INFO] Capturing response: https://global.siteyaptim.live/bein4/tracks-v1a1/2026/08/08/19/58/08-10000.jpg 200 
2026-08-08 19:58:27,774 [INFO] Capturing response: https://www.atomsportv512.top/matches?id=bein-sports-5 200 
2026-08-08 19:58:27,921 [INFO] Capturing request: https://teletv5.top/load/yayinlink.php?id=bein-sports-5
2026-08-08 19:58:27,922 [INFO] Capturing request: https://www.atomsportv512.top/favicon.ico
2026-08-08 19:58:27,952 [INFO] Capturing response: https://www.atomsportv512.top/favicon.ico 200 
2026-08-08 19:58:28,016 [INFO] Capturing request: https://streamsport365.com/cinema
2026-08-08 19:58:28,079 [INFO] Capturing response: https://teletv5.top/load/yayinlink.php?id=bein-sports-5 200 
2026-08-08 19:58:28,258 [INFO] Capturing response: https://streamsport365.com/cinema 200 
2026-08-08 19:58:28,369 [INFO] Capturing request: https://www.atomsportv512.top/assets/img/player/player_logo_6a72b29dbcd89.png
2026-08-08 19:58:28,379 [INFO] Capturing request: https://corestream.siteyaptim.live//bein5/tracks-v1a1/mono.m3u8
2026-08-08 19:58:28,495 [INFO] Capturing response: https://www.atomsportv512.top/assets/img/player/player_logo_6a72b29dbcd89.png 304 
2026-08-08 19:58:28,501 [INFO] Capturing response: https://corestream.siteyaptim.live//bein5/tracks-v1a1/mono.m3u8 200 
2026-08-08 19:58:28,611 [INFO] Capturing request: https://global.siteyaptim.live/bein5/tracks-v1a1/2026/08/08/19/58/44-10000.jpg
2026-08-08 19:58:29,894 [INFO] Capturing response: https://global.siteyaptim.live/bein5/tracks-v1a1/2026/08/08/19/58/44-10000.jpg 200 
2026-08-08 19:58:30,248 [INFO] Capturing request: https://global.siteyaptim.live/bein5/tracks-v1a1/2026/08/08/19/58/54-10000.jpg
2026-08-08 19:58:30,832 [INFO]   ✅ M3U8 bulundu: https://corestream.siteyaptim.live//bein5/tracks-v1a1/mono.m3u8
2026-08-08 19:58:31,394 [INFO] Capturing response: https://global.siteyaptim.live/bein5/tracks-v1a1/2026/08/08/19/58/54-10000.jpg 200 
2026-08-08 19:58:31,732 [INFO] Capturing request: https://global.siteyaptim.live/bein5/tracks-v1a1/2026/08/08/19/59/04-10000.jpg
2026-08-08 19:58:31,833 [INFO] 
[6/14]
2026-08-08 19:58:31,833 [INFO] 🔍 beIN Sports Max 1 → https://www.atomsportv512.top/matches?id=bein-sports-max-1
2026-08-08 19:58:31,944 [INFO] Capturing request: https://www.atomsportv512.top/matches?id=bein-sports-max-1
2026-08-08 19:58:32,137 [INFO] Capturing response: https://www.atomsportv512.top/matches?id=bein-sports-max-1 200 
2026-08-08 19:58:32,173 [INFO] Capturing request: https://streamsport365.com/cinema
2026-08-08 19:58:32,284 [INFO] Capturing request: https://www.atomsportv512.top/favicon.ico
2026-08-08 19:58:32,284 [INFO] Capturing request: https://teletv5.top/load/yayinlink.php?id=bein-sports-max-1
2026-08-08 19:58:32,310 [INFO] Capturing response: https://www.atomsportv512.top/favicon.ico 200 
2026-08-08 19:58:32,426 [INFO] Capturing response: https://streamsport365.com/cinema 200 
2026-08-08 19:58:32,450 [INFO] Capturing response: https://teletv5.top/load/yayinlink.php?id=bein-sports-max-1 200 
2026-08-08 19:58:32,605 [INFO] Capturing request: https://www.atomsportv512.top/assets/img/player/player_logo_6a72b29dbcd89.png
2026-08-08 19:58:32,617 [INFO] Capturing request: https://corestream.siteyaptim.live//beinmax1/tracks-v1a1/mono.m3u8
2026-08-08 19:58:32,725 [INFO] Capturing response: https://www.atomsportv512.top/assets/img/player/player_logo_6a72b29dbcd89.png 304 
2026-08-08 19:58:32,749 [INFO] Capturing response: https://corestream.siteyaptim.live//beinmax1/tracks-v1a1/mono.m3u8 200 
2026-08-08 19:58:32,900 [INFO] Capturing request: https://global.siteyaptim.live/beinmax1/tracks-v1a1/2026/08/08/19/58/05-10000.jpg
2026-08-08 19:58:32,903 [INFO] Capturing response: https://global.siteyaptim.live/bein5/tracks-v1a1/2026/08/08/19/59/04-10000.jpg 200 
2026-08-08 19:58:33,015 [INFO] 127.0.0.1:36090: ProtocolException("Error in HTTP connection: Http2ZombieException('Connection or stream already dead: 1786219113.0147457, False')")
2026-08-08 19:58:33,615 [INFO] Capturing response: https://global.siteyaptim.live/beinmax1/tracks-v1a1/2026/08/08/19/58/05-10000.jpg 200 
2026-08-08 19:58:33,856 [INFO] Capturing request: https://global.siteyaptim.live/beinmax1/tracks-v1a1/2026/08/08/19/58/15-10000.jpg
2026-08-08 19:58:34,446 [INFO] Capturing response: https://global.siteyaptim.live/beinmax1/tracks-v1a1/2026/08/08/19/58/15-10000.jpg 200 
2026-08-08 19:58:34,685 [INFO] Capturing request: https://global.siteyaptim.live/beinmax1/tracks-v1a1/2026/08/08/19/58/25-10000.jpg
2026-08-08 19:58:35,196 [INFO]   ✅ M3U8 bulundu: https://corestream.siteyaptim.live//beinmax1/tracks-v1a1/mono.m3u8
2026-08-08 19:58:35,306 [INFO] Capturing response: https://global.siteyaptim.live/beinmax1/tracks-v1a1/2026/08/08/19/58/25-10000.jpg 200 
2026-08-08 19:58:36,196 [INFO] 
[7/14]
2026-08-08 19:58:36,196 [INFO] 🔍 beIN Sports Max 2 → https://www.atomsportv512.top/matches?id=bein-sports-max-2
2026-08-08 19:58:36,307 [INFO] Capturing request: https://www.atomsportv512.top/matches?id=bein-sports-max-2
2026-08-08 19:58:36,499 [INFO] Capturing response: https://www.atomsportv512.top/matches?id=bein-sports-max-2 200 
2026-08-08 19:58:36,627 [INFO] Capturing request: https://teletv5.top/load/yayinlink.php?id=bein-sports-max-2
2026-08-08 19:58:36,632 [INFO] Capturing request: https://www.atomsportv512.top/favicon.ico
2026-08-08 19:58:36,660 [INFO] Capturing response: https://www.atomsportv512.top/favicon.ico 200 
2026-08-08 19:58:36,724 [INFO] Capturing request: https://streamsport365.com/cinema
2026-08-08 19:58:36,789 [INFO] Capturing response: https://teletv5.top/load/yayinlink.php?id=bein-sports-max-2 200 
2026-08-08 19:58:36,962 [INFO] Capturing response: https://streamsport365.com/cinema 200 
2026-08-08 19:58:37,072 [INFO] Capturing request: https://www.atomsportv512.top/assets/img/player/player_logo_6a72b29dbcd89.png
2026-08-08 19:58:37,081 [INFO] Capturing request: https://corestream.siteyaptim.live//hls/s-sport.m3u8
2026-08-08 19:58:37,189 [INFO] Capturing response: https://www.atomsportv512.top/assets/img/player/player_logo_6a72b29dbcd89.png 304 
2026-08-08 19:58:37,204 [INFO] Capturing response: https://corestream.siteyaptim.live//hls/s-sport.m3u8 404 
2026-08-08 19:58:37,987 [INFO] Capturing request: https://android.clients.google.com/c2dm/register3
2026-08-08 19:58:38,028 [INFO] Capturing response: https://android.clients.google.com/c2dm/register3 301 
2026-08-08 19:58:39,327 [INFO] Capturing request: https://corestream.siteyaptim.live//hls/s-sport.m3u8
2026-08-08 19:58:39,446 [INFO] Capturing response: https://corestream.siteyaptim.live//hls/s-sport.m3u8 404 
2026-08-08 19:58:39,544 [INFO]   ✅ M3U8 bulundu: https://corestream.siteyaptim.live//hls/s-sport.m3u8
2026-08-08 19:58:40,544 [INFO] 
[8/14]
2026-08-08 19:58:40,544 [INFO] 🔍 S Sport → https://www.atomsportv512.top/matches?id=s-sport
2026-08-08 19:58:40,653 [INFO] Capturing request: https://www.atomsportv512.top/matches?id=s-sport
2026-08-08 19:58:40,981 [INFO] Capturing response: https://www.atomsportv512.top/matches?id=s-sport 200 
2026-08-08 19:58:41,015 [INFO] Capturing request: https://streamsport365.com/cinema
2026-08-08 19:58:41,115 [INFO] Capturing request: https://teletv5.top/load/yayinlink.php?id=s-sport
2026-08-08 19:58:41,121 [INFO] Capturing request: https://www.atomsportv512.top/favicon.ico
2026-08-08 19:58:41,149 [INFO] Capturing response: https://www.atomsportv512.top/favicon.ico 200 
2026-08-08 19:58:41,252 [INFO] Capturing response: https://streamsport365.com/cinema 200 
2026-08-08 19:58:41,273 [INFO] Capturing response: https://teletv5.top/load/yayinlink.php?id=s-sport 200 
2026-08-08 19:58:41,424 [INFO] Capturing request: https://www.atomsportv512.top/assets/img/player/player_logo_6a72b29dbcd89.png
2026-08-08 19:58:41,432 [INFO] Capturing request: https://corestream.siteyaptim.live//s-sport/tracks-v1a1/mono.m3u8
2026-08-08 19:58:41,542 [INFO] Capturing response: https://www.atomsportv512.top/assets/img/player/player_logo_6a72b29dbcd89.png 304 
2026-08-08 19:58:41,556 [INFO] Capturing response: https://corestream.siteyaptim.live//s-sport/tracks-v1a1/mono.m3u8 200 
2026-08-08 19:58:41,666 [INFO] Capturing request: https://global.siteyaptim.live/s-sport/tracks-v1a1/2026/08/08/19/58/33-19235.jpg
2026-08-08 19:58:42,673 [INFO] Capturing response: https://global.siteyaptim.live/s-sport/tracks-v1a1/2026/08/08/19/58/33-19235.jpg 200 
2026-08-08 19:58:42,956 [INFO] Capturing request: https://global.siteyaptim.live/s-sport/tracks-v1a1/2026/08/08/19/58/52-07220.jpg
2026-08-08 19:58:43,713 [INFO] Capturing response: https://global.siteyaptim.live/s-sport/tracks-v1a1/2026/08/08/19/58/52-07220.jpg 200 
2026-08-08 19:58:43,996 [INFO] Capturing request: https://global.siteyaptim.live/s-sport/tracks-v1a1/2026/08/08/19/58/59-06980.jpg
2026-08-08 19:58:44,045 [INFO]   ✅ M3U8 bulundu: https://corestream.siteyaptim.live//s-sport/tracks-v1a1/mono.m3u8
2026-08-08 19:58:44,734 [INFO] Capturing response: https://global.siteyaptim.live/s-sport/tracks-v1a1/2026/08/08/19/58/59-06980.jpg 200 
2026-08-08 19:58:44,991 [INFO] Capturing request: https://global.siteyaptim.live/s-sport/tracks-v1a1/2026/08/08/19/58/52-07220.jpg
2026-08-08 19:58:45,046 [INFO] 
[9/14]
2026-08-08 19:58:45,047 [INFO] 🔍 S Sport 2 → https://www.atomsportv512.top/matches?id=s-sport-2
2026-08-08 19:58:45,165 [INFO] Capturing request: https://www.atomsportv512.top/matches?id=s-sport-2
2026-08-08 19:58:45,361 [INFO] Capturing response: https://www.atomsportv512.top/matches?id=s-sport-2 200 
2026-08-08 19:58:45,504 [INFO] Capturing request: https://teletv5.top/load/yayinlink.php?id=s-sport-2
2026-08-08 19:58:45,506 [INFO] Capturing request: https://www.atomsportv512.top/favicon.ico
2026-08-08 19:58:45,539 [INFO] Capturing response: https://www.atomsportv512.top/favicon.ico 200 
2026-08-08 19:58:45,599 [INFO] Capturing request: https://streamsport365.com/cinema
2026-08-08 19:58:45,603 [INFO] Capturing response: https://global.siteyaptim.live/s-sport/tracks-v1a1/2026/08/08/19/58/52-07220.jpg 200 
2026-08-08 19:58:45,653 [INFO] 127.0.0.1:36090: ProtocolException("Error in HTTP connection: Http2ZombieException('Connection or stream already dead: 1786219125.652741, False')")
2026-08-08 19:58:45,664 [INFO] Capturing response: https://teletv5.top/load/yayinlink.php?id=s-sport-2 200 
2026-08-08 19:58:45,841 [INFO] Capturing response: https://streamsport365.com/cinema 200 
2026-08-08 19:58:45,952 [INFO] Capturing request: https://www.atomsportv512.top/assets/img/player/player_logo_6a72b29dbcd89.png
2026-08-08 19:58:45,963 [INFO] Capturing request: https://corestream.siteyaptim.live//s-sport2/tracks-v1a1/mono.m3u8
2026-08-08 19:58:46,072 [INFO] Capturing response: https://www.atomsportv512.top/assets/img/player/player_logo_6a72b29dbcd89.png 304 
2026-08-08 19:58:46,086 [INFO] Capturing response: https://corestream.siteyaptim.live//s-sport2/tracks-v1a1/mono.m3u8 200 
2026-08-08 19:58:46,196 [INFO] Capturing request: https://global.siteyaptim.live/s-sport2/tracks-v1a1/2026/08/08/19/58/25-10000.jpg
2026-08-08 19:58:46,891 [INFO] Capturing response: https://global.siteyaptim.live/s-sport2/tracks-v1a1/2026/08/08/19/58/25-10000.jpg 200 
2026-08-08 19:58:47,150 [INFO] Capturing request: https://global.siteyaptim.live/s-sport2/tracks-v1a1/2026/08/08/19/58/35-10000.jpg
2026-08-08 19:58:47,896 [INFO] Capturing response: https://global.siteyaptim.live/s-sport2/tracks-v1a1/2026/08/08/19/58/35-10000.jpg 200 
2026-08-08 19:58:48,157 [INFO] Capturing request: https://global.siteyaptim.live/s-sport2/tracks-v1a1/2026/08/08/19/58/45-10000.jpg
2026-08-08 19:58:48,425 [INFO]   ✅ M3U8 bulundu: https://corestream.siteyaptim.live//s-sport2/tracks-v1a1/mono.m3u8
2026-08-08 19:58:48,945 [INFO] Capturing response: https://global.siteyaptim.live/s-sport2/tracks-v1a1/2026/08/08/19/58/45-10000.jpg 200 
2026-08-08 19:58:49,425 [INFO] 
[10/14]
2026-08-08 19:58:49,425 [INFO] 🔍 A Spor → https://www.atomsportv512.top/matches?id=a-spor
2026-08-08 19:58:49,536 [INFO] Capturing request: https://www.atomsportv512.top/matches?id=a-spor
2026-08-08 19:58:49,729 [INFO] Capturing response: https://www.atomsportv512.top/matches?id=a-spor 200 
2026-08-08 19:58:49,761 [INFO] Capturing request: https://streamsport365.com/cinema
2026-08-08 19:58:49,861 [INFO] Capturing request: https://teletv5.top/load/yayinlink.php?id=a-spor
2026-08-08 19:58:49,861 [INFO] Capturing request: https://www.atomsportv512.top/favicon.ico
2026-08-08 19:58:49,892 [INFO] Capturing response: https://www.atomsportv512.top/favicon.ico 200 
2026-08-08 19:58:50,008 [INFO] Capturing response: https://streamsport365.com/cinema 200 
2026-08-08 19:58:50,016 [INFO] Capturing response: https://teletv5.top/load/yayinlink.php?id=a-spor 200 
2026-08-08 19:58:50,167 [INFO] Capturing request: https://www.atomsportv512.top/assets/img/player/player_logo_6a72b29dbcd89.png
2026-08-08 19:58:50,176 [INFO] Capturing request: https://corestream.siteyaptim.live//aspor/tracks-v1a1/mono.m3u8
2026-08-08 19:58:50,285 [INFO] Capturing response: https://www.atomsportv512.top/assets/img/player/player_logo_6a72b29dbcd89.png 304 
2026-08-08 19:58:50,307 [INFO] Capturing response: https://corestream.siteyaptim.live//aspor/tracks-v1a1/mono.m3u8 200 
2026-08-08 19:58:50,457 [INFO] Capturing request: https://global.siteyaptim.live/aspor/tracks-v1a1/2026/08/08/19/59/31-10000.jpg
2026-08-08 19:58:51,245 [INFO] Capturing response: https://global.siteyaptim.live/aspor/tracks-v1a1/2026/08/08/19/59/31-10000.jpg 200 
2026-08-08 19:58:51,523 [INFO] Capturing request: https://global.siteyaptim.live/aspor/tracks-v1a1/2026/08/08/19/59/41-10000.jpg
2026-08-08 19:58:52,297 [INFO] Capturing response: https://global.siteyaptim.live/aspor/tracks-v1a1/2026/08/08/19/59/41-10000.jpg 200 
2026-08-08 19:58:52,569 [INFO] Capturing request: https://global.siteyaptim.live/aspor/tracks-v1a1/2026/08/08/19/59/51-10000.jpg
2026-08-08 19:58:52,780 [INFO]   ✅ M3U8 bulundu: https://corestream.siteyaptim.live//aspor/tracks-v1a1/mono.m3u8
2026-08-08 19:58:53,402 [INFO] Capturing response: https://global.siteyaptim.live/aspor/tracks-v1a1/2026/08/08/19/59/51-10000.jpg 200 
2026-08-08 19:58:53,781 [INFO] 
[11/14]
2026-08-08 19:58:53,781 [INFO] 🔍 Tivibu Spor 1 → https://www.atomsportv512.top/matches?id=tivibu-spor-1
2026-08-08 19:58:53,893 [INFO] Capturing request: https://www.atomsportv512.top/matches?id=tivibu-spor-1
2026-08-08 19:58:54,087 [INFO] Capturing response: https://www.atomsportv512.top/matches?id=tivibu-spor-1 200 
2026-08-08 19:58:54,221 [INFO] Capturing request: https://teletv5.top/load/yayinlink.php?id=tivibu-spor-1
2026-08-08 19:58:54,223 [INFO] Capturing request: https://www.atomsportv512.top/favicon.ico
2026-08-08 19:58:54,251 [INFO] Capturing response: https://www.atomsportv512.top/favicon.ico 200 
2026-08-08 19:58:54,313 [INFO] Capturing request: https://streamsport365.com/cinema
2026-08-08 19:58:54,383 [INFO] Capturing response: https://teletv5.top/load/yayinlink.php?id=tivibu-spor-1 200 
2026-08-08 19:58:54,550 [INFO] Capturing response: https://streamsport365.com/cinema 200 
2026-08-08 19:59:08,975 [INFO] Capturing request: https://update.googleapis.com/service/update2/json?cup2key=16:7PMT6OsCEaNZ5JYFP28Hh-vbXppSe-ENxIRoujQ2tTs&cup2hreq=4de371c556576d5950614dc3f04d392a0269f71fd858b68f0fd131a5448b9429
2026-08-08 19:59:09,011 [INFO] Capturing response: https://update.googleapis.com/service/update2/json?cup2key=16:7PMT6OsCEaNZ5JYFP28Hh-vbXppSe-ENxIRoujQ2tTs&cup2hreq=4de371c556576d5950614dc3f04d392a0269f71fd858b68f0fd131a5448b9429 200 
2026-08-08 19:59:09,017 [INFO] Capturing request: http://edgedl.me.gvt1.com/edgedl/diffgen-puffin/gcmjkmgdlgnkkcocmoeiminaijmmjnii/6ca5bdb9f3e2cd83b7e359729bc6c33c4fe975ec499861d969b3e080320849ff
2026-08-08 19:59:09,046 [INFO] Capturing response: http://edgedl.me.gvt1.com/edgedl/diffgen-puffin/gcmjkmgdlgnkkcocmoeiminaijmmjnii/6ca5bdb9f3e2cd83b7e359729bc6c33c4fe975ec499861d969b3e080320849ff 200 OK
2026-08-08 19:59:09,073 [INFO] Capturing request: https://update.googleapis.com/service/update2/json
2026-08-08 19:59:09,103 [INFO] Capturing response: https://update.googleapis.com/service/update2/json 200 
2026-08-08 19:59:09,149 [INFO] Capturing request: http://edgedl.me.gvt1.com/edgedl/release2/chrome_component/accwpdz3a776ets3elxapx7mxpdq_10702/hfnkpimlhhgieaddgfemjhofmfblmnib_10702_all_h2ulgu2ka4h7ycemuz4l4fsm5e.crx3
2026-08-08 19:59:09,185 [INFO] Capturing response: http://edgedl.me.gvt1.com/edgedl/release2/chrome_component/accwpdz3a776ets3elxapx7mxpdq_10702/hfnkpimlhhgieaddgfemjhofmfblmnib_10702_all_h2ulgu2ka4h7ycemuz4l4fsm5e.crx3 200 OK
2026-08-08 19:59:09,217 [INFO] Capturing request: https://update.googleapis.com/service/update2/json
2026-08-08 19:59:09,243 [INFO] Capturing response: https://update.googleapis.com/service/update2/json 200 
2026-08-08 19:59:27,416 [WARNING]   ❌ Tivibu Spor 1 için M3U8 bulunamadı
2026-08-08 19:59:28,417 [INFO] 
[12/14]
2026-08-08 19:59:28,417 [INFO] 🔍 Tivibu Spor 2 → https://www.atomsportv512.top/matches?id=tivibu-spor-2
2026-08-08 19:59:28,567 [INFO] Capturing request: https://www.atomsportv512.top/matches?id=tivibu-spor-2
2026-08-08 19:59:29,331 [INFO] Capturing response: https://www.atomsportv512.top/matches?id=tivibu-spor-2 200 
2026-08-08 19:59:29,493 [INFO] Capturing request: https://www.atomsportv512.top/favicon.ico
2026-08-08 19:59:29,531 [INFO] Capturing response: https://www.atomsportv512.top/favicon.ico 200 
2026-08-08 19:59:29,535 [INFO] Capturing request: https://teletv5.top/load/yayinlink.php?id=tivibu-spor-2
2026-08-08 19:59:29,564 [INFO] Capturing response: https://teletv5.top/load/yayinlink.php?id=tivibu-spor-2 200 
2026-08-08 19:59:29,927 [INFO] Capturing request: https://streamsport365.com/cinema
2026-08-08 19:59:30,180 [INFO] Capturing response: https://streamsport365.com/cinema 200 
2026-08-08 19:59:33,449 [INFO] Capturing request: https://android.clients.google.com/c2dm/register3
2026-08-08 19:59:33,485 [INFO] Capturing response: https://android.clients.google.com/c2dm/register3 301 
2026-08-08 20:00:02,647 [WARNING]   ❌ Tivibu Spor 2 için M3U8 bulunamadı
2026-08-08 20:00:03,648 [INFO] 
[13/14]
2026-08-08 20:00:03,648 [INFO] 🔍 Tivibu Spor 3 → https://www.atomsportv512.top/matches?id=tivibu-spor-3
2026-08-08 20:00:03,756 [INFO] Capturing request: https://www.atomsportv512.top/matches?id=tivibu-spor-3
2026-08-08 20:00:04,092 [INFO] Capturing response: https://www.atomsportv512.top/matches?id=tivibu-spor-3 200 
2026-08-08 20:00:04,231 [INFO] Capturing request: https://teletv5.top/load/yayinlink.php?id=tivibu-spor-3
2026-08-08 20:00:04,233 [INFO] Capturing request: https://www.atomsportv512.top/favicon.ico
2026-08-08 20:00:04,251 [INFO] Capturing response: https://teletv5.top/load/yayinlink.php?id=tivibu-spor-3 200 
2026-08-08 20:00:04,265 [INFO] Capturing response: https://www.atomsportv512.top/favicon.ico 200 
2026-08-08 20:00:04,328 [INFO] Capturing request: https://streamsport365.com/cinema
2026-08-08 20:00:04,570 [INFO] Capturing response: https://streamsport365.com/cinema 200 
2026-08-08 20:00:37,385 [WARNING]   ❌ Tivibu Spor 3 için M3U8 bulunamadı
2026-08-08 20:00:38,385 [INFO] 
[14/14]
2026-08-08 20:00:38,385 [INFO] 🔍 Tivibu Spor 4 → https://www.atomsportv512.top/matches?id=tivibu-spor-4
2026-08-08 20:00:38,496 [INFO] Capturing request: https://www.atomsportv512.top/matches?id=tivibu-spor-4
2026-08-08 20:00:38,823 [INFO] Capturing response: https://www.atomsportv512.top/matches?id=tivibu-spor-4 200 
2026-08-08 20:00:38,956 [INFO] Capturing request: https://teletv5.top/load/yayinlink.php?id=tivibu-spor-4
2026-08-08 20:00:38,963 [INFO] Capturing request: https://www.atomsportv512.top/favicon.ico
2026-08-08 20:00:38,991 [INFO] Capturing response: https://www.atomsportv512.top/favicon.ico 200 
2026-08-08 20:00:39,054 [INFO] Capturing request: https://streamsport365.com/cinema
2026-08-08 20:00:39,222 [INFO] Capturing response: https://teletv5.top/load/yayinlink.php?id=tivibu-spor-4 200 
2026-08-08 20:00:39,304 [INFO] Capturing response: https://streamsport365.com/cinema 200 
2026-08-08 20:01:12,114 [WARNING]   ❌ Tivibu Spor 4 için M3U8 bulunamadı
2026-08-08 20:01:13,180 [INFO] ✅ 10 kanal bulundu, playlist.m3u kaydedildi
