2026-08-15 15:21:49,402 [INFO] 🌐 BASE_URL: https://www.atomsportv512.top
2026-08-15 15:21:50,529 [INFO] Başlanıyor... 14 kanal taranacak
2026-08-15 15:21:50,529 [INFO] Using default request storage
2026-08-15 15:21:50,533 [INFO] Created proxy listening on 127.0.0.1:37857
2026-08-15 15:21:51,205 [INFO] Capturing request: http://clients2.google.com/time/1/current?cup2key=10:J5rn3Ym4o84OMtPyYnJmaovlDzbfeqA6A23Z0bMzP4c&cup2hreq=e3b0c44298fc1c149afbf4c8996fb92427ae41e4649b934ca495991b7852b855
2026-08-15 15:21:51,258 [INFO] Capturing response: http://clients2.google.com/time/1/current?cup2key=10:J5rn3Ym4o84OMtPyYnJmaovlDzbfeqA6A23Z0bMzP4c&cup2hreq=e3b0c44298fc1c149afbf4c8996fb92427ae41e4649b934ca495991b7852b855 200 OK
2026-08-15 15:21:51,531 [INFO] 
[1/14]
2026-08-15 15:21:51,531 [INFO] 🔍 beIN Sports 1 → https://www.atomsportv512.top/matches?id=bein-sports-1
2026-08-15 15:21:51,588 [INFO] Capturing request: https://accounts.google.com/ListAccounts?gpsia=1&source=ChromiumBrowser&json=standard&laf=b64bin
2026-08-15 15:21:51,601 [INFO] Capturing request: https://update.googleapis.com/service/update2/json?cup2key=16:EMO0MXZwnM7nlWs57ciePZN2m7WKVQdDrspUy5BuLrU&cup2hreq=0d66289622c398eac89c9c799cf6c7165c9edae38fd0f721bb23eb365b7f7bbe
2026-08-15 15:21:51,668 [INFO] Capturing response: https://update.googleapis.com/service/update2/json?cup2key=16:EMO0MXZwnM7nlWs57ciePZN2m7WKVQdDrspUy5BuLrU&cup2hreq=0d66289622c398eac89c9c799cf6c7165c9edae38fd0f721bb23eb365b7f7bbe 200 
2026-08-15 15:21:51,676 [INFO] Capturing request: https://www.google.com/async/folae?async=_fmt:pb&udm=50&client_locale=en-US&client_country=ZZ
2026-08-15 15:21:51,698 [INFO] Capturing response: https://accounts.google.com/ListAccounts?gpsia=1&source=ChromiumBrowser&json=standard&laf=b64bin 200 
2026-08-15 15:21:51,718 [INFO] Capturing request: https://update.googleapis.com/service/update2/json?cup2key=16:UJw_5lWi4M0FIrRWDmPHJ4Qc9uHDLnAOBuwj7Ayr1T8&cup2hreq=aedacc003b3297a9c70f942332baeb13a1cdd334033c88ae92a4c6606d69cf48
2026-08-15 15:21:51,719 [INFO] Capturing response: https://www.google.com/async/folae?async=_fmt:pb&udm=50&client_locale=en-US&client_country=ZZ 200 
2026-08-15 15:21:51,738 [INFO] Capturing request: https://www.atomsportv512.top/matches?id=bein-sports-1
2026-08-15 15:21:51,746 [INFO] Capturing response: https://update.googleapis.com/service/update2/json?cup2key=16:UJw_5lWi4M0FIrRWDmPHJ4Qc9uHDLnAOBuwj7Ayr1T8&cup2hreq=aedacc003b3297a9c70f942332baeb13a1cdd334033c88ae92a4c6606d69cf48 200 
2026-08-15 15:21:51,792 [INFO] Capturing request: https://update.googleapis.com/service/update2/json?cup2key=16:HSgv8Slb0cm-rUYU3r4ZjNAB-m6otdOMIvQQxNlbV0U&cup2hreq=30a7bbecbfa353d92c79c9fa3bcace0251b98fd5d5d2c7bf797b48eff3027acc
2026-08-15 15:21:51,819 [INFO] Capturing response: https://update.googleapis.com/service/update2/json?cup2key=16:HSgv8Slb0cm-rUYU3r4ZjNAB-m6otdOMIvQQxNlbV0U&cup2hreq=30a7bbecbfa353d92c79c9fa3bcace0251b98fd5d5d2c7bf797b48eff3027acc 200 
2026-08-15 15:21:51,945 [INFO] Capturing request: https://www.google.com/async/folae?async=_fmt:pb&udm=50&client_locale=en-US&client_country=ZZ
2026-08-15 15:21:51,982 [INFO] Capturing response: https://www.google.com/async/folae?async=_fmt:pb&udm=50&client_locale=en-US&client_country=ZZ 200 
2026-08-15 15:21:52,420 [INFO] Capturing response: https://www.atomsportv512.top/matches?id=bein-sports-1 200 
2026-08-15 15:21:52,637 [INFO] Capturing request: https://cdn.jsdelivr.net/npm/@clappr/player@0.11.16/dist/clappr.min.js
2026-08-15 15:21:52,640 [INFO] Capturing request: https://cdn.jsdelivr.net/npm/level-selector/dist/level-selector.min.js
2026-08-15 15:21:52,642 [INFO] Capturing request: https://cdn.jsdelivr.net/npm/@clappr/hlsjs-playback@1.8.3/dist/hlsjs-playback.min.js
2026-08-15 15:21:52,668 [INFO] Capturing response: https://cdn.jsdelivr.net/npm/level-selector/dist/level-selector.min.js 200 
2026-08-15 15:21:52,689 [INFO] Capturing response: https://cdn.jsdelivr.net/npm/@clappr/player@0.11.16/dist/clappr.min.js 200 
2026-08-15 15:21:52,693 [INFO] Capturing response: https://cdn.jsdelivr.net/npm/@clappr/hlsjs-playback@1.8.3/dist/hlsjs-playback.min.js 200 
2026-08-15 15:21:52,907 [INFO] Capturing request: https://www.atomsportv512.top/favicon.ico
2026-08-15 15:21:52,945 [INFO] Capturing response: https://www.atomsportv512.top/favicon.ico 200 
2026-08-15 15:21:53,021 [INFO] Capturing request: https://teletv5.top/load/yayinlink.php?id=bein-sports-1
2026-08-15 15:21:53,505 [INFO] Capturing request: https://streamsport365.com/cinema
2026-08-15 15:21:53,517 [INFO] Capturing response: https://teletv5.top/load/yayinlink.php?id=bein-sports-1 200 
2026-08-15 15:21:53,870 [INFO] Capturing response: https://streamsport365.com/cinema 200 
2026-08-15 15:21:54,002 [INFO] Capturing request: https://www.atomsportv512.top/assets/img/player/player_logo_6a72b29dbcd89.png
2026-08-15 15:21:54,039 [INFO] Capturing response: https://www.atomsportv512.top/assets/img/player/player_logo_6a72b29dbcd89.png 200 
2026-08-15 15:21:54,074 [INFO] Capturing request: https://corestream.siteyaptim.live//beintv/tracks-v1a1/mono.m3u8
2026-08-15 15:21:54,277 [INFO] Capturing response: https://corestream.siteyaptim.live//beintv/tracks-v1a1/mono.m3u8 200 
2026-08-15 15:21:54,503 [INFO] Capturing request: https://global.siteyaptim.live/beintv/tracks-v1a1/2026/08/15/15/21/26-10000.jpg
2026-08-15 15:21:54,691 [INFO] Capturing request: https://android.clients.google.com/checkin
2026-08-15 15:21:54,815 [INFO] Capturing response: https://android.clients.google.com/checkin 200 
2026-08-15 15:21:54,873 [INFO] Capturing request: https://android.clients.google.com/c2dm/register3
2026-08-15 15:21:54,875 [INFO] Capturing request: https://android.clients.google.com/c2dm/register3
2026-08-15 15:21:54,882 [INFO] Capturing request: https://android.clients.google.com/c2dm/register3
2026-08-15 15:21:54,887 [INFO] Capturing response: https://global.siteyaptim.live/beintv/tracks-v1a1/2026/08/15/15/21/26-10000.jpg 200 
2026-08-15 15:21:54,947 [INFO] Capturing response: https://android.clients.google.com/c2dm/register3 200 
2026-08-15 15:21:54,951 [INFO] Capturing response: https://android.clients.google.com/c2dm/register3 200 
2026-08-15 15:21:54,967 [INFO] Capturing response: https://android.clients.google.com/c2dm/register3 200 
2026-08-15 15:21:55,120 [INFO] Capturing request: https://global.siteyaptim.live/beintv/tracks-v1a1/2026/08/15/15/21/36-10000.jpg
2026-08-15 15:21:55,832 [INFO]   ✅ M3U8 bulundu: https://corestream.siteyaptim.live//beintv/tracks-v1a1/mono.m3u8
2026-08-15 15:21:55,908 [INFO] Capturing response: https://global.siteyaptim.live/beintv/tracks-v1a1/2026/08/15/15/21/36-10000.jpg 200 
2026-08-15 15:21:56,121 [INFO] Capturing request: https://global.siteyaptim.live/beintv/tracks-v1a1/2026/08/15/15/21/46-10000.jpg
2026-08-15 15:21:56,455 [INFO] Capturing response: https://global.siteyaptim.live/beintv/tracks-v1a1/2026/08/15/15/21/46-10000.jpg 200 
2026-08-15 15:21:56,832 [INFO] 
[2/14]
2026-08-15 15:21:56,832 [INFO] 🔍 beIN Sports 2 → https://www.atomsportv512.top/matches?id=bein-sports-2
2026-08-15 15:21:56,946 [INFO] Capturing request: https://www.atomsportv512.top/matches?id=bein-sports-2
2026-08-15 15:21:57,709 [INFO] Capturing response: https://www.atomsportv512.top/matches?id=bein-sports-2 200 
2026-08-15 15:21:57,770 [INFO] Capturing request: https://streamsport365.com/cinema
2026-08-15 15:21:57,866 [INFO] Capturing request: https://teletv5.top/load/yayinlink.php?id=bein-sports-2
2026-08-15 15:21:57,873 [INFO] Capturing request: https://www.atomsportv512.top/favicon.ico
2026-08-15 15:21:57,898 [INFO] Capturing response: https://www.atomsportv512.top/favicon.ico 200 
2026-08-15 15:21:58,079 [INFO] Capturing response: https://teletv5.top/load/yayinlink.php?id=bein-sports-2 200 
2026-08-15 15:21:58,147 [INFO] Capturing response: https://streamsport365.com/cinema 200 
2026-08-15 15:21:58,258 [INFO] Capturing request: https://www.atomsportv512.top/assets/img/player/player_logo_6a72b29dbcd89.png
2026-08-15 15:21:58,268 [INFO] Capturing request: https://corestream.siteyaptim.live//bein2/tracks-v1a1/mono.m3u8
2026-08-15 15:21:58,374 [INFO] Capturing response: https://www.atomsportv512.top/assets/img/player/player_logo_6a72b29dbcd89.png 304 
2026-08-15 15:21:58,447 [INFO] Capturing response: https://corestream.siteyaptim.live//bein2/tracks-v1a1/mono.m3u8 200 
2026-08-15 15:21:58,557 [INFO] Capturing request: https://global.siteyaptim.live/bein2/tracks-v1a1/2026/08/15/15/21/27-10000.jpg
2026-08-15 15:21:59,159 [INFO] Capturing response: https://global.siteyaptim.live/bein2/tracks-v1a1/2026/08/15/15/21/27-10000.jpg 200 
2026-08-15 15:21:59,491 [INFO] Capturing request: https://global.siteyaptim.live/bein2/tracks-v1a1/2026/08/15/15/21/37-10000.jpg
2026-08-15 15:22:00,095 [INFO] Capturing response: https://global.siteyaptim.live/bein2/tracks-v1a1/2026/08/15/15/21/37-10000.jpg 200 
2026-08-15 15:22:00,432 [INFO] Capturing request: https://global.siteyaptim.live/bein2/tracks-v1a1/2026/08/15/15/21/47-10000.jpg
2026-08-15 15:22:00,823 [INFO]   ✅ M3U8 bulundu: https://corestream.siteyaptim.live//bein2/tracks-v1a1/mono.m3u8
2026-08-15 15:22:01,066 [INFO] Capturing response: https://global.siteyaptim.live/bein2/tracks-v1a1/2026/08/15/15/21/47-10000.jpg 200 
2026-08-15 15:22:01,823 [INFO] 
[3/14]
2026-08-15 15:22:01,823 [INFO] 🔍 beIN Sports 3 → https://www.atomsportv512.top/matches?id=bein-sports-3
2026-08-15 15:22:01,936 [INFO] Capturing request: https://www.atomsportv512.top/matches?id=bein-sports-3
2026-08-15 15:22:02,220 [INFO] Capturing response: https://www.atomsportv512.top/matches?id=bein-sports-3 200 
2026-08-15 15:22:02,353 [INFO] Capturing request: https://www.atomsportv512.top/favicon.ico
2026-08-15 15:22:02,355 [INFO] Capturing request: https://teletv5.top/load/yayinlink.php?id=bein-sports-3
2026-08-15 15:22:02,380 [INFO] Capturing response: https://www.atomsportv512.top/favicon.ico 200 
2026-08-15 15:22:02,509 [INFO] Capturing request: https://streamsport365.com/cinema
2026-08-15 15:22:02,568 [INFO] Capturing response: https://teletv5.top/load/yayinlink.php?id=bein-sports-3 200 
2026-08-15 15:22:02,870 [INFO] Capturing response: https://streamsport365.com/cinema 200 
2026-08-15 15:22:02,981 [INFO] Capturing request: https://www.atomsportv512.top/assets/img/player/player_logo_6a72b29dbcd89.png
2026-08-15 15:22:02,992 [INFO] Capturing request: https://corestream.siteyaptim.live//bein3/tracks-v1a1/mono.m3u8
2026-08-15 15:22:03,096 [INFO] Capturing response: https://www.atomsportv512.top/assets/img/player/player_logo_6a72b29dbcd89.png 304 
2026-08-15 15:22:03,173 [INFO] Capturing response: https://corestream.siteyaptim.live//bein3/tracks-v1a1/mono.m3u8 200 
2026-08-15 15:22:03,282 [INFO] Capturing request: https://global.siteyaptim.live/bein3/tracks-v1a1/2026/08/15/15/21/27-10000.jpg
2026-08-15 15:22:03,730 [INFO] Capturing response: https://global.siteyaptim.live/bein3/tracks-v1a1/2026/08/15/15/21/27-10000.jpg 200 
2026-08-15 15:22:03,923 [INFO] Capturing request: https://global.siteyaptim.live/bein3/tracks-v1a1/2026/08/15/15/21/37-10000.jpg
2026-08-15 15:22:04,337 [INFO] Capturing response: https://global.siteyaptim.live/bein3/tracks-v1a1/2026/08/15/15/21/37-10000.jpg 200 
2026-08-15 15:22:04,562 [INFO] Capturing request: https://global.siteyaptim.live/bein3/tracks-v1a1/2026/08/15/15/21/47-10000.jpg
2026-08-15 15:22:05,017 [INFO] Capturing response: https://global.siteyaptim.live/bein3/tracks-v1a1/2026/08/15/15/21/47-10000.jpg 200 
2026-08-15 15:22:05,271 [INFO]   ✅ M3U8 bulundu: https://corestream.siteyaptim.live//bein3/tracks-v1a1/mono.m3u8
2026-08-15 15:22:06,271 [INFO] 
[4/14]
2026-08-15 15:22:06,272 [INFO] 🔍 beIN Sports 4 → https://www.atomsportv512.top/matches?id=bein-sports-4
2026-08-15 15:22:06,381 [INFO] Capturing request: https://www.atomsportv512.top/matches?id=bein-sports-4
2026-08-15 15:22:06,647 [INFO] Capturing response: https://www.atomsportv512.top/matches?id=bein-sports-4 200 
2026-08-15 15:22:06,683 [INFO] Capturing request: https://streamsport365.com/cinema
2026-08-15 15:22:06,783 [INFO] Capturing request: https://teletv5.top/load/yayinlink.php?id=bein-sports-4
2026-08-15 15:22:06,784 [INFO] Capturing request: https://www.atomsportv512.top/favicon.ico
2026-08-15 15:22:06,809 [INFO] Capturing response: https://www.atomsportv512.top/favicon.ico 200 
2026-08-15 15:22:06,997 [INFO] Capturing response: https://teletv5.top/load/yayinlink.php?id=bein-sports-4 200 
2026-08-15 15:22:07,047 [INFO] Capturing response: https://streamsport365.com/cinema 200 
2026-08-15 15:22:07,157 [INFO] Capturing request: https://www.atomsportv512.top/assets/img/player/player_logo_6a72b29dbcd89.png
2026-08-15 15:22:07,167 [INFO] Capturing request: https://corestream.siteyaptim.live//bein4/tracks-v1a1/mono.m3u8
2026-08-15 15:22:07,271 [INFO] Capturing response: https://www.atomsportv512.top/assets/img/player/player_logo_6a72b29dbcd89.png 304 
2026-08-15 15:22:09,694 [INFO]   ✅ M3U8 bulundu: https://corestream.siteyaptim.live//bein4/tracks-v1a1/mono.m3u8
2026-08-15 15:22:10,695 [INFO] 
[5/14]
2026-08-15 15:22:10,695 [INFO] 🔍 beIN Sports 5 → https://www.atomsportv512.top/matches?id=bein-sports-5
2026-08-15 15:22:10,803 [INFO] Capturing request: https://www.atomsportv512.top/matches?id=bein-sports-5
2026-08-15 15:22:11,067 [INFO] Capturing response: https://www.atomsportv512.top/matches?id=bein-sports-5 200 
2026-08-15 15:22:11,193 [INFO] Capturing request: https://teletv5.top/load/yayinlink.php?id=bein-sports-5
2026-08-15 15:22:11,197 [INFO] Capturing request: https://www.atomsportv512.top/favicon.ico
2026-08-15 15:22:11,228 [INFO] Capturing response: https://www.atomsportv512.top/favicon.ico 200 
2026-08-15 15:22:11,351 [INFO] Capturing request: https://streamsport365.com/cinema
2026-08-15 15:22:11,407 [INFO] Capturing response: https://teletv5.top/load/yayinlink.php?id=bein-sports-5 200 
2026-08-15 15:22:11,725 [INFO] Capturing response: https://streamsport365.com/cinema 200 
2026-08-15 15:22:11,836 [INFO] Capturing request: https://www.atomsportv512.top/assets/img/player/player_logo_6a72b29dbcd89.png
2026-08-15 15:22:11,846 [INFO] Capturing request: https://corestream.siteyaptim.live//bein5/tracks-v1a1/mono.m3u8
2026-08-15 15:22:11,951 [INFO] Capturing response: https://www.atomsportv512.top/assets/img/player/player_logo_6a72b29dbcd89.png 304 
2026-08-15 15:22:12,031 [INFO] Capturing response: https://corestream.siteyaptim.live//bein5/tracks-v1a1/mono.m3u8 200 
2026-08-15 15:22:12,181 [INFO] Capturing request: https://global.siteyaptim.live/bein5/tracks-v1a1/2026/08/15/15/21/30-10040.jpg
2026-08-15 15:22:12,903 [INFO] Capturing response: https://global.siteyaptim.live/bein5/tracks-v1a1/2026/08/15/15/21/30-10040.jpg 200 
2026-08-15 15:22:13,400 [INFO] Capturing request: https://global.siteyaptim.live/bein5/tracks-v1a1/2026/08/15/15/21/40-12440.jpg
2026-08-15 15:22:14,110 [INFO]   ✅ M3U8 bulundu: https://corestream.siteyaptim.live//bein5/tracks-v1a1/mono.m3u8
2026-08-15 15:22:14,234 [INFO] Capturing response: https://global.siteyaptim.live/bein5/tracks-v1a1/2026/08/15/15/21/40-12440.jpg 200 
2026-08-15 15:22:14,751 [INFO] Capturing request: https://global.siteyaptim.live/bein5/tracks-v1a1/2026/08/15/15/21/53-09720.jpg
2026-08-15 15:22:15,110 [INFO] 
[6/14]
2026-08-15 15:22:15,110 [INFO] 🔍 beIN Sports Max 1 → https://www.atomsportv512.top/matches?id=bein-sports-max-1
2026-08-15 15:22:15,233 [INFO] Capturing request: https://www.atomsportv512.top/matches?id=bein-sports-max-1
2026-08-15 15:22:15,430 [INFO] Capturing response: https://global.siteyaptim.live/bein5/tracks-v1a1/2026/08/15/15/21/53-09720.jpg 200 
2026-08-15 15:22:15,622 [INFO] Capturing response: https://www.atomsportv512.top/matches?id=bein-sports-max-1 200 
2026-08-15 15:22:15,657 [INFO] Capturing request: https://streamsport365.com/cinema
2026-08-15 15:22:15,753 [INFO] Capturing request: https://teletv5.top/load/yayinlink.php?id=bein-sports-max-1
2026-08-15 15:22:15,756 [INFO] Capturing request: https://www.atomsportv512.top/favicon.ico
2026-08-15 15:22:15,782 [INFO] Capturing response: https://www.atomsportv512.top/favicon.ico 200 
2026-08-15 15:22:15,963 [INFO] Capturing response: https://teletv5.top/load/yayinlink.php?id=bein-sports-max-1 200 
2026-08-15 15:22:16,039 [INFO] Capturing response: https://streamsport365.com/cinema 200 
2026-08-15 15:22:16,150 [INFO] Capturing request: https://www.atomsportv512.top/assets/img/player/player_logo_6a72b29dbcd89.png
2026-08-15 15:22:16,160 [INFO] Capturing request: https://corestream.siteyaptim.live//beinmax1/tracks-v1a1/mono.m3u8
2026-08-15 15:22:16,263 [INFO] Capturing response: https://www.atomsportv512.top/assets/img/player/player_logo_6a72b29dbcd89.png 304 
2026-08-15 15:22:17,442 [INFO] Capturing request: https://android.clients.google.com/c2dm/register3
2026-08-15 15:22:18,022 [INFO] Capturing response: https://android.clients.google.com/c2dm/register3 200 
2026-08-15 15:22:18,671 [INFO]   ✅ M3U8 bulundu: https://corestream.siteyaptim.live//beinmax1/tracks-v1a1/mono.m3u8
2026-08-15 15:22:18,749 [INFO] Capturing request: https://android.clients.google.com/c2dm/register3
2026-08-15 15:22:18,819 [INFO] Capturing response: https://android.clients.google.com/c2dm/register3 301 
2026-08-15 15:22:19,203 [INFO] Capturing request: https://android.clients.google.com/c2dm/register3
2026-08-15 15:22:19,665 [INFO] Capturing response: https://android.clients.google.com/c2dm/register3 200 
2026-08-15 15:22:19,671 [INFO] 
[7/14]
2026-08-15 15:22:19,671 [INFO] 🔍 beIN Sports Max 2 → https://www.atomsportv512.top/matches?id=bein-sports-max-2
2026-08-15 15:22:19,780 [INFO] Capturing request: https://www.atomsportv512.top/matches?id=bein-sports-max-2
2026-08-15 15:22:20,044 [INFO] Capturing response: https://www.atomsportv512.top/matches?id=bein-sports-max-2 200 
2026-08-15 15:22:20,174 [INFO] Capturing request: https://teletv5.top/load/yayinlink.php?id=bein-sports-max-2
2026-08-15 15:22:20,185 [INFO] Capturing request: https://www.atomsportv512.top/favicon.ico
2026-08-15 15:22:20,213 [INFO] Capturing response: https://www.atomsportv512.top/favicon.ico 200 
2026-08-15 15:22:20,330 [INFO] Capturing request: https://streamsport365.com/cinema
2026-08-15 15:22:20,388 [INFO] Capturing response: https://teletv5.top/load/yayinlink.php?id=bein-sports-max-2 200 
2026-08-15 15:22:20,710 [INFO] Capturing response: https://streamsport365.com/cinema 200 
2026-08-15 15:22:20,820 [INFO] Capturing request: https://www.atomsportv512.top/assets/img/player/player_logo_6a72b29dbcd89.png
2026-08-15 15:22:20,829 [INFO] Capturing request: https://corestream.siteyaptim.live//hls/s-sport.m3u8
2026-08-15 15:22:20,938 [INFO] Capturing response: https://www.atomsportv512.top/assets/img/player/player_logo_6a72b29dbcd89.png 304 
2026-08-15 15:22:21,010 [INFO] Capturing response: https://corestream.siteyaptim.live//hls/s-sport.m3u8 404 
2026-08-15 15:22:23,107 [INFO]   ✅ M3U8 bulundu: https://corestream.siteyaptim.live//hls/s-sport.m3u8
2026-08-15 15:22:23,173 [INFO] Capturing request: https://corestream.siteyaptim.live//hls/s-sport.m3u8
2026-08-15 15:22:23,348 [INFO] Capturing response: https://corestream.siteyaptim.live//hls/s-sport.m3u8 404 
2026-08-15 15:22:24,107 [INFO] 
[8/14]
2026-08-15 15:22:24,108 [INFO] 🔍 S Sport → https://www.atomsportv512.top/matches?id=s-sport
2026-08-15 15:22:24,216 [INFO] Capturing request: https://www.atomsportv512.top/matches?id=s-sport
2026-08-15 15:22:24,679 [INFO] Capturing response: https://www.atomsportv512.top/matches?id=s-sport 200 
2026-08-15 15:22:24,712 [INFO] Capturing request: https://streamsport365.com/cinema
2026-08-15 15:22:24,813 [INFO] Capturing request: https://www.atomsportv512.top/favicon.ico
2026-08-15 15:22:24,814 [INFO] Capturing request: https://teletv5.top/load/yayinlink.php?id=s-sport
2026-08-15 15:22:24,840 [INFO] Capturing response: https://www.atomsportv512.top/favicon.ico 200 
2026-08-15 15:22:25,030 [INFO] Capturing response: https://teletv5.top/load/yayinlink.php?id=s-sport 200 
2026-08-15 15:22:25,082 [INFO] Capturing response: https://streamsport365.com/cinema 200 
2026-08-15 15:22:25,192 [INFO] Capturing request: https://www.atomsportv512.top/assets/img/player/player_logo_6a72b29dbcd89.png
2026-08-15 15:22:25,201 [INFO] Capturing request: https://corestream.siteyaptim.live//s-sport/tracks-v1a1/mono.m3u8
2026-08-15 15:22:25,306 [INFO] Capturing response: https://www.atomsportv512.top/assets/img/player/player_logo_6a72b29dbcd89.png 304 
2026-08-15 15:22:25,378 [INFO] Capturing response: https://corestream.siteyaptim.live//s-sport/tracks-v1a1/mono.m3u8 200 
2026-08-15 15:22:25,487 [INFO] Capturing request: https://global.siteyaptim.live/s-sport/tracks-v1a1/2026/08/15/15/22/36-10000.jpg
2026-08-15 15:22:26,008 [INFO] Capturing response: https://global.siteyaptim.live/s-sport/tracks-v1a1/2026/08/15/15/22/36-10000.jpg 200 
2026-08-15 15:22:26,306 [INFO] Capturing request: https://global.siteyaptim.live/s-sport/tracks-v1a1/2026/08/15/15/22/46-10000.jpg
2026-08-15 15:22:27,308 [INFO] Capturing response: https://global.siteyaptim.live/s-sport/tracks-v1a1/2026/08/15/15/22/46-10000.jpg 200 
2026-08-15 15:22:27,518 [INFO] Capturing request: https://global.siteyaptim.live/s-sport/tracks-v1a1/2026/08/15/15/22/56-10000.jpg
2026-08-15 15:22:27,745 [INFO]   ✅ M3U8 bulundu: https://corestream.siteyaptim.live//s-sport/tracks-v1a1/mono.m3u8
2026-08-15 15:22:28,132 [INFO] Capturing response: https://global.siteyaptim.live/s-sport/tracks-v1a1/2026/08/15/15/22/56-10000.jpg 200 
2026-08-15 15:22:28,745 [INFO] 
[9/14]
2026-08-15 15:22:28,745 [INFO] 🔍 S Sport 2 → https://www.atomsportv512.top/matches?id=s-sport-2
2026-08-15 15:22:28,856 [INFO] Capturing request: https://www.atomsportv512.top/matches?id=s-sport-2
2026-08-15 15:22:29,123 [INFO] Capturing response: https://www.atomsportv512.top/matches?id=s-sport-2 200 
2026-08-15 15:22:29,258 [INFO] Capturing request: https://teletv5.top/load/yayinlink.php?id=s-sport-2
2026-08-15 15:22:29,260 [INFO] Capturing request: https://www.atomsportv512.top/favicon.ico
2026-08-15 15:22:29,287 [INFO] Capturing response: https://www.atomsportv512.top/favicon.ico 200 
2026-08-15 15:22:29,414 [INFO] Capturing request: https://streamsport365.com/cinema
2026-08-15 15:22:29,470 [INFO] Capturing response: https://teletv5.top/load/yayinlink.php?id=s-sport-2 200 
2026-08-15 15:22:29,780 [INFO] Capturing response: https://streamsport365.com/cinema 200 
2026-08-15 15:22:29,890 [INFO] Capturing request: https://www.atomsportv512.top/assets/img/player/player_logo_6a72b29dbcd89.png
2026-08-15 15:22:29,900 [INFO] Capturing request: https://corestream.siteyaptim.live//s-sport2/tracks-v1a1/mono.m3u8
2026-08-15 15:22:30,005 [INFO] Capturing response: https://www.atomsportv512.top/assets/img/player/player_logo_6a72b29dbcd89.png 304 
2026-08-15 15:22:30,081 [INFO] Capturing response: https://corestream.siteyaptim.live//s-sport2/tracks-v1a1/mono.m3u8 200 
2026-08-15 15:22:30,190 [INFO] Capturing request: https://global.siteyaptim.live/s-sport2/tracks-v1a1/2026/08/15/15/22/05-10000.jpg
2026-08-15 15:22:30,804 [INFO] Capturing response: https://global.siteyaptim.live/s-sport2/tracks-v1a1/2026/08/15/15/22/05-10000.jpg 200 
2026-08-15 15:22:31,099 [INFO] Capturing request: https://global.siteyaptim.live/s-sport2/tracks-v1a1/2026/08/15/15/22/15-10000.jpg
2026-08-15 15:22:31,531 [INFO] Capturing response: https://global.siteyaptim.live/s-sport2/tracks-v1a1/2026/08/15/15/22/15-10000.jpg 200 
2026-08-15 15:22:31,793 [INFO] Capturing request: https://global.siteyaptim.live/s-sport2/tracks-v1a1/2026/08/15/15/22/25-10000.jpg
2026-08-15 15:22:32,199 [INFO]   ✅ M3U8 bulundu: https://corestream.siteyaptim.live//s-sport2/tracks-v1a1/mono.m3u8
2026-08-15 15:22:32,270 [INFO] Capturing response: https://global.siteyaptim.live/s-sport2/tracks-v1a1/2026/08/15/15/22/25-10000.jpg 200 
2026-08-15 15:22:33,199 [INFO] 
[10/14]
2026-08-15 15:22:33,199 [INFO] 🔍 A Spor → https://www.atomsportv512.top/matches?id=a-spor
2026-08-15 15:22:33,310 [INFO] Capturing request: https://www.atomsportv512.top/matches?id=a-spor
2026-08-15 15:22:33,579 [INFO] Capturing response: https://www.atomsportv512.top/matches?id=a-spor 200 
2026-08-15 15:22:33,616 [INFO] Capturing request: https://streamsport365.com/cinema
2026-08-15 15:22:33,715 [INFO] Capturing request: https://teletv5.top/load/yayinlink.php?id=a-spor
2026-08-15 15:22:33,721 [INFO] Capturing request: https://www.atomsportv512.top/favicon.ico
2026-08-15 15:22:33,749 [INFO] Capturing response: https://www.atomsportv512.top/favicon.ico 200 
2026-08-15 15:22:33,935 [INFO] Capturing response: https://teletv5.top/load/yayinlink.php?id=a-spor 200 
2026-08-15 15:22:33,982 [INFO] Capturing response: https://streamsport365.com/cinema 200 
2026-08-15 15:22:34,092 [INFO] Capturing request: https://www.atomsportv512.top/assets/img/player/player_logo_6a72b29dbcd89.png
2026-08-15 15:22:34,103 [INFO] Capturing request: https://corestream.siteyaptim.live//aspor/tracks-v1a1/mono.m3u8
2026-08-15 15:22:34,206 [INFO] Capturing response: https://www.atomsportv512.top/assets/img/player/player_logo_6a72b29dbcd89.png 304 
2026-08-15 15:22:34,287 [INFO] Capturing response: https://corestream.siteyaptim.live//aspor/tracks-v1a1/mono.m3u8 200 
2026-08-15 15:22:34,437 [INFO] Capturing request: https://global.siteyaptim.live/aspor/tracks-v1a1/2026/08/15/15/22/13-10000.jpg
2026-08-15 15:22:35,022 [INFO] Capturing response: https://global.siteyaptim.live/aspor/tracks-v1a1/2026/08/15/15/22/13-10000.jpg 200 
2026-08-15 15:22:35,363 [INFO] Capturing request: https://global.siteyaptim.live/aspor/tracks-v1a1/2026/08/15/15/22/23-10000.jpg
2026-08-15 15:22:35,800 [INFO] Capturing response: https://corestream.siteyaptim.live//beinmax1/tracks-v1a1/mono.m3u8 404 
2026-08-15 15:22:35,969 [INFO] Capturing response: https://global.siteyaptim.live/aspor/tracks-v1a1/2026/08/15/15/22/23-10000.jpg 200 
2026-08-15 15:22:36,296 [INFO] Capturing request: https://global.siteyaptim.live/aspor/tracks-v1a1/2026/08/15/15/22/33-10000.jpg
2026-08-15 15:22:36,647 [INFO]   ✅ M3U8 bulundu: https://corestream.siteyaptim.live//aspor/tracks-v1a1/mono.m3u8
2026-08-15 15:22:37,013 [INFO] Capturing response: https://global.siteyaptim.live/aspor/tracks-v1a1/2026/08/15/15/22/33-10000.jpg 200 
2026-08-15 15:22:37,366 [INFO] Capturing response: https://corestream.siteyaptim.live//bein4/tracks-v1a1/mono.m3u8 404 
2026-08-15 15:22:37,649 [INFO] 
[11/14]
2026-08-15 15:22:37,649 [INFO] 🔍 Tivibu Spor 1 → https://www.atomsportv512.top/matches?id=tivibu-spor-1
2026-08-15 15:22:37,761 [INFO] Capturing request: https://www.atomsportv512.top/matches?id=tivibu-spor-1
2026-08-15 15:22:38,666 [INFO] Capturing response: https://www.atomsportv512.top/matches?id=tivibu-spor-1 200 
2026-08-15 15:22:38,797 [INFO] Capturing request: https://teletv5.top/load/yayinlink.php?id=tivibu-spor-1
2026-08-15 15:22:38,803 [INFO] Capturing request: https://www.atomsportv512.top/favicon.ico
2026-08-15 15:22:38,830 [INFO] Capturing response: https://www.atomsportv512.top/favicon.ico 200 
2026-08-15 15:22:38,956 [INFO] Capturing request: https://streamsport365.com/cinema
2026-08-15 15:22:39,010 [INFO] Capturing response: https://teletv5.top/load/yayinlink.php?id=tivibu-spor-1 200 
2026-08-15 15:22:39,332 [INFO] Capturing response: https://streamsport365.com/cinema 200 
2026-08-15 15:22:51,212 [INFO] Capturing request: https://update.googleapis.com/service/update2/json?cup2key=16:_tEw4GeJs2ADnyJq2z5xUtFoFahalqh5x3UWHcoqrbY&cup2hreq=67cca668f7e8033aedb922986400045c959a3a5a75a63ab328f99ed7cfd62f13
2026-08-15 15:22:51,242 [INFO] Capturing response: https://update.googleapis.com/service/update2/json?cup2key=16:_tEw4GeJs2ADnyJq2z5xUtFoFahalqh5x3UWHcoqrbY&cup2hreq=67cca668f7e8033aedb922986400045c959a3a5a75a63ab328f99ed7cfd62f13 200 
2026-08-15 15:22:51,249 [INFO] Capturing request: http://edgedl.me.gvt1.com/edgedl/release2/chrome_component/accxm7lw6l6wrsebflx3s7l5xlpq_10716/hfnkpimlhhgieaddgfemjhofmfblmnib_10716_all_ac3fofp36nrnhufjdbsboryqhllq.crx3
2026-08-15 15:22:51,270 [INFO] Capturing response: http://edgedl.me.gvt1.com/edgedl/release2/chrome_component/accxm7lw6l6wrsebflx3s7l5xlpq_10716/hfnkpimlhhgieaddgfemjhofmfblmnib_10716_all_ac3fofp36nrnhufjdbsboryqhllq.crx3 200 OK
2026-08-15 15:22:51,299 [INFO] Capturing request: https://update.googleapis.com/service/update2/json
2026-08-15 15:22:51,325 [INFO] Capturing response: https://update.googleapis.com/service/update2/json 200 
2026-08-15 15:22:51,371 [INFO] Capturing request: http://edgedl.me.gvt1.com/edgedl/diffgen-puffin/gcmjkmgdlgnkkcocmoeiminaijmmjnii/6ca5bdb9f3e2cd83b7e359729bc6c33c4fe975ec499861d969b3e080320849ff
2026-08-15 15:22:51,380 [INFO] Capturing response: http://edgedl.me.gvt1.com/edgedl/diffgen-puffin/gcmjkmgdlgnkkcocmoeiminaijmmjnii/6ca5bdb9f3e2cd83b7e359729bc6c33c4fe975ec499861d969b3e080320849ff 200 OK
2026-08-15 15:22:51,449 [INFO] Capturing request: https://update.googleapis.com/service/update2/json
2026-08-15 15:22:51,475 [INFO] Capturing response: https://update.googleapis.com/service/update2/json 200 
2026-08-15 15:23:01,874 [INFO] Capturing request: https://android.clients.google.com/c2dm/register3
2026-08-15 15:23:01,947 [INFO] Capturing response: https://android.clients.google.com/c2dm/register3 301 
2026-08-15 15:23:11,990 [WARNING]   ❌ Tivibu Spor 1 için M3U8 bulunamadı
2026-08-15 15:23:12,991 [INFO] 
[12/14]
2026-08-15 15:23:12,991 [INFO] 🔍 Tivibu Spor 2 → https://www.atomsportv512.top/matches?id=tivibu-spor-2
2026-08-15 15:23:13,136 [INFO] Capturing request: https://www.atomsportv512.top/matches?id=tivibu-spor-2
2026-08-15 15:23:13,755 [INFO] Capturing response: https://www.atomsportv512.top/matches?id=tivibu-spor-2 200 
2026-08-15 15:23:13,921 [INFO] Capturing request: https://www.atomsportv512.top/favicon.ico
2026-08-15 15:23:13,952 [INFO] Capturing request: https://teletv5.top/load/yayinlink.php?id=tivibu-spor-2
2026-08-15 15:23:13,959 [INFO] Capturing response: https://www.atomsportv512.top/favicon.ico 200 
2026-08-15 15:23:14,367 [INFO] Capturing response: https://teletv5.top/load/yayinlink.php?id=tivibu-spor-2 200 
2026-08-15 15:23:14,571 [INFO] Capturing request: https://streamsport365.com/cinema
2026-08-15 15:23:14,938 [INFO] Capturing response: https://streamsport365.com/cinema 200 
2026-08-15 15:23:47,071 [WARNING]   ❌ Tivibu Spor 2 için M3U8 bulunamadı
2026-08-15 15:23:48,071 [INFO] 
[13/14]
2026-08-15 15:23:48,071 [INFO] 🔍 Tivibu Spor 3 → https://www.atomsportv512.top/matches?id=tivibu-spor-3
2026-08-15 15:23:48,181 [INFO] Capturing request: https://www.atomsportv512.top/matches?id=tivibu-spor-3
2026-08-15 15:23:48,654 [INFO] Capturing response: https://www.atomsportv512.top/matches?id=tivibu-spor-3 200 
2026-08-15 15:23:48,787 [INFO] Capturing request: https://teletv5.top/load/yayinlink.php?id=tivibu-spor-3
2026-08-15 15:23:48,790 [INFO] Capturing request: https://www.atomsportv512.top/favicon.ico
2026-08-15 15:23:48,821 [INFO] Capturing response: https://www.atomsportv512.top/favicon.ico 200 
2026-08-15 15:23:48,945 [INFO] Capturing request: https://streamsport365.com/cinema
2026-08-15 15:23:48,998 [INFO] Capturing response: https://teletv5.top/load/yayinlink.php?id=tivibu-spor-3 200 
2026-08-15 15:23:49,309 [INFO] Capturing response: https://streamsport365.com/cinema 200 
2026-08-15 15:24:21,935 [WARNING]   ❌ Tivibu Spor 3 için M3U8 bulunamadı
2026-08-15 15:24:22,641 [INFO] Capturing request: https://android.clients.google.com/c2dm/register3
2026-08-15 15:24:22,718 [INFO] Capturing response: https://android.clients.google.com/c2dm/register3 301 
2026-08-15 15:24:22,936 [INFO] 
[14/14]
2026-08-15 15:24:22,936 [INFO] 🔍 Tivibu Spor 4 → https://www.atomsportv512.top/matches?id=tivibu-spor-4
2026-08-15 15:24:23,044 [INFO] Capturing request: https://www.atomsportv512.top/matches?id=tivibu-spor-4
2026-08-15 15:24:23,590 [INFO] Capturing response: https://www.atomsportv512.top/matches?id=tivibu-spor-4 200 
2026-08-15 15:24:23,721 [INFO] Capturing request: https://teletv5.top/load/yayinlink.php?id=tivibu-spor-4
2026-08-15 15:24:23,725 [INFO] Capturing request: https://www.atomsportv512.top/favicon.ico
2026-08-15 15:24:23,756 [INFO] Capturing response: https://www.atomsportv512.top/favicon.ico 200 
2026-08-15 15:24:23,880 [INFO] Capturing request: https://streamsport365.com/cinema
2026-08-15 15:24:23,932 [INFO] Capturing response: https://teletv5.top/load/yayinlink.php?id=tivibu-spor-4 200 
2026-08-15 15:24:24,241 [INFO] Capturing response: https://streamsport365.com/cinema 200 
2026-08-15 15:24:56,872 [WARNING]   ❌ Tivibu Spor 4 için M3U8 bulunamadı
2026-08-15 15:24:57,940 [INFO] ✅ 10 kanal bulundu, playlist.m3u kaydedildi
