2026-09-28 22:28:23,937 [INFO] 🌐 BASE_URL: https://www.atomsportv515.top
2026-09-28 22:28:24,677 [INFO] Başlanıyor... 14 kanal taranacak
2026-09-28 22:28:24,677 [INFO] Using default request storage
2026-09-28 22:28:24,681 [INFO] Created proxy listening on 127.0.0.1:35037
2026-09-28 22:28:25,364 [INFO] Capturing request: http://clients2.google.com/time/1/current?cup2key=10:dBBXGkeG18Cj7hmlbODxeYdNO-tky0tO_WmhkizhJUg&cup2hreq=e3b0c44298fc1c149afbf4c8996fb92427ae41e4649b934ca495991b7852b855
2026-09-28 22:28:25,399 [INFO] Capturing response: http://clients2.google.com/time/1/current?cup2key=10:dBBXGkeG18Cj7hmlbODxeYdNO-tky0tO_WmhkizhJUg&cup2hreq=e3b0c44298fc1c149afbf4c8996fb92427ae41e4649b934ca495991b7852b855 200 OK
2026-09-28 22:28:25,638 [INFO] 
[1/14]
2026-09-28 22:28:25,638 [INFO] 🔍 beIN Sports 1 → https://www.atomsportv515.top/matches?id=bein-sports-1
2026-09-28 22:28:25,764 [INFO] Capturing request: https://accounts.google.com/ListAccounts?gpsia=1&source=ChromiumBrowser&json=standard&laf=b64bin
2026-09-28 22:28:25,768 [INFO] Capturing request: https://update.googleapis.com/service/update2/json?cup2key=ML-DSA-44-16:4jLsJ4_zLC7_EBLfOS-jW4UvUCPuFGfK5uzkA4y6T3I&cup2hreq=aeb413a8e56d05a2e2878a187c2ffee3f5febe4c4a5c86301df5eb42ca63b7e4
2026-09-28 22:28:25,824 [INFO] Capturing response: https://update.googleapis.com/service/update2/json?cup2key=ML-DSA-44-16:4jLsJ4_zLC7_EBLfOS-jW4UvUCPuFGfK5uzkA4y6T3I&cup2hreq=aeb413a8e56d05a2e2878a187c2ffee3f5febe4c4a5c86301df5eb42ca63b7e4 200 
2026-09-28 22:28:25,826 [INFO] Capturing response: https://accounts.google.com/ListAccounts?gpsia=1&source=ChromiumBrowser&json=standard&laf=b64bin 200 
2026-09-28 22:28:25,860 [INFO] Capturing request: https://www.google.com/async/folae?async=_fmt:pb&udm=50&client_locale=en-US&client_country=ZZ
2026-09-28 22:28:25,883 [INFO] Capturing request: https://update.googleapis.com/service/update2/json?cup2key=ML-DSA-44-16:eO6jGFBdHPAjcw5Wif5269CHwW9RVlHyie52-hEId90&cup2hreq=d5c379b0df11dcad91cacfef855c86ca42f10648babe9746cc6e121aeb4b9eb6
2026-09-28 22:28:25,887 [INFO] Capturing request: https://www.atomsportv515.top/matches?id=bein-sports-1
2026-09-28 22:28:25,892 [INFO] Capturing response: https://www.google.com/async/folae?async=_fmt:pb&udm=50&client_locale=en-US&client_country=ZZ 200 
2026-09-28 22:28:25,912 [INFO] Capturing response: https://update.googleapis.com/service/update2/json?cup2key=ML-DSA-44-16:eO6jGFBdHPAjcw5Wif5269CHwW9RVlHyie52-hEId90&cup2hreq=d5c379b0df11dcad91cacfef855c86ca42f10648babe9746cc6e121aeb4b9eb6 200 
2026-09-28 22:28:25,964 [INFO] Capturing request: https://update.googleapis.com/service/update2/json?cup2key=ML-DSA-44-16:0AHkultdamkm3CXx-Q0U83d9kFbcGVFOVajrNE69VPg&cup2hreq=5bd8752e41807d69a9bbcc67caccdb97beda4113c3a3be2599805c501e115fe1
2026-09-28 22:28:25,991 [INFO] Capturing response: https://update.googleapis.com/service/update2/json?cup2key=ML-DSA-44-16:0AHkultdamkm3CXx-Q0U83d9kFbcGVFOVajrNE69VPg&cup2hreq=5bd8752e41807d69a9bbcc67caccdb97beda4113c3a3be2599805c501e115fe1 200 
2026-09-28 22:28:26,081 [INFO] Capturing request: https://www.google.com/async/folae?async=_fmt:pb&udm=50&client_locale=en-US&client_country=ZZ
2026-09-28 22:28:26,110 [INFO] Capturing response: https://www.google.com/async/folae?async=_fmt:pb&udm=50&client_locale=en-US&client_country=ZZ 200 
2026-09-28 22:28:26,649 [INFO] Capturing response: https://www.atomsportv515.top/matches?id=bein-sports-1 200 
2026-09-28 22:28:26,872 [INFO] Capturing request: https://cdn.jsdelivr.net/npm/@clappr/player@0.11.16/dist/clappr.min.js
2026-09-28 22:28:26,876 [INFO] Capturing request: https://cdn.jsdelivr.net/npm/@clappr/hlsjs-playback@1.8.3/dist/hlsjs-playback.min.js
2026-09-28 22:28:26,878 [INFO] Capturing request: https://cdn.jsdelivr.net/npm/level-selector/dist/level-selector.min.js
2026-09-28 22:28:26,910 [INFO] Capturing response: https://cdn.jsdelivr.net/npm/level-selector/dist/level-selector.min.js 200 
2026-09-28 22:28:26,943 [INFO] Capturing response: https://cdn.jsdelivr.net/npm/@clappr/player@0.11.16/dist/clappr.min.js 200 
2026-09-28 22:28:26,957 [INFO] Capturing response: https://cdn.jsdelivr.net/npm/@clappr/hlsjs-playback@1.8.3/dist/hlsjs-playback.min.js 200 
2026-09-28 22:28:27,210 [INFO] Capturing request: https://www.atomsportv515.top/favicon.ico
2026-09-28 22:28:27,252 [INFO] Capturing response: https://www.atomsportv515.top/favicon.ico 200 
2026-09-28 22:28:27,440 [INFO] Capturing request: https://teletv5.top/load/yayinlink.php?id=bein-sports-1
2026-09-28 22:28:27,912 [INFO] Capturing response: https://teletv5.top/load/yayinlink.php?id=bein-sports-1 200 
2026-09-28 22:28:27,996 [INFO] Capturing request: https://streamsport365.com/cinema
2026-09-28 22:28:28,345 [INFO] Capturing response: https://streamsport365.com/cinema 200 
2026-09-28 22:28:28,476 [INFO] Capturing request: https://www.atomsportv515.top/assets/img/player/player_logo_6a87a2e2eecc5.png
2026-09-28 22:28:28,534 [INFO] Capturing response: https://www.atomsportv515.top/assets/img/player/player_logo_6a87a2e2eecc5.png 200 
2026-09-28 22:28:28,585 [INFO] Capturing request: https://ladyboy.yedektv.cfd//beintv/tracks-v1a1/mono.m3u8
2026-09-28 22:28:28,873 [INFO] Capturing response: https://ladyboy.yedektv.cfd//beintv/tracks-v1a1/mono.m3u8 200 
2026-09-28 22:28:29,087 [INFO] Capturing request: https://android.clients.google.com/checkin
2026-09-28 22:28:29,144 [INFO] Capturing response: https://android.clients.google.com/checkin 200 
2026-09-28 22:28:29,155 [INFO] Capturing request: https://taylandpompa.yedektv.cfd/beintv/tracks-v1a1/2026/09/28/22/28/17-05850.jpg
2026-09-28 22:28:29,195 [INFO] Capturing request: https://android.clients.google.com/c2dm/register3
2026-09-28 22:28:29,198 [INFO] Capturing request: https://android.clients.google.com/c2dm/register3
2026-09-28 22:28:29,199 [INFO] Capturing request: https://android.clients.google.com/c2dm/register3
2026-09-28 22:28:29,228 [INFO] Capturing response: https://android.clients.google.com/c2dm/register3 301 
2026-09-28 22:28:29,913 [INFO] Capturing response: https://taylandpompa.yedektv.cfd/beintv/tracks-v1a1/2026/09/28/22/28/17-05850.jpg 200 
2026-09-28 22:28:30,116 [INFO] Capturing response: https://android.clients.google.com/c2dm/register3 200 
2026-09-28 22:28:30,125 [INFO] Capturing response: https://android.clients.google.com/c2dm/register3 200 
2026-09-28 22:28:30,133 [INFO]   ✅ M3U8 bulundu: https://ladyboy.yedektv.cfd//beintv/tracks-v1a1/mono.m3u8
2026-09-28 22:28:30,168 [INFO] Capturing request: https://taylandpompa.yedektv.cfd/beintv/tracks-v1a1/2026/09/28/22/28/23-07150.jpg
2026-09-28 22:28:30,918 [INFO] Capturing response: https://taylandpompa.yedektv.cfd/beintv/tracks-v1a1/2026/09/28/22/28/23-07150.jpg 200 
2026-09-28 22:28:31,116 [INFO] Capturing request: https://taylandpompa.yedektv.cfd/beintv/tracks-v1a1/2026/09/28/22/28/30-05050.jpg
2026-09-28 22:28:31,133 [INFO] 
[2/14]
2026-09-28 22:28:31,134 [INFO] 🔍 beIN Sports 2 → https://www.atomsportv515.top/matches?id=bein-sports-2
2026-09-28 22:28:31,245 [INFO] Capturing request: https://www.atomsportv515.top/matches?id=bein-sports-2
2026-09-28 22:28:31,672 [INFO] Capturing response: https://www.atomsportv515.top/matches?id=bein-sports-2 200 
2026-09-28 22:28:31,731 [INFO] Capturing request: https://streamsport365.com/cinema
2026-09-28 22:28:31,829 [INFO] Capturing request: https://teletv5.top/load/yayinlink.php?id=bein-sports-2
2026-09-28 22:28:31,833 [INFO] Capturing request: https://www.atomsportv515.top/favicon.ico
2026-09-28 22:28:31,867 [INFO] Capturing response: https://www.atomsportv515.top/favicon.ico 200 
2026-09-28 22:28:31,891 [INFO] Capturing response: https://taylandpompa.yedektv.cfd/beintv/tracks-v1a1/2026/09/28/22/28/30-05050.jpg 200 
2026-09-28 22:28:32,096 [INFO] Capturing response: https://streamsport365.com/cinema 200 
2026-09-28 22:28:32,277 [INFO] Capturing response: https://teletv5.top/load/yayinlink.php?id=bein-sports-2 200 
2026-09-28 22:28:32,389 [INFO] Capturing request: https://www.atomsportv515.top/assets/img/player/player_logo_6a87a2e2eecc5.png
2026-09-28 22:28:32,399 [INFO] Capturing request: https://ladyboy.yedektv.cfd//bein2/tracks-v1a1/mono.m3u8
2026-09-28 22:28:32,602 [INFO] Capturing response: https://ladyboy.yedektv.cfd//bein2/tracks-v1a1/mono.m3u8 200 
2026-09-28 22:28:32,608 [INFO] Capturing response: https://www.atomsportv515.top/assets/img/player/player_logo_6a87a2e2eecc5.png 304 
2026-09-28 22:28:32,713 [INFO] Capturing request: https://taylandpompa.yedektv.cfd/bein2/tracks-v1a1/2026/09/28/22/27/57-10000.jpg
2026-09-28 22:28:34,151 [INFO] Capturing response: https://taylandpompa.yedektv.cfd/bein2/tracks-v1a1/2026/09/28/22/27/57-10000.jpg 200 
2026-09-28 22:28:34,482 [INFO] Capturing request: https://taylandpompa.yedektv.cfd/bein2/tracks-v1a1/2026/09/28/22/28/07-10000.jpg
2026-09-28 22:28:34,748 [INFO]   ✅ M3U8 bulundu: https://ladyboy.yedektv.cfd//bein2/tracks-v1a1/mono.m3u8
2026-09-28 22:28:35,749 [INFO] 
[3/14]
2026-09-28 22:28:35,749 [INFO] 🔍 beIN Sports 3 → https://www.atomsportv515.top/matches?id=bein-sports-3
2026-09-28 22:28:35,861 [INFO] Capturing request: https://www.atomsportv515.top/matches?id=bein-sports-3
2026-09-28 22:28:35,874 [INFO] Capturing response: https://taylandpompa.yedektv.cfd/bein2/tracks-v1a1/2026/09/28/22/28/07-10000.jpg 200 
2026-09-28 22:28:36,138 [INFO] Capturing response: https://www.atomsportv515.top/matches?id=bein-sports-3 200 
2026-09-28 22:28:36,191 [INFO] Capturing request: https://taylandpompa.yedektv.cfd/bein2/tracks-v1a1/2026/09/28/22/28/17-10000.jpg
2026-09-28 22:28:36,266 [INFO] Capturing request: https://teletv5.top/load/yayinlink.php?id=bein-sports-3
2026-09-28 22:28:36,269 [INFO] Capturing request: https://www.atomsportv515.top/favicon.ico
2026-09-28 22:28:36,314 [INFO] Capturing response: https://www.atomsportv515.top/favicon.ico 200 
2026-09-28 22:28:36,422 [INFO] Capturing request: https://streamsport365.com/cinema
2026-09-28 22:28:36,630 [INFO] Capturing response: https://teletv5.top/load/yayinlink.php?id=bein-sports-3 200 
2026-09-28 22:28:36,781 [INFO] Capturing response: https://streamsport365.com/cinema 200 
2026-09-28 22:28:36,892 [INFO] Capturing request: https://www.atomsportv515.top/assets/img/player/player_logo_6a87a2e2eecc5.png
2026-09-28 22:28:36,902 [INFO] Capturing request: https://ladyboy.yedektv.cfd//bein3/tracks-v1a1/mono.m3u8
2026-09-28 22:28:37,017 [INFO] Capturing response: https://www.atomsportv515.top/assets/img/player/player_logo_6a87a2e2eecc5.png 304 
2026-09-28 22:28:37,096 [INFO] Capturing response: https://ladyboy.yedektv.cfd//bein3/tracks-v1a1/mono.m3u8 200 
2026-09-28 22:28:37,207 [INFO] Capturing request: https://taylandpompa.yedektv.cfd/bein3/tracks-v1a1/2026/09/28/22/29/33-04920.jpg
2026-09-28 22:28:37,454 [INFO] Capturing response: https://taylandpompa.yedektv.cfd/bein3/tracks-v1a1/2026/09/28/22/29/33-04920.jpg 404 
2026-09-28 22:28:37,564 [INFO] Capturing request: https://taylandpompa.yedektv.cfd/bein3/tracks-v1a1/2026/09/28/22/29/38-04920.jpg
2026-09-28 22:28:37,671 [INFO] Capturing response: https://taylandpompa.yedektv.cfd/bein2/tracks-v1a1/2026/09/28/22/28/17-10000.jpg 200 
2026-09-28 22:28:37,800 [INFO] Capturing response: https://taylandpompa.yedektv.cfd/bein3/tracks-v1a1/2026/09/28/22/29/38-04920.jpg 404 
2026-09-28 22:28:37,937 [INFO] Capturing request: https://taylandpompa.yedektv.cfd/bein3/tracks-v1a1/2026/09/28/22/29/43-04920.jpg
2026-09-28 22:28:38,173 [INFO] Capturing response: https://taylandpompa.yedektv.cfd/bein3/tracks-v1a1/2026/09/28/22/29/43-04920.jpg 404 
2026-09-28 22:28:38,319 [INFO] Capturing request: https://taylandpompa.yedektv.cfd/bein3/tracks-v1a1/2026/09/28/22/29/47-04880.jpg
2026-09-28 22:28:39,023 [INFO] Capturing response: https://taylandpompa.yedektv.cfd/bein3/tracks-v1a1/2026/09/28/22/29/47-04880.jpg 200 
2026-09-28 22:28:39,186 [INFO]   ✅ M3U8 bulundu: https://ladyboy.yedektv.cfd//bein3/tracks-v1a1/mono.m3u8
2026-09-28 22:28:39,245 [INFO] Capturing request: https://taylandpompa.yedektv.cfd/bein3/tracks-v1a1/2026/09/28/22/29/33-04920.jpg
2026-09-28 22:28:39,266 [INFO] Capturing response: https://taylandpompa.yedektv.cfd/bein3/tracks-v1a1/2026/09/28/22/29/33-04920.jpg 404 
2026-09-28 22:28:39,412 [INFO] Capturing request: https://taylandpompa.yedektv.cfd/bein3/tracks-v1a1/2026/09/28/22/29/33-04920.jpg
2026-09-28 22:28:39,433 [INFO] Capturing response: https://taylandpompa.yedektv.cfd/bein3/tracks-v1a1/2026/09/28/22/29/33-04920.jpg 404 
2026-09-28 22:28:39,580 [INFO] Capturing request: https://taylandpompa.yedektv.cfd/bein3/tracks-v1a1/2026/09/28/22/29/33-04920.jpg
2026-09-28 22:28:39,602 [INFO] Capturing response: https://taylandpompa.yedektv.cfd/bein3/tracks-v1a1/2026/09/28/22/29/33-04920.jpg 404 
2026-09-28 22:28:39,748 [INFO] Capturing request: https://taylandpompa.yedektv.cfd/bein3/tracks-v1a1/2026/09/28/22/29/33-04920.jpg
2026-09-28 22:28:39,770 [INFO] Capturing response: https://taylandpompa.yedektv.cfd/bein3/tracks-v1a1/2026/09/28/22/29/33-04920.jpg 404 
2026-09-28 22:28:39,916 [INFO] Capturing request: https://taylandpompa.yedektv.cfd/bein3/tracks-v1a1/2026/09/28/22/29/33-04920.jpg
2026-09-28 22:28:39,939 [INFO] Capturing response: https://taylandpompa.yedektv.cfd/bein3/tracks-v1a1/2026/09/28/22/29/33-04920.jpg 404 
2026-09-28 22:28:40,085 [INFO] Capturing request: https://taylandpompa.yedektv.cfd/bein3/tracks-v1a1/2026/09/28/22/29/33-04920.jpg
2026-09-28 22:28:40,114 [INFO] Capturing response: https://taylandpompa.yedektv.cfd/bein3/tracks-v1a1/2026/09/28/22/29/33-04920.jpg 404 
2026-09-28 22:28:40,186 [INFO] 
[4/14]
2026-09-28 22:28:40,186 [INFO] 🔍 beIN Sports 4 → https://www.atomsportv515.top/matches?id=bein-sports-4
2026-09-28 22:28:40,260 [INFO] Capturing request: https://taylandpompa.yedektv.cfd/bein3/tracks-v1a1/2026/09/28/22/29/33-04920.jpg
2026-09-28 22:28:40,282 [INFO] Capturing response: https://taylandpompa.yedektv.cfd/bein3/tracks-v1a1/2026/09/28/22/29/33-04920.jpg 404 
2026-09-28 22:28:40,297 [INFO] Capturing request: https://www.atomsportv515.top/matches?id=bein-sports-4
2026-09-28 22:28:40,428 [INFO] Capturing request: https://taylandpompa.yedektv.cfd/bein3/tracks-v1a1/2026/09/28/22/29/33-04920.jpg
2026-09-28 22:28:40,450 [INFO] Capturing response: https://taylandpompa.yedektv.cfd/bein3/tracks-v1a1/2026/09/28/22/29/33-04920.jpg 404 
2026-09-28 22:28:40,575 [INFO] Capturing response: https://www.atomsportv515.top/matches?id=bein-sports-4 200 
2026-09-28 22:28:40,598 [INFO] Capturing request: https://taylandpompa.yedektv.cfd/bein3/tracks-v1a1/2026/09/28/22/29/33-04920.jpg
2026-09-28 22:28:40,605 [INFO] Capturing request: https://streamsport365.com/cinema
2026-09-28 22:28:40,624 [INFO] Capturing response: https://taylandpompa.yedektv.cfd/bein3/tracks-v1a1/2026/09/28/22/29/33-04920.jpg 404 
2026-09-28 22:28:40,704 [INFO] Capturing request: https://teletv5.top/load/yayinlink.php?id=bein-sports-4
2026-09-28 22:28:40,706 [INFO] Capturing request: https://www.atomsportv515.top/favicon.ico
2026-09-28 22:28:40,738 [INFO] Capturing response: https://www.atomsportv515.top/favicon.ico 200 
2026-09-28 22:28:40,936 [INFO] Capturing response: https://teletv5.top/load/yayinlink.php?id=bein-sports-4 200 
2026-09-28 22:28:40,973 [INFO] Capturing response: https://streamsport365.com/cinema 200 
2026-09-28 22:28:41,087 [INFO] Capturing request: https://www.atomsportv515.top/assets/img/player/player_logo_6a87a2e2eecc5.png
2026-09-28 22:28:41,097 [INFO] Capturing request: https://ladyboy.yedektv.cfd//bein4/tracks-v1a1/mono.m3u8
2026-09-28 22:28:41,210 [INFO] Capturing response: https://www.atomsportv515.top/assets/img/player/player_logo_6a87a2e2eecc5.png 304 
2026-09-28 22:28:41,305 [INFO] Capturing response: https://ladyboy.yedektv.cfd//bein4/tracks-v1a1/mono.m3u8 200 
2026-09-28 22:28:41,456 [INFO] Capturing request: https://taylandpompa.yedektv.cfd/bein4/tracks-v1a1/2026/09/28/22/28/38-10000.jpg
2026-09-28 22:28:42,960 [INFO] Capturing response: https://taylandpompa.yedektv.cfd/bein4/tracks-v1a1/2026/09/28/22/28/38-10000.jpg 200 
2026-09-28 22:28:43,303 [INFO] Capturing request: https://taylandpompa.yedektv.cfd/bein4/tracks-v1a1/2026/09/28/22/28/48-10000.jpg
2026-09-28 22:28:43,622 [INFO]   ✅ M3U8 bulundu: https://ladyboy.yedektv.cfd//bein4/tracks-v1a1/mono.m3u8
2026-09-28 22:28:44,622 [INFO] 
[5/14]
2026-09-28 22:28:44,623 [INFO] 🔍 beIN Sports 5 → https://www.atomsportv515.top/matches?id=bein-sports-5
2026-09-28 22:28:44,737 [INFO] Capturing request: https://www.atomsportv515.top/matches?id=bein-sports-5
2026-09-28 22:28:44,759 [INFO] Capturing response: https://taylandpompa.yedektv.cfd/bein4/tracks-v1a1/2026/09/28/22/28/48-10000.jpg 200 
2026-09-28 22:28:45,026 [INFO] Capturing response: https://www.atomsportv515.top/matches?id=bein-sports-5 200 
2026-09-28 22:28:45,082 [INFO] Capturing request: https://taylandpompa.yedektv.cfd/bein4/tracks-v1a1/2026/09/28/22/28/58-10000.jpg
2026-09-28 22:28:45,156 [INFO] Capturing request: https://www.atomsportv515.top/favicon.ico
2026-09-28 22:28:45,158 [INFO] Capturing request: https://teletv5.top/load/yayinlink.php?id=bein-sports-5
2026-09-28 22:28:45,200 [INFO] Capturing response: https://www.atomsportv515.top/favicon.ico 200 
2026-09-28 22:28:45,315 [INFO] Capturing request: https://streamsport365.com/cinema
2026-09-28 22:28:45,391 [INFO] Capturing response: https://teletv5.top/load/yayinlink.php?id=bein-sports-5 200 
2026-09-28 22:28:45,685 [INFO] Capturing response: https://streamsport365.com/cinema 200 
2026-09-28 22:28:45,797 [INFO] Capturing request: https://www.atomsportv515.top/assets/img/player/player_logo_6a87a2e2eecc5.png
2026-09-28 22:28:45,809 [INFO] Capturing request: https://ladyboy.yedektv.cfd//bein5/tracks-v1a1/mono.m3u8
2026-09-28 22:28:45,921 [INFO] Capturing response: https://www.atomsportv515.top/assets/img/player/player_logo_6a87a2e2eecc5.png 304 
2026-09-28 22:28:46,021 [INFO] Capturing response: https://ladyboy.yedektv.cfd//bein5/tracks-v1a1/mono.m3u8 404 
2026-09-28 22:28:46,526 [INFO] Capturing response: https://taylandpompa.yedektv.cfd/bein4/tracks-v1a1/2026/09/28/22/28/58-10000.jpg 200 
2026-09-28 22:28:48,069 [INFO]   ✅ M3U8 bulundu: https://ladyboy.yedektv.cfd//bein5/tracks-v1a1/mono.m3u8
2026-09-28 22:28:48,151 [INFO] Capturing request: https://ladyboy.yedektv.cfd//bein5/tracks-v1a1/mono.m3u8
2026-09-28 22:28:48,359 [INFO] Capturing response: https://ladyboy.yedektv.cfd//bein5/tracks-v1a1/mono.m3u8 404 
2026-09-28 22:28:49,069 [INFO] 
[6/14]
2026-09-28 22:28:49,070 [INFO] 🔍 beIN Sports Max 1 → https://www.atomsportv515.top/matches?id=bein-sports-max-1
2026-09-28 22:28:49,179 [INFO] Capturing request: https://www.atomsportv515.top/matches?id=bein-sports-max-1
2026-09-28 22:28:49,456 [INFO] Capturing response: https://www.atomsportv515.top/matches?id=bein-sports-max-1 200 
2026-09-28 22:28:49,485 [INFO] Capturing request: https://streamsport365.com/cinema
2026-09-28 22:28:49,587 [INFO] Capturing request: https://teletv5.top/load/yayinlink.php?id=bein-sports-max-1
2026-09-28 22:28:49,588 [INFO] Capturing request: https://www.atomsportv515.top/favicon.ico
2026-09-28 22:28:49,625 [INFO] Capturing response: https://www.atomsportv515.top/favicon.ico 200 
2026-09-28 22:28:49,817 [INFO] Capturing response: https://teletv5.top/load/yayinlink.php?id=bein-sports-max-1 200 
2026-09-28 22:28:49,843 [INFO] Capturing response: https://streamsport365.com/cinema 200 
2026-09-28 22:28:49,968 [INFO] Capturing request: https://www.atomsportv515.top/assets/img/player/player_logo_6a87a2e2eecc5.png
2026-09-28 22:28:49,978 [INFO] Capturing request: https://ladyboy.yedektv.cfd//beinmax1/tracks-v1a1/mono.m3u8
2026-09-28 22:28:50,090 [INFO] Capturing response: https://www.atomsportv515.top/assets/img/player/player_logo_6a87a2e2eecc5.png 304 
2026-09-28 22:28:50,180 [INFO] Capturing response: https://ladyboy.yedektv.cfd//beinmax1/tracks-v1a1/mono.m3u8 404 
2026-09-28 22:28:52,299 [INFO] Capturing request: https://ladyboy.yedektv.cfd//beinmax1/tracks-v1a1/mono.m3u8
2026-09-28 22:28:52,494 [INFO] Capturing response: https://ladyboy.yedektv.cfd//beinmax1/tracks-v1a1/mono.m3u8 404 
2026-09-28 22:28:52,499 [INFO]   ✅ M3U8 bulundu: https://ladyboy.yedektv.cfd//beinmax1/tracks-v1a1/mono.m3u8
2026-09-28 22:28:53,500 [INFO] 
[7/14]
2026-09-28 22:28:53,500 [INFO] 🔍 beIN Sports Max 2 → https://www.atomsportv515.top/matches?id=bein-sports-max-2
2026-09-28 22:28:53,608 [INFO] Capturing request: https://www.atomsportv515.top/matches?id=bein-sports-max-2
2026-09-28 22:28:53,886 [INFO] Capturing response: https://www.atomsportv515.top/matches?id=bein-sports-max-2 200 
2026-09-28 22:28:54,011 [INFO] Capturing request: https://teletv5.top/load/yayinlink.php?id=bein-sports-max-2
2026-09-28 22:28:54,016 [INFO] Capturing request: https://www.atomsportv515.top/favicon.ico
2026-09-28 22:28:54,049 [INFO] Capturing response: https://www.atomsportv515.top/favicon.ico 200 
2026-09-28 22:28:54,167 [INFO] Capturing request: https://streamsport365.com/cinema
2026-09-28 22:28:54,240 [INFO] Capturing response: https://teletv5.top/load/yayinlink.php?id=bein-sports-max-2 200 
2026-09-28 22:28:54,524 [INFO] Capturing response: https://streamsport365.com/cinema 200 
2026-09-28 22:28:54,635 [INFO] Capturing request: https://www.atomsportv515.top/assets/img/player/player_logo_6a87a2e2eecc5.png
2026-09-28 22:28:54,645 [INFO] Capturing request: https://ladyboy.yedektv.cfd//beinmax2/tracks-v1a1/mono.m3u8
2026-09-28 22:28:54,756 [INFO] Capturing response: https://www.atomsportv515.top/assets/img/player/player_logo_6a87a2e2eecc5.png 304 
2026-09-28 22:28:54,864 [INFO] Capturing response: https://ladyboy.yedektv.cfd//beinmax2/tracks-v1a1/mono.m3u8 404 
2026-09-28 22:28:56,175 [INFO] Capturing request: https://android.clients.google.com/c2dm/register3
2026-09-28 22:28:56,206 [INFO] Capturing response: https://android.clients.google.com/c2dm/register3 301 
2026-09-28 22:28:56,929 [INFO]   ✅ M3U8 bulundu: https://ladyboy.yedektv.cfd//beinmax2/tracks-v1a1/mono.m3u8
2026-09-28 22:28:57,027 [INFO] Capturing request: https://ladyboy.yedektv.cfd//beinmax2/tracks-v1a1/mono.m3u8
2026-09-28 22:28:57,254 [INFO] Capturing response: https://ladyboy.yedektv.cfd//beinmax2/tracks-v1a1/mono.m3u8 404 
2026-09-28 22:28:57,929 [INFO] 
[8/14]
2026-09-28 22:28:57,929 [INFO] 🔍 S Sport → https://www.atomsportv515.top/matches?id=s-sport
2026-09-28 22:28:58,037 [INFO] Capturing request: https://www.atomsportv515.top/matches?id=s-sport
2026-09-28 22:28:58,519 [INFO] Capturing response: https://www.atomsportv515.top/matches?id=s-sport 200 
2026-09-28 22:28:58,547 [INFO] Capturing request: https://streamsport365.com/cinema
2026-09-28 22:28:58,645 [INFO] Capturing request: https://teletv5.top/load/yayinlink.php?id=s-sport
2026-09-28 22:28:58,651 [INFO] Capturing request: https://www.atomsportv515.top/favicon.ico
2026-09-28 22:28:58,684 [INFO] Capturing response: https://www.atomsportv515.top/favicon.ico 200 
2026-09-28 22:28:58,876 [INFO] Capturing response: https://teletv5.top/load/yayinlink.php?id=s-sport 200 
2026-09-28 22:28:58,912 [INFO] Capturing response: https://streamsport365.com/cinema 200 
2026-09-28 22:28:59,029 [INFO] Capturing request: https://www.atomsportv515.top/assets/img/player/player_logo_6a87a2e2eecc5.png
2026-09-28 22:28:59,039 [INFO] Capturing request: https://ladyboy.yedektv.cfd//s-sport/tracks-v1a1/mono.m3u8
2026-09-28 22:28:59,151 [INFO] Capturing response: https://www.atomsportv515.top/assets/img/player/player_logo_6a87a2e2eecc5.png 304 
2026-09-28 22:28:59,232 [INFO] Capturing response: https://ladyboy.yedektv.cfd//s-sport/tracks-v1a1/mono.m3u8 200 
2026-09-28 22:28:59,343 [INFO] Capturing request: https://taylandpompa.yedektv.cfd/s-sport/tracks-v1a1/2026/09/28/22/29/08-05000.jpg
2026-09-28 22:29:00,033 [INFO] Capturing response: https://taylandpompa.yedektv.cfd/s-sport/tracks-v1a1/2026/09/28/22/29/08-05000.jpg 200 
2026-09-28 22:29:00,267 [INFO] Capturing request: https://taylandpompa.yedektv.cfd/s-sport/tracks-v1a1/2026/09/28/22/29/13-05000.jpg
2026-09-28 22:29:01,016 [INFO] Capturing response: https://taylandpompa.yedektv.cfd/s-sport/tracks-v1a1/2026/09/28/22/29/13-05000.jpg 200 
2026-09-28 22:29:01,271 [INFO] Capturing request: https://taylandpompa.yedektv.cfd/s-sport/tracks-v1a1/2026/09/28/22/29/18-05000.jpg
2026-09-28 22:29:01,571 [INFO]   ✅ M3U8 bulundu: https://ladyboy.yedektv.cfd//s-sport/tracks-v1a1/mono.m3u8
2026-09-28 22:29:02,009 [INFO] Capturing response: https://taylandpompa.yedektv.cfd/s-sport/tracks-v1a1/2026/09/28/22/29/18-05000.jpg 200 
2026-09-28 22:29:02,571 [INFO] 
[9/14]
2026-09-28 22:29:02,571 [INFO] 🔍 S Sport 2 → https://www.atomsportv515.top/matches?id=s-sport-2
2026-09-28 22:29:02,681 [INFO] Capturing request: https://www.atomsportv515.top/matches?id=s-sport-2
2026-09-28 22:29:04,382 [INFO] Capturing response: https://www.atomsportv515.top/matches?id=s-sport-2 200 
2026-09-28 22:29:04,511 [INFO] Capturing request: https://teletv5.top/load/yayinlink.php?id=s-sport-2
2026-09-28 22:29:04,520 [INFO] Capturing request: https://www.atomsportv515.top/favicon.ico
2026-09-28 22:29:04,555 [INFO] Capturing response: https://www.atomsportv515.top/favicon.ico 200 
2026-09-28 22:29:04,666 [INFO] Capturing request: https://streamsport365.com/cinema
2026-09-28 22:29:04,674 [INFO] Capturing request: https://teletv5.top/load/yayinlink.php?id=s-sport-2
2026-09-28 22:29:05,027 [INFO] Capturing response: https://streamsport365.com/cinema 200 
2026-09-28 22:29:05,143 [INFO] Capturing response: https://teletv5.top/load/yayinlink.php?id=s-sport-2 200 
2026-09-28 22:29:05,295 [INFO] Capturing request: https://www.atomsportv515.top/assets/img/player/player_logo_6a87a2e2eecc5.png
2026-09-28 22:29:05,306 [INFO] Capturing request: https://ladyboy.yedektv.cfd//s-sport2/tracks-v1a1/mono.m3u8
2026-09-28 22:29:05,416 [INFO] Capturing response: https://www.atomsportv515.top/assets/img/player/player_logo_6a87a2e2eecc5.png 304 
2026-09-28 22:29:05,516 [INFO] Capturing response: https://ladyboy.yedektv.cfd//s-sport2/tracks-v1a1/mono.m3u8 200 
2026-09-28 22:29:05,666 [INFO] Capturing request: https://taylandpompa.yedektv.cfd/s-sport2/tracks-v1a1/2026/09/28/22/30/11-06400.jpg
2026-09-28 22:29:07,358 [INFO] Capturing response: https://taylandpompa.yedektv.cfd/s-sport2/tracks-v1a1/2026/09/28/22/30/11-06400.jpg 200 
2026-09-28 22:29:07,451 [INFO]   ✅ M3U8 bulundu: https://ladyboy.yedektv.cfd//s-sport2/tracks-v1a1/mono.m3u8
2026-09-28 22:29:07,733 [INFO] Capturing request: https://taylandpompa.yedektv.cfd/s-sport2/tracks-v1a1/2026/09/28/22/30/18-06400.jpg
2026-09-28 22:29:08,451 [INFO] 
[10/14]
2026-09-28 22:29:08,451 [INFO] 🔍 A Spor → https://www.atomsportv515.top/matches?id=a-spor
2026-09-28 22:29:08,565 [INFO] Capturing request: https://www.atomsportv515.top/matches?id=a-spor
2026-09-28 22:29:08,857 [INFO] Capturing response: https://www.atomsportv515.top/matches?id=a-spor 200 
2026-09-28 22:29:08,897 [INFO] Capturing request: https://streamsport365.com/cinema
2026-09-28 22:29:08,991 [INFO] Capturing request: https://teletv5.top/load/yayinlink.php?id=a-spor
2026-09-28 22:29:08,997 [INFO] Capturing request: https://www.atomsportv515.top/favicon.ico
2026-09-28 22:29:09,029 [INFO] Capturing response: https://www.atomsportv515.top/favicon.ico 200 
2026-09-28 22:29:09,268 [INFO] Capturing response: https://streamsport365.com/cinema 200 
2026-09-28 22:29:09,279 [INFO] Capturing response: https://teletv5.top/load/yayinlink.php?id=a-spor 200 
2026-09-28 22:29:09,394 [INFO] Capturing request: https://www.atomsportv515.top/assets/img/player/player_logo_6a87a2e2eecc5.png
2026-09-28 22:29:09,402 [INFO] Capturing request: https://ladyboy.yedektv.cfd//aspor/tracks-v1a1/mono.m3u8
2026-09-28 22:29:09,515 [INFO] Capturing response: https://www.atomsportv515.top/assets/img/player/player_logo_6a87a2e2eecc5.png 304 
2026-09-28 22:29:09,573 [INFO] Capturing response: https://ladyboy.yedektv.cfd//aspor/tracks-v1a1/mono.m3u8 200 
2026-09-28 22:29:09,605 [INFO] Capturing response: https://taylandpompa.yedektv.cfd/s-sport2/tracks-v1a1/2026/09/28/22/30/18-06400.jpg 200 
2026-09-28 22:29:09,862 [INFO] Capturing request: https://taylandpompa.yedektv.cfd/aspor/tracks-v1a1/2026/09/28/22/29/07-06000.jpg
2026-09-28 22:29:09,878 [INFO] 127.0.0.1:46156: ProtocolException("Error in HTTP connection: Http2ZombieException('Connection or stream already dead: 1790634549.7778776, False')")
2026-09-28 22:29:10,941 [INFO] Capturing response: https://taylandpompa.yedektv.cfd/aspor/tracks-v1a1/2026/09/28/22/29/07-06000.jpg 200 
2026-09-28 22:29:11,221 [INFO] Capturing request: https://taylandpompa.yedektv.cfd/aspor/tracks-v1a1/2026/09/28/22/29/13-06000.jpg
2026-09-28 22:29:11,911 [INFO]   ✅ M3U8 bulundu: https://ladyboy.yedektv.cfd//aspor/tracks-v1a1/mono.m3u8
2026-09-28 22:29:12,348 [INFO] Capturing response: https://taylandpompa.yedektv.cfd/aspor/tracks-v1a1/2026/09/28/22/29/13-06000.jpg 200 
2026-09-28 22:29:12,633 [INFO] Capturing request: https://taylandpompa.yedektv.cfd/aspor/tracks-v1a1/2026/09/28/22/29/19-06000.jpg
2026-09-28 22:29:12,911 [INFO] 
[11/14]
2026-09-28 22:29:12,911 [INFO] 🔍 Tivibu Spor 1 → https://www.atomsportv515.top/matches?id=tivibu-spor-1
2026-09-28 22:29:13,024 [INFO] Capturing request: https://www.atomsportv515.top/matches?id=tivibu-spor-1
2026-09-28 22:29:13,307 [INFO] Capturing response: https://www.atomsportv515.top/matches?id=tivibu-spor-1 200 
2026-09-28 22:29:13,442 [INFO] Capturing request: https://www.atomsportv515.top/favicon.ico
2026-09-28 22:29:13,444 [INFO] Capturing request: https://teletv5.top/load/yayinlink.php?id=tivibu-spor-1
2026-09-28 22:29:13,480 [INFO] Capturing response: https://www.atomsportv515.top/favicon.ico 200 
2026-09-28 22:29:13,598 [INFO] Capturing request: https://streamsport365.com/cinema
2026-09-28 22:29:13,691 [INFO] Capturing response: https://teletv5.top/load/yayinlink.php?id=tivibu-spor-1 200 
2026-09-28 22:29:13,813 [INFO] Capturing response: https://taylandpompa.yedektv.cfd/aspor/tracks-v1a1/2026/09/28/22/29/19-06000.jpg 200 
2026-09-28 22:29:13,875 [INFO] 127.0.0.1:46156: ProtocolException("Error in HTTP connection: Http2ZombieException('Connection or stream already dead: 1790634553.8751836, False')")
2026-09-28 22:29:13,967 [INFO] Capturing response: https://streamsport365.com/cinema 200 
2026-09-28 22:29:25,362 [INFO] Capturing request: https://update.googleapis.com/service/update2/json?cup2key=ML-DSA-44-16:pnx2SbQY-rcql73rrAkLHNH8kBlHB8xLOwJ5yudu3kk&cup2hreq=3ff3881484617c9d0c5c19a386b539b137b62c346530fe0c25c89f8603ffaf92
2026-09-28 22:29:25,387 [INFO] Capturing response: https://update.googleapis.com/service/update2/json?cup2key=ML-DSA-44-16:pnx2SbQY-rcql73rrAkLHNH8kBlHB8xLOwJ5yudu3kk&cup2hreq=3ff3881484617c9d0c5c19a386b539b137b62c346530fe0c25c89f8603ffaf92 200 
2026-09-28 22:29:25,397 [INFO] Capturing request: http://edgedl.me.gvt1.com/edgedl/diffgen-puffin/gcmjkmgdlgnkkcocmoeiminaijmmjnii/93d241e87603e2aac20e9e6ab2a12f1dd352be0faabae7597f3872f3267db430
2026-09-28 22:29:25,423 [INFO] Capturing response: http://edgedl.me.gvt1.com/edgedl/diffgen-puffin/gcmjkmgdlgnkkcocmoeiminaijmmjnii/93d241e87603e2aac20e9e6ab2a12f1dd352be0faabae7597f3872f3267db430 200 OK
2026-09-28 22:29:25,450 [INFO] Capturing request: https://update.googleapis.com/service/update2/json
2026-09-28 22:29:25,474 [INFO] Capturing response: https://update.googleapis.com/service/update2/json 200 
2026-09-28 22:29:25,519 [INFO] Capturing request: http://edgedl.me.gvt1.com/edgedl/release2/chrome_component/achbxa6hfiutjwcwzawlc4hhsgoa_10806/hfnkpimlhhgieaddgfemjhofmfblmnib_10806_all_ksuun6tdmmhprsllph7r37fhha.crx3
2026-09-28 22:29:25,552 [INFO] Capturing response: http://edgedl.me.gvt1.com/edgedl/release2/chrome_component/achbxa6hfiutjwcwzawlc4hhsgoa_10806/hfnkpimlhhgieaddgfemjhofmfblmnib_10806_all_ksuun6tdmmhprsllph7r37fhha.crx3 200 OK
2026-09-28 22:29:25,582 [INFO] Capturing request: https://update.googleapis.com/service/update2/json
2026-09-28 22:29:25,603 [INFO] Capturing response: https://update.googleapis.com/service/update2/json 200 
2026-09-28 22:29:46,660 [WARNING]   ❌ Tivibu Spor 1 için M3U8 bulunamadı
2026-09-28 22:29:47,660 [INFO] 
[12/14]
2026-09-28 22:29:47,661 [INFO] 🔍 Tivibu Spor 2 → https://www.atomsportv515.top/matches?id=tivibu-spor-2
2026-09-28 22:29:47,821 [INFO] Capturing request: https://www.atomsportv515.top/matches?id=tivibu-spor-2
2026-09-28 22:29:48,328 [INFO] Capturing response: https://www.atomsportv515.top/matches?id=tivibu-spor-2 200 
2026-09-28 22:29:48,494 [INFO] Capturing request: https://www.atomsportv515.top/favicon.ico
2026-09-28 22:29:48,529 [INFO] Capturing response: https://www.atomsportv515.top/favicon.ico 200 
2026-09-28 22:29:48,540 [INFO] Capturing request: https://teletv5.top/load/yayinlink.php?id=tivibu-spor-2
2026-09-28 22:29:49,053 [INFO] Capturing response: https://teletv5.top/load/yayinlink.php?id=tivibu-spor-2 200 
2026-09-28 22:29:49,250 [INFO] Capturing request: https://streamsport365.com/cinema
2026-09-28 22:29:49,600 [INFO] Capturing response: https://streamsport365.com/cinema 200 
2026-09-28 22:29:53,476 [INFO] Capturing request: https://android.clients.google.com/c2dm/register3
2026-09-28 22:29:53,502 [INFO] Capturing response: https://android.clients.google.com/c2dm/register3 301 
2026-09-28 22:30:21,657 [WARNING]   ❌ Tivibu Spor 2 için M3U8 bulunamadı
2026-09-28 22:30:22,657 [INFO] 
[13/14]
2026-09-28 22:30:22,657 [INFO] 🔍 Tivibu Spor 3 → https://www.atomsportv515.top/matches?id=tivibu-spor-3
2026-09-28 22:30:22,767 [INFO] Capturing request: https://www.atomsportv515.top/matches?id=tivibu-spor-3
2026-09-28 22:30:23,292 [INFO] Capturing response: https://www.atomsportv515.top/matches?id=tivibu-spor-3 200 
2026-09-28 22:30:23,422 [INFO] Capturing request: https://teletv5.top/load/yayinlink.php?id=tivibu-spor-3
2026-09-28 22:30:23,427 [INFO] Capturing request: https://www.atomsportv515.top/favicon.ico
2026-09-28 22:30:23,476 [INFO] Capturing response: https://www.atomsportv515.top/favicon.ico 200 
2026-09-28 22:30:23,580 [INFO] Capturing request: https://streamsport365.com/cinema
2026-09-28 22:30:23,683 [INFO] Capturing response: https://teletv5.top/load/yayinlink.php?id=tivibu-spor-3 200 
2026-09-28 22:30:23,948 [INFO] Capturing response: https://streamsport365.com/cinema 200 
2026-09-28 22:30:56,587 [WARNING]   ❌ Tivibu Spor 3 için M3U8 bulunamadı
2026-09-28 22:30:57,587 [INFO] 
[14/14]
2026-09-28 22:30:57,587 [INFO] 🔍 Tivibu Spor 4 → https://www.atomsportv515.top/matches?id=tivibu-spor-4
2026-09-28 22:30:57,697 [INFO] Capturing request: https://www.atomsportv515.top/matches?id=tivibu-spor-4
2026-09-28 22:30:58,204 [INFO] Capturing response: https://www.atomsportv515.top/matches?id=tivibu-spor-4 200 
2026-09-28 22:30:58,336 [INFO] Capturing request: https://teletv5.top/load/yayinlink.php?id=tivibu-spor-4
2026-09-28 22:30:58,338 [INFO] Capturing request: https://www.atomsportv515.top/favicon.ico
2026-09-28 22:30:58,376 [INFO] Capturing response: https://www.atomsportv515.top/favicon.ico 200 
2026-09-28 22:30:58,493 [INFO] Capturing request: https://streamsport365.com/cinema
2026-09-28 22:30:58,581 [INFO] Capturing response: https://teletv5.top/load/yayinlink.php?id=tivibu-spor-4 200 
2026-09-28 22:30:58,858 [INFO] Capturing response: https://streamsport365.com/cinema 200 
2026-09-28 22:31:31,500 [WARNING]   ❌ Tivibu Spor 4 için M3U8 bulunamadı
2026-09-28 22:31:32,578 [INFO] ✅ 10 kanal bulundu, playlist.m3u kaydedildi
