2026-08-05 06:29:26,340 [INFO] 🌐 BASE_URL: https://www.atomsportv512.top
2026-08-05 06:29:27,374 [INFO] Başlanıyor... 14 kanal taranacak
2026-08-05 06:29:27,374 [INFO] Using default request storage
2026-08-05 06:29:27,378 [INFO] Created proxy listening on 127.0.0.1:42259
2026-08-05 06:29:28,078 [INFO] Capturing request: http://clients2.google.com/time/1/current?cup2key=10:rL1p0AkdAjX--CubDLuPt9ni9sWDnY6QDMOmGFZquQU&cup2hreq=e3b0c44298fc1c149afbf4c8996fb92427ae41e4649b934ca495991b7852b855
2026-08-05 06:29:28,112 [INFO] Capturing response: http://clients2.google.com/time/1/current?cup2key=10:rL1p0AkdAjX--CubDLuPt9ni9sWDnY6QDMOmGFZquQU&cup2hreq=e3b0c44298fc1c149afbf4c8996fb92427ae41e4649b934ca495991b7852b855 200 OK
2026-08-05 06:29:28,279 [INFO] 
[1/14]
2026-08-05 06:29:28,279 [INFO] 🔍 beIN Sports 1 → https://www.atomsportv512.top/matches?id=bein-sports-1
2026-08-05 06:29:28,382 [INFO] Capturing request: https://update.googleapis.com/service/update2/json?cup2key=16:2yJFZ3XUp4RfH7zhOAMJ4Ih1aLkBK7sHounxyr2Obpc&cup2hreq=31d4a056ed7217a1cbb746c1bf1623d4fe31d9d5c86f3e45586a2fe886e870d9
2026-08-05 06:29:28,387 [INFO] Capturing request: https://accounts.google.com/ListAccounts?gpsia=1&source=ChromiumBrowser&json=standard&laf=b64bin
2026-08-05 06:29:28,432 [INFO] Capturing response: https://update.googleapis.com/service/update2/json?cup2key=16:2yJFZ3XUp4RfH7zhOAMJ4Ih1aLkBK7sHounxyr2Obpc&cup2hreq=31d4a056ed7217a1cbb746c1bf1623d4fe31d9d5c86f3e45586a2fe886e870d9 200 
2026-08-05 06:29:28,473 [INFO] Capturing request: https://www.google.com/async/folae?async=_fmt:pb&udm=50&client_locale=en-US&client_country=ZZ
2026-08-05 06:29:28,478 [INFO] Capturing request: https://www.atomsportv512.top/matches?id=bein-sports-1
2026-08-05 06:29:28,481 [INFO] Capturing request: https://update.googleapis.com/service/update2/json?cup2key=16:IqnjbKoPfbBNpSvaEsm-II3C7mcmUficRWlFmP1g-Tc&cup2hreq=2fb3cb0b6e39b9446334da998326760c3a0f503d8489604776513fe7b40ae132
2026-08-05 06:29:28,512 [INFO] Capturing response: https://update.googleapis.com/service/update2/json?cup2key=16:IqnjbKoPfbBNpSvaEsm-II3C7mcmUficRWlFmP1g-Tc&cup2hreq=2fb3cb0b6e39b9446334da998326760c3a0f503d8489604776513fe7b40ae132 200 
2026-08-05 06:29:28,516 [INFO] Capturing response: https://www.google.com/async/folae?async=_fmt:pb&udm=50&client_locale=en-US&client_country=ZZ 200 
2026-08-05 06:29:28,530 [INFO] Capturing response: https://accounts.google.com/ListAccounts?gpsia=1&source=ChromiumBrowser&json=standard&laf=b64bin 200 
2026-08-05 06:29:28,559 [INFO] Capturing request: https://update.googleapis.com/service/update2/json?cup2key=16:0KRbSpW6a2b507xaH1S24s-TpdrGuPQr5ESn6yezbsE&cup2hreq=88d563d872f912642b41ad5ae4af8744e147806fdf9bb8309f99a1eb9ad4c750
2026-08-05 06:29:28,587 [INFO] Capturing response: https://update.googleapis.com/service/update2/json?cup2key=16:0KRbSpW6a2b507xaH1S24s-TpdrGuPQr5ESn6yezbsE&cup2hreq=88d563d872f912642b41ad5ae4af8744e147806fdf9bb8309f99a1eb9ad4c750 200 
2026-08-05 06:29:29,174 [INFO] Capturing response: https://www.atomsportv512.top/matches?id=bein-sports-1 200 
2026-08-05 06:29:29,378 [INFO] Capturing request: https://cdn.jsdelivr.net/npm/@clappr/player@0.11.16/dist/clappr.min.js
2026-08-05 06:29:29,381 [INFO] Capturing request: https://cdn.jsdelivr.net/npm/@clappr/hlsjs-playback@1.8.3/dist/hlsjs-playback.min.js
2026-08-05 06:29:29,384 [INFO] Capturing request: https://cdn.jsdelivr.net/npm/level-selector/dist/level-selector.min.js
2026-08-05 06:29:29,406 [INFO] Capturing response: https://cdn.jsdelivr.net/npm/level-selector/dist/level-selector.min.js 200 
2026-08-05 06:29:29,425 [INFO] Capturing response: https://cdn.jsdelivr.net/npm/@clappr/player@0.11.16/dist/clappr.min.js 200 
2026-08-05 06:29:29,431 [INFO] Capturing response: https://cdn.jsdelivr.net/npm/@clappr/hlsjs-playback@1.8.3/dist/hlsjs-playback.min.js 200 
2026-08-05 06:29:29,673 [INFO] Capturing request: https://www.atomsportv512.top/favicon.ico
2026-08-05 06:29:29,713 [INFO] Capturing response: https://www.atomsportv512.top/favicon.ico 200 
2026-08-05 06:29:29,902 [INFO] Capturing request: https://teletv5.top/load/yayinlink.php?id=bein-sports-1
2026-08-05 06:29:30,347 [INFO] Capturing response: https://teletv5.top/load/yayinlink.php?id=bein-sports-1 200 
2026-08-05 06:29:30,409 [INFO] Capturing request: https://streamsport365.com/cinema
2026-08-05 06:29:30,783 [INFO] Capturing response: https://streamsport365.com/cinema 200 
2026-08-05 06:29:30,915 [INFO] Capturing request: https://www.atomsportv512.top/assets/img/player/player_logo_6a72b29dbcd89.png
2026-08-05 06:29:30,956 [INFO] Capturing response: https://www.atomsportv512.top/assets/img/player/player_logo_6a72b29dbcd89.png 200 
2026-08-05 06:29:30,977 [INFO] Capturing request: https://corestream.siteyaptim.live//bein1/tracks-v1a1/mono.m3u8
2026-08-05 06:29:31,168 [INFO] Capturing response: https://corestream.siteyaptim.live//bein1/tracks-v1a1/mono.m3u8 200 
2026-08-05 06:29:31,495 [INFO] Capturing request: https://android.clients.google.com/checkin
2026-08-05 06:29:31,608 [INFO] Capturing response: https://android.clients.google.com/checkin 200 
2026-08-05 06:29:31,619 [INFO] Capturing request: https://global.siteyaptim.live/bein1/tracks-v1a1/2026/08/05/06/29/09-05000.jpg
2026-08-05 06:29:31,659 [INFO] Capturing request: https://android.clients.google.com/c2dm/register3
2026-08-05 06:29:31,660 [INFO] Capturing request: https://android.clients.google.com/c2dm/register3
2026-08-05 06:29:31,663 [INFO] Capturing request: https://android.clients.google.com/c2dm/register3
2026-08-05 06:29:31,732 [INFO] Capturing response: https://android.clients.google.com/c2dm/register3 200 
2026-08-05 06:29:31,736 [INFO] Capturing response: https://android.clients.google.com/c2dm/register3 200 
2026-08-05 06:29:31,739 [INFO] Capturing response: https://android.clients.google.com/c2dm/register3 200 
2026-08-05 06:29:31,937 [INFO] Capturing response: https://global.siteyaptim.live/bein1/tracks-v1a1/2026/08/05/06/29/09-05000.jpg 200 
2026-08-05 06:29:32,160 [INFO] Capturing request: https://global.siteyaptim.live/bein1/tracks-v1a1/2026/08/05/06/29/14-05000.jpg
2026-08-05 06:29:32,455 [INFO] Capturing response: https://global.siteyaptim.live/bein1/tracks-v1a1/2026/08/05/06/29/14-05000.jpg 200 
2026-08-05 06:29:32,593 [INFO]   ✅ M3U8 bulundu: https://corestream.siteyaptim.live//bein1/tracks-v1a1/mono.m3u8
2026-08-05 06:29:32,663 [INFO] Capturing request: https://global.siteyaptim.live/bein1/tracks-v1a1/2026/08/05/06/29/19-05000.jpg
2026-08-05 06:29:32,973 [INFO] Capturing response: https://global.siteyaptim.live/bein1/tracks-v1a1/2026/08/05/06/29/19-05000.jpg 200 
2026-08-05 06:29:33,193 [INFO] Capturing request: https://global.siteyaptim.live/bein1/tracks-v1a1/2026/08/05/06/29/24-08320.jpg
2026-08-05 06:29:33,594 [INFO] 
[2/14]
2026-08-05 06:29:33,596 [INFO] 🔍 beIN Sports 2 → https://www.atomsportv512.top/matches?id=bein-sports-2
2026-08-05 06:29:33,614 [INFO] Capturing response: https://global.siteyaptim.live/bein1/tracks-v1a1/2026/08/05/06/29/24-08320.jpg 200 
2026-08-05 06:29:33,733 [INFO] Capturing request: https://www.atomsportv512.top/matches?id=bein-sports-2
2026-08-05 06:29:34,001 [INFO] Capturing response: https://www.atomsportv512.top/matches?id=bein-sports-2 200 
2026-08-05 06:29:34,054 [INFO] Capturing request: https://streamsport365.com/cinema
2026-08-05 06:29:34,154 [INFO] Capturing request: https://teletv5.top/load/yayinlink.php?id=bein-sports-2
2026-08-05 06:29:34,155 [INFO] Capturing request: https://www.atomsportv512.top/favicon.ico
2026-08-05 06:29:34,183 [INFO] Capturing response: https://www.atomsportv512.top/favicon.ico 200 
2026-08-05 06:29:34,428 [INFO] Capturing response: https://streamsport365.com/cinema 200 
2026-08-05 06:29:34,547 [INFO] Capturing response: https://teletv5.top/load/yayinlink.php?id=bein-sports-2 200 
2026-08-05 06:29:34,658 [INFO] Capturing request: https://www.atomsportv512.top/assets/img/player/player_logo_6a72b29dbcd89.png
2026-08-05 06:29:34,669 [INFO] Capturing request: https://corestream.siteyaptim.live//bein2/tracks-v1a1/mono.m3u8
2026-08-05 06:29:34,775 [INFO] Capturing response: https://www.atomsportv512.top/assets/img/player/player_logo_6a72b29dbcd89.png 304 
2026-08-05 06:29:34,844 [INFO] Capturing response: https://corestream.siteyaptim.live//bein2/tracks-v1a1/mono.m3u8 404 
2026-08-05 06:29:36,968 [INFO] Capturing request: https://corestream.siteyaptim.live//bein2/tracks-v1a1/mono.m3u8
2026-08-05 06:29:37,066 [INFO]   ✅ M3U8 bulundu: https://corestream.siteyaptim.live//bein2/tracks-v1a1/mono.m3u8
2026-08-05 06:29:37,140 [INFO] Capturing response: https://corestream.siteyaptim.live//bein2/tracks-v1a1/mono.m3u8 404 
2026-08-05 06:29:38,066 [INFO] 
[3/14]
2026-08-05 06:29:38,066 [INFO] 🔍 beIN Sports 3 → https://www.atomsportv512.top/matches?id=bein-sports-3
2026-08-05 06:29:38,175 [INFO] Capturing request: https://www.atomsportv512.top/matches?id=bein-sports-3
2026-08-05 06:29:38,442 [INFO] Capturing response: https://www.atomsportv512.top/matches?id=bein-sports-3 200 
2026-08-05 06:29:38,577 [INFO] Capturing request: https://teletv5.top/load/yayinlink.php?id=bein-sports-3
2026-08-05 06:29:38,579 [INFO] Capturing request: https://www.atomsportv512.top/favicon.ico
2026-08-05 06:29:38,613 [INFO] Capturing response: https://www.atomsportv512.top/favicon.ico 200 
2026-08-05 06:29:38,738 [INFO] Capturing request: https://streamsport365.com/cinema
2026-08-05 06:29:38,793 [INFO] Capturing response: https://teletv5.top/load/yayinlink.php?id=bein-sports-3 200 
2026-08-05 06:29:39,110 [INFO] Capturing response: https://streamsport365.com/cinema 200 
2026-08-05 06:29:39,220 [INFO] Capturing request: https://www.atomsportv512.top/assets/img/player/player_logo_6a72b29dbcd89.png
2026-08-05 06:29:39,229 [INFO] Capturing request: https://corestream.siteyaptim.live//bein3/tracks-v1a1/mono.m3u8
2026-08-05 06:29:39,337 [INFO] Capturing response: https://www.atomsportv512.top/assets/img/player/player_logo_6a72b29dbcd89.png 304 
2026-08-05 06:29:39,414 [INFO] Capturing response: https://corestream.siteyaptim.live//bein3/tracks-v1a1/mono.m3u8 200 
2026-08-05 06:29:39,564 [INFO] Capturing request: https://global.siteyaptim.live/bein3/tracks-v1a1/2026/08/05/06/28/57-05000.jpg
2026-08-05 06:29:40,004 [INFO] Capturing response: https://global.siteyaptim.live/bein3/tracks-v1a1/2026/08/05/06/28/57-05000.jpg 200 
2026-08-05 06:29:40,226 [INFO] Capturing request: https://global.siteyaptim.live/bein3/tracks-v1a1/2026/08/05/06/29/02-05000.jpg
2026-08-05 06:29:40,547 [INFO] Capturing response: https://global.siteyaptim.live/bein3/tracks-v1a1/2026/08/05/06/29/02-05000.jpg 200 
2026-08-05 06:29:40,757 [INFO] Capturing request: https://global.siteyaptim.live/bein3/tracks-v1a1/2026/08/05/06/29/07-05000.jpg
2026-08-05 06:29:41,064 [INFO] Capturing response: https://global.siteyaptim.live/bein3/tracks-v1a1/2026/08/05/06/29/07-05000.jpg 200 
2026-08-05 06:29:41,505 [INFO]   ✅ M3U8 bulundu: https://corestream.siteyaptim.live//bein3/tracks-v1a1/mono.m3u8
2026-08-05 06:29:42,505 [INFO] 
[4/14]
2026-08-05 06:29:42,505 [INFO] 🔍 beIN Sports 4 → https://www.atomsportv512.top/matches?id=bein-sports-4
2026-08-05 06:29:42,616 [INFO] Capturing request: https://www.atomsportv512.top/matches?id=bein-sports-4
2026-08-05 06:29:42,888 [INFO] Capturing response: https://www.atomsportv512.top/matches?id=bein-sports-4 200 
2026-08-05 06:29:42,924 [INFO] Capturing request: https://streamsport365.com/cinema
2026-08-05 06:29:43,023 [INFO] Capturing request: https://www.atomsportv512.top/favicon.ico
2026-08-05 06:29:43,023 [INFO] Capturing request: https://teletv5.top/load/yayinlink.php?id=bein-sports-4
2026-08-05 06:29:43,052 [INFO] Capturing response: https://www.atomsportv512.top/favicon.ico 200 
2026-08-05 06:29:43,242 [INFO] Capturing response: https://teletv5.top/load/yayinlink.php?id=bein-sports-4 200 
2026-08-05 06:29:43,308 [INFO] Capturing response: https://streamsport365.com/cinema 200 
2026-08-05 06:29:43,419 [INFO] Capturing request: https://www.atomsportv512.top/assets/img/player/player_logo_6a72b29dbcd89.png
2026-08-05 06:29:43,428 [INFO] Capturing request: https://corestream.siteyaptim.live//bein4/tracks-v1a1/mono.m3u8
2026-08-05 06:29:43,534 [INFO] Capturing response: https://www.atomsportv512.top/assets/img/player/player_logo_6a72b29dbcd89.png 304 
2026-08-05 06:29:43,607 [INFO] Capturing response: https://corestream.siteyaptim.live//bein4/tracks-v1a1/mono.m3u8 200 
2026-08-05 06:29:43,717 [INFO] Capturing request: https://global.siteyaptim.live/bein4/tracks-v1a1/2026/08/05/06/29/13-10000.jpg
2026-08-05 06:29:44,399 [INFO] Capturing response: https://global.siteyaptim.live/bein4/tracks-v1a1/2026/08/05/06/29/13-10000.jpg 200 
2026-08-05 06:29:44,723 [INFO] Capturing request: https://global.siteyaptim.live/bein4/tracks-v1a1/2026/08/05/06/29/23-10000.jpg
2026-08-05 06:29:45,237 [INFO] Capturing response: https://global.siteyaptim.live/bein4/tracks-v1a1/2026/08/05/06/29/23-10000.jpg 200 
2026-08-05 06:29:45,523 [INFO] Capturing request: https://global.siteyaptim.live/bein4/tracks-v1a1/2026/08/05/06/29/33-10000.jpg
2026-08-05 06:29:45,960 [INFO]   ✅ M3U8 bulundu: https://corestream.siteyaptim.live//bein4/tracks-v1a1/mono.m3u8
2026-08-05 06:29:46,212 [INFO] Capturing response: https://global.siteyaptim.live/bein4/tracks-v1a1/2026/08/05/06/29/33-10000.jpg 200 
2026-08-05 06:29:46,961 [INFO] 
[5/14]
2026-08-05 06:29:46,961 [INFO] 🔍 beIN Sports 5 → https://www.atomsportv512.top/matches?id=bein-sports-5
2026-08-05 06:29:47,073 [INFO] Capturing request: https://www.atomsportv512.top/matches?id=bein-sports-5
2026-08-05 06:29:47,340 [INFO] Capturing response: https://www.atomsportv512.top/matches?id=bein-sports-5 200 
2026-08-05 06:29:47,470 [INFO] Capturing request: https://teletv5.top/load/yayinlink.php?id=bein-sports-5
2026-08-05 06:29:47,471 [INFO] Capturing request: https://www.atomsportv512.top/favicon.ico
2026-08-05 06:29:47,503 [INFO] Capturing response: https://www.atomsportv512.top/favicon.ico 200 
2026-08-05 06:29:47,628 [INFO] Capturing request: https://streamsport365.com/cinema
2026-08-05 06:29:47,686 [INFO] Capturing response: https://teletv5.top/load/yayinlink.php?id=bein-sports-5 200 
2026-08-05 06:29:48,005 [INFO] Capturing response: https://streamsport365.com/cinema 200 
2026-08-05 06:29:48,116 [INFO] Capturing request: https://www.atomsportv512.top/assets/img/player/player_logo_6a72b29dbcd89.png
2026-08-05 06:29:48,125 [INFO] Capturing request: https://corestream.siteyaptim.live//bein5/tracks-v1a1/mono.m3u8
2026-08-05 06:29:48,231 [INFO] Capturing response: https://www.atomsportv512.top/assets/img/player/player_logo_6a72b29dbcd89.png 304 
2026-08-05 06:29:48,299 [INFO] Capturing response: https://corestream.siteyaptim.live//bein5/tracks-v1a1/mono.m3u8 200 
2026-08-05 06:29:48,449 [INFO] Capturing request: https://global.siteyaptim.live/bein5/tracks-v1a1/2026/08/05/06/29/21-10000.jpg
2026-08-05 06:29:48,958 [INFO] Capturing response: https://global.siteyaptim.live/bein5/tracks-v1a1/2026/08/05/06/29/21-10000.jpg 200 
2026-08-05 06:29:49,184 [INFO] Capturing request: https://global.siteyaptim.live/bein5/tracks-v1a1/2026/08/05/06/29/31-10000.jpg
2026-08-05 06:29:49,629 [INFO] Capturing response: https://global.siteyaptim.live/bein5/tracks-v1a1/2026/08/05/06/29/31-10000.jpg 200 
2026-08-05 06:29:49,880 [INFO] Capturing request: https://global.siteyaptim.live/bein5/tracks-v1a1/2026/08/05/06/29/41-10000.jpg
2026-08-05 06:29:50,254 [INFO] Capturing response: https://global.siteyaptim.live/bein5/tracks-v1a1/2026/08/05/06/29/41-10000.jpg 200 
2026-08-05 06:29:50,394 [INFO]   ✅ M3U8 bulundu: https://corestream.siteyaptim.live//bein5/tracks-v1a1/mono.m3u8
2026-08-05 06:29:51,394 [INFO] 
[6/14]
2026-08-05 06:29:51,394 [INFO] 🔍 beIN Sports Max 1 → https://www.atomsportv512.top/matches?id=bein-sports-max-1
2026-08-05 06:29:51,504 [INFO] Capturing request: https://www.atomsportv512.top/matches?id=bein-sports-max-1
2026-08-05 06:29:51,772 [INFO] Capturing response: https://www.atomsportv512.top/matches?id=bein-sports-max-1 200 
2026-08-05 06:29:51,804 [INFO] Capturing request: https://streamsport365.com/cinema
2026-08-05 06:29:51,906 [INFO] Capturing request: https://teletv5.top/load/yayinlink.php?id=bein-sports-max-1
2026-08-05 06:29:51,908 [INFO] Capturing request: https://www.atomsportv512.top/favicon.ico
2026-08-05 06:29:51,938 [INFO] Capturing response: https://www.atomsportv512.top/favicon.ico 200 
2026-08-05 06:29:52,120 [INFO] Capturing response: https://teletv5.top/load/yayinlink.php?id=bein-sports-max-1 200 
2026-08-05 06:29:52,185 [INFO] Capturing response: https://streamsport365.com/cinema 200 
2026-08-05 06:29:52,295 [INFO] Capturing request: https://www.atomsportv512.top/assets/img/player/player_logo_6a72b29dbcd89.png
2026-08-05 06:29:52,306 [INFO] Capturing request: https://corestream.siteyaptim.live//trtspor/tracks-v1a1/mono.m3u8
2026-08-05 06:29:52,412 [INFO] Capturing response: https://www.atomsportv512.top/assets/img/player/player_logo_6a72b29dbcd89.png 304 
2026-08-05 06:29:52,487 [INFO] Capturing response: https://corestream.siteyaptim.live//trtspor/tracks-v1a1/mono.m3u8 404 
2026-08-05 06:29:54,606 [INFO] Capturing request: https://corestream.siteyaptim.live//trtspor/tracks-v1a1/mono.m3u8
2026-08-05 06:29:54,774 [INFO] Capturing response: https://corestream.siteyaptim.live//trtspor/tracks-v1a1/mono.m3u8 404 
2026-08-05 06:29:54,819 [INFO]   ✅ M3U8 bulundu: https://corestream.siteyaptim.live//trtspor/tracks-v1a1/mono.m3u8
2026-08-05 06:29:55,014 [INFO] Capturing request: https://android.clients.google.com/c2dm/register3
2026-08-05 06:29:55,093 [INFO] Capturing response: https://android.clients.google.com/c2dm/register3 301 
2026-08-05 06:29:55,819 [INFO] 
[7/14]
2026-08-05 06:29:55,819 [INFO] 🔍 beIN Sports Max 2 → https://www.atomsportv512.top/matches?id=bein-sports-max-2
2026-08-05 06:29:55,929 [INFO] Capturing request: https://www.atomsportv512.top/matches?id=bein-sports-max-2
2026-08-05 06:29:56,204 [INFO] Capturing response: https://www.atomsportv512.top/matches?id=bein-sports-max-2 200 
2026-08-05 06:29:56,337 [INFO] Capturing request: https://teletv5.top/load/yayinlink.php?id=bein-sports-max-2
2026-08-05 06:29:56,343 [INFO] Capturing request: https://www.atomsportv512.top/favicon.ico
2026-08-05 06:29:56,376 [INFO] Capturing response: https://www.atomsportv512.top/favicon.ico 200 
2026-08-05 06:29:56,502 [INFO] Capturing request: https://streamsport365.com/cinema
2026-08-05 06:29:56,548 [INFO] Capturing response: https://teletv5.top/load/yayinlink.php?id=bein-sports-max-2 200 
2026-08-05 06:29:56,879 [INFO] Capturing response: https://streamsport365.com/cinema 200 
2026-08-05 06:29:56,990 [INFO] Capturing request: https://www.atomsportv512.top/assets/img/player/player_logo_6a72b29dbcd89.png
2026-08-05 06:29:56,998 [INFO] Capturing request: https://corestream.siteyaptim.live//hls/s-sport.m3u8
2026-08-05 06:29:57,107 [INFO] Capturing response: https://www.atomsportv512.top/assets/img/player/player_logo_6a72b29dbcd89.png 304 
2026-08-05 06:29:57,191 [INFO] Capturing response: https://corestream.siteyaptim.live//hls/s-sport.m3u8 404 
2026-08-05 06:29:59,267 [INFO]   ✅ M3U8 bulundu: https://corestream.siteyaptim.live//hls/s-sport.m3u8
2026-08-05 06:29:59,309 [INFO] Capturing request: https://corestream.siteyaptim.live//hls/s-sport.m3u8
2026-08-05 06:29:59,479 [INFO] Capturing response: https://corestream.siteyaptim.live//hls/s-sport.m3u8 404 
2026-08-05 06:29:59,929 [INFO] Capturing request: https://android.clients.google.com/c2dm/register3
2026-08-05 06:30:00,267 [INFO] 
[8/14]
2026-08-05 06:30:00,267 [INFO] 🔍 S Sport → https://www.atomsportv512.top/matches?id=s-sport
2026-08-05 06:30:00,377 [INFO] Capturing request: https://www.atomsportv512.top/matches?id=s-sport
2026-08-05 06:30:00,434 [INFO] Capturing response: https://android.clients.google.com/c2dm/register3 200 
2026-08-05 06:30:00,849 [INFO] Capturing response: https://www.atomsportv512.top/matches?id=s-sport 200 
2026-08-05 06:30:00,879 [INFO] Capturing request: https://streamsport365.com/cinema
2026-08-05 06:30:00,978 [INFO] Capturing request: https://teletv5.top/load/yayinlink.php?id=s-sport
2026-08-05 06:30:00,981 [INFO] Capturing request: https://www.atomsportv512.top/favicon.ico
2026-08-05 06:30:01,013 [INFO] Capturing response: https://www.atomsportv512.top/favicon.ico 200 
2026-08-05 06:30:01,207 [INFO] Capturing request: https://android.clients.google.com/c2dm/register3
2026-08-05 06:30:01,265 [INFO] Capturing response: https://streamsport365.com/cinema 200 
2026-08-05 06:30:01,677 [INFO] Capturing response: https://android.clients.google.com/c2dm/register3 200 
2026-08-05 06:30:01,762 [INFO] Capturing response: https://teletv5.top/load/yayinlink.php?id=s-sport 200 
2026-08-05 06:30:01,914 [INFO] Capturing request: https://www.atomsportv512.top/assets/img/player/player_logo_6a72b29dbcd89.png
2026-08-05 06:30:01,925 [INFO] Capturing request: https://corestream.siteyaptim.live//s-sport/tracks-v1a1/mono.m3u8
2026-08-05 06:30:02,032 [INFO] Capturing response: https://www.atomsportv512.top/assets/img/player/player_logo_6a72b29dbcd89.png 304 
2026-08-05 06:30:02,104 [INFO] Capturing response: https://corestream.siteyaptim.live//s-sport/tracks-v1a1/mono.m3u8 200 
2026-08-05 06:30:02,254 [INFO] Capturing request: https://global.siteyaptim.live/s-sport/tracks-v1a1/2026/08/05/06/29/23-20035.jpg
2026-08-05 06:30:02,464 [INFO] Capturing response: https://global.siteyaptim.live/s-sport/tracks-v1a1/2026/08/05/06/29/23-20035.jpg 200 
2026-08-05 06:30:02,624 [INFO] Capturing request: https://global.siteyaptim.live/s-sport/tracks-v1a1/2026/08/05/06/29/42-12520.jpg
2026-08-05 06:30:03,061 [INFO] Capturing response: https://global.siteyaptim.live/s-sport/tracks-v1a1/2026/08/05/06/29/42-12520.jpg 200 
2026-08-05 06:30:03,309 [INFO] Capturing request: https://global.siteyaptim.live/s-sport/tracks-v1a1/2026/08/05/06/29/55-07000.jpg
2026-08-05 06:30:03,634 [INFO] Capturing response: https://global.siteyaptim.live/s-sport/tracks-v1a1/2026/08/05/06/29/55-07000.jpg 200 
2026-08-05 06:30:03,861 [INFO] Capturing request: https://global.siteyaptim.live/s-sport/tracks-v1a1/2026/08/05/06/30/02-04200.jpg
2026-08-05 06:30:03,898 [INFO]   ✅ M3U8 bulundu: https://corestream.siteyaptim.live//s-sport/tracks-v1a1/mono.m3u8
2026-08-05 06:30:04,400 [INFO] Capturing response: https://global.siteyaptim.live/s-sport/tracks-v1a1/2026/08/05/06/30/02-04200.jpg 200 
2026-08-05 06:30:04,898 [INFO] 
[9/14]
2026-08-05 06:30:04,898 [INFO] 🔍 S Sport 2 → https://www.atomsportv512.top/matches?id=s-sport-2
2026-08-05 06:30:05,008 [INFO] Capturing request: https://www.atomsportv512.top/matches?id=s-sport-2
2026-08-05 06:30:05,280 [INFO] Capturing response: https://www.atomsportv512.top/matches?id=s-sport-2 200 
2026-08-05 06:30:05,413 [INFO] Capturing request: https://teletv5.top/load/yayinlink.php?id=s-sport-2
2026-08-05 06:30:05,414 [INFO] Capturing request: https://www.atomsportv512.top/favicon.ico
2026-08-05 06:30:05,444 [INFO] Capturing response: https://www.atomsportv512.top/favicon.ico 200 
2026-08-05 06:30:05,574 [INFO] Capturing request: https://streamsport365.com/cinema
2026-08-05 06:30:05,626 [INFO] Capturing response: https://teletv5.top/load/yayinlink.php?id=s-sport-2 200 
2026-08-05 06:30:05,950 [INFO] Capturing response: https://streamsport365.com/cinema 200 
2026-08-05 06:30:06,061 [INFO] Capturing request: https://www.atomsportv512.top/assets/img/player/player_logo_6a72b29dbcd89.png
2026-08-05 06:30:06,070 [INFO] Capturing request: https://corestream.siteyaptim.live//s-sport2/tracks-v1a1/mono.m3u8
2026-08-05 06:30:06,177 [INFO] Capturing response: https://www.atomsportv512.top/assets/img/player/player_logo_6a72b29dbcd89.png 304 
2026-08-05 06:30:06,244 [INFO] Capturing response: https://corestream.siteyaptim.live//s-sport2/tracks-v1a1/mono.m3u8 200 
2026-08-05 06:30:06,353 [INFO] Capturing request: https://global.siteyaptim.live/s-sport2/tracks-v1a1/2026/08/05/06/29/35-10000.jpg
2026-08-05 06:30:06,885 [INFO] Capturing response: https://global.siteyaptim.live/s-sport2/tracks-v1a1/2026/08/05/06/29/35-10000.jpg 200 
2026-08-05 06:30:07,181 [INFO] Capturing request: https://global.siteyaptim.live/s-sport2/tracks-v1a1/2026/08/05/06/29/45-10000.jpg
2026-08-05 06:30:07,696 [INFO] Capturing response: https://global.siteyaptim.live/s-sport2/tracks-v1a1/2026/08/05/06/29/45-10000.jpg 200 
2026-08-05 06:30:07,993 [INFO] Capturing request: https://global.siteyaptim.live/s-sport2/tracks-v1a1/2026/08/05/06/29/55-10000.jpg
2026-08-05 06:30:08,344 [INFO]   ✅ M3U8 bulundu: https://corestream.siteyaptim.live//s-sport2/tracks-v1a1/mono.m3u8
2026-08-05 06:30:08,438 [INFO] Capturing response: https://global.siteyaptim.live/s-sport2/tracks-v1a1/2026/08/05/06/29/55-10000.jpg 200 
2026-08-05 06:30:09,345 [INFO] 
[10/14]
2026-08-05 06:30:09,345 [INFO] 🔍 A Spor → https://www.atomsportv512.top/matches?id=a-spor
2026-08-05 06:30:09,456 [INFO] Capturing request: https://www.atomsportv512.top/matches?id=a-spor
2026-08-05 06:30:09,728 [INFO] Capturing response: https://www.atomsportv512.top/matches?id=a-spor 200 
2026-08-05 06:30:09,766 [INFO] Capturing request: https://streamsport365.com/cinema
2026-08-05 06:30:09,866 [INFO] Capturing request: https://teletv5.top/load/yayinlink.php?id=a-spor
2026-08-05 06:30:09,868 [INFO] Capturing request: https://www.atomsportv512.top/favicon.ico
2026-08-05 06:30:09,899 [INFO] Capturing response: https://www.atomsportv512.top/favicon.ico 200 
2026-08-05 06:30:10,081 [INFO] Capturing response: https://teletv5.top/load/yayinlink.php?id=a-spor 200 
2026-08-05 06:30:10,149 [INFO] Capturing response: https://streamsport365.com/cinema 200 
2026-08-05 06:30:10,260 [INFO] Capturing request: https://www.atomsportv512.top/assets/img/player/player_logo_6a72b29dbcd89.png
2026-08-05 06:30:10,269 [INFO] Capturing request: https://corestream.siteyaptim.live//aspor/tracks-v1a1/mono.m3u8
2026-08-05 06:30:10,378 [INFO] Capturing response: https://www.atomsportv512.top/assets/img/player/player_logo_6a72b29dbcd89.png 304 
2026-08-05 06:30:10,460 [INFO] Capturing response: https://corestream.siteyaptim.live//aspor/tracks-v1a1/mono.m3u8 404 
2026-08-05 06:30:12,625 [INFO] Capturing request: https://corestream.siteyaptim.live//aspor/tracks-v1a1/mono.m3u8
2026-08-05 06:30:12,782 [INFO]   ✅ M3U8 bulundu: https://corestream.siteyaptim.live//aspor/tracks-v1a1/mono.m3u8
2026-08-05 06:30:12,797 [INFO] Capturing response: https://corestream.siteyaptim.live//aspor/tracks-v1a1/mono.m3u8 404 
2026-08-05 06:30:13,782 [INFO] 
[11/14]
2026-08-05 06:30:13,782 [INFO] 🔍 Tivibu Spor 1 → https://www.atomsportv512.top/matches?id=tivibu-spor-1
2026-08-05 06:30:13,890 [INFO] Capturing request: https://www.atomsportv512.top/matches?id=tivibu-spor-1
2026-08-05 06:30:14,162 [INFO] Capturing response: https://www.atomsportv512.top/matches?id=tivibu-spor-1 200 
2026-08-05 06:30:14,293 [INFO] Capturing request: https://teletv5.top/load/yayinlink.php?id=tivibu-spor-1
2026-08-05 06:30:14,296 [INFO] Capturing request: https://www.atomsportv512.top/favicon.ico
2026-08-05 06:30:14,326 [INFO] Capturing response: https://www.atomsportv512.top/favicon.ico 200 
2026-08-05 06:30:14,458 [INFO] Capturing request: https://streamsport365.com/cinema
2026-08-05 06:30:14,506 [INFO] Capturing response: https://teletv5.top/load/yayinlink.php?id=tivibu-spor-1 200 
2026-08-05 06:30:14,836 [INFO] Capturing response: https://streamsport365.com/cinema 200 
2026-08-05 06:30:28,051 [INFO] Capturing request: https://update.googleapis.com/service/update2/json?cup2key=16:zacw8kLcBtNXw755LvwnAqz_cZeDg9gijVlGR9pB8pE&cup2hreq=e1036a861d920d40356decb063a6d32e1ccaabaaa1b64b0d85af91b48e939f3a
2026-08-05 06:30:28,083 [INFO] Capturing response: https://update.googleapis.com/service/update2/json?cup2key=16:zacw8kLcBtNXw755LvwnAqz_cZeDg9gijVlGR9pB8pE&cup2hreq=e1036a861d920d40356decb063a6d32e1ccaabaaa1b64b0d85af91b48e939f3a 200 
2026-08-05 06:30:28,090 [INFO] Capturing request: http://edgedl.me.gvt1.com/edgedl/diffgen-puffin/gcmjkmgdlgnkkcocmoeiminaijmmjnii/6ca5bdb9f3e2cd83b7e359729bc6c33c4fe975ec499861d969b3e080320849ff
2026-08-05 06:30:28,100 [INFO] Capturing response: http://edgedl.me.gvt1.com/edgedl/diffgen-puffin/gcmjkmgdlgnkkcocmoeiminaijmmjnii/6ca5bdb9f3e2cd83b7e359729bc6c33c4fe975ec499861d969b3e080320849ff 200 OK
2026-08-05 06:30:28,125 [INFO] Capturing request: https://update.googleapis.com/service/update2/json
2026-08-05 06:30:28,151 [INFO] Capturing response: https://update.googleapis.com/service/update2/json 200 
2026-08-05 06:30:28,196 [INFO] Capturing request: http://edgedl.me.gvt1.com/edgedl/release2/chrome_component/acoeejca3x5ln4o52gd7grzzsarq_10694/hfnkpimlhhgieaddgfemjhofmfblmnib_10694_all_kvowko2wu72iqhlsrwmufpo4ma.crx3
2026-08-05 06:30:28,210 [INFO] Capturing response: http://edgedl.me.gvt1.com/edgedl/release2/chrome_component/acoeejca3x5ln4o52gd7grzzsarq_10694/hfnkpimlhhgieaddgfemjhofmfblmnib_10694_all_kvowko2wu72iqhlsrwmufpo4ma.crx3 200 OK
2026-08-05 06:30:28,239 [INFO] Capturing request: https://update.googleapis.com/service/update2/json
2026-08-05 06:30:28,268 [INFO] Capturing response: https://update.googleapis.com/service/update2/json 200 
2026-08-05 06:30:43,405 [INFO] Capturing request: https://android.clients.google.com/c2dm/register3
2026-08-05 06:30:43,479 [INFO] Capturing response: https://android.clients.google.com/c2dm/register3 301 
2026-08-05 06:30:47,478 [WARNING]   ❌ Tivibu Spor 1 için M3U8 bulunamadı
2026-08-05 06:30:48,478 [INFO] 
[12/14]
2026-08-05 06:30:48,478 [INFO] 🔍 Tivibu Spor 2 → https://www.atomsportv512.top/matches?id=tivibu-spor-2
2026-08-05 06:30:48,618 [INFO] Capturing request: https://www.atomsportv512.top/matches?id=tivibu-spor-2
2026-08-05 06:30:49,206 [INFO] Capturing response: https://www.atomsportv512.top/matches?id=tivibu-spor-2 200 
2026-08-05 06:30:49,371 [INFO] Capturing request: https://www.atomsportv512.top/favicon.ico
2026-08-05 06:30:49,407 [INFO] Capturing request: https://teletv5.top/load/yayinlink.php?id=tivibu-spor-2
2026-08-05 06:30:49,409 [INFO] Capturing response: https://www.atomsportv512.top/favicon.ico 200 
2026-08-05 06:30:49,869 [INFO] Capturing response: https://teletv5.top/load/yayinlink.php?id=tivibu-spor-2 200 
2026-08-05 06:30:50,113 [INFO] Capturing request: https://streamsport365.com/cinema
2026-08-05 06:30:50,482 [INFO] Capturing response: https://streamsport365.com/cinema 200 
2026-08-05 06:31:22,520 [WARNING]   ❌ Tivibu Spor 2 için M3U8 bulunamadı
2026-08-05 06:31:23,521 [INFO] 
[13/14]
2026-08-05 06:31:23,521 [INFO] 🔍 Tivibu Spor 3 → https://www.atomsportv512.top/matches?id=tivibu-spor-3
2026-08-05 06:31:23,629 [INFO] Capturing request: https://www.atomsportv512.top/matches?id=tivibu-spor-3
2026-08-05 06:31:24,101 [INFO] Capturing response: https://www.atomsportv512.top/matches?id=tivibu-spor-3 200 
2026-08-05 06:31:24,231 [INFO] Capturing request: https://teletv5.top/load/yayinlink.php?id=tivibu-spor-3
2026-08-05 06:31:24,236 [INFO] Capturing request: https://www.atomsportv512.top/favicon.ico
2026-08-05 06:31:24,265 [INFO] Capturing response: https://www.atomsportv512.top/favicon.ico 200 
2026-08-05 06:31:24,397 [INFO] Capturing request: https://streamsport365.com/cinema
2026-08-05 06:31:24,448 [INFO] Capturing response: https://teletv5.top/load/yayinlink.php?id=tivibu-spor-3 200 
2026-08-05 06:31:24,776 [INFO] Capturing response: https://streamsport365.com/cinema 200 
2026-08-05 06:31:57,384 [WARNING]   ❌ Tivibu Spor 3 için M3U8 bulunamadı
2026-08-05 06:31:58,384 [INFO] 
[14/14]
2026-08-05 06:31:58,384 [INFO] 🔍 Tivibu Spor 4 → https://www.atomsportv512.top/matches?id=tivibu-spor-4
2026-08-05 06:31:58,495 [INFO] Capturing request: https://www.atomsportv512.top/matches?id=tivibu-spor-4
2026-08-05 06:31:58,949 [INFO] Capturing response: https://www.atomsportv512.top/matches?id=tivibu-spor-4 200 
2026-08-05 06:31:59,080 [INFO] Capturing request: https://teletv5.top/load/yayinlink.php?id=tivibu-spor-4
2026-08-05 06:31:59,086 [INFO] Capturing request: https://www.atomsportv512.top/favicon.ico
2026-08-05 06:31:59,116 [INFO] Capturing response: https://www.atomsportv512.top/favicon.ico 200 
2026-08-05 06:31:59,247 [INFO] Capturing request: https://streamsport365.com/cinema
2026-08-05 06:31:59,300 [INFO] Capturing response: https://teletv5.top/load/yayinlink.php?id=tivibu-spor-4 200 
2026-08-05 06:31:59,625 [INFO] Capturing response: https://streamsport365.com/cinema 200 
2026-08-05 06:32:04,015 [INFO] Capturing request: https://android.clients.google.com/c2dm/register3
2026-08-05 06:32:04,086 [INFO] Capturing response: https://android.clients.google.com/c2dm/register3 301 
2026-08-05 06:32:32,238 [WARNING]   ❌ Tivibu Spor 4 için M3U8 bulunamadı
2026-08-05 06:32:33,304 [INFO] ✅ 10 kanal bulundu, playlist.m3u kaydedildi
