2026-08-22 16:26:07,192 [INFO] 🌐 BASE_URL: https://www.atomsportv513.top
2026-08-22 16:26:08,016 [INFO] Başlanıyor... 14 kanal taranacak
2026-08-22 16:26:08,016 [INFO] Using default request storage
2026-08-22 16:26:08,020 [INFO] Created proxy listening on 127.0.0.1:41859
2026-08-22 16:26:08,648 [INFO] Capturing request: http://clients2.google.com/time/1/current?cup2key=10:dBLnTHblMDohcJxfRbsPOlGD8TyJ0Uf1tPIUs43pKC8&cup2hreq=e3b0c44298fc1c149afbf4c8996fb92427ae41e4649b934ca495991b7852b855
2026-08-22 16:26:08,732 [INFO] Capturing response: http://clients2.google.com/time/1/current?cup2key=10:dBLnTHblMDohcJxfRbsPOlGD8TyJ0Uf1tPIUs43pKC8&cup2hreq=e3b0c44298fc1c149afbf4c8996fb92427ae41e4649b934ca495991b7852b855 200 OK
2026-08-22 16:26:08,853 [INFO] 
[1/14]
2026-08-22 16:26:08,854 [INFO] 🔍 beIN Sports 1 → https://www.atomsportv513.top/matches?id=bein-sports-1
2026-08-22 16:26:08,957 [INFO] Capturing request: https://update.googleapis.com/service/update2/json?cup2key=16:E9mW_aMAmG_qKLTtEdp0KJkWx7szPQd4RVGLMQ3QA8k&cup2hreq=799c53f5931ee3e9de19837cc0d8cdd163300f932f0b60d60af33788c8b49a78
2026-08-22 16:26:08,958 [INFO] Capturing request: https://accounts.google.com/ListAccounts?gpsia=1&source=ChromiumBrowser&json=standard&laf=b64bin
2026-08-22 16:26:09,020 [INFO] Capturing response: https://update.googleapis.com/service/update2/json?cup2key=16:E9mW_aMAmG_qKLTtEdp0KJkWx7szPQd4RVGLMQ3QA8k&cup2hreq=799c53f5931ee3e9de19837cc0d8cdd163300f932f0b60d60af33788c8b49a78 200 
2026-08-22 16:26:09,026 [INFO] Capturing response: https://accounts.google.com/ListAccounts?gpsia=1&source=ChromiumBrowser&json=standard&laf=b64bin 200 
2026-08-22 16:26:09,056 [INFO] Capturing request: https://www.google.com/async/folae?async=_fmt:pb&udm=50&client_locale=en-US&client_country=ZZ
2026-08-22 16:26:09,061 [INFO] Capturing request: https://www.atomsportv513.top/matches?id=bein-sports-1
2026-08-22 16:26:09,066 [INFO] Capturing request: https://update.googleapis.com/service/update2/json?cup2key=16:TMCDFSLeo0PhXr8bNJDHeFzDrvAsBv56RpIgw2GI2Kk&cup2hreq=604708c8e5c7d418f03e5909fce28ae3dc6e791595c57500a7cee52fe4c21412
2026-08-22 16:26:09,088 [INFO] Capturing response: https://www.google.com/async/folae?async=_fmt:pb&udm=50&client_locale=en-US&client_country=ZZ 200 
2026-08-22 16:26:09,128 [INFO] Capturing response: https://update.googleapis.com/service/update2/json?cup2key=16:TMCDFSLeo0PhXr8bNJDHeFzDrvAsBv56RpIgw2GI2Kk&cup2hreq=604708c8e5c7d418f03e5909fce28ae3dc6e791595c57500a7cee52fe4c21412 200 
2026-08-22 16:26:09,175 [INFO] Capturing request: https://update.googleapis.com/service/update2/json?cup2key=16:dtLe_5MA2svZCV7ngrK1JKp0B8vYJFn3dVLx6Nvi3HA&cup2hreq=32522682873adbf31cf5e8953c9c8e74fc5282eaa2c567d383392fca97eafa26
2026-08-22 16:26:09,236 [INFO] Capturing response: https://update.googleapis.com/service/update2/json?cup2key=16:dtLe_5MA2svZCV7ngrK1JKp0B8vYJFn3dVLx6Nvi3HA&cup2hreq=32522682873adbf31cf5e8953c9c8e74fc5282eaa2c567d383392fca97eafa26 200 
2026-08-22 16:26:09,275 [INFO] Capturing request: https://www.google.com/async/folae?async=_fmt:pb&udm=50&client_locale=en-US&client_country=ZZ
2026-08-22 16:26:09,306 [INFO] Capturing response: https://www.google.com/async/folae?async=_fmt:pb&udm=50&client_locale=en-US&client_country=ZZ 200 
2026-08-22 16:26:09,544 [INFO] Capturing response: https://www.atomsportv513.top/matches?id=bein-sports-1 200 
2026-08-22 16:26:09,777 [INFO] Capturing request: https://cdn.jsdelivr.net/npm/@clappr/player@0.11.16/dist/clappr.min.js
2026-08-22 16:26:09,794 [INFO] Capturing request: https://cdn.jsdelivr.net/npm/@clappr/hlsjs-playback@1.8.3/dist/hlsjs-playback.min.js
2026-08-22 16:26:09,794 [INFO] Capturing request: https://cdn.jsdelivr.net/npm/level-selector/dist/level-selector.min.js
2026-08-22 16:26:09,840 [INFO] Capturing response: https://cdn.jsdelivr.net/npm/level-selector/dist/level-selector.min.js 200 
2026-08-22 16:26:09,908 [INFO] Capturing response: https://cdn.jsdelivr.net/npm/@clappr/player@0.11.16/dist/clappr.min.js 200 
2026-08-22 16:26:09,946 [INFO] Capturing response: https://cdn.jsdelivr.net/npm/@clappr/hlsjs-playback@1.8.3/dist/hlsjs-playback.min.js 200 
2026-08-22 16:26:10,113 [INFO] Capturing request: https://www.atomsportv513.top/favicon.ico
2026-08-22 16:26:10,186 [INFO] Capturing response: https://www.atomsportv513.top/favicon.ico 200 
2026-08-22 16:26:10,224 [INFO] Capturing request: https://teletv5.top/load/yayinlink.php?id=bein-sports-1
2026-08-22 16:26:10,554 [INFO] Capturing response: https://teletv5.top/load/yayinlink.php?id=bein-sports-1 200 
2026-08-22 16:26:10,693 [INFO] Capturing request: https://streamsport365.com/cinema
2026-08-22 16:26:10,989 [INFO] Capturing response: https://streamsport365.com/cinema 200 
2026-08-22 16:26:11,117 [INFO] Capturing request: https://www.atomsportv513.top/assets/img/player/player_logo_6a87a2e2eecc5.png
2026-08-22 16:26:11,188 [INFO] Capturing response: https://www.atomsportv513.top/assets/img/player/player_logo_6a87a2e2eecc5.png 200 
2026-08-22 16:26:11,222 [INFO] Capturing request: https://corestream.siteyaptim.live//beintv/tracks-v1a1/mono.m3u8
2026-08-22 16:26:11,594 [INFO] Capturing response: https://corestream.siteyaptim.live//beintv/tracks-v1a1/mono.m3u8 200 
2026-08-22 16:26:12,043 [INFO] Capturing request: https://global.siteyaptim.live/beintv/tracks-v1a1/2026/08/22/16/26/00-05000.jpg
2026-08-22 16:26:12,211 [INFO] Capturing request: https://android.clients.google.com/checkin
2026-08-22 16:26:12,320 [INFO] Capturing response: https://android.clients.google.com/checkin 200 
2026-08-22 16:26:12,372 [INFO] Capturing request: https://android.clients.google.com/c2dm/register3
2026-08-22 16:26:12,375 [INFO] Capturing request: https://android.clients.google.com/c2dm/register3
2026-08-22 16:26:12,378 [INFO] Capturing request: https://android.clients.google.com/c2dm/register3
2026-08-22 16:26:12,447 [INFO] Capturing response: https://android.clients.google.com/c2dm/register3 200 
2026-08-22 16:26:12,818 [INFO] Capturing response: https://global.siteyaptim.live/beintv/tracks-v1a1/2026/08/22/16/26/00-05000.jpg 200 
2026-08-22 16:26:12,894 [INFO] Capturing response: https://android.clients.google.com/c2dm/register3 200 
2026-08-22 16:26:12,896 [INFO] Capturing response: https://android.clients.google.com/c2dm/register3 200 
2026-08-22 16:26:13,032 [INFO] Capturing request: https://global.siteyaptim.live/beintv/tracks-v1a1/2026/08/22/16/26/05-05000.jpg
2026-08-22 16:26:13,036 [INFO]   ✅ M3U8 bulundu: https://corestream.siteyaptim.live//beintv/tracks-v1a1/mono.m3u8
2026-08-22 16:26:13,772 [INFO] Capturing response: https://global.siteyaptim.live/beintv/tracks-v1a1/2026/08/22/16/26/05-05000.jpg 200 
2026-08-22 16:26:13,976 [INFO] Capturing request: https://global.siteyaptim.live/beintv/tracks-v1a1/2026/08/22/16/26/10-05000.jpg
2026-08-22 16:26:14,037 [INFO] 
[2/14]
2026-08-22 16:26:14,037 [INFO] 🔍 beIN Sports 2 → https://www.atomsportv513.top/matches?id=bein-sports-2
2026-08-22 16:26:14,146 [INFO] Capturing request: https://www.atomsportv513.top/matches?id=bein-sports-2
2026-08-22 16:26:14,686 [INFO] Capturing response: https://global.siteyaptim.live/beintv/tracks-v1a1/2026/08/22/16/26/10-05000.jpg 200 
2026-08-22 16:26:15,141 [INFO] Capturing response: https://www.atomsportv513.top/matches?id=bein-sports-2 200 
2026-08-22 16:26:15,185 [INFO] Capturing request: https://streamsport365.com/cinema
2026-08-22 16:26:15,288 [INFO] Capturing request: https://teletv5.top/load/yayinlink.php?id=bein-sports-2
2026-08-22 16:26:15,288 [INFO] Capturing request: https://www.atomsportv513.top/favicon.ico
2026-08-22 16:26:15,370 [INFO] Capturing response: https://www.atomsportv513.top/favicon.ico 200 
2026-08-22 16:26:15,488 [INFO] Capturing response: https://streamsport365.com/cinema 200 
2026-08-22 16:26:15,529 [INFO] Capturing response: https://teletv5.top/load/yayinlink.php?id=bein-sports-2 200 
2026-08-22 16:26:15,641 [INFO] Capturing request: https://www.atomsportv513.top/assets/img/player/player_logo_6a87a2e2eecc5.png
2026-08-22 16:26:15,649 [INFO] Capturing request: https://corestream.siteyaptim.live//bein2/tracks-v1a1/mono.m3u8
2026-08-22 16:26:15,799 [INFO] Capturing response: https://corestream.siteyaptim.live//bein2/tracks-v1a1/mono.m3u8 200 
2026-08-22 16:26:15,809 [INFO] Capturing response: https://www.atomsportv513.top/assets/img/player/player_logo_6a87a2e2eecc5.png 304 
2026-08-22 16:26:15,910 [INFO] Capturing request: https://global.siteyaptim.live/bein2/tracks-v1a1/2026/08/22/16/25/38-10000.jpg
2026-08-22 16:26:16,765 [INFO] Capturing response: https://global.siteyaptim.live/bein2/tracks-v1a1/2026/08/22/16/25/38-10000.jpg 200 
2026-08-22 16:26:16,989 [INFO] Capturing request: https://global.siteyaptim.live/bein2/tracks-v1a1/2026/08/22/16/25/48-10000.jpg
2026-08-22 16:26:17,872 [INFO] Capturing response: https://global.siteyaptim.live/bein2/tracks-v1a1/2026/08/22/16/25/48-10000.jpg 200 
2026-08-22 16:26:18,074 [INFO] Capturing request: https://global.siteyaptim.live/bein2/tracks-v1a1/2026/08/22/16/25/58-10000.jpg
2026-08-22 16:26:18,205 [INFO]   ✅ M3U8 bulundu: https://corestream.siteyaptim.live//bein2/tracks-v1a1/mono.m3u8
2026-08-22 16:26:19,011 [INFO] Capturing response: https://global.siteyaptim.live/bein2/tracks-v1a1/2026/08/22/16/25/58-10000.jpg 200 
2026-08-22 16:26:19,206 [INFO] 
[3/14]
2026-08-22 16:26:19,206 [INFO] 🔍 beIN Sports 3 → https://www.atomsportv513.top/matches?id=bein-sports-3
2026-08-22 16:26:19,315 [INFO] Capturing request: https://www.atomsportv513.top/matches?id=bein-sports-3
2026-08-22 16:26:19,542 [INFO] Capturing response: https://www.atomsportv513.top/matches?id=bein-sports-3 200 
2026-08-22 16:26:19,671 [INFO] Capturing request: https://teletv5.top/load/yayinlink.php?id=bein-sports-3
2026-08-22 16:26:19,675 [INFO] Capturing request: https://www.atomsportv513.top/favicon.ico
2026-08-22 16:26:19,739 [INFO] Capturing response: https://www.atomsportv513.top/favicon.ico 200 
2026-08-22 16:26:19,795 [INFO] Capturing request: https://streamsport365.com/cinema
2026-08-22 16:26:19,850 [INFO] Capturing response: https://teletv5.top/load/yayinlink.php?id=bein-sports-3 200 
2026-08-22 16:26:20,091 [INFO] Capturing response: https://streamsport365.com/cinema 200 
2026-08-22 16:26:20,202 [INFO] Capturing request: https://www.atomsportv513.top/assets/img/player/player_logo_6a87a2e2eecc5.png
2026-08-22 16:26:20,210 [INFO] Capturing request: https://corestream.siteyaptim.live//bein3/tracks-v1a1/mono.m3u8
2026-08-22 16:26:20,354 [INFO] Capturing response: https://corestream.siteyaptim.live//bein3/tracks-v1a1/mono.m3u8 200 
2026-08-22 16:26:20,368 [INFO] Capturing response: https://www.atomsportv513.top/assets/img/player/player_logo_6a87a2e2eecc5.png 304 
2026-08-22 16:26:20,464 [INFO] Capturing request: https://global.siteyaptim.live/bein3/tracks-v1a1/2026/08/22/16/25/57-10000.jpg
2026-08-22 16:26:22,255 [INFO] Capturing response: https://global.siteyaptim.live/bein3/tracks-v1a1/2026/08/22/16/25/57-10000.jpg 200 
2026-08-22 16:26:22,517 [INFO] Capturing request: https://global.siteyaptim.live/bein3/tracks-v1a1/2026/08/22/16/26/07-10000.jpg
2026-08-22 16:26:22,593 [INFO]   ✅ M3U8 bulundu: https://corestream.siteyaptim.live//bein3/tracks-v1a1/mono.m3u8
2026-08-22 16:26:23,593 [INFO] 
[4/14]
2026-08-22 16:26:23,593 [INFO] 🔍 beIN Sports 4 → https://www.atomsportv513.top/matches?id=bein-sports-4
2026-08-22 16:26:23,701 [INFO] Capturing request: https://www.atomsportv513.top/matches?id=bein-sports-4
2026-08-22 16:26:23,925 [INFO] Capturing response: https://www.atomsportv513.top/matches?id=bein-sports-4 200 
2026-08-22 16:26:23,961 [INFO] Capturing request: https://streamsport365.com/cinema
2026-08-22 16:26:24,058 [INFO] Capturing request: https://www.atomsportv513.top/favicon.ico
2026-08-22 16:26:24,064 [INFO] Capturing request: https://teletv5.top/load/yayinlink.php?id=bein-sports-4
2026-08-22 16:26:24,119 [INFO] Capturing response: https://www.atomsportv513.top/favicon.ico 200 
2026-08-22 16:26:24,238 [INFO] Capturing response: https://teletv5.top/load/yayinlink.php?id=bein-sports-4 200 
2026-08-22 16:26:24,267 [INFO] Capturing response: https://streamsport365.com/cinema 200 
2026-08-22 16:26:24,338 [INFO] Capturing response: https://global.siteyaptim.live/bein3/tracks-v1a1/2026/08/22/16/26/07-10000.jpg 200 
2026-08-22 16:26:24,366 [INFO] 127.0.0.1:36840: ProtocolException("Error in HTTP connection: Http2ZombieException('Connection or stream already dead: 1787415984.3655806, False')")
2026-08-22 16:26:24,377 [INFO] Capturing request: https://www.atomsportv513.top/assets/img/player/player_logo_6a87a2e2eecc5.png
2026-08-22 16:26:24,388 [INFO] Capturing request: https://corestream.siteyaptim.live//bein4/tracks-v1a1/mono.m3u8
2026-08-22 16:26:24,536 [INFO] Capturing response: https://www.atomsportv513.top/assets/img/player/player_logo_6a87a2e2eecc5.png 304 
2026-08-22 16:26:24,568 [INFO] Capturing response: https://corestream.siteyaptim.live//bein4/tracks-v1a1/mono.m3u8 200 
2026-08-22 16:26:24,718 [INFO] Capturing request: https://global.siteyaptim.live/bein4/tracks-v1a1/2026/08/22/16/25/55-10000.jpg
2026-08-22 16:26:26,665 [INFO] Capturing response: https://global.siteyaptim.live/bein4/tracks-v1a1/2026/08/22/16/25/55-10000.jpg 200 
2026-08-22 16:26:26,962 [INFO] Capturing request: https://global.siteyaptim.live/bein4/tracks-v1a1/2026/08/22/16/26/05-10000.jpg
2026-08-22 16:26:26,974 [INFO]   ✅ M3U8 bulundu: https://corestream.siteyaptim.live//bein4/tracks-v1a1/mono.m3u8
2026-08-22 16:26:27,974 [INFO] 
[5/14]
2026-08-22 16:26:27,974 [INFO] 🔍 beIN Sports 5 → https://www.atomsportv513.top/matches?id=bein-sports-5
2026-08-22 16:26:28,083 [INFO] Capturing request: https://www.atomsportv513.top/matches?id=bein-sports-5
2026-08-22 16:26:28,308 [INFO] Capturing response: https://www.atomsportv513.top/matches?id=bein-sports-5 200 
2026-08-22 16:26:28,437 [INFO] Capturing request: https://teletv5.top/load/yayinlink.php?id=bein-sports-5
2026-08-22 16:26:28,439 [INFO] Capturing request: https://www.atomsportv513.top/favicon.ico
2026-08-22 16:26:28,507 [INFO] Capturing response: https://www.atomsportv513.top/favicon.ico 200 
2026-08-22 16:26:28,563 [INFO] Capturing request: https://streamsport365.com/cinema
2026-08-22 16:26:28,668 [INFO] Capturing response: https://teletv5.top/load/yayinlink.php?id=bein-sports-5 200 
2026-08-22 16:26:28,839 [INFO] Capturing response: https://global.siteyaptim.live/bein4/tracks-v1a1/2026/08/22/16/26/05-10000.jpg 200 
2026-08-22 16:26:28,875 [INFO] Capturing response: https://streamsport365.com/cinema 200 
2026-08-22 16:26:28,917 [INFO] 127.0.0.1:36840: ProtocolException("Error in HTTP connection: Http2ZombieException('Connection or stream already dead: 1787415988.9168525, False')")
2026-08-22 16:26:29,006 [INFO] Capturing request: https://www.atomsportv513.top/assets/img/player/player_logo_6a87a2e2eecc5.png
2026-08-22 16:26:29,017 [INFO] Capturing request: https://corestream.siteyaptim.live//bein5/tracks-v1a1/mono.m3u8
2026-08-22 16:26:29,145 [INFO] Capturing response: https://www.atomsportv513.top/assets/img/player/player_logo_6a87a2e2eecc5.png 304 
2026-08-22 16:26:29,179 [INFO] Capturing response: https://corestream.siteyaptim.live//bein5/tracks-v1a1/mono.m3u8 200 
2026-08-22 16:26:29,289 [INFO] Capturing request: https://global.siteyaptim.live/bein5/tracks-v1a1/2026/08/22/16/25/52-10000.jpg
2026-08-22 16:26:30,685 [INFO] Capturing response: https://global.siteyaptim.live/bein5/tracks-v1a1/2026/08/22/16/25/52-10000.jpg 200 
2026-08-22 16:26:30,923 [INFO] Capturing request: https://global.siteyaptim.live/bein5/tracks-v1a1/2026/08/22/16/26/02-10000.jpg
2026-08-22 16:26:31,350 [INFO]   ✅ M3U8 bulundu: https://corestream.siteyaptim.live//bein5/tracks-v1a1/mono.m3u8
2026-08-22 16:26:32,269 [INFO] Capturing response: https://global.siteyaptim.live/bein5/tracks-v1a1/2026/08/22/16/26/02-10000.jpg 200 
2026-08-22 16:26:32,350 [INFO] 
[6/14]
2026-08-22 16:26:32,350 [INFO] 🔍 beIN Sports Max 1 → https://www.atomsportv513.top/matches?id=bein-sports-max-1
2026-08-22 16:26:32,458 [INFO] Capturing request: https://www.atomsportv513.top/matches?id=bein-sports-max-1
2026-08-22 16:26:32,505 [INFO] Capturing request: https://global.siteyaptim.live/bein5/tracks-v1a1/2026/08/22/16/26/12-10000.jpg
2026-08-22 16:26:32,770 [INFO] Capturing response: https://www.atomsportv513.top/matches?id=bein-sports-max-1 200 
2026-08-22 16:26:32,802 [INFO] Capturing request: https://streamsport365.com/cinema
2026-08-22 16:26:32,902 [INFO] Capturing request: https://teletv5.top/load/yayinlink.php?id=bein-sports-max-1
2026-08-22 16:26:32,905 [INFO] Capturing request: https://www.atomsportv513.top/favicon.ico
2026-08-22 16:26:32,971 [INFO] Capturing response: https://www.atomsportv513.top/favicon.ico 200 
2026-08-22 16:26:33,086 [INFO] Capturing response: https://teletv5.top/load/yayinlink.php?id=bein-sports-max-1 200 
2026-08-22 16:26:33,110 [INFO] Capturing response: https://streamsport365.com/cinema 200 
2026-08-22 16:26:33,219 [INFO] Capturing request: https://www.atomsportv513.top/assets/img/player/player_logo_6a87a2e2eecc5.png
2026-08-22 16:26:33,227 [INFO] Capturing request: https://corestream.siteyaptim.live//beinmax1/tracks-v1a1/mono.m3u8
2026-08-22 16:26:33,357 [INFO] Capturing response: https://www.atomsportv513.top/assets/img/player/player_logo_6a87a2e2eecc5.png 304 
2026-08-22 16:26:33,400 [INFO] Capturing response: https://corestream.siteyaptim.live//beinmax1/tracks-v1a1/mono.m3u8 404 
2026-08-22 16:26:33,640 [INFO] Capturing request: https://android.clients.google.com/c2dm/register3
2026-08-22 16:26:33,702 [INFO] Capturing response: https://android.clients.google.com/c2dm/register3 301 
2026-08-22 16:26:34,029 [INFO] Capturing response: https://global.siteyaptim.live/bein5/tracks-v1a1/2026/08/22/16/26/12-10000.jpg 200 
2026-08-22 16:26:34,081 [INFO] 127.0.0.1:36840: ProtocolException("Error in HTTP connection: Http2ZombieException('Connection or stream already dead: 1787415994.0807686, False')")
2026-08-22 16:26:35,564 [INFO] Capturing request: https://corestream.siteyaptim.live//beinmax1/tracks-v1a1/mono.m3u8
2026-08-22 16:26:35,723 [INFO] Capturing response: https://corestream.siteyaptim.live//beinmax1/tracks-v1a1/mono.m3u8 404 
2026-08-22 16:26:35,817 [INFO]   ✅ M3U8 bulundu: https://corestream.siteyaptim.live//beinmax1/tracks-v1a1/mono.m3u8
2026-08-22 16:26:36,817 [INFO] 
[7/14]
2026-08-22 16:26:36,817 [INFO] 🔍 beIN Sports Max 2 → https://www.atomsportv513.top/matches?id=bein-sports-max-2
2026-08-22 16:26:36,926 [INFO] Capturing request: https://www.atomsportv513.top/matches?id=bein-sports-max-2
2026-08-22 16:26:37,169 [INFO] Capturing response: https://www.atomsportv513.top/matches?id=bein-sports-max-2 200 
2026-08-22 16:26:37,296 [INFO] Capturing request: https://teletv5.top/load/yayinlink.php?id=bein-sports-max-2
2026-08-22 16:26:37,299 [INFO] Capturing request: https://www.atomsportv513.top/favicon.ico
2026-08-22 16:26:37,392 [INFO] Capturing response: https://www.atomsportv513.top/favicon.ico 200 
2026-08-22 16:26:37,423 [INFO] Capturing request: https://streamsport365.com/cinema
2026-08-22 16:26:37,740 [INFO] Capturing response: https://streamsport365.com/cinema 200 
2026-08-22 16:26:37,756 [INFO] Capturing response: https://teletv5.top/load/yayinlink.php?id=bein-sports-max-2 200 
2026-08-22 16:26:37,908 [INFO] Capturing request: https://www.atomsportv513.top/assets/img/player/player_logo_6a87a2e2eecc5.png
2026-08-22 16:26:37,916 [INFO] Capturing request: https://corestream.siteyaptim.live//beinmax2/tracks-v1a1/mono.m3u8
2026-08-22 16:26:38,054 [INFO] Capturing response: https://www.atomsportv513.top/assets/img/player/player_logo_6a87a2e2eecc5.png 304 
2026-08-22 16:26:38,062 [INFO] Capturing response: https://corestream.siteyaptim.live//beinmax2/tracks-v1a1/mono.m3u8 200 
2026-08-22 16:26:38,212 [INFO] Capturing request: https://global.siteyaptim.live/beinmax2/tracks-v1a1/2026/08/22/16/26/10-10000.jpg
2026-08-22 16:26:40,129 [INFO] Capturing response: https://global.siteyaptim.live/beinmax2/tracks-v1a1/2026/08/22/16/26/10-10000.jpg 200 
2026-08-22 16:26:40,211 [INFO]   ✅ M3U8 bulundu: https://corestream.siteyaptim.live//beinmax2/tracks-v1a1/mono.m3u8
2026-08-22 16:26:40,432 [INFO] Capturing request: https://global.siteyaptim.live/beinmax2/tracks-v1a1/2026/08/22/16/26/20-10000.jpg
2026-08-22 16:26:41,211 [INFO] 
[8/14]
2026-08-22 16:26:41,211 [INFO] 🔍 S Sport → https://www.atomsportv513.top/matches?id=s-sport
2026-08-22 16:26:41,321 [INFO] Capturing request: https://www.atomsportv513.top/matches?id=s-sport
2026-08-22 16:26:41,799 [INFO] Capturing response: https://www.atomsportv513.top/matches?id=s-sport 200 
2026-08-22 16:26:41,832 [INFO] Capturing request: https://streamsport365.com/cinema
2026-08-22 16:26:41,928 [INFO] Capturing request: https://www.atomsportv513.top/favicon.ico
2026-08-22 16:26:41,933 [INFO] Capturing request: https://teletv5.top/load/yayinlink.php?id=s-sport
2026-08-22 16:26:41,961 [INFO] Capturing response: https://teletv5.top/load/yayinlink.php?id=s-sport 200 
2026-08-22 16:26:41,983 [INFO] Capturing response: https://www.atomsportv513.top/favicon.ico 200 
2026-08-22 16:26:42,069 [INFO] Capturing response: https://global.siteyaptim.live/beinmax2/tracks-v1a1/2026/08/22/16/26/20-10000.jpg 200 
2026-08-22 16:26:42,144 [INFO] Capturing response: https://streamsport365.com/cinema 200 
2026-08-22 16:26:42,257 [INFO] Capturing request: https://www.atomsportv513.top/assets/img/player/player_logo_6a87a2e2eecc5.png
2026-08-22 16:26:42,264 [INFO] Capturing request: https://corestream.siteyaptim.live//s-sport/tracks-v1a1/mono.m3u8
2026-08-22 16:26:42,405 [INFO] Capturing response: https://www.atomsportv513.top/assets/img/player/player_logo_6a87a2e2eecc5.png 304 
2026-08-22 16:26:42,417 [INFO] Capturing response: https://corestream.siteyaptim.live//s-sport/tracks-v1a1/mono.m3u8 200 
2026-08-22 16:26:42,527 [INFO] Capturing request: https://global.siteyaptim.live/s-sport/tracks-v1a1/2026/08/22/16/25/54-05155.jpg
2026-08-22 16:26:43,405 [INFO] Capturing response: https://global.siteyaptim.live/s-sport/tracks-v1a1/2026/08/22/16/25/54-05155.jpg 200 
2026-08-22 16:26:43,578 [INFO] Capturing request: https://global.siteyaptim.live/s-sport/tracks-v1a1/2026/08/22/16/25/59-05000.jpg
2026-08-22 16:26:44,536 [INFO] Capturing response: https://global.siteyaptim.live/s-sport/tracks-v1a1/2026/08/22/16/25/59-05000.jpg 200 
2026-08-22 16:26:44,747 [INFO] Capturing request: https://global.siteyaptim.live/s-sport/tracks-v1a1/2026/08/22/16/26/04-05000.jpg
2026-08-22 16:26:44,845 [INFO]   ✅ M3U8 bulundu: https://corestream.siteyaptim.live//s-sport/tracks-v1a1/mono.m3u8
2026-08-22 16:26:45,568 [INFO] Capturing response: https://global.siteyaptim.live/s-sport/tracks-v1a1/2026/08/22/16/26/04-05000.jpg 200 
2026-08-22 16:26:45,764 [INFO] Capturing request: https://global.siteyaptim.live/s-sport/tracks-v1a1/2026/08/22/16/26/09-05000.jpg
2026-08-22 16:26:45,845 [INFO] 
[9/14]
2026-08-22 16:26:45,846 [INFO] 🔍 S Sport 2 → https://www.atomsportv513.top/matches?id=s-sport-2
2026-08-22 16:26:45,955 [INFO] Capturing request: https://www.atomsportv513.top/matches?id=s-sport-2
2026-08-22 16:26:46,165 [INFO] Capturing response: https://www.atomsportv513.top/matches?id=s-sport-2 200 
2026-08-22 16:26:46,290 [INFO] Capturing request: https://teletv5.top/load/yayinlink.php?id=s-sport-2
2026-08-22 16:26:46,296 [INFO] Capturing request: https://www.atomsportv513.top/favicon.ico
2026-08-22 16:26:46,330 [INFO] Capturing response: https://teletv5.top/load/yayinlink.php?id=s-sport-2 200 
2026-08-22 16:26:46,357 [INFO] Capturing response: https://www.atomsportv513.top/favicon.ico 200 
2026-08-22 16:26:46,421 [INFO] Capturing request: https://streamsport365.com/cinema
2026-08-22 16:26:46,540 [INFO] Capturing response: https://global.siteyaptim.live/s-sport/tracks-v1a1/2026/08/22/16/26/09-05000.jpg 200 
2026-08-22 16:26:46,728 [INFO] Capturing response: https://streamsport365.com/cinema 200 
2026-08-22 16:26:46,837 [INFO] Capturing request: https://www.atomsportv513.top/assets/img/player/player_logo_6a87a2e2eecc5.png
2026-08-22 16:26:46,845 [INFO] Capturing request: https://corestream.siteyaptim.live//s-sport2/tracks-v1a1/mono.m3u8
2026-08-22 16:26:47,001 [INFO] Capturing response: https://corestream.siteyaptim.live//s-sport2/tracks-v1a1/mono.m3u8 200 
2026-08-22 16:26:47,011 [INFO] Capturing response: https://www.atomsportv513.top/assets/img/player/player_logo_6a87a2e2eecc5.png 304 
2026-08-22 16:26:47,151 [INFO] Capturing request: https://global.siteyaptim.live/s-sport2/tracks-v1a1/2026/08/22/16/27/21-05000.jpg
2026-08-22 16:26:48,055 [INFO] Capturing response: https://global.siteyaptim.live/s-sport2/tracks-v1a1/2026/08/22/16/27/21-05000.jpg 200 
2026-08-22 16:26:48,232 [INFO] Capturing request: https://global.siteyaptim.live/s-sport2/tracks-v1a1/2026/08/22/16/27/26-05000.jpg
2026-08-22 16:26:49,169 [INFO] Capturing response: https://global.siteyaptim.live/s-sport2/tracks-v1a1/2026/08/22/16/27/26-05000.jpg 200 
2026-08-22 16:26:49,219 [INFO]   ✅ M3U8 bulundu: https://corestream.siteyaptim.live//s-sport2/tracks-v1a1/mono.m3u8
2026-08-22 16:26:49,379 [INFO] Capturing request: https://global.siteyaptim.live/s-sport2/tracks-v1a1/2026/08/22/16/27/31-05000.jpg
2026-08-22 16:26:50,219 [INFO] 
[10/14]
2026-08-22 16:26:50,219 [INFO] 🔍 A Spor → https://www.atomsportv513.top/matches?id=a-spor
2026-08-22 16:26:50,262 [INFO] Capturing response: https://global.siteyaptim.live/s-sport2/tracks-v1a1/2026/08/22/16/27/31-05000.jpg 200 
2026-08-22 16:26:50,329 [INFO] Capturing request: https://www.atomsportv513.top/matches?id=a-spor
2026-08-22 16:26:50,569 [INFO] Capturing response: https://www.atomsportv513.top/matches?id=a-spor 200 
2026-08-22 16:26:50,599 [INFO] Capturing request: https://streamsport365.com/cinema
2026-08-22 16:26:50,697 [INFO] Capturing request: https://teletv5.top/load/yayinlink.php?id=a-spor
2026-08-22 16:26:50,700 [INFO] Capturing request: https://www.atomsportv513.top/favicon.ico
2026-08-22 16:26:50,760 [INFO] Capturing response: https://www.atomsportv513.top/favicon.ico 200 
2026-08-22 16:26:50,876 [INFO] Capturing response: https://teletv5.top/load/yayinlink.php?id=a-spor 200 
2026-08-22 16:26:50,901 [INFO] Capturing response: https://streamsport365.com/cinema 200 
2026-08-22 16:26:51,011 [INFO] Capturing request: https://www.atomsportv513.top/assets/img/player/player_logo_6a87a2e2eecc5.png
2026-08-22 16:26:51,018 [INFO] Capturing request: https://corestream.siteyaptim.live//aspor/tracks-v1a1/mono.m3u8
2026-08-22 16:26:51,163 [INFO] Capturing response: https://www.atomsportv513.top/assets/img/player/player_logo_6a87a2e2eecc5.png 304 
2026-08-22 16:26:51,182 [INFO] Capturing response: https://corestream.siteyaptim.live//aspor/tracks-v1a1/mono.m3u8 404 
2026-08-22 16:26:53,300 [INFO] Capturing request: https://corestream.siteyaptim.live//aspor/tracks-v1a1/mono.m3u8
2026-08-22 16:26:53,464 [INFO] Capturing response: https://corestream.siteyaptim.live//aspor/tracks-v1a1/mono.m3u8 404 
2026-08-22 16:26:53,611 [INFO]   ✅ M3U8 bulundu: https://corestream.siteyaptim.live//aspor/tracks-v1a1/mono.m3u8
2026-08-22 16:26:54,612 [INFO] 
[11/14]
2026-08-22 16:26:54,612 [INFO] 🔍 Tivibu Spor 1 → https://www.atomsportv513.top/matches?id=tivibu-spor-1
2026-08-22 16:26:54,719 [INFO] Capturing request: https://www.atomsportv513.top/matches?id=tivibu-spor-1
2026-08-22 16:26:55,002 [INFO] Capturing response: https://www.atomsportv513.top/matches?id=tivibu-spor-1 200 
2026-08-22 16:26:55,128 [INFO] Capturing request: https://teletv5.top/load/yayinlink.php?id=tivibu-spor-1
2026-08-22 16:26:55,132 [INFO] Capturing request: https://www.atomsportv513.top/favicon.ico
2026-08-22 16:26:55,166 [INFO] Capturing response: https://teletv5.top/load/yayinlink.php?id=tivibu-spor-1 200 
2026-08-22 16:26:55,194 [INFO] Capturing response: https://www.atomsportv513.top/favicon.ico 200 
2026-08-22 16:26:55,254 [INFO] Capturing request: https://streamsport365.com/cinema
2026-08-22 16:26:55,562 [INFO] Capturing response: https://streamsport365.com/cinema 200 
2026-08-22 16:27:08,641 [INFO] Capturing request: https://update.googleapis.com/service/update2/json?cup2key=16:f18h7lHxar-zgP2CudnGmEzXWevH83gOiVOXDXEPA7w&cup2hreq=4c38e72bd82db8cb02fd94498790d64f60e65772479d32ea89324857511d2f97
2026-08-22 16:27:08,705 [INFO] Capturing response: https://update.googleapis.com/service/update2/json?cup2key=16:f18h7lHxar-zgP2CudnGmEzXWevH83gOiVOXDXEPA7w&cup2hreq=4c38e72bd82db8cb02fd94498790d64f60e65772479d32ea89324857511d2f97 200 
2026-08-22 16:27:08,711 [INFO] Capturing request: http://edgedl.me.gvt1.com/edgedl/diffgen-puffin/gcmjkmgdlgnkkcocmoeiminaijmmjnii/6ca5bdb9f3e2cd83b7e359729bc6c33c4fe975ec499861d969b3e080320849ff
2026-08-22 16:27:08,853 [INFO] Capturing response: http://edgedl.me.gvt1.com/edgedl/diffgen-puffin/gcmjkmgdlgnkkcocmoeiminaijmmjnii/6ca5bdb9f3e2cd83b7e359729bc6c33c4fe975ec499861d969b3e080320849ff 200 OK
2026-08-22 16:27:08,875 [INFO] Capturing request: https://update.googleapis.com/service/update2/json
2026-08-22 16:27:08,937 [INFO] Capturing response: https://update.googleapis.com/service/update2/json 200 
2026-08-22 16:27:08,982 [INFO] Capturing request: http://edgedl.me.gvt1.com/edgedl/release2/chrome_component/lqmv43mnell6xhvz3ejb5abade_10731/hfnkpimlhhgieaddgfemjhofmfblmnib_10731_all_adrzxndsw6jkd7v4wjf5i4pg6dra.crx3
2026-08-22 16:27:09,115 [INFO] Capturing response: http://edgedl.me.gvt1.com/edgedl/release2/chrome_component/lqmv43mnell6xhvz3ejb5abade_10731/hfnkpimlhhgieaddgfemjhofmfblmnib_10731_all_adrzxndsw6jkd7v4wjf5i4pg6dra.crx3 200 OK
2026-08-22 16:27:09,139 [INFO] Capturing request: https://update.googleapis.com/service/update2/json
2026-08-22 16:27:09,177 [INFO] Capturing response: https://update.googleapis.com/service/update2/json 200 
2026-08-22 16:27:28,264 [WARNING]   ❌ Tivibu Spor 1 için M3U8 bulunamadı
2026-08-22 16:27:29,264 [INFO] 
[12/14]
2026-08-22 16:27:29,264 [INFO] 🔍 Tivibu Spor 2 → https://www.atomsportv513.top/matches?id=tivibu-spor-2
2026-08-22 16:27:29,428 [INFO] Capturing request: https://www.atomsportv513.top/matches?id=tivibu-spor-2
2026-08-22 16:27:29,706 [INFO] Capturing request: https://android.clients.google.com/c2dm/register3
2026-08-22 16:27:29,761 [INFO] Capturing response: https://android.clients.google.com/c2dm/register3 301 
2026-08-22 16:27:29,879 [INFO] Capturing response: https://www.atomsportv513.top/matches?id=tivibu-spor-2 200 
2026-08-22 16:27:30,039 [INFO] Capturing request: https://www.atomsportv513.top/favicon.ico
2026-08-22 16:27:30,094 [INFO] Capturing request: https://teletv5.top/load/yayinlink.php?id=tivibu-spor-2
2026-08-22 16:27:30,118 [INFO] Capturing response: https://www.atomsportv513.top/favicon.ico 200 
2026-08-22 16:27:30,143 [INFO] Capturing response: https://teletv5.top/load/yayinlink.php?id=tivibu-spor-2 200 
2026-08-22 16:27:30,519 [INFO] Capturing request: https://streamsport365.com/cinema
2026-08-22 16:27:30,810 [INFO] Capturing response: https://streamsport365.com/cinema 200 
2026-08-22 16:28:03,127 [WARNING]   ❌ Tivibu Spor 2 için M3U8 bulunamadı
2026-08-22 16:28:04,127 [INFO] 
[13/14]
2026-08-22 16:28:04,128 [INFO] 🔍 Tivibu Spor 3 → https://www.atomsportv513.top/matches?id=tivibu-spor-3
2026-08-22 16:28:04,236 [INFO] Capturing request: https://www.atomsportv513.top/matches?id=tivibu-spor-3
2026-08-22 16:28:04,641 [INFO] Capturing response: https://www.atomsportv513.top/matches?id=tivibu-spor-3 200 
2026-08-22 16:28:04,772 [INFO] Capturing request: https://teletv5.top/load/yayinlink.php?id=tivibu-spor-3
2026-08-22 16:28:04,775 [INFO] Capturing request: https://www.atomsportv513.top/favicon.ico
2026-08-22 16:28:04,809 [INFO] Capturing response: https://teletv5.top/load/yayinlink.php?id=tivibu-spor-3 200 
2026-08-22 16:28:04,827 [INFO] Capturing response: https://www.atomsportv513.top/favicon.ico 200 
2026-08-22 16:28:04,894 [INFO] Capturing request: https://streamsport365.com/cinema
2026-08-22 16:28:05,187 [INFO] Capturing response: https://streamsport365.com/cinema 200 
2026-08-22 16:28:37,862 [WARNING]   ❌ Tivibu Spor 3 için M3U8 bulunamadı
2026-08-22 16:28:38,863 [INFO] 
[14/14]
2026-08-22 16:28:38,863 [INFO] 🔍 Tivibu Spor 4 → https://www.atomsportv513.top/matches?id=tivibu-spor-4
2026-08-22 16:28:38,972 [INFO] Capturing request: https://www.atomsportv513.top/matches?id=tivibu-spor-4
2026-08-22 16:28:39,365 [INFO] Capturing response: https://www.atomsportv513.top/matches?id=tivibu-spor-4 200 
2026-08-22 16:28:39,491 [INFO] Capturing request: https://teletv5.top/load/yayinlink.php?id=tivibu-spor-4
2026-08-22 16:28:39,499 [INFO] Capturing request: https://www.atomsportv513.top/favicon.ico
2026-08-22 16:28:39,557 [INFO] Capturing response: https://www.atomsportv513.top/favicon.ico 200 
2026-08-22 16:28:39,615 [INFO] Capturing request: https://streamsport365.com/cinema
2026-08-22 16:28:39,902 [INFO] Capturing response: https://streamsport365.com/cinema 200 
2026-08-22 16:28:40,381 [INFO] Capturing response: https://teletv5.top/load/yayinlink.php?id=tivibu-spor-4 200 
2026-08-22 16:29:12,588 [WARNING]   ❌ Tivibu Spor 4 için M3U8 bulunamadı
2026-08-22 16:29:13,649 [INFO] ✅ 10 kanal bulundu, playlist.m3u kaydedildi
