2026-08-24 18:41:02,842 [INFO] 🌐 BASE_URL: https://www.atomsportv513.top
2026-08-24 18:41:03,253 [INFO] Başlanıyor... 14 kanal taranacak
2026-08-24 18:41:03,253 [INFO] Using default request storage
2026-08-24 18:41:03,258 [INFO] Created proxy listening on 127.0.0.1:43501
2026-08-24 18:41:03,932 [INFO] Capturing request: http://clients2.google.com/time/1/current?cup2key=10:3z4tSQ7kWSSkrgja_LrjNJm0pI74dfBDpo-YfKsalQI&cup2hreq=e3b0c44298fc1c149afbf4c8996fb92427ae41e4649b934ca495991b7852b855
2026-08-24 18:41:03,974 [INFO] Capturing response: http://clients2.google.com/time/1/current?cup2key=10:3z4tSQ7kWSSkrgja_LrjNJm0pI74dfBDpo-YfKsalQI&cup2hreq=e3b0c44298fc1c149afbf4c8996fb92427ae41e4649b934ca495991b7852b855 200 OK
2026-08-24 18:41:04,239 [INFO] 
[1/14]
2026-08-24 18:41:04,239 [INFO] 🔍 beIN Sports 1 → https://www.atomsportv513.top/matches?id=bein-sports-1
2026-08-24 18:41:04,360 [INFO] Capturing request: https://accounts.google.com/ListAccounts?gpsia=1&source=ChromiumBrowser&json=standard&laf=b64bin
2026-08-24 18:41:04,366 [INFO] Capturing request: https://update.googleapis.com/service/update2/json?cup2key=16:fSNiNhKAXdIE0PvdVcqsCGA2GkjLPS72GaqDmoht5PI&cup2hreq=ac5b9bc0a0f26e56015b798ca38b1a89bd6eae6886c7a21b76936138e9ff1cf6
2026-08-24 18:41:04,401 [INFO] Capturing response: https://update.googleapis.com/service/update2/json?cup2key=16:fSNiNhKAXdIE0PvdVcqsCGA2GkjLPS72GaqDmoht5PI&cup2hreq=ac5b9bc0a0f26e56015b798ca38b1a89bd6eae6886c7a21b76936138e9ff1cf6 200 
2026-08-24 18:41:04,410 [INFO] Capturing response: https://accounts.google.com/ListAccounts?gpsia=1&source=ChromiumBrowser&json=standard&laf=b64bin 200 
2026-08-24 18:41:04,447 [INFO] Capturing request: https://update.googleapis.com/service/update2/json?cup2key=16:x_dYdC7O5toDdvYqQwq31AtqkyFLCwxA6juevczvRS8&cup2hreq=5d4bbd219ab95c58a8f7c8ef4b94a3b4cecca10c37530613f4439fc441ebab16
2026-08-24 18:41:04,454 [INFO] Capturing request: https://www.google.com/async/folae?async=_fmt:pb&udm=50&client_locale=en-US&client_country=ZZ
2026-08-24 18:41:04,457 [INFO] Capturing request: https://www.atomsportv513.top/matches?id=bein-sports-1
2026-08-24 18:41:04,474 [INFO] Capturing response: https://update.googleapis.com/service/update2/json?cup2key=16:x_dYdC7O5toDdvYqQwq31AtqkyFLCwxA6juevczvRS8&cup2hreq=5d4bbd219ab95c58a8f7c8ef4b94a3b4cecca10c37530613f4439fc441ebab16 200 
2026-08-24 18:41:04,478 [INFO] Capturing response: https://www.google.com/async/folae?async=_fmt:pb&udm=50&client_locale=en-US&client_country=ZZ 200 
2026-08-24 18:41:04,520 [INFO] Capturing request: https://update.googleapis.com/service/update2/json?cup2key=16:V2XaIFdx7o-hOianMd3NNk9LHSSnzUymxNInvZMOPNU&cup2hreq=e445bf751c2dc136648ccbcd07d77c47bfb586740750a9bff9f6625df931049d
2026-08-24 18:41:04,543 [INFO] Capturing response: https://update.googleapis.com/service/update2/json?cup2key=16:V2XaIFdx7o-hOianMd3NNk9LHSSnzUymxNInvZMOPNU&cup2hreq=e445bf751c2dc136648ccbcd07d77c47bfb586740750a9bff9f6625df931049d 200 
2026-08-24 18:41:04,656 [INFO] Capturing request: https://www.google.com/async/folae?async=_fmt:pb&udm=50&client_locale=en-US&client_country=ZZ
2026-08-24 18:41:04,685 [INFO] Capturing response: https://www.google.com/async/folae?async=_fmt:pb&udm=50&client_locale=en-US&client_country=ZZ 200 
2026-08-24 18:41:04,992 [INFO] Capturing response: https://www.atomsportv513.top/matches?id=bein-sports-1 200 
2026-08-24 18:41:05,212 [INFO] Capturing request: https://cdn.jsdelivr.net/npm/@clappr/player@0.11.16/dist/clappr.min.js
2026-08-24 18:41:05,214 [INFO] Capturing request: https://cdn.jsdelivr.net/npm/level-selector/dist/level-selector.min.js
2026-08-24 18:41:05,215 [INFO] Capturing request: https://cdn.jsdelivr.net/npm/@clappr/hlsjs-playback@1.8.3/dist/hlsjs-playback.min.js
2026-08-24 18:41:05,237 [INFO] Capturing response: https://cdn.jsdelivr.net/npm/level-selector/dist/level-selector.min.js 200 
2026-08-24 18:41:05,283 [INFO] Capturing response: https://cdn.jsdelivr.net/npm/@clappr/player@0.11.16/dist/clappr.min.js 200 
2026-08-24 18:41:05,286 [INFO] Capturing response: https://cdn.jsdelivr.net/npm/@clappr/hlsjs-playback@1.8.3/dist/hlsjs-playback.min.js 200 
2026-08-24 18:41:05,491 [INFO] Capturing request: https://www.atomsportv513.top/favicon.ico
2026-08-24 18:41:05,542 [INFO] Capturing response: https://www.atomsportv513.top/favicon.ico 200 
2026-08-24 18:41:05,787 [INFO] Capturing request: https://teletv5.top/load/yayinlink.php?id=bein-sports-1
2026-08-24 18:41:05,821 [INFO] Capturing response: https://teletv5.top/load/yayinlink.php?id=bein-sports-1 200 
2026-08-24 18:41:05,998 [INFO] Capturing request: https://streamsport365.com/cinema
2026-08-24 18:41:06,238 [INFO] Capturing response: https://streamsport365.com/cinema 200 
2026-08-24 18:41:06,369 [INFO] Capturing request: https://www.atomsportv513.top/assets/img/player/player_logo_6a87a2e2eecc5.png
2026-08-24 18:41:06,428 [INFO] Capturing response: https://www.atomsportv513.top/assets/img/player/player_logo_6a87a2e2eecc5.png 200 
2026-08-24 18:41:06,550 [INFO] Capturing request: https://corestream.siteyaptim.live//beintv/tracks-v1a1/mono.m3u8
2026-08-24 18:41:06,586 [INFO] Capturing response: https://corestream.siteyaptim.live//beintv/tracks-v1a1/mono.m3u8 200 
2026-08-24 18:41:06,803 [INFO] Capturing request: https://global.siteyaptim.live/beintv/tracks-v1a1/2026/08/24/18/41/00-05000.jpg
2026-08-24 18:41:07,120 [INFO] Capturing response: https://global.siteyaptim.live/beintv/tracks-v1a1/2026/08/24/18/41/00-05000.jpg 200 
2026-08-24 18:41:07,362 [INFO] Capturing request: https://global.siteyaptim.live/beintv/tracks-v1a1/2026/08/24/18/41/05-05000.jpg
2026-08-24 18:41:07,412 [INFO] Capturing request: https://android.clients.google.com/checkin
2026-08-24 18:41:07,550 [INFO] Capturing response: https://android.clients.google.com/checkin 200 
2026-08-24 18:41:07,612 [INFO] Capturing request: https://android.clients.google.com/c2dm/register3
2026-08-24 18:41:07,613 [INFO] Capturing request: https://android.clients.google.com/c2dm/register3
2026-08-24 18:41:07,614 [INFO] Capturing request: https://android.clients.google.com/c2dm/register3
2026-08-24 18:41:07,639 [INFO] Capturing response: https://global.siteyaptim.live/beintv/tracks-v1a1/2026/08/24/18/41/05-05000.jpg 200 
2026-08-24 18:41:07,670 [INFO] Capturing response: https://android.clients.google.com/c2dm/register3 301 
2026-08-24 18:41:07,676 [INFO] Capturing response: https://android.clients.google.com/c2dm/register3 200 
2026-08-24 18:41:07,835 [INFO] Capturing request: https://global.siteyaptim.live/beintv/tracks-v1a1/2026/08/24/18/41/10-05000.jpg
2026-08-24 18:41:08,019 [INFO] Capturing response: https://global.siteyaptim.live/beintv/tracks-v1a1/2026/08/24/18/41/10-05000.jpg 200 
2026-08-24 18:41:08,172 [INFO] Capturing response: https://android.clients.google.com/c2dm/register3 200 
2026-08-24 18:41:08,430 [INFO]   ✅ M3U8 bulundu: https://corestream.siteyaptim.live//beintv/tracks-v1a1/mono.m3u8
2026-08-24 18:41:09,431 [INFO] 
[2/14]
2026-08-24 18:41:09,431 [INFO] 🔍 beIN Sports 2 → https://www.atomsportv513.top/matches?id=bein-sports-2
2026-08-24 18:41:09,542 [INFO] Capturing request: https://www.atomsportv513.top/matches?id=bein-sports-2
2026-08-24 18:41:10,540 [INFO] Capturing response: https://www.atomsportv513.top/matches?id=bein-sports-2 200 
2026-08-24 18:41:10,592 [INFO] Capturing request: https://streamsport365.com/cinema
2026-08-24 18:41:10,692 [INFO] Capturing request: https://www.atomsportv513.top/favicon.ico
2026-08-24 18:41:10,693 [INFO] Capturing request: https://teletv5.top/load/yayinlink.php?id=bein-sports-2
2026-08-24 18:41:10,723 [INFO] Capturing response: https://teletv5.top/load/yayinlink.php?id=bein-sports-2 200 
2026-08-24 18:41:10,738 [INFO] Capturing response: https://www.atomsportv513.top/favicon.ico 200 
2026-08-24 18:41:10,843 [INFO] Capturing response: https://streamsport365.com/cinema 200 
2026-08-24 18:41:10,954 [INFO] Capturing request: https://www.atomsportv513.top/assets/img/player/player_logo_6a87a2e2eecc5.png
2026-08-24 18:41:10,962 [INFO] Capturing request: https://corestream.siteyaptim.live//bein2/tracks-v1a1/mono.m3u8
2026-08-24 18:41:11,075 [INFO] Capturing response: https://www.atomsportv513.top/assets/img/player/player_logo_6a87a2e2eecc5.png 304 
2026-08-24 18:41:11,104 [INFO] Capturing response: https://corestream.siteyaptim.live//bein2/tracks-v1a1/mono.m3u8 404 
2026-08-24 18:41:13,228 [INFO] Capturing request: https://corestream.siteyaptim.live//bein2/tracks-v1a1/mono.m3u8
2026-08-24 18:41:13,359 [INFO] Capturing response: https://corestream.siteyaptim.live//bein2/tracks-v1a1/mono.m3u8 404 
2026-08-24 18:41:13,611 [INFO]   ✅ M3U8 bulundu: https://corestream.siteyaptim.live//bein2/tracks-v1a1/mono.m3u8
2026-08-24 18:41:14,611 [INFO] 
[3/14]
2026-08-24 18:41:14,611 [INFO] 🔍 beIN Sports 3 → https://www.atomsportv513.top/matches?id=bein-sports-3
2026-08-24 18:41:14,719 [INFO] Capturing request: https://www.atomsportv513.top/matches?id=bein-sports-3
2026-08-24 18:41:14,905 [INFO] Capturing response: https://www.atomsportv513.top/matches?id=bein-sports-3 200 
2026-08-24 18:41:15,038 [INFO] Capturing request: https://teletv5.top/load/yayinlink.php?id=bein-sports-3
2026-08-24 18:41:15,038 [INFO] Capturing request: https://www.atomsportv513.top/favicon.ico
2026-08-24 18:41:15,086 [INFO] Capturing response: https://www.atomsportv513.top/favicon.ico 200 
2026-08-24 18:41:15,136 [INFO] Capturing request: https://streamsport365.com/cinema
2026-08-24 18:41:15,322 [INFO] Capturing response: https://teletv5.top/load/yayinlink.php?id=bein-sports-3 200 
2026-08-24 18:41:15,384 [INFO] Capturing response: https://streamsport365.com/cinema 200 
2026-08-24 18:41:15,494 [INFO] Capturing request: https://www.atomsportv513.top/assets/img/player/player_logo_6a87a2e2eecc5.png
2026-08-24 18:41:15,502 [INFO] Capturing request: https://corestream.siteyaptim.live//bein3/tracks-v1a1/mono.m3u8
2026-08-24 18:41:15,619 [INFO] Capturing response: https://www.atomsportv513.top/assets/img/player/player_logo_6a87a2e2eecc5.png 304 
2026-08-24 18:41:15,640 [INFO] Capturing response: https://corestream.siteyaptim.live//bein3/tracks-v1a1/mono.m3u8 200 
2026-08-24 18:41:15,790 [INFO] Capturing request: https://global.siteyaptim.live/bein3/tracks-v1a1/2026/08/24/18/40/43-10000.jpg
2026-08-24 18:41:16,220 [INFO] Capturing response: https://global.siteyaptim.live/bein3/tracks-v1a1/2026/08/24/18/40/43-10000.jpg 200 
2026-08-24 18:41:16,453 [INFO] Capturing request: https://global.siteyaptim.live/bein3/tracks-v1a1/2026/08/24/18/40/53-10000.jpg
2026-08-24 18:41:16,793 [INFO] Capturing response: https://global.siteyaptim.live/bein3/tracks-v1a1/2026/08/24/18/40/53-10000.jpg 200 
2026-08-24 18:41:17,020 [INFO] Capturing request: https://global.siteyaptim.live/bein3/tracks-v1a1/2026/08/24/18/41/03-10000.jpg
2026-08-24 18:41:17,859 [INFO] Capturing response: https://global.siteyaptim.live/bein3/tracks-v1a1/2026/08/24/18/41/03-10000.jpg 200 
2026-08-24 18:41:17,956 [INFO]   ✅ M3U8 bulundu: https://corestream.siteyaptim.live//bein3/tracks-v1a1/mono.m3u8
2026-08-24 18:41:18,957 [INFO] 
[4/14]
2026-08-24 18:41:18,957 [INFO] 🔍 beIN Sports 4 → https://www.atomsportv513.top/matches?id=bein-sports-4
2026-08-24 18:41:19,066 [INFO] Capturing request: https://www.atomsportv513.top/matches?id=bein-sports-4
2026-08-24 18:41:19,257 [INFO] Capturing response: https://www.atomsportv513.top/matches?id=bein-sports-4 200 
2026-08-24 18:41:19,288 [INFO] Capturing request: https://streamsport365.com/cinema
2026-08-24 18:41:19,387 [INFO] Capturing request: https://teletv5.top/load/yayinlink.php?id=bein-sports-4
2026-08-24 18:41:19,396 [INFO] Capturing request: https://www.atomsportv513.top/favicon.ico
2026-08-24 18:41:19,442 [INFO] Capturing response: https://www.atomsportv513.top/favicon.ico 200 
2026-08-24 18:41:19,541 [INFO] Capturing response: https://streamsport365.com/cinema 200 
2026-08-24 18:41:19,550 [INFO] Capturing response: https://teletv5.top/load/yayinlink.php?id=bein-sports-4 200 
2026-08-24 18:41:19,661 [INFO] Capturing request: https://www.atomsportv513.top/assets/img/player/player_logo_6a87a2e2eecc5.png
2026-08-24 18:41:19,670 [INFO] Capturing request: https://corestream.siteyaptim.live//bein4/tracks-v1a1/mono.m3u8
2026-08-24 18:41:19,786 [INFO] Capturing response: https://www.atomsportv513.top/assets/img/player/player_logo_6a87a2e2eecc5.png 304 
2026-08-24 18:41:19,815 [INFO] Capturing response: https://corestream.siteyaptim.live//bein4/tracks-v1a1/mono.m3u8 200 
2026-08-24 18:41:19,923 [INFO] Capturing request: https://global.siteyaptim.live/bein4/tracks-v1a1/2026/08/24/18/42/00-05000.jpg
2026-08-24 18:41:20,151 [INFO] Capturing response: https://global.siteyaptim.live/bein4/tracks-v1a1/2026/08/24/18/42/00-05000.jpg 200 
2026-08-24 18:41:20,348 [INFO] Capturing request: https://global.siteyaptim.live/bein4/tracks-v1a1/2026/08/24/18/42/05-05000.jpg
2026-08-24 18:41:20,578 [INFO] Capturing response: https://global.siteyaptim.live/bein4/tracks-v1a1/2026/08/24/18/42/05-05000.jpg 200 
2026-08-24 18:41:20,768 [INFO] Capturing request: https://global.siteyaptim.live/bein4/tracks-v1a1/2026/08/24/18/42/10-05000.jpg
2026-08-24 18:41:21,019 [INFO] Capturing response: https://global.siteyaptim.live/bein4/tracks-v1a1/2026/08/24/18/42/10-05000.jpg 200 
2026-08-24 18:41:22,311 [INFO]   ✅ M3U8 bulundu: https://corestream.siteyaptim.live//bein4/tracks-v1a1/mono.m3u8
2026-08-24 18:41:23,312 [INFO] 
[5/14]
2026-08-24 18:41:23,312 [INFO] 🔍 beIN Sports 5 → https://www.atomsportv513.top/matches?id=bein-sports-5
2026-08-24 18:41:23,421 [INFO] Capturing request: https://www.atomsportv513.top/matches?id=bein-sports-5
2026-08-24 18:41:23,613 [INFO] Capturing response: https://www.atomsportv513.top/matches?id=bein-sports-5 200 
2026-08-24 18:41:23,744 [INFO] Capturing request: https://teletv5.top/load/yayinlink.php?id=bein-sports-5
2026-08-24 18:41:23,747 [INFO] Capturing request: https://www.atomsportv513.top/favicon.ico
2026-08-24 18:41:23,795 [INFO] Capturing response: https://www.atomsportv513.top/favicon.ico 200 
2026-08-24 18:41:23,846 [INFO] Capturing request: https://streamsport365.com/cinema
2026-08-24 18:41:23,914 [INFO] Capturing response: https://teletv5.top/load/yayinlink.php?id=bein-sports-5 200 
2026-08-24 18:41:24,091 [INFO] Capturing response: https://streamsport365.com/cinema 200 
2026-08-24 18:41:24,203 [INFO] Capturing request: https://www.atomsportv513.top/assets/img/player/player_logo_6a87a2e2eecc5.png
2026-08-24 18:41:24,212 [INFO] Capturing request: https://corestream.siteyaptim.live//bein5/tracks-v1a1/mono.m3u8
2026-08-24 18:41:24,332 [INFO] Capturing response: https://www.atomsportv513.top/assets/img/player/player_logo_6a87a2e2eecc5.png 304 
2026-08-24 18:41:24,356 [INFO] Capturing response: https://corestream.siteyaptim.live//bein5/tracks-v1a1/mono.m3u8 200 
2026-08-24 18:41:24,506 [INFO] Capturing request: https://global.siteyaptim.live/bein5/tracks-v1a1/2026/08/24/18/42/06-10000.jpg
2026-08-24 18:41:25,209 [INFO] Capturing response: https://global.siteyaptim.live/bein5/tracks-v1a1/2026/08/24/18/42/06-10000.jpg 200 
2026-08-24 18:41:25,466 [INFO] Capturing request: https://global.siteyaptim.live/bein5/tracks-v1a1/2026/08/24/18/42/16-10000.jpg
2026-08-24 18:41:25,873 [INFO] Capturing response: https://global.siteyaptim.live/bein5/tracks-v1a1/2026/08/24/18/42/16-10000.jpg 200 
2026-08-24 18:41:26,134 [INFO] Capturing request: https://global.siteyaptim.live/bein5/tracks-v1a1/2026/08/24/18/42/26-10000.jpg
2026-08-24 18:41:26,593 [INFO] Capturing response: https://global.siteyaptim.live/bein5/tracks-v1a1/2026/08/24/18/42/26-10000.jpg 200 
2026-08-24 18:41:26,677 [INFO]   ✅ M3U8 bulundu: https://corestream.siteyaptim.live//bein5/tracks-v1a1/mono.m3u8
2026-08-24 18:41:27,678 [INFO] 
[6/14]
2026-08-24 18:41:27,678 [INFO] 🔍 beIN Sports Max 1 → https://www.atomsportv513.top/matches?id=bein-sports-max-1
2026-08-24 18:41:27,789 [INFO] Capturing request: https://www.atomsportv513.top/matches?id=bein-sports-max-1
2026-08-24 18:41:27,966 [INFO] Capturing response: https://www.atomsportv513.top/matches?id=bein-sports-max-1 200 
2026-08-24 18:41:27,998 [INFO] Capturing request: https://streamsport365.com/cinema
2026-08-24 18:41:28,098 [INFO] Capturing request: https://teletv5.top/load/yayinlink.php?id=bein-sports-max-1
2026-08-24 18:41:28,100 [INFO] Capturing request: https://www.atomsportv513.top/favicon.ico
2026-08-24 18:41:28,143 [INFO] Capturing response: https://www.atomsportv513.top/favicon.ico 200 
2026-08-24 18:41:28,242 [INFO] Capturing response: https://streamsport365.com/cinema 200 
2026-08-24 18:41:28,256 [INFO] Capturing response: https://teletv5.top/load/yayinlink.php?id=bein-sports-max-1 200 
2026-08-24 18:41:31,541 [INFO] Capturing request: https://android.clients.google.com/c2dm/register3
2026-08-24 18:41:31,990 [INFO] Capturing response: https://android.clients.google.com/c2dm/register3 200 
2026-08-24 18:41:34,221 [INFO] Capturing request: https://android.clients.google.com/c2dm/register3
2026-08-24 18:41:34,268 [INFO] Capturing response: https://android.clients.google.com/c2dm/register3 301 
2026-08-24 18:42:01,267 [WARNING]   ❌ beIN Sports Max 1 için M3U8 bulunamadı
2026-08-24 18:42:02,267 [INFO] 
[7/14]
2026-08-24 18:42:02,267 [INFO] 🔍 beIN Sports Max 2 → https://www.atomsportv513.top/matches?id=bein-sports-max-2
2026-08-24 18:42:02,376 [INFO] Capturing request: https://www.atomsportv513.top/matches?id=bein-sports-max-2
2026-08-24 18:42:02,743 [INFO] Capturing response: https://www.atomsportv513.top/matches?id=bein-sports-max-2 200 
2026-08-24 18:42:02,876 [INFO] Capturing request: https://teletv5.top/load/yayinlink.php?id=bein-sports-max-2
2026-08-24 18:42:02,877 [INFO] Capturing request: https://www.atomsportv513.top/favicon.ico
2026-08-24 18:42:02,939 [INFO] Capturing response: https://www.atomsportv513.top/favicon.ico 200 
2026-08-24 18:42:02,970 [INFO] Capturing request: https://streamsport365.com/cinema
2026-08-24 18:42:03,071 [INFO] Capturing response: https://teletv5.top/load/yayinlink.php?id=bein-sports-max-2 200 
2026-08-24 18:42:03,214 [INFO] Capturing response: https://streamsport365.com/cinema 200 
2026-08-24 18:42:03,914 [INFO] Capturing request: https://update.googleapis.com/service/update2/json?cup2key=16:v1iji77aorato1b_9EnT2NJwnbtVNsAJqZZf3yjWTzc&cup2hreq=ba6b2f751b22a5e60cc0c9de873684c32714d87b39c66cc09fd78e75e732ec34
2026-08-24 18:42:03,968 [INFO] Capturing response: https://update.googleapis.com/service/update2/json?cup2key=16:v1iji77aorato1b_9EnT2NJwnbtVNsAJqZZf3yjWTzc&cup2hreq=ba6b2f751b22a5e60cc0c9de873684c32714d87b39c66cc09fd78e75e732ec34 200 
2026-08-24 18:42:03,975 [INFO] Capturing request: http://edgedl.me.gvt1.com/edgedl/diffgen-puffin/gcmjkmgdlgnkkcocmoeiminaijmmjnii/6ca5bdb9f3e2cd83b7e359729bc6c33c4fe975ec499861d969b3e080320849ff
2026-08-24 18:42:03,990 [INFO] Capturing response: http://edgedl.me.gvt1.com/edgedl/diffgen-puffin/gcmjkmgdlgnkkcocmoeiminaijmmjnii/6ca5bdb9f3e2cd83b7e359729bc6c33c4fe975ec499861d969b3e080320849ff 200 OK
2026-08-24 18:42:04,016 [INFO] Capturing request: https://update.googleapis.com/service/update2/json
2026-08-24 18:42:04,043 [INFO] Capturing response: https://update.googleapis.com/service/update2/json 200 
2026-08-24 18:42:04,088 [INFO] Capturing request: http://edgedl.me.gvt1.com/edgedl/release2/chrome_component/pii3rvjw74jn5qtrx5a2yp2b6a_10733/hfnkpimlhhgieaddgfemjhofmfblmnib_10733_all_ad75arotihys34voy3hmuznew3va.crx3
2026-08-24 18:42:04,102 [INFO] Capturing response: http://edgedl.me.gvt1.com/edgedl/release2/chrome_component/pii3rvjw74jn5qtrx5a2yp2b6a_10733/hfnkpimlhhgieaddgfemjhofmfblmnib_10733_all_ad75arotihys34voy3hmuznew3va.crx3 200 OK
2026-08-24 18:42:04,131 [INFO] Capturing request: https://update.googleapis.com/service/update2/json
2026-08-24 18:42:04,160 [INFO] Capturing response: https://update.googleapis.com/service/update2/json 200 
2026-08-24 18:42:21,071 [INFO] Capturing request: https://android.clients.google.com/c2dm/register3
2026-08-24 18:42:21,115 [INFO] Capturing response: https://android.clients.google.com/c2dm/register3 301 
2026-08-24 18:42:36,042 [WARNING]   ❌ beIN Sports Max 2 için M3U8 bulunamadı
2026-08-24 18:42:37,042 [INFO] 
[8/14]
2026-08-24 18:42:37,043 [INFO] 🔍 S Sport → https://www.atomsportv513.top/matches?id=s-sport
2026-08-24 18:42:37,189 [INFO] Capturing request: https://www.atomsportv513.top/matches?id=s-sport
2026-08-24 18:42:37,627 [INFO] Capturing response: https://www.atomsportv513.top/matches?id=s-sport 200 
2026-08-24 18:42:37,789 [INFO] Capturing request: https://www.atomsportv513.top/favicon.ico
2026-08-24 18:42:37,825 [INFO] Capturing request: https://teletv5.top/load/yayinlink.php?id=s-sport
2026-08-24 18:42:37,842 [INFO] Capturing response: https://www.atomsportv513.top/favicon.ico 200 
2026-08-24 18:42:38,165 [INFO] Capturing response: https://teletv5.top/load/yayinlink.php?id=s-sport 200 
2026-08-24 18:42:38,238 [INFO] Capturing request: https://streamsport365.com/cinema
2026-08-24 18:42:38,484 [INFO] Capturing response: https://streamsport365.com/cinema 200 
2026-08-24 18:42:38,596 [INFO] Capturing request: https://www.atomsportv513.top/assets/img/player/player_logo_6a87a2e2eecc5.png
2026-08-24 18:42:38,644 [INFO] Capturing request: https://corestream.siteyaptim.live//s-sport/tracks-v1a1/mono.m3u8
2026-08-24 18:42:38,717 [INFO] Capturing response: https://www.atomsportv513.top/assets/img/player/player_logo_6a87a2e2eecc5.png 304 
2026-08-24 18:42:38,771 [INFO] Capturing response: https://corestream.siteyaptim.live//s-sport/tracks-v1a1/mono.m3u8 200 
2026-08-24 18:42:38,960 [INFO] Capturing request: https://global.siteyaptim.live/s-sport/tracks-v1a1/2026/08/24/18/42/37-10000.jpg
2026-08-24 18:42:39,197 [INFO] Capturing response: https://global.siteyaptim.live/s-sport/tracks-v1a1/2026/08/24/18/42/37-10000.jpg 200 
2026-08-24 18:42:39,439 [INFO] Capturing request: https://global.siteyaptim.live/s-sport/tracks-v1a1/2026/08/24/18/42/47-10000.jpg
2026-08-24 18:42:39,620 [INFO] Capturing response: https://global.siteyaptim.live/s-sport/tracks-v1a1/2026/08/24/18/42/47-10000.jpg 200 
2026-08-24 18:42:39,846 [INFO] Capturing request: https://global.siteyaptim.live/s-sport/tracks-v1a1/2026/08/24/18/42/57-10000.jpg
2026-08-24 18:42:40,051 [INFO] Capturing response: https://global.siteyaptim.live/s-sport/tracks-v1a1/2026/08/24/18/42/57-10000.jpg 200 
2026-08-24 18:42:40,709 [INFO]   ✅ M3U8 bulundu: https://corestream.siteyaptim.live//s-sport/tracks-v1a1/mono.m3u8
2026-08-24 18:42:41,710 [INFO] 
[9/14]
2026-08-24 18:42:41,710 [INFO] 🔍 S Sport 2 → https://www.atomsportv513.top/matches?id=s-sport-2
2026-08-24 18:42:41,820 [INFO] Capturing request: https://www.atomsportv513.top/matches?id=s-sport-2
2026-08-24 18:42:41,994 [INFO] Capturing response: https://www.atomsportv513.top/matches?id=s-sport-2 200 
2026-08-24 18:42:42,028 [INFO] Capturing request: https://streamsport365.com/cinema
2026-08-24 18:42:42,130 [INFO] Capturing request: https://www.atomsportv513.top/favicon.ico
2026-08-24 18:42:42,130 [INFO] Capturing request: https://teletv5.top/load/yayinlink.php?id=s-sport-2
2026-08-24 18:42:42,165 [INFO] Capturing response: https://www.atomsportv513.top/favicon.ico 200 
2026-08-24 18:42:42,284 [INFO] Capturing response: https://streamsport365.com/cinema 200 
2026-08-24 18:42:42,304 [INFO] Capturing response: https://teletv5.top/load/yayinlink.php?id=s-sport-2 200 
2026-08-24 18:42:42,416 [INFO] Capturing request: https://www.atomsportv513.top/assets/img/player/player_logo_6a87a2e2eecc5.png
2026-08-24 18:42:42,427 [INFO] Capturing request: https://corestream.siteyaptim.live//s-sport2/tracks-v1a1/mono.m3u8
2026-08-24 18:42:42,541 [INFO] Capturing response: https://www.atomsportv513.top/assets/img/player/player_logo_6a87a2e2eecc5.png 304 
2026-08-24 18:42:42,588 [INFO] Capturing response: https://corestream.siteyaptim.live//s-sport2/tracks-v1a1/mono.m3u8 200 
2026-08-24 18:42:42,697 [INFO] Capturing request: https://global.siteyaptim.live/s-sport2/tracks-v1a1/2026/08/24/18/42/36-10000.jpg
2026-08-24 18:42:43,030 [INFO] Capturing response: https://global.siteyaptim.live/s-sport2/tracks-v1a1/2026/08/24/18/42/36-10000.jpg 200 
2026-08-24 18:42:43,226 [INFO] Capturing request: https://global.siteyaptim.live/s-sport2/tracks-v1a1/2026/08/24/18/42/46-10000.jpg
2026-08-24 18:42:43,469 [INFO] Capturing response: https://global.siteyaptim.live/s-sport2/tracks-v1a1/2026/08/24/18/42/46-10000.jpg 200 
2026-08-24 18:42:43,688 [INFO] Capturing request: https://global.siteyaptim.live/s-sport2/tracks-v1a1/2026/08/24/18/42/56-10000.jpg
2026-08-24 18:42:43,989 [INFO] Capturing response: https://global.siteyaptim.live/s-sport2/tracks-v1a1/2026/08/24/18/42/56-10000.jpg 200 
2026-08-24 18:42:45,052 [INFO]   ✅ M3U8 bulundu: https://corestream.siteyaptim.live//s-sport2/tracks-v1a1/mono.m3u8
2026-08-24 18:42:46,053 [INFO] 
[10/14]
2026-08-24 18:42:46,053 [INFO] 🔍 A Spor → https://www.atomsportv513.top/matches?id=a-spor
2026-08-24 18:42:46,164 [INFO] Capturing request: https://www.atomsportv513.top/matches?id=a-spor
2026-08-24 18:42:46,339 [INFO] Capturing response: https://www.atomsportv513.top/matches?id=a-spor 200 
2026-08-24 18:42:46,468 [INFO] Capturing request: https://teletv5.top/load/yayinlink.php?id=a-spor
2026-08-24 18:42:46,472 [INFO] Capturing request: https://www.atomsportv513.top/favicon.ico
2026-08-24 18:42:46,511 [INFO] Capturing response: https://www.atomsportv513.top/favicon.ico 200 
2026-08-24 18:42:46,565 [INFO] Capturing request: https://streamsport365.com/cinema
2026-08-24 18:42:46,623 [INFO] Capturing response: https://teletv5.top/load/yayinlink.php?id=a-spor 200 
2026-08-24 18:42:46,808 [INFO] Capturing response: https://streamsport365.com/cinema 200 
2026-08-24 18:42:46,918 [INFO] Capturing request: https://www.atomsportv513.top/assets/img/player/player_logo_6a87a2e2eecc5.png
2026-08-24 18:42:46,927 [INFO] Capturing request: https://corestream.siteyaptim.live//aspor/tracks-v1a1/mono.m3u8
2026-08-24 18:42:47,034 [INFO] Capturing response: https://www.atomsportv513.top/assets/img/player/player_logo_6a87a2e2eecc5.png 304 
2026-08-24 18:42:47,131 [INFO] Capturing response: https://corestream.siteyaptim.live//aspor/tracks-v1a1/mono.m3u8 404 
2026-08-24 18:42:49,249 [INFO] Capturing request: https://corestream.siteyaptim.live//aspor/tracks-v1a1/mono.m3u8
2026-08-24 18:42:49,378 [INFO] Capturing response: https://corestream.siteyaptim.live//aspor/tracks-v1a1/mono.m3u8 404 
2026-08-24 18:42:49,386 [INFO]   ✅ M3U8 bulundu: https://corestream.siteyaptim.live//aspor/tracks-v1a1/mono.m3u8
2026-08-24 18:42:50,387 [INFO] 
[11/14]
2026-08-24 18:42:50,387 [INFO] 🔍 Tivibu Spor 1 → https://www.atomsportv513.top/matches?id=tivibu-spor-1
2026-08-24 18:42:50,495 [INFO] Capturing request: https://www.atomsportv513.top/matches?id=tivibu-spor-1
2026-08-24 18:42:50,671 [INFO] Capturing response: https://www.atomsportv513.top/matches?id=tivibu-spor-1 200 
2026-08-24 18:42:50,704 [INFO] Capturing request: https://streamsport365.com/cinema
2026-08-24 18:42:50,803 [INFO] Capturing request: https://teletv5.top/load/yayinlink.php?id=tivibu-spor-1
2026-08-24 18:42:50,808 [INFO] Capturing request: https://www.atomsportv513.top/favicon.ico
2026-08-24 18:42:50,837 [INFO] Capturing response: https://www.atomsportv513.top/favicon.ico 200 
2026-08-24 18:42:50,958 [INFO] Capturing response: https://streamsport365.com/cinema 200 
2026-08-24 18:42:50,960 [INFO] Capturing response: https://teletv5.top/load/yayinlink.php?id=tivibu-spor-1 200 
2026-08-24 18:43:23,946 [WARNING]   ❌ Tivibu Spor 1 için M3U8 bulunamadı
2026-08-24 18:43:24,946 [INFO] 
[12/14]
2026-08-24 18:43:24,946 [INFO] 🔍 Tivibu Spor 2 → https://www.atomsportv513.top/matches?id=tivibu-spor-2
2026-08-24 18:43:25,055 [INFO] Capturing request: https://www.atomsportv513.top/matches?id=tivibu-spor-2
2026-08-24 18:43:25,365 [INFO] Capturing response: https://www.atomsportv513.top/matches?id=tivibu-spor-2 200 
2026-08-24 18:43:25,500 [INFO] Capturing request: https://teletv5.top/load/yayinlink.php?id=tivibu-spor-2
2026-08-24 18:43:25,503 [INFO] Capturing request: https://www.atomsportv513.top/favicon.ico
2026-08-24 18:43:25,543 [INFO] Capturing response: https://www.atomsportv513.top/favicon.ico 200 
2026-08-24 18:43:25,599 [INFO] Capturing request: https://streamsport365.com/cinema
2026-08-24 18:43:25,814 [INFO] Capturing response: https://teletv5.top/load/yayinlink.php?id=tivibu-spor-2 200 
2026-08-24 18:43:25,845 [INFO] Capturing response: https://streamsport365.com/cinema 200 
2026-08-24 18:43:55,983 [INFO] Capturing request: https://android.clients.google.com/c2dm/register3
2026-08-24 18:43:56,022 [INFO] Capturing response: https://android.clients.google.com/c2dm/register3 301 
2026-08-24 18:43:58,645 [WARNING]   ❌ Tivibu Spor 2 için M3U8 bulunamadı
2026-08-24 18:43:59,646 [INFO] 
[13/14]
2026-08-24 18:43:59,646 [INFO] 🔍 Tivibu Spor 3 → https://www.atomsportv513.top/matches?id=tivibu-spor-3
2026-08-24 18:43:59,753 [INFO] Capturing request: https://www.atomsportv513.top/matches?id=tivibu-spor-3
2026-08-24 18:44:00,364 [INFO] Capturing response: https://www.atomsportv513.top/matches?id=tivibu-spor-3 200 
2026-08-24 18:44:00,500 [INFO] Capturing request: https://teletv5.top/load/yayinlink.php?id=tivibu-spor-3
2026-08-24 18:44:00,501 [INFO] Capturing request: https://www.atomsportv513.top/favicon.ico
2026-08-24 18:44:00,547 [INFO] Capturing response: https://www.atomsportv513.top/favicon.ico 200 
2026-08-24 18:44:00,598 [INFO] Capturing request: https://streamsport365.com/cinema
2026-08-24 18:44:00,672 [INFO] Capturing response: https://teletv5.top/load/yayinlink.php?id=tivibu-spor-3 200 
2026-08-24 18:44:00,852 [INFO] Capturing response: https://streamsport365.com/cinema 200 
2026-08-24 18:44:33,637 [WARNING]   ❌ Tivibu Spor 3 için M3U8 bulunamadı
2026-08-24 18:44:34,637 [INFO] 
[14/14]
2026-08-24 18:44:34,637 [INFO] 🔍 Tivibu Spor 4 → https://www.atomsportv513.top/matches?id=tivibu-spor-4
2026-08-24 18:44:34,745 [INFO] Capturing request: https://www.atomsportv513.top/matches?id=tivibu-spor-4
2026-08-24 18:44:35,184 [INFO] Capturing response: https://www.atomsportv513.top/matches?id=tivibu-spor-4 200 
2026-08-24 18:44:35,318 [INFO] Capturing request: https://teletv5.top/load/yayinlink.php?id=tivibu-spor-4
2026-08-24 18:44:35,321 [INFO] Capturing request: https://www.atomsportv513.top/favicon.ico
2026-08-24 18:44:35,354 [INFO] Capturing response: https://www.atomsportv513.top/favicon.ico 200 
2026-08-24 18:44:35,416 [INFO] Capturing request: https://streamsport365.com/cinema
2026-08-24 18:44:35,640 [INFO] Capturing response: https://teletv5.top/load/yayinlink.php?id=tivibu-spor-4 200 
2026-08-24 18:44:35,669 [INFO] Capturing response: https://streamsport365.com/cinema 200 
2026-08-24 18:45:08,458 [WARNING]   ❌ Tivibu Spor 4 için M3U8 bulunamadı
2026-08-24 18:45:09,525 [INFO] ✅ 8 kanal bulundu, playlist.m3u kaydedildi
