2026-09-03 05:40:03,329 [INFO] 🌐 BASE_URL: https://www.atomsportv514.top
2026-09-03 05:40:04,587 [INFO] Başlanıyor... 14 kanal taranacak
2026-09-03 05:40:04,587 [INFO] Using default request storage
2026-09-03 05:40:04,591 [INFO] Created proxy listening on 127.0.0.1:45101
2026-09-03 05:40:05,273 [INFO] Capturing request: http://clients2.google.com/time/1/current?cup2key=10:5N3YkcL4Q19LskfWGoPwurZ1PGTwFORjP5YwokvfHy0&cup2hreq=e3b0c44298fc1c149afbf4c8996fb92427ae41e4649b934ca495991b7852b855
2026-09-03 05:40:05,349 [INFO] Capturing response: http://clients2.google.com/time/1/current?cup2key=10:5N3YkcL4Q19LskfWGoPwurZ1PGTwFORjP5YwokvfHy0&cup2hreq=e3b0c44298fc1c149afbf4c8996fb92427ae41e4649b934ca495991b7852b855 200 OK
2026-09-03 05:40:05,544 [INFO] 
[1/14]
2026-09-03 05:40:05,544 [INFO] 🔍 beIN Sports 1 → https://www.atomsportv514.top/matches?id=bein-sports-1
2026-09-03 05:40:05,702 [INFO] Capturing request: https://accounts.google.com/ListAccounts?gpsia=1&source=ChromiumBrowser&json=standard&laf=b64bin
2026-09-03 05:40:05,705 [INFO] Capturing request: https://update.googleapis.com/service/update2/json?cup2key=16:Bbg2S36p-S_Rq5TrVYAXDDtqY6vB52wfinyakCIb9F4&cup2hreq=dc6e6862dfc8261d7355385976e45547e46ffe19d6e644083e1ee38c978a500c
2026-09-03 05:40:05,787 [INFO] Capturing response: https://update.googleapis.com/service/update2/json?cup2key=16:Bbg2S36p-S_Rq5TrVYAXDDtqY6vB52wfinyakCIb9F4&cup2hreq=dc6e6862dfc8261d7355385976e45547e46ffe19d6e644083e1ee38c978a500c 200 
2026-09-03 05:40:05,792 [INFO] Capturing request: https://www.atomsportv514.top/matches?id=bein-sports-1
2026-09-03 05:40:05,797 [INFO] Capturing response: https://accounts.google.com/ListAccounts?gpsia=1&source=ChromiumBrowser&json=standard&laf=b64bin 200 
2026-09-03 05:40:05,800 [INFO] Capturing request: https://www.google.com/async/folae?async=_fmt:pb&udm=50&client_locale=en-US&client_country=ZZ
2026-09-03 05:40:05,838 [INFO] Capturing response: https://www.google.com/async/folae?async=_fmt:pb&udm=50&client_locale=en-US&client_country=ZZ 200 
2026-09-03 05:40:05,838 [INFO] Capturing request: https://update.googleapis.com/service/update2/json?cup2key=16:s1qt-hf4dbpPb-AC42p6Dy5oOwmd90UFGdlF4ou8jBQ&cup2hreq=36dddccf4875e315efa56c1bd8bf6b0f95b9b2e5de0fe3dbf432c38902536913
2026-09-03 05:40:05,894 [INFO] Capturing response: https://update.googleapis.com/service/update2/json?cup2key=16:s1qt-hf4dbpPb-AC42p6Dy5oOwmd90UFGdlF4ou8jBQ&cup2hreq=36dddccf4875e315efa56c1bd8bf6b0f95b9b2e5de0fe3dbf432c38902536913 200 
2026-09-03 05:40:05,940 [INFO] Capturing request: https://update.googleapis.com/service/update2/json?cup2key=16:nXYG9mcUepKWm0b6K_CCK7SGS7Sa4XP8nlFjodwDwtI&cup2hreq=90717367ce03e0b01ec63811ad7cfeea1943b929dec09de41181799a7695ffb3
2026-09-03 05:40:06,046 [INFO] Capturing request: https://www.google.com/async/folae?async=_fmt:pb&udm=50&client_locale=en-US&client_country=ZZ
2026-09-03 05:40:06,079 [INFO] Capturing response: https://www.google.com/async/folae?async=_fmt:pb&udm=50&client_locale=en-US&client_country=ZZ 200 
2026-09-03 05:40:06,093 [INFO] Capturing response: https://update.googleapis.com/service/update2/json?cup2key=16:nXYG9mcUepKWm0b6K_CCK7SGS7Sa4XP8nlFjodwDwtI&cup2hreq=90717367ce03e0b01ec63811ad7cfeea1943b929dec09de41181799a7695ffb3 200 
2026-09-03 05:40:06,378 [INFO] Capturing response: https://www.atomsportv514.top/matches?id=bein-sports-1 200 
2026-09-03 05:40:06,583 [INFO] Capturing request: https://cdn.jsdelivr.net/npm/@clappr/player@0.11.16/dist/clappr.min.js
2026-09-03 05:40:06,586 [INFO] Capturing request: https://cdn.jsdelivr.net/npm/level-selector/dist/level-selector.min.js
2026-09-03 05:40:06,588 [INFO] Capturing request: https://cdn.jsdelivr.net/npm/@clappr/hlsjs-playback@1.8.3/dist/hlsjs-playback.min.js
2026-09-03 05:40:06,627 [INFO] Capturing response: https://cdn.jsdelivr.net/npm/level-selector/dist/level-selector.min.js 200 
2026-09-03 05:40:06,657 [INFO] Capturing response: https://cdn.jsdelivr.net/npm/@clappr/player@0.11.16/dist/clappr.min.js 200 
2026-09-03 05:40:06,675 [INFO] Capturing response: https://cdn.jsdelivr.net/npm/@clappr/hlsjs-playback@1.8.3/dist/hlsjs-playback.min.js 200 
2026-09-03 05:40:06,872 [INFO] Capturing request: https://www.atomsportv514.top/favicon.ico
2026-09-03 05:40:06,968 [INFO] Capturing response: https://www.atomsportv514.top/favicon.ico 200 
2026-09-03 05:40:07,001 [INFO] Capturing request: https://teletv5.top/load/yayinlink.php?id=bein-sports-1
2026-09-03 05:40:07,389 [INFO] Capturing response: https://teletv5.top/load/yayinlink.php?id=bein-sports-1 200 
2026-09-03 05:40:07,443 [INFO] Capturing request: https://streamsport365.com/cinema
2026-09-03 05:40:07,768 [INFO] Capturing response: https://streamsport365.com/cinema 200 
2026-09-03 05:40:07,899 [INFO] Capturing request: https://www.atomsportv514.top/assets/img/player/player_logo_6a87a2e2eecc5.png
2026-09-03 05:40:07,967 [INFO] Capturing response: https://www.atomsportv514.top/assets/img/player/player_logo_6a87a2e2eecc5.png 200 
2026-09-03 05:40:08,033 [INFO] Capturing request: https://corestream.ardastream.live//beintv/tracks-v1a1/mono.m3u8
2026-09-03 05:40:08,189 [INFO] Capturing response: https://corestream.ardastream.live//beintv/tracks-v1a1/mono.m3u8 200 
2026-09-03 05:40:08,451 [INFO] Capturing request: https://global.ardastream.live/beintv/tracks-v1a1/2026/09/03/05/40/16-05000.jpg
2026-09-03 05:40:08,665 [INFO] Capturing request: https://android.clients.google.com/checkin
2026-09-03 05:40:08,774 [INFO] Capturing response: https://android.clients.google.com/checkin 200 
2026-09-03 05:40:08,825 [INFO] Capturing request: https://android.clients.google.com/c2dm/register3
2026-09-03 05:40:08,827 [INFO] Capturing request: https://android.clients.google.com/c2dm/register3
2026-09-03 05:40:08,830 [INFO] Capturing request: https://android.clients.google.com/c2dm/register3
2026-09-03 05:40:08,884 [INFO] Capturing response: https://android.clients.google.com/c2dm/register3 301 
2026-09-03 05:40:09,423 [INFO] Capturing response: https://global.ardastream.live/beintv/tracks-v1a1/2026/09/03/05/40/16-05000.jpg 200 
2026-09-03 05:40:09,474 [INFO] Capturing response: https://android.clients.google.com/c2dm/register3 200 
2026-09-03 05:40:09,485 [INFO] Capturing response: https://android.clients.google.com/c2dm/register3 200 
2026-09-03 05:40:09,669 [INFO] Capturing request: https://global.ardastream.live/beintv/tracks-v1a1/2026/09/03/05/40/21-05000.jpg
2026-09-03 05:40:09,795 [INFO]   ✅ M3U8 bulundu: https://corestream.ardastream.live//beintv/tracks-v1a1/mono.m3u8
2026-09-03 05:40:10,648 [INFO] Capturing response: https://global.ardastream.live/beintv/tracks-v1a1/2026/09/03/05/40/21-05000.jpg 200 
2026-09-03 05:40:10,795 [INFO] 
[2/14]
2026-09-03 05:40:10,795 [INFO] 🔍 beIN Sports 2 → https://www.atomsportv514.top/matches?id=bein-sports-2
2026-09-03 05:40:10,874 [INFO] Capturing request: https://global.ardastream.live/beintv/tracks-v1a1/2026/09/03/05/40/26-05000.jpg
2026-09-03 05:40:10,906 [INFO] Capturing request: https://www.atomsportv514.top/matches?id=bein-sports-2
2026-09-03 05:40:11,158 [INFO] Capturing response: https://www.atomsportv514.top/matches?id=bein-sports-2 200 
2026-09-03 05:40:11,214 [INFO] Capturing request: https://streamsport365.com/cinema
2026-09-03 05:40:11,310 [INFO] Capturing request: https://teletv5.top/load/yayinlink.php?id=bein-sports-2
2026-09-03 05:40:11,312 [INFO] Capturing request: https://www.atomsportv514.top/favicon.ico
2026-09-03 05:40:11,369 [INFO] Capturing response: https://www.atomsportv514.top/favicon.ico 200 
2026-09-03 05:40:11,520 [INFO] Capturing response: https://streamsport365.com/cinema 200 
2026-09-03 05:40:11,883 [INFO] Capturing response: https://teletv5.top/load/yayinlink.php?id=bein-sports-2 200 
2026-09-03 05:40:11,972 [INFO] Capturing response: https://global.ardastream.live/beintv/tracks-v1a1/2026/09/03/05/40/26-05000.jpg 200 
2026-09-03 05:40:11,996 [INFO] Capturing request: https://www.atomsportv514.top/assets/img/player/player_logo_6a87a2e2eecc5.png
2026-09-03 05:40:12,009 [INFO] Capturing request: https://corestream.ardastream.live//bein2/tracks-v1a1/mono.m3u8
2026-09-03 05:40:12,142 [INFO] Capturing response: https://www.atomsportv514.top/assets/img/player/player_logo_6a87a2e2eecc5.png 304 
2026-09-03 05:40:12,158 [INFO] Capturing response: https://corestream.ardastream.live//bein2/tracks-v1a1/mono.m3u8 200 
2026-09-03 05:40:12,267 [INFO] Capturing request: https://global.ardastream.live/bein2/tracks-v1a1/2026/09/03/05/40/42-06000.jpg
2026-09-03 05:40:13,021 [INFO] Capturing response: https://global.ardastream.live/bein2/tracks-v1a1/2026/09/03/05/40/42-06000.jpg 200 
2026-09-03 05:40:13,231 [INFO] Capturing request: https://global.ardastream.live/bein2/tracks-v1a1/2026/09/03/05/40/48-06000.jpg
2026-09-03 05:40:13,962 [INFO] Capturing response: https://global.ardastream.live/bein2/tracks-v1a1/2026/09/03/05/40/48-06000.jpg 200 
2026-09-03 05:40:14,163 [INFO] Capturing request: https://global.ardastream.live/bein2/tracks-v1a1/2026/09/03/05/40/54-06000.jpg
2026-09-03 05:40:14,232 [INFO]   ✅ M3U8 bulundu: https://corestream.ardastream.live//bein2/tracks-v1a1/mono.m3u8
2026-09-03 05:40:14,853 [INFO] Capturing response: https://global.ardastream.live/bein2/tracks-v1a1/2026/09/03/05/40/54-06000.jpg 200 
2026-09-03 05:40:15,233 [INFO] 
[3/14]
2026-09-03 05:40:15,233 [INFO] 🔍 beIN Sports 3 → https://www.atomsportv514.top/matches?id=bein-sports-3
2026-09-03 05:40:15,343 [INFO] Capturing request: https://www.atomsportv514.top/matches?id=bein-sports-3
2026-09-03 05:40:17,145 [INFO] Capturing response: https://www.atomsportv514.top/matches?id=bein-sports-3 200 
2026-09-03 05:40:17,275 [INFO] Capturing request: https://teletv5.top/load/yayinlink.php?id=bein-sports-3
2026-09-03 05:40:17,277 [INFO] Capturing request: https://www.atomsportv514.top/favicon.ico
2026-09-03 05:40:17,401 [INFO] Capturing request: https://streamsport365.com/cinema
2026-09-03 05:40:17,469 [INFO] Capturing response: https://teletv5.top/load/yayinlink.php?id=bein-sports-3 200 
2026-09-03 05:40:17,648 [INFO] Capturing response: https://www.atomsportv514.top/favicon.ico 200 
2026-09-03 05:40:17,706 [INFO] Capturing response: https://streamsport365.com/cinema 200 
2026-09-03 05:40:17,816 [INFO] Capturing request: https://www.atomsportv514.top/assets/img/player/player_logo_6a87a2e2eecc5.png
2026-09-03 05:40:17,827 [INFO] Capturing request: https://corestream.ardastream.live//bein3/tracks-v1a1/mono.m3u8
2026-09-03 05:40:17,959 [INFO] Capturing response: https://www.atomsportv514.top/assets/img/player/player_logo_6a87a2e2eecc5.png 304 
2026-09-03 05:40:17,985 [INFO] Capturing response: https://corestream.ardastream.live//bein3/tracks-v1a1/mono.m3u8 200 
2026-09-03 05:40:18,095 [INFO] Capturing request: https://global.ardastream.live/bein3/tracks-v1a1/2026/09/03/05/40/32-10000.jpg
2026-09-03 05:40:20,188 [INFO]   ✅ M3U8 bulundu: https://corestream.ardastream.live//bein3/tracks-v1a1/mono.m3u8
2026-09-03 05:40:20,225 [INFO] Capturing response: https://global.ardastream.live/bein3/tracks-v1a1/2026/09/03/05/40/32-10000.jpg 200 
2026-09-03 05:40:20,525 [INFO] Capturing request: https://global.ardastream.live/bein3/tracks-v1a1/2026/09/03/05/40/42-10000.jpg
2026-09-03 05:40:21,188 [INFO] 
[4/14]
2026-09-03 05:40:21,188 [INFO] 🔍 beIN Sports 4 → https://www.atomsportv514.top/matches?id=bein-sports-4
2026-09-03 05:40:21,297 [INFO] Capturing request: https://www.atomsportv514.top/matches?id=bein-sports-4
2026-09-03 05:40:21,552 [INFO] Capturing response: https://www.atomsportv514.top/matches?id=bein-sports-4 200 
2026-09-03 05:40:21,584 [INFO] Capturing request: https://streamsport365.com/cinema
2026-09-03 05:40:21,683 [INFO] Capturing request: https://teletv5.top/load/yayinlink.php?id=bein-sports-4
2026-09-03 05:40:21,684 [INFO] Capturing request: https://www.atomsportv514.top/favicon.ico
2026-09-03 05:40:21,738 [INFO] Capturing response: https://www.atomsportv514.top/favicon.ico 200 
2026-09-03 05:40:21,885 [INFO] Capturing response: https://teletv5.top/load/yayinlink.php?id=bein-sports-4 200 
2026-09-03 05:40:21,888 [INFO] Capturing response: https://streamsport365.com/cinema 200 
2026-09-03 05:40:22,040 [INFO] Capturing request: https://www.atomsportv514.top/assets/img/player/player_logo_6a87a2e2eecc5.png
2026-09-03 05:40:22,048 [INFO] Capturing request: https://corestream.ardastream.live//bein4/tracks-v1a1/mono.m3u8
2026-09-03 05:40:22,199 [INFO] Capturing response: https://www.atomsportv514.top/assets/img/player/player_logo_6a87a2e2eecc5.png 304 
2026-09-03 05:40:22,201 [INFO] Capturing response: https://corestream.ardastream.live//bein4/tracks-v1a1/mono.m3u8 200 
2026-09-03 05:40:22,272 [INFO] Capturing response: https://global.ardastream.live/bein3/tracks-v1a1/2026/09/03/05/40/42-10000.jpg 200 
2026-09-03 05:40:22,351 [INFO] Capturing request: https://global.ardastream.live/bein4/tracks-v1a1/2026/09/03/05/40/38-10000.jpg
2026-09-03 05:40:23,387 [INFO] Capturing response: https://global.ardastream.live/bein4/tracks-v1a1/2026/09/03/05/40/38-10000.jpg 200 
2026-09-03 05:40:23,583 [INFO] Capturing request: https://global.ardastream.live/bein4/tracks-v1a1/2026/09/03/05/40/48-10000.jpg
2026-09-03 05:40:24,508 [INFO] Capturing response: https://global.ardastream.live/bein4/tracks-v1a1/2026/09/03/05/40/48-10000.jpg 200 
2026-09-03 05:40:24,603 [INFO]   ✅ M3U8 bulundu: https://corestream.ardastream.live//bein4/tracks-v1a1/mono.m3u8
2026-09-03 05:40:24,726 [INFO] Capturing request: https://global.ardastream.live/bein4/tracks-v1a1/2026/09/03/05/40/58-10000.jpg
2026-09-03 05:40:25,604 [INFO] 
[5/14]
2026-09-03 05:40:25,604 [INFO] 🔍 beIN Sports 5 → https://www.atomsportv514.top/matches?id=bein-sports-5
2026-09-03 05:40:25,618 [INFO] Capturing response: https://global.ardastream.live/bein4/tracks-v1a1/2026/09/03/05/40/58-10000.jpg 200 
2026-09-03 05:40:25,716 [INFO] Capturing request: https://www.atomsportv514.top/matches?id=bein-sports-5
2026-09-03 05:40:25,968 [INFO] Capturing response: https://www.atomsportv514.top/matches?id=bein-sports-5 200 
2026-09-03 05:40:26,096 [INFO] Capturing request: https://teletv5.top/load/yayinlink.php?id=bein-sports-5
2026-09-03 05:40:26,099 [INFO] Capturing request: https://www.atomsportv514.top/favicon.ico
2026-09-03 05:40:26,159 [INFO] Capturing response: https://www.atomsportv514.top/favicon.ico 200 
2026-09-03 05:40:26,224 [INFO] Capturing request: https://streamsport365.com/cinema
2026-09-03 05:40:26,291 [INFO] Capturing response: https://teletv5.top/load/yayinlink.php?id=bein-sports-5 200 
2026-09-03 05:40:26,532 [INFO] Capturing response: https://streamsport365.com/cinema 200 
2026-09-03 05:40:26,642 [INFO] Capturing request: https://www.atomsportv514.top/assets/img/player/player_logo_6a87a2e2eecc5.png
2026-09-03 05:40:26,651 [INFO] Capturing request: https://corestream.ardastream.live//bein5/tracks-v1a1/mono.m3u8
2026-09-03 05:40:26,783 [INFO] Capturing response: https://www.atomsportv514.top/assets/img/player/player_logo_6a87a2e2eecc5.png 304 
2026-09-03 05:40:26,816 [INFO] Capturing response: https://corestream.ardastream.live//bein5/tracks-v1a1/mono.m3u8 200 
2026-09-03 05:40:26,925 [INFO] Capturing request: https://global.ardastream.live/bein5/tracks-v1a1/2026/09/03/05/40/45-10000.jpg
2026-09-03 05:40:28,897 [INFO] Capturing response: https://global.ardastream.live/bein5/tracks-v1a1/2026/09/03/05/40/45-10000.jpg 200 
2026-09-03 05:40:29,015 [INFO]   ✅ M3U8 bulundu: https://corestream.ardastream.live//bein5/tracks-v1a1/mono.m3u8
2026-09-03 05:40:29,204 [INFO] Capturing request: https://global.ardastream.live/bein5/tracks-v1a1/2026/09/03/05/40/55-10000.jpg
2026-09-03 05:40:30,015 [INFO] 
[6/14]
2026-09-03 05:40:30,015 [INFO] 🔍 beIN Sports Max 1 → https://www.atomsportv514.top/matches?id=bein-sports-max-1
2026-09-03 05:40:30,126 [INFO] Capturing request: https://www.atomsportv514.top/matches?id=bein-sports-max-1
2026-09-03 05:40:30,381 [INFO] Capturing response: https://www.atomsportv514.top/matches?id=bein-sports-max-1 200 
2026-09-03 05:40:30,417 [INFO] Capturing request: https://streamsport365.com/cinema
2026-09-03 05:40:30,516 [INFO] Capturing request: https://teletv5.top/load/yayinlink.php?id=bein-sports-max-1
2026-09-03 05:40:30,522 [INFO] Capturing request: https://www.atomsportv514.top/favicon.ico
2026-09-03 05:40:30,584 [INFO] Capturing response: https://www.atomsportv514.top/favicon.ico 200 
2026-09-03 05:40:30,703 [INFO] Capturing response: https://teletv5.top/load/yayinlink.php?id=bein-sports-max-1 200 
2026-09-03 05:40:30,725 [INFO] Capturing response: https://streamsport365.com/cinema 200 
2026-09-03 05:40:30,853 [INFO] Capturing request: https://www.atomsportv514.top/assets/img/player/player_logo_6a87a2e2eecc5.png
2026-09-03 05:40:30,864 [INFO] Capturing request: https://corestream.ardastream.live//beinmax1/tracks-v1a1/mono.m3u8
2026-09-03 05:40:30,975 [INFO] Capturing response: https://global.ardastream.live/bein5/tracks-v1a1/2026/09/03/05/40/55-10000.jpg 200 
2026-09-03 05:40:30,981 [INFO] Capturing response: https://www.atomsportv514.top/assets/img/player/player_logo_6a87a2e2eecc5.png 304 
2026-09-03 05:40:31,031 [INFO] Capturing response: https://corestream.ardastream.live//beinmax1/tracks-v1a1/mono.m3u8 200 
2026-09-03 05:40:31,053 [INFO] 127.0.0.1:55348: ProtocolException("Error in HTTP connection: Http2ZombieException('Connection or stream already dead: 1788414031.0527537, False')")
2026-09-03 05:40:31,198 [INFO] Capturing request: https://global.ardastream.live/beinmax1/tracks-v1a1/2026/09/03/05/41/16-10000.jpg
2026-09-03 05:40:33,432 [INFO]   ✅ M3U8 bulundu: https://corestream.ardastream.live//beinmax1/tracks-v1a1/mono.m3u8
2026-09-03 05:40:33,465 [INFO] Capturing response: https://global.ardastream.live/beinmax1/tracks-v1a1/2026/09/03/05/41/16-10000.jpg 200 
2026-09-03 05:40:33,795 [INFO] Capturing request: https://global.ardastream.live/beinmax1/tracks-v1a1/2026/09/03/05/41/26-07920.jpg
2026-09-03 05:40:34,432 [INFO] 
[7/14]
2026-09-03 05:40:34,432 [INFO] 🔍 beIN Sports Max 2 → https://www.atomsportv514.top/matches?id=bein-sports-max-2
2026-09-03 05:40:34,542 [INFO] Capturing request: https://www.atomsportv514.top/matches?id=bein-sports-max-2
2026-09-03 05:40:34,794 [INFO] Capturing response: https://www.atomsportv514.top/matches?id=bein-sports-max-2 200 
2026-09-03 05:40:34,926 [INFO] Capturing request: https://teletv5.top/load/yayinlink.php?id=bein-sports-max-2
2026-09-03 05:40:34,929 [INFO] Capturing request: https://www.atomsportv514.top/favicon.ico
2026-09-03 05:40:34,992 [INFO] Capturing response: https://www.atomsportv514.top/favicon.ico 200 
2026-09-03 05:40:35,053 [INFO] Capturing request: https://streamsport365.com/cinema
2026-09-03 05:40:35,218 [INFO] Capturing response: https://teletv5.top/load/yayinlink.php?id=bein-sports-max-2 200 
2026-09-03 05:40:35,357 [INFO] Capturing response: https://streamsport365.com/cinema 200 
2026-09-03 05:40:35,471 [INFO] Capturing request: https://www.atomsportv514.top/assets/img/player/player_logo_6a87a2e2eecc5.png
2026-09-03 05:40:35,482 [INFO] Capturing request: https://corestream.ardastream.live//beinmax2/tracks-v1a1/mono.m3u8
2026-09-03 05:40:35,640 [INFO] Capturing response: https://corestream.ardastream.live//beinmax2/tracks-v1a1/mono.m3u8 200 
2026-09-03 05:40:35,657 [INFO] Capturing response: https://www.atomsportv514.top/assets/img/player/player_logo_6a87a2e2eecc5.png 304 
2026-09-03 05:40:35,697 [INFO] Capturing response: https://global.ardastream.live/beinmax1/tracks-v1a1/2026/09/03/05/41/26-07920.jpg 200 
2026-09-03 05:40:35,750 [INFO] Capturing request: https://global.ardastream.live/beinmax2/tracks-v1a1/2026/09/03/05/40/18-05040.jpg
2026-09-03 05:40:36,540 [INFO] Capturing response: https://global.ardastream.live/beinmax2/tracks-v1a1/2026/09/03/05/40/18-05040.jpg 200 
2026-09-03 05:40:36,712 [INFO] Capturing request: https://global.ardastream.live/beinmax2/tracks-v1a1/2026/09/03/05/40/23-05040.jpg
2026-09-03 05:40:37,468 [INFO] Capturing response: https://global.ardastream.live/beinmax2/tracks-v1a1/2026/09/03/05/40/23-05040.jpg 200 
2026-09-03 05:40:37,671 [INFO] Capturing request: https://global.ardastream.live/beinmax2/tracks-v1a1/2026/09/03/05/40/29-05040.jpg
2026-09-03 05:40:37,844 [INFO]   ✅ M3U8 bulundu: https://corestream.ardastream.live//beinmax2/tracks-v1a1/mono.m3u8
2026-09-03 05:40:38,406 [INFO] Capturing request: https://android.clients.google.com/c2dm/register3
2026-09-03 05:40:38,460 [INFO] Capturing response: https://global.ardastream.live/beinmax2/tracks-v1a1/2026/09/03/05/40/29-05040.jpg 200 
2026-09-03 05:40:38,474 [INFO] Capturing response: https://android.clients.google.com/c2dm/register3 301 
2026-09-03 05:40:38,666 [INFO] Capturing request: https://global.ardastream.live/beinmax2/tracks-v1a1/2026/09/03/05/40/34-05039.jpg
2026-09-03 05:40:38,845 [INFO] 
[8/14]
2026-09-03 05:40:38,845 [INFO] 🔍 S Sport → https://www.atomsportv514.top/matches?id=s-sport
2026-09-03 05:40:38,957 [INFO] Capturing request: https://www.atomsportv514.top/matches?id=s-sport
2026-09-03 05:40:39,346 [INFO] Capturing response: https://www.atomsportv514.top/matches?id=s-sport 200 
2026-09-03 05:40:39,381 [INFO] Capturing request: https://streamsport365.com/cinema
2026-09-03 05:40:39,469 [INFO] Capturing response: https://global.ardastream.live/beinmax2/tracks-v1a1/2026/09/03/05/40/34-05039.jpg 200 
2026-09-03 05:40:39,479 [INFO] Capturing request: https://teletv5.top/load/yayinlink.php?id=s-sport
2026-09-03 05:40:39,482 [INFO] Capturing request: https://www.atomsportv514.top/favicon.ico
2026-09-03 05:40:39,536 [INFO] Capturing response: https://www.atomsportv514.top/favicon.ico 200 
2026-09-03 05:40:39,679 [INFO] Capturing response: https://streamsport365.com/cinema 200 
2026-09-03 05:40:39,906 [INFO] Capturing response: https://teletv5.top/load/yayinlink.php?id=s-sport 200 
2026-09-03 05:40:40,057 [INFO] Capturing request: https://www.atomsportv514.top/assets/img/player/player_logo_6a87a2e2eecc5.png
2026-09-03 05:40:40,066 [INFO] Capturing request: https://corestream.ardastream.live//s-sport/tracks-v1a1/mono.m3u8
2026-09-03 05:40:40,209 [INFO] Capturing response: https://www.atomsportv514.top/assets/img/player/player_logo_6a87a2e2eecc5.png 304 
2026-09-03 05:40:40,211 [INFO] Capturing response: https://corestream.ardastream.live//s-sport/tracks-v1a1/mono.m3u8 200 
2026-09-03 05:40:40,360 [INFO] Capturing request: https://global.ardastream.live/s-sport/tracks-v1a1/2026/09/03/05/42/11-05000.jpg
2026-09-03 05:40:41,437 [INFO] Capturing response: https://global.ardastream.live/s-sport/tracks-v1a1/2026/09/03/05/42/11-05000.jpg 200 
2026-09-03 05:40:41,638 [INFO] Capturing request: https://global.ardastream.live/s-sport/tracks-v1a1/2026/09/03/05/42/16-05000.jpg
2026-09-03 05:40:42,391 [INFO]   ✅ M3U8 bulundu: https://corestream.ardastream.live//s-sport/tracks-v1a1/mono.m3u8
2026-09-03 05:40:42,691 [INFO] Capturing response: https://global.ardastream.live/s-sport/tracks-v1a1/2026/09/03/05/42/16-05000.jpg 200 
2026-09-03 05:40:42,923 [INFO] Capturing request: https://global.ardastream.live/s-sport/tracks-v1a1/2026/09/03/05/42/21-05000.jpg
2026-09-03 05:40:43,391 [INFO] 
[9/14]
2026-09-03 05:40:43,391 [INFO] 🔍 S Sport 2 → https://www.atomsportv514.top/matches?id=s-sport-2
2026-09-03 05:40:43,501 [INFO] Capturing request: https://www.atomsportv514.top/matches?id=s-sport-2
2026-09-03 05:40:43,744 [INFO] Capturing response: https://www.atomsportv514.top/matches?id=s-sport-2 200 
2026-09-03 05:40:43,873 [INFO] Capturing request: https://teletv5.top/load/yayinlink.php?id=s-sport-2
2026-09-03 05:40:43,877 [INFO] Capturing request: https://www.atomsportv514.top/favicon.ico
2026-09-03 05:40:43,932 [INFO] Capturing response: https://www.atomsportv514.top/favicon.ico 200 
2026-09-03 05:40:44,004 [INFO] Capturing request: https://streamsport365.com/cinema
2026-09-03 05:40:44,013 [INFO] Capturing response: https://global.ardastream.live/s-sport/tracks-v1a1/2026/09/03/05/42/21-05000.jpg 200 
2026-09-03 05:40:44,070 [INFO] Capturing response: https://teletv5.top/load/yayinlink.php?id=s-sport-2 200 
2026-09-03 05:40:44,075 [INFO] 127.0.0.1:55348: ProtocolException("Error in HTTP connection: Http2ZombieException('Connection or stream already dead: 1788414044.0746462, False')")
2026-09-03 05:40:44,304 [INFO] Capturing response: https://streamsport365.com/cinema 200 
2026-09-03 05:40:44,414 [INFO] Capturing request: https://www.atomsportv514.top/assets/img/player/player_logo_6a87a2e2eecc5.png
2026-09-03 05:40:44,424 [INFO] Capturing request: https://corestream.ardastream.live//s-sport2/tracks-v1a1/mono.m3u8
2026-09-03 05:40:44,559 [INFO] Capturing response: https://www.atomsportv514.top/assets/img/player/player_logo_6a87a2e2eecc5.png 304 
2026-09-03 05:40:44,574 [INFO] Capturing response: https://corestream.ardastream.live//s-sport2/tracks-v1a1/mono.m3u8 200 
2026-09-03 05:40:44,684 [INFO] Capturing request: https://global.ardastream.live/s-sport2/tracks-v1a1/2026/09/03/05/42/09-06000.jpg
2026-09-03 05:40:46,091 [INFO] Capturing response: https://global.ardastream.live/s-sport2/tracks-v1a1/2026/09/03/05/42/09-06000.jpg 200 
2026-09-03 05:40:46,355 [INFO] Capturing request: https://global.ardastream.live/s-sport2/tracks-v1a1/2026/09/03/05/42/15-06000.jpg
2026-09-03 05:40:46,790 [INFO]   ✅ M3U8 bulundu: https://corestream.ardastream.live//s-sport2/tracks-v1a1/mono.m3u8
2026-09-03 05:40:47,350 [INFO] Capturing response: https://global.ardastream.live/s-sport2/tracks-v1a1/2026/09/03/05/42/15-06000.jpg 200 
2026-09-03 05:40:47,568 [INFO] Capturing request: https://global.ardastream.live/s-sport2/tracks-v1a1/2026/09/03/05/42/21-06000.jpg
2026-09-03 05:40:47,790 [INFO] 
[10/14]
2026-09-03 05:40:47,790 [INFO] 🔍 A Spor → https://www.atomsportv514.top/matches?id=a-spor
2026-09-03 05:40:47,903 [INFO] Capturing request: https://www.atomsportv514.top/matches?id=a-spor
2026-09-03 05:40:48,143 [INFO] Capturing response: https://www.atomsportv514.top/matches?id=a-spor 200 
2026-09-03 05:40:48,179 [INFO] Capturing request: https://streamsport365.com/cinema
2026-09-03 05:40:48,278 [INFO] Capturing request: https://teletv5.top/load/yayinlink.php?id=a-spor
2026-09-03 05:40:48,279 [INFO] Capturing request: https://www.atomsportv514.top/favicon.ico
2026-09-03 05:40:48,344 [INFO] Capturing response: https://www.atomsportv514.top/favicon.ico 200 
2026-09-03 05:40:48,468 [INFO] Capturing response: https://teletv5.top/load/yayinlink.php?id=a-spor 200 
2026-09-03 05:40:48,490 [INFO] Capturing response: https://streamsport365.com/cinema 200 
2026-09-03 05:40:48,620 [INFO] Capturing request: https://www.atomsportv514.top/assets/img/player/player_logo_6a87a2e2eecc5.png
2026-09-03 05:40:48,630 [INFO] Capturing request: https://corestream.ardastream.live//aspor/tracks-v1a1/mono.m3u8
2026-09-03 05:40:48,705 [INFO] Capturing response: https://global.ardastream.live/s-sport2/tracks-v1a1/2026/09/03/05/42/21-06000.jpg 200 
2026-09-03 05:40:48,771 [INFO] Capturing response: https://www.atomsportv514.top/assets/img/player/player_logo_6a87a2e2eecc5.png 304 
2026-09-03 05:40:48,787 [INFO] Capturing response: https://corestream.ardastream.live//aspor/tracks-v1a1/mono.m3u8 404 
2026-09-03 05:40:50,949 [INFO] Capturing request: https://corestream.ardastream.live//aspor/tracks-v1a1/mono.m3u8
2026-09-03 05:40:51,090 [INFO] Capturing response: https://corestream.ardastream.live//aspor/tracks-v1a1/mono.m3u8 404 
2026-09-03 05:40:51,189 [INFO]   ✅ M3U8 bulundu: https://corestream.ardastream.live//aspor/tracks-v1a1/mono.m3u8
2026-09-03 05:40:52,190 [INFO] 
[11/14]
2026-09-03 05:40:52,190 [INFO] 🔍 Tivibu Spor 1 → https://www.atomsportv514.top/matches?id=tivibu-spor-1
2026-09-03 05:40:52,298 [INFO] Capturing request: https://www.atomsportv514.top/matches?id=tivibu-spor-1
2026-09-03 05:40:52,549 [INFO] Capturing response: https://www.atomsportv514.top/matches?id=tivibu-spor-1 200 
2026-09-03 05:40:52,680 [INFO] Capturing request: https://teletv5.top/load/yayinlink.php?id=tivibu-spor-1
2026-09-03 05:40:52,683 [INFO] Capturing request: https://www.atomsportv514.top/favicon.ico
2026-09-03 05:40:52,744 [INFO] Capturing response: https://www.atomsportv514.top/favicon.ico 200 
2026-09-03 05:40:52,806 [INFO] Capturing request: https://streamsport365.com/cinema
2026-09-03 05:40:52,874 [INFO] Capturing response: https://teletv5.top/load/yayinlink.php?id=tivibu-spor-1 200 
2026-09-03 05:40:53,113 [INFO] Capturing response: https://streamsport365.com/cinema 200 
2026-09-03 05:41:05,264 [INFO] Capturing request: https://update.googleapis.com/service/update2/json?cup2key=16:R3uvkF7vH_nJIbZMC3unkbmCUMWfe1KVb_NW8SKL3N8&cup2hreq=ba2510cc319669f384d1c8ad64ca29a9a8de4aeefb32d6f30115f116f255d77c
2026-09-03 05:41:05,318 [INFO] Capturing response: https://update.googleapis.com/service/update2/json?cup2key=16:R3uvkF7vH_nJIbZMC3unkbmCUMWfe1KVb_NW8SKL3N8&cup2hreq=ba2510cc319669f384d1c8ad64ca29a9a8de4aeefb32d6f30115f116f255d77c 200 
2026-09-03 05:41:05,324 [INFO] Capturing request: http://edgedl.me.gvt1.com/edgedl/diffgen-puffin/gcmjkmgdlgnkkcocmoeiminaijmmjnii/fc1f961a8e1d6f22b29a01eb8f62d27d7f0f928ed1b230dfa8430cc20542c1bf
2026-09-03 05:41:05,396 [INFO] Capturing response: http://edgedl.me.gvt1.com/edgedl/diffgen-puffin/gcmjkmgdlgnkkcocmoeiminaijmmjnii/fc1f961a8e1d6f22b29a01eb8f62d27d7f0f928ed1b230dfa8430cc20542c1bf 200 OK
2026-09-03 05:41:05,423 [INFO] Capturing request: https://update.googleapis.com/service/update2/json
2026-09-03 05:41:05,475 [INFO] Capturing response: https://update.googleapis.com/service/update2/json 200 
2026-09-03 05:41:05,520 [INFO] Capturing request: http://edgedl.me.gvt1.com/edgedl/release2/chrome_component/acu7po24dt4daxkudt5ff6kusxba_10753/hfnkpimlhhgieaddgfemjhofmfblmnib_10753_all_ad5utvymvmlk255vkgnfzeivcwla.crx3
2026-09-03 05:41:05,597 [INFO] Capturing response: http://edgedl.me.gvt1.com/edgedl/release2/chrome_component/acu7po24dt4daxkudt5ff6kusxba_10753/hfnkpimlhhgieaddgfemjhofmfblmnib_10753_all_ad5utvymvmlk255vkgnfzeivcwla.crx3 200 OK
2026-09-03 05:41:05,626 [INFO] Capturing request: https://update.googleapis.com/service/update2/json
2026-09-03 05:41:05,660 [INFO] Capturing response: https://update.googleapis.com/service/update2/json 200 
2026-09-03 05:41:25,863 [WARNING]   ❌ Tivibu Spor 1 için M3U8 bulunamadı
2026-09-03 05:41:26,863 [INFO] 
[12/14]
2026-09-03 05:41:26,863 [INFO] 🔍 Tivibu Spor 2 → https://www.atomsportv514.top/matches?id=tivibu-spor-2
2026-09-03 05:41:27,029 [INFO] Capturing request: https://www.atomsportv514.top/matches?id=tivibu-spor-2
2026-09-03 05:41:27,417 [INFO] Capturing response: https://www.atomsportv514.top/matches?id=tivibu-spor-2 200 
2026-09-03 05:41:27,579 [INFO] Capturing request: https://www.atomsportv514.top/favicon.ico
2026-09-03 05:41:27,634 [INFO] Capturing request: https://teletv5.top/load/yayinlink.php?id=tivibu-spor-2
2026-09-03 05:41:27,638 [INFO] Capturing response: https://www.atomsportv514.top/favicon.ico 200 
2026-09-03 05:41:28,002 [INFO] Capturing response: https://teletv5.top/load/yayinlink.php?id=tivibu-spor-2 200 
2026-09-03 05:41:28,066 [INFO] Capturing request: https://streamsport365.com/cinema
2026-09-03 05:41:28,376 [INFO] Capturing response: https://streamsport365.com/cinema 200 
2026-09-03 05:41:38,367 [INFO] Capturing request: https://android.clients.google.com/c2dm/register3
2026-09-03 05:41:38,439 [INFO] Capturing response: https://android.clients.google.com/c2dm/register3 301 
2026-09-03 05:42:00,725 [WARNING]   ❌ Tivibu Spor 2 için M3U8 bulunamadı
2026-09-03 05:42:01,726 [INFO] 
[13/14]
2026-09-03 05:42:01,726 [INFO] 🔍 Tivibu Spor 3 → https://www.atomsportv514.top/matches?id=tivibu-spor-3
2026-09-03 05:42:01,835 [INFO] Capturing request: https://www.atomsportv514.top/matches?id=tivibu-spor-3
2026-09-03 05:42:02,266 [INFO] Capturing response: https://www.atomsportv514.top/matches?id=tivibu-spor-3 200 
2026-09-03 05:42:02,397 [INFO] Capturing request: https://teletv5.top/load/yayinlink.php?id=tivibu-spor-3
2026-09-03 05:42:02,399 [INFO] Capturing request: https://www.atomsportv514.top/favicon.ico
2026-09-03 05:42:02,452 [INFO] Capturing response: https://www.atomsportv514.top/favicon.ico 200 
2026-09-03 05:42:02,522 [INFO] Capturing request: https://streamsport365.com/cinema
2026-09-03 05:42:02,584 [INFO] Capturing response: https://teletv5.top/load/yayinlink.php?id=tivibu-spor-3 200 
2026-09-03 05:42:02,821 [INFO] Capturing response: https://streamsport365.com/cinema 200 
2026-09-03 05:42:35,541 [WARNING]   ❌ Tivibu Spor 3 için M3U8 bulunamadı
2026-09-03 05:42:36,542 [INFO] 
[14/14]
2026-09-03 05:42:36,542 [INFO] 🔍 Tivibu Spor 4 → https://www.atomsportv514.top/matches?id=tivibu-spor-4
2026-09-03 05:42:36,651 [INFO] Capturing request: https://www.atomsportv514.top/matches?id=tivibu-spor-4
2026-09-03 05:42:37,056 [INFO] Capturing response: https://www.atomsportv514.top/matches?id=tivibu-spor-4 200 
2026-09-03 05:42:37,186 [INFO] Capturing request: https://teletv5.top/load/yayinlink.php?id=tivibu-spor-4
2026-09-03 05:42:37,192 [INFO] Capturing request: https://www.atomsportv514.top/favicon.ico
2026-09-03 05:42:37,244 [INFO] Capturing response: https://www.atomsportv514.top/favicon.ico 200 
2026-09-03 05:42:37,316 [INFO] Capturing request: https://streamsport365.com/cinema
2026-09-03 05:42:37,373 [INFO] Capturing response: https://teletv5.top/load/yayinlink.php?id=tivibu-spor-4 200 
2026-09-03 05:42:37,628 [INFO] Capturing response: https://streamsport365.com/cinema 200 
2026-09-03 05:43:10,332 [WARNING]   ❌ Tivibu Spor 4 için M3U8 bulunamadı
2026-09-03 05:43:11,401 [INFO] ✅ 10 kanal bulundu, playlist.m3u kaydedildi
