2026-07-31 13:15:39,066 [INFO] 🌐 BASE_URL: https://www.atomsportv510.top
2026-07-31 13:15:39,844 [INFO] Başlanıyor... 14 kanal taranacak
2026-07-31 13:15:39,844 [INFO] Using default request storage
2026-07-31 13:15:39,847 [INFO] Created proxy listening on 127.0.0.1:37855
2026-07-31 13:15:40,512 [INFO] Capturing request: http://clients2.google.com/time/1/current?cup2key=10:CmxmazIqv8yTlzHZhYSBGfwA-7zsNcwdBGJtQoAB8jk&cup2hreq=e3b0c44298fc1c149afbf4c8996fb92427ae41e4649b934ca495991b7852b855
2026-07-31 13:15:40,570 [INFO] Capturing response: http://clients2.google.com/time/1/current?cup2key=10:CmxmazIqv8yTlzHZhYSBGfwA-7zsNcwdBGJtQoAB8jk&cup2hreq=e3b0c44298fc1c149afbf4c8996fb92427ae41e4649b934ca495991b7852b855 200 OK
2026-07-31 13:15:40,692 [INFO] 
[1/14]
2026-07-31 13:15:40,692 [INFO] 🔍 beIN Sports 1 → https://www.atomsportv510.top/matches?id=bein-sports-1
2026-07-31 13:15:40,729 [INFO] Capturing request: https://accounts.google.com/ListAccounts?gpsia=1&source=ChromiumBrowser&json=standard&laf=b64bin
2026-07-31 13:15:40,735 [INFO] Capturing request: https://update.googleapis.com/service/update2/json?cup2key=16:rdj-8DmOg145KMksJUu7gJuj4VgzuP0CgHHvIEKFQXM&cup2hreq=949fba5b95533d169354cad7e816e9515380677b9190da31396d01246f9aa6b8
2026-07-31 13:15:40,794 [INFO] Capturing response: https://update.googleapis.com/service/update2/json?cup2key=16:rdj-8DmOg145KMksJUu7gJuj4VgzuP0CgHHvIEKFQXM&cup2hreq=949fba5b95533d169354cad7e816e9515380677b9190da31396d01246f9aa6b8 200 
2026-07-31 13:15:40,810 [INFO] Capturing response: https://accounts.google.com/ListAccounts?gpsia=1&source=ChromiumBrowser&json=standard&laf=b64bin 200 
2026-07-31 13:15:40,825 [INFO] Capturing request: https://www.google.com/async/folae?async=_fmt:pb&udm=50&client_locale=en-US&client_country=ZZ
2026-07-31 13:15:40,841 [INFO] Capturing request: https://update.googleapis.com/service/update2/json?cup2key=16:tgn6_khMVEld2lL3pWToxh1hq5veKJ0TV4pi2wwaXiY&cup2hreq=df30d1f760caa3faaa5cff99b08a40b83d4cf3c9a2070904c436f56d8a85ad45
2026-07-31 13:15:40,850 [INFO] Capturing response: https://www.google.com/async/folae?async=_fmt:pb&udm=50&client_locale=en-US&client_country=ZZ 200 
2026-07-31 13:15:40,894 [INFO] Capturing response: https://update.googleapis.com/service/update2/json?cup2key=16:tgn6_khMVEld2lL3pWToxh1hq5veKJ0TV4pi2wwaXiY&cup2hreq=df30d1f760caa3faaa5cff99b08a40b83d4cf3c9a2070904c436f56d8a85ad45 200 
2026-07-31 13:15:40,909 [INFO] Capturing request: https://www.atomsportv510.top/matches?id=bein-sports-1
2026-07-31 13:15:40,941 [INFO] Capturing request: https://update.googleapis.com/service/update2/json?cup2key=16:BEE-Bu3WYRfgH8tjjTk1fmXPeV2OvYQszQe5mGp8cNw&cup2hreq=4b7c09557fd3d2a6c28e6d0625109d3ff84e67b391fc3f2fcfc3f351f0b713f6
2026-07-31 13:15:40,991 [INFO] Capturing response: https://update.googleapis.com/service/update2/json?cup2key=16:BEE-Bu3WYRfgH8tjjTk1fmXPeV2OvYQszQe5mGp8cNw&cup2hreq=4b7c09557fd3d2a6c28e6d0625109d3ff84e67b391fc3f2fcfc3f351f0b713f6 200 
2026-07-31 13:15:41,058 [INFO] Capturing request: https://www.google.com/async/folae?async=_fmt:pb&udm=50&client_locale=en-US&client_country=ZZ
2026-07-31 13:15:41,085 [INFO] Capturing response: https://www.google.com/async/folae?async=_fmt:pb&udm=50&client_locale=en-US&client_country=ZZ 200 
2026-07-31 13:15:41,327 [INFO] Capturing response: https://www.atomsportv510.top/matches?id=bein-sports-1 200 
2026-07-31 13:15:41,584 [INFO] Capturing request: https://cdn.jsdelivr.net/npm/@clappr/player@0.11.16/dist/clappr.min.js
2026-07-31 13:15:41,586 [INFO] Capturing request: https://cdn.jsdelivr.net/npm/level-selector/dist/level-selector.min.js
2026-07-31 13:15:41,587 [INFO] Capturing request: https://cdn.jsdelivr.net/npm/@clappr/hlsjs-playback@1.8.3/dist/hlsjs-playback.min.js
2026-07-31 13:15:41,722 [INFO] Capturing response: https://cdn.jsdelivr.net/npm/level-selector/dist/level-selector.min.js 200 
2026-07-31 13:15:41,952 [INFO] Capturing response: https://cdn.jsdelivr.net/npm/@clappr/player@0.11.16/dist/clappr.min.js 200 
2026-07-31 13:15:42,017 [INFO] Capturing response: https://cdn.jsdelivr.net/npm/@clappr/hlsjs-playback@1.8.3/dist/hlsjs-playback.min.js 200 
2026-07-31 13:15:42,168 [INFO] Capturing request: https://www.atomsportv510.top/favicon.ico
2026-07-31 13:15:42,254 [INFO] Capturing response: https://www.atomsportv510.top/favicon.ico 200 
2026-07-31 13:15:42,343 [INFO] Capturing request: https://teletv5.top/load/yayinlink.php?id=bein-sports-1
2026-07-31 13:15:42,794 [INFO] Capturing request: https://streamsport365.com/cinema
2026-07-31 13:15:42,882 [INFO] Capturing response: https://teletv5.top/load/yayinlink.php?id=bein-sports-1 200 
2026-07-31 13:15:43,137 [INFO] Capturing response: https://streamsport365.com/cinema 200 
2026-07-31 13:15:43,262 [INFO] Capturing request: https://www.atomsportv510.top/assets/img/player/player_logo_6a5f6c9cb38e0.png
2026-07-31 13:15:43,388 [INFO] Capturing response: https://www.atomsportv510.top/assets/img/player/player_logo_6a5f6c9cb38e0.png 200 
2026-07-31 13:15:43,417 [INFO] Capturing request: https://hlsforever.forgetmoenszo.workers.dev/https://corestream.siteyaptim.live//bein1/tracks-v1a1/mono.m3u8
2026-07-31 13:15:44,006 [INFO] Capturing request: https://android.clients.google.com/checkin
2026-07-31 13:15:44,111 [INFO] Capturing response: https://android.clients.google.com/checkin 200 
2026-07-31 13:15:44,161 [INFO] Capturing request: https://android.clients.google.com/c2dm/register3
2026-07-31 13:15:44,163 [INFO] Capturing request: https://android.clients.google.com/c2dm/register3
2026-07-31 13:15:44,163 [INFO] Capturing request: https://android.clients.google.com/c2dm/register3
2026-07-31 13:15:44,187 [INFO] Capturing response: https://hlsforever.forgetmoenszo.workers.dev/https://corestream.siteyaptim.live//bein1/tracks-v1a1/mono.m3u8 200 
2026-07-31 13:15:44,235 [INFO] Capturing response: https://android.clients.google.com/c2dm/register3 200 
2026-07-31 13:15:44,241 [INFO] Capturing response: https://android.clients.google.com/c2dm/register3 200 
2026-07-31 13:15:44,245 [INFO] Capturing response: https://android.clients.google.com/c2dm/register3 200 
2026-07-31 13:15:44,653 [INFO] Capturing request: https://global.siteyaptim.live/bein1/tracks-v1a1/2026/07/31/13/15/26-05000.jpg
2026-07-31 13:15:45,083 [INFO]   ✅ M3U8 bulundu: https://hlsforever.forgetmoenszo.workers.dev/https://corestream.siteyaptim.live//bein1/tracks-v1a1/mono.m3u8
2026-07-31 13:15:46,084 [INFO] 
[2/14]
2026-07-31 13:15:46,084 [INFO] 🔍 beIN Sports 2 → https://www.atomsportv510.top/matches?id=bein-sports-2
2026-07-31 13:15:46,192 [INFO] Capturing request: https://www.atomsportv510.top/matches?id=bein-sports-2
2026-07-31 13:15:46,557 [INFO] Capturing response: https://www.atomsportv510.top/matches?id=bein-sports-2 200 
2026-07-31 13:15:46,596 [INFO] Capturing request: https://streamsport365.com/cinema
2026-07-31 13:15:46,687 [INFO] Capturing response: https://global.siteyaptim.live/bein1/tracks-v1a1/2026/07/31/13/15/26-05000.jpg 200 
2026-07-31 13:15:46,697 [INFO] Capturing request: https://teletv5.top/load/yayinlink.php?id=bein-sports-2
2026-07-31 13:15:46,700 [INFO] Capturing request: https://www.atomsportv510.top/favicon.ico
2026-07-31 13:15:46,773 [INFO] Capturing response: https://www.atomsportv510.top/favicon.ico 200 
2026-07-31 13:15:46,938 [INFO] Capturing response: https://streamsport365.com/cinema 200 
2026-07-31 13:15:46,960 [INFO] Capturing response: https://teletv5.top/load/yayinlink.php?id=bein-sports-2 200 
2026-07-31 13:15:47,071 [INFO] Capturing request: https://www.atomsportv510.top/assets/img/player/player_logo_6a5f6c9cb38e0.png
2026-07-31 13:15:47,078 [INFO] Capturing request: https://hlsforever.forgetmoenszo.workers.dev/https://corestream.siteyaptim.live//bein2/tracks-v1a1/mono.m3u8
2026-07-31 13:15:47,227 [INFO] Capturing response: https://www.atomsportv510.top/assets/img/player/player_logo_6a5f6c9cb38e0.png 304 
2026-07-31 13:15:47,294 [INFO] Capturing response: https://hlsforever.forgetmoenszo.workers.dev/https://corestream.siteyaptim.live//bein2/tracks-v1a1/mono.m3u8 200 
2026-07-31 13:15:47,403 [INFO] Capturing request: https://global.siteyaptim.live/bein2/tracks-v1a1/2026/07/31/13/15/36-05000.jpg
2026-07-31 13:15:48,883 [INFO] Capturing response: https://global.siteyaptim.live/bein2/tracks-v1a1/2026/07/31/13/15/36-05000.jpg 200 
2026-07-31 13:15:49,037 [INFO] Capturing request: https://global.siteyaptim.live/bein2/tracks-v1a1/2026/07/31/13/15/41-05000.jpg
2026-07-31 13:15:49,607 [INFO]   ✅ M3U8 bulundu: https://hlsforever.forgetmoenszo.workers.dev/https://corestream.siteyaptim.live//bein2/tracks-v1a1/mono.m3u8
2026-07-31 13:15:50,563 [INFO] Capturing response: https://global.siteyaptim.live/bein2/tracks-v1a1/2026/07/31/13/15/41-05000.jpg 200 
2026-07-31 13:15:50,607 [INFO] 
[3/14]
2026-07-31 13:15:50,607 [INFO] 🔍 beIN Sports 3 → https://www.atomsportv510.top/matches?id=bein-sports-3
2026-07-31 13:15:50,717 [INFO] Capturing request: https://www.atomsportv510.top/matches?id=bein-sports-3
2026-07-31 13:15:50,744 [INFO] Capturing request: https://global.siteyaptim.live/bein2/tracks-v1a1/2026/07/31/13/15/46-05000.jpg
2026-07-31 13:15:51,069 [INFO] Capturing response: https://www.atomsportv510.top/matches?id=bein-sports-3 200 
2026-07-31 13:15:51,195 [INFO] Capturing request: https://teletv5.top/load/yayinlink.php?id=bein-sports-3
2026-07-31 13:15:51,196 [INFO] Capturing request: https://www.atomsportv510.top/favicon.ico
2026-07-31 13:15:51,267 [INFO] Capturing response: https://www.atomsportv510.top/favicon.ico 200 
2026-07-31 13:15:51,340 [INFO] Capturing request: https://streamsport365.com/cinema
2026-07-31 13:15:51,453 [INFO] Capturing response: https://teletv5.top/load/yayinlink.php?id=bein-sports-3 200 
2026-07-31 13:15:51,693 [INFO] Capturing response: https://streamsport365.com/cinema 200 
2026-07-31 13:15:51,801 [INFO] Capturing request: https://www.atomsportv510.top/assets/img/player/player_logo_6a5f6c9cb38e0.png
2026-07-31 13:15:51,808 [INFO] Capturing request: https://hlsforever.forgetmoenszo.workers.dev/https://corestream.siteyaptim.live//bein3/tracks-v1a1/mono.m3u8
2026-07-31 13:15:51,955 [INFO] Capturing response: https://www.atomsportv510.top/assets/img/player/player_logo_6a5f6c9cb38e0.png 304 
2026-07-31 13:15:52,024 [INFO] Capturing response: https://hlsforever.forgetmoenszo.workers.dev/https://corestream.siteyaptim.live//bein3/tracks-v1a1/mono.m3u8 200 
2026-07-31 13:15:52,133 [INFO] Capturing request: https://global.siteyaptim.live/bein3/tracks-v1a1/2026/07/31/13/14/27-05000.jpg
2026-07-31 13:15:52,295 [INFO] Capturing response: https://global.siteyaptim.live/bein2/tracks-v1a1/2026/07/31/13/15/46-05000.jpg 200 
2026-07-31 13:15:53,837 [INFO] Capturing response: https://global.siteyaptim.live/bein3/tracks-v1a1/2026/07/31/13/14/27-05000.jpg 200 
2026-07-31 13:15:53,989 [INFO] Capturing request: https://global.siteyaptim.live/bein3/tracks-v1a1/2026/07/31/13/14/32-06340.jpg
2026-07-31 13:15:54,106 [INFO]   ✅ M3U8 bulundu: https://hlsforever.forgetmoenszo.workers.dev/https://corestream.siteyaptim.live//bein3/tracks-v1a1/mono.m3u8
2026-07-31 13:15:55,106 [INFO] 
[4/14]
2026-07-31 13:15:55,106 [INFO] 🔍 beIN Sports 4 → https://www.atomsportv510.top/matches?id=bein-sports-4
2026-07-31 13:15:55,216 [INFO] Capturing request: https://www.atomsportv510.top/matches?id=bein-sports-4
2026-07-31 13:15:55,564 [INFO] Capturing response: https://www.atomsportv510.top/matches?id=bein-sports-4 200 
2026-07-31 13:15:55,594 [INFO] Capturing request: https://streamsport365.com/cinema
2026-07-31 13:15:55,687 [INFO] Capturing request: https://teletv5.top/load/yayinlink.php?id=bein-sports-4
2026-07-31 13:15:55,693 [INFO] Capturing request: https://www.atomsportv510.top/favicon.ico
2026-07-31 13:15:55,763 [INFO] Capturing response: https://www.atomsportv510.top/favicon.ico 200 
2026-07-31 13:15:55,931 [INFO] Capturing response: https://streamsport365.com/cinema 200 
2026-07-31 13:15:55,944 [INFO] Capturing response: https://teletv5.top/load/yayinlink.php?id=bein-sports-4 200 
2026-07-31 13:15:56,022 [INFO] Capturing response: https://global.siteyaptim.live/bein3/tracks-v1a1/2026/07/31/13/14/32-06340.jpg 200 
2026-07-31 13:15:56,094 [INFO] Capturing request: https://www.atomsportv510.top/assets/img/player/player_logo_6a5f6c9cb38e0.png
2026-07-31 13:15:56,103 [INFO] Capturing request: https://hlsforever.forgetmoenszo.workers.dev/https://corestream.siteyaptim.live//bein4/tracks-v1a1/mono.m3u8
2026-07-31 13:15:56,246 [INFO] Capturing response: https://www.atomsportv510.top/assets/img/player/player_logo_6a5f6c9cb38e0.png 304 
2026-07-31 13:15:56,320 [INFO] Capturing response: https://hlsforever.forgetmoenszo.workers.dev/https://corestream.siteyaptim.live//bein4/tracks-v1a1/mono.m3u8 200 
2026-07-31 13:15:56,469 [INFO] Capturing request: https://global.siteyaptim.live/bein4/tracks-v1a1/2026/07/31/13/14/17-05000.jpg
2026-07-31 13:15:58,337 [INFO] Capturing response: https://global.siteyaptim.live/bein4/tracks-v1a1/2026/07/31/13/14/17-05000.jpg 200 
2026-07-31 13:15:58,491 [INFO] Capturing request: https://global.siteyaptim.live/bein4/tracks-v1a1/2026/07/31/13/14/22-05000.jpg
2026-07-31 13:15:58,603 [INFO]   ✅ M3U8 bulundu: https://hlsforever.forgetmoenszo.workers.dev/https://corestream.siteyaptim.live//bein4/tracks-v1a1/mono.m3u8
2026-07-31 13:15:59,603 [INFO] 
[5/14]
2026-07-31 13:15:59,604 [INFO] 🔍 beIN Sports 5 → https://www.atomsportv510.top/matches?id=bein-sports-5
2026-07-31 13:15:59,711 [INFO] Capturing request: https://www.atomsportv510.top/matches?id=bein-sports-5
2026-07-31 13:16:00,063 [INFO] Capturing response: https://www.atomsportv510.top/matches?id=bein-sports-5 200 
2026-07-31 13:16:00,186 [INFO] Capturing request: https://teletv5.top/load/yayinlink.php?id=bein-sports-5
2026-07-31 13:16:00,190 [INFO] Capturing request: https://www.atomsportv510.top/favicon.ico
2026-07-31 13:16:00,262 [INFO] Capturing response: https://www.atomsportv510.top/favicon.ico 200 
2026-07-31 13:16:00,329 [INFO] Capturing response: https://global.siteyaptim.live/bein4/tracks-v1a1/2026/07/31/13/14/22-05000.jpg 200 
2026-07-31 13:16:00,331 [INFO] Capturing request: https://streamsport365.com/cinema
2026-07-31 13:16:00,672 [INFO] Capturing response: https://streamsport365.com/cinema 200 
2026-07-31 13:16:01,104 [INFO] Capturing response: https://teletv5.top/load/yayinlink.php?id=bein-sports-5 200 
2026-07-31 13:16:01,214 [INFO] Capturing request: https://www.atomsportv510.top/assets/img/player/player_logo_6a5f6c9cb38e0.png
2026-07-31 13:16:01,222 [INFO] Capturing request: https://hlsforever.forgetmoenszo.workers.dev/https://corestream.siteyaptim.live//bein5/tracks-v1a1/mono.m3u8
2026-07-31 13:16:01,366 [INFO] Capturing response: https://www.atomsportv510.top/assets/img/player/player_logo_6a5f6c9cb38e0.png 304 
2026-07-31 13:16:01,437 [INFO] Capturing response: https://hlsforever.forgetmoenszo.workers.dev/https://corestream.siteyaptim.live//bein5/tracks-v1a1/mono.m3u8 200 
2026-07-31 13:16:01,546 [INFO] Capturing request: https://global.siteyaptim.live/bein5/tracks-v1a1/2026/07/31/13/15/55-06000.jpg
2026-07-31 13:16:03,100 [INFO]   ✅ M3U8 bulundu: https://hlsforever.forgetmoenszo.workers.dev/https://corestream.siteyaptim.live//bein5/tracks-v1a1/mono.m3u8
2026-07-31 13:16:04,100 [INFO] 
[6/14]
2026-07-31 13:16:04,101 [INFO] 🔍 beIN Sports Max 1 → https://www.atomsportv510.top/matches?id=bein-sports-max-1
2026-07-31 13:16:04,208 [INFO] Capturing request: https://www.atomsportv510.top/matches?id=bein-sports-max-1
2026-07-31 13:16:04,570 [INFO] Capturing response: https://www.atomsportv510.top/matches?id=bein-sports-max-1 200 
2026-07-31 13:16:04,597 [INFO] Capturing request: https://streamsport365.com/cinema
2026-07-31 13:16:04,697 [INFO] Capturing request: https://www.atomsportv510.top/favicon.ico
2026-07-31 13:16:04,698 [INFO] Capturing request: https://teletv5.top/load/yayinlink.php?id=bein-sports-max-1
2026-07-31 13:16:04,767 [INFO] Capturing response: https://www.atomsportv510.top/favicon.ico 200 
2026-07-31 13:16:04,929 [INFO] Capturing response: https://streamsport365.com/cinema 200 
2026-07-31 13:16:04,958 [INFO] Capturing response: https://teletv5.top/load/yayinlink.php?id=bein-sports-max-1 200 
2026-07-31 13:16:05,107 [INFO] Capturing request: https://www.atomsportv510.top/assets/img/player/player_logo_6a5f6c9cb38e0.png
2026-07-31 13:16:05,114 [INFO] Capturing request: https://hlsforever.forgetmoenszo.workers.dev/https://corestream.siteyaptim.live//trtspor/tracks-v1a1/mono.m3u8
2026-07-31 13:16:05,257 [INFO] Capturing response: https://www.atomsportv510.top/assets/img/player/player_logo_6a5f6c9cb38e0.png 304 
2026-07-31 13:16:05,332 [INFO] Capturing response: https://hlsforever.forgetmoenszo.workers.dev/https://corestream.siteyaptim.live//trtspor/tracks-v1a1/mono.m3u8 404 
2026-07-31 13:16:05,861 [INFO] Capturing request: https://android.clients.google.com/c2dm/register3
2026-07-31 13:16:05,947 [INFO] Capturing response: https://android.clients.google.com/c2dm/register3 301 
2026-07-31 13:16:06,834 [INFO] Capturing response: https://global.siteyaptim.live/bein5/tracks-v1a1/2026/07/31/13/15/55-06000.jpg 200 
2026-07-31 13:16:07,491 [INFO] Capturing request: https://hlsforever.forgetmoenszo.workers.dev/https://corestream.siteyaptim.live//trtspor/tracks-v1a1/mono.m3u8
2026-07-31 13:16:07,605 [INFO]   ✅ M3U8 bulundu: https://hlsforever.forgetmoenszo.workers.dev/https://corestream.siteyaptim.live//trtspor/tracks-v1a1/mono.m3u8
2026-07-31 13:16:07,701 [INFO] Capturing response: https://hlsforever.forgetmoenszo.workers.dev/https://corestream.siteyaptim.live//trtspor/tracks-v1a1/mono.m3u8 404 
2026-07-31 13:16:08,292 [INFO] Capturing request: https://android.clients.google.com/c2dm/register3
2026-07-31 13:16:08,605 [INFO] 
[7/14]
2026-07-31 13:16:08,605 [INFO] 🔍 beIN Sports Max 2 → https://www.atomsportv510.top/matches?id=bein-sports-max-2
2026-07-31 13:16:08,712 [INFO] Capturing request: https://www.atomsportv510.top/matches?id=bein-sports-max-2
2026-07-31 13:16:08,990 [INFO] Capturing response: https://android.clients.google.com/c2dm/register3 200 
2026-07-31 13:16:09,266 [INFO] Capturing response: https://www.atomsportv510.top/matches?id=bein-sports-max-2 200 
2026-07-31 13:16:09,391 [INFO] Capturing request: https://teletv5.top/load/yayinlink.php?id=bein-sports-max-2
2026-07-31 13:16:09,392 [INFO] Capturing request: https://www.atomsportv510.top/favicon.ico
2026-07-31 13:16:09,462 [INFO] Capturing response: https://www.atomsportv510.top/favicon.ico 200 
2026-07-31 13:16:09,531 [INFO] Capturing request: https://streamsport365.com/cinema
2026-07-31 13:16:09,654 [INFO] Capturing response: https://teletv5.top/load/yayinlink.php?id=bein-sports-max-2 200 
2026-07-31 13:16:09,873 [INFO] Capturing response: https://streamsport365.com/cinema 200 
2026-07-31 13:16:09,981 [INFO] Capturing request: https://www.atomsportv510.top/assets/img/player/player_logo_6a5f6c9cb38e0.png
2026-07-31 13:16:09,990 [INFO] Capturing request: https://hlsforever.forgetmoenszo.workers.dev/https://corestream.siteyaptim.live//hls/s-sport.m3u8
2026-07-31 13:16:10,131 [INFO] Capturing response: https://www.atomsportv510.top/assets/img/player/player_logo_6a5f6c9cb38e0.png 304 
2026-07-31 13:16:10,211 [INFO] Capturing response: https://hlsforever.forgetmoenszo.workers.dev/https://corestream.siteyaptim.live//hls/s-sport.m3u8 404 
2026-07-31 13:16:11,168 [INFO] Capturing request: https://android.clients.google.com/c2dm/register3
2026-07-31 13:16:11,753 [INFO] Capturing response: https://android.clients.google.com/c2dm/register3 200 
2026-07-31 13:16:12,301 [INFO]   ✅ M3U8 bulundu: https://hlsforever.forgetmoenszo.workers.dev/https://corestream.siteyaptim.live//hls/s-sport.m3u8
2026-07-31 13:16:12,369 [INFO] Capturing request: https://hlsforever.forgetmoenszo.workers.dev/https://corestream.siteyaptim.live//hls/s-sport.m3u8
2026-07-31 13:16:12,578 [INFO] Capturing response: https://hlsforever.forgetmoenszo.workers.dev/https://corestream.siteyaptim.live//hls/s-sport.m3u8 404 
2026-07-31 13:16:13,302 [INFO] 
[8/14]
2026-07-31 13:16:13,302 [INFO] 🔍 S Sport → https://www.atomsportv510.top/matches?id=s-sport
2026-07-31 13:16:13,409 [INFO] Capturing request: https://www.atomsportv510.top/matches?id=s-sport
2026-07-31 13:16:13,761 [INFO] Capturing response: https://www.atomsportv510.top/matches?id=s-sport 200 
2026-07-31 13:16:13,784 [INFO] Capturing request: https://streamsport365.com/cinema
2026-07-31 13:16:13,883 [INFO] Capturing request: https://teletv5.top/load/yayinlink.php?id=s-sport
2026-07-31 13:16:13,885 [INFO] Capturing request: https://www.atomsportv510.top/favicon.ico
2026-07-31 13:16:13,954 [INFO] Capturing response: https://www.atomsportv510.top/favicon.ico 200 
2026-07-31 13:16:14,138 [INFO] Capturing response: https://streamsport365.com/cinema 200 
2026-07-31 13:16:14,140 [INFO] Capturing response: https://teletv5.top/load/yayinlink.php?id=s-sport 200 
2026-07-31 13:16:14,290 [INFO] Capturing request: https://www.atomsportv510.top/assets/img/player/player_logo_6a5f6c9cb38e0.png
2026-07-31 13:16:14,297 [INFO] Capturing request: https://hlsforever.forgetmoenszo.workers.dev/https://corestream.siteyaptim.live//s-sport/tracks-v1a1/mono.m3u8
2026-07-31 13:16:14,445 [INFO] Capturing response: https://www.atomsportv510.top/assets/img/player/player_logo_6a5f6c9cb38e0.png 304 
2026-07-31 13:16:14,520 [INFO] Capturing response: https://hlsforever.forgetmoenszo.workers.dev/https://corestream.siteyaptim.live//s-sport/tracks-v1a1/mono.m3u8 200 
2026-07-31 13:16:14,629 [INFO] Capturing request: https://global.siteyaptim.live/s-sport/tracks-v1a1/2026/07/31/13/16/11-10000.jpg
2026-07-31 13:16:16,795 [INFO]   ✅ M3U8 bulundu: https://hlsforever.forgetmoenszo.workers.dev/https://corestream.siteyaptim.live//s-sport/tracks-v1a1/mono.m3u8
2026-07-31 13:16:17,795 [INFO] 
[9/14]
2026-07-31 13:16:17,796 [INFO] 🔍 S Sport 2 → https://www.atomsportv510.top/matches?id=s-sport-2
2026-07-31 13:16:17,902 [INFO] Capturing request: https://www.atomsportv510.top/matches?id=s-sport-2
2026-07-31 13:16:18,254 [INFO] Capturing response: https://www.atomsportv510.top/matches?id=s-sport-2 200 
2026-07-31 13:16:18,381 [INFO] Capturing request: https://teletv5.top/load/yayinlink.php?id=s-sport-2
2026-07-31 13:16:18,382 [INFO] Capturing request: https://www.atomsportv510.top/favicon.ico
2026-07-31 13:16:18,454 [INFO] Capturing response: https://www.atomsportv510.top/favicon.ico 200 
2026-07-31 13:16:18,524 [INFO] Capturing request: https://streamsport365.com/cinema
2026-07-31 13:16:18,535 [INFO] Capturing response: https://global.siteyaptim.live/s-sport/tracks-v1a1/2026/07/31/13/16/11-10000.jpg 200 
2026-07-31 13:16:18,641 [INFO] Capturing response: https://teletv5.top/load/yayinlink.php?id=s-sport-2 200 
2026-07-31 13:16:18,860 [INFO] Capturing response: https://streamsport365.com/cinema 200 
2026-07-31 13:16:18,968 [INFO] Capturing request: https://www.atomsportv510.top/assets/img/player/player_logo_6a5f6c9cb38e0.png
2026-07-31 13:16:18,976 [INFO] Capturing request: https://hlsforever.forgetmoenszo.workers.dev/https://corestream.siteyaptim.live//s-sport/tracks-v1a1/mono.m3u8
2026-07-31 13:16:19,120 [INFO] Capturing response: https://www.atomsportv510.top/assets/img/player/player_logo_6a5f6c9cb38e0.png 304 
2026-07-31 13:16:19,183 [INFO] Capturing response: https://hlsforever.forgetmoenszo.workers.dev/https://corestream.siteyaptim.live//s-sport/tracks-v1a1/mono.m3u8 200 
2026-07-31 13:16:19,332 [INFO] Capturing request: https://global.siteyaptim.live/s-sport/tracks-v1a1/2026/07/31/13/16/21-09480.jpg
2026-07-31 13:16:21,292 [INFO]   ✅ M3U8 bulundu: https://hlsforever.forgetmoenszo.workers.dev/https://corestream.siteyaptim.live//s-sport/tracks-v1a1/mono.m3u8
2026-07-31 13:16:22,292 [INFO] 
[10/14]
2026-07-31 13:16:22,292 [INFO] 🔍 A Spor → https://www.atomsportv510.top/matches?id=a-spor
2026-07-31 13:16:22,399 [INFO] Capturing request: https://www.atomsportv510.top/matches?id=a-spor
2026-07-31 13:16:22,498 [INFO] Capturing response: https://global.siteyaptim.live/s-sport/tracks-v1a1/2026/07/31/13/16/21-09480.jpg 200 
2026-07-31 13:16:22,688 [INFO] Capturing request: https://global.siteyaptim.live/s-sport/tracks-v1a1/2026/07/31/13/16/31-07800.jpg
2026-07-31 13:16:22,757 [INFO] Capturing response: https://www.atomsportv510.top/matches?id=a-spor 200 
2026-07-31 13:16:22,785 [INFO] Capturing request: https://streamsport365.com/cinema
2026-07-31 13:16:22,883 [INFO] Capturing request: https://teletv5.top/load/yayinlink.php?id=a-spor
2026-07-31 13:16:22,885 [INFO] Capturing request: https://www.atomsportv510.top/favicon.ico
2026-07-31 13:16:22,959 [INFO] Capturing response: https://www.atomsportv510.top/favicon.ico 200 
2026-07-31 13:16:23,120 [INFO] Capturing response: https://streamsport365.com/cinema 200 
2026-07-31 13:16:23,141 [INFO] Capturing response: https://teletv5.top/load/yayinlink.php?id=a-spor 200 
2026-07-31 13:16:23,293 [INFO] Capturing request: https://www.atomsportv510.top/assets/img/player/player_logo_6a5f6c9cb38e0.png
2026-07-31 13:16:23,300 [INFO] Capturing request: https://hlsforever.forgetmoenszo.workers.dev/https://corestream.siteyaptim.live//aspor/tracks-v1a1/mono.m3u8
2026-07-31 13:16:23,448 [INFO] Capturing response: https://www.atomsportv510.top/assets/img/player/player_logo_6a5f6c9cb38e0.png 304 
2026-07-31 13:16:23,516 [INFO] Capturing response: https://hlsforever.forgetmoenszo.workers.dev/https://corestream.siteyaptim.live//aspor/tracks-v1a1/mono.m3u8 404 
2026-07-31 13:16:25,610 [INFO] Capturing response: https://global.siteyaptim.live/s-sport/tracks-v1a1/2026/07/31/13/16/31-07800.jpg 200 
2026-07-31 13:16:25,634 [INFO] Capturing request: https://hlsforever.forgetmoenszo.workers.dev/https://corestream.siteyaptim.live//aspor/tracks-v1a1/mono.m3u8
2026-07-31 13:16:25,796 [INFO]   ✅ M3U8 bulundu: https://hlsforever.forgetmoenszo.workers.dev/https://corestream.siteyaptim.live//aspor/tracks-v1a1/mono.m3u8
2026-07-31 13:16:25,845 [INFO] Capturing response: https://hlsforever.forgetmoenszo.workers.dev/https://corestream.siteyaptim.live//aspor/tracks-v1a1/mono.m3u8 404 
2026-07-31 13:16:26,796 [INFO] 
[11/14]
2026-07-31 13:16:26,796 [INFO] 🔍 Tivibu Spor 1 → https://www.atomsportv510.top/matches?id=tivibu-spor-1
2026-07-31 13:16:26,904 [INFO] Capturing request: https://www.atomsportv510.top/matches?id=tivibu-spor-1
2026-07-31 13:16:27,257 [INFO] Capturing response: https://www.atomsportv510.top/matches?id=tivibu-spor-1 200 
2026-07-31 13:16:27,383 [INFO] Capturing request: https://teletv5.top/load/yayinlink.php?id=tivibu-spor-1
2026-07-31 13:16:27,384 [INFO] Capturing request: https://www.atomsportv510.top/favicon.ico
2026-07-31 13:16:27,459 [INFO] Capturing response: https://www.atomsportv510.top/favicon.ico 200 
2026-07-31 13:16:27,526 [INFO] Capturing request: https://streamsport365.com/cinema
2026-07-31 13:16:27,639 [INFO] Capturing response: https://teletv5.top/load/yayinlink.php?id=tivibu-spor-1 200 
2026-07-31 13:16:27,864 [INFO] Capturing response: https://streamsport365.com/cinema 200 
2026-07-31 13:16:40,494 [INFO] Capturing request: https://update.googleapis.com/service/update2/json?cup2key=16:ZF29as5tFxyd4n6VaOjdkvgy5geltiQnY-YHamJuKxk&cup2hreq=6084b1ef4c3ad243213ff1baf4ef73cef46d7d8a777e0d006eb136a9b2aa073f
2026-07-31 13:16:40,546 [INFO] Capturing response: https://update.googleapis.com/service/update2/json?cup2key=16:ZF29as5tFxyd4n6VaOjdkvgy5geltiQnY-YHamJuKxk&cup2hreq=6084b1ef4c3ad243213ff1baf4ef73cef46d7d8a777e0d006eb136a9b2aa073f 200 
2026-07-31 13:16:40,551 [INFO] Capturing request: http://edgedl.me.gvt1.com/edgedl/diffgen-puffin/gcmjkmgdlgnkkcocmoeiminaijmmjnii/6ca5bdb9f3e2cd83b7e359729bc6c33c4fe975ec499861d969b3e080320849ff
2026-07-31 13:16:40,564 [INFO] Capturing response: http://edgedl.me.gvt1.com/edgedl/diffgen-puffin/gcmjkmgdlgnkkcocmoeiminaijmmjnii/6ca5bdb9f3e2cd83b7e359729bc6c33c4fe975ec499861d969b3e080320849ff 200 OK
2026-07-31 13:16:40,585 [INFO] Capturing request: https://update.googleapis.com/service/update2/json
2026-07-31 13:16:40,634 [INFO] Capturing response: https://update.googleapis.com/service/update2/json 200 
2026-07-31 13:16:40,679 [INFO] Capturing request: http://edgedl.me.gvt1.com/edgedl/release2/chrome_component/adjw7ofyv5sxsnyuldv54sl2cqzq_10685/hfnkpimlhhgieaddgfemjhofmfblmnib_10685_all_ad5oyk5u27kkcfp57kcb5oi7axza.crx3
2026-07-31 13:16:40,705 [INFO] Capturing response: http://edgedl.me.gvt1.com/edgedl/release2/chrome_component/adjw7ofyv5sxsnyuldv54sl2cqzq_10685/hfnkpimlhhgieaddgfemjhofmfblmnib_10685_all_ad5oyk5u27kkcfp57kcb5oi7axza.crx3 200 OK
2026-07-31 13:16:40,729 [INFO] Capturing request: https://update.googleapis.com/service/update2/json
2026-07-31 13:16:40,769 [INFO] Capturing response: https://update.googleapis.com/service/update2/json 200 
2026-07-31 13:17:00,507 [WARNING]   ❌ Tivibu Spor 1 için M3U8 bulunamadı
2026-07-31 13:17:01,507 [INFO] 
[12/14]
2026-07-31 13:17:01,507 [INFO] 🔍 Tivibu Spor 2 → https://www.atomsportv510.top/matches?id=tivibu-spor-2
2026-07-31 13:17:01,707 [INFO] Capturing request: https://www.atomsportv510.top/matches?id=tivibu-spor-2
2026-07-31 13:17:02,314 [INFO] Capturing response: https://www.atomsportv510.top/matches?id=tivibu-spor-2 200 
2026-07-31 13:17:02,475 [INFO] Capturing request: https://www.atomsportv510.top/favicon.ico
2026-07-31 13:17:02,551 [INFO] Capturing response: https://www.atomsportv510.top/favicon.ico 200 
2026-07-31 13:17:02,568 [INFO] Capturing request: https://teletv5.top/load/yayinlink.php?id=tivibu-spor-2
2026-07-31 13:17:02,743 [INFO] Capturing request: https://android.clients.google.com/c2dm/register3
2026-07-31 13:17:02,819 [INFO] Capturing response: https://android.clients.google.com/c2dm/register3 429 
2026-07-31 13:17:03,087 [INFO] Capturing response: https://teletv5.top/load/yayinlink.php?id=tivibu-spor-2 200 
2026-07-31 13:17:03,152 [INFO] Capturing request: https://streamsport365.com/cinema
2026-07-31 13:17:03,507 [INFO] Capturing response: https://streamsport365.com/cinema 200 
2026-07-31 13:17:35,569 [WARNING]   ❌ Tivibu Spor 2 için M3U8 bulunamadı
2026-07-31 13:17:36,569 [INFO] 
[13/14]
2026-07-31 13:17:36,569 [INFO] 🔍 Tivibu Spor 3 → https://www.atomsportv510.top/matches?id=tivibu-spor-3
2026-07-31 13:17:36,678 [INFO] Capturing request: https://www.atomsportv510.top/matches?id=tivibu-spor-3
2026-07-31 13:17:37,233 [INFO] Capturing response: https://www.atomsportv510.top/matches?id=tivibu-spor-3 200 
2026-07-31 13:17:37,359 [INFO] Capturing request: https://teletv5.top/load/yayinlink.php?id=tivibu-spor-3
2026-07-31 13:17:37,361 [INFO] Capturing request: https://www.atomsportv510.top/favicon.ico
2026-07-31 13:17:37,441 [INFO] Capturing response: https://www.atomsportv510.top/favicon.ico 200 
2026-07-31 13:17:37,515 [INFO] Capturing request: https://streamsport365.com/cinema
2026-07-31 13:17:37,619 [INFO] Capturing response: https://teletv5.top/load/yayinlink.php?id=tivibu-spor-3 200 
2026-07-31 13:17:37,885 [INFO] Capturing response: https://streamsport365.com/cinema 200 
2026-07-31 13:18:10,454 [WARNING]   ❌ Tivibu Spor 3 için M3U8 bulunamadı
2026-07-31 13:18:11,454 [INFO] 
[14/14]
2026-07-31 13:18:11,454 [INFO] 🔍 Tivibu Spor 4 → https://www.atomsportv510.top/matches?id=tivibu-spor-4
2026-07-31 13:18:11,561 [INFO] Capturing request: https://www.atomsportv510.top/matches?id=tivibu-spor-4
2026-07-31 13:18:12,111 [INFO] Capturing response: https://www.atomsportv510.top/matches?id=tivibu-spor-4 200 
2026-07-31 13:18:12,235 [INFO] Capturing request: https://teletv5.top/load/yayinlink.php?id=tivibu-spor-4
2026-07-31 13:18:12,236 [INFO] Capturing request: https://www.atomsportv510.top/favicon.ico
2026-07-31 13:18:12,308 [INFO] Capturing response: https://www.atomsportv510.top/favicon.ico 200 
2026-07-31 13:18:12,384 [INFO] Capturing request: https://streamsport365.com/cinema
2026-07-31 13:18:12,493 [INFO] Capturing response: https://teletv5.top/load/yayinlink.php?id=tivibu-spor-4 200 
2026-07-31 13:18:12,738 [INFO] Capturing response: https://streamsport365.com/cinema 200 
2026-07-31 13:18:45,331 [WARNING]   ❌ Tivibu Spor 4 için M3U8 bulunamadı
2026-07-31 13:18:46,393 [INFO] ✅ 10 kanal bulundu, playlist.m3u kaydedildi
