2026-07-30 11:30:36,033 [INFO] 🌐 BASE_URL: https://www.atomsportv510.top
2026-07-30 11:30:36,590 [INFO] Başlanıyor... 14 kanal taranacak
2026-07-30 11:30:36,590 [INFO] Using default request storage
2026-07-30 11:30:36,594 [INFO] Created proxy listening on 127.0.0.1:33531
2026-07-30 11:30:37,295 [INFO] Capturing request: http://clients2.google.com/time/1/current?cup2key=10:nvyeTvJu3vsYP4Uo3CR_apRxS_uksu1WBWlVcn8Pk8k&cup2hreq=e3b0c44298fc1c149afbf4c8996fb92427ae41e4649b934ca495991b7852b855
2026-07-30 11:30:37,328 [INFO] Capturing response: http://clients2.google.com/time/1/current?cup2key=10:nvyeTvJu3vsYP4Uo3CR_apRxS_uksu1WBWlVcn8Pk8k&cup2hreq=e3b0c44298fc1c149afbf4c8996fb92427ae41e4649b934ca495991b7852b855 200 OK
2026-07-30 11:30:37,498 [INFO] 
[1/14]
2026-07-30 11:30:37,499 [INFO] 🔍 beIN Sports 1 → https://www.atomsportv510.top/matches?id=bein-sports-1
2026-07-30 11:30:37,630 [INFO] Capturing request: https://accounts.google.com/ListAccounts?gpsia=1&source=ChromiumBrowser&json=standard&laf=b64bin
2026-07-30 11:30:37,631 [INFO] Capturing request: https://update.googleapis.com/service/update2/json?cup2key=16:VmXAkVQAoyCoYsBS6sMZIhJV1uP0uA1N3To1dEqim2A&cup2hreq=bb9e4d7ecf882a96b50350e5b792b6a547c4778129be7b7e039a1a7c7c551507
2026-07-30 11:30:37,680 [INFO] Capturing response: https://update.googleapis.com/service/update2/json?cup2key=16:VmXAkVQAoyCoYsBS6sMZIhJV1uP0uA1N3To1dEqim2A&cup2hreq=bb9e4d7ecf882a96b50350e5b792b6a547c4778129be7b7e039a1a7c7c551507 200 
2026-07-30 11:30:37,683 [INFO] Capturing response: https://accounts.google.com/ListAccounts?gpsia=1&source=ChromiumBrowser&json=standard&laf=b64bin 200 
2026-07-30 11:30:37,727 [INFO] Capturing request: https://update.googleapis.com/service/update2/json?cup2key=16:MIvAO5AW-U57N74EfbiAUWVjtWT1ACdQHMhc3P5AZbk&cup2hreq=52c0babb76c07b7c071d06a5eabb00997ff19a6c97107e6ad735ecf424063ac4
2026-07-30 11:30:37,729 [INFO] Capturing request: https://www.google.com/async/folae?async=_fmt:pb&udm=50&client_locale=en-US&client_country=ZZ
2026-07-30 11:30:37,730 [INFO] Capturing request: https://www.atomsportv510.top/matches?id=bein-sports-1
2026-07-30 11:30:37,753 [INFO] Capturing response: https://www.google.com/async/folae?async=_fmt:pb&udm=50&client_locale=en-US&client_country=ZZ 200 
2026-07-30 11:30:37,756 [INFO] Capturing response: https://update.googleapis.com/service/update2/json?cup2key=16:MIvAO5AW-U57N74EfbiAUWVjtWT1ACdQHMhc3P5AZbk&cup2hreq=52c0babb76c07b7c071d06a5eabb00997ff19a6c97107e6ad735ecf424063ac4 200 
2026-07-30 11:30:37,802 [INFO] Capturing request: https://update.googleapis.com/service/update2/json?cup2key=16:8XfI1K-sGPjJpPHsERsNd7KfFRwFQ79mM495RnoxirE&cup2hreq=595ff6ceb05c55973c037889591db175d45a1ca267e2e3a5e718531230553ae7
2026-07-30 11:30:37,825 [INFO] Capturing response: https://update.googleapis.com/service/update2/json?cup2key=16:8XfI1K-sGPjJpPHsERsNd7KfFRwFQ79mM495RnoxirE&cup2hreq=595ff6ceb05c55973c037889591db175d45a1ca267e2e3a5e718531230553ae7 200 
2026-07-30 11:30:37,929 [INFO] Capturing request: https://www.google.com/async/folae?async=_fmt:pb&udm=50&client_locale=en-US&client_country=ZZ
2026-07-30 11:30:37,948 [INFO] Capturing response: https://www.google.com/async/folae?async=_fmt:pb&udm=50&client_locale=en-US&client_country=ZZ 200 
2026-07-30 11:30:38,825 [INFO] Capturing response: https://www.atomsportv510.top/matches?id=bein-sports-1 200 
2026-07-30 11:30:39,028 [INFO] Capturing request: https://cdn.jsdelivr.net/npm/@clappr/player@0.11.16/dist/clappr.min.js
2026-07-30 11:30:39,030 [INFO] Capturing request: https://cdn.jsdelivr.net/npm/@clappr/hlsjs-playback@1.8.3/dist/hlsjs-playback.min.js
2026-07-30 11:30:39,033 [INFO] Capturing request: https://cdn.jsdelivr.net/npm/level-selector/dist/level-selector.min.js
2026-07-30 11:30:39,055 [INFO] Capturing response: https://cdn.jsdelivr.net/npm/level-selector/dist/level-selector.min.js 200 
2026-07-30 11:30:39,070 [INFO] Capturing response: https://cdn.jsdelivr.net/npm/@clappr/player@0.11.16/dist/clappr.min.js 200 
2026-07-30 11:30:39,074 [INFO] Capturing response: https://cdn.jsdelivr.net/npm/@clappr/hlsjs-playback@1.8.3/dist/hlsjs-playback.min.js 200 
2026-07-30 11:30:39,284 [INFO] Capturing request: https://www.atomsportv510.top/favicon.ico
2026-07-30 11:30:39,330 [INFO] Capturing response: https://www.atomsportv510.top/favicon.ico 200 
2026-07-30 11:30:39,341 [INFO] Capturing request: https://teletv5.top/load/yayinlink.php?id=bein-sports-1
2026-07-30 11:30:39,663 [INFO] Capturing response: https://teletv5.top/load/yayinlink.php?id=bein-sports-1 200 
2026-07-30 11:30:39,739 [INFO] Capturing request: https://streamsport365.com/cinema
2026-07-30 11:30:39,988 [INFO] Capturing response: https://streamsport365.com/cinema 200 
2026-07-30 11:30:40,119 [INFO] Capturing request: https://www.atomsportv510.top/assets/img/player/player_logo_6a5f6c9cb38e0.png
2026-07-30 11:30:40,161 [INFO] Capturing response: https://www.atomsportv510.top/assets/img/player/player_logo_6a5f6c9cb38e0.png 200 
2026-07-30 11:30:40,178 [INFO] Capturing request: https://hlsforever.forgetmoenszo.workers.dev/https://corestream.siteyaptim.live//bein1/tracks-v1a1/mono.m3u8
2026-07-30 11:30:40,636 [INFO] Capturing response: https://hlsforever.forgetmoenszo.workers.dev/https://corestream.siteyaptim.live//bein1/tracks-v1a1/mono.m3u8 200 
2026-07-30 11:30:40,853 [INFO] Capturing request: https://global.siteyaptim.live/bein1/tracks-v1a1/2026/07/30/11/30/45-05000.jpg
2026-07-30 11:30:41,130 [INFO] Capturing response: https://global.siteyaptim.live/bein1/tracks-v1a1/2026/07/30/11/30/45-05000.jpg 200 
2026-07-30 11:30:41,146 [INFO] Capturing request: https://android.clients.google.com/checkin
2026-07-30 11:30:41,270 [INFO] Capturing response: https://android.clients.google.com/checkin 200 
2026-07-30 11:30:41,325 [INFO] Capturing request: https://android.clients.google.com/c2dm/register3
2026-07-30 11:30:41,326 [INFO] Capturing request: https://android.clients.google.com/c2dm/register3
2026-07-30 11:30:41,330 [INFO] Capturing request: https://android.clients.google.com/c2dm/register3
2026-07-30 11:30:41,352 [INFO] Capturing request: https://global.siteyaptim.live/bein1/tracks-v1a1/2026/07/30/11/30/50-05000.jpg
2026-07-30 11:30:41,376 [INFO] Capturing response: https://android.clients.google.com/c2dm/register3 301 
2026-07-30 11:30:41,575 [INFO] Capturing response: https://global.siteyaptim.live/bein1/tracks-v1a1/2026/07/30/11/30/50-05000.jpg 200 
2026-07-30 11:30:41,775 [INFO] Capturing request: https://global.siteyaptim.live/bein1/tracks-v1a1/2026/07/30/11/30/55-05000.jpg
2026-07-30 11:30:41,991 [INFO] Capturing response: https://android.clients.google.com/c2dm/register3 200 
2026-07-30 11:30:42,000 [INFO] Capturing response: https://global.siteyaptim.live/bein1/tracks-v1a1/2026/07/30/11/30/55-05000.jpg 200 
2026-07-30 11:30:42,062 [INFO] Capturing response: https://android.clients.google.com/c2dm/register3 200 
2026-07-30 11:30:42,202 [INFO]   ✅ M3U8 bulundu: https://hlsforever.forgetmoenszo.workers.dev/https://corestream.siteyaptim.live//bein1/tracks-v1a1/mono.m3u8
2026-07-30 11:30:43,203 [INFO] 
[2/14]
2026-07-30 11:30:43,203 [INFO] 🔍 beIN Sports 2 → https://www.atomsportv510.top/matches?id=bein-sports-2
2026-07-30 11:30:43,315 [INFO] Capturing request: https://www.atomsportv510.top/matches?id=bein-sports-2
2026-07-30 11:30:43,578 [INFO] Capturing response: https://www.atomsportv510.top/matches?id=bein-sports-2 200 
2026-07-30 11:30:43,629 [INFO] Capturing request: https://streamsport365.com/cinema
2026-07-30 11:30:43,728 [INFO] Capturing request: https://teletv5.top/load/yayinlink.php?id=bein-sports-2
2026-07-30 11:30:43,730 [INFO] Capturing request: https://www.atomsportv510.top/favicon.ico
2026-07-30 11:30:43,759 [INFO] Capturing response: https://www.atomsportv510.top/favicon.ico 200 
2026-07-30 11:30:43,884 [INFO] Capturing response: https://streamsport365.com/cinema 200 
2026-07-30 11:30:43,889 [INFO] Capturing response: https://teletv5.top/load/yayinlink.php?id=bein-sports-2 200 
2026-07-30 11:30:44,000 [INFO] Capturing request: https://www.atomsportv510.top/assets/img/player/player_logo_6a5f6c9cb38e0.png
2026-07-30 11:30:44,008 [INFO] Capturing request: https://hlsforever.forgetmoenszo.workers.dev/https://corestream.siteyaptim.live//bein2/tracks-v1a1/mono.m3u8
2026-07-30 11:30:44,121 [INFO] Capturing response: https://www.atomsportv510.top/assets/img/player/player_logo_6a5f6c9cb38e0.png 304 
2026-07-30 11:30:44,411 [INFO] Capturing response: https://hlsforever.forgetmoenszo.workers.dev/https://corestream.siteyaptim.live//bein2/tracks-v1a1/mono.m3u8 200 
2026-07-30 11:30:44,520 [INFO] Capturing request: https://global.siteyaptim.live/bein2/tracks-v1a1/2026/07/30/11/30/25-05000.jpg
2026-07-30 11:30:44,727 [INFO] Capturing response: https://global.siteyaptim.live/bein2/tracks-v1a1/2026/07/30/11/30/25-05000.jpg 200 
2026-07-30 11:30:44,888 [INFO] Capturing request: https://global.siteyaptim.live/bein2/tracks-v1a1/2026/07/30/11/30/30-07540.jpg
2026-07-30 11:30:45,229 [INFO] Capturing response: https://global.siteyaptim.live/bein2/tracks-v1a1/2026/07/30/11/30/30-07540.jpg 200 
2026-07-30 11:30:45,451 [INFO] Capturing request: https://global.siteyaptim.live/bein2/tracks-v1a1/2026/07/30/11/30/37-05000.jpg
2026-07-30 11:30:45,687 [INFO] Capturing response: https://global.siteyaptim.live/bein2/tracks-v1a1/2026/07/30/11/30/37-05000.jpg 200 
2026-07-30 11:30:45,871 [INFO] Capturing request: https://global.siteyaptim.live/bein2/tracks-v1a1/2026/07/30/11/30/42-07300.jpg
2026-07-30 11:30:46,108 [INFO] Capturing response: https://global.siteyaptim.live/bein2/tracks-v1a1/2026/07/30/11/30/42-07300.jpg 200 
2026-07-30 11:30:46,652 [INFO]   ✅ M3U8 bulundu: https://hlsforever.forgetmoenszo.workers.dev/https://corestream.siteyaptim.live//bein2/tracks-v1a1/mono.m3u8
2026-07-30 11:30:47,653 [INFO] 
[3/14]
2026-07-30 11:30:47,653 [INFO] 🔍 beIN Sports 3 → https://www.atomsportv510.top/matches?id=bein-sports-3
2026-07-30 11:30:47,763 [INFO] Capturing request: https://www.atomsportv510.top/matches?id=bein-sports-3
2026-07-30 11:30:48,920 [INFO] Capturing response: https://www.atomsportv510.top/matches?id=bein-sports-3 200 
2026-07-30 11:30:49,057 [INFO] Capturing request: https://www.atomsportv510.top/favicon.ico
2026-07-30 11:30:49,059 [INFO] Capturing request: https://teletv5.top/load/yayinlink.php?id=bein-sports-3
2026-07-30 11:30:49,092 [INFO] Capturing response: https://www.atomsportv510.top/favicon.ico 200 
2026-07-30 11:30:49,157 [INFO] Capturing request: https://streamsport365.com/cinema
2026-07-30 11:30:49,223 [INFO] Capturing response: https://teletv5.top/load/yayinlink.php?id=bein-sports-3 200 
2026-07-30 11:30:49,409 [INFO] Capturing response: https://streamsport365.com/cinema 200 
2026-07-30 11:30:49,520 [INFO] Capturing request: https://www.atomsportv510.top/assets/img/player/player_logo_6a5f6c9cb38e0.png
2026-07-30 11:30:49,529 [INFO] Capturing request: https://hlsforever.forgetmoenszo.workers.dev/https://corestream.siteyaptim.live//bein3/tracks-v1a1/mono.m3u8
2026-07-30 11:30:49,639 [INFO] Capturing response: https://www.atomsportv510.top/assets/img/player/player_logo_6a5f6c9cb38e0.png 304 
2026-07-30 11:30:49,650 [INFO] Capturing response: https://hlsforever.forgetmoenszo.workers.dev/https://corestream.siteyaptim.live//bein3/tracks-v1a1/mono.m3u8 200 
2026-07-30 11:30:49,759 [INFO] Capturing request: https://global.siteyaptim.live/bein3/tracks-v1a1/2026/07/30/11/30/40-05000.jpg
2026-07-30 11:30:50,079 [INFO] Capturing response: https://global.siteyaptim.live/bein3/tracks-v1a1/2026/07/30/11/30/40-05000.jpg 200 
2026-07-30 11:30:50,249 [INFO] Capturing request: https://global.siteyaptim.live/bein3/tracks-v1a1/2026/07/30/11/30/45-05000.jpg
2026-07-30 11:30:50,513 [INFO] Capturing response: https://global.siteyaptim.live/bein3/tracks-v1a1/2026/07/30/11/30/45-05000.jpg 200 
2026-07-30 11:30:50,704 [INFO] Capturing request: https://global.siteyaptim.live/bein3/tracks-v1a1/2026/07/30/11/30/50-05000.jpg
2026-07-30 11:30:50,921 [INFO] Capturing response: https://global.siteyaptim.live/bein3/tracks-v1a1/2026/07/30/11/30/50-05000.jpg 200 
2026-07-30 11:30:51,975 [INFO]   ✅ M3U8 bulundu: https://hlsforever.forgetmoenszo.workers.dev/https://corestream.siteyaptim.live//bein3/tracks-v1a1/mono.m3u8
2026-07-30 11:30:52,976 [INFO] 
[4/14]
2026-07-30 11:30:52,976 [INFO] 🔍 beIN Sports 4 → https://www.atomsportv510.top/matches?id=bein-sports-4
2026-07-30 11:30:53,084 [INFO] Capturing request: https://www.atomsportv510.top/matches?id=bein-sports-4
2026-07-30 11:30:54,854 [INFO] Capturing response: https://www.atomsportv510.top/matches?id=bein-sports-4 200 
2026-07-30 11:30:54,992 [INFO] Capturing request: https://www.atomsportv510.top/favicon.ico
2026-07-30 11:30:54,995 [INFO] Capturing request: https://teletv5.top/load/yayinlink.php?id=bein-sports-4
2026-07-30 11:30:55,033 [INFO] Capturing response: https://www.atomsportv510.top/favicon.ico 200 
2026-07-30 11:30:55,093 [INFO] Capturing request: https://streamsport365.com/cinema
2026-07-30 11:30:55,161 [INFO] Capturing response: https://teletv5.top/load/yayinlink.php?id=bein-sports-4 200 
2026-07-30 11:30:55,349 [INFO] Capturing response: https://streamsport365.com/cinema 200 
2026-07-30 11:30:55,459 [INFO] Capturing request: https://www.atomsportv510.top/assets/img/player/player_logo_6a5f6c9cb38e0.png
2026-07-30 11:30:55,468 [INFO] Capturing request: https://hlsforever.forgetmoenszo.workers.dev/https://corestream.siteyaptim.live//bein4/tracks-v1a1/mono.m3u8
2026-07-30 11:30:55,585 [INFO] Capturing response: https://www.atomsportv510.top/assets/img/player/player_logo_6a5f6c9cb38e0.png 304 
2026-07-30 11:30:55,587 [INFO] Capturing response: https://hlsforever.forgetmoenszo.workers.dev/https://corestream.siteyaptim.live//bein4/tracks-v1a1/mono.m3u8 200 
2026-07-30 11:30:55,736 [INFO] Capturing request: https://global.siteyaptim.live/bein4/tracks-v1a1/2026/07/30/11/30/46-05000.jpg
2026-07-30 11:30:55,969 [INFO] Capturing response: https://global.siteyaptim.live/bein4/tracks-v1a1/2026/07/30/11/30/46-05000.jpg 200 
2026-07-30 11:30:56,178 [INFO] Capturing request: https://global.siteyaptim.live/bein4/tracks-v1a1/2026/07/30/11/30/51-05000.jpg
2026-07-30 11:30:56,442 [INFO] Capturing response: https://global.siteyaptim.live/bein4/tracks-v1a1/2026/07/30/11/30/51-05000.jpg 200 
2026-07-30 11:30:56,640 [INFO] Capturing request: https://global.siteyaptim.live/bein4/tracks-v1a1/2026/07/30/11/30/56-09280.jpg
2026-07-30 11:30:57,031 [INFO] Capturing response: https://global.siteyaptim.live/bein4/tracks-v1a1/2026/07/30/11/30/56-09280.jpg 200 
2026-07-30 11:30:57,279 [INFO] Capturing request: https://global.siteyaptim.live/bein4/tracks-v1a1/2026/07/30/11/31/05-05000.jpg
2026-07-30 11:30:57,601 [INFO] Capturing response: https://global.siteyaptim.live/bein4/tracks-v1a1/2026/07/30/11/31/05-05000.jpg 200 
2026-07-30 11:30:57,922 [INFO]   ✅ M3U8 bulundu: https://hlsforever.forgetmoenszo.workers.dev/https://corestream.siteyaptim.live//bein4/tracks-v1a1/mono.m3u8
2026-07-30 11:30:58,923 [INFO] 
[5/14]
2026-07-30 11:30:58,923 [INFO] 🔍 beIN Sports 5 → https://www.atomsportv510.top/matches?id=bein-sports-5
2026-07-30 11:30:59,033 [INFO] Capturing request: https://www.atomsportv510.top/matches?id=bein-sports-5
2026-07-30 11:30:59,266 [INFO] Capturing response: https://www.atomsportv510.top/matches?id=bein-sports-5 200 
2026-07-30 11:30:59,300 [INFO] Capturing request: https://streamsport365.com/cinema
2026-07-30 11:30:59,399 [INFO] Capturing request: https://www.atomsportv510.top/favicon.ico
2026-07-30 11:30:59,400 [INFO] Capturing request: https://teletv5.top/load/yayinlink.php?id=bein-sports-5
2026-07-30 11:30:59,431 [INFO] Capturing response: https://www.atomsportv510.top/favicon.ico 200 
2026-07-30 11:30:59,543 [INFO] Capturing response: https://streamsport365.com/cinema 200 
2026-07-30 11:30:59,563 [INFO] Capturing response: https://teletv5.top/load/yayinlink.php?id=bein-sports-5 200 
2026-07-30 11:30:59,714 [INFO] Capturing request: https://www.atomsportv510.top/assets/img/player/player_logo_6a5f6c9cb38e0.png
2026-07-30 11:30:59,723 [INFO] Capturing request: https://hlsforever.forgetmoenszo.workers.dev/https://corestream.siteyaptim.live//bein5/tracks-v1a1/mono.m3u8
2026-07-30 11:30:59,835 [INFO] Capturing response: https://www.atomsportv510.top/assets/img/player/player_logo_6a5f6c9cb38e0.png 304 
2026-07-30 11:30:59,842 [INFO] Capturing response: https://hlsforever.forgetmoenszo.workers.dev/https://corestream.siteyaptim.live//bein5/tracks-v1a1/mono.m3u8 200 
2026-07-30 11:30:59,991 [INFO] Capturing request: https://global.siteyaptim.live/bein5/tracks-v1a1/2026/07/30/11/31/11-10000.jpg
2026-07-30 11:31:00,231 [INFO] Capturing response: https://global.siteyaptim.live/bein5/tracks-v1a1/2026/07/30/11/31/11-10000.jpg 200 
2026-07-30 11:31:00,417 [INFO] Capturing request: https://global.siteyaptim.live/bein5/tracks-v1a1/2026/07/30/11/31/21-10000.jpg
2026-07-30 11:31:00,677 [INFO] Capturing response: https://global.siteyaptim.live/bein5/tracks-v1a1/2026/07/30/11/31/21-10000.jpg 200 
2026-07-30 11:31:00,888 [INFO] Capturing request: https://global.siteyaptim.live/bein5/tracks-v1a1/2026/07/30/11/31/31-10000.jpg
2026-07-30 11:31:01,124 [INFO] Capturing response: https://global.siteyaptim.live/bein5/tracks-v1a1/2026/07/30/11/31/31-10000.jpg 200 
2026-07-30 11:31:02,314 [INFO]   ✅ M3U8 bulundu: https://hlsforever.forgetmoenszo.workers.dev/https://corestream.siteyaptim.live//bein5/tracks-v1a1/mono.m3u8
2026-07-30 11:31:03,314 [INFO] 
[6/14]
2026-07-30 11:31:03,315 [INFO] 🔍 beIN Sports Max 1 → https://www.atomsportv510.top/matches?id=bein-sports-max-1
2026-07-30 11:31:03,424 [INFO] Capturing request: https://www.atomsportv510.top/matches?id=bein-sports-max-1
2026-07-30 11:31:03,656 [INFO] Capturing response: https://www.atomsportv510.top/matches?id=bein-sports-max-1 200 
2026-07-30 11:31:03,785 [INFO] Capturing request: https://teletv5.top/load/yayinlink.php?id=bein-sports-max-1
2026-07-30 11:31:03,787 [INFO] Capturing request: https://www.atomsportv510.top/favicon.ico
2026-07-30 11:31:03,821 [INFO] Capturing response: https://www.atomsportv510.top/favicon.ico 200 
2026-07-30 11:31:03,883 [INFO] Capturing request: https://streamsport365.com/cinema
2026-07-30 11:31:03,948 [INFO] Capturing response: https://teletv5.top/load/yayinlink.php?id=bein-sports-max-1 200 
2026-07-30 11:31:04,126 [INFO] Capturing response: https://streamsport365.com/cinema 200 
2026-07-30 11:31:04,237 [INFO] Capturing request: https://www.atomsportv510.top/assets/img/player/player_logo_6a5f6c9cb38e0.png
2026-07-30 11:31:04,246 [INFO] Capturing request: https://hlsforever.forgetmoenszo.workers.dev/https://corestream.siteyaptim.live//trtspor/tracks-v1a1/mono.m3u8
2026-07-30 11:31:04,355 [INFO] Capturing response: https://www.atomsportv510.top/assets/img/player/player_logo_6a5f6c9cb38e0.png 304 
2026-07-30 11:31:04,365 [INFO] Capturing response: https://hlsforever.forgetmoenszo.workers.dev/https://corestream.siteyaptim.live//trtspor/tracks-v1a1/mono.m3u8 404 
2026-07-30 11:31:05,530 [INFO] Capturing request: https://android.clients.google.com/c2dm/register3
2026-07-30 11:31:05,589 [INFO] Capturing response: https://android.clients.google.com/c2dm/register3 301 
2026-07-30 11:31:06,488 [INFO] Capturing request: https://hlsforever.forgetmoenszo.workers.dev/https://corestream.siteyaptim.live//trtspor/tracks-v1a1/mono.m3u8
2026-07-30 11:31:06,602 [INFO] Capturing response: https://hlsforever.forgetmoenszo.workers.dev/https://corestream.siteyaptim.live//trtspor/tracks-v1a1/mono.m3u8 404 
2026-07-30 11:31:06,698 [INFO]   ✅ M3U8 bulundu: https://hlsforever.forgetmoenszo.workers.dev/https://corestream.siteyaptim.live//trtspor/tracks-v1a1/mono.m3u8
2026-07-30 11:31:07,698 [INFO] 
[7/14]
2026-07-30 11:31:07,698 [INFO] 🔍 beIN Sports Max 2 → https://www.atomsportv510.top/matches?id=bein-sports-max-2
2026-07-30 11:31:07,806 [INFO] Capturing request: https://www.atomsportv510.top/matches?id=bein-sports-max-2
2026-07-30 11:31:08,521 [INFO] Capturing response: https://www.atomsportv510.top/matches?id=bein-sports-max-2 200 
2026-07-30 11:31:08,560 [INFO] Capturing request: https://streamsport365.com/cinema
2026-07-30 11:31:08,658 [INFO] Capturing request: https://teletv5.top/load/yayinlink.php?id=bein-sports-max-2
2026-07-30 11:31:08,662 [INFO] Capturing request: https://www.atomsportv510.top/favicon.ico
2026-07-30 11:31:08,695 [INFO] Capturing response: https://www.atomsportv510.top/favicon.ico 200 
2026-07-30 11:31:08,823 [INFO] Capturing response: https://teletv5.top/load/yayinlink.php?id=bein-sports-max-2 200 
2026-07-30 11:31:08,824 [INFO] Capturing response: https://streamsport365.com/cinema 200 
2026-07-30 11:31:08,973 [INFO] Capturing request: https://www.atomsportv510.top/assets/img/player/player_logo_6a5f6c9cb38e0.png
2026-07-30 11:31:08,981 [INFO] Capturing request: https://hlsforever.forgetmoenszo.workers.dev/https://corestream.siteyaptim.live//hls/s-sport.m3u8
2026-07-30 11:31:09,090 [INFO] Capturing response: https://www.atomsportv510.top/assets/img/player/player_logo_6a5f6c9cb38e0.png 304 
2026-07-30 11:31:09,100 [INFO] Capturing response: https://hlsforever.forgetmoenszo.workers.dev/https://corestream.siteyaptim.live//hls/s-sport.m3u8 404 
2026-07-30 11:31:11,218 [INFO] Capturing request: https://hlsforever.forgetmoenszo.workers.dev/https://corestream.siteyaptim.live//hls/s-sport.m3u8
2026-07-30 11:31:11,337 [INFO] Capturing response: https://hlsforever.forgetmoenszo.workers.dev/https://corestream.siteyaptim.live//hls/s-sport.m3u8 404 
2026-07-30 11:31:11,579 [INFO]   ✅ M3U8 bulundu: https://hlsforever.forgetmoenszo.workers.dev/https://corestream.siteyaptim.live//hls/s-sport.m3u8
2026-07-30 11:31:12,579 [INFO] 
[8/14]
2026-07-30 11:31:12,579 [INFO] 🔍 S Sport → https://www.atomsportv510.top/matches?id=s-sport
2026-07-30 11:31:12,687 [INFO] Capturing request: https://www.atomsportv510.top/matches?id=s-sport
2026-07-30 11:31:12,919 [INFO] Capturing response: https://www.atomsportv510.top/matches?id=s-sport 200 
2026-07-30 11:31:13,050 [INFO] Capturing request: https://teletv5.top/load/yayinlink.php?id=s-sport
2026-07-30 11:31:13,053 [INFO] Capturing request: https://www.atomsportv510.top/favicon.ico
2026-07-30 11:31:13,086 [INFO] Capturing response: https://www.atomsportv510.top/favicon.ico 200 
2026-07-30 11:31:13,148 [INFO] Capturing request: https://streamsport365.com/cinema
2026-07-30 11:31:13,212 [INFO] Capturing response: https://teletv5.top/load/yayinlink.php?id=s-sport 200 
2026-07-30 11:31:13,395 [INFO] Capturing response: https://streamsport365.com/cinema 200 
2026-07-30 11:31:13,505 [INFO] Capturing request: https://www.atomsportv510.top/assets/img/player/player_logo_6a5f6c9cb38e0.png
2026-07-30 11:31:13,515 [INFO] Capturing request: https://hlsforever.forgetmoenszo.workers.dev/https://corestream.siteyaptim.live//s-sport/tracks-v1a1/mono.m3u8
2026-07-30 11:31:13,622 [INFO] Capturing response: https://www.atomsportv510.top/assets/img/player/player_logo_6a5f6c9cb38e0.png 304 
2026-07-30 11:31:13,636 [INFO] Capturing response: https://hlsforever.forgetmoenszo.workers.dev/https://corestream.siteyaptim.live//s-sport/tracks-v1a1/mono.m3u8 200 
2026-07-30 11:31:13,786 [INFO] Capturing request: https://global.siteyaptim.live/s-sport/tracks-v1a1/2026/07/30/11/32/05-05000.jpg
2026-07-30 11:31:13,998 [INFO] Capturing response: https://global.siteyaptim.live/s-sport/tracks-v1a1/2026/07/30/11/32/05-05000.jpg 200 
2026-07-30 11:31:14,197 [INFO] Capturing request: https://global.siteyaptim.live/s-sport/tracks-v1a1/2026/07/30/11/32/10-05000.jpg
2026-07-30 11:31:14,388 [INFO] Capturing response: https://global.siteyaptim.live/s-sport/tracks-v1a1/2026/07/30/11/32/10-05000.jpg 200 
2026-07-30 11:31:14,572 [INFO] Capturing request: https://global.siteyaptim.live/s-sport/tracks-v1a1/2026/07/30/11/32/15-05000.jpg
2026-07-30 11:31:14,797 [INFO] Capturing response: https://global.siteyaptim.live/s-sport/tracks-v1a1/2026/07/30/11/32/15-05000.jpg 200 
2026-07-30 11:31:14,984 [INFO] Capturing request: https://global.siteyaptim.live/s-sport/tracks-v1a1/2026/07/30/11/32/20-06420.jpg
2026-07-30 11:31:15,221 [INFO] Capturing response: https://global.siteyaptim.live/s-sport/tracks-v1a1/2026/07/30/11/32/20-06420.jpg 200 
2026-07-30 11:31:15,970 [INFO]   ✅ M3U8 bulundu: https://hlsforever.forgetmoenszo.workers.dev/https://corestream.siteyaptim.live//s-sport/tracks-v1a1/mono.m3u8
2026-07-30 11:31:16,970 [INFO] 
[9/14]
2026-07-30 11:31:16,970 [INFO] 🔍 S Sport 2 → https://www.atomsportv510.top/matches?id=s-sport-2
2026-07-30 11:31:17,080 [INFO] Capturing request: https://www.atomsportv510.top/matches?id=s-sport-2
2026-07-30 11:31:17,307 [INFO] Capturing response: https://www.atomsportv510.top/matches?id=s-sport-2 200 
2026-07-30 11:31:17,342 [INFO] Capturing request: https://streamsport365.com/cinema
2026-07-30 11:31:17,442 [INFO] Capturing request: https://teletv5.top/load/yayinlink.php?id=s-sport-2
2026-07-30 11:31:17,443 [INFO] Capturing request: https://www.atomsportv510.top/favicon.ico
2026-07-30 11:31:17,486 [INFO] Capturing response: https://www.atomsportv510.top/favicon.ico 200 
2026-07-30 11:31:17,596 [INFO] Capturing response: https://streamsport365.com/cinema 200 
2026-07-30 11:31:17,602 [INFO] Capturing response: https://teletv5.top/load/yayinlink.php?id=s-sport-2 200 
2026-07-30 11:31:17,753 [INFO] Capturing request: https://www.atomsportv510.top/assets/img/player/player_logo_6a5f6c9cb38e0.png
2026-07-30 11:31:17,762 [INFO] Capturing request: https://hlsforever.forgetmoenszo.workers.dev/https://corestream.siteyaptim.live//s-sport/tracks-v1a1/mono.m3u8
2026-07-30 11:31:17,871 [INFO] Capturing response: https://www.atomsportv510.top/assets/img/player/player_logo_6a5f6c9cb38e0.png 304 
2026-07-30 11:31:17,878 [INFO] Capturing response: https://hlsforever.forgetmoenszo.workers.dev/https://corestream.siteyaptim.live//s-sport/tracks-v1a1/mono.m3u8 200 
2026-07-30 11:31:17,987 [INFO] Capturing request: https://global.siteyaptim.live/s-sport/tracks-v1a1/2026/07/30/11/32/05-05000.jpg
2026-07-30 11:31:18,090 [INFO] Capturing response: https://global.siteyaptim.live/s-sport/tracks-v1a1/2026/07/30/11/32/05-05000.jpg 200 
2026-07-30 11:31:18,247 [INFO] Capturing request: https://global.siteyaptim.live/s-sport/tracks-v1a1/2026/07/30/11/32/10-05000.jpg
2026-07-30 11:31:18,344 [INFO] Capturing response: https://global.siteyaptim.live/s-sport/tracks-v1a1/2026/07/30/11/32/10-05000.jpg 200 
2026-07-30 11:31:18,536 [INFO] Capturing request: https://global.siteyaptim.live/s-sport/tracks-v1a1/2026/07/30/11/32/15-05000.jpg
2026-07-30 11:31:18,630 [INFO] Capturing response: https://global.siteyaptim.live/s-sport/tracks-v1a1/2026/07/30/11/32/15-05000.jpg 200 
2026-07-30 11:31:18,812 [INFO] Capturing request: https://global.siteyaptim.live/s-sport/tracks-v1a1/2026/07/30/11/32/20-06420.jpg
2026-07-30 11:31:18,937 [INFO] Capturing response: https://global.siteyaptim.live/s-sport/tracks-v1a1/2026/07/30/11/32/20-06420.jpg 200 
2026-07-30 11:31:20,355 [INFO]   ✅ M3U8 bulundu: https://hlsforever.forgetmoenszo.workers.dev/https://corestream.siteyaptim.live//s-sport/tracks-v1a1/mono.m3u8
2026-07-30 11:31:21,356 [INFO] 
[10/14]
2026-07-30 11:31:21,356 [INFO] 🔍 A Spor → https://www.atomsportv510.top/matches?id=a-spor
2026-07-30 11:31:21,465 [INFO] Capturing request: https://www.atomsportv510.top/matches?id=a-spor
2026-07-30 11:31:21,692 [INFO] Capturing response: https://www.atomsportv510.top/matches?id=a-spor 200 
2026-07-30 11:31:21,821 [INFO] Capturing request: https://teletv5.top/load/yayinlink.php?id=a-spor
2026-07-30 11:31:21,824 [INFO] Capturing request: https://www.atomsportv510.top/favicon.ico
2026-07-30 11:31:21,858 [INFO] Capturing response: https://www.atomsportv510.top/favicon.ico 200 
2026-07-30 11:31:21,921 [INFO] Capturing request: https://streamsport365.com/cinema
2026-07-30 11:31:21,983 [INFO] Capturing response: https://teletv5.top/load/yayinlink.php?id=a-spor 200 
2026-07-30 11:31:22,169 [INFO] Capturing response: https://streamsport365.com/cinema 200 
2026-07-30 11:31:22,279 [INFO] Capturing request: https://www.atomsportv510.top/assets/img/player/player_logo_6a5f6c9cb38e0.png
2026-07-30 11:31:22,289 [INFO] Capturing request: https://hlsforever.forgetmoenszo.workers.dev/https://corestream.siteyaptim.live//aspor/tracks-v1a1/mono.m3u8
2026-07-30 11:31:22,398 [INFO] Capturing response: https://www.atomsportv510.top/assets/img/player/player_logo_6a5f6c9cb38e0.png 304 
2026-07-30 11:31:22,412 [INFO] Capturing response: https://hlsforever.forgetmoenszo.workers.dev/https://corestream.siteyaptim.live//aspor/tracks-v1a1/mono.m3u8 404 
2026-07-30 11:31:24,569 [INFO] Capturing request: https://hlsforever.forgetmoenszo.workers.dev/https://corestream.siteyaptim.live//aspor/tracks-v1a1/mono.m3u8
2026-07-30 11:31:24,686 [INFO] Capturing response: https://hlsforever.forgetmoenszo.workers.dev/https://corestream.siteyaptim.live//aspor/tracks-v1a1/mono.m3u8 404 
2026-07-30 11:31:24,735 [INFO]   ✅ M3U8 bulundu: https://hlsforever.forgetmoenszo.workers.dev/https://corestream.siteyaptim.live//aspor/tracks-v1a1/mono.m3u8
2026-07-30 11:31:25,735 [INFO] 
[11/14]
2026-07-30 11:31:25,735 [INFO] 🔍 Tivibu Spor 1 → https://www.atomsportv510.top/matches?id=tivibu-spor-1
2026-07-30 11:31:25,843 [INFO] Capturing request: https://www.atomsportv510.top/matches?id=tivibu-spor-1
2026-07-30 11:31:26,075 [INFO] Capturing response: https://www.atomsportv510.top/matches?id=tivibu-spor-1 200 
2026-07-30 11:31:26,104 [INFO] Capturing request: https://streamsport365.com/cinema
2026-07-30 11:31:26,203 [INFO] Capturing request: https://teletv5.top/load/yayinlink.php?id=tivibu-spor-1
2026-07-30 11:31:26,209 [INFO] Capturing request: https://www.atomsportv510.top/favicon.ico
2026-07-30 11:31:26,250 [INFO] Capturing response: https://www.atomsportv510.top/favicon.ico 200 
2026-07-30 11:31:26,364 [INFO] Capturing response: https://teletv5.top/load/yayinlink.php?id=tivibu-spor-1 200 
2026-07-30 11:31:26,369 [INFO] Capturing response: https://streamsport365.com/cinema 200 
2026-07-30 11:31:37,290 [INFO] Capturing request: https://update.googleapis.com/service/update2/json?cup2key=16:5H-1vtK7fQjYbRf-937Dn-lzc4YfkLPZAjz_HM8xl7s&cup2hreq=20551cbcfdd3af5182f1dd9c4174001e85448f232ffbbbe3e2c768292207e0f7
2026-07-30 11:31:37,315 [INFO] Capturing response: https://update.googleapis.com/service/update2/json?cup2key=16:5H-1vtK7fQjYbRf-937Dn-lzc4YfkLPZAjz_HM8xl7s&cup2hreq=20551cbcfdd3af5182f1dd9c4174001e85448f232ffbbbe3e2c768292207e0f7 200 
2026-07-30 11:31:37,321 [INFO] Capturing request: http://edgedl.me.gvt1.com/edgedl/diffgen-puffin/gcmjkmgdlgnkkcocmoeiminaijmmjnii/6ca5bdb9f3e2cd83b7e359729bc6c33c4fe975ec499861d969b3e080320849ff
2026-07-30 11:31:37,340 [INFO] Capturing response: http://edgedl.me.gvt1.com/edgedl/diffgen-puffin/gcmjkmgdlgnkkcocmoeiminaijmmjnii/6ca5bdb9f3e2cd83b7e359729bc6c33c4fe975ec499861d969b3e080320849ff 200 OK
2026-07-30 11:31:37,367 [INFO] Capturing request: https://update.googleapis.com/service/update2/json
2026-07-30 11:31:37,391 [INFO] Capturing response: https://update.googleapis.com/service/update2/json 200 
2026-07-30 11:31:37,435 [INFO] Capturing request: http://edgedl.me.gvt1.com/edgedl/release2/chrome_component/hcolmpieabelck4hn3vkmytumq_10683/hfnkpimlhhgieaddgfemjhofmfblmnib_10683_all_bzdwjxpamtfv7osmwnpkuaul3y.crx3
2026-07-30 11:31:37,452 [INFO] Capturing response: http://edgedl.me.gvt1.com/edgedl/release2/chrome_component/hcolmpieabelck4hn3vkmytumq_10683/hfnkpimlhhgieaddgfemjhofmfblmnib_10683_all_bzdwjxpamtfv7osmwnpkuaul3y.crx3 200 OK
2026-07-30 11:31:37,486 [INFO] Capturing request: https://update.googleapis.com/service/update2/json
2026-07-30 11:31:37,510 [INFO] Capturing response: https://update.googleapis.com/service/update2/json 200 
2026-07-30 11:31:54,546 [INFO] Capturing request: https://android.clients.google.com/c2dm/register3
2026-07-30 11:31:54,582 [INFO] Capturing response: https://android.clients.google.com/c2dm/register3 301 
2026-07-30 11:31:59,389 [WARNING]   ❌ Tivibu Spor 1 için M3U8 bulunamadı
2026-07-30 11:32:00,389 [INFO] 
[12/14]
2026-07-30 11:32:00,389 [INFO] 🔍 Tivibu Spor 2 → https://www.atomsportv510.top/matches?id=tivibu-spor-2
2026-07-30 11:32:00,527 [INFO] Capturing request: https://www.atomsportv510.top/matches?id=tivibu-spor-2
2026-07-30 11:32:00,895 [INFO] Capturing response: https://www.atomsportv510.top/matches?id=tivibu-spor-2 200 
2026-07-30 11:32:01,056 [INFO] Capturing request: https://www.atomsportv510.top/favicon.ico
2026-07-30 11:32:01,087 [INFO] Capturing request: https://teletv5.top/load/yayinlink.php?id=tivibu-spor-2
2026-07-30 11:32:01,091 [INFO] Capturing response: https://www.atomsportv510.top/favicon.ico 200 
2026-07-30 11:32:01,400 [INFO] Capturing response: https://teletv5.top/load/yayinlink.php?id=tivibu-spor-2 200 
2026-07-30 11:32:01,513 [INFO] Capturing request: https://streamsport365.com/cinema
2026-07-30 11:32:01,766 [INFO] Capturing response: https://streamsport365.com/cinema 200 
2026-07-30 11:32:34,199 [WARNING]   ❌ Tivibu Spor 2 için M3U8 bulunamadı
2026-07-30 11:32:35,200 [INFO] 
[13/14]
2026-07-30 11:32:35,200 [INFO] 🔍 Tivibu Spor 3 → https://www.atomsportv510.top/matches?id=tivibu-spor-3
2026-07-30 11:32:35,309 [INFO] Capturing request: https://www.atomsportv510.top/matches?id=tivibu-spor-3
2026-07-30 11:32:35,954 [INFO] Capturing response: https://www.atomsportv510.top/matches?id=tivibu-spor-3 200 
2026-07-30 11:32:36,085 [INFO] Capturing request: https://teletv5.top/load/yayinlink.php?id=tivibu-spor-3
2026-07-30 11:32:36,088 [INFO] Capturing request: https://www.atomsportv510.top/favicon.ico
2026-07-30 11:32:36,126 [INFO] Capturing response: https://www.atomsportv510.top/favicon.ico 200 
2026-07-30 11:32:36,185 [INFO] Capturing request: https://streamsport365.com/cinema
2026-07-30 11:32:36,387 [INFO] Capturing response: https://teletv5.top/load/yayinlink.php?id=tivibu-spor-3 200 
2026-07-30 11:32:36,456 [INFO] Capturing response: https://streamsport365.com/cinema 200 
2026-07-30 11:33:09,232 [WARNING]   ❌ Tivibu Spor 3 için M3U8 bulunamadı
2026-07-30 11:33:10,232 [INFO] 
[14/14]
2026-07-30 11:33:10,232 [INFO] 🔍 Tivibu Spor 4 → https://www.atomsportv510.top/matches?id=tivibu-spor-4
2026-07-30 11:33:10,340 [INFO] Capturing request: https://www.atomsportv510.top/matches?id=tivibu-spor-4
2026-07-30 11:33:10,759 [INFO] Capturing response: https://www.atomsportv510.top/matches?id=tivibu-spor-4 200 
2026-07-30 11:33:10,894 [INFO] Capturing request: https://teletv5.top/load/yayinlink.php?id=tivibu-spor-4
2026-07-30 11:33:10,897 [INFO] Capturing request: https://www.atomsportv510.top/favicon.ico
2026-07-30 11:33:10,928 [INFO] Capturing response: https://www.atomsportv510.top/favicon.ico 200 
2026-07-30 11:33:10,992 [INFO] Capturing request: https://streamsport365.com/cinema
2026-07-30 11:33:11,054 [INFO] Capturing response: https://teletv5.top/load/yayinlink.php?id=tivibu-spor-4 200 
2026-07-30 11:33:11,234 [INFO] Capturing response: https://streamsport365.com/cinema 200 
2026-07-30 11:33:44,037 [WARNING]   ❌ Tivibu Spor 4 için M3U8 bulunamadı
2026-07-30 11:33:45,105 [INFO] ✅ 10 kanal bulundu, playlist.m3u kaydedildi
