2026-08-21 20:27:27,932 [INFO] 🌐 BASE_URL: https://www.atomsportv513.top
2026-08-21 20:27:28,967 [INFO] Başlanıyor... 14 kanal taranacak
2026-08-21 20:27:28,968 [INFO] Using default request storage
2026-08-21 20:27:28,972 [INFO] Created proxy listening on 127.0.0.1:39517
2026-08-21 20:27:29,652 [INFO] Capturing request: http://clients2.google.com/time/1/current?cup2key=10:XC02r3GcwzJ9SEmsmbYTw4TOLJCCVCCuDi9wtztfGqo&cup2hreq=e3b0c44298fc1c149afbf4c8996fb92427ae41e4649b934ca495991b7852b855
2026-08-21 20:27:29,726 [INFO] Capturing response: http://clients2.google.com/time/1/current?cup2key=10:XC02r3GcwzJ9SEmsmbYTw4TOLJCCVCCuDi9wtztfGqo&cup2hreq=e3b0c44298fc1c149afbf4c8996fb92427ae41e4649b934ca495991b7852b855 200 OK
2026-08-21 20:27:29,888 [INFO] 
[1/14]
2026-08-21 20:27:29,888 [INFO] 🔍 beIN Sports 1 → https://www.atomsportv513.top/matches?id=bein-sports-1
2026-08-21 20:27:30,054 [INFO] Capturing request: https://accounts.google.com/ListAccounts?gpsia=1&source=ChromiumBrowser&json=standard&laf=b64bin
2026-08-21 20:27:30,063 [INFO] Capturing request: https://update.googleapis.com/service/update2/json?cup2key=16:CeYggOJ8igmISkgGidovnX0d4SR4c1HwZdrjHZozxow&cup2hreq=6ccc05ac5bb865c7a4019edeba005139d3ef798b91fcfb53e910b2258d5a15d1
2026-08-21 20:27:30,196 [INFO] Capturing response: https://update.googleapis.com/service/update2/json?cup2key=16:CeYggOJ8igmISkgGidovnX0d4SR4c1HwZdrjHZozxow&cup2hreq=6ccc05ac5bb865c7a4019edeba005139d3ef798b91fcfb53e910b2258d5a15d1 200 
2026-08-21 20:27:30,197 [INFO] Capturing request: https://www.google.com/async/folae?async=_fmt:pb&udm=50&client_locale=en-US&client_country=ZZ
2026-08-21 20:27:30,198 [INFO] Capturing request: https://www.atomsportv513.top/matches?id=bein-sports-1
2026-08-21 20:27:30,203 [INFO] Capturing response: https://accounts.google.com/ListAccounts?gpsia=1&source=ChromiumBrowser&json=standard&laf=b64bin 200 
2026-08-21 20:27:30,237 [INFO] Capturing response: https://www.google.com/async/folae?async=_fmt:pb&udm=50&client_locale=en-US&client_country=ZZ 200 
2026-08-21 20:27:30,244 [INFO] Capturing request: https://update.googleapis.com/service/update2/json?cup2key=16:W_SxkftxDlmno-j5yrr6WfnCKCJn1BNF0kvfuRTZk4g&cup2hreq=cd9afe4a3f1e9c4cc04ee933330480e118e741fd69288c1b3ba974ed2d1d7218
2026-08-21 20:27:30,305 [INFO] Capturing response: https://update.googleapis.com/service/update2/json?cup2key=16:W_SxkftxDlmno-j5yrr6WfnCKCJn1BNF0kvfuRTZk4g&cup2hreq=cd9afe4a3f1e9c4cc04ee933330480e118e741fd69288c1b3ba974ed2d1d7218 200 
2026-08-21 20:27:30,356 [INFO] Capturing request: https://update.googleapis.com/service/update2/json?cup2key=16:jj6T5G1gLGry4qzDMWTqxyHMMHNvmdhMXzPTGkOO4jc&cup2hreq=93fb48d6ca68f278bab35e1bcc0f46c9287e67f2dc8283918ebf240903b8f6fc
2026-08-21 20:27:30,416 [INFO] Capturing response: https://update.googleapis.com/service/update2/json?cup2key=16:jj6T5G1gLGry4qzDMWTqxyHMMHNvmdhMXzPTGkOO4jc&cup2hreq=93fb48d6ca68f278bab35e1bcc0f46c9287e67f2dc8283918ebf240903b8f6fc 200 
2026-08-21 20:27:30,455 [INFO] Capturing request: https://www.google.com/async/folae?async=_fmt:pb&udm=50&client_locale=en-US&client_country=ZZ
2026-08-21 20:27:30,491 [INFO] Capturing response: https://www.google.com/async/folae?async=_fmt:pb&udm=50&client_locale=en-US&client_country=ZZ 200 
2026-08-21 20:27:30,886 [INFO] Capturing response: https://www.atomsportv513.top/matches?id=bein-sports-1 200 
2026-08-21 20:27:31,143 [INFO] Capturing request: https://cdn.jsdelivr.net/npm/@clappr/player@0.11.16/dist/clappr.min.js
2026-08-21 20:27:31,161 [INFO] Capturing request: https://cdn.jsdelivr.net/npm/@clappr/hlsjs-playback@1.8.3/dist/hlsjs-playback.min.js
2026-08-21 20:27:31,162 [INFO] Capturing request: https://cdn.jsdelivr.net/npm/level-selector/dist/level-selector.min.js
2026-08-21 20:27:31,228 [INFO] Capturing response: https://cdn.jsdelivr.net/npm/level-selector/dist/level-selector.min.js 200 
2026-08-21 20:27:31,347 [INFO] Capturing response: https://cdn.jsdelivr.net/npm/@clappr/player@0.11.16/dist/clappr.min.js 200 
2026-08-21 20:27:31,362 [INFO] Capturing response: https://cdn.jsdelivr.net/npm/@clappr/hlsjs-playback@1.8.3/dist/hlsjs-playback.min.js 200 
2026-08-21 20:27:31,568 [INFO] Capturing request: https://www.atomsportv513.top/favicon.ico
2026-08-21 20:27:31,652 [INFO] Capturing response: https://www.atomsportv513.top/favicon.ico 200 
2026-08-21 20:27:31,891 [INFO] Capturing request: https://teletv5.top/load/yayinlink.php?id=bein-sports-1
2026-08-21 20:27:32,130 [INFO] Capturing request: https://streamsport365.com/cinema
2026-08-21 20:27:32,346 [INFO] Capturing response: https://teletv5.top/load/yayinlink.php?id=bein-sports-1 200 
2026-08-21 20:27:32,467 [INFO] Capturing response: https://streamsport365.com/cinema 200 
2026-08-21 20:27:32,599 [INFO] Capturing request: https://www.atomsportv513.top/assets/img/player/player_logo_6a87a2e2eecc5.png
2026-08-21 20:27:32,736 [INFO] Capturing response: https://www.atomsportv513.top/assets/img/player/player_logo_6a87a2e2eecc5.png 200 
2026-08-21 20:27:32,768 [INFO] Capturing request: https://corestream.siteyaptim.live//beintv/tracks-v1a1/mono.m3u8
2026-08-21 20:27:32,951 [INFO] Capturing response: https://corestream.siteyaptim.live//beintv/tracks-v1a1/mono.m3u8 200 
2026-08-21 20:27:33,250 [INFO] Capturing request: https://global.siteyaptim.live/beintv/tracks-v1a1/2026/08/21/20/27/14-06000.jpg
2026-08-21 20:27:33,499 [INFO] Capturing request: https://android.clients.google.com/checkin
2026-08-21 20:27:33,608 [INFO] Capturing response: https://android.clients.google.com/checkin 200 
2026-08-21 20:27:33,660 [INFO] Capturing request: https://android.clients.google.com/c2dm/register3
2026-08-21 20:27:33,663 [INFO] Capturing request: https://android.clients.google.com/c2dm/register3
2026-08-21 20:27:33,664 [INFO] Capturing request: https://android.clients.google.com/c2dm/register3
2026-08-21 20:27:33,743 [INFO] Capturing response: https://android.clients.google.com/c2dm/register3 301 
2026-08-21 20:27:34,433 [INFO] Capturing response: https://global.siteyaptim.live/beintv/tracks-v1a1/2026/08/21/20/27/14-06000.jpg 200 
2026-08-21 20:27:34,489 [INFO]   ✅ M3U8 bulundu: https://corestream.siteyaptim.live//beintv/tracks-v1a1/mono.m3u8
2026-08-21 20:27:34,663 [INFO] Capturing request: https://global.siteyaptim.live/beintv/tracks-v1a1/2026/08/21/20/27/20-06000.jpg
2026-08-21 20:27:34,981 [INFO] Capturing response: https://android.clients.google.com/c2dm/register3 200 
2026-08-21 20:27:35,070 [INFO] Capturing response: https://android.clients.google.com/c2dm/register3 200 
2026-08-21 20:27:35,489 [INFO] 
[2/14]
2026-08-21 20:27:35,489 [INFO] 🔍 beIN Sports 2 → https://www.atomsportv513.top/matches?id=bein-sports-2
2026-08-21 20:27:35,601 [INFO] Capturing request: https://www.atomsportv513.top/matches?id=bein-sports-2
2026-08-21 20:27:35,885 [INFO] Capturing response: https://www.atomsportv513.top/matches?id=bein-sports-2 200 
2026-08-21 20:27:35,944 [INFO] Capturing request: https://streamsport365.com/cinema
2026-08-21 20:27:36,041 [INFO] Capturing request: https://teletv5.top/load/yayinlink.php?id=bein-sports-2
2026-08-21 20:27:36,044 [INFO] Capturing request: https://www.atomsportv513.top/favicon.ico
2026-08-21 20:27:36,053 [INFO] Capturing response: https://global.siteyaptim.live/beintv/tracks-v1a1/2026/08/21/20/27/20-06000.jpg 200 
2026-08-21 20:27:36,117 [INFO] Capturing response: https://www.atomsportv513.top/favicon.ico 200 
2026-08-21 20:27:36,287 [INFO] Capturing response: https://streamsport365.com/cinema 200 
2026-08-21 20:27:36,291 [INFO] Capturing response: https://teletv5.top/load/yayinlink.php?id=bein-sports-2 200 
2026-08-21 20:27:36,403 [INFO] Capturing request: https://www.atomsportv513.top/assets/img/player/player_logo_6a87a2e2eecc5.png
2026-08-21 20:27:36,412 [INFO] Capturing request: https://corestream.siteyaptim.live//bein2/tracks-v1a1/mono.m3u8
2026-08-21 20:27:36,548 [INFO] Capturing response: https://www.atomsportv513.top/assets/img/player/player_logo_6a87a2e2eecc5.png 304 
2026-08-21 20:27:36,582 [INFO] Capturing response: https://corestream.siteyaptim.live//bein2/tracks-v1a1/mono.m3u8 200 
2026-08-21 20:27:36,692 [INFO] Capturing request: https://global.siteyaptim.live/bein2/tracks-v1a1/2026/08/21/20/27/00-10000.jpg
2026-08-21 20:27:37,954 [INFO] Capturing response: https://global.siteyaptim.live/bein2/tracks-v1a1/2026/08/21/20/27/00-10000.jpg 200 
2026-08-21 20:27:38,147 [INFO] Capturing request: https://global.siteyaptim.live/bein2/tracks-v1a1/2026/08/21/20/27/10-10000.jpg
2026-08-21 20:27:38,962 [INFO]   ✅ M3U8 bulundu: https://corestream.siteyaptim.live//bein2/tracks-v1a1/mono.m3u8
2026-08-21 20:27:39,205 [INFO] Capturing response: https://global.siteyaptim.live/bein2/tracks-v1a1/2026/08/21/20/27/10-10000.jpg 200 
2026-08-21 20:27:39,410 [INFO] Capturing request: https://global.siteyaptim.live/bein2/tracks-v1a1/2026/08/21/20/27/20-10000.jpg
2026-08-21 20:27:39,963 [INFO] 
[3/14]
2026-08-21 20:27:39,963 [INFO] 🔍 beIN Sports 3 → https://www.atomsportv513.top/matches?id=bein-sports-3
2026-08-21 20:27:40,073 [INFO] Capturing request: https://www.atomsportv513.top/matches?id=bein-sports-3
2026-08-21 20:27:40,417 [INFO] Capturing response: https://www.atomsportv513.top/matches?id=bein-sports-3 200 
2026-08-21 20:27:40,551 [INFO] Capturing request: https://www.atomsportv513.top/favicon.ico
2026-08-21 20:27:40,553 [INFO] Capturing request: https://teletv5.top/load/yayinlink.php?id=bein-sports-3
2026-08-21 20:27:40,638 [INFO] Capturing response: https://www.atomsportv513.top/favicon.ico 200 
2026-08-21 20:27:40,691 [INFO] Capturing request: https://streamsport365.com/cinema
2026-08-21 20:27:40,706 [INFO] Capturing response: https://global.siteyaptim.live/bein2/tracks-v1a1/2026/08/21/20/27/20-10000.jpg 200 
2026-08-21 20:27:40,821 [INFO] Capturing response: https://teletv5.top/load/yayinlink.php?id=bein-sports-3 200 
2026-08-21 20:27:41,028 [INFO] Capturing response: https://streamsport365.com/cinema 200 
2026-08-21 20:27:41,138 [INFO] Capturing request: https://www.atomsportv513.top/assets/img/player/player_logo_6a87a2e2eecc5.png
2026-08-21 20:27:41,148 [INFO] Capturing request: https://corestream.siteyaptim.live//bein3/tracks-v1a1/mono.m3u8
2026-08-21 20:27:41,285 [INFO] Capturing response: https://www.atomsportv513.top/assets/img/player/player_logo_6a87a2e2eecc5.png 304 
2026-08-21 20:27:41,342 [INFO] Capturing response: https://corestream.siteyaptim.live//bein3/tracks-v1a1/mono.m3u8 200 
2026-08-21 20:27:41,451 [INFO] Capturing request: https://global.siteyaptim.live/bein3/tracks-v1a1/2026/08/21/20/27/10-10000.jpg
2026-08-21 20:27:42,853 [INFO] Capturing response: https://global.siteyaptim.live/bein3/tracks-v1a1/2026/08/21/20/27/10-10000.jpg 200 
2026-08-21 20:27:43,051 [INFO] Capturing request: https://global.siteyaptim.live/bein3/tracks-v1a1/2026/08/21/20/27/20-10000.jpg
2026-08-21 20:27:43,467 [INFO]   ✅ M3U8 bulundu: https://corestream.siteyaptim.live//bein3/tracks-v1a1/mono.m3u8
2026-08-21 20:27:44,445 [INFO] Capturing response: https://global.siteyaptim.live/bein3/tracks-v1a1/2026/08/21/20/27/20-10000.jpg 200 
2026-08-21 20:27:44,467 [INFO] 
[4/14]
2026-08-21 20:27:44,468 [INFO] 🔍 beIN Sports 4 → https://www.atomsportv513.top/matches?id=bein-sports-4
2026-08-21 20:27:44,588 [INFO] Capturing request: https://www.atomsportv513.top/matches?id=bein-sports-4
2026-08-21 20:27:44,684 [INFO] Capturing request: https://global.siteyaptim.live/bein3/tracks-v1a1/2026/08/21/20/27/30-10000.jpg
2026-08-21 20:27:44,868 [INFO] Capturing response: https://www.atomsportv513.top/matches?id=bein-sports-4 200 
2026-08-21 20:27:44,903 [INFO] Capturing request: https://streamsport365.com/cinema
2026-08-21 20:27:45,004 [INFO] Capturing request: https://teletv5.top/load/yayinlink.php?id=bein-sports-4
2026-08-21 20:27:45,008 [INFO] Capturing request: https://www.atomsportv513.top/favicon.ico
2026-08-21 20:27:45,079 [INFO] Capturing response: https://www.atomsportv513.top/favicon.ico 200 
2026-08-21 20:27:45,240 [INFO] Capturing response: https://streamsport365.com/cinema 200 
2026-08-21 20:27:45,245 [INFO] Capturing response: https://teletv5.top/load/yayinlink.php?id=bein-sports-4 200 
2026-08-21 20:27:45,397 [INFO] Capturing request: https://www.atomsportv513.top/assets/img/player/player_logo_6a87a2e2eecc5.png
2026-08-21 20:27:45,408 [INFO] Capturing request: https://corestream.siteyaptim.live//bein4/tracks-v1a1/mono.m3u8
2026-08-21 20:27:45,538 [INFO] Capturing response: https://www.atomsportv513.top/assets/img/player/player_logo_6a87a2e2eecc5.png 304 
2026-08-21 20:27:45,722 [INFO] Capturing response: https://corestream.siteyaptim.live//bein4/tracks-v1a1/mono.m3u8 200 
2026-08-21 20:27:45,877 [INFO] Capturing request: https://global.siteyaptim.live/bein4/tracks-v1a1/2026/08/21/20/27/08-10000.jpg
2026-08-21 20:27:46,134 [INFO] Capturing response: https://global.siteyaptim.live/bein3/tracks-v1a1/2026/08/21/20/27/30-10000.jpg 200 
2026-08-21 20:27:47,912 [INFO]   ✅ M3U8 bulundu: https://corestream.siteyaptim.live//bein4/tracks-v1a1/mono.m3u8
2026-08-21 20:27:48,831 [INFO] Capturing response: https://global.siteyaptim.live/bein4/tracks-v1a1/2026/08/21/20/27/08-10000.jpg 200 
2026-08-21 20:27:48,912 [INFO] 
[5/14]
2026-08-21 20:27:48,913 [INFO] 🔍 beIN Sports 5 → https://www.atomsportv513.top/matches?id=bein-sports-5
2026-08-21 20:27:49,041 [INFO] Capturing request: https://www.atomsportv513.top/matches?id=bein-sports-5
2026-08-21 20:27:49,147 [INFO] Capturing request: https://global.siteyaptim.live/bein4/tracks-v1a1/2026/08/21/20/27/18-10000.jpg
2026-08-21 20:27:49,334 [INFO] Capturing response: https://www.atomsportv513.top/matches?id=bein-sports-5 200 
2026-08-21 20:27:49,473 [INFO] Capturing request: https://teletv5.top/load/yayinlink.php?id=bein-sports-5
2026-08-21 20:27:49,477 [INFO] Capturing request: https://www.atomsportv513.top/favicon.ico
2026-08-21 20:27:49,557 [INFO] Capturing response: https://www.atomsportv513.top/favicon.ico 200 
2026-08-21 20:27:49,603 [INFO] Capturing request: https://streamsport365.com/cinema
2026-08-21 20:27:49,936 [INFO] Capturing response: https://streamsport365.com/cinema 200 
2026-08-21 20:27:50,146 [INFO] Capturing response: https://teletv5.top/load/yayinlink.php?id=bein-sports-5 200 
2026-08-21 20:27:50,259 [INFO] Capturing request: https://www.atomsportv513.top/assets/img/player/player_logo_6a87a2e2eecc5.png
2026-08-21 20:27:50,268 [INFO] Capturing request: https://corestream.siteyaptim.live//bein5/tracks-v1a1/mono.m3u8
2026-08-21 20:27:50,418 [INFO] Capturing response: https://www.atomsportv513.top/assets/img/player/player_logo_6a87a2e2eecc5.png 304 
2026-08-21 20:27:50,446 [INFO] Capturing response: https://corestream.siteyaptim.live//bein5/tracks-v1a1/mono.m3u8 200 
2026-08-21 20:27:50,556 [INFO] Capturing request: https://global.siteyaptim.live/bein5/tracks-v1a1/2026/08/21/20/27/02-13520.jpg
2026-08-21 20:27:52,385 [INFO]   ✅ M3U8 bulundu: https://corestream.siteyaptim.live//bein5/tracks-v1a1/mono.m3u8
2026-08-21 20:27:52,629 [INFO] Capturing response: https://global.siteyaptim.live/bein4/tracks-v1a1/2026/08/21/20/27/18-10000.jpg 200 
2026-08-21 20:27:53,386 [INFO] 
[6/14]
2026-08-21 20:27:53,388 [INFO] 🔍 beIN Sports Max 1 → https://www.atomsportv513.top/matches?id=bein-sports-max-1
2026-08-21 20:27:53,512 [INFO] Capturing request: https://www.atomsportv513.top/matches?id=bein-sports-max-1
2026-08-21 20:27:53,846 [INFO] Capturing response: https://www.atomsportv513.top/matches?id=bein-sports-max-1 200 
2026-08-21 20:27:53,882 [INFO] Capturing request: https://streamsport365.com/cinema
2026-08-21 20:27:53,979 [INFO] Capturing request: https://teletv5.top/load/yayinlink.php?id=bein-sports-max-1
2026-08-21 20:27:53,983 [INFO] Capturing request: https://www.atomsportv513.top/favicon.ico
2026-08-21 20:27:54,054 [INFO] Capturing response: https://www.atomsportv513.top/favicon.ico 200 
2026-08-21 20:27:54,220 [INFO] Capturing response: https://streamsport365.com/cinema 200 
2026-08-21 20:27:54,264 [INFO] Capturing response: https://teletv5.top/load/yayinlink.php?id=bein-sports-max-1 200 
2026-08-21 20:27:54,416 [INFO] Capturing request: https://www.atomsportv513.top/assets/img/player/player_logo_6a87a2e2eecc5.png
2026-08-21 20:27:54,427 [INFO] Capturing request: https://corestream.siteyaptim.live//beinmax1/tracks-v1a1/mono.m3u8
2026-08-21 20:27:54,554 [INFO] Capturing response: https://www.atomsportv513.top/assets/img/player/player_logo_6a87a2e2eecc5.png 304 
2026-08-21 20:27:54,638 [INFO] Capturing response: https://corestream.siteyaptim.live//beinmax1/tracks-v1a1/mono.m3u8 404 
2026-08-21 20:27:55,729 [INFO] Capturing request: https://android.clients.google.com/c2dm/register3
2026-08-21 20:27:55,796 [INFO] Capturing response: https://android.clients.google.com/c2dm/register3 301 
2026-08-21 20:27:56,212 [INFO] Capturing response: https://global.siteyaptim.live/bein5/tracks-v1a1/2026/08/21/20/27/02-13520.jpg 200 
2026-08-21 20:27:56,441 [INFO] 127.0.0.1:45616: ProtocolException("Error in HTTP connection: Http2ZombieException('Connection or stream already dead: 1787344076.3416796, False')")
2026-08-21 20:27:56,803 [INFO] Capturing request: https://corestream.siteyaptim.live//beinmax1/tracks-v1a1/mono.m3u8
2026-08-21 20:27:56,898 [INFO]   ✅ M3U8 bulundu: https://corestream.siteyaptim.live//beinmax1/tracks-v1a1/mono.m3u8
2026-08-21 20:27:56,998 [INFO] Capturing response: https://corestream.siteyaptim.live//beinmax1/tracks-v1a1/mono.m3u8 404 
2026-08-21 20:27:57,898 [INFO] 
[7/14]
2026-08-21 20:27:57,899 [INFO] 🔍 beIN Sports Max 2 → https://www.atomsportv513.top/matches?id=bein-sports-max-2
2026-08-21 20:27:58,008 [INFO] Capturing request: https://www.atomsportv513.top/matches?id=bein-sports-max-2
2026-08-21 20:27:58,279 [INFO] Capturing response: https://www.atomsportv513.top/matches?id=bein-sports-max-2 200 
2026-08-21 20:27:58,413 [INFO] Capturing request: https://www.atomsportv513.top/favicon.ico
2026-08-21 20:27:58,414 [INFO] Capturing request: https://teletv5.top/load/yayinlink.php?id=bein-sports-max-2
2026-08-21 20:27:58,474 [INFO] Capturing response: https://www.atomsportv513.top/favicon.ico 200 
2026-08-21 20:27:58,553 [INFO] Capturing request: https://streamsport365.com/cinema
2026-08-21 20:27:58,648 [INFO] Capturing response: https://teletv5.top/load/yayinlink.php?id=bein-sports-max-2 200 
2026-08-21 20:27:58,883 [INFO] Capturing response: https://streamsport365.com/cinema 200 
2026-08-21 20:27:58,994 [INFO] Capturing request: https://www.atomsportv513.top/assets/img/player/player_logo_6a87a2e2eecc5.png
2026-08-21 20:27:59,005 [INFO] Capturing request: https://corestream.siteyaptim.live//beinmax2/tracks-v1a1/mono.m3u8
2026-08-21 20:27:59,131 [INFO] Capturing response: https://www.atomsportv513.top/assets/img/player/player_logo_6a87a2e2eecc5.png 304 
2026-08-21 20:27:59,208 [INFO] Capturing response: https://corestream.siteyaptim.live//beinmax2/tracks-v1a1/mono.m3u8 404 
2026-08-21 20:28:01,323 [INFO]   ✅ M3U8 bulundu: https://corestream.siteyaptim.live//beinmax2/tracks-v1a1/mono.m3u8
2026-08-21 20:28:01,367 [INFO] Capturing request: https://corestream.siteyaptim.live//beinmax2/tracks-v1a1/mono.m3u8
2026-08-21 20:28:01,574 [INFO] Capturing response: https://corestream.siteyaptim.live//beinmax2/tracks-v1a1/mono.m3u8 404 
2026-08-21 20:28:02,323 [INFO] 
[8/14]
2026-08-21 20:28:02,323 [INFO] 🔍 S Sport → https://www.atomsportv513.top/matches?id=s-sport
2026-08-21 20:28:02,431 [INFO] Capturing request: https://www.atomsportv513.top/matches?id=s-sport
2026-08-21 20:28:02,944 [INFO] Capturing response: https://www.atomsportv513.top/matches?id=s-sport 200 
2026-08-21 20:28:02,983 [INFO] Capturing request: https://streamsport365.com/cinema
2026-08-21 20:28:03,081 [INFO] Capturing request: https://teletv5.top/load/yayinlink.php?id=s-sport
2026-08-21 20:28:03,085 [INFO] Capturing request: https://www.atomsportv513.top/favicon.ico
2026-08-21 20:28:03,176 [INFO] Capturing response: https://www.atomsportv513.top/favicon.ico 200 
2026-08-21 20:28:03,319 [INFO] Capturing response: https://streamsport365.com/cinema 200 
2026-08-21 20:28:03,335 [INFO] Capturing response: https://teletv5.top/load/yayinlink.php?id=s-sport 200 
2026-08-21 20:28:03,486 [INFO] Capturing request: https://www.atomsportv513.top/assets/img/player/player_logo_6a87a2e2eecc5.png
2026-08-21 20:28:03,495 [INFO] Capturing request: https://corestream.siteyaptim.live//s-sport/tracks-v1a1/mono.m3u8
2026-08-21 20:28:03,629 [INFO] Capturing response: https://www.atomsportv513.top/assets/img/player/player_logo_6a87a2e2eecc5.png 304 
2026-08-21 20:28:03,671 [INFO] Capturing response: https://corestream.siteyaptim.live//s-sport/tracks-v1a1/mono.m3u8 200 
2026-08-21 20:28:03,781 [INFO] Capturing request: https://global.siteyaptim.live/s-sport/tracks-v1a1/2026/08/21/20/28/16-10000.jpg
2026-08-21 20:28:05,450 [INFO] Capturing response: https://global.siteyaptim.live/s-sport/tracks-v1a1/2026/08/21/20/28/16-10000.jpg 200 
2026-08-21 20:28:05,712 [INFO] Capturing request: https://global.siteyaptim.live/s-sport/tracks-v1a1/2026/08/21/20/28/26-10000.jpg
2026-08-21 20:28:06,003 [INFO]   ✅ M3U8 bulundu: https://corestream.siteyaptim.live//s-sport/tracks-v1a1/mono.m3u8
2026-08-21 20:28:07,004 [INFO] 
[9/14]
2026-08-21 20:28:07,004 [INFO] 🔍 S Sport 2 → https://www.atomsportv513.top/matches?id=s-sport-2
2026-08-21 20:28:07,114 [INFO] Capturing request: https://www.atomsportv513.top/matches?id=s-sport-2
2026-08-21 20:28:07,411 [INFO] Capturing response: https://www.atomsportv513.top/matches?id=s-sport-2 200 
2026-08-21 20:28:07,543 [INFO] Capturing request: https://www.atomsportv513.top/favicon.ico
2026-08-21 20:28:07,544 [INFO] Capturing request: https://teletv5.top/load/yayinlink.php?id=s-sport-2
2026-08-21 20:28:07,561 [INFO] Capturing response: https://global.siteyaptim.live/s-sport/tracks-v1a1/2026/08/21/20/28/26-10000.jpg 200 
2026-08-21 20:28:07,614 [INFO] Capturing response: https://www.atomsportv513.top/favicon.ico 200 
2026-08-21 20:28:07,687 [INFO] Capturing request: https://streamsport365.com/cinema
2026-08-21 20:28:07,797 [INFO] Capturing response: https://teletv5.top/load/yayinlink.php?id=s-sport-2 200 
2026-08-21 20:28:08,033 [INFO] Capturing response: https://streamsport365.com/cinema 200 
2026-08-21 20:28:08,144 [INFO] Capturing request: https://www.atomsportv513.top/assets/img/player/player_logo_6a87a2e2eecc5.png
2026-08-21 20:28:08,154 [INFO] Capturing request: https://corestream.siteyaptim.live//s-sport2/tracks-v1a1/mono.m3u8
2026-08-21 20:28:08,285 [INFO] Capturing response: https://www.atomsportv513.top/assets/img/player/player_logo_6a87a2e2eecc5.png 304 
2026-08-21 20:28:08,363 [INFO] Capturing response: https://corestream.siteyaptim.live//s-sport2/tracks-v1a1/mono.m3u8 200 
2026-08-21 20:28:08,513 [INFO] Capturing request: https://global.siteyaptim.live/s-sport2/tracks-v1a1/2026/08/21/20/28/34-06000.jpg
2026-08-21 20:28:09,803 [INFO] Capturing response: https://global.siteyaptim.live/s-sport2/tracks-v1a1/2026/08/21/20/28/34-06000.jpg 200 
2026-08-21 20:28:10,033 [INFO] Capturing request: https://global.siteyaptim.live/s-sport2/tracks-v1a1/2026/08/21/20/28/40-06000.jpg
2026-08-21 20:28:10,460 [INFO]   ✅ M3U8 bulundu: https://corestream.siteyaptim.live//s-sport2/tracks-v1a1/mono.m3u8
2026-08-21 20:28:11,352 [INFO] Capturing response: https://global.siteyaptim.live/s-sport2/tracks-v1a1/2026/08/21/20/28/40-06000.jpg 200 
2026-08-21 20:28:11,460 [INFO] 
[10/14]
2026-08-21 20:28:11,460 [INFO] 🔍 A Spor → https://www.atomsportv513.top/matches?id=a-spor
2026-08-21 20:28:11,579 [INFO] Capturing request: https://www.atomsportv513.top/matches?id=a-spor
2026-08-21 20:28:11,580 [INFO] Capturing request: https://global.siteyaptim.live/s-sport2/tracks-v1a1/2026/08/21/20/28/46-06000.jpg
2026-08-21 20:28:11,863 [INFO] Capturing response: https://www.atomsportv513.top/matches?id=a-spor 200 
2026-08-21 20:28:11,902 [INFO] Capturing request: https://streamsport365.com/cinema
2026-08-21 20:28:12,001 [INFO] Capturing request: https://teletv5.top/load/yayinlink.php?id=a-spor
2026-08-21 20:28:12,005 [INFO] Capturing request: https://www.atomsportv513.top/favicon.ico
2026-08-21 20:28:12,068 [INFO] Capturing response: https://www.atomsportv513.top/favicon.ico 200 
2026-08-21 20:28:12,240 [INFO] Capturing response: https://streamsport365.com/cinema 200 
2026-08-21 20:28:12,262 [INFO] Capturing response: https://teletv5.top/load/yayinlink.php?id=a-spor 200 
2026-08-21 20:28:12,414 [INFO] Capturing request: https://www.atomsportv513.top/assets/img/player/player_logo_6a87a2e2eecc5.png
2026-08-21 20:28:12,423 [INFO] Capturing request: https://corestream.siteyaptim.live//aspor/tracks-v1a1/mono.m3u8
2026-08-21 20:28:12,556 [INFO] Capturing response: https://www.atomsportv513.top/assets/img/player/player_logo_6a87a2e2eecc5.png 304 
2026-08-21 20:28:12,615 [INFO] Capturing response: https://corestream.siteyaptim.live//aspor/tracks-v1a1/mono.m3u8 200 
2026-08-21 20:28:12,727 [INFO] Capturing request: https://global.siteyaptim.live/aspor/tracks-v1a1/2026/08/21/20/28/00-10000.jpg
2026-08-21 20:28:13,045 [INFO] Capturing response: https://global.siteyaptim.live/s-sport2/tracks-v1a1/2026/08/21/20/28/46-06000.jpg 200 
2026-08-21 20:28:13,082 [INFO] 127.0.0.1:45616: ProtocolException("Error in HTTP connection: Http2ZombieException('Connection or stream already dead: 1787344093.0811963, False')")
2026-08-21 20:28:14,915 [INFO]   ✅ M3U8 bulundu: https://corestream.siteyaptim.live//aspor/tracks-v1a1/mono.m3u8
2026-08-21 20:28:15,486 [INFO] Capturing response: https://global.siteyaptim.live/aspor/tracks-v1a1/2026/08/21/20/28/00-10000.jpg 200 
2026-08-21 20:28:15,785 [INFO] Capturing request: https://global.siteyaptim.live/aspor/tracks-v1a1/2026/08/21/20/28/10-10000.jpg
2026-08-21 20:28:15,915 [INFO] 
[11/14]
2026-08-21 20:28:15,916 [INFO] 🔍 Tivibu Spor 1 → https://www.atomsportv513.top/matches?id=tivibu-spor-1
2026-08-21 20:28:16,026 [INFO] Capturing request: https://www.atomsportv513.top/matches?id=tivibu-spor-1
2026-08-21 20:28:16,593 [INFO] Capturing response: https://www.atomsportv513.top/matches?id=tivibu-spor-1 200 
2026-08-21 20:28:16,732 [INFO] Capturing request: https://teletv5.top/load/yayinlink.php?id=tivibu-spor-1
2026-08-21 20:28:16,735 [INFO] Capturing request: https://www.atomsportv513.top/favicon.ico
2026-08-21 20:28:16,824 [INFO] Capturing response: https://www.atomsportv513.top/favicon.ico 200 
2026-08-21 20:28:16,872 [INFO] Capturing request: https://streamsport365.com/cinema
2026-08-21 20:28:16,967 [INFO] Capturing response: https://teletv5.top/load/yayinlink.php?id=tivibu-spor-1 200 
2026-08-21 20:28:17,210 [INFO] Capturing response: https://streamsport365.com/cinema 200 
2026-08-21 20:28:18,334 [INFO] Capturing response: https://global.siteyaptim.live/aspor/tracks-v1a1/2026/08/21/20/28/10-10000.jpg 200 
2026-08-21 20:28:29,643 [INFO] Capturing request: https://update.googleapis.com/service/update2/json?cup2key=16:qVjJtRIiLdCXvXuXiWDatU3Rr1rlztKAL-2NhG1C4Yo&cup2hreq=60c8817d6619734aa001e56a8ff256168b83ae2d9b2cb378d9410e2d576834ef
2026-08-21 20:28:29,705 [INFO] Capturing response: https://update.googleapis.com/service/update2/json?cup2key=16:qVjJtRIiLdCXvXuXiWDatU3Rr1rlztKAL-2NhG1C4Yo&cup2hreq=60c8817d6619734aa001e56a8ff256168b83ae2d9b2cb378d9410e2d576834ef 200 
2026-08-21 20:28:29,712 [INFO] Capturing request: http://edgedl.me.gvt1.com/edgedl/diffgen-puffin/gcmjkmgdlgnkkcocmoeiminaijmmjnii/6ca5bdb9f3e2cd83b7e359729bc6c33c4fe975ec499861d969b3e080320849ff
2026-08-21 20:28:29,848 [INFO] Capturing response: http://edgedl.me.gvt1.com/edgedl/diffgen-puffin/gcmjkmgdlgnkkcocmoeiminaijmmjnii/6ca5bdb9f3e2cd83b7e359729bc6c33c4fe975ec499861d969b3e080320849ff 200 OK
2026-08-21 20:28:29,882 [INFO] Capturing request: https://update.googleapis.com/service/update2/json
2026-08-21 20:28:29,941 [INFO] Capturing response: https://update.googleapis.com/service/update2/json 200 
2026-08-21 20:28:29,987 [INFO] Capturing request: http://edgedl.me.gvt1.com/edgedl/release2/chrome_component/acrejibbatgcdimswdnfisjqctaa_10730/hfnkpimlhhgieaddgfemjhofmfblmnib_10730_all_adnmhsrqoze7yl7t33nv7uyibefq.crx3
2026-08-21 20:28:30,144 [INFO] Capturing response: http://edgedl.me.gvt1.com/edgedl/release2/chrome_component/acrejibbatgcdimswdnfisjqctaa_10730/hfnkpimlhhgieaddgfemjhofmfblmnib_10730_all_adnmhsrqoze7yl7t33nv7uyibefq.crx3 200 OK
2026-08-21 20:28:30,176 [INFO] Capturing request: https://update.googleapis.com/service/update2/json
2026-08-21 20:28:30,226 [INFO] Capturing response: https://update.googleapis.com/service/update2/json 200 
2026-08-21 20:28:44,664 [INFO] Capturing request: https://android.clients.google.com/c2dm/register3
2026-08-21 20:28:44,727 [INFO] Capturing response: https://android.clients.google.com/c2dm/register3 301 
2026-08-21 20:28:49,919 [WARNING]   ❌ Tivibu Spor 1 için M3U8 bulunamadı
2026-08-21 20:28:50,919 [INFO] 
[12/14]
2026-08-21 20:28:50,919 [INFO] 🔍 Tivibu Spor 2 → https://www.atomsportv513.top/matches?id=tivibu-spor-2
2026-08-21 20:28:51,093 [INFO] Capturing request: https://www.atomsportv513.top/matches?id=tivibu-spor-2
2026-08-21 20:28:51,690 [INFO] Capturing response: https://www.atomsportv513.top/matches?id=tivibu-spor-2 200 
2026-08-21 20:28:51,853 [INFO] Capturing request: https://www.atomsportv513.top/favicon.ico
2026-08-21 20:28:51,924 [INFO] Capturing request: https://teletv5.top/load/yayinlink.php?id=tivibu-spor-2
2026-08-21 20:28:51,941 [INFO] Capturing response: https://www.atomsportv513.top/favicon.ico 200 
2026-08-21 20:28:52,365 [INFO] Capturing response: https://teletv5.top/load/yayinlink.php?id=tivibu-spor-2 200 
2026-08-21 20:28:52,408 [INFO] Capturing request: https://streamsport365.com/cinema
2026-08-21 20:28:52,729 [INFO] Capturing response: https://streamsport365.com/cinema 200 
2026-08-21 20:29:25,009 [WARNING]   ❌ Tivibu Spor 2 için M3U8 bulunamadı
2026-08-21 20:29:26,009 [INFO] 
[13/14]
2026-08-21 20:29:26,009 [INFO] 🔍 Tivibu Spor 3 → https://www.atomsportv513.top/matches?id=tivibu-spor-3
2026-08-21 20:29:26,119 [INFO] Capturing request: https://www.atomsportv513.top/matches?id=tivibu-spor-3
2026-08-21 20:29:26,583 [INFO] Capturing response: https://www.atomsportv513.top/matches?id=tivibu-spor-3 200 
2026-08-21 20:29:26,717 [INFO] Capturing request: https://teletv5.top/load/yayinlink.php?id=tivibu-spor-3
2026-08-21 20:29:26,721 [INFO] Capturing request: https://www.atomsportv513.top/favicon.ico
2026-08-21 20:29:26,787 [INFO] Capturing response: https://www.atomsportv513.top/favicon.ico 200 
2026-08-21 20:29:26,861 [INFO] Capturing request: https://streamsport365.com/cinema
2026-08-21 20:29:26,971 [INFO] Capturing response: https://teletv5.top/load/yayinlink.php?id=tivibu-spor-3 200 
2026-08-21 20:29:27,191 [INFO] Capturing response: https://streamsport365.com/cinema 200 
2026-08-21 20:29:59,869 [WARNING]   ❌ Tivibu Spor 3 için M3U8 bulunamadı
2026-08-21 20:30:00,869 [INFO] 
[14/14]
2026-08-21 20:30:00,869 [INFO] 🔍 Tivibu Spor 4 → https://www.atomsportv513.top/matches?id=tivibu-spor-4
2026-08-21 20:30:00,979 [INFO] Capturing request: https://www.atomsportv513.top/matches?id=tivibu-spor-4
2026-08-21 20:30:01,447 [INFO] Capturing response: https://www.atomsportv513.top/matches?id=tivibu-spor-4 200 
2026-08-21 20:30:01,578 [INFO] Capturing request: https://teletv5.top/load/yayinlink.php?id=tivibu-spor-4
2026-08-21 20:30:01,581 [INFO] Capturing request: https://www.atomsportv513.top/favicon.ico
2026-08-21 20:30:01,657 [INFO] Capturing response: https://www.atomsportv513.top/favicon.ico 200 
2026-08-21 20:30:01,717 [INFO] Capturing request: https://streamsport365.com/cinema
2026-08-21 20:30:01,835 [INFO] Capturing response: https://teletv5.top/load/yayinlink.php?id=tivibu-spor-4 200 
2026-08-21 20:30:02,053 [INFO] Capturing response: https://streamsport365.com/cinema 200 
2026-08-21 20:30:11,707 [INFO] Capturing request: https://android.clients.google.com/c2dm/register3
2026-08-21 20:30:11,772 [INFO] Capturing response: https://android.clients.google.com/c2dm/register3 301 
2026-08-21 20:30:34,731 [WARNING]   ❌ Tivibu Spor 4 için M3U8 bulunamadı
2026-08-21 20:30:35,798 [INFO] ✅ 10 kanal bulundu, playlist.m3u kaydedildi
