2026-07-29 22:33:54,344 [INFO] 🌐 BASE_URL: https://www.atomsportv510.top
2026-07-29 22:33:55,464 [INFO] Başlanıyor... 14 kanal taranacak
2026-07-29 22:33:55,464 [INFO] Using default request storage
2026-07-29 22:33:55,467 [INFO] Created proxy listening on 127.0.0.1:33743
2026-07-29 22:33:56,098 [INFO] Capturing request: http://clients2.google.com/time/1/current?cup2key=10:01WGt3T1gg6uaLUShKAB6Nl3Y8zRtEAve0oOa57Exs0&cup2hreq=e3b0c44298fc1c149afbf4c8996fb92427ae41e4649b934ca495991b7852b855
2026-07-29 22:33:56,214 [INFO] Capturing response: http://clients2.google.com/time/1/current?cup2key=10:01WGt3T1gg6uaLUShKAB6Nl3Y8zRtEAve0oOa57Exs0&cup2hreq=e3b0c44298fc1c149afbf4c8996fb92427ae41e4649b934ca495991b7852b855 200 OK
2026-07-29 22:33:56,243 [INFO] 
[1/14]
2026-07-29 22:33:56,243 [INFO] 🔍 beIN Sports 1 → https://www.atomsportv510.top/matches?id=bein-sports-1
2026-07-29 22:33:56,536 [INFO] Capturing request: https://update.googleapis.com/service/update2/json?cup2key=16:tbPoeaJa7ErcnUEW8RwWkhjGqPOGg_eNMKqNZ7qlS1Y&cup2hreq=dfa57329ffa1d657de310c25d62ecd5351ffcbac671e6059e0a4c842a716e68b
2026-07-29 22:33:56,539 [INFO] Capturing request: https://accounts.google.com/ListAccounts?gpsia=1&source=ChromiumBrowser&json=standard&laf=b64bin
2026-07-29 22:33:56,591 [INFO] Capturing response: https://accounts.google.com/ListAccounts?gpsia=1&source=ChromiumBrowser&json=standard&laf=b64bin 200 
2026-07-29 22:33:56,594 [INFO] Capturing response: https://update.googleapis.com/service/update2/json?cup2key=16:tbPoeaJa7ErcnUEW8RwWkhjGqPOGg_eNMKqNZ7qlS1Y&cup2hreq=dfa57329ffa1d657de310c25d62ecd5351ffcbac671e6059e0a4c842a716e68b 200 
2026-07-29 22:33:56,633 [INFO] Capturing request: https://www.atomsportv510.top/matches?id=bein-sports-1
2026-07-29 22:33:56,637 [INFO] Capturing request: https://www.google.com/async/folae?async=_fmt:pb&udm=50&client_locale=en-US&client_country=ZZ
2026-07-29 22:33:56,640 [INFO] Capturing request: https://update.googleapis.com/service/update2/json?cup2key=16:fXrHzts3L0oicakpvU1d57HwxFARyk6-w3KKPNvqaO0&cup2hreq=ac938b1164dccaef795dce2ec4873f357999c27a1b47e25b8aba9cc905de2dc6
2026-07-29 22:33:56,667 [INFO] Capturing response: https://www.google.com/async/folae?async=_fmt:pb&udm=50&client_locale=en-US&client_country=ZZ 200 
2026-07-29 22:33:56,696 [INFO] Capturing response: https://update.googleapis.com/service/update2/json?cup2key=16:fXrHzts3L0oicakpvU1d57HwxFARyk6-w3KKPNvqaO0&cup2hreq=ac938b1164dccaef795dce2ec4873f357999c27a1b47e25b8aba9cc905de2dc6 200 
2026-07-29 22:33:56,741 [INFO] Capturing request: https://update.googleapis.com/service/update2/json?cup2key=16:R08ndaYkLmEWMlPn2JrxDEXUoSa0TXIjgFJFfEYXwQY&cup2hreq=ce30ce43eae587eee74a5dd254a6ab152d5ec8422898d8800aac33fbf00c5338
2026-07-29 22:33:56,796 [INFO] Capturing response: https://update.googleapis.com/service/update2/json?cup2key=16:R08ndaYkLmEWMlPn2JrxDEXUoSa0TXIjgFJFfEYXwQY&cup2hreq=ce30ce43eae587eee74a5dd254a6ab152d5ec8422898d8800aac33fbf00c5338 200 
2026-07-29 22:33:56,838 [INFO] Capturing request: https://www.google.com/async/folae?async=_fmt:pb&udm=50&client_locale=en-US&client_country=ZZ
2026-07-29 22:33:56,867 [INFO] Capturing response: https://www.google.com/async/folae?async=_fmt:pb&udm=50&client_locale=en-US&client_country=ZZ 200 
2026-07-29 22:33:57,555 [INFO] Capturing response: https://www.atomsportv510.top/matches?id=bein-sports-1 200 
2026-07-29 22:33:57,778 [INFO] Capturing request: https://cdn.jsdelivr.net/npm/@clappr/player@0.11.16/dist/clappr.min.js
2026-07-29 22:33:57,785 [INFO] Capturing request: https://cdn.jsdelivr.net/npm/level-selector/dist/level-selector.min.js
2026-07-29 22:33:57,786 [INFO] Capturing request: https://cdn.jsdelivr.net/npm/@clappr/hlsjs-playback@1.8.3/dist/hlsjs-playback.min.js
2026-07-29 22:33:57,814 [INFO] Capturing response: https://cdn.jsdelivr.net/npm/level-selector/dist/level-selector.min.js 200 
2026-07-29 22:33:57,885 [INFO] Capturing response: https://cdn.jsdelivr.net/npm/@clappr/player@0.11.16/dist/clappr.min.js 200 
2026-07-29 22:33:57,900 [INFO] Capturing response: https://cdn.jsdelivr.net/npm/@clappr/hlsjs-playback@1.8.3/dist/hlsjs-playback.min.js 200 
2026-07-29 22:33:58,070 [INFO] Capturing request: https://www.atomsportv510.top/favicon.ico
2026-07-29 22:33:58,166 [INFO] Capturing response: https://www.atomsportv510.top/favicon.ico 200 
2026-07-29 22:33:58,189 [INFO] Capturing request: https://teletv5.top/load/yayinlink.php?id=bein-sports-1
2026-07-29 22:33:58,539 [INFO] Capturing response: https://teletv5.top/load/yayinlink.php?id=bein-sports-1 200 
2026-07-29 22:33:58,623 [INFO] Capturing request: https://streamsport365.com/cinema
2026-07-29 22:33:58,922 [INFO] Capturing response: https://streamsport365.com/cinema 200 
2026-07-29 22:33:59,046 [INFO] Capturing request: https://www.atomsportv510.top/assets/img/player/player_logo_6a5f6c9cb38e0.png
2026-07-29 22:33:59,122 [INFO] Capturing response: https://www.atomsportv510.top/assets/img/player/player_logo_6a5f6c9cb38e0.png 200 
2026-07-29 22:33:59,201 [INFO] Capturing request: https://hlsforever.forgetmoenszo.workers.dev/https://corestream.siteyaptim.live//bein1/tracks-v1a1/mono.m3u8
2026-07-29 22:33:59,495 [INFO] Capturing response: https://hlsforever.forgetmoenszo.workers.dev/https://corestream.siteyaptim.live//bein1/tracks-v1a1/mono.m3u8 200 
2026-07-29 22:33:59,910 [INFO] Capturing request: https://global.siteyaptim.live/bein1/tracks-v1a1/2026/07/29/22/33/42-05000.jpg
2026-07-29 22:34:00,406 [INFO] Capturing request: https://android.clients.google.com/checkin
2026-07-29 22:34:00,495 [INFO] Capturing response: https://android.clients.google.com/checkin 200 
2026-07-29 22:34:00,513 [INFO] Capturing response: https://global.siteyaptim.live/bein1/tracks-v1a1/2026/07/29/22/33/42-05000.jpg 200 
2026-07-29 22:34:00,546 [INFO] Capturing request: https://android.clients.google.com/c2dm/register3
2026-07-29 22:34:00,594 [INFO] Capturing request: https://android.clients.google.com/c2dm/register3
2026-07-29 22:34:00,595 [INFO] Capturing request: https://android.clients.google.com/c2dm/register3
2026-07-29 22:34:00,642 [INFO] Capturing response: https://android.clients.google.com/c2dm/register3 301 
2026-07-29 22:34:00,725 [INFO] Capturing request: https://global.siteyaptim.live/bein1/tracks-v1a1/2026/07/29/22/33/47-05000.jpg
2026-07-29 22:34:00,989 [INFO]   ✅ M3U8 bulundu: https://hlsforever.forgetmoenszo.workers.dev/https://corestream.siteyaptim.live//bein1/tracks-v1a1/mono.m3u8
2026-07-29 22:34:01,245 [INFO] Capturing response: https://global.siteyaptim.live/bein1/tracks-v1a1/2026/07/29/22/33/47-05000.jpg 200 
2026-07-29 22:34:01,389 [INFO] Capturing request: https://global.siteyaptim.live/bein1/tracks-v1a1/2026/07/29/22/33/52-05000.jpg
2026-07-29 22:34:01,458 [INFO] Capturing response: https://android.clients.google.com/c2dm/register3 200 
2026-07-29 22:34:01,595 [INFO] Capturing response: https://android.clients.google.com/c2dm/register3 200 
2026-07-29 22:34:01,947 [INFO] Capturing response: https://global.siteyaptim.live/bein1/tracks-v1a1/2026/07/29/22/33/52-05000.jpg 200 
2026-07-29 22:34:01,989 [INFO] 
[2/14]
2026-07-29 22:34:01,989 [INFO] 🔍 beIN Sports 2 → https://www.atomsportv510.top/matches?id=bein-sports-2
2026-07-29 22:34:02,098 [INFO] Capturing request: https://www.atomsportv510.top/matches?id=bein-sports-2
2026-07-29 22:34:02,515 [INFO] Capturing response: https://www.atomsportv510.top/matches?id=bein-sports-2 200 
2026-07-29 22:34:02,558 [INFO] Capturing request: https://streamsport365.com/cinema
2026-07-29 22:34:02,658 [INFO] Capturing request: https://teletv5.top/load/yayinlink.php?id=bein-sports-2
2026-07-29 22:34:02,659 [INFO] Capturing request: https://www.atomsportv510.top/favicon.ico
2026-07-29 22:34:02,753 [INFO] Capturing response: https://www.atomsportv510.top/favicon.ico 200 
2026-07-29 22:34:02,855 [INFO] Capturing response: https://streamsport365.com/cinema 200 
2026-07-29 22:34:02,986 [INFO] Capturing response: https://teletv5.top/load/yayinlink.php?id=bein-sports-2 200 
2026-07-29 22:34:03,097 [INFO] Capturing request: https://www.atomsportv510.top/assets/img/player/player_logo_6a5f6c9cb38e0.png
2026-07-29 22:34:03,105 [INFO] Capturing request: https://hlsforever.forgetmoenszo.workers.dev/https://corestream.siteyaptim.live//bein2/tracks-v1a1/mono.m3u8
2026-07-29 22:34:03,265 [INFO] Capturing response: https://www.atomsportv510.top/assets/img/player/player_logo_6a5f6c9cb38e0.png 304 
2026-07-29 22:34:03,342 [INFO] Capturing response: https://hlsforever.forgetmoenszo.workers.dev/https://corestream.siteyaptim.live//bein2/tracks-v1a1/mono.m3u8 200 
2026-07-29 22:34:03,452 [INFO] Capturing request: https://global.siteyaptim.live/bein2/tracks-v1a1/2026/07/29/22/33/38-07260.jpg
2026-07-29 22:34:04,183 [INFO] Capturing response: https://global.siteyaptim.live/bein2/tracks-v1a1/2026/07/29/22/33/38-07260.jpg 200 
2026-07-29 22:34:04,347 [INFO] Capturing request: https://global.siteyaptim.live/bein2/tracks-v1a1/2026/07/29/22/33/45-05500.jpg
2026-07-29 22:34:05,131 [INFO] Capturing response: https://global.siteyaptim.live/bein2/tracks-v1a1/2026/07/29/22/33/45-05500.jpg 200 
2026-07-29 22:34:05,317 [INFO] Capturing request: https://global.siteyaptim.live/bein2/tracks-v1a1/2026/07/29/22/33/51-05000.jpg
2026-07-29 22:34:05,571 [INFO]   ✅ M3U8 bulundu: https://hlsforever.forgetmoenszo.workers.dev/https://corestream.siteyaptim.live//bein2/tracks-v1a1/mono.m3u8
2026-07-29 22:34:05,821 [INFO] Capturing response: https://global.siteyaptim.live/bein2/tracks-v1a1/2026/07/29/22/33/51-05000.jpg 200 
2026-07-29 22:34:05,996 [INFO] Capturing request: https://global.siteyaptim.live/bein2/tracks-v1a1/2026/07/29/22/33/56-08720.jpg
2026-07-29 22:34:06,571 [INFO] 
[3/14]
2026-07-29 22:34:06,571 [INFO] 🔍 beIN Sports 3 → https://www.atomsportv510.top/matches?id=bein-sports-3
2026-07-29 22:34:06,680 [INFO] Capturing request: https://www.atomsportv510.top/matches?id=bein-sports-3
2026-07-29 22:34:06,858 [INFO] Capturing response: https://global.siteyaptim.live/bein2/tracks-v1a1/2026/07/29/22/33/56-08720.jpg 200 
2026-07-29 22:34:07,009 [INFO] Capturing response: https://www.atomsportv510.top/matches?id=bein-sports-3 200 
2026-07-29 22:34:07,134 [INFO] Capturing request: https://teletv5.top/load/yayinlink.php?id=bein-sports-3
2026-07-29 22:34:07,137 [INFO] Capturing request: https://www.atomsportv510.top/favicon.ico
2026-07-29 22:34:07,215 [INFO] Capturing response: https://www.atomsportv510.top/favicon.ico 200 
2026-07-29 22:34:07,257 [INFO] Capturing request: https://streamsport365.com/cinema
2026-07-29 22:34:07,308 [INFO] Capturing response: https://teletv5.top/load/yayinlink.php?id=bein-sports-3 200 
2026-07-29 22:34:07,561 [INFO] Capturing response: https://streamsport365.com/cinema 200 
2026-07-29 22:34:07,671 [INFO] Capturing request: https://www.atomsportv510.top/assets/img/player/player_logo_6a5f6c9cb38e0.png
2026-07-29 22:34:07,679 [INFO] Capturing request: https://hlsforever.forgetmoenszo.workers.dev/https://corestream.siteyaptim.live//bein3/tracks-v1a1/mono.m3u8
2026-07-29 22:34:07,827 [INFO] Capturing response: https://www.atomsportv510.top/assets/img/player/player_logo_6a5f6c9cb38e0.png 304 
2026-07-29 22:34:07,890 [INFO] Capturing response: https://hlsforever.forgetmoenszo.workers.dev/https://corestream.siteyaptim.live//bein3/tracks-v1a1/mono.m3u8 200 
2026-07-29 22:34:08,000 [INFO] Capturing request: https://global.siteyaptim.live/bein3/tracks-v1a1/2026/07/29/22/33/44-07080.jpg
2026-07-29 22:34:08,753 [INFO] Capturing response: https://global.siteyaptim.live/bein3/tracks-v1a1/2026/07/29/22/33/44-07080.jpg 200 
2026-07-29 22:34:08,918 [INFO] Capturing request: https://global.siteyaptim.live/bein3/tracks-v1a1/2026/07/29/22/33/51-05000.jpg
2026-07-29 22:34:09,533 [INFO] Capturing response: https://global.siteyaptim.live/bein3/tracks-v1a1/2026/07/29/22/33/51-05000.jpg 200 
2026-07-29 22:34:09,720 [INFO] Capturing request: https://global.siteyaptim.live/bein3/tracks-v1a1/2026/07/29/22/33/56-05000.jpg
2026-07-29 22:34:10,052 [INFO]   ✅ M3U8 bulundu: https://hlsforever.forgetmoenszo.workers.dev/https://corestream.siteyaptim.live//bein3/tracks-v1a1/mono.m3u8
2026-07-29 22:34:10,450 [INFO] Capturing response: https://global.siteyaptim.live/bein3/tracks-v1a1/2026/07/29/22/33/56-05000.jpg 200 
2026-07-29 22:34:10,625 [INFO] Capturing request: https://global.siteyaptim.live/bein3/tracks-v1a1/2026/07/29/22/34/01-05000.jpg
2026-07-29 22:34:11,053 [INFO] 
[4/14]
2026-07-29 22:34:11,053 [INFO] 🔍 beIN Sports 4 → https://www.atomsportv510.top/matches?id=bein-sports-4
2026-07-29 22:34:11,160 [INFO] Capturing request: https://www.atomsportv510.top/matches?id=bein-sports-4
2026-07-29 22:34:11,183 [INFO] Capturing response: https://global.siteyaptim.live/bein3/tracks-v1a1/2026/07/29/22/34/01-05000.jpg 200 
2026-07-29 22:34:11,488 [INFO] Capturing response: https://www.atomsportv510.top/matches?id=bein-sports-4 200 
2026-07-29 22:34:11,516 [INFO] Capturing request: https://streamsport365.com/cinema
2026-07-29 22:34:11,615 [INFO] Capturing request: https://www.atomsportv510.top/favicon.ico
2026-07-29 22:34:11,616 [INFO] Capturing request: https://teletv5.top/load/yayinlink.php?id=bein-sports-4
2026-07-29 22:34:11,671 [INFO] Capturing response: https://www.atomsportv510.top/favicon.ico 200 
2026-07-29 22:34:11,789 [INFO] Capturing response: https://teletv5.top/load/yayinlink.php?id=bein-sports-4 200 
2026-07-29 22:34:11,822 [INFO] Capturing response: https://streamsport365.com/cinema 200 
2026-07-29 22:34:11,939 [INFO] Capturing request: https://www.atomsportv510.top/assets/img/player/player_logo_6a5f6c9cb38e0.png
2026-07-29 22:34:11,947 [INFO] Capturing request: https://hlsforever.forgetmoenszo.workers.dev/https://corestream.siteyaptim.live//bein4/tracks-v1a1/mono.m3u8
2026-07-29 22:34:12,080 [INFO] Capturing response: https://www.atomsportv510.top/assets/img/player/player_logo_6a5f6c9cb38e0.png 304 
2026-07-29 22:34:12,124 [INFO] Capturing response: https://hlsforever.forgetmoenszo.workers.dev/https://corestream.siteyaptim.live//bein4/tracks-v1a1/mono.m3u8 200 
2026-07-29 22:34:12,273 [INFO] Capturing request: https://global.siteyaptim.live/bein4/tracks-v1a1/2026/07/29/22/33/50-08880.jpg
2026-07-29 22:34:13,302 [INFO] Capturing response: https://global.siteyaptim.live/bein4/tracks-v1a1/2026/07/29/22/33/50-08880.jpg 200 
2026-07-29 22:34:13,482 [INFO] Capturing request: https://global.siteyaptim.live/bein4/tracks-v1a1/2026/07/29/22/33/59-06720.jpg
2026-07-29 22:34:14,203 [INFO] Capturing response: https://global.siteyaptim.live/bein4/tracks-v1a1/2026/07/29/22/33/59-06720.jpg 200 
2026-07-29 22:34:14,398 [INFO] Capturing request: https://global.siteyaptim.live/bein4/tracks-v1a1/2026/07/29/22/34/06-05640.jpg
2026-07-29 22:34:14,529 [INFO]   ✅ M3U8 bulundu: https://hlsforever.forgetmoenszo.workers.dev/https://corestream.siteyaptim.live//bein4/tracks-v1a1/mono.m3u8
2026-07-29 22:34:15,066 [INFO] Capturing response: https://global.siteyaptim.live/bein4/tracks-v1a1/2026/07/29/22/34/06-05640.jpg 200 
2026-07-29 22:34:15,258 [INFO] Capturing request: https://global.siteyaptim.live/bein4/tracks-v1a1/2026/07/29/22/34/11-05000.jpg
2026-07-29 22:34:15,529 [INFO] 
[5/14]
2026-07-29 22:34:15,529 [INFO] 🔍 beIN Sports 5 → https://www.atomsportv510.top/matches?id=bein-sports-5
2026-07-29 22:34:15,638 [INFO] Capturing request: https://www.atomsportv510.top/matches?id=bein-sports-5
2026-07-29 22:34:15,863 [INFO] Capturing response: https://global.siteyaptim.live/bein4/tracks-v1a1/2026/07/29/22/34/11-05000.jpg 200 
2026-07-29 22:34:15,960 [INFO] Capturing response: https://www.atomsportv510.top/matches?id=bein-sports-5 200 
2026-07-29 22:34:16,089 [INFO] Capturing request: https://teletv5.top/load/yayinlink.php?id=bein-sports-5
2026-07-29 22:34:16,090 [INFO] Capturing request: https://www.atomsportv510.top/favicon.ico
2026-07-29 22:34:16,164 [INFO] Capturing response: https://www.atomsportv510.top/favicon.ico 200 
2026-07-29 22:34:16,209 [INFO] Capturing request: https://streamsport365.com/cinema
2026-07-29 22:34:16,264 [INFO] Capturing response: https://teletv5.top/load/yayinlink.php?id=bein-sports-5 200 
2026-07-29 22:34:16,510 [INFO] Capturing response: https://streamsport365.com/cinema 200 
2026-07-29 22:34:16,619 [INFO] Capturing request: https://www.atomsportv510.top/assets/img/player/player_logo_6a5f6c9cb38e0.png
2026-07-29 22:34:16,627 [INFO] Capturing request: https://hlsforever.forgetmoenszo.workers.dev/https://corestream.siteyaptim.live//bein5/tracks-v1a1/mono.m3u8
2026-07-29 22:34:16,761 [INFO] Capturing response: https://www.atomsportv510.top/assets/img/player/player_logo_6a5f6c9cb38e0.png 304 
2026-07-29 22:34:16,829 [INFO] Capturing response: https://hlsforever.forgetmoenszo.workers.dev/https://corestream.siteyaptim.live//bein5/tracks-v1a1/mono.m3u8 200 
2026-07-29 22:34:16,939 [INFO] Capturing request: https://global.siteyaptim.live/bein5/tracks-v1a1/2026/07/29/22/33/55-06000.jpg
2026-07-29 22:34:18,732 [INFO] Capturing response: https://global.siteyaptim.live/bein5/tracks-v1a1/2026/07/29/22/33/55-06000.jpg 200 
2026-07-29 22:34:19,004 [INFO]   ✅ M3U8 bulundu: https://hlsforever.forgetmoenszo.workers.dev/https://corestream.siteyaptim.live//bein5/tracks-v1a1/mono.m3u8
2026-07-29 22:34:19,018 [INFO] Capturing request: https://global.siteyaptim.live/bein5/tracks-v1a1/2026/07/29/22/34/01-06000.jpg
2026-07-29 22:34:20,004 [INFO] 
[6/14]
2026-07-29 22:34:20,004 [INFO] 🔍 beIN Sports Max 1 → https://www.atomsportv510.top/matches?id=bein-sports-max-1
2026-07-29 22:34:20,112 [INFO] Capturing request: https://www.atomsportv510.top/matches?id=bein-sports-max-1
2026-07-29 22:34:20,422 [INFO] Capturing response: https://www.atomsportv510.top/matches?id=bein-sports-max-1 200 
2026-07-29 22:34:20,449 [INFO] Capturing request: https://streamsport365.com/cinema
2026-07-29 22:34:20,549 [INFO] Capturing request: https://teletv5.top/load/yayinlink.php?id=bein-sports-max-1
2026-07-29 22:34:20,551 [INFO] Capturing request: https://www.atomsportv510.top/favicon.ico
2026-07-29 22:34:20,645 [INFO] Capturing response: https://www.atomsportv510.top/favicon.ico 200 
2026-07-29 22:34:20,697 [INFO] Capturing response: https://global.siteyaptim.live/bein5/tracks-v1a1/2026/07/29/22/34/01-06000.jpg 200 
2026-07-29 22:34:20,725 [INFO] Capturing response: https://teletv5.top/load/yayinlink.php?id=bein-sports-max-1 200 
2026-07-29 22:34:20,735 [INFO] 127.0.0.1:39434: ProtocolException("Error in HTTP connection: Http2ZombieException('Connection or stream already dead: 1785364460.7347915, False')")
2026-07-29 22:34:20,757 [INFO] Capturing response: https://streamsport365.com/cinema 200 
2026-07-29 22:34:20,875 [INFO] Capturing request: https://www.atomsportv510.top/assets/img/player/player_logo_6a5f6c9cb38e0.png
2026-07-29 22:34:20,883 [INFO] Capturing request: https://hlsforever.forgetmoenszo.workers.dev/https://corestream.siteyaptim.live//trtspor/tracks-v1a1/mono.m3u8
2026-07-29 22:34:21,010 [INFO] Capturing response: https://www.atomsportv510.top/assets/img/player/player_logo_6a5f6c9cb38e0.png 304 
2026-07-29 22:34:21,084 [INFO] Capturing response: https://hlsforever.forgetmoenszo.workers.dev/https://corestream.siteyaptim.live//trtspor/tracks-v1a1/mono.m3u8 404 
2026-07-29 22:34:22,608 [INFO] Capturing request: https://android.clients.google.com/c2dm/register3
2026-07-29 22:34:22,656 [INFO] Capturing response: https://android.clients.google.com/c2dm/register3 301 
2026-07-29 22:34:23,246 [INFO] Capturing request: https://hlsforever.forgetmoenszo.workers.dev/https://corestream.siteyaptim.live//trtspor/tracks-v1a1/mono.m3u8
2026-07-29 22:34:23,422 [INFO] Capturing response: https://hlsforever.forgetmoenszo.workers.dev/https://corestream.siteyaptim.live//trtspor/tracks-v1a1/mono.m3u8 404 
2026-07-29 22:34:23,467 [INFO]   ✅ M3U8 bulundu: https://hlsforever.forgetmoenszo.workers.dev/https://corestream.siteyaptim.live//trtspor/tracks-v1a1/mono.m3u8
2026-07-29 22:34:24,467 [INFO] 
[7/14]
2026-07-29 22:34:24,467 [INFO] 🔍 beIN Sports Max 2 → https://www.atomsportv510.top/matches?id=bein-sports-max-2
2026-07-29 22:34:24,574 [INFO] Capturing request: https://www.atomsportv510.top/matches?id=bein-sports-max-2
2026-07-29 22:34:24,891 [INFO] Capturing response: https://www.atomsportv510.top/matches?id=bein-sports-max-2 200 
2026-07-29 22:34:25,018 [INFO] Capturing request: https://teletv5.top/load/yayinlink.php?id=bein-sports-max-2
2026-07-29 22:34:25,020 [INFO] Capturing request: https://www.atomsportv510.top/favicon.ico
2026-07-29 22:34:25,087 [INFO] Capturing response: https://www.atomsportv510.top/favicon.ico 200 
2026-07-29 22:34:25,143 [INFO] Capturing request: https://streamsport365.com/cinema
2026-07-29 22:34:25,190 [INFO] Capturing response: https://teletv5.top/load/yayinlink.php?id=bein-sports-max-2 200 
2026-07-29 22:34:25,442 [INFO] Capturing response: https://streamsport365.com/cinema 200 
2026-07-29 22:34:25,551 [INFO] Capturing request: https://www.atomsportv510.top/assets/img/player/player_logo_6a5f6c9cb38e0.png
2026-07-29 22:34:25,559 [INFO] Capturing request: https://hlsforever.forgetmoenszo.workers.dev/https://corestream.siteyaptim.live//hls/s-sport.m3u8
2026-07-29 22:34:25,694 [INFO] Capturing response: https://www.atomsportv510.top/assets/img/player/player_logo_6a5f6c9cb38e0.png 304 
2026-07-29 22:34:25,746 [INFO] Capturing response: https://hlsforever.forgetmoenszo.workers.dev/https://corestream.siteyaptim.live//hls/s-sport.m3u8 404 
2026-07-29 22:34:27,904 [INFO] Capturing request: https://hlsforever.forgetmoenszo.workers.dev/https://corestream.siteyaptim.live//hls/s-sport.m3u8
2026-07-29 22:34:27,930 [INFO]   ✅ M3U8 bulundu: https://hlsforever.forgetmoenszo.workers.dev/https://corestream.siteyaptim.live//hls/s-sport.m3u8
2026-07-29 22:34:28,078 [INFO] Capturing response: https://hlsforever.forgetmoenszo.workers.dev/https://corestream.siteyaptim.live//hls/s-sport.m3u8 404 
2026-07-29 22:34:28,930 [INFO] 
[8/14]
2026-07-29 22:34:28,931 [INFO] 🔍 S Sport → https://www.atomsportv510.top/matches?id=s-sport
2026-07-29 22:34:29,038 [INFO] Capturing request: https://www.atomsportv510.top/matches?id=s-sport
2026-07-29 22:34:29,532 [INFO] Capturing response: https://www.atomsportv510.top/matches?id=s-sport 200 
2026-07-29 22:34:29,558 [INFO] Capturing request: https://streamsport365.com/cinema
2026-07-29 22:34:29,659 [INFO] Capturing request: https://teletv5.top/load/yayinlink.php?id=s-sport
2026-07-29 22:34:29,659 [INFO] Capturing request: https://www.atomsportv510.top/favicon.ico
2026-07-29 22:34:29,734 [INFO] Capturing response: https://www.atomsportv510.top/favicon.ico 200 
2026-07-29 22:34:29,832 [INFO] Capturing response: https://teletv5.top/load/yayinlink.php?id=s-sport 200 
2026-07-29 22:34:29,859 [INFO] Capturing response: https://streamsport365.com/cinema 200 
2026-07-29 22:34:29,982 [INFO] Capturing request: https://www.atomsportv510.top/assets/img/player/player_logo_6a5f6c9cb38e0.png
2026-07-29 22:34:29,989 [INFO] Capturing request: https://hlsforever.forgetmoenszo.workers.dev/https://corestream.siteyaptim.live//s-sport/tracks-v1a1/mono.m3u8
2026-07-29 22:34:30,110 [INFO] Capturing response: https://www.atomsportv510.top/assets/img/player/player_logo_6a5f6c9cb38e0.png 304 
2026-07-29 22:34:30,162 [INFO] Capturing response: https://hlsforever.forgetmoenszo.workers.dev/https://corestream.siteyaptim.live//s-sport/tracks-v1a1/mono.m3u8 200 
2026-07-29 22:34:30,271 [INFO] Capturing request: https://global.siteyaptim.live/s-sport/tracks-v1a1/2026/07/29/22/34/06-10000.jpg
2026-07-29 22:34:31,626 [INFO] Capturing response: https://global.siteyaptim.live/s-sport/tracks-v1a1/2026/07/29/22/34/06-10000.jpg 200 
2026-07-29 22:34:31,859 [INFO] Capturing request: https://global.siteyaptim.live/s-sport/tracks-v1a1/2026/07/29/22/34/16-10000.jpg
2026-07-29 22:34:32,571 [INFO]   ✅ M3U8 bulundu: https://hlsforever.forgetmoenszo.workers.dev/https://corestream.siteyaptim.live//s-sport/tracks-v1a1/mono.m3u8
2026-07-29 22:34:32,985 [INFO] Capturing response: https://global.siteyaptim.live/s-sport/tracks-v1a1/2026/07/29/22/34/16-10000.jpg 200 
2026-07-29 22:34:33,207 [INFO] Capturing request: https://global.siteyaptim.live/s-sport/tracks-v1a1/2026/07/29/22/34/26-10000.jpg
2026-07-29 22:34:33,572 [INFO] 
[9/14]
2026-07-29 22:34:33,572 [INFO] 🔍 S Sport 2 → https://www.atomsportv510.top/matches?id=s-sport-2
2026-07-29 22:34:33,681 [INFO] Capturing request: https://www.atomsportv510.top/matches?id=s-sport-2
2026-07-29 22:34:33,985 [INFO] Capturing response: https://www.atomsportv510.top/matches?id=s-sport-2 200 
2026-07-29 22:34:34,113 [INFO] Capturing request: https://teletv5.top/load/yayinlink.php?id=s-sport-2
2026-07-29 22:34:34,116 [INFO] Capturing request: https://www.atomsportv510.top/favicon.ico
2026-07-29 22:34:34,187 [INFO] Capturing response: https://www.atomsportv510.top/favicon.ico 200 
2026-07-29 22:34:34,229 [INFO] Capturing response: https://global.siteyaptim.live/s-sport/tracks-v1a1/2026/07/29/22/34/26-10000.jpg 200 
2026-07-29 22:34:34,238 [INFO] Capturing request: https://streamsport365.com/cinema
2026-07-29 22:34:34,289 [INFO] Capturing response: https://teletv5.top/load/yayinlink.php?id=s-sport-2 200 
2026-07-29 22:34:34,552 [INFO] Capturing response: https://streamsport365.com/cinema 200 
2026-07-29 22:34:34,662 [INFO] Capturing request: https://www.atomsportv510.top/assets/img/player/player_logo_6a5f6c9cb38e0.png
2026-07-29 22:34:34,670 [INFO] Capturing request: https://hlsforever.forgetmoenszo.workers.dev/https://corestream.siteyaptim.live//s-sport/tracks-v1a1/mono.m3u8
2026-07-29 22:34:34,798 [INFO] Capturing response: https://www.atomsportv510.top/assets/img/player/player_logo_6a5f6c9cb38e0.png 304 
2026-07-29 22:34:34,867 [INFO] Capturing response: https://hlsforever.forgetmoenszo.workers.dev/https://corestream.siteyaptim.live//s-sport/tracks-v1a1/mono.m3u8 200 
2026-07-29 22:34:35,016 [INFO] Capturing request: https://global.siteyaptim.live/s-sport/tracks-v1a1/2026/07/29/22/34/06-10000.jpg
2026-07-29 22:34:36,077 [INFO] Capturing response: https://global.siteyaptim.live/s-sport/tracks-v1a1/2026/07/29/22/34/06-10000.jpg 200 
2026-07-29 22:34:36,368 [INFO] Capturing request: https://global.siteyaptim.live/s-sport/tracks-v1a1/2026/07/29/22/34/16-10000.jpg
2026-07-29 22:34:37,031 [INFO]   ✅ M3U8 bulundu: https://hlsforever.forgetmoenszo.workers.dev/https://corestream.siteyaptim.live//s-sport/tracks-v1a1/mono.m3u8
2026-07-29 22:34:37,324 [INFO] Capturing response: https://global.siteyaptim.live/s-sport/tracks-v1a1/2026/07/29/22/34/16-10000.jpg 200 
2026-07-29 22:34:37,540 [INFO] Capturing request: https://global.siteyaptim.live/s-sport/tracks-v1a1/2026/07/29/22/34/26-10000.jpg
2026-07-29 22:34:38,032 [INFO] 
[10/14]
2026-07-29 22:34:38,033 [INFO] 🔍 A Spor → https://www.atomsportv510.top/matches?id=a-spor
2026-07-29 22:34:38,142 [INFO] Capturing request: https://www.atomsportv510.top/matches?id=a-spor
2026-07-29 22:34:38,418 [INFO] Capturing response: https://global.siteyaptim.live/s-sport/tracks-v1a1/2026/07/29/22/34/26-10000.jpg 200 
2026-07-29 22:34:38,447 [INFO] Capturing response: https://www.atomsportv510.top/matches?id=a-spor 200 
2026-07-29 22:34:38,499 [INFO] Capturing request: https://streamsport365.com/cinema
2026-07-29 22:34:38,595 [INFO] Capturing request: https://teletv5.top/load/yayinlink.php?id=a-spor
2026-07-29 22:34:38,597 [INFO] Capturing request: https://www.atomsportv510.top/favicon.ico
2026-07-29 22:34:38,669 [INFO] Capturing response: https://www.atomsportv510.top/favicon.ico 200 
2026-07-29 22:34:38,764 [INFO] Capturing response: https://teletv5.top/load/yayinlink.php?id=a-spor 200 
2026-07-29 22:34:38,794 [INFO] Capturing response: https://streamsport365.com/cinema 200 
2026-07-29 22:34:38,914 [INFO] Capturing request: https://www.atomsportv510.top/assets/img/player/player_logo_6a5f6c9cb38e0.png
2026-07-29 22:34:38,923 [INFO] Capturing request: https://hlsforever.forgetmoenszo.workers.dev/https://corestream.siteyaptim.live//aspor/tracks-v1a1/mono.m3u8
2026-07-29 22:34:39,050 [INFO] Capturing response: https://www.atomsportv510.top/assets/img/player/player_logo_6a5f6c9cb38e0.png 304 
2026-07-29 22:34:39,104 [INFO] Capturing response: https://hlsforever.forgetmoenszo.workers.dev/https://corestream.siteyaptim.live//aspor/tracks-v1a1/mono.m3u8 404 
2026-07-29 22:34:41,222 [INFO] Capturing request: https://hlsforever.forgetmoenszo.workers.dev/https://corestream.siteyaptim.live//aspor/tracks-v1a1/mono.m3u8
2026-07-29 22:34:41,433 [INFO] Capturing response: https://hlsforever.forgetmoenszo.workers.dev/https://corestream.siteyaptim.live//aspor/tracks-v1a1/mono.m3u8 404 
2026-07-29 22:34:41,509 [INFO]   ✅ M3U8 bulundu: https://hlsforever.forgetmoenszo.workers.dev/https://corestream.siteyaptim.live//aspor/tracks-v1a1/mono.m3u8
2026-07-29 22:34:42,510 [INFO] 
[11/14]
2026-07-29 22:34:42,510 [INFO] 🔍 Tivibu Spor 1 → https://www.atomsportv510.top/matches?id=tivibu-spor-1
2026-07-29 22:34:42,620 [INFO] Capturing request: https://www.atomsportv510.top/matches?id=tivibu-spor-1
2026-07-29 22:34:42,936 [INFO] Capturing response: https://www.atomsportv510.top/matches?id=tivibu-spor-1 200 
2026-07-29 22:34:43,062 [INFO] Capturing request: https://teletv5.top/load/yayinlink.php?id=tivibu-spor-1
2026-07-29 22:34:43,064 [INFO] Capturing request: https://www.atomsportv510.top/favicon.ico
2026-07-29 22:34:43,168 [INFO] Capturing response: https://www.atomsportv510.top/favicon.ico 200 
2026-07-29 22:34:43,188 [INFO] Capturing request: https://streamsport365.com/cinema
2026-07-29 22:34:43,241 [INFO] Capturing response: https://teletv5.top/load/yayinlink.php?id=tivibu-spor-1 200 
2026-07-29 22:34:43,496 [INFO] Capturing response: https://streamsport365.com/cinema 200 
2026-07-29 22:34:56,102 [INFO] Capturing request: https://update.googleapis.com/service/update2/json?cup2key=16:is7-jq7fnmQlappL4eoNhb9gEKZPIiFjWWPHkoBvr1A&cup2hreq=80b8cabf27bfdc18db6433e65c8839ce091e4aa172f95b7b78c94e04a2993762
2026-07-29 22:34:56,159 [INFO] Capturing response: https://update.googleapis.com/service/update2/json?cup2key=16:is7-jq7fnmQlappL4eoNhb9gEKZPIiFjWWPHkoBvr1A&cup2hreq=80b8cabf27bfdc18db6433e65c8839ce091e4aa172f95b7b78c94e04a2993762 200 
2026-07-29 22:34:56,165 [INFO] Capturing request: http://edgedl.me.gvt1.com/edgedl/diffgen-puffin/gcmjkmgdlgnkkcocmoeiminaijmmjnii/6ca5bdb9f3e2cd83b7e359729bc6c33c4fe975ec499861d969b3e080320849ff
2026-07-29 22:34:56,220 [INFO] Capturing response: http://edgedl.me.gvt1.com/edgedl/diffgen-puffin/gcmjkmgdlgnkkcocmoeiminaijmmjnii/6ca5bdb9f3e2cd83b7e359729bc6c33c4fe975ec499861d969b3e080320849ff 200 OK
2026-07-29 22:34:56,242 [INFO] Capturing request: https://update.googleapis.com/service/update2/json
2026-07-29 22:34:56,298 [INFO] Capturing response: https://update.googleapis.com/service/update2/json 200 
2026-07-29 22:34:56,342 [INFO] Capturing request: http://edgedl.me.gvt1.com/edgedl/release2/chrome_component/aqachjmm3jqoazhugc2wfmjnia_10682/hfnkpimlhhgieaddgfemjhofmfblmnib_10682_all_fpkbdlh3hxx2yhyqj4j3i672uq.crx3
2026-07-29 22:34:56,419 [INFO] Capturing response: http://edgedl.me.gvt1.com/edgedl/release2/chrome_component/aqachjmm3jqoazhugc2wfmjnia_10682/hfnkpimlhhgieaddgfemjhofmfblmnib_10682_all_fpkbdlh3hxx2yhyqj4j3i672uq.crx3 200 OK
2026-07-29 22:34:56,439 [INFO] Capturing request: https://update.googleapis.com/service/update2/json
2026-07-29 22:34:56,474 [INFO] Capturing response: https://update.googleapis.com/service/update2/json 200 
2026-07-29 22:35:16,242 [WARNING]   ❌ Tivibu Spor 1 için M3U8 bulunamadı
2026-07-29 22:35:17,243 [INFO] 
[12/14]
2026-07-29 22:35:17,243 [INFO] 🔍 Tivibu Spor 2 → https://www.atomsportv510.top/matches?id=tivibu-spor-2
2026-07-29 22:35:17,407 [INFO] Capturing request: https://www.atomsportv510.top/matches?id=tivibu-spor-2
2026-07-29 22:35:18,355 [INFO] Capturing response: https://www.atomsportv510.top/matches?id=tivibu-spor-2 200 
2026-07-29 22:35:18,513 [INFO] Capturing request: https://www.atomsportv510.top/favicon.ico
2026-07-29 22:35:18,565 [INFO] Capturing request: https://teletv5.top/load/yayinlink.php?id=tivibu-spor-2
2026-07-29 22:35:18,581 [INFO] Capturing response: https://www.atomsportv510.top/favicon.ico 200 
2026-07-29 22:35:18,847 [INFO] Capturing request: https://android.clients.google.com/c2dm/register3
2026-07-29 22:35:18,913 [INFO] Capturing response: https://android.clients.google.com/c2dm/register3 301 
2026-07-29 22:35:18,958 [INFO] Capturing response: https://teletv5.top/load/yayinlink.php?id=tivibu-spor-2 200 
2026-07-29 22:35:18,976 [INFO] Capturing request: https://streamsport365.com/cinema
2026-07-29 22:35:19,269 [INFO] Capturing response: https://streamsport365.com/cinema 200 
2026-07-29 22:35:51,745 [WARNING]   ❌ Tivibu Spor 2 için M3U8 bulunamadı
2026-07-29 22:35:52,746 [INFO] 
[13/14]
2026-07-29 22:35:52,746 [INFO] 🔍 Tivibu Spor 3 → https://www.atomsportv510.top/matches?id=tivibu-spor-3
2026-07-29 22:35:52,857 [INFO] Capturing request: https://www.atomsportv510.top/matches?id=tivibu-spor-3
2026-07-29 22:35:53,367 [INFO] Capturing response: https://www.atomsportv510.top/matches?id=tivibu-spor-3 200 
2026-07-29 22:35:53,499 [INFO] Capturing request: https://teletv5.top/load/yayinlink.php?id=tivibu-spor-3
2026-07-29 22:35:53,499 [INFO] Capturing request: https://www.atomsportv510.top/favicon.ico
2026-07-29 22:35:53,554 [INFO] Capturing response: https://www.atomsportv510.top/favicon.ico 200 
2026-07-29 22:35:53,624 [INFO] Capturing request: https://streamsport365.com/cinema
2026-07-29 22:35:53,712 [INFO] Capturing response: https://teletv5.top/load/yayinlink.php?id=tivibu-spor-3 200 
2026-07-29 22:35:53,933 [INFO] Capturing response: https://streamsport365.com/cinema 200 
2026-07-29 22:36:26,714 [WARNING]   ❌ Tivibu Spor 3 için M3U8 bulunamadı
2026-07-29 22:36:27,715 [INFO] 
[14/14]
2026-07-29 22:36:27,715 [INFO] 🔍 Tivibu Spor 4 → https://www.atomsportv510.top/matches?id=tivibu-spor-4
2026-07-29 22:36:27,824 [INFO] Capturing request: https://www.atomsportv510.top/matches?id=tivibu-spor-4
2026-07-29 22:36:28,304 [INFO] Capturing response: https://www.atomsportv510.top/matches?id=tivibu-spor-4 200 
2026-07-29 22:36:28,434 [INFO] Capturing request: https://teletv5.top/load/yayinlink.php?id=tivibu-spor-4
2026-07-29 22:36:28,436 [INFO] Capturing request: https://www.atomsportv510.top/favicon.ico
2026-07-29 22:36:28,497 [INFO] Capturing response: https://www.atomsportv510.top/favicon.ico 200 
2026-07-29 22:36:28,558 [INFO] Capturing request: https://streamsport365.com/cinema
2026-07-29 22:36:28,648 [INFO] Capturing response: https://teletv5.top/load/yayinlink.php?id=tivibu-spor-4 200 
2026-07-29 22:36:28,857 [INFO] Capturing response: https://streamsport365.com/cinema 200 
2026-07-29 22:36:57,073 [INFO] Capturing request: https://android.clients.google.com/c2dm/register3
2026-07-29 22:36:57,130 [INFO] Capturing response: https://android.clients.google.com/c2dm/register3 301 
2026-07-29 22:37:01,685 [WARNING]   ❌ Tivibu Spor 4 için M3U8 bulunamadı
2026-07-29 22:37:02,743 [INFO] ✅ 10 kanal bulundu, playlist.m3u kaydedildi
