2026-08-20 11:54:45,846 [INFO] 🌐 BASE_URL: https://www.atomsportv512.top
2026-08-20 11:54:47,033 [INFO] Başlanıyor... 14 kanal taranacak
2026-08-20 11:54:47,033 [INFO] Using default request storage
2026-08-20 11:54:47,037 [INFO] Created proxy listening on 127.0.0.1:44285
2026-08-20 11:54:47,687 [INFO] Capturing request: http://clients2.google.com/time/1/current?cup2key=10:HoszTWX8a6MdIcrkv0GkoN5lohmzOCGn9KHf_loGv4A&cup2hreq=e3b0c44298fc1c149afbf4c8996fb92427ae41e4649b934ca495991b7852b855
2026-08-20 11:54:47,784 [INFO] Capturing response: http://clients2.google.com/time/1/current?cup2key=10:HoszTWX8a6MdIcrkv0GkoN5lohmzOCGn9KHf_loGv4A&cup2hreq=e3b0c44298fc1c149afbf4c8996fb92427ae41e4649b934ca495991b7852b855 200 OK
2026-08-20 11:54:47,942 [INFO] 
[1/14]
2026-08-20 11:54:47,943 [INFO] 🔍 beIN Sports 1 → https://www.atomsportv512.top/matches?id=bein-sports-1
2026-08-20 11:54:48,037 [INFO] Capturing request: https://accounts.google.com/ListAccounts?gpsia=1&source=ChromiumBrowser&json=standard&laf=b64bin
2026-08-20 11:54:48,063 [INFO] Capturing request: https://update.googleapis.com/service/update2/json?cup2key=16:s84vKKk-g9XXUn6XAojvO-JFYzzVf4mTCFaoRX2iMhA&cup2hreq=f63dbac53cfaaede41b589f755284cc64ebe8646d12a6002c6d0ce3b2af123ea
2026-08-20 11:54:48,106 [INFO] Capturing response: https://accounts.google.com/ListAccounts?gpsia=1&source=ChromiumBrowser&json=standard&laf=b64bin 200 
2026-08-20 11:54:48,133 [INFO] Capturing response: https://update.googleapis.com/service/update2/json?cup2key=16:s84vKKk-g9XXUn6XAojvO-JFYzzVf4mTCFaoRX2iMhA&cup2hreq=f63dbac53cfaaede41b589f755284cc64ebe8646d12a6002c6d0ce3b2af123ea 200 
2026-08-20 11:54:48,134 [INFO] Capturing request: https://www.google.com/async/folae?async=_fmt:pb&udm=50&client_locale=en-US&client_country=ZZ
2026-08-20 11:54:48,170 [INFO] Capturing response: https://www.google.com/async/folae?async=_fmt:pb&udm=50&client_locale=en-US&client_country=ZZ 200 
2026-08-20 11:54:48,178 [INFO] Capturing request: https://www.atomsportv512.top/matches?id=bein-sports-1
2026-08-20 11:54:48,180 [INFO] Capturing request: https://update.googleapis.com/service/update2/json?cup2key=16:6IdXSlL3D8y32_4nx9sX2i32JKdaVJKOK-gNEWCgTpA&cup2hreq=12f2ecde377f773c5a50fa096c9e898d91a212ec5300c8929d5ba9c27130c886
2026-08-20 11:54:48,248 [INFO] Capturing response: https://update.googleapis.com/service/update2/json?cup2key=16:6IdXSlL3D8y32_4nx9sX2i32JKdaVJKOK-gNEWCgTpA&cup2hreq=12f2ecde377f773c5a50fa096c9e898d91a212ec5300c8929d5ba9c27130c886 200 
2026-08-20 11:54:48,297 [INFO] Capturing request: https://update.googleapis.com/service/update2/json?cup2key=16:NvgyMFyTuOgSCH-sCm9xYmlvJ5APJiocCxVXjnDot-A&cup2hreq=c23a79422806bc09be6a999aa8b2c4cf32fe42812eb83d0ac62679f73cf0e29b
2026-08-20 11:54:48,354 [INFO] Capturing request: https://www.google.com/async/folae?async=_fmt:pb&udm=50&client_locale=en-US&client_country=ZZ
2026-08-20 11:54:48,367 [INFO] Capturing response: https://update.googleapis.com/service/update2/json?cup2key=16:NvgyMFyTuOgSCH-sCm9xYmlvJ5APJiocCxVXjnDot-A&cup2hreq=c23a79422806bc09be6a999aa8b2c4cf32fe42812eb83d0ac62679f73cf0e29b 200 
2026-08-20 11:54:48,392 [INFO] Capturing response: https://www.google.com/async/folae?async=_fmt:pb&udm=50&client_locale=en-US&client_country=ZZ 200 
2026-08-20 11:54:48,690 [INFO] Capturing response: https://www.atomsportv512.top/matches?id=bein-sports-1 200 
2026-08-20 11:54:48,908 [INFO] Capturing request: https://cdn.jsdelivr.net/npm/@clappr/player@0.11.16/dist/clappr.min.js
2026-08-20 11:54:48,918 [INFO] Capturing request: https://cdn.jsdelivr.net/npm/level-selector/dist/level-selector.min.js
2026-08-20 11:54:48,920 [INFO] Capturing request: https://cdn.jsdelivr.net/npm/@clappr/hlsjs-playback@1.8.3/dist/hlsjs-playback.min.js
2026-08-20 11:54:48,942 [INFO] Capturing response: https://cdn.jsdelivr.net/npm/level-selector/dist/level-selector.min.js 200 
2026-08-20 11:54:49,011 [INFO] Capturing response: https://cdn.jsdelivr.net/npm/@clappr/player@0.11.16/dist/clappr.min.js 200 
2026-08-20 11:54:49,027 [INFO] Capturing response: https://cdn.jsdelivr.net/npm/@clappr/hlsjs-playback@1.8.3/dist/hlsjs-playback.min.js 200 
2026-08-20 11:54:49,223 [INFO] Capturing request: https://www.atomsportv512.top/favicon.ico
2026-08-20 11:54:49,285 [INFO] Capturing response: https://www.atomsportv512.top/favicon.ico 200 
2026-08-20 11:54:49,332 [INFO] Capturing request: https://teletv5.top/load/yayinlink.php?id=bein-sports-1
2026-08-20 11:54:49,657 [INFO] Capturing response: https://teletv5.top/load/yayinlink.php?id=bein-sports-1 200 
2026-08-20 11:54:49,797 [INFO] Capturing request: https://streamsport365.com/cinema
2026-08-20 11:54:50,095 [INFO] Capturing response: https://streamsport365.com/cinema 200 
2026-08-20 11:54:50,225 [INFO] Capturing request: https://www.atomsportv512.top/assets/img/player/player_logo_6a72b29dbcd89.png
2026-08-20 11:54:50,296 [INFO] Capturing response: https://www.atomsportv512.top/assets/img/player/player_logo_6a72b29dbcd89.png 200 
2026-08-20 11:54:50,338 [INFO] Capturing request: https://corestream.siteyaptim.live//beintv/tracks-v1a1/mono.m3u8
2026-08-20 11:54:50,510 [INFO] Capturing response: https://corestream.siteyaptim.live//beintv/tracks-v1a1/mono.m3u8 200 
2026-08-20 11:54:50,764 [INFO] Capturing request: https://global.siteyaptim.live/beintv/tracks-v1a1/2026/08/20/11/54/24-06000.jpg
2026-08-20 11:54:51,281 [INFO] Capturing request: https://android.clients.google.com/checkin
2026-08-20 11:54:51,378 [INFO] Capturing response: https://android.clients.google.com/checkin 200 
2026-08-20 11:54:51,429 [INFO] Capturing request: https://android.clients.google.com/c2dm/register3
2026-08-20 11:54:51,435 [INFO] Capturing request: https://android.clients.google.com/c2dm/register3
2026-08-20 11:54:51,438 [INFO] Capturing request: https://android.clients.google.com/c2dm/register3
2026-08-20 11:54:51,497 [INFO] Capturing response: https://android.clients.google.com/c2dm/register3 301 
2026-08-20 11:54:51,507 [INFO] Capturing response: https://android.clients.google.com/c2dm/register3 200 
2026-08-20 11:54:51,936 [INFO] Capturing response: https://android.clients.google.com/c2dm/register3 200 
2026-08-20 11:54:51,938 [INFO] Capturing response: https://global.siteyaptim.live/beintv/tracks-v1a1/2026/08/20/11/54/24-06000.jpg 200 
2026-08-20 11:54:52,152 [INFO]   ✅ M3U8 bulundu: https://corestream.siteyaptim.live//beintv/tracks-v1a1/mono.m3u8
2026-08-20 11:54:52,170 [INFO] Capturing request: https://global.siteyaptim.live/beintv/tracks-v1a1/2026/08/20/11/54/30-06000.jpg
2026-08-20 11:54:53,153 [INFO] 
[2/14]
2026-08-20 11:54:53,154 [INFO] 🔍 beIN Sports 2 → https://www.atomsportv512.top/matches?id=bein-sports-2
2026-08-20 11:54:53,264 [INFO] Capturing request: https://www.atomsportv512.top/matches?id=bein-sports-2
2026-08-20 11:54:53,397 [INFO] Capturing response: https://global.siteyaptim.live/beintv/tracks-v1a1/2026/08/20/11/54/30-06000.jpg 200 
2026-08-20 11:54:53,480 [INFO] Capturing response: https://www.atomsportv512.top/matches?id=bein-sports-2 200 
2026-08-20 11:54:53,530 [INFO] Capturing request: https://streamsport365.com/cinema
2026-08-20 11:54:53,626 [INFO] Capturing request: https://teletv5.top/load/yayinlink.php?id=bein-sports-2
2026-08-20 11:54:53,633 [INFO] Capturing request: https://www.atomsportv512.top/favicon.ico
2026-08-20 11:54:53,681 [INFO] Capturing response: https://www.atomsportv512.top/favicon.ico 200 
2026-08-20 11:54:53,798 [INFO] Capturing response: https://teletv5.top/load/yayinlink.php?id=bein-sports-2 200 
2026-08-20 11:54:53,833 [INFO] Capturing response: https://streamsport365.com/cinema 200 
2026-08-20 11:54:53,945 [INFO] Capturing request: https://www.atomsportv512.top/assets/img/player/player_logo_6a72b29dbcd89.png
2026-08-20 11:54:53,953 [INFO] Capturing request: https://corestream.siteyaptim.live//bein2/tracks-v1a1/mono.m3u8
2026-08-20 11:54:54,075 [INFO] Capturing response: https://www.atomsportv512.top/assets/img/player/player_logo_6a72b29dbcd89.png 304 
2026-08-20 11:54:54,098 [INFO] Capturing response: https://corestream.siteyaptim.live//bein2/tracks-v1a1/mono.m3u8 200 
2026-08-20 11:54:54,209 [INFO] Capturing request: https://global.siteyaptim.live/bein2/tracks-v1a1/2026/08/20/11/54/32-10000.jpg
2026-08-20 11:54:56,258 [INFO] Capturing response: https://global.siteyaptim.live/bein2/tracks-v1a1/2026/08/20/11/54/32-10000.jpg 200 
2026-08-20 11:54:56,542 [INFO] Capturing request: https://global.siteyaptim.live/bein2/tracks-v1a1/2026/08/20/11/54/42-10000.jpg
2026-08-20 11:54:56,547 [INFO]   ✅ M3U8 bulundu: https://corestream.siteyaptim.live//bein2/tracks-v1a1/mono.m3u8
2026-08-20 11:54:57,547 [INFO] 
[3/14]
2026-08-20 11:54:57,547 [INFO] 🔍 beIN Sports 3 → https://www.atomsportv512.top/matches?id=bein-sports-3
2026-08-20 11:54:57,655 [INFO] Capturing request: https://www.atomsportv512.top/matches?id=bein-sports-3
2026-08-20 11:54:57,960 [INFO] Capturing response: https://www.atomsportv512.top/matches?id=bein-sports-3 200 
2026-08-20 11:54:58,096 [INFO] Capturing request: https://www.atomsportv512.top/favicon.ico
2026-08-20 11:54:58,099 [INFO] Capturing request: https://teletv5.top/load/yayinlink.php?id=bein-sports-3
2026-08-20 11:54:58,142 [INFO] Capturing response: https://www.atomsportv512.top/favicon.ico 200 
2026-08-20 11:54:58,224 [INFO] Capturing request: https://streamsport365.com/cinema
2026-08-20 11:54:58,431 [INFO] Capturing response: https://teletv5.top/load/yayinlink.php?id=bein-sports-3 200 
2026-08-20 11:54:58,526 [INFO] Capturing response: https://streamsport365.com/cinema 200 
2026-08-20 11:54:58,638 [INFO] Capturing request: https://www.atomsportv512.top/assets/img/player/player_logo_6a72b29dbcd89.png
2026-08-20 11:54:58,653 [INFO] Capturing request: https://corestream.siteyaptim.live//bein3/tracks-v1a1/mono.m3u8
2026-08-20 11:54:58,770 [INFO] Capturing response: https://www.atomsportv512.top/assets/img/player/player_logo_6a72b29dbcd89.png 304 
2026-08-20 11:54:58,810 [INFO] Capturing response: https://corestream.siteyaptim.live//bein3/tracks-v1a1/mono.m3u8 200 
2026-08-20 11:54:58,813 [INFO] Capturing response: https://global.siteyaptim.live/bein2/tracks-v1a1/2026/08/20/11/54/42-10000.jpg 200 
2026-08-20 11:54:59,011 [INFO] Capturing request: https://global.siteyaptim.live/bein3/tracks-v1a1/2026/08/20/11/54/29-10000.jpg
2026-08-20 11:55:00,015 [INFO] Capturing response: https://global.siteyaptim.live/bein3/tracks-v1a1/2026/08/20/11/54/29-10000.jpg 200 
2026-08-20 11:55:00,191 [INFO] Capturing request: https://global.siteyaptim.live/bein3/tracks-v1a1/2026/08/20/11/54/39-10000.jpg
2026-08-20 11:55:01,007 [INFO]   ✅ M3U8 bulundu: https://corestream.siteyaptim.live//bein3/tracks-v1a1/mono.m3u8
2026-08-20 11:55:01,333 [INFO] Capturing response: https://global.siteyaptim.live/bein3/tracks-v1a1/2026/08/20/11/54/39-10000.jpg 200 
2026-08-20 11:55:01,560 [INFO] Capturing request: https://global.siteyaptim.live/bein3/tracks-v1a1/2026/08/20/11/54/49-10000.jpg
2026-08-20 11:55:02,007 [INFO] 
[4/14]
2026-08-20 11:55:02,008 [INFO] 🔍 beIN Sports 4 → https://www.atomsportv512.top/matches?id=bein-sports-4
2026-08-20 11:55:02,115 [INFO] Capturing request: https://www.atomsportv512.top/matches?id=bein-sports-4
2026-08-20 11:55:02,927 [INFO] Capturing response: https://global.siteyaptim.live/bein3/tracks-v1a1/2026/08/20/11/54/49-10000.jpg 200 
2026-08-20 11:55:02,976 [INFO] Capturing response: https://www.atomsportv512.top/matches?id=bein-sports-4 200 
2026-08-20 11:55:03,009 [INFO] Capturing request: https://streamsport365.com/cinema
2026-08-20 11:55:03,107 [INFO] Capturing request: https://teletv5.top/load/yayinlink.php?id=bein-sports-4
2026-08-20 11:55:03,111 [INFO] Capturing request: https://www.atomsportv512.top/favicon.ico
2026-08-20 11:55:03,160 [INFO] Capturing response: https://www.atomsportv512.top/favicon.ico 200 
2026-08-20 11:55:03,279 [INFO] Capturing response: https://teletv5.top/load/yayinlink.php?id=bein-sports-4 200 
2026-08-20 11:55:03,316 [INFO] Capturing response: https://streamsport365.com/cinema 200 
2026-08-20 11:55:03,430 [INFO] Capturing request: https://www.atomsportv512.top/assets/img/player/player_logo_6a72b29dbcd89.png
2026-08-20 11:55:03,438 [INFO] Capturing request: https://corestream.siteyaptim.live//bein4/tracks-v1a1/mono.m3u8
2026-08-20 11:55:03,561 [INFO] Capturing response: https://www.atomsportv512.top/assets/img/player/player_logo_6a72b29dbcd89.png 304 
2026-08-20 11:55:03,617 [INFO] Capturing response: https://corestream.siteyaptim.live//bein4/tracks-v1a1/mono.m3u8 200 
2026-08-20 11:55:03,766 [INFO] Capturing request: https://global.siteyaptim.live/bein4/tracks-v1a1/2026/08/20/11/54/41-10000.jpg
2026-08-20 11:55:04,815 [INFO] Capturing response: https://global.siteyaptim.live/bein4/tracks-v1a1/2026/08/20/11/54/41-10000.jpg 200 
2026-08-20 11:55:05,033 [INFO] Capturing request: https://global.siteyaptim.live/bein4/tracks-v1a1/2026/08/20/11/54/51-10000.jpg
2026-08-20 11:55:06,026 [INFO]   ✅ M3U8 bulundu: https://corestream.siteyaptim.live//bein4/tracks-v1a1/mono.m3u8
2026-08-20 11:55:06,119 [INFO] Capturing response: https://global.siteyaptim.live/bein4/tracks-v1a1/2026/08/20/11/54/51-10000.jpg 200 
2026-08-20 11:55:06,338 [INFO] Capturing request: https://global.siteyaptim.live/bein4/tracks-v1a1/2026/08/20/11/55/01-10000.jpg
2026-08-20 11:55:07,026 [INFO] 
[5/14]
2026-08-20 11:55:07,026 [INFO] 🔍 beIN Sports 5 → https://www.atomsportv512.top/matches?id=bein-sports-5
2026-08-20 11:55:07,135 [INFO] Capturing request: https://www.atomsportv512.top/matches?id=bein-sports-5
2026-08-20 11:55:07,350 [INFO] Capturing response: https://www.atomsportv512.top/matches?id=bein-sports-5 200 
2026-08-20 11:55:07,480 [INFO] Capturing request: https://teletv5.top/load/yayinlink.php?id=bein-sports-5
2026-08-20 11:55:07,483 [INFO] Capturing request: https://www.atomsportv512.top/favicon.ico
2026-08-20 11:55:07,537 [INFO] Capturing response: https://www.atomsportv512.top/favicon.ico 200 
2026-08-20 11:55:07,605 [INFO] Capturing request: https://streamsport365.com/cinema
2026-08-20 11:55:07,650 [INFO] Capturing response: https://teletv5.top/load/yayinlink.php?id=bein-sports-5 200 
2026-08-20 11:55:07,659 [INFO] Capturing response: https://global.siteyaptim.live/bein4/tracks-v1a1/2026/08/20/11/55/01-10000.jpg 200 
2026-08-20 11:55:07,904 [INFO] Capturing response: https://streamsport365.com/cinema 200 
2026-08-20 11:55:08,018 [INFO] Capturing request: https://www.atomsportv512.top/assets/img/player/player_logo_6a72b29dbcd89.png
2026-08-20 11:55:08,025 [INFO] Capturing request: https://corestream.siteyaptim.live//bein5/tracks-v1a1/mono.m3u8
2026-08-20 11:55:08,150 [INFO] Capturing response: https://www.atomsportv512.top/assets/img/player/player_logo_6a72b29dbcd89.png 304 
2026-08-20 11:55:08,191 [INFO] Capturing response: https://corestream.siteyaptim.live//bein5/tracks-v1a1/mono.m3u8 200 
2026-08-20 11:55:08,300 [INFO] Capturing request: https://global.siteyaptim.live/bein5/tracks-v1a1/2026/08/20/11/54/34-08000.jpg
2026-08-20 11:55:10,400 [INFO]   ✅ M3U8 bulundu: https://corestream.siteyaptim.live//bein5/tracks-v1a1/mono.m3u8
2026-08-20 11:55:10,753 [INFO] Capturing response: https://global.siteyaptim.live/bein5/tracks-v1a1/2026/08/20/11/54/34-08000.jpg 200 
2026-08-20 11:55:11,061 [INFO] Capturing request: https://global.siteyaptim.live/bein5/tracks-v1a1/2026/08/20/11/54/42-10000.jpg
2026-08-20 11:55:11,400 [INFO] 
[6/14]
2026-08-20 11:55:11,400 [INFO] 🔍 beIN Sports Max 1 → https://www.atomsportv512.top/matches?id=bein-sports-max-1
2026-08-20 11:55:11,507 [INFO] Capturing request: https://www.atomsportv512.top/matches?id=bein-sports-max-1
2026-08-20 11:55:11,723 [INFO] Capturing response: https://www.atomsportv512.top/matches?id=bein-sports-max-1 200 
2026-08-20 11:55:11,766 [INFO] Capturing request: https://streamsport365.com/cinema
2026-08-20 11:55:11,863 [INFO] Capturing request: https://teletv5.top/load/yayinlink.php?id=bein-sports-max-1
2026-08-20 11:55:11,872 [INFO] Capturing request: https://www.atomsportv512.top/favicon.ico
2026-08-20 11:55:11,919 [INFO] Capturing response: https://www.atomsportv512.top/favicon.ico 200 
2026-08-20 11:55:12,033 [INFO] Capturing response: https://teletv5.top/load/yayinlink.php?id=bein-sports-max-1 200 
2026-08-20 11:55:12,072 [INFO] Capturing response: https://streamsport365.com/cinema 200 
2026-08-20 11:55:12,185 [INFO] Capturing request: https://www.atomsportv512.top/assets/img/player/player_logo_6a72b29dbcd89.png
2026-08-20 11:55:12,197 [INFO] Capturing request: https://corestream.siteyaptim.live//beinmax1/tracks-v1a1/mono.m3u8
2026-08-20 11:55:12,317 [INFO] Capturing response: https://www.atomsportv512.top/assets/img/player/player_logo_6a72b29dbcd89.png 304 
2026-08-20 11:55:12,372 [INFO] Capturing response: https://corestream.siteyaptim.live//beinmax1/tracks-v1a1/mono.m3u8 404 
2026-08-20 11:55:13,867 [INFO] Capturing response: https://global.siteyaptim.live/bein5/tracks-v1a1/2026/08/20/11/54/42-10000.jpg 200 
2026-08-20 11:55:14,536 [INFO] Capturing request: https://corestream.siteyaptim.live//beinmax1/tracks-v1a1/mono.m3u8
2026-08-20 11:55:14,690 [INFO] Capturing response: https://corestream.siteyaptim.live//beinmax1/tracks-v1a1/mono.m3u8 404 
2026-08-20 11:55:14,787 [INFO] Capturing request: https://android.clients.google.com/c2dm/register3
2026-08-20 11:55:14,790 [INFO]   ✅ M3U8 bulundu: https://corestream.siteyaptim.live//beinmax1/tracks-v1a1/mono.m3u8
2026-08-20 11:55:15,173 [INFO] Capturing response: https://android.clients.google.com/c2dm/register3 200 
2026-08-20 11:55:15,790 [INFO] 
[7/14]
2026-08-20 11:55:15,790 [INFO] 🔍 beIN Sports Max 2 → https://www.atomsportv512.top/matches?id=bein-sports-max-2
2026-08-20 11:55:15,899 [INFO] Capturing request: https://www.atomsportv512.top/matches?id=bein-sports-max-2
2026-08-20 11:55:16,115 [INFO] Capturing response: https://www.atomsportv512.top/matches?id=bein-sports-max-2 200 
2026-08-20 11:55:16,248 [INFO] Capturing request: https://teletv5.top/load/yayinlink.php?id=bein-sports-max-2
2026-08-20 11:55:16,250 [INFO] Capturing request: https://www.atomsportv512.top/favicon.ico
2026-08-20 11:55:16,300 [INFO] Capturing response: https://www.atomsportv512.top/favicon.ico 200 
2026-08-20 11:55:16,378 [INFO] Capturing request: https://streamsport365.com/cinema
2026-08-20 11:55:16,424 [INFO] Capturing response: https://teletv5.top/load/yayinlink.php?id=bein-sports-max-2 200 
2026-08-20 11:55:16,685 [INFO] Capturing response: https://streamsport365.com/cinema 200 
2026-08-20 11:55:16,795 [INFO] Capturing request: https://www.atomsportv512.top/assets/img/player/player_logo_6a72b29dbcd89.png
2026-08-20 11:55:16,804 [INFO] Capturing request: https://corestream.siteyaptim.live//beinmax2/tracks-v1a1/mono.m3u8
2026-08-20 11:55:16,925 [INFO] Capturing response: https://www.atomsportv512.top/assets/img/player/player_logo_6a72b29dbcd89.png 304 
2026-08-20 11:55:16,967 [INFO] Capturing response: https://corestream.siteyaptim.live//beinmax2/tracks-v1a1/mono.m3u8 404 
2026-08-20 11:55:17,747 [INFO] Capturing request: https://android.clients.google.com/c2dm/register3
2026-08-20 11:55:17,824 [INFO] Capturing response: https://android.clients.google.com/c2dm/register3 301 
2026-08-20 11:55:19,127 [INFO] Capturing request: https://corestream.siteyaptim.live//beinmax2/tracks-v1a1/mono.m3u8
2026-08-20 11:55:19,166 [INFO]   ✅ M3U8 bulundu: https://corestream.siteyaptim.live//beinmax2/tracks-v1a1/mono.m3u8
2026-08-20 11:55:19,290 [INFO] Capturing response: https://corestream.siteyaptim.live//beinmax2/tracks-v1a1/mono.m3u8 404 
2026-08-20 11:55:20,166 [INFO] 
[8/14]
2026-08-20 11:55:20,167 [INFO] 🔍 S Sport → https://www.atomsportv512.top/matches?id=s-sport
2026-08-20 11:55:20,275 [INFO] Capturing request: https://www.atomsportv512.top/matches?id=s-sport
2026-08-20 11:55:20,642 [INFO] Capturing response: https://www.atomsportv512.top/matches?id=s-sport 200 
2026-08-20 11:55:20,672 [INFO] Capturing request: https://streamsport365.com/cinema
2026-08-20 11:55:20,773 [INFO] Capturing request: https://teletv5.top/load/yayinlink.php?id=s-sport
2026-08-20 11:55:20,774 [INFO] Capturing request: https://www.atomsportv512.top/favicon.ico
2026-08-20 11:55:20,826 [INFO] Capturing response: https://www.atomsportv512.top/favicon.ico 200 
2026-08-20 11:55:20,946 [INFO] Capturing response: https://teletv5.top/load/yayinlink.php?id=s-sport 200 
2026-08-20 11:55:20,977 [INFO] Capturing response: https://streamsport365.com/cinema 200 
2026-08-20 11:55:21,096 [INFO] Capturing request: https://www.atomsportv512.top/assets/img/player/player_logo_6a72b29dbcd89.png
2026-08-20 11:55:21,105 [INFO] Capturing request: https://corestream.siteyaptim.live//s-sport/tracks-v1a1/mono.m3u8
2026-08-20 11:55:21,227 [INFO] Capturing response: https://www.atomsportv512.top/assets/img/player/player_logo_6a72b29dbcd89.png 304 
2026-08-20 11:55:21,263 [INFO] Capturing response: https://corestream.siteyaptim.live//s-sport/tracks-v1a1/mono.m3u8 200 
2026-08-20 11:55:21,373 [INFO] Capturing request: https://global.siteyaptim.live/s-sport/tracks-v1a1/2026/08/20/11/55/08-05000.jpg
2026-08-20 11:55:22,579 [INFO] Capturing response: https://global.siteyaptim.live/s-sport/tracks-v1a1/2026/08/20/11/55/08-05000.jpg 200 
2026-08-20 11:55:22,803 [INFO] Capturing request: https://global.siteyaptim.live/s-sport/tracks-v1a1/2026/08/20/11/55/13-05000.jpg
2026-08-20 11:55:23,723 [INFO]   ✅ M3U8 bulundu: https://corestream.siteyaptim.live//s-sport/tracks-v1a1/mono.m3u8
2026-08-20 11:55:23,899 [INFO] Capturing response: https://global.siteyaptim.live/s-sport/tracks-v1a1/2026/08/20/11/55/13-05000.jpg 200 
2026-08-20 11:55:24,127 [INFO] Capturing request: https://global.siteyaptim.live/s-sport/tracks-v1a1/2026/08/20/11/55/18-05000.jpg
2026-08-20 11:55:24,724 [INFO] 
[9/14]
2026-08-20 11:55:24,724 [INFO] 🔍 S Sport 2 → https://www.atomsportv512.top/matches?id=s-sport-2
2026-08-20 11:55:24,831 [INFO] Capturing request: https://www.atomsportv512.top/matches?id=s-sport-2
2026-08-20 11:55:25,049 [INFO] Capturing response: https://www.atomsportv512.top/matches?id=s-sport-2 200 
2026-08-20 11:55:25,094 [INFO] Capturing response: https://global.siteyaptim.live/s-sport/tracks-v1a1/2026/08/20/11/55/18-05000.jpg 200 
2026-08-20 11:55:25,120 [INFO] 127.0.0.1:54514: ProtocolException("Error in HTTP connection: Http2ZombieException('Connection or stream already dead: 1787226925.119452, False')")
2026-08-20 11:55:25,184 [INFO] Capturing request: https://teletv5.top/load/yayinlink.php?id=s-sport-2
2026-08-20 11:55:25,186 [INFO] Capturing request: https://www.atomsportv512.top/favicon.ico
2026-08-20 11:55:25,237 [INFO] Capturing response: https://www.atomsportv512.top/favicon.ico 200 
2026-08-20 11:55:25,309 [INFO] Capturing request: https://streamsport365.com/cinema
2026-08-20 11:55:25,358 [INFO] Capturing response: https://teletv5.top/load/yayinlink.php?id=s-sport-2 200 
2026-08-20 11:55:25,608 [INFO] Capturing response: https://streamsport365.com/cinema 200 
2026-08-20 11:55:25,720 [INFO] Capturing request: https://www.atomsportv512.top/assets/img/player/player_logo_6a72b29dbcd89.png
2026-08-20 11:55:25,728 [INFO] Capturing request: https://corestream.siteyaptim.live//s-sport2/tracks-v1a1/mono.m3u8
2026-08-20 11:55:25,848 [INFO] Capturing response: https://www.atomsportv512.top/assets/img/player/player_logo_6a72b29dbcd89.png 304 
2026-08-20 11:55:25,886 [INFO] Capturing response: https://corestream.siteyaptim.live//s-sport2/tracks-v1a1/mono.m3u8 200 
2026-08-20 11:55:26,037 [INFO] Capturing request: https://global.siteyaptim.live/s-sport2/tracks-v1a1/2026/08/20/11/55/08-06000.jpg
2026-08-20 11:55:27,261 [INFO] Capturing response: https://global.siteyaptim.live/s-sport2/tracks-v1a1/2026/08/20/11/55/08-06000.jpg 200 
2026-08-20 11:55:27,451 [INFO] Capturing request: https://global.siteyaptim.live/s-sport2/tracks-v1a1/2026/08/20/11/55/14-06000.jpg
2026-08-20 11:55:28,097 [INFO]   ✅ M3U8 bulundu: https://corestream.siteyaptim.live//s-sport2/tracks-v1a1/mono.m3u8
2026-08-20 11:55:28,504 [INFO] Capturing response: https://global.siteyaptim.live/s-sport2/tracks-v1a1/2026/08/20/11/55/14-06000.jpg 200 
2026-08-20 11:55:28,720 [INFO] Capturing request: https://global.siteyaptim.live/s-sport2/tracks-v1a1/2026/08/20/11/55/20-06000.jpg
2026-08-20 11:55:29,097 [INFO] 
[10/14]
2026-08-20 11:55:29,097 [INFO] 🔍 A Spor → https://www.atomsportv512.top/matches?id=a-spor
2026-08-20 11:55:29,210 [INFO] Capturing request: https://www.atomsportv512.top/matches?id=a-spor
2026-08-20 11:55:29,426 [INFO] Capturing response: https://www.atomsportv512.top/matches?id=a-spor 200 
2026-08-20 11:55:29,463 [INFO] Capturing request: https://streamsport365.com/cinema
2026-08-20 11:55:29,563 [INFO] Capturing request: https://teletv5.top/load/yayinlink.php?id=a-spor
2026-08-20 11:55:29,566 [INFO] Capturing request: https://www.atomsportv512.top/favicon.ico
2026-08-20 11:55:29,615 [INFO] Capturing response: https://www.atomsportv512.top/favicon.ico 200 
2026-08-20 11:55:29,770 [INFO] Capturing response: https://streamsport365.com/cinema 200 
2026-08-20 11:55:29,918 [INFO] Capturing response: https://global.siteyaptim.live/s-sport2/tracks-v1a1/2026/08/20/11/55/20-06000.jpg 200 
2026-08-20 11:55:30,077 [INFO] Capturing response: https://teletv5.top/load/yayinlink.php?id=a-spor 200 
2026-08-20 11:55:30,227 [INFO] Capturing request: https://www.atomsportv512.top/assets/img/player/player_logo_6a72b29dbcd89.png
2026-08-20 11:55:30,235 [INFO] Capturing request: https://corestream.siteyaptim.live//aspor/tracks-v1a1/mono.m3u8
2026-08-20 11:55:30,357 [INFO] Capturing response: https://www.atomsportv512.top/assets/img/player/player_logo_6a72b29dbcd89.png 304 
2026-08-20 11:55:30,402 [INFO] Capturing response: https://corestream.siteyaptim.live//aspor/tracks-v1a1/mono.m3u8 200 
2026-08-20 11:55:30,512 [INFO] Capturing request: https://global.siteyaptim.live/aspor/tracks-v1a1/2026/08/20/11/56/01-10000.jpg
2026-08-20 11:55:32,475 [INFO]   ✅ M3U8 bulundu: https://corestream.siteyaptim.live//aspor/tracks-v1a1/mono.m3u8
2026-08-20 11:55:33,111 [INFO] Capturing response: https://global.siteyaptim.live/aspor/tracks-v1a1/2026/08/20/11/56/01-10000.jpg 200 
2026-08-20 11:55:33,426 [INFO] Capturing request: https://global.siteyaptim.live/aspor/tracks-v1a1/2026/08/20/11/56/11-10000.jpg
2026-08-20 11:55:33,476 [INFO] 
[11/14]
2026-08-20 11:55:33,476 [INFO] 🔍 Tivibu Spor 1 → https://www.atomsportv512.top/matches?id=tivibu-spor-1
2026-08-20 11:55:33,585 [INFO] Capturing request: https://www.atomsportv512.top/matches?id=tivibu-spor-1
2026-08-20 11:55:33,806 [INFO] Capturing response: https://www.atomsportv512.top/matches?id=tivibu-spor-1 200 
2026-08-20 11:55:33,954 [INFO] Capturing request: https://teletv5.top/load/yayinlink.php?id=tivibu-spor-1
2026-08-20 11:55:33,955 [INFO] Capturing request: https://www.atomsportv512.top/favicon.ico
2026-08-20 11:55:34,000 [INFO] Capturing response: https://www.atomsportv512.top/favicon.ico 200 
2026-08-20 11:55:34,080 [INFO] Capturing request: https://streamsport365.com/cinema
2026-08-20 11:55:34,127 [INFO] Capturing response: https://teletv5.top/load/yayinlink.php?id=tivibu-spor-1 200 
2026-08-20 11:55:34,383 [INFO] Capturing response: https://streamsport365.com/cinema 200 
2026-08-20 11:55:36,462 [INFO] Capturing response: https://global.siteyaptim.live/aspor/tracks-v1a1/2026/08/20/11/56/11-10000.jpg 200 
2026-08-20 11:55:36,543 [INFO] 127.0.0.1:54514: ProtocolException("Error in HTTP connection: Http2ZombieException('Connection or stream already dead: 1787226936.5425217, False')")
2026-08-20 11:55:47,694 [INFO] Capturing request: https://update.googleapis.com/service/update2/json?cup2key=16:i4ArFVsD5CYV4xX7x5MHiLAKKH-4nUMKnWR2v_MI1ok&cup2hreq=30bd0a51ad42582c182f73cf0c1ed5f932a06276b03a3f927dc3f81145ec300d
2026-08-20 11:55:47,765 [INFO] Capturing response: https://update.googleapis.com/service/update2/json?cup2key=16:i4ArFVsD5CYV4xX7x5MHiLAKKH-4nUMKnWR2v_MI1ok&cup2hreq=30bd0a51ad42582c182f73cf0c1ed5f932a06276b03a3f927dc3f81145ec300d 200 
2026-08-20 11:55:47,771 [INFO] Capturing request: http://edgedl.me.gvt1.com/edgedl/diffgen-puffin/gcmjkmgdlgnkkcocmoeiminaijmmjnii/6ca5bdb9f3e2cd83b7e359729bc6c33c4fe975ec499861d969b3e080320849ff
2026-08-20 11:55:47,964 [INFO] Capturing response: http://edgedl.me.gvt1.com/edgedl/diffgen-puffin/gcmjkmgdlgnkkcocmoeiminaijmmjnii/6ca5bdb9f3e2cd83b7e359729bc6c33c4fe975ec499861d969b3e080320849ff 200 OK
2026-08-20 11:55:47,989 [INFO] Capturing request: https://update.googleapis.com/service/update2/json
2026-08-20 11:55:48,057 [INFO] Capturing response: https://update.googleapis.com/service/update2/json 200 
2026-08-20 11:55:48,101 [INFO] Capturing request: http://edgedl.me.gvt1.com/edgedl/release2/chrome_component/ac3uqjtywtomf4pjcbarw5t4potq_10727/hfnkpimlhhgieaddgfemjhofmfblmnib_10727_all_acnjo3cgdftqo4p24xxw3nm2esdq.crx3
2026-08-20 11:55:48,378 [INFO] Capturing response: http://edgedl.me.gvt1.com/edgedl/release2/chrome_component/ac3uqjtywtomf4pjcbarw5t4potq_10727/hfnkpimlhhgieaddgfemjhofmfblmnib_10727_all_acnjo3cgdftqo4p24xxw3nm2esdq.crx3 200 OK
2026-08-20 11:55:48,408 [INFO] Capturing request: https://update.googleapis.com/service/update2/json
2026-08-20 11:55:48,451 [INFO] Capturing response: https://update.googleapis.com/service/update2/json 200 
2026-08-20 11:56:02,960 [INFO] Capturing request: https://android.clients.google.com/c2dm/register3
2026-08-20 11:56:03,015 [INFO] Capturing response: https://android.clients.google.com/c2dm/register3 429 
2026-08-20 11:56:07,128 [WARNING]   ❌ Tivibu Spor 1 için M3U8 bulunamadı
2026-08-20 11:56:08,128 [INFO] 
[12/14]
2026-08-20 11:56:08,128 [INFO] 🔍 Tivibu Spor 2 → https://www.atomsportv512.top/matches?id=tivibu-spor-2
2026-08-20 11:56:08,292 [INFO] Capturing request: https://www.atomsportv512.top/matches?id=tivibu-spor-2
2026-08-20 11:56:08,519 [INFO] Capturing response: https://www.atomsportv512.top/matches?id=tivibu-spor-2 200 
2026-08-20 11:56:08,681 [INFO] Capturing request: https://www.atomsportv512.top/favicon.ico
2026-08-20 11:56:08,727 [INFO] Capturing response: https://www.atomsportv512.top/favicon.ico 200 
2026-08-20 11:56:08,731 [INFO] Capturing request: https://teletv5.top/load/yayinlink.php?id=tivibu-spor-2
2026-08-20 11:56:08,766 [INFO] Capturing response: https://teletv5.top/load/yayinlink.php?id=tivibu-spor-2 200 
2026-08-20 11:56:09,177 [INFO] Capturing request: https://streamsport365.com/cinema
2026-08-20 11:56:09,474 [INFO] Capturing response: https://streamsport365.com/cinema 200 
2026-08-20 11:56:41,811 [WARNING]   ❌ Tivibu Spor 2 için M3U8 bulunamadı
2026-08-20 11:56:42,812 [INFO] 
[13/14]
2026-08-20 11:56:42,812 [INFO] 🔍 Tivibu Spor 3 → https://www.atomsportv512.top/matches?id=tivibu-spor-3
2026-08-20 11:56:42,920 [INFO] Capturing request: https://www.atomsportv512.top/matches?id=tivibu-spor-3
2026-08-20 11:56:43,303 [INFO] Capturing response: https://www.atomsportv512.top/matches?id=tivibu-spor-3 200 
2026-08-20 11:56:43,437 [INFO] Capturing request: https://teletv5.top/load/yayinlink.php?id=tivibu-spor-3
2026-08-20 11:56:43,438 [INFO] Capturing request: https://www.atomsportv512.top/favicon.ico
2026-08-20 11:56:43,466 [INFO] Capturing response: https://teletv5.top/load/yayinlink.php?id=tivibu-spor-3 200 
2026-08-20 11:56:43,486 [INFO] Capturing response: https://www.atomsportv512.top/favicon.ico 200 
2026-08-20 11:56:43,562 [INFO] Capturing request: https://streamsport365.com/cinema
2026-08-20 11:56:43,867 [INFO] Capturing response: https://streamsport365.com/cinema 200 
2026-08-20 11:57:16,560 [WARNING]   ❌ Tivibu Spor 3 için M3U8 bulunamadı
2026-08-20 11:57:17,560 [INFO] 
[14/14]
2026-08-20 11:57:17,560 [INFO] 🔍 Tivibu Spor 4 → https://www.atomsportv512.top/matches?id=tivibu-spor-4
2026-08-20 11:57:17,672 [INFO] Capturing request: https://www.atomsportv512.top/matches?id=tivibu-spor-4
2026-08-20 11:57:18,037 [INFO] Capturing response: https://www.atomsportv512.top/matches?id=tivibu-spor-4 200 
2026-08-20 11:57:18,175 [INFO] Capturing request: https://teletv5.top/load/yayinlink.php?id=tivibu-spor-4
2026-08-20 11:57:18,178 [INFO] Capturing request: https://www.atomsportv512.top/favicon.ico
2026-08-20 11:57:18,206 [INFO] Capturing response: https://teletv5.top/load/yayinlink.php?id=tivibu-spor-4 200 
2026-08-20 11:57:18,228 [INFO] Capturing response: https://www.atomsportv512.top/favicon.ico 200 
2026-08-20 11:57:18,304 [INFO] Capturing request: https://streamsport365.com/cinema
2026-08-20 11:57:18,607 [INFO] Capturing response: https://streamsport365.com/cinema 200 
2026-08-20 11:57:51,311 [WARNING]   ❌ Tivibu Spor 4 için M3U8 bulunamadı
2026-08-20 11:57:52,373 [INFO] ✅ 10 kanal bulundu, playlist.m3u kaydedildi
