2026-09-08 09:59:26,188 [INFO] 🌐 BASE_URL: https://www.atomsportv514.top
2026-09-08 09:59:27,027 [INFO] Başlanıyor... 14 kanal taranacak
2026-09-08 09:59:27,027 [INFO] Using default request storage
2026-09-08 09:59:27,032 [INFO] Created proxy listening on 127.0.0.1:45281
2026-09-08 09:59:27,706 [INFO] Capturing request: http://clients2.google.com/time/1/current?cup2key=10:obAV7--DxkkODp-7tWwt5wyzrFUeYhxmDMWvn-hFIP4&cup2hreq=e3b0c44298fc1c149afbf4c8996fb92427ae41e4649b934ca495991b7852b855
2026-09-08 09:59:27,752 [INFO] Capturing response: http://clients2.google.com/time/1/current?cup2key=10:obAV7--DxkkODp-7tWwt5wyzrFUeYhxmDMWvn-hFIP4&cup2hreq=e3b0c44298fc1c149afbf4c8996fb92427ae41e4649b934ca495991b7852b855 200 OK
2026-09-08 09:59:28,027 [INFO] 
[1/14]
2026-09-08 09:59:28,027 [INFO] 🔍 beIN Sports 1 → https://www.atomsportv514.top/matches?id=bein-sports-1
2026-09-08 09:59:28,122 [INFO] Capturing request: https://accounts.google.com/ListAccounts?gpsia=1&source=ChromiumBrowser&json=standard&laf=b64bin
2026-09-08 09:59:28,136 [INFO] Capturing request: https://update.googleapis.com/service/update2/json?cup2key=16:sK9bYreznIvyVsw9Ai-1AjHhtI5b6f8O81ZHZlwICwI&cup2hreq=994ef34ea1881a874fc989a3d173f5e83302d8ad32cac71bb52b43d0e6907ca7
2026-09-08 09:59:28,192 [INFO] Capturing response: https://update.googleapis.com/service/update2/json?cup2key=16:sK9bYreznIvyVsw9Ai-1AjHhtI5b6f8O81ZHZlwICwI&cup2hreq=994ef34ea1881a874fc989a3d173f5e83302d8ad32cac71bb52b43d0e6907ca7 200 
2026-09-08 09:59:28,212 [INFO] Capturing request: https://www.google.com/async/folae?async=_fmt:pb&udm=50&client_locale=en-US&client_country=ZZ
2026-09-08 09:59:28,238 [INFO] Capturing request: https://update.googleapis.com/service/update2/json?cup2key=16:Lw1f_2HiCmxIY34eFnbEhhW7nwuOaOWUnTCObCF_Osk&cup2hreq=0cf8ade157e26421ee4ebfa81769d4e255be287cf17703ab4a5613f162d60c76
2026-09-08 09:59:28,256 [INFO] Capturing request: https://www.atomsportv514.top/matches?id=bein-sports-1
2026-09-08 09:59:28,259 [INFO] Capturing response: https://www.google.com/async/folae?async=_fmt:pb&udm=50&client_locale=en-US&client_country=ZZ 200 
2026-09-08 09:59:28,268 [INFO] Capturing response: https://accounts.google.com/ListAccounts?gpsia=1&source=ChromiumBrowser&json=standard&laf=b64bin 200 
2026-09-08 09:59:28,271 [INFO] Capturing response: https://update.googleapis.com/service/update2/json?cup2key=16:Lw1f_2HiCmxIY34eFnbEhhW7nwuOaOWUnTCObCF_Osk&cup2hreq=0cf8ade157e26421ee4ebfa81769d4e255be287cf17703ab4a5613f162d60c76 200 
2026-09-08 09:59:28,318 [INFO] Capturing request: https://update.googleapis.com/service/update2/json?cup2key=16:dKLBeT9TAR6bJcuN6P93OjPytOzOqFniYO-fqUEfc4k&cup2hreq=a98fb7cdb5f437f8560d16cc077d2fb3f2a3ce6d0951ab95a01dce3cf52b2712
2026-09-08 09:59:28,347 [INFO] Capturing response: https://update.googleapis.com/service/update2/json?cup2key=16:dKLBeT9TAR6bJcuN6P93OjPytOzOqFniYO-fqUEfc4k&cup2hreq=a98fb7cdb5f437f8560d16cc077d2fb3f2a3ce6d0951ab95a01dce3cf52b2712 200 
2026-09-08 09:59:28,966 [INFO] Capturing response: https://www.atomsportv514.top/matches?id=bein-sports-1 200 
2026-09-08 09:59:29,167 [INFO] Capturing request: https://cdn.jsdelivr.net/npm/@clappr/player@0.11.16/dist/clappr.min.js
2026-09-08 09:59:29,169 [INFO] Capturing request: https://cdn.jsdelivr.net/npm/@clappr/hlsjs-playback@1.8.3/dist/hlsjs-playback.min.js
2026-09-08 09:59:29,172 [INFO] Capturing request: https://cdn.jsdelivr.net/npm/level-selector/dist/level-selector.min.js
2026-09-08 09:59:29,195 [INFO] Capturing response: https://cdn.jsdelivr.net/npm/@clappr/player@0.11.16/dist/clappr.min.js 200 
2026-09-08 09:59:29,200 [INFO] Capturing response: https://cdn.jsdelivr.net/npm/@clappr/hlsjs-playback@1.8.3/dist/hlsjs-playback.min.js 200 
2026-09-08 09:59:29,328 [INFO] Capturing response: https://cdn.jsdelivr.net/npm/level-selector/dist/level-selector.min.js 200 
2026-09-08 09:59:29,452 [INFO] Capturing request: https://www.atomsportv514.top/favicon.ico
2026-09-08 09:59:29,501 [INFO] Capturing response: https://www.atomsportv514.top/favicon.ico 200 
2026-09-08 09:59:29,579 [INFO] Capturing request: https://teletv5.top/load/yayinlink.php?id=bein-sports-1
2026-09-08 09:59:30,035 [INFO] Capturing request: https://streamsport365.com/cinema
2026-09-08 09:59:30,039 [INFO] Capturing response: https://teletv5.top/load/yayinlink.php?id=bein-sports-1 200 
2026-09-08 09:59:30,392 [INFO] Capturing response: https://streamsport365.com/cinema 200 
2026-09-08 09:59:30,525 [INFO] Capturing request: https://www.atomsportv514.top/assets/img/player/player_logo_6a87a2e2eecc5.png
2026-09-08 09:59:30,567 [INFO] Capturing response: https://www.atomsportv514.top/assets/img/player/player_logo_6a87a2e2eecc5.png 200 
2026-09-08 09:59:30,590 [INFO] Capturing request: https://corestream.ardastream.live//beintv/tracks-v1a1/mono.m3u8
2026-09-08 09:59:30,780 [INFO] Capturing response: https://corestream.ardastream.live//beintv/tracks-v1a1/mono.m3u8 200 
2026-09-08 09:59:30,996 [INFO] Capturing request: https://global.ardastream.live/beintv/tracks-v1a1/2026/09/08/09/59/06-06000.jpg
2026-09-08 09:59:31,215 [INFO] Capturing request: https://android.clients.google.com/checkin
2026-09-08 09:59:31,339 [INFO] Capturing response: https://android.clients.google.com/checkin 200 
2026-09-08 09:59:31,398 [INFO] Capturing request: https://android.clients.google.com/c2dm/register3
2026-09-08 09:59:31,402 [INFO] Capturing request: https://android.clients.google.com/c2dm/register3
2026-09-08 09:59:31,405 [INFO] Capturing request: https://android.clients.google.com/c2dm/register3
2026-09-08 09:59:31,432 [INFO] Capturing response: https://global.ardastream.live/beintv/tracks-v1a1/2026/09/08/09/59/06-06000.jpg 200 
2026-09-08 09:59:31,468 [INFO] Capturing response: https://android.clients.google.com/c2dm/register3 301 
2026-09-08 09:59:31,702 [INFO] Capturing request: https://global.ardastream.live/beintv/tracks-v1a1/2026/09/08/09/59/12-06000.jpg
2026-09-08 09:59:32,107 [INFO] Capturing response: https://global.ardastream.live/beintv/tracks-v1a1/2026/09/08/09/59/12-06000.jpg 200 
2026-09-08 09:59:32,312 [INFO] Capturing response: https://android.clients.google.com/c2dm/register3 200 
2026-09-08 09:59:32,330 [INFO] Capturing request: https://global.ardastream.live/beintv/tracks-v1a1/2026/09/08/09/59/18-06000.jpg
2026-09-08 09:59:32,366 [INFO] Capturing response: https://android.clients.google.com/c2dm/register3 200 
2026-09-08 09:59:32,377 [INFO]   ✅ M3U8 bulundu: https://corestream.ardastream.live//beintv/tracks-v1a1/mono.m3u8
2026-09-08 09:59:32,722 [INFO] Capturing response: https://global.ardastream.live/beintv/tracks-v1a1/2026/09/08/09/59/18-06000.jpg 200 
2026-09-08 09:59:33,378 [INFO] 
[2/14]
2026-09-08 09:59:33,378 [INFO] 🔍 beIN Sports 2 → https://www.atomsportv514.top/matches?id=bein-sports-2
2026-09-08 09:59:33,493 [INFO] Capturing request: https://www.atomsportv514.top/matches?id=bein-sports-2
2026-09-08 09:59:33,767 [INFO] Capturing response: https://www.atomsportv514.top/matches?id=bein-sports-2 200 
2026-09-08 09:59:33,822 [INFO] Capturing request: https://streamsport365.com/cinema
2026-09-08 09:59:33,918 [INFO] Capturing request: https://teletv5.top/load/yayinlink.php?id=bein-sports-2
2026-09-08 09:59:33,923 [INFO] Capturing request: https://www.atomsportv514.top/favicon.ico
2026-09-08 09:59:33,959 [INFO] Capturing response: https://www.atomsportv514.top/favicon.ico 200 
2026-09-08 09:59:34,144 [INFO] Capturing response: https://teletv5.top/load/yayinlink.php?id=bein-sports-2 200 
2026-09-08 09:59:34,272 [INFO] Capturing response: https://streamsport365.com/cinema 200 
2026-09-08 09:59:34,384 [INFO] Capturing request: https://www.atomsportv514.top/assets/img/player/player_logo_6a87a2e2eecc5.png
2026-09-08 09:59:34,394 [INFO] Capturing request: https://corestream.ardastream.live//bein2/tracks-v1a1/mono.m3u8
2026-09-08 09:59:34,502 [INFO] Capturing response: https://www.atomsportv514.top/assets/img/player/player_logo_6a87a2e2eecc5.png 304 
2026-09-08 09:59:34,580 [INFO] Capturing response: https://corestream.ardastream.live//bein2/tracks-v1a1/mono.m3u8 200 
2026-09-08 09:59:34,690 [INFO] Capturing request: https://global.ardastream.live/bein2/tracks-v1a1/2026/09/08/09/59/10-10000.jpg
2026-09-08 09:59:35,339 [INFO] Capturing response: https://global.ardastream.live/bein2/tracks-v1a1/2026/09/08/09/59/10-10000.jpg 200 
2026-09-08 09:59:35,716 [INFO] Capturing request: https://global.ardastream.live/bein2/tracks-v1a1/2026/09/08/09/59/20-07160.jpg
2026-09-08 09:59:36,411 [INFO] Capturing response: https://global.ardastream.live/bein2/tracks-v1a1/2026/09/08/09/59/20-07160.jpg 200 
2026-09-08 09:59:36,718 [INFO] Capturing request: https://global.ardastream.live/bein2/tracks-v1a1/2026/09/08/09/59/27-10000.jpg
2026-09-08 09:59:36,853 [INFO]   ✅ M3U8 bulundu: https://corestream.ardastream.live//bein2/tracks-v1a1/mono.m3u8
2026-09-08 09:59:37,386 [INFO] Capturing response: https://global.ardastream.live/bein2/tracks-v1a1/2026/09/08/09/59/27-10000.jpg 200 
2026-09-08 09:59:37,728 [INFO] Capturing request: https://global.ardastream.live/bein2/tracks-v1a1/2026/09/08/09/59/37-10000.jpg
2026-09-08 09:59:37,853 [INFO] 
[3/14]
2026-09-08 09:59:37,853 [INFO] 🔍 beIN Sports 3 → https://www.atomsportv514.top/matches?id=bein-sports-3
2026-09-08 09:59:37,967 [INFO] Capturing request: https://www.atomsportv514.top/matches?id=bein-sports-3
2026-09-08 09:59:38,256 [INFO] Capturing response: https://www.atomsportv514.top/matches?id=bein-sports-3 200 
2026-09-08 09:59:38,400 [INFO] Capturing request: https://teletv5.top/load/yayinlink.php?id=bein-sports-3
2026-09-08 09:59:38,405 [INFO] Capturing request: https://www.atomsportv514.top/favicon.ico
2026-09-08 09:59:38,450 [INFO] Capturing response: https://www.atomsportv514.top/favicon.ico 200 
2026-09-08 09:59:38,456 [INFO] Capturing response: https://global.ardastream.live/bein2/tracks-v1a1/2026/09/08/09/59/37-10000.jpg 200 
2026-09-08 09:59:38,561 [INFO] Capturing request: https://streamsport365.com/cinema
2026-09-08 09:59:38,627 [INFO] Capturing response: https://teletv5.top/load/yayinlink.php?id=bein-sports-3 200 
2026-09-08 09:59:38,923 [INFO] Capturing response: https://streamsport365.com/cinema 200 
2026-09-08 09:59:39,034 [INFO] Capturing request: https://www.atomsportv514.top/assets/img/player/player_logo_6a87a2e2eecc5.png
2026-09-08 09:59:39,044 [INFO] Capturing request: https://corestream.ardastream.live//bein3/tracks-v1a1/mono.m3u8
2026-09-08 09:59:39,153 [INFO] Capturing response: https://www.atomsportv514.top/assets/img/player/player_logo_6a87a2e2eecc5.png 304 
2026-09-08 09:59:39,229 [INFO] Capturing response: https://corestream.ardastream.live//bein3/tracks-v1a1/mono.m3u8 200 
2026-09-08 09:59:39,341 [INFO] Capturing request: https://global.ardastream.live/bein3/tracks-v1a1/2026/09/08/09/59/44-07640.jpg
2026-09-08 09:59:39,846 [INFO] Capturing response: https://global.ardastream.live/bein3/tracks-v1a1/2026/09/08/09/59/44-07640.jpg 200 
2026-09-08 09:59:40,166 [INFO] Capturing request: https://global.ardastream.live/bein3/tracks-v1a1/2026/09/08/09/59/52-10000.jpg
2026-09-08 09:59:40,918 [INFO] Capturing response: https://global.ardastream.live/bein3/tracks-v1a1/2026/09/08/09/59/52-10000.jpg 200 
2026-09-08 09:59:41,294 [INFO] Capturing request: https://global.ardastream.live/bein3/tracks-v1a1/2026/09/08/10/00/02-06080.jpg
2026-09-08 09:59:41,322 [INFO]   ✅ M3U8 bulundu: https://corestream.ardastream.live//bein3/tracks-v1a1/mono.m3u8
2026-09-08 09:59:41,797 [INFO] Capturing response: https://global.ardastream.live/bein3/tracks-v1a1/2026/09/08/10/00/02-06080.jpg 200 
2026-09-08 09:59:42,068 [INFO] Capturing request: https://global.ardastream.live/bein3/tracks-v1a1/2026/09/08/10/00/08-10000.jpg
2026-09-08 09:59:42,323 [INFO] 
[4/14]
2026-09-08 09:59:42,324 [INFO] 🔍 beIN Sports 4 → https://www.atomsportv514.top/matches?id=bein-sports-4
2026-09-08 09:59:42,469 [INFO] Capturing request: https://www.atomsportv514.top/matches?id=bein-sports-4
2026-09-08 09:59:42,757 [INFO] Capturing response: https://www.atomsportv514.top/matches?id=bein-sports-4 200 
2026-09-08 09:59:42,817 [INFO] Capturing request: https://streamsport365.com/cinema
2026-09-08 09:59:42,825 [INFO] Capturing response: https://global.ardastream.live/bein3/tracks-v1a1/2026/09/08/10/00/08-10000.jpg 200 
2026-09-08 09:59:42,910 [INFO] Capturing request: https://teletv5.top/load/yayinlink.php?id=bein-sports-4
2026-09-08 09:59:42,918 [INFO] Capturing request: https://www.atomsportv514.top/favicon.ico
2026-09-08 09:59:42,961 [INFO] Capturing response: https://www.atomsportv514.top/favicon.ico 200 
2026-09-08 09:59:43,138 [INFO] Capturing response: https://teletv5.top/load/yayinlink.php?id=bein-sports-4 200 
2026-09-08 09:59:43,183 [INFO] Capturing response: https://streamsport365.com/cinema 200 
2026-09-08 09:59:43,295 [INFO] Capturing request: https://www.atomsportv514.top/assets/img/player/player_logo_6a87a2e2eecc5.png
2026-09-08 09:59:43,305 [INFO] Capturing request: https://corestream.ardastream.live//bein4/tracks-v1a1/mono.m3u8
2026-09-08 09:59:43,414 [INFO] Capturing response: https://www.atomsportv514.top/assets/img/player/player_logo_6a87a2e2eecc5.png 304 
2026-09-08 09:59:43,498 [INFO] Capturing response: https://corestream.ardastream.live//bein4/tracks-v1a1/mono.m3u8 200 
2026-09-08 09:59:43,648 [INFO] Capturing request: https://global.ardastream.live/bein4/tracks-v1a1/2026/09/08/09/59/40-10000.jpg
2026-09-08 09:59:44,283 [INFO] Capturing response: https://global.ardastream.live/bein4/tracks-v1a1/2026/09/08/09/59/40-10000.jpg 200 
2026-09-08 09:59:44,673 [INFO] Capturing request: https://global.ardastream.live/bein4/tracks-v1a1/2026/09/08/09/59/50-05040.jpg
2026-09-08 09:59:45,212 [INFO] Capturing response: https://global.ardastream.live/bein4/tracks-v1a1/2026/09/08/09/59/50-05040.jpg 200 
2026-09-08 09:59:45,485 [INFO] Capturing request: https://global.ardastream.live/bein4/tracks-v1a1/2026/09/08/09/59/55-10000.jpg
2026-09-08 09:59:45,847 [INFO]   ✅ M3U8 bulundu: https://corestream.ardastream.live//bein4/tracks-v1a1/mono.m3u8
2026-09-08 09:59:46,159 [INFO] Capturing response: https://global.ardastream.live/bein4/tracks-v1a1/2026/09/08/09/59/55-10000.jpg 200 
2026-09-08 09:59:46,504 [INFO] Capturing request: https://global.ardastream.live/bein4/tracks-v1a1/2026/09/08/10/00/05-10000.jpg
2026-09-08 09:59:46,849 [INFO] 
[5/14]
2026-09-08 09:59:46,850 [INFO] 🔍 beIN Sports 5 → https://www.atomsportv514.top/matches?id=bein-sports-5
2026-09-08 09:59:47,000 [INFO] Capturing request: https://www.atomsportv514.top/matches?id=bein-sports-5
2026-09-08 09:59:47,231 [INFO] Capturing response: https://global.ardastream.live/bein4/tracks-v1a1/2026/09/08/10/00/05-10000.jpg 200 
2026-09-08 09:59:47,284 [INFO] Capturing response: https://www.atomsportv514.top/matches?id=bein-sports-5 200 
2026-09-08 09:59:47,428 [INFO] Capturing request: https://teletv5.top/load/yayinlink.php?id=bein-sports-5
2026-09-08 09:59:47,431 [INFO] Capturing request: https://www.atomsportv514.top/favicon.ico
2026-09-08 09:59:47,467 [INFO] Capturing response: https://www.atomsportv514.top/favicon.ico 200 
2026-09-08 09:59:47,585 [INFO] Capturing request: https://streamsport365.com/cinema
2026-09-08 09:59:47,652 [INFO] Capturing response: https://teletv5.top/load/yayinlink.php?id=bein-sports-5 200 
2026-09-08 09:59:47,948 [INFO] Capturing response: https://streamsport365.com/cinema 200 
2026-09-08 09:59:48,058 [INFO] Capturing request: https://www.atomsportv514.top/assets/img/player/player_logo_6a87a2e2eecc5.png
2026-09-08 09:59:48,068 [INFO] Capturing request: https://corestream.ardastream.live//bein5/tracks-v1a1/mono.m3u8
2026-09-08 09:59:48,176 [INFO] Capturing response: https://www.atomsportv514.top/assets/img/player/player_logo_6a87a2e2eecc5.png 304 
2026-09-08 09:59:48,258 [INFO] Capturing response: https://corestream.ardastream.live//bein5/tracks-v1a1/mono.m3u8 404 
2026-09-08 09:59:50,341 [INFO]   ✅ M3U8 bulundu: https://corestream.ardastream.live//bein5/tracks-v1a1/mono.m3u8
2026-09-08 09:59:50,388 [INFO] Capturing request: https://corestream.ardastream.live//bein5/tracks-v1a1/mono.m3u8
2026-09-08 09:59:50,567 [INFO] Capturing response: https://corestream.ardastream.live//bein5/tracks-v1a1/mono.m3u8 404 
2026-09-08 09:59:51,341 [INFO] 
[6/14]
2026-09-08 09:59:51,341 [INFO] 🔍 beIN Sports Max 1 → https://www.atomsportv514.top/matches?id=bein-sports-max-1
2026-09-08 09:59:51,449 [INFO] Capturing request: https://www.atomsportv514.top/matches?id=bein-sports-max-1
2026-09-08 09:59:51,724 [INFO] Capturing response: https://www.atomsportv514.top/matches?id=bein-sports-max-1 200 
2026-09-08 09:59:51,757 [INFO] Capturing request: https://streamsport365.com/cinema
2026-09-08 09:59:51,855 [INFO] Capturing request: https://teletv5.top/load/yayinlink.php?id=bein-sports-max-1
2026-09-08 09:59:51,859 [INFO] Capturing request: https://www.atomsportv514.top/favicon.ico
2026-09-08 09:59:51,892 [INFO] Capturing response: https://www.atomsportv514.top/favicon.ico 200 
2026-09-08 09:59:52,083 [INFO] Capturing response: https://teletv5.top/load/yayinlink.php?id=bein-sports-max-1 200 
2026-09-08 09:59:52,119 [INFO] Capturing response: https://streamsport365.com/cinema 200 
2026-09-08 09:59:52,234 [INFO] Capturing request: https://www.atomsportv514.top/assets/img/player/player_logo_6a87a2e2eecc5.png
2026-09-08 09:59:52,243 [INFO] Capturing request: https://corestream.ardastream.live//beinmax1/tracks-v1a1/mono.m3u8
2026-09-08 09:59:52,351 [INFO] Capturing response: https://www.atomsportv514.top/assets/img/player/player_logo_6a87a2e2eecc5.png 304 
2026-09-08 09:59:52,438 [INFO] Capturing response: https://corestream.ardastream.live//beinmax1/tracks-v1a1/mono.m3u8 200 
2026-09-08 09:59:52,548 [INFO] Capturing request: https://global.ardastream.live/beinmax1/tracks-v1a1/2026/09/08/09/59/42-06880.jpg
2026-09-08 09:59:52,643 [INFO] Capturing request: https://android.clients.google.com/c2dm/register3
2026-09-08 09:59:52,709 [INFO] Capturing response: https://android.clients.google.com/c2dm/register3 301 
2026-09-08 09:59:53,139 [INFO] Capturing response: https://global.ardastream.live/beinmax1/tracks-v1a1/2026/09/08/09/59/42-06880.jpg 200 
2026-09-08 09:59:53,469 [INFO] Capturing request: https://global.ardastream.live/beinmax1/tracks-v1a1/2026/09/08/09/59/49-08000.jpg
2026-09-08 09:59:54,095 [INFO] Capturing response: https://global.ardastream.live/beinmax1/tracks-v1a1/2026/09/08/09/59/49-08000.jpg 200 
2026-09-08 09:59:54,445 [INFO] Capturing request: https://global.ardastream.live/beinmax1/tracks-v1a1/2026/09/08/09/59/57-10560.jpg
2026-09-08 09:59:54,803 [INFO]   ✅ M3U8 bulundu: https://corestream.ardastream.live//beinmax1/tracks-v1a1/mono.m3u8
2026-09-08 09:59:55,204 [INFO] Capturing response: https://global.ardastream.live/beinmax1/tracks-v1a1/2026/09/08/09/59/57-10560.jpg 200 
2026-09-08 09:59:55,571 [INFO] Capturing request: https://global.ardastream.live/beinmax1/tracks-v1a1/2026/09/08/10/00/08-05000.jpg
2026-09-08 09:59:55,804 [INFO] 
[7/14]
2026-09-08 09:59:55,804 [INFO] 🔍 beIN Sports Max 2 → https://www.atomsportv514.top/matches?id=bein-sports-max-2
2026-09-08 09:59:55,917 [INFO] Capturing request: https://www.atomsportv514.top/matches?id=bein-sports-max-2
2026-09-08 09:59:56,176 [INFO] Capturing response: https://global.ardastream.live/beinmax1/tracks-v1a1/2026/09/08/10/00/08-05000.jpg 200 
2026-09-08 09:59:56,197 [INFO] Capturing response: https://www.atomsportv514.top/matches?id=bein-sports-max-2 200 
2026-09-08 09:59:56,268 [INFO] 127.0.0.1:52036: ProtocolException("Error in HTTP connection: Http2ZombieException('Connection or stream already dead: 1788861596.2683427, False')")
2026-09-08 09:59:56,349 [INFO] Capturing request: https://www.atomsportv514.top/favicon.ico
2026-09-08 09:59:56,350 [INFO] Capturing request: https://teletv5.top/load/yayinlink.php?id=bein-sports-max-2
2026-09-08 09:59:56,389 [INFO] Capturing response: https://www.atomsportv514.top/favicon.ico 200 
2026-09-08 09:59:56,504 [INFO] Capturing request: https://streamsport365.com/cinema
2026-09-08 09:59:56,583 [INFO] Capturing response: https://teletv5.top/load/yayinlink.php?id=bein-sports-max-2 200 
2026-09-08 09:59:56,859 [INFO] Capturing response: https://streamsport365.com/cinema 200 
2026-09-08 09:59:56,971 [INFO] Capturing request: https://www.atomsportv514.top/assets/img/player/player_logo_6a87a2e2eecc5.png
2026-09-08 09:59:56,980 [INFO] Capturing request: https://corestream.ardastream.live//beinmax2/tracks-v1a1/mono.m3u8
2026-09-08 09:59:57,087 [INFO] Capturing response: https://www.atomsportv514.top/assets/img/player/player_logo_6a87a2e2eecc5.png 304 
2026-09-08 09:59:57,194 [INFO] Capturing response: https://corestream.ardastream.live//beinmax2/tracks-v1a1/mono.m3u8 404 
2026-09-08 09:59:59,260 [INFO]   ✅ M3U8 bulundu: https://corestream.ardastream.live//beinmax2/tracks-v1a1/mono.m3u8
2026-09-08 09:59:59,313 [INFO] Capturing request: https://corestream.ardastream.live//beinmax2/tracks-v1a1/mono.m3u8
2026-09-08 09:59:59,497 [INFO] Capturing response: https://corestream.ardastream.live//beinmax2/tracks-v1a1/mono.m3u8 404 
2026-09-08 10:00:00,261 [INFO] 
[8/14]
2026-09-08 10:00:00,261 [INFO] 🔍 S Sport → https://www.atomsportv514.top/matches?id=s-sport
2026-09-08 10:00:00,369 [INFO] Capturing request: https://www.atomsportv514.top/matches?id=s-sport
2026-09-08 10:00:00,963 [INFO] Capturing response: https://www.atomsportv514.top/matches?id=s-sport 200 
2026-09-08 10:00:00,993 [INFO] Capturing request: https://streamsport365.com/cinema
2026-09-08 10:00:01,096 [INFO] Capturing request: https://teletv5.top/load/yayinlink.php?id=s-sport
2026-09-08 10:00:01,100 [INFO] Capturing request: https://www.atomsportv514.top/favicon.ico
2026-09-08 10:00:01,144 [INFO] Capturing response: https://www.atomsportv514.top/favicon.ico 200 
2026-09-08 10:00:01,322 [INFO] Capturing response: https://teletv5.top/load/yayinlink.php?id=s-sport 200 
2026-09-08 10:00:01,366 [INFO] Capturing response: https://streamsport365.com/cinema 200 
2026-09-08 10:00:01,477 [INFO] Capturing request: https://www.atomsportv514.top/assets/img/player/player_logo_6a87a2e2eecc5.png
2026-09-08 10:00:01,487 [INFO] Capturing request: https://corestream.ardastream.live//s-sport/tracks-v1a1/mono.m3u8
2026-09-08 10:00:01,597 [INFO] Capturing response: https://www.atomsportv514.top/assets/img/player/player_logo_6a87a2e2eecc5.png 304 
2026-09-08 10:00:01,697 [INFO] Capturing response: https://corestream.ardastream.live//s-sport/tracks-v1a1/mono.m3u8 200 
2026-09-08 10:00:01,807 [INFO] Capturing request: https://global.ardastream.live/s-sport/tracks-v1a1/2026/09/08/10/00/34-06400.jpg
2026-09-08 10:00:02,427 [INFO] Capturing response: https://global.ardastream.live/s-sport/tracks-v1a1/2026/09/08/10/00/34-06400.jpg 200 
2026-09-08 10:00:02,723 [INFO] Capturing request: https://global.ardastream.live/s-sport/tracks-v1a1/2026/09/08/10/00/41-06400.jpg
2026-09-08 10:00:03,393 [INFO] Capturing response: https://global.ardastream.live/s-sport/tracks-v1a1/2026/09/08/10/00/41-06400.jpg 200 
2026-09-08 10:00:03,684 [INFO] Capturing request: https://global.ardastream.live/s-sport/tracks-v1a1/2026/09/08/10/00/47-06400.jpg
2026-09-08 10:00:04,028 [INFO]   ✅ M3U8 bulundu: https://corestream.ardastream.live//s-sport/tracks-v1a1/mono.m3u8
2026-09-08 10:00:04,301 [INFO] Capturing response: https://global.ardastream.live/s-sport/tracks-v1a1/2026/09/08/10/00/47-06400.jpg 200 
2026-09-08 10:00:04,579 [INFO] Capturing request: https://global.ardastream.live/s-sport/tracks-v1a1/2026/09/08/10/00/53-06400.jpg
2026-09-08 10:00:05,028 [INFO] 
[9/14]
2026-09-08 10:00:05,028 [INFO] 🔍 S Sport 2 → https://www.atomsportv514.top/matches?id=s-sport-2
2026-09-08 10:00:05,134 [INFO] Capturing response: https://global.ardastream.live/s-sport/tracks-v1a1/2026/09/08/10/00/53-06400.jpg 200 
2026-09-08 10:00:05,139 [INFO] Capturing request: https://www.atomsportv514.top/matches?id=s-sport-2
2026-09-08 10:00:05,417 [INFO] Capturing response: https://www.atomsportv514.top/matches?id=s-sport-2 200 
2026-09-08 10:00:05,546 [INFO] Capturing request: https://teletv5.top/load/yayinlink.php?id=s-sport-2
2026-09-08 10:00:05,551 [INFO] Capturing request: https://www.atomsportv514.top/favicon.ico
2026-09-08 10:00:05,586 [INFO] Capturing response: https://www.atomsportv514.top/favicon.ico 200 
2026-09-08 10:00:05,701 [INFO] Capturing request: https://streamsport365.com/cinema
2026-09-08 10:00:05,771 [INFO] Capturing response: https://teletv5.top/load/yayinlink.php?id=s-sport-2 200 
2026-09-08 10:00:06,060 [INFO] Capturing response: https://streamsport365.com/cinema 200 
2026-09-08 10:00:06,171 [INFO] Capturing request: https://www.atomsportv514.top/assets/img/player/player_logo_6a87a2e2eecc5.png
2026-09-08 10:00:06,181 [INFO] Capturing request: https://corestream.ardastream.live//s-sport2/tracks-v1a1/mono.m3u8
2026-09-08 10:00:06,289 [INFO] Capturing response: https://www.atomsportv514.top/assets/img/player/player_logo_6a87a2e2eecc5.png 304 
2026-09-08 10:00:06,356 [INFO] Capturing response: https://corestream.ardastream.live//s-sport2/tracks-v1a1/mono.m3u8 200 
2026-09-08 10:00:06,466 [INFO] Capturing request: https://global.ardastream.live/s-sport2/tracks-v1a1/2026/09/08/10/00/20-06400.jpg
2026-09-08 10:00:06,961 [INFO] Capturing response: https://global.ardastream.live/s-sport2/tracks-v1a1/2026/09/08/10/00/20-06400.jpg 200 
2026-09-08 10:00:07,263 [INFO] Capturing request: https://global.ardastream.live/s-sport2/tracks-v1a1/2026/09/08/10/00/26-06400.jpg
2026-09-08 10:00:07,870 [INFO] Capturing response: https://global.ardastream.live/s-sport2/tracks-v1a1/2026/09/08/10/00/26-06400.jpg 200 
2026-09-08 10:00:08,168 [INFO] Capturing request: https://global.ardastream.live/s-sport2/tracks-v1a1/2026/09/08/10/00/33-06400.jpg
2026-09-08 10:00:08,489 [INFO]   ✅ M3U8 bulundu: https://corestream.ardastream.live//s-sport2/tracks-v1a1/mono.m3u8
2026-09-08 10:00:08,789 [INFO] Capturing response: https://global.ardastream.live/s-sport2/tracks-v1a1/2026/09/08/10/00/33-06400.jpg 200 
2026-09-08 10:00:09,084 [INFO] Capturing request: https://global.ardastream.live/s-sport2/tracks-v1a1/2026/09/08/10/00/39-06400.jpg
2026-09-08 10:00:09,490 [INFO] 
[10/14]
2026-09-08 10:00:09,490 [INFO] 🔍 A Spor → https://www.atomsportv514.top/matches?id=a-spor
2026-09-08 10:00:09,631 [INFO] Capturing request: https://www.atomsportv514.top/matches?id=a-spor
2026-09-08 10:00:09,676 [INFO] Capturing response: https://global.ardastream.live/s-sport2/tracks-v1a1/2026/09/08/10/00/39-06400.jpg 200 
2026-09-08 10:00:09,908 [INFO] Capturing response: https://www.atomsportv514.top/matches?id=a-spor 200 
2026-09-08 10:00:09,941 [INFO] Capturing request: https://streamsport365.com/cinema
2026-09-08 10:00:10,037 [INFO] Capturing request: https://teletv5.top/load/yayinlink.php?id=a-spor
2026-09-08 10:00:10,041 [INFO] Capturing request: https://www.atomsportv514.top/favicon.ico
2026-09-08 10:00:10,082 [INFO] Capturing response: https://www.atomsportv514.top/favicon.ico 200 
2026-09-08 10:00:10,266 [INFO] Capturing response: https://teletv5.top/load/yayinlink.php?id=a-spor 200 
2026-09-08 10:00:10,296 [INFO] Capturing response: https://streamsport365.com/cinema 200 
2026-09-08 10:00:10,417 [INFO] Capturing request: https://www.atomsportv514.top/assets/img/player/player_logo_6a87a2e2eecc5.png
2026-09-08 10:00:10,427 [INFO] Capturing request: https://corestream.ardastream.live//aspor/tracks-v1a1/mono.m3u8
2026-09-08 10:00:10,540 [INFO] Capturing response: https://www.atomsportv514.top/assets/img/player/player_logo_6a87a2e2eecc5.png 304 
2026-09-08 10:00:10,628 [INFO] Capturing response: https://corestream.ardastream.live//aspor/tracks-v1a1/mono.m3u8 404 
2026-09-08 10:00:12,788 [INFO] Capturing request: https://corestream.ardastream.live//aspor/tracks-v1a1/mono.m3u8
2026-09-08 10:00:12,955 [INFO]   ✅ M3U8 bulundu: https://corestream.ardastream.live//aspor/tracks-v1a1/mono.m3u8
2026-09-08 10:00:12,969 [INFO] Capturing response: https://corestream.ardastream.live//aspor/tracks-v1a1/mono.m3u8 404 
2026-09-08 10:00:13,955 [INFO] 
[11/14]
2026-09-08 10:00:13,955 [INFO] 🔍 Tivibu Spor 1 → https://www.atomsportv514.top/matches?id=tivibu-spor-1
2026-09-08 10:00:14,063 [INFO] Capturing request: https://www.atomsportv514.top/matches?id=tivibu-spor-1
2026-09-08 10:00:14,343 [INFO] Capturing response: https://www.atomsportv514.top/matches?id=tivibu-spor-1 200 
2026-09-08 10:00:14,474 [INFO] Capturing request: https://www.atomsportv514.top/favicon.ico
2026-09-08 10:00:14,475 [INFO] Capturing request: https://teletv5.top/load/yayinlink.php?id=tivibu-spor-1
2026-09-08 10:00:14,509 [INFO] Capturing response: https://www.atomsportv514.top/favicon.ico 200 
2026-09-08 10:00:14,622 [INFO] Capturing request: https://streamsport365.com/cinema
2026-09-08 10:00:14,701 [INFO] Capturing response: https://teletv5.top/load/yayinlink.php?id=tivibu-spor-1 200 
2026-09-08 10:00:14,982 [INFO] Capturing response: https://streamsport365.com/cinema 200 
2026-09-08 10:00:27,709 [INFO] Capturing request: https://update.googleapis.com/service/update2/json?cup2key=16:hTbfhxjFTLglEBCQxbEHGhB9d8b19gn_QQUi_PYDu84&cup2hreq=b2ecdea982f1e63e8d3bdfcc42185e7562b64ca32be10bef898ff5c69f45eba0
2026-09-08 10:00:27,739 [INFO] Capturing response: https://update.googleapis.com/service/update2/json?cup2key=16:hTbfhxjFTLglEBCQxbEHGhB9d8b19gn_QQUi_PYDu84&cup2hreq=b2ecdea982f1e63e8d3bdfcc42185e7562b64ca32be10bef898ff5c69f45eba0 200 
2026-09-08 10:00:27,747 [INFO] Capturing request: http://edgedl.me.gvt1.com/edgedl/diffgen-puffin/gcmjkmgdlgnkkcocmoeiminaijmmjnii/fc1f961a8e1d6f22b29a01eb8f62d27d7f0f928ed1b230dfa8430cc20542c1bf
2026-09-08 10:00:27,758 [INFO] Capturing response: http://edgedl.me.gvt1.com/edgedl/diffgen-puffin/gcmjkmgdlgnkkcocmoeiminaijmmjnii/fc1f961a8e1d6f22b29a01eb8f62d27d7f0f928ed1b230dfa8430cc20542c1bf 200 OK
2026-09-08 10:00:27,786 [INFO] Capturing request: https://update.googleapis.com/service/update2/json
2026-09-08 10:00:27,815 [INFO] Capturing response: https://update.googleapis.com/service/update2/json 200 
2026-09-08 10:00:27,860 [INFO] Capturing request: http://edgedl.me.gvt1.com/edgedl/release2/chrome_component/mqieh2kk6whanrktelioni4pwe_10764/hfnkpimlhhgieaddgfemjhofmfblmnib_10764_all_achoc5y5qsjl6ir3gr4apk7gbxia.crx3
2026-09-08 10:00:27,873 [INFO] Capturing response: http://edgedl.me.gvt1.com/edgedl/release2/chrome_component/mqieh2kk6whanrktelioni4pwe_10764/hfnkpimlhhgieaddgfemjhofmfblmnib_10764_all_achoc5y5qsjl6ir3gr4apk7gbxia.crx3 200 OK
2026-09-08 10:00:27,904 [INFO] Capturing request: https://update.googleapis.com/service/update2/json
2026-09-08 10:00:27,932 [INFO] Capturing response: https://update.googleapis.com/service/update2/json 200 
2026-09-08 10:00:37,811 [INFO] Capturing request: https://android.clients.google.com/c2dm/register3
2026-09-08 10:00:37,878 [INFO] Capturing response: https://android.clients.google.com/c2dm/register3 301 
2026-09-08 10:00:47,661 [WARNING]   ❌ Tivibu Spor 1 için M3U8 bulunamadı
2026-09-08 10:00:48,661 [INFO] 
[12/14]
2026-09-08 10:00:48,662 [INFO] 🔍 Tivibu Spor 2 → https://www.atomsportv514.top/matches?id=tivibu-spor-2
2026-09-08 10:00:48,809 [INFO] Capturing request: https://www.atomsportv514.top/matches?id=tivibu-spor-2
2026-09-08 10:00:49,308 [INFO] Capturing response: https://www.atomsportv514.top/matches?id=tivibu-spor-2 200 
2026-09-08 10:00:49,473 [INFO] Capturing request: https://www.atomsportv514.top/favicon.ico
2026-09-08 10:00:49,507 [INFO] Capturing request: https://teletv5.top/load/yayinlink.php?id=tivibu-spor-2
2026-09-08 10:00:49,514 [INFO] Capturing response: https://www.atomsportv514.top/favicon.ico 200 
2026-09-08 10:00:49,735 [INFO] Capturing response: https://teletv5.top/load/yayinlink.php?id=tivibu-spor-2 200 
2026-09-08 10:00:50,042 [INFO] Capturing request: https://streamsport365.com/cinema
2026-09-08 10:00:50,400 [INFO] Capturing response: https://streamsport365.com/cinema 200 
2026-09-08 10:01:22,625 [WARNING]   ❌ Tivibu Spor 2 için M3U8 bulunamadı
2026-09-08 10:01:23,625 [INFO] 
[13/14]
2026-09-08 10:01:23,626 [INFO] 🔍 Tivibu Spor 3 → https://www.atomsportv514.top/matches?id=tivibu-spor-3
2026-09-08 10:01:23,734 [INFO] Capturing request: https://www.atomsportv514.top/matches?id=tivibu-spor-3
2026-09-08 10:01:24,247 [INFO] Capturing response: https://www.atomsportv514.top/matches?id=tivibu-spor-3 200 
2026-09-08 10:01:24,412 [INFO] Capturing request: https://www.atomsportv514.top/favicon.ico
2026-09-08 10:01:24,425 [INFO] Capturing request: https://teletv5.top/load/yayinlink.php?id=tivibu-spor-3
2026-09-08 10:01:24,453 [INFO] Capturing response: https://www.atomsportv514.top/favicon.ico 200 
2026-09-08 10:01:24,563 [INFO] Capturing request: https://streamsport365.com/cinema
2026-09-08 10:01:24,654 [INFO] Capturing response: https://teletv5.top/load/yayinlink.php?id=tivibu-spor-3 200 
2026-09-08 10:01:24,928 [INFO] Capturing response: https://streamsport365.com/cinema 200 
2026-09-08 10:01:57,558 [WARNING]   ❌ Tivibu Spor 3 için M3U8 bulunamadı
2026-09-08 10:01:58,559 [INFO] 
[14/14]
2026-09-08 10:01:58,559 [INFO] 🔍 Tivibu Spor 4 → https://www.atomsportv514.top/matches?id=tivibu-spor-4
2026-09-08 10:01:58,668 [INFO] Capturing request: https://www.atomsportv514.top/matches?id=tivibu-spor-4
2026-09-08 10:01:59,155 [INFO] Capturing response: https://www.atomsportv514.top/matches?id=tivibu-spor-4 200 
2026-09-08 10:01:59,293 [INFO] Capturing request: https://teletv5.top/load/yayinlink.php?id=tivibu-spor-4
2026-09-08 10:01:59,296 [INFO] Capturing request: https://www.atomsportv514.top/favicon.ico
2026-09-08 10:01:59,339 [INFO] Capturing response: https://www.atomsportv514.top/favicon.ico 200 
2026-09-08 10:01:59,446 [INFO] Capturing request: https://streamsport365.com/cinema
2026-09-08 10:01:59,522 [INFO] Capturing response: https://teletv5.top/load/yayinlink.php?id=tivibu-spor-4 200 
2026-09-08 10:01:59,802 [INFO] Capturing response: https://streamsport365.com/cinema 200 
2026-09-08 10:02:06,529 [INFO] Capturing request: https://android.clients.google.com/c2dm/register3
2026-09-08 10:02:06,596 [INFO] Capturing response: https://android.clients.google.com/c2dm/register3 301 
2026-09-08 10:02:32,445 [WARNING]   ❌ Tivibu Spor 4 için M3U8 bulunamadı
2026-09-08 10:02:33,513 [INFO] ✅ 10 kanal bulundu, playlist.m3u kaydedildi
