2026-09-11 21:11:07,006 [INFO] 🌐 BASE_URL: https://www.atomsportv514.top
2026-09-11 21:11:08,170 [INFO] Başlanıyor... 14 kanal taranacak
2026-09-11 21:11:08,170 [INFO] Using default request storage
2026-09-11 21:11:08,175 [INFO] Created proxy listening on 127.0.0.1:34581
2026-09-11 21:11:08,853 [INFO] Capturing request: http://clients2.google.com/time/1/current?cup2key=10:X3-al30HfcN_l_Ujhcz9e1FtmGuxMV2rYdZy-zlbtSs&cup2hreq=e3b0c44298fc1c149afbf4c8996fb92427ae41e4649b934ca495991b7852b855
2026-09-11 21:11:08,888 [INFO] Capturing response: http://clients2.google.com/time/1/current?cup2key=10:X3-al30HfcN_l_Ujhcz9e1FtmGuxMV2rYdZy-zlbtSs&cup2hreq=e3b0c44298fc1c149afbf4c8996fb92427ae41e4649b934ca495991b7852b855 200 OK
2026-09-11 21:11:09,161 [INFO] 
[1/14]
2026-09-11 21:11:09,161 [INFO] 🔍 beIN Sports 1 → https://www.atomsportv514.top/matches?id=bein-sports-1
2026-09-11 21:11:09,314 [INFO] Capturing request: https://update.googleapis.com/service/update2/json?cup2key=ML-DSA-44-16:oQEf7zZwwn8OPrDPXEvcQIaBWj52R_GnqARUVQk626c&cup2hreq=9e330c0a1a0cb3fcc408fad77243671536458f82a155128297d2e3f974da7b6b
2026-09-11 21:11:09,323 [INFO] Capturing request: https://accounts.google.com/ListAccounts?gpsia=1&source=ChromiumBrowser&json=standard&laf=b64bin
2026-09-11 21:11:09,408 [INFO] Capturing response: https://update.googleapis.com/service/update2/json?cup2key=ML-DSA-44-16:oQEf7zZwwn8OPrDPXEvcQIaBWj52R_GnqARUVQk626c&cup2hreq=9e330c0a1a0cb3fcc408fad77243671536458f82a155128297d2e3f974da7b6b 200 
2026-09-11 21:11:09,415 [INFO] Capturing request: https://www.google.com/async/folae?async=_fmt:pb&udm=50&client_locale=en-US&client_country=ZZ
2026-09-11 21:11:09,426 [INFO] Capturing request: https://www.atomsportv514.top/matches?id=bein-sports-1
2026-09-11 21:11:09,434 [INFO] Capturing response: https://accounts.google.com/ListAccounts?gpsia=1&source=ChromiumBrowser&json=standard&laf=b64bin 200 
2026-09-11 21:11:09,450 [INFO] Capturing response: https://www.google.com/async/folae?async=_fmt:pb&udm=50&client_locale=en-US&client_country=ZZ 200 
2026-09-11 21:11:09,457 [INFO] Capturing request: https://update.googleapis.com/service/update2/json?cup2key=ML-DSA-44-16:X0rM71unhGYnTCYvaYwjaypifMT2VT8u5Oc08tFl1ec&cup2hreq=f9415601a78c997a1fa92d13eee6b3f012ab814bbc93ea638e33809da9ce99fe
2026-09-11 21:11:09,489 [INFO] Capturing response: https://update.googleapis.com/service/update2/json?cup2key=ML-DSA-44-16:X0rM71unhGYnTCYvaYwjaypifMT2VT8u5Oc08tFl1ec&cup2hreq=f9415601a78c997a1fa92d13eee6b3f012ab814bbc93ea638e33809da9ce99fe 200 
2026-09-11 21:11:09,539 [INFO] Capturing request: https://update.googleapis.com/service/update2/json?cup2key=ML-DSA-44-16:Ne5DxjhqrzAtjoT2vtvqy3b-u_VFyMPUJw_RjZmp2GI&cup2hreq=b3cbf4944873740453e3010b697d1e1a7a57d54331e5f9200821dd895d00900b
2026-09-11 21:11:09,575 [INFO] Capturing response: https://update.googleapis.com/service/update2/json?cup2key=ML-DSA-44-16:Ne5DxjhqrzAtjoT2vtvqy3b-u_VFyMPUJw_RjZmp2GI&cup2hreq=b3cbf4944873740453e3010b697d1e1a7a57d54331e5f9200821dd895d00900b 200 
2026-09-11 21:11:09,686 [INFO] Capturing request: https://www.google.com/async/folae?async=_fmt:pb&udm=50&client_locale=en-US&client_country=ZZ
2026-09-11 21:11:09,721 [INFO] Capturing response: https://www.google.com/async/folae?async=_fmt:pb&udm=50&client_locale=en-US&client_country=ZZ 200 
2026-09-11 21:11:10,201 [INFO] Capturing response: https://www.atomsportv514.top/matches?id=bein-sports-1 200 
2026-09-11 21:11:10,413 [INFO] Capturing request: https://cdn.jsdelivr.net/npm/@clappr/player@0.11.16/dist/clappr.min.js
2026-09-11 21:11:10,417 [INFO] Capturing request: https://cdn.jsdelivr.net/npm/@clappr/hlsjs-playback@1.8.3/dist/hlsjs-playback.min.js
2026-09-11 21:11:10,420 [INFO] Capturing request: https://cdn.jsdelivr.net/npm/level-selector/dist/level-selector.min.js
2026-09-11 21:11:10,445 [INFO] Capturing response: https://cdn.jsdelivr.net/npm/@clappr/player@0.11.16/dist/clappr.min.js 200 
2026-09-11 21:11:10,532 [INFO] Capturing response: https://cdn.jsdelivr.net/npm/level-selector/dist/level-selector.min.js 200 
2026-09-11 21:11:10,546 [INFO] Capturing response: https://cdn.jsdelivr.net/npm/@clappr/hlsjs-playback@1.8.3/dist/hlsjs-playback.min.js 200 
2026-09-11 21:11:10,717 [INFO] Capturing request: https://www.atomsportv514.top/favicon.ico
2026-09-11 21:11:10,780 [INFO] Capturing request: https://teletv5.top/load/yayinlink.php?id=bein-sports-1
2026-09-11 21:11:10,794 [INFO] Capturing response: https://www.atomsportv514.top/favicon.ico 200 
2026-09-11 21:11:11,251 [INFO] Capturing response: https://teletv5.top/load/yayinlink.php?id=bein-sports-1 200 
2026-09-11 21:11:11,437 [INFO] Capturing request: https://streamsport365.com/cinema
2026-09-11 21:11:11,805 [INFO] Capturing response: https://streamsport365.com/cinema 200 
2026-09-11 21:11:11,936 [INFO] Capturing request: https://www.atomsportv514.top/assets/img/player/player_logo_6a87a2e2eecc5.png
2026-09-11 21:11:11,995 [INFO] Capturing response: https://www.atomsportv514.top/assets/img/player/player_logo_6a87a2e2eecc5.png 200 
2026-09-11 21:11:12,174 [INFO] Capturing request: https://corestream.d72377a9ds0ec71.cfd//beintv/tracks-v1a1/mono.m3u8
2026-09-11 21:11:12,495 [INFO] Capturing request: https://android.clients.google.com/checkin
2026-09-11 21:11:12,603 [INFO] Capturing response: https://android.clients.google.com/checkin 200 
2026-09-11 21:11:12,654 [INFO] Capturing request: https://android.clients.google.com/c2dm/register3
2026-09-11 21:11:12,657 [INFO] Capturing request: https://android.clients.google.com/c2dm/register3
2026-09-11 21:11:12,658 [INFO] Capturing request: https://android.clients.google.com/c2dm/register3
2026-09-11 21:11:12,704 [INFO] Capturing response: https://android.clients.google.com/c2dm/register3 301 
2026-09-11 21:11:12,861 [INFO] Capturing response: https://corestream.d72377a9ds0ec71.cfd//beintv/tracks-v1a1/mono.m3u8 200 
2026-09-11 21:11:13,080 [INFO] Capturing request: https://global.d72377a9ds0ec71.cfd/beintv/tracks-v1a1/2026/09/11/21/11/16-05000.jpg
2026-09-11 21:11:13,445 [INFO] Capturing response: https://android.clients.google.com/c2dm/register3 200 
2026-09-11 21:11:13,461 [INFO] Capturing response: https://android.clients.google.com/c2dm/register3 200 
2026-09-11 21:11:13,634 [INFO]   ✅ M3U8 bulundu: https://corestream.d72377a9ds0ec71.cfd//beintv/tracks-v1a1/mono.m3u8
2026-09-11 21:11:14,634 [INFO] 
[2/14]
2026-09-11 21:11:14,634 [INFO] 🔍 beIN Sports 2 → https://www.atomsportv514.top/matches?id=bein-sports-2
2026-09-11 21:11:14,746 [INFO] Capturing request: https://www.atomsportv514.top/matches?id=bein-sports-2
2026-09-11 21:11:14,860 [INFO] Capturing response: https://global.d72377a9ds0ec71.cfd/beintv/tracks-v1a1/2026/09/11/21/11/16-05000.jpg 200 
2026-09-11 21:11:15,024 [INFO] Capturing response: https://www.atomsportv514.top/matches?id=bein-sports-2 200 
2026-09-11 21:11:15,093 [INFO] Capturing request: https://streamsport365.com/cinema
2026-09-11 21:11:15,095 [INFO] Capturing request: https://global.d72377a9ds0ec71.cfd/beintv/tracks-v1a1/2026/09/11/21/11/21-05000.jpg
2026-09-11 21:11:15,193 [INFO] Capturing request: https://teletv5.top/load/yayinlink.php?id=bein-sports-2
2026-09-11 21:11:15,194 [INFO] Capturing request: https://www.atomsportv514.top/favicon.ico
2026-09-11 21:11:15,248 [INFO] Capturing response: https://www.atomsportv514.top/favicon.ico 200 
2026-09-11 21:11:15,427 [INFO] Capturing response: https://teletv5.top/load/yayinlink.php?id=bein-sports-2 200 
2026-09-11 21:11:15,465 [INFO] Capturing response: https://streamsport365.com/cinema 200 
2026-09-11 21:11:15,578 [INFO] Capturing request: https://www.atomsportv514.top/assets/img/player/player_logo_6a87a2e2eecc5.png
2026-09-11 21:11:15,589 [INFO] Capturing request: https://corestream.d72377a9ds0ec71.cfd//bein2/tracks-v1a1/mono.m3u8
2026-09-11 21:11:15,703 [INFO] Capturing response: https://www.atomsportv514.top/assets/img/player/player_logo_6a87a2e2eecc5.png 304 
2026-09-11 21:11:16,235 [INFO] Capturing response: https://corestream.d72377a9ds0ec71.cfd//bein2/tracks-v1a1/mono.m3u8 200 
2026-09-11 21:11:16,345 [INFO] Capturing request: https://global.d72377a9ds0ec71.cfd/bein2/tracks-v1a1/2026/09/11/21/12/20-10000.jpg
2026-09-11 21:11:16,801 [INFO] Capturing response: https://global.d72377a9ds0ec71.cfd/beintv/tracks-v1a1/2026/09/11/21/11/21-05000.jpg 200 
2026-09-11 21:11:18,129 [INFO]   ✅ M3U8 bulundu: https://corestream.d72377a9ds0ec71.cfd//bein2/tracks-v1a1/mono.m3u8
2026-09-11 21:11:18,139 [INFO] Capturing response: https://global.d72377a9ds0ec71.cfd/bein2/tracks-v1a1/2026/09/11/21/12/20-10000.jpg 200 
2026-09-11 21:11:18,384 [INFO] Capturing request: https://global.d72377a9ds0ec71.cfd/bein2/tracks-v1a1/2026/09/11/21/12/30-10000.jpg
2026-09-11 21:11:19,130 [INFO] 
[3/14]
2026-09-11 21:11:19,130 [INFO] 🔍 beIN Sports 3 → https://www.atomsportv514.top/matches?id=bein-sports-3
2026-09-11 21:11:19,240 [INFO] Capturing request: https://www.atomsportv514.top/matches?id=bein-sports-3
2026-09-11 21:11:19,552 [INFO] Capturing response: https://www.atomsportv514.top/matches?id=bein-sports-3 200 
2026-09-11 21:11:19,679 [INFO] Capturing request: https://teletv5.top/load/yayinlink.php?id=bein-sports-3
2026-09-11 21:11:19,681 [INFO] Capturing request: https://www.atomsportv514.top/favicon.ico
2026-09-11 21:11:19,739 [INFO] Capturing response: https://www.atomsportv514.top/favicon.ico 200 
2026-09-11 21:11:19,838 [INFO] Capturing request: https://streamsport365.com/cinema
2026-09-11 21:11:19,911 [INFO] Capturing response: https://teletv5.top/load/yayinlink.php?id=bein-sports-3 200 
2026-09-11 21:11:20,165 [INFO] Capturing response: https://global.d72377a9ds0ec71.cfd/bein2/tracks-v1a1/2026/09/11/21/12/30-10000.jpg 200 
2026-09-11 21:11:20,201 [INFO] 127.0.0.1:52940: ProtocolException("Error in HTTP connection: Http2ZombieException('Connection or stream already dead: 1789161080.2006004, False')")
2026-09-11 21:11:20,224 [INFO] Capturing response: https://streamsport365.com/cinema 200 
2026-09-11 21:11:20,335 [INFO] Capturing request: https://www.atomsportv514.top/assets/img/player/player_logo_6a87a2e2eecc5.png
2026-09-11 21:11:20,346 [INFO] Capturing request: https://corestream.d72377a9ds0ec71.cfd//bein3/tracks-v1a1/mono.m3u8
2026-09-11 21:11:20,454 [INFO] Capturing response: https://www.atomsportv514.top/assets/img/player/player_logo_6a87a2e2eecc5.png 304 
2026-09-11 21:11:20,999 [INFO] Capturing response: https://corestream.d72377a9ds0ec71.cfd//bein3/tracks-v1a1/mono.m3u8 200 
2026-09-11 21:11:21,110 [INFO] Capturing request: https://global.d72377a9ds0ec71.cfd/bein3/tracks-v1a1/2026/09/11/21/11/09-10000.jpg
2026-09-11 21:11:22,426 [INFO] Capturing response: https://global.d72377a9ds0ec71.cfd/bein3/tracks-v1a1/2026/09/11/21/11/09-10000.jpg 200 
2026-09-11 21:11:22,596 [INFO]   ✅ M3U8 bulundu: https://corestream.d72377a9ds0ec71.cfd//bein3/tracks-v1a1/mono.m3u8
2026-09-11 21:11:22,645 [INFO] Capturing request: https://global.d72377a9ds0ec71.cfd/bein3/tracks-v1a1/2026/09/11/21/11/19-10000.jpg
2026-09-11 21:11:23,596 [INFO] 
[4/14]
2026-09-11 21:11:23,596 [INFO] 🔍 beIN Sports 4 → https://www.atomsportv514.top/matches?id=bein-sports-4
2026-09-11 21:11:23,706 [INFO] Capturing request: https://www.atomsportv514.top/matches?id=bein-sports-4
2026-09-11 21:11:23,983 [INFO] Capturing response: https://www.atomsportv514.top/matches?id=bein-sports-4 200 
2026-09-11 21:11:24,014 [INFO] Capturing request: https://streamsport365.com/cinema
2026-09-11 21:11:24,117 [INFO] Capturing request: https://www.atomsportv514.top/favicon.ico
2026-09-11 21:11:24,119 [INFO] Capturing request: https://teletv5.top/load/yayinlink.php?id=bein-sports-4
2026-09-11 21:11:24,228 [INFO] Capturing response: https://www.atomsportv514.top/favicon.ico 200 
2026-09-11 21:11:24,356 [INFO] Capturing response: https://teletv5.top/load/yayinlink.php?id=bein-sports-4 200 
2026-09-11 21:11:24,370 [INFO] Capturing response: https://global.d72377a9ds0ec71.cfd/bein3/tracks-v1a1/2026/09/11/21/11/19-10000.jpg 200 
2026-09-11 21:11:24,390 [INFO] Capturing response: https://streamsport365.com/cinema 200 
2026-09-11 21:11:24,511 [INFO] Capturing request: https://www.atomsportv514.top/assets/img/player/player_logo_6a87a2e2eecc5.png
2026-09-11 21:11:24,527 [INFO] Capturing request: https://corestream.d72377a9ds0ec71.cfd//bein4/tracks-v1a1/mono.m3u8
2026-09-11 21:11:24,632 [INFO] Capturing response: https://www.atomsportv514.top/assets/img/player/player_logo_6a87a2e2eecc5.png 304 
2026-09-11 21:11:25,176 [INFO] Capturing response: https://corestream.d72377a9ds0ec71.cfd//bein4/tracks-v1a1/mono.m3u8 200 
2026-09-11 21:11:25,325 [INFO] Capturing request: https://global.d72377a9ds0ec71.cfd/bein4/tracks-v1a1/2026/09/11/21/10/51-10000.jpg
2026-09-11 21:11:27,029 [INFO]   ✅ M3U8 bulundu: https://corestream.d72377a9ds0ec71.cfd//bein4/tracks-v1a1/mono.m3u8
2026-09-11 21:11:27,291 [INFO] Capturing response: https://global.d72377a9ds0ec71.cfd/bein4/tracks-v1a1/2026/09/11/21/10/51-10000.jpg 200 
2026-09-11 21:11:27,627 [INFO] Capturing request: https://global.d72377a9ds0ec71.cfd/bein4/tracks-v1a1/2026/09/11/21/11/01-10000.jpg
2026-09-11 21:11:28,029 [INFO] 
[5/14]
2026-09-11 21:11:28,029 [INFO] 🔍 beIN Sports 5 → https://www.atomsportv514.top/matches?id=bein-sports-5
2026-09-11 21:11:28,139 [INFO] Capturing request: https://www.atomsportv514.top/matches?id=bein-sports-5
2026-09-11 21:11:28,422 [INFO] Capturing response: https://www.atomsportv514.top/matches?id=bein-sports-5 200 
2026-09-11 21:11:28,547 [INFO] Capturing request: https://teletv5.top/load/yayinlink.php?id=bein-sports-5
2026-09-11 21:11:28,552 [INFO] Capturing request: https://www.atomsportv514.top/favicon.ico
2026-09-11 21:11:28,586 [INFO] Capturing response: https://www.atomsportv514.top/favicon.ico 200 
2026-09-11 21:11:28,711 [INFO] Capturing request: https://streamsport365.com/cinema
2026-09-11 21:11:28,774 [INFO] Capturing response: https://teletv5.top/load/yayinlink.php?id=bein-sports-5 200 
2026-09-11 21:11:29,075 [INFO] Capturing response: https://streamsport365.com/cinema 200 
2026-09-11 21:11:29,190 [INFO] Capturing request: https://www.atomsportv514.top/assets/img/player/player_logo_6a87a2e2eecc5.png
2026-09-11 21:11:29,197 [INFO] Capturing request: https://corestream.d72377a9ds0ec71.cfd//bein5/tracks-v1a1/mono.m3u8
2026-09-11 21:11:29,310 [INFO] Capturing response: https://www.atomsportv514.top/assets/img/player/player_logo_6a87a2e2eecc5.png 304 
2026-09-11 21:11:29,614 [INFO] Capturing response: https://global.d72377a9ds0ec71.cfd/bein4/tracks-v1a1/2026/09/11/21/11/01-10000.jpg 200 
2026-09-11 21:11:29,838 [INFO] Capturing response: https://corestream.d72377a9ds0ec71.cfd//bein5/tracks-v1a1/mono.m3u8 200 
2026-09-11 21:11:29,948 [INFO] Capturing request: https://global.d72377a9ds0ec71.cfd/bein5/tracks-v1a1/2026/09/11/21/11/16-10000.jpg
2026-09-11 21:11:31,464 [INFO]   ✅ M3U8 bulundu: https://corestream.d72377a9ds0ec71.cfd//bein5/tracks-v1a1/mono.m3u8
2026-09-11 21:11:31,938 [INFO] Capturing response: https://global.d72377a9ds0ec71.cfd/bein5/tracks-v1a1/2026/09/11/21/11/16-10000.jpg 200 
2026-09-11 21:11:32,277 [INFO] Capturing request: https://global.d72377a9ds0ec71.cfd/bein5/tracks-v1a1/2026/09/11/21/11/26-10000.jpg
2026-09-11 21:11:32,465 [INFO] 
[6/14]
2026-09-11 21:11:32,465 [INFO] 🔍 beIN Sports Max 1 → https://www.atomsportv514.top/matches?id=bein-sports-max-1
2026-09-11 21:11:32,574 [INFO] Capturing request: https://www.atomsportv514.top/matches?id=bein-sports-max-1
2026-09-11 21:11:32,857 [INFO] Capturing response: https://www.atomsportv514.top/matches?id=bein-sports-max-1 200 
2026-09-11 21:11:32,888 [INFO] Capturing request: https://streamsport365.com/cinema
2026-09-11 21:11:32,988 [INFO] Capturing request: https://teletv5.top/load/yayinlink.php?id=bein-sports-max-1
2026-09-11 21:11:32,989 [INFO] Capturing request: https://www.atomsportv514.top/favicon.ico
2026-09-11 21:11:33,067 [INFO] Capturing response: https://www.atomsportv514.top/favicon.ico 200 
2026-09-11 21:11:33,216 [INFO] Capturing response: https://teletv5.top/load/yayinlink.php?id=bein-sports-max-1 200 
2026-09-11 21:11:33,264 [INFO] Capturing response: https://streamsport365.com/cinema 200 
2026-09-11 21:11:33,374 [INFO] Capturing request: https://www.atomsportv514.top/assets/img/player/player_logo_6a87a2e2eecc5.png
2026-09-11 21:11:33,383 [INFO] Capturing request: https://corestream.d72377a9ds0ec71.cfd//beinmax1/tracks-v1a1/mono.m3u8
2026-09-11 21:11:33,509 [INFO] Capturing response: https://www.atomsportv514.top/assets/img/player/player_logo_6a87a2e2eecc5.png 304 
2026-09-11 21:11:34,036 [INFO] Capturing response: https://corestream.d72377a9ds0ec71.cfd//beinmax1/tracks-v1a1/mono.m3u8 200 
2026-09-11 21:11:34,190 [INFO] Capturing request: https://global.d72377a9ds0ec71.cfd/beinmax1/tracks-v1a1/2026/09/11/21/12/01-06760.jpg
2026-09-11 21:11:34,456 [INFO] Capturing response: https://global.d72377a9ds0ec71.cfd/bein5/tracks-v1a1/2026/09/11/21/11/26-10000.jpg 200 
2026-09-11 21:11:35,899 [INFO]   ✅ M3U8 bulundu: https://corestream.d72377a9ds0ec71.cfd//beinmax1/tracks-v1a1/mono.m3u8
2026-09-11 21:11:36,057 [INFO] Capturing response: https://global.d72377a9ds0ec71.cfd/beinmax1/tracks-v1a1/2026/09/11/21/12/01-06760.jpg 200 
2026-09-11 21:11:36,337 [INFO] Capturing request: https://global.d72377a9ds0ec71.cfd/beinmax1/tracks-v1a1/2026/09/11/21/12/08-10000.jpg
2026-09-11 21:11:36,899 [INFO] 
[7/14]
2026-09-11 21:11:36,899 [INFO] 🔍 beIN Sports Max 2 → https://www.atomsportv514.top/matches?id=bein-sports-max-2
2026-09-11 21:11:37,008 [INFO] Capturing request: https://www.atomsportv514.top/matches?id=bein-sports-max-2
2026-09-11 21:11:37,282 [INFO] Capturing response: https://www.atomsportv514.top/matches?id=bein-sports-max-2 200 
2026-09-11 21:11:37,413 [INFO] Capturing request: https://teletv5.top/load/yayinlink.php?id=bein-sports-max-2
2026-09-11 21:11:37,414 [INFO] Capturing request: https://www.atomsportv514.top/favicon.ico
2026-09-11 21:11:37,459 [INFO] Capturing response: https://www.atomsportv514.top/favicon.ico 200 
2026-09-11 21:11:37,574 [INFO] Capturing request: https://streamsport365.com/cinema
2026-09-11 21:11:37,647 [INFO] Capturing response: https://teletv5.top/load/yayinlink.php?id=bein-sports-max-2 200 
2026-09-11 21:11:37,949 [INFO] Capturing response: https://streamsport365.com/cinema 200 
2026-09-11 21:11:38,060 [INFO] Capturing request: https://www.atomsportv514.top/assets/img/player/player_logo_6a87a2e2eecc5.png
2026-09-11 21:11:38,071 [INFO] Capturing request: https://corestream.d72377a9ds0ec71.cfd//beinmax2/tracks-v1a1/mono.m3u8
2026-09-11 21:11:38,186 [INFO] Capturing response: https://www.atomsportv514.top/assets/img/player/player_logo_6a87a2e2eecc5.png 304 
2026-09-11 21:11:38,293 [INFO] Capturing response: https://global.d72377a9ds0ec71.cfd/beinmax1/tracks-v1a1/2026/09/11/21/12/08-10000.jpg 200 
2026-09-11 21:11:38,398 [INFO] 127.0.0.1:52940: ProtocolException("Error in HTTP connection: Http2ZombieException('Connection or stream already dead: 1789161098.3975267, False')")
2026-09-11 21:11:38,722 [INFO] Capturing response: https://corestream.d72377a9ds0ec71.cfd//beinmax2/tracks-v1a1/mono.m3u8 200 
2026-09-11 21:11:38,831 [INFO] Capturing request: https://global.d72377a9ds0ec71.cfd/beinmax2/tracks-v1a1/2026/09/11/21/11/50-10000.jpg
2026-09-11 21:11:39,658 [INFO] Capturing request: https://android.clients.google.com/c2dm/register3
2026-09-11 21:11:39,711 [INFO] Capturing response: https://android.clients.google.com/c2dm/register3 301 
2026-09-11 21:11:40,326 [INFO]   ✅ M3U8 bulundu: https://corestream.d72377a9ds0ec71.cfd//beinmax2/tracks-v1a1/mono.m3u8
2026-09-11 21:11:40,645 [INFO] Capturing response: https://global.d72377a9ds0ec71.cfd/beinmax2/tracks-v1a1/2026/09/11/21/11/50-10000.jpg 200 
2026-09-11 21:11:40,901 [INFO] Capturing request: https://global.d72377a9ds0ec71.cfd/beinmax2/tracks-v1a1/2026/09/11/21/12/00-05320.jpg
2026-09-11 21:11:41,327 [INFO] 
[8/14]
2026-09-11 21:11:41,327 [INFO] 🔍 S Sport → https://www.atomsportv514.top/matches?id=s-sport
2026-09-11 21:11:41,436 [INFO] Capturing request: https://www.atomsportv514.top/matches?id=s-sport
2026-09-11 21:11:41,922 [INFO] Capturing response: https://www.atomsportv514.top/matches?id=s-sport 200 
2026-09-11 21:11:41,946 [INFO] Capturing request: https://streamsport365.com/cinema
2026-09-11 21:11:42,052 [INFO] Capturing request: https://www.atomsportv514.top/favicon.ico
2026-09-11 21:11:42,053 [INFO] Capturing request: https://teletv5.top/load/yayinlink.php?id=s-sport
2026-09-11 21:11:42,111 [INFO] Capturing response: https://www.atomsportv514.top/favicon.ico 200 
2026-09-11 21:11:42,282 [INFO] Capturing response: https://teletv5.top/load/yayinlink.php?id=s-sport 200 
2026-09-11 21:11:42,322 [INFO] Capturing response: https://streamsport365.com/cinema 200 
2026-09-11 21:11:42,441 [INFO] Capturing request: https://www.atomsportv514.top/assets/img/player/player_logo_6a87a2e2eecc5.png
2026-09-11 21:11:42,452 [INFO] Capturing request: https://corestream.d72377a9ds0ec71.cfd//s-sport/tracks-v1a1/mono.m3u8
2026-09-11 21:11:42,513 [INFO] Capturing response: https://global.d72377a9ds0ec71.cfd/beinmax2/tracks-v1a1/2026/09/11/21/12/00-05320.jpg 200 
2026-09-11 21:11:42,560 [INFO] Capturing response: https://www.atomsportv514.top/assets/img/player/player_logo_6a87a2e2eecc5.png 304 
2026-09-11 21:11:43,102 [INFO] Capturing response: https://corestream.d72377a9ds0ec71.cfd//s-sport/tracks-v1a1/mono.m3u8 200 
2026-09-11 21:11:43,251 [INFO] Capturing request: https://global.d72377a9ds0ec71.cfd/s-sport/tracks-v1a1/2026/09/11/21/13/08-06860.jpg
2026-09-11 21:11:44,977 [INFO]   ✅ M3U8 bulundu: https://corestream.d72377a9ds0ec71.cfd//s-sport/tracks-v1a1/mono.m3u8
2026-09-11 21:11:45,022 [INFO] Capturing response: https://global.d72377a9ds0ec71.cfd/s-sport/tracks-v1a1/2026/09/11/21/13/08-06860.jpg 200 
2026-09-11 21:11:45,214 [INFO] Capturing request: https://global.d72377a9ds0ec71.cfd/s-sport/tracks-v1a1/2026/09/11/21/13/15-05000.jpg
2026-09-11 21:11:45,978 [INFO] 
[9/14]
2026-09-11 21:11:45,978 [INFO] 🔍 S Sport 2 → https://www.atomsportv514.top/matches?id=s-sport-2
2026-09-11 21:11:46,086 [INFO] Capturing request: https://www.atomsportv514.top/matches?id=s-sport-2
2026-09-11 21:11:46,362 [INFO] Capturing response: https://www.atomsportv514.top/matches?id=s-sport-2 200 
2026-09-11 21:11:46,491 [INFO] Capturing request: https://teletv5.top/load/yayinlink.php?id=s-sport-2
2026-09-11 21:11:46,493 [INFO] Capturing request: https://www.atomsportv514.top/favicon.ico
2026-09-11 21:11:46,538 [INFO] Capturing response: https://www.atomsportv514.top/favicon.ico 200 
2026-09-11 21:11:46,654 [INFO] Capturing request: https://streamsport365.com/cinema
2026-09-11 21:11:46,722 [INFO] Capturing response: https://teletv5.top/load/yayinlink.php?id=s-sport-2 200 
2026-09-11 21:11:46,792 [INFO] Capturing response: https://global.d72377a9ds0ec71.cfd/s-sport/tracks-v1a1/2026/09/11/21/13/15-05000.jpg 200 
2026-09-11 21:11:47,027 [INFO] Capturing response: https://streamsport365.com/cinema 200 
2026-09-11 21:11:47,138 [INFO] Capturing request: https://www.atomsportv514.top/assets/img/player/player_logo_6a87a2e2eecc5.png
2026-09-11 21:11:47,147 [INFO] Capturing request: https://corestream.d72377a9ds0ec71.cfd//s-sport2/tracks-v1a1/mono.m3u8
2026-09-11 21:11:47,262 [INFO] Capturing response: https://www.atomsportv514.top/assets/img/player/player_logo_6a87a2e2eecc5.png 304 
2026-09-11 21:11:47,800 [INFO] Capturing response: https://corestream.d72377a9ds0ec71.cfd//s-sport2/tracks-v1a1/mono.m3u8 200 
2026-09-11 21:11:47,909 [INFO] Capturing request: https://global.d72377a9ds0ec71.cfd/s-sport2/tracks-v1a1/2026/09/11/21/13/12-06400.jpg
2026-09-11 21:11:49,402 [INFO]   ✅ M3U8 bulundu: https://corestream.d72377a9ds0ec71.cfd//s-sport2/tracks-v1a1/mono.m3u8
2026-09-11 21:11:49,915 [INFO] Capturing response: https://global.d72377a9ds0ec71.cfd/s-sport2/tracks-v1a1/2026/09/11/21/13/12-06400.jpg 200 
2026-09-11 21:11:50,281 [INFO] Capturing request: https://global.d72377a9ds0ec71.cfd/s-sport2/tracks-v1a1/2026/09/11/21/13/18-06400.jpg
2026-09-11 21:11:50,403 [INFO] 
[10/14]
2026-09-11 21:11:50,403 [INFO] 🔍 A Spor → https://www.atomsportv514.top/matches?id=a-spor
2026-09-11 21:11:50,519 [INFO] Capturing request: https://www.atomsportv514.top/matches?id=a-spor
2026-09-11 21:11:50,812 [INFO] Capturing response: https://www.atomsportv514.top/matches?id=a-spor 200 
2026-09-11 21:11:50,845 [INFO] Capturing request: https://streamsport365.com/cinema
2026-09-11 21:11:50,941 [INFO] Capturing request: https://teletv5.top/load/yayinlink.php?id=a-spor
2026-09-11 21:11:50,945 [INFO] Capturing request: https://www.atomsportv514.top/favicon.ico
2026-09-11 21:11:51,016 [INFO] Capturing response: https://www.atomsportv514.top/favicon.ico 200 
2026-09-11 21:11:51,164 [INFO] Capturing response: https://teletv5.top/load/yayinlink.php?id=a-spor 200 
2026-09-11 21:11:51,235 [INFO] Capturing response: https://streamsport365.com/cinema 200 
2026-09-11 21:11:51,347 [INFO] Capturing request: https://www.atomsportv514.top/assets/img/player/player_logo_6a87a2e2eecc5.png
2026-09-11 21:11:51,356 [INFO] Capturing request: https://corestream.d72377a9ds0ec71.cfd//aspor/tracks-v1a1/mono.m3u8
2026-09-11 21:11:51,475 [INFO] Capturing response: https://www.atomsportv514.top/assets/img/player/player_logo_6a87a2e2eecc5.png 304 
2026-09-11 21:11:52,017 [INFO] Capturing response: https://corestream.d72377a9ds0ec71.cfd//aspor/tracks-v1a1/mono.m3u8 404 
2026-09-11 21:11:52,347 [INFO] Capturing response: https://global.d72377a9ds0ec71.cfd/s-sport2/tracks-v1a1/2026/09/11/21/13/18-06400.jpg 200 
2026-09-11 21:11:53,857 [INFO]   ✅ M3U8 bulundu: https://corestream.d72377a9ds0ec71.cfd//aspor/tracks-v1a1/mono.m3u8
2026-09-11 21:11:54,183 [INFO] Capturing request: https://corestream.d72377a9ds0ec71.cfd//aspor/tracks-v1a1/mono.m3u8
2026-09-11 21:11:54,374 [INFO] Capturing response: https://corestream.d72377a9ds0ec71.cfd//aspor/tracks-v1a1/mono.m3u8 404 
2026-09-11 21:11:54,857 [INFO] 
[11/14]
2026-09-11 21:11:54,858 [INFO] 🔍 Tivibu Spor 1 → https://www.atomsportv514.top/matches?id=tivibu-spor-1
2026-09-11 21:11:54,966 [INFO] Capturing request: https://www.atomsportv514.top/matches?id=tivibu-spor-1
2026-09-11 21:11:55,242 [INFO] Capturing response: https://www.atomsportv514.top/matches?id=tivibu-spor-1 200 
2026-09-11 21:11:55,366 [INFO] Capturing request: https://teletv5.top/load/yayinlink.php?id=tivibu-spor-1
2026-09-11 21:11:55,369 [INFO] Capturing request: https://www.atomsportv514.top/favicon.ico
2026-09-11 21:11:55,501 [INFO] Capturing response: https://www.atomsportv514.top/favicon.ico 200 
2026-09-11 21:11:55,526 [INFO] Capturing request: https://streamsport365.com/cinema
2026-09-11 21:11:55,594 [INFO] Capturing response: https://teletv5.top/load/yayinlink.php?id=tivibu-spor-1 200 
2026-09-11 21:11:55,890 [INFO] Capturing response: https://streamsport365.com/cinema 200 
2026-09-11 21:12:08,860 [INFO] Capturing request: https://update.googleapis.com/service/update2/json?cup2key=ML-DSA-44-16:3fjS8RfGD6lYO0naq1bdtLkHEcEvbt72bKS8SL-hYmw&cup2hreq=f97f5b591bca5605e01460883870f435ea04a2034e053c2cb10512f3dff26e0a
2026-09-11 21:12:08,892 [INFO] Capturing response: https://update.googleapis.com/service/update2/json?cup2key=ML-DSA-44-16:3fjS8RfGD6lYO0naq1bdtLkHEcEvbt72bKS8SL-hYmw&cup2hreq=f97f5b591bca5605e01460883870f435ea04a2034e053c2cb10512f3dff26e0a 200 
2026-09-11 21:12:08,902 [INFO] Capturing request: http://edgedl.me.gvt1.com/edgedl/diffgen-puffin/gcmjkmgdlgnkkcocmoeiminaijmmjnii/fc1f961a8e1d6f22b29a01eb8f62d27d7f0f928ed1b230dfa8430cc20542c1bf
2026-09-11 21:12:08,910 [INFO] Capturing response: http://edgedl.me.gvt1.com/edgedl/diffgen-puffin/gcmjkmgdlgnkkcocmoeiminaijmmjnii/fc1f961a8e1d6f22b29a01eb8f62d27d7f0f928ed1b230dfa8430cc20542c1bf 200 OK
2026-09-11 21:12:08,940 [INFO] Capturing request: https://update.googleapis.com/service/update2/json
2026-09-11 21:12:08,971 [INFO] Capturing response: https://update.googleapis.com/service/update2/json 200 
2026-09-11 21:12:09,015 [INFO] Capturing request: http://edgedl.me.gvt1.com/edgedl/release2/chrome_component/adevxdesxirg2wlk24xdcwqexwpa_10771/hfnkpimlhhgieaddgfemjhofmfblmnib_10771_all_ljqv3kqzkybrkwprtqwb3j7zki.crx3
2026-09-11 21:12:09,028 [INFO] Capturing response: http://edgedl.me.gvt1.com/edgedl/release2/chrome_component/adevxdesxirg2wlk24xdcwqexwpa_10771/hfnkpimlhhgieaddgfemjhofmfblmnib_10771_all_ljqv3kqzkybrkwprtqwb3j7zki.crx3 200 OK
2026-09-11 21:12:09,056 [INFO] Capturing request: https://update.googleapis.com/service/update2/json
2026-09-11 21:12:09,083 [INFO] Capturing response: https://update.googleapis.com/service/update2/json 200 
2026-09-11 21:12:28,551 [WARNING]   ❌ Tivibu Spor 1 için M3U8 bulunamadı
2026-09-11 21:12:29,552 [INFO] 
[12/14]
2026-09-11 21:12:29,552 [INFO] 🔍 Tivibu Spor 2 → https://www.atomsportv514.top/matches?id=tivibu-spor-2
2026-09-11 21:12:29,697 [INFO] Capturing request: https://www.atomsportv514.top/matches?id=tivibu-spor-2
2026-09-11 21:12:30,184 [INFO] Capturing response: https://www.atomsportv514.top/matches?id=tivibu-spor-2 200 
2026-09-11 21:12:30,349 [INFO] Capturing request: https://www.atomsportv514.top/favicon.ico
2026-09-11 21:12:30,390 [INFO] Capturing request: https://teletv5.top/load/yayinlink.php?id=tivibu-spor-2
2026-09-11 21:12:30,398 [INFO] Capturing response: https://www.atomsportv514.top/favicon.ico 200 
2026-09-11 21:12:30,941 [INFO] Capturing response: https://teletv5.top/load/yayinlink.php?id=tivibu-spor-2 200 
2026-09-11 21:12:30,997 [INFO] Capturing request: https://streamsport365.com/cinema
2026-09-11 21:12:31,357 [INFO] Capturing response: https://streamsport365.com/cinema 200 
2026-09-11 21:12:39,272 [INFO] Capturing request: https://android.clients.google.com/c2dm/register3
2026-09-11 21:12:39,328 [INFO] Capturing response: https://android.clients.google.com/c2dm/register3 301 
2026-09-11 21:13:03,494 [WARNING]   ❌ Tivibu Spor 2 için M3U8 bulunamadı
2026-09-11 21:13:04,494 [INFO] 
[13/14]
2026-09-11 21:13:04,494 [INFO] 🔍 Tivibu Spor 3 → https://www.atomsportv514.top/matches?id=tivibu-spor-3
2026-09-11 21:13:04,603 [INFO] Capturing request: https://www.atomsportv514.top/matches?id=tivibu-spor-3
2026-09-11 21:13:05,132 [INFO] Capturing response: https://www.atomsportv514.top/matches?id=tivibu-spor-3 200 
2026-09-11 21:13:05,260 [INFO] Capturing request: https://teletv5.top/load/yayinlink.php?id=tivibu-spor-3
2026-09-11 21:13:05,262 [INFO] Capturing request: https://www.atomsportv514.top/favicon.ico
2026-09-11 21:13:05,326 [INFO] Capturing response: https://www.atomsportv514.top/favicon.ico 200 
2026-09-11 21:13:05,417 [INFO] Capturing request: https://streamsport365.com/cinema
2026-09-11 21:13:05,500 [INFO] Capturing response: https://teletv5.top/load/yayinlink.php?id=tivibu-spor-3 200 
2026-09-11 21:13:05,779 [INFO] Capturing response: https://streamsport365.com/cinema 200 
2026-09-11 21:13:38,408 [WARNING]   ❌ Tivibu Spor 3 için M3U8 bulunamadı
2026-09-11 21:13:39,408 [INFO] 
[14/14]
2026-09-11 21:13:39,408 [INFO] 🔍 Tivibu Spor 4 → https://www.atomsportv514.top/matches?id=tivibu-spor-4
2026-09-11 21:13:39,519 [INFO] Capturing request: https://www.atomsportv514.top/matches?id=tivibu-spor-4
2026-09-11 21:13:40,007 [INFO] Capturing response: https://www.atomsportv514.top/matches?id=tivibu-spor-4 200 
2026-09-11 21:13:40,133 [INFO] Capturing request: https://teletv5.top/load/yayinlink.php?id=tivibu-spor-4
2026-09-11 21:13:40,139 [INFO] Capturing request: https://www.atomsportv514.top/favicon.ico
2026-09-11 21:13:40,222 [INFO] Capturing response: https://www.atomsportv514.top/favicon.ico 200 
2026-09-11 21:13:40,295 [INFO] Capturing request: https://streamsport365.com/cinema
2026-09-11 21:13:40,363 [INFO] Capturing response: https://teletv5.top/load/yayinlink.php?id=tivibu-spor-4 200 
2026-09-11 21:13:40,660 [INFO] Capturing response: https://streamsport365.com/cinema 200 
2026-09-11 21:14:07,689 [INFO] Capturing request: https://android.clients.google.com/c2dm/register3
2026-09-11 21:14:07,739 [INFO] Capturing response: https://android.clients.google.com/c2dm/register3 301 
2026-09-11 21:14:13,283 [WARNING]   ❌ Tivibu Spor 4 için M3U8 bulunamadı
2026-09-11 21:14:14,350 [INFO] ✅ 10 kanal bulundu, playlist.m3u kaydedildi
