2026-09-01 21:58:05,208 [INFO] 🌐 BASE_URL: https://www.atomsportv514.top
2026-09-01 21:58:05,834 [INFO] Başlanıyor... 14 kanal taranacak
2026-09-01 21:58:05,834 [INFO] Using default request storage
2026-09-01 21:58:05,838 [INFO] Created proxy listening on 127.0.0.1:41209
2026-09-01 21:58:06,485 [INFO] Capturing request: http://clients2.google.com/time/1/current?cup2key=10:n4UMq1dmw2KMYaKoyRxIGlgvOIRfMwEH-iREFaH3cys&cup2hreq=e3b0c44298fc1c149afbf4c8996fb92427ae41e4649b934ca495991b7852b855
2026-09-01 21:58:06,515 [INFO] Capturing response: http://clients2.google.com/time/1/current?cup2key=10:n4UMq1dmw2KMYaKoyRxIGlgvOIRfMwEH-iREFaH3cys&cup2hreq=e3b0c44298fc1c149afbf4c8996fb92427ae41e4649b934ca495991b7852b855 200 OK
2026-09-01 21:58:06,712 [INFO] 
[1/14]
2026-09-01 21:58:06,719 [INFO] 🔍 beIN Sports 1 → https://www.atomsportv514.top/matches?id=bein-sports-1
2026-09-01 21:58:06,756 [INFO] Capturing request: https://update.googleapis.com/service/update2/json?cup2key=16:5vckTbe6NcNiB2GrmptmtDMthCIYcdK4IaOYycGKj6c&cup2hreq=0c4e3fe86dabff3d4e8888fa891f46c536e153d31e28aa06329d4899acddb258
2026-09-01 21:58:06,763 [INFO] Capturing request: https://accounts.google.com/ListAccounts?gpsia=1&source=ChromiumBrowser&json=standard&laf=b64bin
2026-09-01 21:58:06,862 [INFO] Capturing request: https://www.google.com/async/folae?async=_fmt:pb&udm=50&client_locale=en-US&client_country=ZZ
2026-09-01 21:58:06,897 [INFO] Capturing response: https://update.googleapis.com/service/update2/json?cup2key=16:5vckTbe6NcNiB2GrmptmtDMthCIYcdK4IaOYycGKj6c&cup2hreq=0c4e3fe86dabff3d4e8888fa891f46c536e153d31e28aa06329d4899acddb258 200 
2026-09-01 21:58:06,900 [INFO] Capturing response: https://www.google.com/async/folae?async=_fmt:pb&udm=50&client_locale=en-US&client_country=ZZ 200 
2026-09-01 21:58:06,902 [INFO] Capturing request: https://www.atomsportv514.top/matches?id=bein-sports-1
2026-09-01 21:58:06,923 [INFO] Capturing response: https://accounts.google.com/ListAccounts?gpsia=1&source=ChromiumBrowser&json=standard&laf=b64bin 200 
2026-09-01 21:58:06,943 [INFO] Capturing request: https://update.googleapis.com/service/update2/json?cup2key=16:rWNjB5yZCn-QXcdlWOOOYalwF4PudbUourQna5iuBR4&cup2hreq=3ff99d3d32b3fd75b7526c5885b30e3a44b9a3eb7539caf53d938c3d4f379bc9
2026-09-01 21:58:06,966 [INFO] Capturing response: https://update.googleapis.com/service/update2/json?cup2key=16:rWNjB5yZCn-QXcdlWOOOYalwF4PudbUourQna5iuBR4&cup2hreq=3ff99d3d32b3fd75b7526c5885b30e3a44b9a3eb7539caf53d938c3d4f379bc9 200 
2026-09-01 21:58:07,012 [INFO] Capturing request: https://update.googleapis.com/service/update2/json?cup2key=16:AM-pOifMt8EQO0TGUo5lBg0DUKK5azFkW79IJfGlisQ&cup2hreq=408c4b9a650239b81acc380162daae3d2b33c2c010336a83698c082a49de61a8
2026-09-01 21:58:07,038 [INFO] Capturing response: https://update.googleapis.com/service/update2/json?cup2key=16:AM-pOifMt8EQO0TGUo5lBg0DUKK5azFkW79IJfGlisQ&cup2hreq=408c4b9a650239b81acc380162daae3d2b33c2c010336a83698c082a49de61a8 200 
2026-09-01 21:58:07,125 [INFO] Capturing response: https://www.atomsportv514.top/matches?id=bein-sports-1 200 
2026-09-01 21:58:07,321 [INFO] Capturing request: https://cdn.jsdelivr.net/npm/@clappr/player@0.11.16/dist/clappr.min.js
2026-09-01 21:58:07,323 [INFO] Capturing request: https://cdn.jsdelivr.net/npm/level-selector/dist/level-selector.min.js
2026-09-01 21:58:07,324 [INFO] Capturing request: https://cdn.jsdelivr.net/npm/@clappr/hlsjs-playback@1.8.3/dist/hlsjs-playback.min.js
2026-09-01 21:58:07,349 [INFO] Capturing response: https://cdn.jsdelivr.net/npm/level-selector/dist/level-selector.min.js 200 
2026-09-01 21:58:07,357 [INFO] Capturing response: https://cdn.jsdelivr.net/npm/@clappr/player@0.11.16/dist/clappr.min.js 200 
2026-09-01 21:58:07,371 [INFO] Capturing response: https://cdn.jsdelivr.net/npm/@clappr/hlsjs-playback@1.8.3/dist/hlsjs-playback.min.js 200 
2026-09-01 21:58:07,556 [INFO] Capturing request: https://www.atomsportv514.top/favicon.ico
2026-09-01 21:58:07,601 [INFO] Capturing request: https://teletv5.top/load/yayinlink.php?id=bein-sports-1
2026-09-01 21:58:07,618 [INFO] Capturing response: https://www.atomsportv514.top/favicon.ico 200 
2026-09-01 21:58:07,629 [INFO] Capturing response: https://teletv5.top/load/yayinlink.php?id=bein-sports-1 200 
2026-09-01 21:58:08,058 [INFO] Capturing request: https://streamsport365.com/cinema
2026-09-01 21:58:08,302 [INFO] Capturing response: https://streamsport365.com/cinema 200 
2026-09-01 21:58:08,427 [INFO] Capturing request: https://www.atomsportv514.top/assets/img/player/player_logo_6a87a2e2eecc5.png
2026-09-01 21:58:08,474 [INFO] Capturing response: https://www.atomsportv514.top/assets/img/player/player_logo_6a87a2e2eecc5.png 200 
2026-09-01 21:58:08,475 [INFO] Capturing request: https://corestream.ardastream.live//beintv/tracks-v1a1/mono.m3u8
2026-09-01 21:58:08,652 [INFO] Capturing response: https://corestream.ardastream.live//beintv/tracks-v1a1/mono.m3u8 200 
2026-09-01 21:58:08,987 [INFO] Capturing request: https://global.ardastream.live/beintv/tracks-v1a1/2026/09/01/21/58/34-05000.jpg
2026-09-01 21:58:09,263 [INFO] Capturing response: https://global.ardastream.live/beintv/tracks-v1a1/2026/09/01/21/58/34-05000.jpg 200 
2026-09-01 21:58:09,478 [INFO] Capturing request: https://global.ardastream.live/beintv/tracks-v1a1/2026/09/01/21/58/39-05000.jpg
2026-09-01 21:58:09,640 [INFO] Capturing request: https://android.clients.google.com/checkin
2026-09-01 21:58:09,734 [INFO] Capturing response: https://android.clients.google.com/checkin 200 
2026-09-01 21:58:09,790 [INFO] Capturing request: https://android.clients.google.com/c2dm/register3
2026-09-01 21:58:09,791 [INFO] Capturing request: https://android.clients.google.com/c2dm/register3
2026-09-01 21:58:09,798 [INFO] Capturing response: https://global.ardastream.live/beintv/tracks-v1a1/2026/09/01/21/58/39-05000.jpg 200 
2026-09-01 21:58:09,799 [INFO] Capturing request: https://android.clients.google.com/c2dm/register3
2026-09-01 21:58:09,839 [INFO] Capturing response: https://android.clients.google.com/c2dm/register3 200 
2026-09-01 21:58:09,852 [INFO] Capturing response: https://android.clients.google.com/c2dm/register3 200 
2026-09-01 21:58:09,857 [INFO] Capturing response: https://android.clients.google.com/c2dm/register3 200 
2026-09-01 21:58:10,025 [INFO] Capturing request: https://global.ardastream.live/beintv/tracks-v1a1/2026/09/01/21/58/44-05000.jpg
2026-09-01 21:58:10,282 [INFO] Capturing response: https://global.ardastream.live/beintv/tracks-v1a1/2026/09/01/21/58/44-05000.jpg 200 
2026-09-01 21:58:10,482 [INFO]   ✅ M3U8 bulundu: https://corestream.ardastream.live//beintv/tracks-v1a1/mono.m3u8
2026-09-01 21:58:11,482 [INFO] 
[2/14]
2026-09-01 21:58:11,482 [INFO] 🔍 beIN Sports 2 → https://www.atomsportv514.top/matches?id=bein-sports-2
2026-09-01 21:58:11,592 [INFO] Capturing request: https://www.atomsportv514.top/matches?id=bein-sports-2
2026-09-01 21:58:11,957 [INFO] Capturing response: https://www.atomsportv514.top/matches?id=bein-sports-2 200 
2026-09-01 21:58:11,997 [INFO] Capturing request: https://streamsport365.com/cinema
2026-09-01 21:58:12,095 [INFO] Capturing request: https://teletv5.top/load/yayinlink.php?id=bein-sports-2
2026-09-01 21:58:12,101 [INFO] Capturing request: https://www.atomsportv514.top/favicon.ico
2026-09-01 21:58:12,116 [INFO] Capturing response: https://teletv5.top/load/yayinlink.php?id=bein-sports-2 200 
2026-09-01 21:58:12,141 [INFO] Capturing response: https://www.atomsportv514.top/favicon.ico 200 
2026-09-01 21:58:12,243 [INFO] Capturing response: https://streamsport365.com/cinema 200 
2026-09-01 21:58:12,352 [INFO] Capturing request: https://www.atomsportv514.top/assets/img/player/player_logo_6a87a2e2eecc5.png
2026-09-01 21:58:12,360 [INFO] Capturing request: https://corestream.ardastream.live//bein2/tracks-v1a1/mono.m3u8
2026-09-01 21:58:12,475 [INFO] Capturing response: https://www.atomsportv514.top/assets/img/player/player_logo_6a87a2e2eecc5.png 304 
2026-09-01 21:58:12,510 [INFO] Capturing response: https://corestream.ardastream.live//bein2/tracks-v1a1/mono.m3u8 200 
2026-09-01 21:58:12,619 [INFO] Capturing request: https://global.ardastream.live/bein2/tracks-v1a1/2026/09/01/21/58/02-06000.jpg
2026-09-01 21:58:12,841 [INFO] Capturing response: https://global.ardastream.live/bein2/tracks-v1a1/2026/09/01/21/58/02-06000.jpg 200 
2026-09-01 21:58:13,032 [INFO] Capturing request: https://global.ardastream.live/bein2/tracks-v1a1/2026/09/01/21/58/08-06000.jpg
2026-09-01 21:58:13,235 [INFO] Capturing response: https://global.ardastream.live/bein2/tracks-v1a1/2026/09/01/21/58/08-06000.jpg 200 
2026-09-01 21:58:13,425 [INFO] Capturing request: https://global.ardastream.live/bein2/tracks-v1a1/2026/09/01/21/58/14-06000.jpg
2026-09-01 21:58:13,719 [INFO] Capturing response: https://global.ardastream.live/bein2/tracks-v1a1/2026/09/01/21/58/14-06000.jpg 200 
2026-09-01 21:58:15,014 [INFO]   ✅ M3U8 bulundu: https://corestream.ardastream.live//bein2/tracks-v1a1/mono.m3u8
2026-09-01 21:58:16,015 [INFO] 
[3/14]
2026-09-01 21:58:16,015 [INFO] 🔍 beIN Sports 3 → https://www.atomsportv514.top/matches?id=bein-sports-3
2026-09-01 21:58:16,123 [INFO] Capturing request: https://www.atomsportv514.top/matches?id=bein-sports-3
2026-09-01 21:58:16,341 [INFO] Capturing response: https://www.atomsportv514.top/matches?id=bein-sports-3 200 
2026-09-01 21:58:16,463 [INFO] Capturing request: https://teletv5.top/load/yayinlink.php?id=bein-sports-3
2026-09-01 21:58:16,466 [INFO] Capturing request: https://www.atomsportv514.top/favicon.ico
2026-09-01 21:58:16,487 [INFO] Capturing response: https://teletv5.top/load/yayinlink.php?id=bein-sports-3 200 
2026-09-01 21:58:16,517 [INFO] Capturing response: https://www.atomsportv514.top/favicon.ico 200 
2026-09-01 21:58:16,562 [INFO] Capturing request: https://streamsport365.com/cinema
2026-09-01 21:58:16,817 [INFO] Capturing response: https://streamsport365.com/cinema 200 
2026-09-01 21:58:16,925 [INFO] Capturing request: https://www.atomsportv514.top/assets/img/player/player_logo_6a87a2e2eecc5.png
2026-09-01 21:58:16,933 [INFO] Capturing request: https://corestream.ardastream.live//bein3/tracks-v1a1/mono.m3u8
2026-09-01 21:58:17,048 [INFO] Capturing response: https://www.atomsportv514.top/assets/img/player/player_logo_6a87a2e2eecc5.png 304 
2026-09-01 21:58:17,075 [INFO] Capturing response: https://corestream.ardastream.live//bein3/tracks-v1a1/mono.m3u8 200 
2026-09-01 21:58:17,184 [INFO] Capturing request: https://global.ardastream.live/bein3/tracks-v1a1/2026/09/01/21/58/05-10000.jpg
2026-09-01 21:58:17,735 [INFO] Capturing response: https://global.ardastream.live/bein3/tracks-v1a1/2026/09/01/21/58/05-10000.jpg 200 
2026-09-01 21:58:17,992 [INFO] Capturing request: https://global.ardastream.live/bein3/tracks-v1a1/2026/09/01/21/58/15-10000.jpg
2026-09-01 21:58:18,344 [INFO] Capturing response: https://global.ardastream.live/bein3/tracks-v1a1/2026/09/01/21/58/15-10000.jpg 200 
2026-09-01 21:58:18,585 [INFO] Capturing request: https://global.ardastream.live/bein3/tracks-v1a1/2026/09/01/21/58/25-10000.jpg
2026-09-01 21:58:19,130 [INFO] Capturing response: https://global.ardastream.live/bein3/tracks-v1a1/2026/09/01/21/58/25-10000.jpg 200 
2026-09-01 21:58:19,388 [INFO]   ✅ M3U8 bulundu: https://corestream.ardastream.live//bein3/tracks-v1a1/mono.m3u8
2026-09-01 21:58:20,389 [INFO] 
[4/14]
2026-09-01 21:58:20,389 [INFO] 🔍 beIN Sports 4 → https://www.atomsportv514.top/matches?id=bein-sports-4
2026-09-01 21:58:20,498 [INFO] Capturing request: https://www.atomsportv514.top/matches?id=bein-sports-4
2026-09-01 21:58:20,713 [INFO] Capturing response: https://www.atomsportv514.top/matches?id=bein-sports-4 200 
2026-09-01 21:58:20,739 [INFO] Capturing request: https://streamsport365.com/cinema
2026-09-01 21:58:20,839 [INFO] Capturing request: https://teletv5.top/load/yayinlink.php?id=bein-sports-4
2026-09-01 21:58:20,841 [INFO] Capturing request: https://www.atomsportv514.top/favicon.ico
2026-09-01 21:58:20,867 [INFO] Capturing response: https://teletv5.top/load/yayinlink.php?id=bein-sports-4 200 
2026-09-01 21:58:20,884 [INFO] Capturing response: https://www.atomsportv514.top/favicon.ico 200 
2026-09-01 21:58:20,994 [INFO] Capturing response: https://streamsport365.com/cinema 200 
2026-09-01 21:58:21,103 [INFO] Capturing request: https://www.atomsportv514.top/assets/img/player/player_logo_6a87a2e2eecc5.png
2026-09-01 21:58:21,111 [INFO] Capturing request: https://corestream.ardastream.live//bein4/tracks-v1a1/mono.m3u8
2026-09-01 21:58:21,225 [INFO] Capturing response: https://www.atomsportv514.top/assets/img/player/player_logo_6a87a2e2eecc5.png 304 
2026-09-01 21:58:21,236 [INFO] Capturing response: https://corestream.ardastream.live//bein4/tracks-v1a1/mono.m3u8 200 
2026-09-01 21:58:21,386 [INFO] Capturing request: https://global.ardastream.live/bein4/tracks-v1a1/2026/09/01/21/58/05-10000.jpg
2026-09-01 21:58:21,826 [INFO] Capturing response: https://global.ardastream.live/bein4/tracks-v1a1/2026/09/01/21/58/05-10000.jpg 200 
2026-09-01 21:58:22,110 [INFO] Capturing request: https://global.ardastream.live/bein4/tracks-v1a1/2026/09/01/21/58/15-10000.jpg
2026-09-01 21:58:22,608 [INFO] Capturing response: https://global.ardastream.live/bein4/tracks-v1a1/2026/09/01/21/58/15-10000.jpg 200 
2026-09-01 21:58:22,878 [INFO] Capturing request: https://global.ardastream.live/bein4/tracks-v1a1/2026/09/01/21/58/25-10000.jpg
2026-09-01 21:58:23,272 [INFO] Capturing response: https://global.ardastream.live/bein4/tracks-v1a1/2026/09/01/21/58/25-10000.jpg 200 
2026-09-01 21:58:23,789 [INFO]   ✅ M3U8 bulundu: https://corestream.ardastream.live//bein4/tracks-v1a1/mono.m3u8
2026-09-01 21:58:24,790 [INFO] 
[5/14]
2026-09-01 21:58:24,790 [INFO] 🔍 beIN Sports 5 → https://www.atomsportv514.top/matches?id=bein-sports-5
2026-09-01 21:58:24,899 [INFO] Capturing request: https://www.atomsportv514.top/matches?id=bein-sports-5
2026-09-01 21:58:25,110 [INFO] Capturing response: https://www.atomsportv514.top/matches?id=bein-sports-5 200 
2026-09-01 21:58:25,236 [INFO] Capturing request: https://teletv5.top/load/yayinlink.php?id=bein-sports-5
2026-09-01 21:58:25,237 [INFO] Capturing request: https://www.atomsportv514.top/favicon.ico
2026-09-01 21:58:25,298 [INFO] Capturing response: https://www.atomsportv514.top/favicon.ico 200 
2026-09-01 21:58:25,335 [INFO] Capturing request: https://streamsport365.com/cinema
2026-09-01 21:58:25,423 [INFO] Capturing response: https://teletv5.top/load/yayinlink.php?id=bein-sports-5 200 
2026-09-01 21:58:25,591 [INFO] Capturing response: https://streamsport365.com/cinema 200 
2026-09-01 21:58:25,700 [INFO] Capturing request: https://www.atomsportv514.top/assets/img/player/player_logo_6a87a2e2eecc5.png
2026-09-01 21:58:25,708 [INFO] Capturing request: https://corestream.ardastream.live//bein5/tracks-v1a1/mono.m3u8
2026-09-01 21:58:25,826 [INFO] Capturing response: https://www.atomsportv514.top/assets/img/player/player_logo_6a87a2e2eecc5.png 304 
2026-09-01 21:58:25,864 [INFO] Capturing response: https://corestream.ardastream.live//bein5/tracks-v1a1/mono.m3u8 200 
2026-09-01 21:58:25,973 [INFO] Capturing request: https://global.ardastream.live/bein5/tracks-v1a1/2026/09/01/21/58/06-10000.jpg
2026-09-01 21:58:26,264 [INFO] Capturing response: https://global.ardastream.live/bein5/tracks-v1a1/2026/09/01/21/58/06-10000.jpg 200 
2026-09-01 21:58:26,443 [INFO] Capturing request: https://global.ardastream.live/bein5/tracks-v1a1/2026/09/01/21/58/16-10000.jpg
2026-09-01 21:58:26,707 [INFO] Capturing response: https://global.ardastream.live/bein5/tracks-v1a1/2026/09/01/21/58/16-10000.jpg 200 
2026-09-01 21:58:26,903 [INFO] Capturing request: https://global.ardastream.live/bein5/tracks-v1a1/2026/09/01/21/58/26-10000.jpg
2026-09-01 21:58:27,183 [INFO] Capturing response: https://global.ardastream.live/bein5/tracks-v1a1/2026/09/01/21/58/26-10000.jpg 200 
2026-09-01 21:58:28,155 [INFO]   ✅ M3U8 bulundu: https://corestream.ardastream.live//bein5/tracks-v1a1/mono.m3u8
2026-09-01 21:58:29,155 [INFO] 
[6/14]
2026-09-01 21:58:29,155 [INFO] 🔍 beIN Sports Max 1 → https://www.atomsportv514.top/matches?id=bein-sports-max-1
2026-09-01 21:58:29,263 [INFO] Capturing request: https://www.atomsportv514.top/matches?id=bein-sports-max-1
2026-09-01 21:58:29,653 [INFO] Capturing response: https://www.atomsportv514.top/matches?id=bein-sports-max-1 200 
2026-09-01 21:58:29,681 [INFO] Capturing request: https://streamsport365.com/cinema
2026-09-01 21:58:29,779 [INFO] Capturing request: https://teletv5.top/load/yayinlink.php?id=bein-sports-max-1
2026-09-01 21:58:29,781 [INFO] Capturing request: https://www.atomsportv514.top/favicon.ico
2026-09-01 21:58:29,830 [INFO] Capturing response: https://www.atomsportv514.top/favicon.ico 200 
2026-09-01 21:58:29,926 [INFO] Capturing response: https://streamsport365.com/cinema 200 
2026-09-01 21:58:29,957 [INFO] Capturing response: https://teletv5.top/load/yayinlink.php?id=bein-sports-max-1 200 
2026-09-01 21:58:30,108 [INFO] Capturing request: https://www.atomsportv514.top/assets/img/player/player_logo_6a87a2e2eecc5.png
2026-09-01 21:58:30,116 [INFO] Capturing request: https://corestream.ardastream.live//beinmax1/tracks-v1a1/mono.m3u8
2026-09-01 21:58:30,234 [INFO] Capturing response: https://www.atomsportv514.top/assets/img/player/player_logo_6a87a2e2eecc5.png 304 
2026-09-01 21:58:30,254 [INFO] Capturing response: https://corestream.ardastream.live//beinmax1/tracks-v1a1/mono.m3u8 200 
2026-09-01 21:58:30,404 [INFO] Capturing request: https://global.ardastream.live/beinmax1/tracks-v1a1/2026/09/01/21/57/54-10000.jpg
2026-09-01 21:58:30,945 [INFO] Capturing response: https://global.ardastream.live/beinmax1/tracks-v1a1/2026/09/01/21/57/54-10000.jpg 200 
2026-09-01 21:58:31,255 [INFO] Capturing request: https://global.ardastream.live/beinmax1/tracks-v1a1/2026/09/01/21/58/04-10000.jpg
2026-09-01 21:58:31,811 [INFO] Capturing response: https://global.ardastream.live/beinmax1/tracks-v1a1/2026/09/01/21/58/04-10000.jpg 200 
2026-09-01 21:58:32,103 [INFO] Capturing request: https://global.ardastream.live/beinmax1/tracks-v1a1/2026/09/01/21/58/14-10000.jpg
2026-09-01 21:58:32,616 [INFO] Capturing response: https://global.ardastream.live/beinmax1/tracks-v1a1/2026/09/01/21/58/14-10000.jpg 200 
2026-09-01 21:58:32,718 [INFO]   ✅ M3U8 bulundu: https://corestream.ardastream.live//beinmax1/tracks-v1a1/mono.m3u8
2026-09-01 21:58:33,348 [INFO] Capturing request: https://android.clients.google.com/c2dm/register3
2026-09-01 21:58:33,387 [INFO] Capturing response: https://android.clients.google.com/c2dm/register3 301 
2026-09-01 21:58:33,718 [INFO] 
[7/14]
2026-09-01 21:58:33,719 [INFO] 🔍 beIN Sports Max 2 → https://www.atomsportv514.top/matches?id=bein-sports-max-2
2026-09-01 21:58:33,829 [INFO] Capturing request: https://www.atomsportv514.top/matches?id=bein-sports-max-2
2026-09-01 21:58:34,043 [INFO] Capturing response: https://www.atomsportv514.top/matches?id=bein-sports-max-2 200 
2026-09-01 21:58:34,170 [INFO] Capturing request: https://teletv5.top/load/yayinlink.php?id=bein-sports-max-2
2026-09-01 21:58:34,172 [INFO] Capturing request: https://www.atomsportv514.top/favicon.ico
2026-09-01 21:58:34,225 [INFO] Capturing response: https://www.atomsportv514.top/favicon.ico 200 
2026-09-01 21:58:34,268 [INFO] Capturing request: https://streamsport365.com/cinema
2026-09-01 21:58:34,347 [INFO] Capturing response: https://teletv5.top/load/yayinlink.php?id=bein-sports-max-2 200 
2026-09-01 21:58:34,526 [INFO] Capturing response: https://streamsport365.com/cinema 200 
2026-09-01 21:58:34,635 [INFO] Capturing request: https://www.atomsportv514.top/assets/img/player/player_logo_6a87a2e2eecc5.png
2026-09-01 21:58:34,642 [INFO] Capturing request: https://corestream.ardastream.live//beinmax2/tracks-v1a1/mono.m3u8
2026-09-01 21:58:34,761 [INFO] Capturing response: https://www.atomsportv514.top/assets/img/player/player_logo_6a87a2e2eecc5.png 304 
2026-09-01 21:58:34,787 [INFO] Capturing response: https://corestream.ardastream.live//beinmax2/tracks-v1a1/mono.m3u8 200 
2026-09-01 21:58:34,896 [INFO] Capturing request: https://global.ardastream.live/beinmax2/tracks-v1a1/2026/09/01/21/58/28-05040.jpg
2026-09-01 21:58:35,159 [INFO] Capturing response: https://global.ardastream.live/beinmax2/tracks-v1a1/2026/09/01/21/58/28-05040.jpg 200 
2026-09-01 21:58:35,205 [INFO] Capturing request: https://android.clients.google.com/c2dm/register3
2026-09-01 21:58:35,321 [INFO] Capturing request: https://global.ardastream.live/beinmax2/tracks-v1a1/2026/09/01/21/58/33-05040.jpg
2026-09-01 21:58:35,548 [INFO] Capturing response: https://global.ardastream.live/beinmax2/tracks-v1a1/2026/09/01/21/58/33-05040.jpg 200 
2026-09-01 21:58:35,736 [INFO] Capturing request: https://global.ardastream.live/beinmax2/tracks-v1a1/2026/09/01/21/58/38-05040.jpg
2026-09-01 21:58:35,786 [INFO] Capturing response: https://android.clients.google.com/c2dm/register3 200 
2026-09-01 21:58:35,960 [INFO] Capturing response: https://global.ardastream.live/beinmax2/tracks-v1a1/2026/09/01/21/58/38-05040.jpg 200 
2026-09-01 21:58:36,148 [INFO] Capturing request: https://global.ardastream.live/beinmax2/tracks-v1a1/2026/09/01/21/58/43-05040.jpg
2026-09-01 21:58:36,390 [INFO] Capturing response: https://global.ardastream.live/beinmax2/tracks-v1a1/2026/09/01/21/58/43-05040.jpg 200 
2026-09-01 21:58:37,095 [INFO]   ✅ M3U8 bulundu: https://corestream.ardastream.live//beinmax2/tracks-v1a1/mono.m3u8
2026-09-01 21:58:37,443 [INFO] Capturing request: https://android.clients.google.com/c2dm/register3
2026-09-01 21:58:37,912 [INFO] Capturing response: https://android.clients.google.com/c2dm/register3 200 
2026-09-01 21:58:38,095 [INFO] 
[8/14]
2026-09-01 21:58:38,095 [INFO] 🔍 S Sport → https://www.atomsportv514.top/matches?id=s-sport
2026-09-01 21:58:38,204 [INFO] Capturing request: https://www.atomsportv514.top/matches?id=s-sport
2026-09-01 21:58:38,425 [INFO] Capturing response: https://www.atomsportv514.top/matches?id=s-sport 200 
2026-09-01 21:58:38,450 [INFO] Capturing request: https://streamsport365.com/cinema
2026-09-01 21:58:38,550 [INFO] Capturing request: https://teletv5.top/load/yayinlink.php?id=s-sport
2026-09-01 21:58:38,554 [INFO] Capturing request: https://www.atomsportv514.top/favicon.ico
2026-09-01 21:58:38,568 [INFO] Capturing response: https://teletv5.top/load/yayinlink.php?id=s-sport 200 
2026-09-01 21:58:38,598 [INFO] Capturing response: https://www.atomsportv514.top/favicon.ico 200 
2026-09-01 21:58:38,717 [INFO] Capturing response: https://streamsport365.com/cinema 200 
2026-09-01 21:58:38,825 [INFO] Capturing request: https://www.atomsportv514.top/assets/img/player/player_logo_6a87a2e2eecc5.png
2026-09-01 21:58:38,832 [INFO] Capturing request: https://corestream.ardastream.live//s-sport/tracks-v1a1/mono.m3u8
2026-09-01 21:58:38,947 [INFO] Capturing response: https://www.atomsportv514.top/assets/img/player/player_logo_6a87a2e2eecc5.png 304 
2026-09-01 21:58:38,961 [INFO] Capturing response: https://corestream.ardastream.live//s-sport/tracks-v1a1/mono.m3u8 200 
2026-09-01 21:58:39,111 [INFO] Capturing request: https://global.ardastream.live/s-sport/tracks-v1a1/2026/09/01/21/58/17-06000.jpg
2026-09-01 21:58:39,400 [INFO] Capturing response: https://global.ardastream.live/s-sport/tracks-v1a1/2026/09/01/21/58/17-06000.jpg 200 
2026-09-01 21:58:39,579 [INFO] Capturing request: https://global.ardastream.live/s-sport/tracks-v1a1/2026/09/01/21/58/23-06000.jpg
2026-09-01 21:58:39,935 [INFO] Capturing response: https://global.ardastream.live/s-sport/tracks-v1a1/2026/09/01/21/58/23-06000.jpg 200 
2026-09-01 21:58:40,139 [INFO] Capturing request: https://global.ardastream.live/s-sport/tracks-v1a1/2026/09/01/21/58/29-06000.jpg
2026-09-01 21:58:40,421 [INFO] Capturing response: https://global.ardastream.live/s-sport/tracks-v1a1/2026/09/01/21/58/29-06000.jpg 200 
2026-09-01 21:58:41,469 [INFO]   ✅ M3U8 bulundu: https://corestream.ardastream.live//s-sport/tracks-v1a1/mono.m3u8
2026-09-01 21:58:42,469 [INFO] 
[9/14]
2026-09-01 21:58:42,469 [INFO] 🔍 S Sport 2 → https://www.atomsportv514.top/matches?id=s-sport-2
2026-09-01 21:58:42,577 [INFO] Capturing request: https://www.atomsportv514.top/matches?id=s-sport-2
2026-09-01 21:58:42,945 [INFO] Capturing response: https://www.atomsportv514.top/matches?id=s-sport-2 200 
2026-09-01 21:58:43,069 [INFO] Capturing request: https://teletv5.top/load/yayinlink.php?id=s-sport-2
2026-09-01 21:58:43,073 [INFO] Capturing request: https://www.atomsportv514.top/favicon.ico
2026-09-01 21:58:43,092 [INFO] Capturing response: https://teletv5.top/load/yayinlink.php?id=s-sport-2 200 
2026-09-01 21:58:43,113 [INFO] Capturing response: https://www.atomsportv514.top/favicon.ico 200 
2026-09-01 21:58:43,168 [INFO] Capturing request: https://streamsport365.com/cinema
2026-09-01 21:58:43,412 [INFO] Capturing response: https://streamsport365.com/cinema 200 
2026-09-01 21:58:43,520 [INFO] Capturing request: https://www.atomsportv514.top/assets/img/player/player_logo_6a87a2e2eecc5.png
2026-09-01 21:58:43,527 [INFO] Capturing request: https://corestream.ardastream.live//s-sport2/tracks-v1a1/mono.m3u8
2026-09-01 21:58:43,637 [INFO] Capturing response: https://www.atomsportv514.top/assets/img/player/player_logo_6a87a2e2eecc5.png 304 
2026-09-01 21:58:43,661 [INFO] Capturing response: https://corestream.ardastream.live//s-sport2/tracks-v1a1/mono.m3u8 200 
2026-09-01 21:58:43,770 [INFO] Capturing request: https://global.ardastream.live/s-sport2/tracks-v1a1/2026/09/01/21/59/59-06000.jpg
2026-09-01 21:58:44,086 [INFO] Capturing response: https://global.ardastream.live/s-sport2/tracks-v1a1/2026/09/01/21/59/59-06000.jpg 200 
2026-09-01 21:58:44,328 [INFO] Capturing request: https://global.ardastream.live/s-sport2/tracks-v1a1/2026/09/01/22/00/05-06000.jpg
2026-09-01 21:58:44,719 [INFO] Capturing response: https://global.ardastream.live/s-sport2/tracks-v1a1/2026/09/01/22/00/05-06000.jpg 200 
2026-09-01 21:58:44,972 [INFO] Capturing request: https://global.ardastream.live/s-sport2/tracks-v1a1/2026/09/01/22/00/11-06000.jpg
2026-09-01 21:58:45,366 [INFO] Capturing response: https://global.ardastream.live/s-sport2/tracks-v1a1/2026/09/01/22/00/11-06000.jpg 200 
2026-09-01 21:58:46,003 [INFO]   ✅ M3U8 bulundu: https://corestream.ardastream.live//s-sport2/tracks-v1a1/mono.m3u8
2026-09-01 21:58:47,003 [INFO] 
[10/14]
2026-09-01 21:58:47,003 [INFO] 🔍 A Spor → https://www.atomsportv514.top/matches?id=a-spor
2026-09-01 21:58:47,113 [INFO] Capturing request: https://www.atomsportv514.top/matches?id=a-spor
2026-09-01 21:58:47,331 [INFO] Capturing response: https://www.atomsportv514.top/matches?id=a-spor 200 
2026-09-01 21:58:47,356 [INFO] Capturing request: https://streamsport365.com/cinema
2026-09-01 21:58:47,457 [INFO] Capturing request: https://teletv5.top/load/yayinlink.php?id=a-spor
2026-09-01 21:58:47,460 [INFO] Capturing request: https://www.atomsportv514.top/favicon.ico
2026-09-01 21:58:47,503 [INFO] Capturing response: https://www.atomsportv514.top/favicon.ico 200 
2026-09-01 21:58:47,599 [INFO] Capturing response: https://streamsport365.com/cinema 200 
2026-09-01 21:58:47,638 [INFO] Capturing response: https://teletv5.top/load/yayinlink.php?id=a-spor 200 
2026-09-01 21:58:47,787 [INFO] Capturing request: https://www.atomsportv514.top/assets/img/player/player_logo_6a87a2e2eecc5.png
2026-09-01 21:58:47,794 [INFO] Capturing request: https://corestream.ardastream.live//aspor/tracks-v1a1/mono.m3u8
2026-09-01 21:58:47,906 [INFO] Capturing response: https://www.atomsportv514.top/assets/img/player/player_logo_6a87a2e2eecc5.png 304 
2026-09-01 21:58:47,932 [INFO] Capturing response: https://corestream.ardastream.live//aspor/tracks-v1a1/mono.m3u8 404 
2026-09-01 21:58:50,092 [INFO] Capturing request: https://corestream.ardastream.live//aspor/tracks-v1a1/mono.m3u8
2026-09-01 21:58:50,221 [INFO] Capturing response: https://corestream.ardastream.live//aspor/tracks-v1a1/mono.m3u8 404 
2026-09-01 21:58:50,373 [INFO]   ✅ M3U8 bulundu: https://corestream.ardastream.live//aspor/tracks-v1a1/mono.m3u8
2026-09-01 21:58:51,373 [INFO] 
[11/14]
2026-09-01 21:58:51,373 [INFO] 🔍 Tivibu Spor 1 → https://www.atomsportv514.top/matches?id=tivibu-spor-1
2026-09-01 21:58:51,480 [INFO] Capturing request: https://www.atomsportv514.top/matches?id=tivibu-spor-1
2026-09-01 21:58:51,689 [INFO] Capturing response: https://www.atomsportv514.top/matches?id=tivibu-spor-1 200 
2026-09-01 21:58:51,814 [INFO] Capturing request: https://teletv5.top/load/yayinlink.php?id=tivibu-spor-1
2026-09-01 21:58:51,821 [INFO] Capturing request: https://www.atomsportv514.top/favicon.ico
2026-09-01 21:58:51,835 [INFO] Capturing response: https://teletv5.top/load/yayinlink.php?id=tivibu-spor-1 200 
2026-09-01 21:58:51,869 [INFO] Capturing response: https://www.atomsportv514.top/favicon.ico 200 
2026-09-01 21:58:51,911 [INFO] Capturing request: https://streamsport365.com/cinema
2026-09-01 21:58:52,153 [INFO] Capturing response: https://streamsport365.com/cinema 200 
2026-09-01 21:59:06,475 [INFO] Capturing request: https://update.googleapis.com/service/update2/json?cup2key=16:jU47yCnn7fv-FeLgrHAxdcaodxLc2h-Ond4hETjeirk&cup2hreq=c0e581f611ac0520ea745ccf8d69bae75e181027d3aaf6a5f3e83d55f88e50e5
2026-09-01 21:59:06,498 [INFO] Capturing response: https://update.googleapis.com/service/update2/json?cup2key=16:jU47yCnn7fv-FeLgrHAxdcaodxLc2h-Ond4hETjeirk&cup2hreq=c0e581f611ac0520ea745ccf8d69bae75e181027d3aaf6a5f3e83d55f88e50e5 200 
2026-09-01 21:59:06,504 [INFO] Capturing request: http://edgedl.me.gvt1.com/edgedl/diffgen-puffin/gcmjkmgdlgnkkcocmoeiminaijmmjnii/fc1f961a8e1d6f22b29a01eb8f62d27d7f0f928ed1b230dfa8430cc20542c1bf
2026-09-01 21:59:06,520 [INFO] Capturing response: http://edgedl.me.gvt1.com/edgedl/diffgen-puffin/gcmjkmgdlgnkkcocmoeiminaijmmjnii/fc1f961a8e1d6f22b29a01eb8f62d27d7f0f928ed1b230dfa8430cc20542c1bf 200 OK
2026-09-01 21:59:06,542 [INFO] Capturing request: https://update.googleapis.com/service/update2/json
2026-09-01 21:59:06,564 [INFO] Capturing response: https://update.googleapis.com/service/update2/json 200 
2026-09-01 21:59:06,609 [INFO] Capturing request: http://edgedl.me.gvt1.com/edgedl/release2/chrome_component/hw5hwwy5ntdxhidwe535rrdayu_10751/hfnkpimlhhgieaddgfemjhofmfblmnib_10751_all_ac2o4fsk2zq7w5gkv7qxw4syvnua.crx3
2026-09-01 21:59:06,626 [INFO] Capturing response: http://edgedl.me.gvt1.com/edgedl/release2/chrome_component/hw5hwwy5ntdxhidwe535rrdayu_10751/hfnkpimlhhgieaddgfemjhofmfblmnib_10751_all_ac2o4fsk2zq7w5gkv7qxw4syvnua.crx3 200 OK
2026-09-01 21:59:06,649 [INFO] Capturing request: https://update.googleapis.com/service/update2/json
2026-09-01 21:59:06,673 [INFO] Capturing response: https://update.googleapis.com/service/update2/json 200 
2026-09-01 21:59:16,670 [INFO] Capturing request: https://android.clients.google.com/c2dm/register3
2026-09-01 21:59:16,716 [INFO] Capturing response: https://android.clients.google.com/c2dm/register3 301 
2026-09-01 21:59:24,953 [WARNING]   ❌ Tivibu Spor 1 için M3U8 bulunamadı
2026-09-01 21:59:25,953 [INFO] 
[12/14]
2026-09-01 21:59:25,953 [INFO] 🔍 Tivibu Spor 2 → https://www.atomsportv514.top/matches?id=tivibu-spor-2
2026-09-01 21:59:26,087 [INFO] Capturing request: https://www.atomsportv514.top/matches?id=tivibu-spor-2
2026-09-01 21:59:26,568 [INFO] Capturing response: https://www.atomsportv514.top/matches?id=tivibu-spor-2 200 
2026-09-01 21:59:26,729 [INFO] Capturing request: https://www.atomsportv514.top/favicon.ico
2026-09-01 21:59:26,754 [INFO] Capturing request: https://teletv5.top/load/yayinlink.php?id=tivibu-spor-2
2026-09-01 21:59:26,772 [INFO] Capturing response: https://www.atomsportv514.top/favicon.ico 200 
2026-09-01 21:59:26,810 [INFO] Capturing response: https://teletv5.top/load/yayinlink.php?id=tivibu-spor-2 200 
2026-09-01 21:59:27,180 [INFO] Capturing request: https://streamsport365.com/cinema
2026-09-01 21:59:27,425 [INFO] Capturing response: https://streamsport365.com/cinema 200 
2026-09-01 21:59:59,827 [WARNING]   ❌ Tivibu Spor 2 için M3U8 bulunamadı
2026-09-01 22:00:00,827 [INFO] 
[13/14]
2026-09-01 22:00:00,827 [INFO] 🔍 Tivibu Spor 3 → https://www.atomsportv514.top/matches?id=tivibu-spor-3
2026-09-01 22:00:00,934 [INFO] Capturing request: https://www.atomsportv514.top/matches?id=tivibu-spor-3
2026-09-01 22:00:01,318 [INFO] Capturing response: https://www.atomsportv514.top/matches?id=tivibu-spor-3 200 
2026-09-01 22:00:01,446 [INFO] Capturing request: https://teletv5.top/load/yayinlink.php?id=tivibu-spor-3
2026-09-01 22:00:01,448 [INFO] Capturing request: https://www.atomsportv514.top/favicon.ico
2026-09-01 22:00:01,487 [INFO] Capturing response: https://www.atomsportv514.top/favicon.ico 200 
2026-09-01 22:00:01,545 [INFO] Capturing request: https://streamsport365.com/cinema
2026-09-01 22:00:01,787 [INFO] Capturing response: https://streamsport365.com/cinema 200 
2026-09-01 22:00:01,865 [INFO] Capturing response: https://teletv5.top/load/yayinlink.php?id=tivibu-spor-3 200 
2026-09-01 22:00:34,550 [WARNING]   ❌ Tivibu Spor 3 için M3U8 bulunamadı
2026-09-01 22:00:35,550 [INFO] 
[14/14]
2026-09-01 22:00:35,551 [INFO] 🔍 Tivibu Spor 4 → https://www.atomsportv514.top/matches?id=tivibu-spor-4
2026-09-01 22:00:35,659 [INFO] Capturing request: https://www.atomsportv514.top/matches?id=tivibu-spor-4
2026-09-01 22:00:36,030 [INFO] Capturing response: https://www.atomsportv514.top/matches?id=tivibu-spor-4 200 
2026-09-01 22:00:36,158 [INFO] Capturing request: https://teletv5.top/load/yayinlink.php?id=tivibu-spor-4
2026-09-01 22:00:36,163 [INFO] Capturing request: https://www.atomsportv514.top/favicon.ico
2026-09-01 22:00:36,200 [INFO] Capturing response: https://www.atomsportv514.top/favicon.ico 200 
2026-09-01 22:00:36,257 [INFO] Capturing request: https://streamsport365.com/cinema
2026-09-01 22:00:36,341 [INFO] Capturing response: https://teletv5.top/load/yayinlink.php?id=tivibu-spor-4 200 
2026-09-01 22:00:36,503 [INFO] Capturing response: https://streamsport365.com/cinema 200 
2026-09-01 22:00:46,803 [INFO] Capturing request: https://android.clients.google.com/c2dm/register3
2026-09-01 22:00:46,846 [INFO] Capturing response: https://android.clients.google.com/c2dm/register3 301 
2026-09-01 22:01:09,264 [WARNING]   ❌ Tivibu Spor 4 için M3U8 bulunamadı
2026-09-01 22:01:10,328 [INFO] ✅ 10 kanal bulundu, playlist.m3u kaydedildi
