2026-08-20 13:48:35,265 [INFO] 🌐 BASE_URL: https://www.atomsportv512.top
2026-08-20 13:48:35,967 [INFO] Başlanıyor... 14 kanal taranacak
2026-08-20 13:48:35,968 [INFO] Using default request storage
2026-08-20 13:48:35,972 [INFO] Created proxy listening on 127.0.0.1:43347
2026-08-20 13:48:36,650 [INFO] Capturing request: http://clients2.google.com/time/1/current?cup2key=10:H9SIl-hm6yUw4qb2gPR6Izi7sCLQGrN7T-eCAVsiBaI&cup2hreq=e3b0c44298fc1c149afbf4c8996fb92427ae41e4649b934ca495991b7852b855
2026-08-20 13:48:36,710 [INFO] Capturing response: http://clients2.google.com/time/1/current?cup2key=10:H9SIl-hm6yUw4qb2gPR6Izi7sCLQGrN7T-eCAVsiBaI&cup2hreq=e3b0c44298fc1c149afbf4c8996fb92427ae41e4649b934ca495991b7852b855 200 OK
2026-08-20 13:48:36,919 [INFO] 
[1/14]
2026-08-20 13:48:36,919 [INFO] 🔍 beIN Sports 1 → https://www.atomsportv512.top/matches?id=bein-sports-1
2026-08-20 13:48:37,035 [INFO] Capturing request: https://update.googleapis.com/service/update2/json?cup2key=16:2P-FUXmk66GSdIVLrVr86MYceU5Gcqc8RwHjVCeYyU8&cup2hreq=51714a6f38b8748c26403b20b5f27a0152a37c240d19f2f2a07529184d091213
2026-08-20 13:48:37,047 [INFO] Capturing request: https://accounts.google.com/ListAccounts?gpsia=1&source=ChromiumBrowser&json=standard&laf=b64bin
2026-08-20 13:48:37,099 [INFO] Capturing response: https://update.googleapis.com/service/update2/json?cup2key=16:2P-FUXmk66GSdIVLrVr86MYceU5Gcqc8RwHjVCeYyU8&cup2hreq=51714a6f38b8748c26403b20b5f27a0152a37c240d19f2f2a07529184d091213 200 
2026-08-20 13:48:37,136 [INFO] Capturing response: https://accounts.google.com/ListAccounts?gpsia=1&source=ChromiumBrowser&json=standard&laf=b64bin 200 
2026-08-20 13:48:37,138 [INFO] Capturing request: https://www.google.com/async/folae?async=_fmt:pb&udm=50&client_locale=en-US&client_country=ZZ
2026-08-20 13:48:37,146 [INFO] Capturing request: https://www.atomsportv512.top/matches?id=bein-sports-1
2026-08-20 13:48:37,148 [INFO] Capturing request: https://update.googleapis.com/service/update2/json?cup2key=16:cwT8dIXAD85W07hs2nXZZp5GhBWZI5Q_JVDmZRa93pk&cup2hreq=0cefaca9c29567dabbce78bd0614888050918b95d50d873e55fef7f9bb954f4c
2026-08-20 13:48:37,167 [INFO] Capturing response: https://www.google.com/async/folae?async=_fmt:pb&udm=50&client_locale=en-US&client_country=ZZ 200 
2026-08-20 13:48:37,201 [INFO] Capturing response: https://update.googleapis.com/service/update2/json?cup2key=16:cwT8dIXAD85W07hs2nXZZp5GhBWZI5Q_JVDmZRa93pk&cup2hreq=0cefaca9c29567dabbce78bd0614888050918b95d50d873e55fef7f9bb954f4c 200 
2026-08-20 13:48:37,248 [INFO] Capturing request: https://update.googleapis.com/service/update2/json?cup2key=16:BXNBcYCSVF3-uz6-ytwXhR-kqYv2g9CCN0PWQks6wNE&cup2hreq=a9a5b6fcefdcdf45517fc3f1d040877aa68e0ccaf664ea17748516b4c3839b0c
2026-08-20 13:48:37,299 [INFO] Capturing response: https://update.googleapis.com/service/update2/json?cup2key=16:BXNBcYCSVF3-uz6-ytwXhR-kqYv2g9CCN0PWQks6wNE&cup2hreq=a9a5b6fcefdcdf45517fc3f1d040877aa68e0ccaf664ea17748516b4c3839b0c 200 
2026-08-20 13:48:37,382 [INFO] Capturing request: https://www.google.com/async/folae?async=_fmt:pb&udm=50&client_locale=en-US&client_country=ZZ
2026-08-20 13:48:37,409 [INFO] Capturing response: https://www.google.com/async/folae?async=_fmt:pb&udm=50&client_locale=en-US&client_country=ZZ 200 
2026-08-20 13:48:37,845 [INFO] Capturing response: https://www.atomsportv512.top/matches?id=bein-sports-1 200 
2026-08-20 13:48:38,152 [INFO] Capturing request: https://cdn.jsdelivr.net/npm/@clappr/player@0.11.16/dist/clappr.min.js
2026-08-20 13:48:38,156 [INFO] Capturing request: https://cdn.jsdelivr.net/npm/level-selector/dist/level-selector.min.js
2026-08-20 13:48:38,158 [INFO] Capturing request: https://cdn.jsdelivr.net/npm/@clappr/hlsjs-playback@1.8.3/dist/hlsjs-playback.min.js
2026-08-20 13:48:38,196 [INFO] Capturing response: https://cdn.jsdelivr.net/npm/level-selector/dist/level-selector.min.js 200 
2026-08-20 13:48:38,258 [INFO] Capturing response: https://cdn.jsdelivr.net/npm/@clappr/player@0.11.16/dist/clappr.min.js 200 
2026-08-20 13:48:38,273 [INFO] Capturing response: https://cdn.jsdelivr.net/npm/@clappr/hlsjs-playback@1.8.3/dist/hlsjs-playback.min.js 200 
2026-08-20 13:48:38,470 [INFO] Capturing request: https://www.atomsportv512.top/favicon.ico
2026-08-20 13:48:38,528 [INFO] Capturing response: https://www.atomsportv512.top/favicon.ico 200 
2026-08-20 13:48:38,600 [INFO] Capturing request: https://teletv5.top/load/yayinlink.php?id=bein-sports-1
2026-08-20 13:48:39,051 [INFO] Capturing response: https://teletv5.top/load/yayinlink.php?id=bein-sports-1 200 
2026-08-20 13:48:39,053 [INFO] Capturing request: https://streamsport365.com/cinema
2026-08-20 13:48:39,381 [INFO] Capturing response: https://streamsport365.com/cinema 200 
2026-08-20 13:48:39,511 [INFO] Capturing request: https://www.atomsportv512.top/assets/img/player/player_logo_6a72b29dbcd89.png
2026-08-20 13:48:39,577 [INFO] Capturing response: https://www.atomsportv512.top/assets/img/player/player_logo_6a72b29dbcd89.png 200 
2026-08-20 13:48:39,598 [INFO] Capturing request: https://corestream.siteyaptim.live//beintv/tracks-v1a1/mono.m3u8
2026-08-20 13:48:39,784 [INFO] Capturing response: https://corestream.siteyaptim.live//beintv/tracks-v1a1/mono.m3u8 200 
2026-08-20 13:48:40,015 [INFO] Capturing request: https://global.siteyaptim.live/beintv/tracks-v1a1/2026/08/20/13/48/28-06000.jpg
2026-08-20 13:48:40,190 [INFO] Capturing request: https://android.clients.google.com/checkin
2026-08-20 13:48:40,308 [INFO] Capturing response: https://android.clients.google.com/checkin 200 
2026-08-20 13:48:40,361 [INFO] Capturing request: https://android.clients.google.com/c2dm/register3
2026-08-20 13:48:40,364 [INFO] Capturing request: https://android.clients.google.com/c2dm/register3
2026-08-20 13:48:40,367 [INFO] Capturing request: https://android.clients.google.com/c2dm/register3
2026-08-20 13:48:40,421 [INFO] Capturing response: https://android.clients.google.com/c2dm/register3 301 
2026-08-20 13:48:40,968 [INFO] Capturing response: https://global.siteyaptim.live/beintv/tracks-v1a1/2026/08/20/13/48/28-06000.jpg 200 
2026-08-20 13:48:41,207 [INFO] Capturing response: https://android.clients.google.com/c2dm/register3 200 
2026-08-20 13:48:41,214 [INFO] Capturing request: https://global.siteyaptim.live/beintv/tracks-v1a1/2026/08/20/13/48/34-06000.jpg
2026-08-20 13:48:41,354 [INFO] Capturing response: https://android.clients.google.com/c2dm/register3 200 
2026-08-20 13:48:41,393 [INFO]   ✅ M3U8 bulundu: https://corestream.siteyaptim.live//beintv/tracks-v1a1/mono.m3u8
2026-08-20 13:48:42,083 [INFO] Capturing response: https://global.siteyaptim.live/beintv/tracks-v1a1/2026/08/20/13/48/34-06000.jpg 200 
2026-08-20 13:48:42,316 [INFO] Capturing request: https://global.siteyaptim.live/beintv/tracks-v1a1/2026/08/20/13/48/40-06000.jpg
2026-08-20 13:48:42,393 [INFO] 
[2/14]
2026-08-20 13:48:42,393 [INFO] 🔍 beIN Sports 2 → https://www.atomsportv512.top/matches?id=bein-sports-2
2026-08-20 13:48:42,504 [INFO] Capturing request: https://www.atomsportv512.top/matches?id=bein-sports-2
2026-08-20 13:48:42,800 [INFO] Capturing response: https://www.atomsportv512.top/matches?id=bein-sports-2 200 
2026-08-20 13:48:42,860 [INFO] Capturing request: https://streamsport365.com/cinema
2026-08-20 13:48:42,958 [INFO] Capturing request: https://teletv5.top/load/yayinlink.php?id=bein-sports-2
2026-08-20 13:48:42,960 [INFO] Capturing request: https://www.atomsportv512.top/favicon.ico
2026-08-20 13:48:43,000 [INFO] Capturing response: https://www.atomsportv512.top/favicon.ico 200 
2026-08-20 13:48:43,084 [INFO] Capturing response: https://global.siteyaptim.live/beintv/tracks-v1a1/2026/08/20/13/48/40-06000.jpg 200 
2026-08-20 13:48:43,200 [INFO] Capturing response: https://streamsport365.com/cinema 200 
2026-08-20 13:48:43,211 [INFO] Capturing response: https://teletv5.top/load/yayinlink.php?id=bein-sports-2 200 
2026-08-20 13:48:43,322 [INFO] Capturing request: https://www.atomsportv512.top/assets/img/player/player_logo_6a72b29dbcd89.png
2026-08-20 13:48:43,332 [INFO] Capturing request: https://corestream.siteyaptim.live//bein2/tracks-v1a1/mono.m3u8
2026-08-20 13:48:43,449 [INFO] Capturing response: https://www.atomsportv512.top/assets/img/player/player_logo_6a72b29dbcd89.png 304 
2026-08-20 13:48:43,513 [INFO] Capturing response: https://corestream.siteyaptim.live//bein2/tracks-v1a1/mono.m3u8 200 
2026-08-20 13:48:43,621 [INFO] Capturing request: https://global.siteyaptim.live/bein2/tracks-v1a1/2026/08/20/13/48/22-10000.jpg
2026-08-20 13:48:45,022 [INFO] Capturing response: https://global.siteyaptim.live/bein2/tracks-v1a1/2026/08/20/13/48/22-10000.jpg 200 
2026-08-20 13:48:45,329 [INFO] Capturing request: https://global.siteyaptim.live/bein2/tracks-v1a1/2026/08/20/13/48/32-10000.jpg
2026-08-20 13:48:45,876 [INFO]   ✅ M3U8 bulundu: https://corestream.siteyaptim.live//bein2/tracks-v1a1/mono.m3u8
2026-08-20 13:48:46,827 [INFO] Capturing response: https://global.siteyaptim.live/bein2/tracks-v1a1/2026/08/20/13/48/32-10000.jpg 200 
2026-08-20 13:48:46,876 [INFO] 
[3/14]
2026-08-20 13:48:46,876 [INFO] 🔍 beIN Sports 3 → https://www.atomsportv512.top/matches?id=bein-sports-3
2026-08-20 13:48:47,000 [INFO] Capturing request: https://www.atomsportv512.top/matches?id=bein-sports-3
2026-08-20 13:48:47,161 [INFO] Capturing request: https://global.siteyaptim.live/bein2/tracks-v1a1/2026/08/20/13/48/42-10000.jpg
2026-08-20 13:48:47,295 [INFO] Capturing response: https://www.atomsportv512.top/matches?id=bein-sports-3 200 
2026-08-20 13:48:47,424 [INFO] Capturing request: https://teletv5.top/load/yayinlink.php?id=bein-sports-3
2026-08-20 13:48:47,426 [INFO] Capturing request: https://www.atomsportv512.top/favicon.ico
2026-08-20 13:48:47,464 [INFO] Capturing response: https://www.atomsportv512.top/favicon.ico 200 
2026-08-20 13:48:47,569 [INFO] Capturing request: https://streamsport365.com/cinema
2026-08-20 13:48:47,679 [INFO] Capturing response: https://teletv5.top/load/yayinlink.php?id=bein-sports-3 200 
2026-08-20 13:48:47,911 [INFO] Capturing response: https://streamsport365.com/cinema 200 
2026-08-20 13:48:48,023 [INFO] Capturing request: https://www.atomsportv512.top/assets/img/player/player_logo_6a72b29dbcd89.png
2026-08-20 13:48:48,033 [INFO] Capturing request: https://corestream.siteyaptim.live//bein3/tracks-v1a1/mono.m3u8
2026-08-20 13:48:48,156 [INFO] Capturing response: https://www.atomsportv512.top/assets/img/player/player_logo_6a72b29dbcd89.png 304 
2026-08-20 13:48:48,221 [INFO] Capturing response: https://corestream.siteyaptim.live//bein3/tracks-v1a1/mono.m3u8 200 
2026-08-20 13:48:48,332 [INFO] Capturing request: https://global.siteyaptim.live/bein3/tracks-v1a1/2026/08/20/13/48/19-10000.jpg
2026-08-20 13:48:48,839 [INFO] Capturing response: https://global.siteyaptim.live/bein2/tracks-v1a1/2026/08/20/13/48/42-10000.jpg 200 
2026-08-20 13:48:49,360 [INFO] Capturing response: https://global.siteyaptim.live/bein3/tracks-v1a1/2026/08/20/13/48/19-10000.jpg 200 
2026-08-20 13:48:49,601 [INFO] Capturing request: https://global.siteyaptim.live/bein3/tracks-v1a1/2026/08/20/13/48/29-10000.jpg
2026-08-20 13:48:50,311 [INFO] Capturing response: https://global.siteyaptim.live/bein3/tracks-v1a1/2026/08/20/13/48/29-10000.jpg 200 
2026-08-20 13:48:50,355 [INFO]   ✅ M3U8 bulundu: https://corestream.siteyaptim.live//bein3/tracks-v1a1/mono.m3u8
2026-08-20 13:48:50,561 [INFO] Capturing request: https://global.siteyaptim.live/bein3/tracks-v1a1/2026/08/20/13/48/39-10000.jpg
2026-08-20 13:48:51,062 [INFO] Capturing response: https://global.siteyaptim.live/bein3/tracks-v1a1/2026/08/20/13/48/39-10000.jpg 200 
2026-08-20 13:48:51,356 [INFO] 
[4/14]
2026-08-20 13:48:51,356 [INFO] 🔍 beIN Sports 4 → https://www.atomsportv512.top/matches?id=bein-sports-4
2026-08-20 13:48:51,466 [INFO] Capturing request: https://www.atomsportv512.top/matches?id=bein-sports-4
2026-08-20 13:48:51,761 [INFO] Capturing response: https://www.atomsportv512.top/matches?id=bein-sports-4 200 
2026-08-20 13:48:51,788 [INFO] Capturing request: https://streamsport365.com/cinema
2026-08-20 13:48:51,889 [INFO] Capturing request: https://teletv5.top/load/yayinlink.php?id=bein-sports-4
2026-08-20 13:48:51,895 [INFO] Capturing request: https://www.atomsportv512.top/favicon.ico
2026-08-20 13:48:51,936 [INFO] Capturing response: https://www.atomsportv512.top/favicon.ico 200 
2026-08-20 13:48:52,133 [INFO] Capturing response: https://streamsport365.com/cinema 200 
2026-08-20 13:48:52,258 [INFO] Capturing response: https://teletv5.top/load/yayinlink.php?id=bein-sports-4 200 
2026-08-20 13:48:52,408 [INFO] Capturing request: https://www.atomsportv512.top/assets/img/player/player_logo_6a72b29dbcd89.png
2026-08-20 13:48:52,418 [INFO] Capturing request: https://corestream.siteyaptim.live//bein4/tracks-v1a1/mono.m3u8
2026-08-20 13:48:52,534 [INFO] Capturing response: https://www.atomsportv512.top/assets/img/player/player_logo_6a72b29dbcd89.png 304 
2026-08-20 13:48:52,626 [INFO] Capturing response: https://corestream.siteyaptim.live//bein4/tracks-v1a1/mono.m3u8 200 
2026-08-20 13:48:52,774 [INFO] Capturing request: https://global.siteyaptim.live/bein4/tracks-v1a1/2026/08/20/13/48/39-10000.jpg
2026-08-20 13:48:53,494 [INFO] Capturing response: https://global.siteyaptim.live/bein4/tracks-v1a1/2026/08/20/13/48/39-10000.jpg 200 
2026-08-20 13:48:53,688 [INFO] Capturing request: https://global.siteyaptim.live/bein4/tracks-v1a1/2026/08/20/13/48/49-10000.jpg
2026-08-20 13:48:54,396 [INFO] Capturing response: https://global.siteyaptim.live/bein4/tracks-v1a1/2026/08/20/13/48/49-10000.jpg 200 
2026-08-20 13:48:54,626 [INFO] Capturing request: https://global.siteyaptim.live/bein4/tracks-v1a1/2026/08/20/13/48/59-10000.jpg
2026-08-20 13:48:54,812 [INFO]   ✅ M3U8 bulundu: https://corestream.siteyaptim.live//bein4/tracks-v1a1/mono.m3u8
2026-08-20 13:48:55,269 [INFO] Capturing response: https://global.siteyaptim.live/bein4/tracks-v1a1/2026/08/20/13/48/59-10000.jpg 200 
2026-08-20 13:48:55,812 [INFO] 
[5/14]
2026-08-20 13:48:55,813 [INFO] 🔍 beIN Sports 5 → https://www.atomsportv512.top/matches?id=bein-sports-5
2026-08-20 13:48:55,922 [INFO] Capturing request: https://www.atomsportv512.top/matches?id=bein-sports-5
2026-08-20 13:48:56,215 [INFO] Capturing response: https://www.atomsportv512.top/matches?id=bein-sports-5 200 
2026-08-20 13:48:56,347 [INFO] Capturing request: https://teletv5.top/load/yayinlink.php?id=bein-sports-5
2026-08-20 13:48:56,349 [INFO] Capturing request: https://www.atomsportv512.top/favicon.ico
2026-08-20 13:48:56,396 [INFO] Capturing response: https://www.atomsportv512.top/favicon.ico 200 
2026-08-20 13:48:56,492 [INFO] Capturing request: https://streamsport365.com/cinema
2026-08-20 13:48:56,829 [INFO] Capturing response: https://streamsport365.com/cinema 200 
2026-08-20 13:48:57,278 [INFO] Capturing response: https://teletv5.top/load/yayinlink.php?id=bein-sports-5 200 
2026-08-20 13:48:57,389 [INFO] Capturing request: https://www.atomsportv512.top/assets/img/player/player_logo_6a72b29dbcd89.png
2026-08-20 13:48:57,397 [INFO] Capturing request: https://corestream.siteyaptim.live//bein5/tracks-v1a1/mono.m3u8
2026-08-20 13:48:57,516 [INFO] Capturing response: https://www.atomsportv512.top/assets/img/player/player_logo_6a72b29dbcd89.png 304 
2026-08-20 13:48:57,593 [INFO] Capturing response: https://corestream.siteyaptim.live//bein5/tracks-v1a1/mono.m3u8 200 
2026-08-20 13:48:57,702 [INFO] Capturing request: https://global.siteyaptim.live/bein5/tracks-v1a1/2026/08/20/13/48/33-10000.jpg
2026-08-20 13:48:59,262 [INFO]   ✅ M3U8 bulundu: https://corestream.siteyaptim.live//bein5/tracks-v1a1/mono.m3u8
2026-08-20 13:48:59,404 [INFO] Capturing response: https://global.siteyaptim.live/bein5/tracks-v1a1/2026/08/20/13/48/33-10000.jpg 200 
2026-08-20 13:48:59,782 [INFO] Capturing request: https://global.siteyaptim.live/bein5/tracks-v1a1/2026/08/20/13/48/43-10000.jpg
2026-08-20 13:49:00,262 [INFO] 
[6/14]
2026-08-20 13:49:00,262 [INFO] 🔍 beIN Sports Max 1 → https://www.atomsportv512.top/matches?id=bein-sports-max-1
2026-08-20 13:49:00,373 [INFO] Capturing request: https://www.atomsportv512.top/matches?id=bein-sports-max-1
2026-08-20 13:49:00,672 [INFO] Capturing response: https://www.atomsportv512.top/matches?id=bein-sports-max-1 200 
2026-08-20 13:49:00,704 [INFO] Capturing request: https://streamsport365.com/cinema
2026-08-20 13:49:00,804 [INFO] Capturing request: https://teletv5.top/load/yayinlink.php?id=bein-sports-max-1
2026-08-20 13:49:00,813 [INFO] Capturing request: https://www.atomsportv512.top/favicon.ico
2026-08-20 13:49:00,857 [INFO] Capturing response: https://www.atomsportv512.top/favicon.ico 200 
2026-08-20 13:49:01,042 [INFO] Capturing response: https://teletv5.top/load/yayinlink.php?id=bein-sports-max-1 200 
2026-08-20 13:49:01,053 [INFO] Capturing response: https://streamsport365.com/cinema 200 
2026-08-20 13:49:01,196 [INFO] Capturing request: https://www.atomsportv512.top/assets/img/player/player_logo_6a72b29dbcd89.png
2026-08-20 13:49:01,205 [INFO] Capturing request: https://corestream.siteyaptim.live//beinmax1/tracks-v1a1/mono.m3u8
2026-08-20 13:49:01,328 [INFO] Capturing response: https://www.atomsportv512.top/assets/img/player/player_logo_6a72b29dbcd89.png 304 
2026-08-20 13:49:01,417 [INFO] Capturing response: https://corestream.siteyaptim.live//beinmax1/tracks-v1a1/mono.m3u8 404 
2026-08-20 13:49:01,472 [INFO] Capturing response: https://global.siteyaptim.live/bein5/tracks-v1a1/2026/08/20/13/48/43-10000.jpg 200 
2026-08-20 13:49:01,605 [INFO] 127.0.0.1:55184: ProtocolException("Error in HTTP connection: Http2ZombieException('Connection or stream already dead: 1787233741.6047997, False')")
2026-08-20 13:49:03,580 [INFO] Capturing request: https://corestream.siteyaptim.live//beinmax1/tracks-v1a1/mono.m3u8
2026-08-20 13:49:03,719 [INFO]   ✅ M3U8 bulundu: https://corestream.siteyaptim.live//beinmax1/tracks-v1a1/mono.m3u8
2026-08-20 13:49:03,769 [INFO] Capturing response: https://corestream.siteyaptim.live//beinmax1/tracks-v1a1/mono.m3u8 404 
2026-08-20 13:49:04,719 [INFO] 
[7/14]
2026-08-20 13:49:04,720 [INFO] 🔍 beIN Sports Max 2 → https://www.atomsportv512.top/matches?id=bein-sports-max-2
2026-08-20 13:49:04,827 [INFO] Capturing request: https://www.atomsportv512.top/matches?id=bein-sports-max-2
2026-08-20 13:49:04,880 [INFO] Capturing request: https://android.clients.google.com/c2dm/register3
2026-08-20 13:49:04,935 [INFO] Capturing response: https://android.clients.google.com/c2dm/register3 301 
2026-08-20 13:49:05,123 [INFO] Capturing response: https://www.atomsportv512.top/matches?id=bein-sports-max-2 200 
2026-08-20 13:49:05,252 [INFO] Capturing request: https://teletv5.top/load/yayinlink.php?id=bein-sports-max-2
2026-08-20 13:49:05,255 [INFO] Capturing request: https://www.atomsportv512.top/favicon.ico
2026-08-20 13:49:05,298 [INFO] Capturing response: https://www.atomsportv512.top/favicon.ico 200 
2026-08-20 13:49:05,396 [INFO] Capturing request: https://streamsport365.com/cinema
2026-08-20 13:49:05,488 [INFO] Capturing response: https://teletv5.top/load/yayinlink.php?id=bein-sports-max-2 200 
2026-08-20 13:49:05,734 [INFO] Capturing response: https://streamsport365.com/cinema 200 
2026-08-20 13:49:05,844 [INFO] Capturing request: https://www.atomsportv512.top/assets/img/player/player_logo_6a72b29dbcd89.png
2026-08-20 13:49:05,852 [INFO] Capturing request: https://corestream.siteyaptim.live//beinmax2/tracks-v1a1/mono.m3u8
2026-08-20 13:49:05,967 [INFO] Capturing response: https://www.atomsportv512.top/assets/img/player/player_logo_6a72b29dbcd89.png 304 
2026-08-20 13:49:06,054 [INFO] Capturing response: https://corestream.siteyaptim.live//beinmax2/tracks-v1a1/mono.m3u8 404 
2026-08-20 13:49:08,166 [INFO]   ✅ M3U8 bulundu: https://corestream.siteyaptim.live//beinmax2/tracks-v1a1/mono.m3u8
2026-08-20 13:49:08,211 [INFO] Capturing request: https://corestream.siteyaptim.live//beinmax2/tracks-v1a1/mono.m3u8
2026-08-20 13:49:08,402 [INFO] Capturing response: https://corestream.siteyaptim.live//beinmax2/tracks-v1a1/mono.m3u8 404 
2026-08-20 13:49:09,166 [INFO] 
[8/14]
2026-08-20 13:49:09,166 [INFO] 🔍 S Sport → https://www.atomsportv512.top/matches?id=s-sport
2026-08-20 13:49:09,274 [INFO] Capturing request: https://www.atomsportv512.top/matches?id=s-sport
2026-08-20 13:49:09,798 [INFO] Capturing response: https://www.atomsportv512.top/matches?id=s-sport 200 
2026-08-20 13:49:09,832 [INFO] Capturing request: https://streamsport365.com/cinema
2026-08-20 13:49:09,930 [INFO] Capturing request: https://teletv5.top/load/yayinlink.php?id=s-sport
2026-08-20 13:49:09,935 [INFO] Capturing request: https://www.atomsportv512.top/favicon.ico
2026-08-20 13:49:09,981 [INFO] Capturing response: https://www.atomsportv512.top/favicon.ico 200 
2026-08-20 13:49:10,164 [INFO] Capturing response: https://streamsport365.com/cinema 200 
2026-08-20 13:49:10,168 [INFO] Capturing response: https://teletv5.top/load/yayinlink.php?id=s-sport 200 
2026-08-20 13:49:10,317 [INFO] Capturing request: https://www.atomsportv512.top/assets/img/player/player_logo_6a72b29dbcd89.png
2026-08-20 13:49:10,328 [INFO] Capturing request: https://corestream.siteyaptim.live//s-sport/tracks-v1a1/mono.m3u8
2026-08-20 13:49:10,439 [INFO] Capturing response: https://www.atomsportv512.top/assets/img/player/player_logo_6a72b29dbcd89.png 304 
2026-08-20 13:49:10,512 [INFO] Capturing response: https://corestream.siteyaptim.live//s-sport/tracks-v1a1/mono.m3u8 200 
2026-08-20 13:49:10,621 [INFO] Capturing request: https://global.siteyaptim.live/s-sport/tracks-v1a1/2026/08/20/13/48/58-05000.jpg
2026-08-20 13:49:11,311 [INFO] Capturing response: https://global.siteyaptim.live/s-sport/tracks-v1a1/2026/08/20/13/48/58-05000.jpg 200 
2026-08-20 13:49:11,531 [INFO] Capturing request: https://global.siteyaptim.live/s-sport/tracks-v1a1/2026/08/20/13/49/03-05000.jpg
2026-08-20 13:49:12,552 [INFO] Capturing response: https://global.siteyaptim.live/s-sport/tracks-v1a1/2026/08/20/13/49/03-05000.jpg 200 
2026-08-20 13:49:12,770 [INFO] Capturing request: https://global.siteyaptim.live/s-sport/tracks-v1a1/2026/08/20/13/49/08-05000.jpg
2026-08-20 13:49:12,849 [INFO]   ✅ M3U8 bulundu: https://corestream.siteyaptim.live//s-sport/tracks-v1a1/mono.m3u8
2026-08-20 13:49:13,505 [INFO] Capturing response: https://global.siteyaptim.live/s-sport/tracks-v1a1/2026/08/20/13/49/08-05000.jpg 200 
2026-08-20 13:49:13,849 [INFO] 
[9/14]
2026-08-20 13:49:13,849 [INFO] 🔍 S Sport 2 → https://www.atomsportv512.top/matches?id=s-sport-2
2026-08-20 13:49:13,958 [INFO] Capturing request: https://www.atomsportv512.top/matches?id=s-sport-2
2026-08-20 13:49:14,251 [INFO] Capturing response: https://www.atomsportv512.top/matches?id=s-sport-2 200 
2026-08-20 13:49:14,378 [INFO] Capturing request: https://teletv5.top/load/yayinlink.php?id=s-sport-2
2026-08-20 13:49:14,380 [INFO] Capturing request: https://www.atomsportv512.top/favicon.ico
2026-08-20 13:49:14,436 [INFO] Capturing response: https://www.atomsportv512.top/favicon.ico 200 
2026-08-20 13:49:14,519 [INFO] Capturing request: https://streamsport365.com/cinema
2026-08-20 13:49:14,617 [INFO] Capturing response: https://teletv5.top/load/yayinlink.php?id=s-sport-2 200 
2026-08-20 13:49:14,862 [INFO] Capturing response: https://streamsport365.com/cinema 200 
2026-08-20 13:49:14,972 [INFO] Capturing request: https://www.atomsportv512.top/assets/img/player/player_logo_6a72b29dbcd89.png
2026-08-20 13:49:14,982 [INFO] Capturing request: https://corestream.siteyaptim.live//s-sport2/tracks-v1a1/mono.m3u8
2026-08-20 13:49:15,095 [INFO] Capturing response: https://www.atomsportv512.top/assets/img/player/player_logo_6a72b29dbcd89.png 304 
2026-08-20 13:49:15,171 [INFO] Capturing response: https://corestream.siteyaptim.live//s-sport2/tracks-v1a1/mono.m3u8 200 
2026-08-20 13:49:15,319 [INFO] Capturing request: https://global.siteyaptim.live/s-sport2/tracks-v1a1/2026/08/20/13/48/57-06000.jpg
2026-08-20 13:49:16,239 [INFO] Capturing response: https://global.siteyaptim.live/s-sport2/tracks-v1a1/2026/08/20/13/48/57-06000.jpg 200 
2026-08-20 13:49:16,491 [INFO] Capturing request: https://global.siteyaptim.live/s-sport2/tracks-v1a1/2026/08/20/13/49/03-06000.jpg
2026-08-20 13:49:17,202 [INFO] Capturing response: https://global.siteyaptim.live/s-sport2/tracks-v1a1/2026/08/20/13/49/03-06000.jpg 200 
2026-08-20 13:49:17,296 [INFO]   ✅ M3U8 bulundu: https://corestream.siteyaptim.live//s-sport2/tracks-v1a1/mono.m3u8
2026-08-20 13:49:17,424 [INFO] Capturing request: https://global.siteyaptim.live/s-sport2/tracks-v1a1/2026/08/20/13/49/09-06000.jpg
2026-08-20 13:49:18,297 [INFO] 
[10/14]
2026-08-20 13:49:18,297 [INFO] 🔍 A Spor → https://www.atomsportv512.top/matches?id=a-spor
2026-08-20 13:49:18,303 [INFO] Capturing response: https://global.siteyaptim.live/s-sport2/tracks-v1a1/2026/08/20/13/49/09-06000.jpg 200 
2026-08-20 13:49:18,410 [INFO] Capturing request: https://www.atomsportv512.top/matches?id=a-spor
2026-08-20 13:49:18,704 [INFO] Capturing response: https://www.atomsportv512.top/matches?id=a-spor 200 
2026-08-20 13:49:18,732 [INFO] Capturing request: https://streamsport365.com/cinema
2026-08-20 13:49:18,833 [INFO] Capturing request: https://teletv5.top/load/yayinlink.php?id=a-spor
2026-08-20 13:49:18,836 [INFO] Capturing request: https://www.atomsportv512.top/favicon.ico
2026-08-20 13:49:18,889 [INFO] Capturing response: https://www.atomsportv512.top/favicon.ico 200 
2026-08-20 13:49:19,070 [INFO] Capturing response: https://streamsport365.com/cinema 200 
2026-08-20 13:49:19,089 [INFO] Capturing response: https://teletv5.top/load/yayinlink.php?id=a-spor 200 
2026-08-20 13:49:19,239 [INFO] Capturing request: https://www.atomsportv512.top/assets/img/player/player_logo_6a72b29dbcd89.png
2026-08-20 13:49:19,248 [INFO] Capturing request: https://corestream.siteyaptim.live//aspor/tracks-v1a1/mono.m3u8
2026-08-20 13:49:19,366 [INFO] Capturing response: https://www.atomsportv512.top/assets/img/player/player_logo_6a72b29dbcd89.png 304 
2026-08-20 13:49:19,447 [INFO] Capturing response: https://corestream.siteyaptim.live//aspor/tracks-v1a1/mono.m3u8 200 
2026-08-20 13:49:19,555 [INFO] Capturing request: https://global.siteyaptim.live/aspor/tracks-v1a1/2026/08/20/13/49/41-10000.jpg
2026-08-20 13:49:20,997 [INFO] Capturing response: https://global.siteyaptim.live/aspor/tracks-v1a1/2026/08/20/13/49/41-10000.jpg 200 
2026-08-20 13:49:21,330 [INFO] Capturing request: https://global.siteyaptim.live/aspor/tracks-v1a1/2026/08/20/13/49/51-10000.jpg
2026-08-20 13:49:21,746 [INFO]   ✅ M3U8 bulundu: https://corestream.siteyaptim.live//aspor/tracks-v1a1/mono.m3u8
2026-08-20 13:49:22,746 [INFO] 
[11/14]
2026-08-20 13:49:22,747 [INFO] 🔍 Tivibu Spor 1 → https://www.atomsportv512.top/matches?id=tivibu-spor-1
2026-08-20 13:49:22,857 [INFO] Capturing request: https://www.atomsportv512.top/matches?id=tivibu-spor-1
2026-08-20 13:49:23,150 [INFO] Capturing response: https://www.atomsportv512.top/matches?id=tivibu-spor-1 200 
2026-08-20 13:49:23,284 [INFO] Capturing request: https://teletv5.top/load/yayinlink.php?id=tivibu-spor-1
2026-08-20 13:49:23,289 [INFO] Capturing request: https://www.atomsportv512.top/favicon.ico
2026-08-20 13:49:23,332 [INFO] Capturing response: https://www.atomsportv512.top/favicon.ico 200 
2026-08-20 13:49:23,434 [INFO] Capturing request: https://streamsport365.com/cinema
2026-08-20 13:49:23,524 [INFO] Capturing response: https://teletv5.top/load/yayinlink.php?id=tivibu-spor-1 200 
2026-08-20 13:49:23,594 [INFO] Capturing response: https://global.siteyaptim.live/aspor/tracks-v1a1/2026/08/20/13/49/51-10000.jpg 200 
2026-08-20 13:49:23,720 [INFO] 127.0.0.1:55184: ProtocolException("Error in HTTP connection: Http2ZombieException('Connection or stream already dead: 1787233763.7200842, False')")
2026-08-20 13:49:23,771 [INFO] Capturing response: https://streamsport365.com/cinema 200 
2026-08-20 13:49:36,647 [INFO] Capturing request: https://update.googleapis.com/service/update2/json?cup2key=16:yZfvT2-1cZS-1V0HKgi6W7azUp92gLtIkfaPlSxkfcE&cup2hreq=65aa355fd44375eaaf6df01518959fad375a26ae00c69bdea6eb750785d46cc8
2026-08-20 13:49:36,701 [INFO] Capturing response: https://update.googleapis.com/service/update2/json?cup2key=16:yZfvT2-1cZS-1V0HKgi6W7azUp92gLtIkfaPlSxkfcE&cup2hreq=65aa355fd44375eaaf6df01518959fad375a26ae00c69bdea6eb750785d46cc8 200 
2026-08-20 13:49:36,708 [INFO] Capturing request: http://edgedl.me.gvt1.com/edgedl/diffgen-puffin/gcmjkmgdlgnkkcocmoeiminaijmmjnii/6ca5bdb9f3e2cd83b7e359729bc6c33c4fe975ec499861d969b3e080320849ff
2026-08-20 13:49:36,724 [INFO] Capturing response: http://edgedl.me.gvt1.com/edgedl/diffgen-puffin/gcmjkmgdlgnkkcocmoeiminaijmmjnii/6ca5bdb9f3e2cd83b7e359729bc6c33c4fe975ec499861d969b3e080320849ff 200 OK
2026-08-20 13:49:36,751 [INFO] Capturing request: https://update.googleapis.com/service/update2/json
2026-08-20 13:49:36,800 [INFO] Capturing response: https://update.googleapis.com/service/update2/json 200 
2026-08-20 13:49:36,844 [INFO] Capturing request: http://edgedl.me.gvt1.com/edgedl/release2/chrome_component/ac3uqjtywtomf4pjcbarw5t4potq_10727/hfnkpimlhhgieaddgfemjhofmfblmnib_10727_all_acnjo3cgdftqo4p24xxw3nm2esdq.crx3
2026-08-20 13:49:36,862 [INFO] Capturing response: http://edgedl.me.gvt1.com/edgedl/release2/chrome_component/ac3uqjtywtomf4pjcbarw5t4potq_10727/hfnkpimlhhgieaddgfemjhofmfblmnib_10727_all_acnjo3cgdftqo4p24xxw3nm2esdq.crx3 200 OK
2026-08-20 13:49:36,890 [INFO] Capturing request: https://update.googleapis.com/service/update2/json
2026-08-20 13:49:36,933 [INFO] Capturing response: https://update.googleapis.com/service/update2/json 200 
2026-08-20 13:49:56,455 [WARNING]   ❌ Tivibu Spor 1 için M3U8 bulunamadı
2026-08-20 13:49:57,455 [INFO] 
[12/14]
2026-08-20 13:49:57,456 [INFO] 🔍 Tivibu Spor 2 → https://www.atomsportv512.top/matches?id=tivibu-spor-2
2026-08-20 13:49:57,614 [INFO] Capturing request: https://www.atomsportv512.top/matches?id=tivibu-spor-2
2026-08-20 13:49:57,897 [INFO] Capturing request: https://android.clients.google.com/c2dm/register3
2026-08-20 13:49:57,948 [INFO] Capturing response: https://android.clients.google.com/c2dm/register3 301 
2026-08-20 13:49:58,256 [INFO] Capturing response: https://www.atomsportv512.top/matches?id=tivibu-spor-2 200 
2026-08-20 13:49:58,417 [INFO] Capturing request: https://www.atomsportv512.top/favicon.ico
2026-08-20 13:49:58,466 [INFO] Capturing request: https://teletv5.top/load/yayinlink.php?id=tivibu-spor-2
2026-08-20 13:49:58,574 [INFO] Capturing response: https://www.atomsportv512.top/favicon.ico 200 
2026-08-20 13:49:58,718 [INFO] Capturing response: https://teletv5.top/load/yayinlink.php?id=tivibu-spor-2 200 
2026-08-20 13:49:59,048 [INFO] Capturing request: https://streamsport365.com/cinema
2026-08-20 13:49:59,383 [INFO] Capturing response: https://streamsport365.com/cinema 200 
2026-08-20 13:50:31,544 [WARNING]   ❌ Tivibu Spor 2 için M3U8 bulunamadı
2026-08-20 13:50:32,544 [INFO] 
[13/14]
2026-08-20 13:50:32,544 [INFO] 🔍 Tivibu Spor 3 → https://www.atomsportv512.top/matches?id=tivibu-spor-3
2026-08-20 13:50:32,654 [INFO] Capturing request: https://www.atomsportv512.top/matches?id=tivibu-spor-3
2026-08-20 13:50:33,134 [INFO] Capturing response: https://www.atomsportv512.top/matches?id=tivibu-spor-3 200 
2026-08-20 13:50:33,263 [INFO] Capturing request: https://teletv5.top/load/yayinlink.php?id=tivibu-spor-3
2026-08-20 13:50:33,265 [INFO] Capturing request: https://www.atomsportv512.top/favicon.ico
2026-08-20 13:50:33,311 [INFO] Capturing response: https://www.atomsportv512.top/favicon.ico 200 
2026-08-20 13:50:33,405 [INFO] Capturing request: https://streamsport365.com/cinema
2026-08-20 13:50:33,510 [INFO] Capturing response: https://teletv5.top/load/yayinlink.php?id=tivibu-spor-3 200 
2026-08-20 13:50:33,748 [INFO] Capturing response: https://streamsport365.com/cinema 200 
2026-08-20 13:51:06,390 [WARNING]   ❌ Tivibu Spor 3 için M3U8 bulunamadı
2026-08-20 13:51:07,390 [INFO] 
[14/14]
2026-08-20 13:51:07,390 [INFO] 🔍 Tivibu Spor 4 → https://www.atomsportv512.top/matches?id=tivibu-spor-4
2026-08-20 13:51:07,499 [INFO] Capturing request: https://www.atomsportv512.top/matches?id=tivibu-spor-4
2026-08-20 13:51:07,993 [INFO] Capturing response: https://www.atomsportv512.top/matches?id=tivibu-spor-4 200 
2026-08-20 13:51:08,124 [INFO] Capturing request: https://teletv5.top/load/yayinlink.php?id=tivibu-spor-4
2026-08-20 13:51:08,127 [INFO] Capturing request: https://www.atomsportv512.top/favicon.ico
2026-08-20 13:51:08,175 [INFO] Capturing response: https://www.atomsportv512.top/favicon.ico 200 
2026-08-20 13:51:08,268 [INFO] Capturing request: https://streamsport365.com/cinema
2026-08-20 13:51:08,377 [INFO] Capturing response: https://teletv5.top/load/yayinlink.php?id=tivibu-spor-4 200 
2026-08-20 13:51:08,606 [INFO] Capturing response: https://streamsport365.com/cinema 200 
2026-08-20 13:51:29,756 [INFO] Capturing request: https://android.clients.google.com/c2dm/register3
2026-08-20 13:51:29,831 [INFO] Capturing response: https://android.clients.google.com/c2dm/register3 301 
2026-08-20 13:51:41,253 [WARNING]   ❌ Tivibu Spor 4 için M3U8 bulunamadı
2026-08-20 13:51:42,319 [INFO] ✅ 10 kanal bulundu, playlist.m3u kaydedildi
