2026-08-01 05:56:31,664 [INFO] 🌐 BASE_URL: https://www.atomsportv510.top
2026-08-01 05:56:32,529 [INFO] Başlanıyor... 14 kanal taranacak
2026-08-01 05:56:32,529 [INFO] Using default request storage
2026-08-01 05:56:32,533 [INFO] Created proxy listening on 127.0.0.1:42859
2026-08-01 05:56:33,180 [INFO] Capturing request: http://clients2.google.com/time/1/current?cup2key=10:EyW6McU3XveseqSfV53SSBMqcns61DA8WE8BmW_jjVc&cup2hreq=e3b0c44298fc1c149afbf4c8996fb92427ae41e4649b934ca495991b7852b855
2026-08-01 05:56:33,287 [INFO] Capturing response: http://clients2.google.com/time/1/current?cup2key=10:EyW6McU3XveseqSfV53SSBMqcns61DA8WE8BmW_jjVc&cup2hreq=e3b0c44298fc1c149afbf4c8996fb92427ae41e4649b934ca495991b7852b855 200 OK
2026-08-01 05:56:33,349 [INFO] 
[1/14]
2026-08-01 05:56:33,350 [INFO] 🔍 beIN Sports 1 → https://www.atomsportv510.top/matches?id=bein-sports-1
2026-08-01 05:56:33,465 [INFO] Capturing request: https://update.googleapis.com/service/update2/json?cup2key=16:MPshwAsftAx8jxbP6L9HNTiZRETGay7PZgSw6QRcDWg&cup2hreq=f18d7a06480f6456807cb17ac94a045de85d2f727d1ddfe584c88d111e18dd6f
2026-08-01 05:56:33,470 [INFO] Capturing request: https://accounts.google.com/ListAccounts?gpsia=1&source=ChromiumBrowser&json=standard&laf=b64bin
2026-08-01 05:56:33,530 [INFO] Capturing response: https://update.googleapis.com/service/update2/json?cup2key=16:MPshwAsftAx8jxbP6L9HNTiZRETGay7PZgSw6QRcDWg&cup2hreq=f18d7a06480f6456807cb17ac94a045de85d2f727d1ddfe584c88d111e18dd6f 200 
2026-08-01 05:56:33,533 [INFO] Capturing response: https://accounts.google.com/ListAccounts?gpsia=1&source=ChromiumBrowser&json=standard&laf=b64bin 200 
2026-08-01 05:56:33,561 [INFO] Capturing request: https://www.google.com/async/folae?async=_fmt:pb&udm=50&client_locale=en-US&client_country=ZZ
2026-08-01 05:56:33,578 [INFO] Capturing request: https://update.googleapis.com/service/update2/json?cup2key=16:9fFUJlj00JWJg7-5TeUrQEv4lUI1EeprEsDZzHxj5mU&cup2hreq=71a37d75bf0c53788c6a9ea40580e2076443cb808074d2a111b670c68d2d88ad
2026-08-01 05:56:33,585 [INFO] Capturing request: https://www.atomsportv510.top/matches?id=bein-sports-1
2026-08-01 05:56:33,593 [INFO] Capturing response: https://www.google.com/async/folae?async=_fmt:pb&udm=50&client_locale=en-US&client_country=ZZ 200 
2026-08-01 05:56:33,637 [INFO] Capturing response: https://update.googleapis.com/service/update2/json?cup2key=16:9fFUJlj00JWJg7-5TeUrQEv4lUI1EeprEsDZzHxj5mU&cup2hreq=71a37d75bf0c53788c6a9ea40580e2076443cb808074d2a111b670c68d2d88ad 200 
2026-08-01 05:56:33,683 [INFO] Capturing request: https://update.googleapis.com/service/update2/json?cup2key=16:eQQevtHtjfk5HmgqjECHtYtWxYMsGWPdl501XuqBQpc&cup2hreq=e97a3090cb4951fe52444d3a7e13ecb5c9efbbb20ae3fbbf85c5c101cb5e56c7
2026-08-01 05:56:33,741 [INFO] Capturing response: https://update.googleapis.com/service/update2/json?cup2key=16:eQQevtHtjfk5HmgqjECHtYtWxYMsGWPdl501XuqBQpc&cup2hreq=e97a3090cb4951fe52444d3a7e13ecb5c9efbbb20ae3fbbf85c5c101cb5e56c7 200 
2026-08-01 05:56:33,780 [INFO] Capturing request: https://www.google.com/async/folae?async=_fmt:pb&udm=50&client_locale=en-US&client_country=ZZ
2026-08-01 05:56:33,812 [INFO] Capturing response: https://www.google.com/async/folae?async=_fmt:pb&udm=50&client_locale=en-US&client_country=ZZ 200 
2026-08-01 05:56:33,893 [INFO] Capturing response: https://www.atomsportv510.top/matches?id=bein-sports-1 200 
2026-08-01 05:56:34,114 [INFO] Capturing request: https://cdn.jsdelivr.net/npm/@clappr/player@0.11.16/dist/clappr.min.js
2026-08-01 05:56:34,126 [INFO] Capturing request: https://cdn.jsdelivr.net/npm/@clappr/hlsjs-playback@1.8.3/dist/hlsjs-playback.min.js
2026-08-01 05:56:34,127 [INFO] Capturing request: https://cdn.jsdelivr.net/npm/level-selector/dist/level-selector.min.js
2026-08-01 05:56:34,159 [INFO] Capturing response: https://cdn.jsdelivr.net/npm/level-selector/dist/level-selector.min.js 200 
2026-08-01 05:56:34,275 [INFO] Capturing response: https://cdn.jsdelivr.net/npm/@clappr/player@0.11.16/dist/clappr.min.js 200 
2026-08-01 05:56:34,287 [INFO] Capturing response: https://cdn.jsdelivr.net/npm/@clappr/hlsjs-playback@1.8.3/dist/hlsjs-playback.min.js 200 
2026-08-01 05:56:34,485 [INFO] Capturing request: https://www.atomsportv510.top/favicon.ico
2026-08-01 05:56:34,587 [INFO] Capturing response: https://www.atomsportv510.top/favicon.ico 200 
2026-08-01 05:56:34,770 [INFO] Capturing request: https://teletv5.top/load/yayinlink.php?id=bein-sports-1
2026-08-01 05:56:35,051 [INFO] Capturing request: https://streamsport365.com/cinema
2026-08-01 05:56:35,208 [INFO] Capturing response: https://teletv5.top/load/yayinlink.php?id=bein-sports-1 200 
2026-08-01 05:56:35,343 [INFO] Capturing response: https://streamsport365.com/cinema 200 
2026-08-01 05:56:35,477 [INFO] Capturing request: https://www.atomsportv510.top/assets/img/player/player_logo_6a5f6c9cb38e0.png
2026-08-01 05:56:35,567 [INFO] Capturing request: https://corestream.siteyaptim.live//bein1/tracks-v1a1/mono.m3u8
2026-08-01 05:56:35,597 [INFO] Capturing response: https://www.atomsportv510.top/assets/img/player/player_logo_6a5f6c9cb38e0.png 200 
2026-08-01 05:56:35,741 [INFO] Capturing response: https://corestream.siteyaptim.live//bein1/tracks-v1a1/mono.m3u8 200 
2026-08-01 05:56:35,980 [INFO] Capturing request: https://global.siteyaptim.live/bein1/tracks-v1a1/2026/08/01/05/56/13-05360.jpg
2026-08-01 05:56:36,430 [INFO] Capturing request: https://android.clients.google.com/checkin
2026-08-01 05:56:36,527 [INFO] Capturing response: https://global.siteyaptim.live/bein1/tracks-v1a1/2026/08/01/05/56/13-05360.jpg 200 
2026-08-01 05:56:36,540 [INFO] Capturing response: https://android.clients.google.com/checkin 200 
2026-08-01 05:56:36,593 [INFO] Capturing request: https://android.clients.google.com/c2dm/register3
2026-08-01 05:56:36,595 [INFO] Capturing request: https://android.clients.google.com/c2dm/register3
2026-08-01 05:56:36,596 [INFO] Capturing request: https://android.clients.google.com/c2dm/register3
2026-08-01 05:56:36,657 [INFO] Capturing response: https://android.clients.google.com/c2dm/register3 301 
2026-08-01 05:56:36,670 [INFO] Capturing response: https://android.clients.google.com/c2dm/register3 200 
2026-08-01 05:56:36,739 [INFO] Capturing request: https://global.siteyaptim.live/bein1/tracks-v1a1/2026/08/01/05/56/19-05400.jpg
2026-08-01 05:56:36,971 [INFO] Capturing response: https://android.clients.google.com/c2dm/register3 200 
2026-08-01 05:56:37,229 [INFO] Capturing response: https://global.siteyaptim.live/bein1/tracks-v1a1/2026/08/01/05/56/19-05400.jpg 200 
2026-08-01 05:56:37,406 [INFO]   ✅ M3U8 bulundu: https://corestream.siteyaptim.live//bein1/tracks-v1a1/mono.m3u8
2026-08-01 05:56:37,430 [INFO] Capturing request: https://global.siteyaptim.live/bein1/tracks-v1a1/2026/08/01/05/56/24-05120.jpg
2026-08-01 05:56:37,918 [INFO] Capturing response: https://global.siteyaptim.live/bein1/tracks-v1a1/2026/08/01/05/56/24-05120.jpg 200 
2026-08-01 05:56:38,113 [INFO] Capturing request: https://global.siteyaptim.live/bein1/tracks-v1a1/2026/08/01/05/56/29-05840.jpg
2026-08-01 05:56:38,406 [INFO] 
[2/14]
2026-08-01 05:56:38,406 [INFO] 🔍 beIN Sports 2 → https://www.atomsportv510.top/matches?id=bein-sports-2
2026-08-01 05:56:38,520 [INFO] Capturing request: https://www.atomsportv510.top/matches?id=bein-sports-2
2026-08-01 05:56:38,640 [INFO] Capturing response: https://global.siteyaptim.live/bein1/tracks-v1a1/2026/08/01/05/56/29-05840.jpg 200 
2026-08-01 05:56:38,814 [INFO] Capturing response: https://www.atomsportv510.top/matches?id=bein-sports-2 200 
2026-08-01 05:56:38,863 [INFO] Capturing request: https://streamsport365.com/cinema
2026-08-01 05:56:38,962 [INFO] Capturing request: https://teletv5.top/load/yayinlink.php?id=bein-sports-2
2026-08-01 05:56:38,965 [INFO] Capturing request: https://www.atomsportv510.top/favicon.ico
2026-08-01 05:56:39,026 [INFO] Capturing response: https://www.atomsportv510.top/favicon.ico 200 
2026-08-01 05:56:39,167 [INFO] Capturing response: https://streamsport365.com/cinema 200 
2026-08-01 05:56:39,285 [INFO] Capturing response: https://teletv5.top/load/yayinlink.php?id=bein-sports-2 200 
2026-08-01 05:56:39,397 [INFO] Capturing request: https://www.atomsportv510.top/assets/img/player/player_logo_6a5f6c9cb38e0.png
2026-08-01 05:56:39,407 [INFO] Capturing request: https://corestream.siteyaptim.live//bein2/tracks-v1a1/mono.m3u8
2026-08-01 05:56:39,530 [INFO] Capturing response: https://www.atomsportv510.top/assets/img/player/player_logo_6a5f6c9cb38e0.png 304 
2026-08-01 05:56:39,565 [INFO] Capturing response: https://corestream.siteyaptim.live//bein2/tracks-v1a1/mono.m3u8 200 
2026-08-01 05:56:39,675 [INFO] Capturing request: https://global.siteyaptim.live/bein2/tracks-v1a1/2026/08/01/05/56/21-05000.jpg
2026-08-01 05:56:40,084 [INFO] Capturing response: https://global.siteyaptim.live/bein2/tracks-v1a1/2026/08/01/05/56/21-05000.jpg 200 
2026-08-01 05:56:40,275 [INFO] Capturing request: https://global.siteyaptim.live/bein2/tracks-v1a1/2026/08/01/05/56/26-05000.jpg
2026-08-01 05:56:40,681 [INFO] Capturing response: https://global.siteyaptim.live/bein2/tracks-v1a1/2026/08/01/05/56/26-05000.jpg 200 
2026-08-01 05:56:40,872 [INFO] Capturing request: https://global.siteyaptim.live/bein2/tracks-v1a1/2026/08/01/05/56/31-05000.jpg
2026-08-01 05:56:41,579 [INFO] Capturing response: https://global.siteyaptim.live/bein2/tracks-v1a1/2026/08/01/05/56/31-05000.jpg 200 
2026-08-01 05:56:41,884 [INFO]   ✅ M3U8 bulundu: https://corestream.siteyaptim.live//bein2/tracks-v1a1/mono.m3u8
2026-08-01 05:56:42,885 [INFO] 
[3/14]
2026-08-01 05:56:42,885 [INFO] 🔍 beIN Sports 3 → https://www.atomsportv510.top/matches?id=bein-sports-3
2026-08-01 05:56:42,994 [INFO] Capturing request: https://www.atomsportv510.top/matches?id=bein-sports-3
2026-08-01 05:56:43,267 [INFO] Capturing response: https://www.atomsportv510.top/matches?id=bein-sports-3 200 
2026-08-01 05:56:43,394 [INFO] Capturing request: https://teletv5.top/load/yayinlink.php?id=bein-sports-3
2026-08-01 05:56:43,398 [INFO] Capturing request: https://www.atomsportv510.top/favicon.ico
2026-08-01 05:56:43,485 [INFO] Capturing response: https://www.atomsportv510.top/favicon.ico 200 
2026-08-01 05:56:43,521 [INFO] Capturing request: https://streamsport365.com/cinema
2026-08-01 05:56:43,574 [INFO] Capturing response: https://teletv5.top/load/yayinlink.php?id=bein-sports-3 200 
2026-08-01 05:56:43,835 [INFO] Capturing response: https://streamsport365.com/cinema 200 
2026-08-01 05:56:43,947 [INFO] Capturing request: https://www.atomsportv510.top/assets/img/player/player_logo_6a5f6c9cb38e0.png
2026-08-01 05:56:43,957 [INFO] Capturing request: https://corestream.siteyaptim.live//bein3/tracks-v1a1/mono.m3u8
2026-08-01 05:56:44,080 [INFO] Capturing response: https://www.atomsportv510.top/assets/img/player/player_logo_6a5f6c9cb38e0.png 304 
2026-08-01 05:56:44,108 [INFO] Capturing response: https://corestream.siteyaptim.live//bein3/tracks-v1a1/mono.m3u8 404 
2026-08-01 05:56:46,233 [INFO] Capturing request: https://corestream.siteyaptim.live//bein3/tracks-v1a1/mono.m3u8
2026-08-01 05:56:46,311 [INFO]   ✅ M3U8 bulundu: https://corestream.siteyaptim.live//bein3/tracks-v1a1/mono.m3u8
2026-08-01 05:56:46,387 [INFO] Capturing response: https://corestream.siteyaptim.live//bein3/tracks-v1a1/mono.m3u8 404 
2026-08-01 05:56:47,312 [INFO] 
[4/14]
2026-08-01 05:56:47,312 [INFO] 🔍 beIN Sports 4 → https://www.atomsportv510.top/matches?id=bein-sports-4
2026-08-01 05:56:47,420 [INFO] Capturing request: https://www.atomsportv510.top/matches?id=bein-sports-4
2026-08-01 05:56:47,680 [INFO] Capturing response: https://www.atomsportv510.top/matches?id=bein-sports-4 200 
2026-08-01 05:56:47,713 [INFO] Capturing request: https://streamsport365.com/cinema
2026-08-01 05:56:47,812 [INFO] Capturing request: https://teletv5.top/load/yayinlink.php?id=bein-sports-4
2026-08-01 05:56:47,814 [INFO] Capturing request: https://www.atomsportv510.top/favicon.ico
2026-08-01 05:56:47,897 [INFO] Capturing response: https://www.atomsportv510.top/favicon.ico 200 
2026-08-01 05:56:48,014 [INFO] Capturing response: https://streamsport365.com/cinema 200 
2026-08-01 05:56:48,043 [INFO] Capturing response: https://teletv5.top/load/yayinlink.php?id=bein-sports-4 200 
2026-08-01 05:56:48,196 [INFO] Capturing request: https://www.atomsportv510.top/assets/img/player/player_logo_6a5f6c9cb38e0.png
2026-08-01 05:56:48,205 [INFO] Capturing request: https://corestream.siteyaptim.live//bein4/tracks-v1a1/mono.m3u8
2026-08-01 05:56:48,370 [INFO] Capturing response: https://corestream.siteyaptim.live//bein4/tracks-v1a1/mono.m3u8 200 
2026-08-01 05:56:48,399 [INFO] Capturing response: https://www.atomsportv510.top/assets/img/player/player_logo_6a5f6c9cb38e0.png 304 
2026-08-01 05:56:48,480 [INFO] Capturing request: https://global.siteyaptim.live/bein4/tracks-v1a1/2026/08/01/05/55/17-05000.jpg
2026-08-01 05:56:48,973 [INFO] Capturing response: https://global.siteyaptim.live/bein4/tracks-v1a1/2026/08/01/05/55/17-05000.jpg 200 
2026-08-01 05:56:49,187 [INFO] Capturing request: https://global.siteyaptim.live/bein4/tracks-v1a1/2026/08/01/05/55/22-05000.jpg
2026-08-01 05:56:49,637 [INFO] Capturing response: https://global.siteyaptim.live/bein4/tracks-v1a1/2026/08/01/05/55/22-05000.jpg 200 
2026-08-01 05:56:49,827 [INFO] Capturing request: https://global.siteyaptim.live/bein4/tracks-v1a1/2026/08/01/05/55/27-05000.jpg
2026-08-01 05:56:50,456 [INFO] Capturing response: https://global.siteyaptim.live/bein4/tracks-v1a1/2026/08/01/05/55/27-05000.jpg 200 
2026-08-01 05:56:50,644 [INFO] Capturing request: https://global.siteyaptim.live/bein4/tracks-v1a1/2026/08/01/05/55/32-06840.jpg
2026-08-01 05:56:50,736 [INFO]   ✅ M3U8 bulundu: https://corestream.siteyaptim.live//bein4/tracks-v1a1/mono.m3u8
2026-08-01 05:56:51,482 [INFO] Capturing response: https://global.siteyaptim.live/bein4/tracks-v1a1/2026/08/01/05/55/32-06840.jpg 200 
2026-08-01 05:56:51,737 [INFO] 
[5/14]
2026-08-01 05:56:51,737 [INFO] 🔍 beIN Sports 5 → https://www.atomsportv510.top/matches?id=bein-sports-5
2026-08-01 05:56:51,846 [INFO] Capturing request: https://www.atomsportv510.top/matches?id=bein-sports-5
2026-08-01 05:56:52,114 [INFO] Capturing response: https://www.atomsportv510.top/matches?id=bein-sports-5 200 
2026-08-01 05:56:52,245 [INFO] Capturing request: https://teletv5.top/load/yayinlink.php?id=bein-sports-5
2026-08-01 05:56:52,246 [INFO] Capturing request: https://www.atomsportv510.top/favicon.ico
2026-08-01 05:56:52,316 [INFO] Capturing response: https://www.atomsportv510.top/favicon.ico 200 
2026-08-01 05:56:52,373 [INFO] Capturing request: https://streamsport365.com/cinema
2026-08-01 05:56:52,426 [INFO] Capturing response: https://teletv5.top/load/yayinlink.php?id=bein-sports-5 200 
2026-08-01 05:56:52,702 [INFO] Capturing response: https://streamsport365.com/cinema 200 
2026-08-01 05:56:52,813 [INFO] Capturing request: https://www.atomsportv510.top/assets/img/player/player_logo_6a5f6c9cb38e0.png
2026-08-01 05:56:52,822 [INFO] Capturing request: https://corestream.siteyaptim.live//bein5/tracks-v1a1/mono.m3u8
2026-08-01 05:56:52,948 [INFO] Capturing response: https://www.atomsportv510.top/assets/img/player/player_logo_6a5f6c9cb38e0.png 304 
2026-08-01 05:56:52,992 [INFO] Capturing response: https://corestream.siteyaptim.live//bein5/tracks-v1a1/mono.m3u8 200 
2026-08-01 05:56:53,101 [INFO] Capturing request: https://global.siteyaptim.live/bein5/tracks-v1a1/2026/08/01/05/56/54-05040.jpg
2026-08-01 05:56:54,279 [INFO] Capturing response: https://global.siteyaptim.live/bein5/tracks-v1a1/2026/08/01/05/56/54-05040.jpg 200 
2026-08-01 05:56:54,562 [INFO] Capturing request: https://global.siteyaptim.live/bein5/tracks-v1a1/2026/08/01/05/56/59-06360.jpg
2026-08-01 05:56:55,162 [INFO]   ✅ M3U8 bulundu: https://corestream.siteyaptim.live//bein5/tracks-v1a1/mono.m3u8
2026-08-01 05:56:56,162 [INFO] 
[6/14]
2026-08-01 05:56:56,163 [INFO] 🔍 beIN Sports Max 1 → https://www.atomsportv510.top/matches?id=bein-sports-max-1
2026-08-01 05:56:56,275 [INFO] Capturing request: https://www.atomsportv510.top/matches?id=bein-sports-max-1
2026-08-01 05:56:56,431 [INFO] Capturing response: https://global.siteyaptim.live/bein5/tracks-v1a1/2026/08/01/05/56/59-06360.jpg 200 
2026-08-01 05:56:56,553 [INFO] Capturing response: https://www.atomsportv510.top/matches?id=bein-sports-max-1 200 
2026-08-01 05:56:56,598 [INFO] Capturing request: https://streamsport365.com/cinema
2026-08-01 05:56:56,696 [INFO] Capturing request: https://teletv5.top/load/yayinlink.php?id=bein-sports-max-1
2026-08-01 05:56:56,698 [INFO] Capturing request: https://www.atomsportv510.top/favicon.ico
2026-08-01 05:56:56,768 [INFO] Capturing response: https://www.atomsportv510.top/favicon.ico 200 
2026-08-01 05:56:56,881 [INFO] Capturing response: https://teletv5.top/load/yayinlink.php?id=bein-sports-max-1 200 
2026-08-01 05:56:56,929 [INFO] Capturing response: https://streamsport365.com/cinema 200 
2026-08-01 05:56:57,040 [INFO] Capturing request: https://www.atomsportv510.top/assets/img/player/player_logo_6a5f6c9cb38e0.png
2026-08-01 05:56:57,050 [INFO] Capturing request: https://corestream.siteyaptim.live//trtspor/tracks-v1a1/mono.m3u8
2026-08-01 05:56:57,169 [INFO] Capturing response: https://www.atomsportv510.top/assets/img/player/player_logo_6a5f6c9cb38e0.png 304 
2026-08-01 05:56:57,204 [INFO] Capturing response: https://corestream.siteyaptim.live//trtspor/tracks-v1a1/mono.m3u8 404 
2026-08-01 05:56:58,230 [INFO] Capturing request: https://android.clients.google.com/c2dm/register3
2026-08-01 05:56:58,819 [INFO] Capturing response: https://android.clients.google.com/c2dm/register3 200 
2026-08-01 05:56:59,364 [INFO] Capturing request: https://corestream.siteyaptim.live//trtspor/tracks-v1a1/mono.m3u8
2026-08-01 05:56:59,515 [INFO] Capturing response: https://corestream.siteyaptim.live//trtspor/tracks-v1a1/mono.m3u8 404 
2026-08-01 05:56:59,609 [INFO]   ✅ M3U8 bulundu: https://corestream.siteyaptim.live//trtspor/tracks-v1a1/mono.m3u8
2026-08-01 05:57:00,609 [INFO] 
[7/14]
2026-08-01 05:57:00,610 [INFO] 🔍 beIN Sports Max 2 → https://www.atomsportv510.top/matches?id=bein-sports-max-2
2026-08-01 05:57:00,719 [INFO] Capturing request: https://www.atomsportv510.top/matches?id=bein-sports-max-2
2026-08-01 05:57:00,983 [INFO] Capturing response: https://www.atomsportv510.top/matches?id=bein-sports-max-2 200 
2026-08-01 05:57:01,121 [INFO] Capturing request: https://teletv5.top/load/yayinlink.php?id=bein-sports-max-2
2026-08-01 05:57:01,123 [INFO] Capturing request: https://www.atomsportv510.top/favicon.ico
2026-08-01 05:57:01,250 [INFO] Capturing request: https://streamsport365.com/cinema
2026-08-01 05:57:01,319 [INFO] Capturing response: https://teletv5.top/load/yayinlink.php?id=bein-sports-max-2 200 
2026-08-01 05:57:01,338 [INFO] Capturing response: https://www.atomsportv510.top/favicon.ico 200 
2026-08-01 05:57:01,550 [INFO] Capturing response: https://streamsport365.com/cinema 200 
2026-08-01 05:57:01,661 [INFO] Capturing request: https://www.atomsportv510.top/assets/img/player/player_logo_6a5f6c9cb38e0.png
2026-08-01 05:57:01,670 [INFO] Capturing request: https://corestream.siteyaptim.live//hls/s-sport.m3u8
2026-08-01 05:57:01,795 [INFO] Capturing response: https://www.atomsportv510.top/assets/img/player/player_logo_6a5f6c9cb38e0.png 304 
2026-08-01 05:57:01,831 [INFO] Capturing response: https://corestream.siteyaptim.live//hls/s-sport.m3u8 404 
2026-08-01 05:57:03,158 [INFO] Capturing request: https://android.clients.google.com/c2dm/register3
2026-08-01 05:57:03,219 [INFO] Capturing response: https://android.clients.google.com/c2dm/register3 301 
2026-08-01 05:57:03,990 [INFO] Capturing request: https://corestream.siteyaptim.live//hls/s-sport.m3u8
2026-08-01 05:57:04,033 [INFO]   ✅ M3U8 bulundu: https://corestream.siteyaptim.live//hls/s-sport.m3u8
2026-08-01 05:57:04,145 [INFO] Capturing response: https://corestream.siteyaptim.live//hls/s-sport.m3u8 404 
2026-08-01 05:57:05,033 [INFO] 
[8/14]
2026-08-01 05:57:05,033 [INFO] 🔍 S Sport → https://www.atomsportv510.top/matches?id=s-sport
2026-08-01 05:57:05,142 [INFO] Capturing request: https://www.atomsportv510.top/matches?id=s-sport
2026-08-01 05:57:05,419 [INFO] Capturing response: https://www.atomsportv510.top/matches?id=s-sport 200 
2026-08-01 05:57:05,453 [INFO] Capturing request: https://streamsport365.com/cinema
2026-08-01 05:57:05,551 [INFO] Capturing request: https://teletv5.top/load/yayinlink.php?id=s-sport
2026-08-01 05:57:05,553 [INFO] Capturing request: https://www.atomsportv510.top/favicon.ico
2026-08-01 05:57:05,611 [INFO] Capturing response: https://www.atomsportv510.top/favicon.ico 200 
2026-08-01 05:57:05,745 [INFO] Capturing response: https://teletv5.top/load/yayinlink.php?id=s-sport 200 
2026-08-01 05:57:05,762 [INFO] Capturing response: https://streamsport365.com/cinema 200 
2026-08-01 05:57:05,896 [INFO] Capturing request: https://www.atomsportv510.top/assets/img/player/player_logo_6a5f6c9cb38e0.png
2026-08-01 05:57:05,904 [INFO] Capturing request: https://corestream.siteyaptim.live//s-sport/tracks-v1a1/mono.m3u8
2026-08-01 05:57:06,025 [INFO] Capturing response: https://www.atomsportv510.top/assets/img/player/player_logo_6a5f6c9cb38e0.png 304 
2026-08-01 05:57:06,061 [INFO] Capturing response: https://corestream.siteyaptim.live//s-sport/tracks-v1a1/mono.m3u8 200 
2026-08-01 05:57:06,171 [INFO] Capturing request: https://global.siteyaptim.live/s-sport/tracks-v1a1/2026/08/01/05/57/53-05000.jpg
2026-08-01 05:57:06,640 [INFO] Capturing response: https://global.siteyaptim.live/s-sport/tracks-v1a1/2026/08/01/05/57/53-05000.jpg 200 
2026-08-01 05:57:06,832 [INFO] Capturing request: https://global.siteyaptim.live/s-sport/tracks-v1a1/2026/08/01/05/57/58-06320.jpg
2026-08-01 05:57:07,269 [INFO] Capturing response: https://global.siteyaptim.live/s-sport/tracks-v1a1/2026/08/01/05/57/58-06320.jpg 200 
2026-08-01 05:57:07,467 [INFO] Capturing request: https://global.siteyaptim.live/s-sport/tracks-v1a1/2026/08/01/05/58/05-07000.jpg
2026-08-01 05:57:07,982 [INFO] Capturing response: https://global.siteyaptim.live/s-sport/tracks-v1a1/2026/08/01/05/58/05-07000.jpg 200 
2026-08-01 05:57:08,188 [INFO] Capturing request: https://global.siteyaptim.live/s-sport/tracks-v1a1/2026/08/01/05/58/12-05000.jpg
2026-08-01 05:57:08,470 [INFO]   ✅ M3U8 bulundu: https://corestream.siteyaptim.live//s-sport/tracks-v1a1/mono.m3u8
2026-08-01 05:57:08,554 [INFO] Capturing response: https://global.siteyaptim.live/s-sport/tracks-v1a1/2026/08/01/05/58/12-05000.jpg 200 
2026-08-01 05:57:09,470 [INFO] 
[9/14]
2026-08-01 05:57:09,471 [INFO] 🔍 S Sport 2 → https://www.atomsportv510.top/matches?id=s-sport-2
2026-08-01 05:57:09,579 [INFO] Capturing request: https://www.atomsportv510.top/matches?id=s-sport-2
2026-08-01 05:57:09,841 [INFO] Capturing response: https://www.atomsportv510.top/matches?id=s-sport-2 200 
2026-08-01 05:57:09,977 [INFO] Capturing request: https://teletv5.top/load/yayinlink.php?id=s-sport-2
2026-08-01 05:57:09,978 [INFO] Capturing request: https://www.atomsportv510.top/favicon.ico
2026-08-01 05:57:10,030 [INFO] Capturing response: https://www.atomsportv510.top/favicon.ico 200 
2026-08-01 05:57:10,102 [INFO] Capturing request: https://streamsport365.com/cinema
2026-08-01 05:57:10,165 [INFO] Capturing response: https://teletv5.top/load/yayinlink.php?id=s-sport-2 200 
2026-08-01 05:57:10,412 [INFO] Capturing response: https://streamsport365.com/cinema 200 
2026-08-01 05:57:10,524 [INFO] Capturing request: https://www.atomsportv510.top/assets/img/player/player_logo_6a5f6c9cb38e0.png
2026-08-01 05:57:10,535 [INFO] Capturing request: https://corestream.siteyaptim.live//s-sport-2/tracks-v1a1/mono.m3u8
2026-08-01 05:57:10,648 [INFO] Capturing response: https://www.atomsportv510.top/assets/img/player/player_logo_6a5f6c9cb38e0.png 304 
2026-08-01 05:57:10,700 [INFO] Capturing response: https://corestream.siteyaptim.live//s-sport-2/tracks-v1a1/mono.m3u8 404 
2026-08-01 05:57:12,860 [INFO] Capturing request: https://corestream.siteyaptim.live//s-sport-2/tracks-v1a1/mono.m3u8
2026-08-01 05:57:12,891 [INFO]   ✅ M3U8 bulundu: https://corestream.siteyaptim.live//s-sport-2/tracks-v1a1/mono.m3u8
2026-08-01 05:57:13,009 [INFO] Capturing response: https://corestream.siteyaptim.live//s-sport-2/tracks-v1a1/mono.m3u8 404 
2026-08-01 05:57:13,891 [INFO] 
[10/14]
2026-08-01 05:57:13,891 [INFO] 🔍 A Spor → https://www.atomsportv510.top/matches?id=a-spor
2026-08-01 05:57:14,000 [INFO] Capturing request: https://www.atomsportv510.top/matches?id=a-spor
2026-08-01 05:57:14,276 [INFO] Capturing response: https://www.atomsportv510.top/matches?id=a-spor 200 
2026-08-01 05:57:14,307 [INFO] Capturing request: https://streamsport365.com/cinema
2026-08-01 05:57:14,410 [INFO] Capturing request: https://www.atomsportv510.top/favicon.ico
2026-08-01 05:57:14,411 [INFO] Capturing request: https://teletv5.top/load/yayinlink.php?id=a-spor
2026-08-01 05:57:14,465 [INFO] Capturing response: https://www.atomsportv510.top/favicon.ico 200 
2026-08-01 05:57:14,607 [INFO] Capturing response: https://teletv5.top/load/yayinlink.php?id=a-spor 200 
2026-08-01 05:57:14,622 [INFO] Capturing response: https://streamsport365.com/cinema 200 
2026-08-01 05:57:14,758 [INFO] Capturing request: https://www.atomsportv510.top/assets/img/player/player_logo_6a5f6c9cb38e0.png
2026-08-01 05:57:14,768 [INFO] Capturing request: https://corestream.siteyaptim.live//aspor/tracks-v1a1/mono.m3u8
2026-08-01 05:57:14,883 [INFO] Capturing response: https://www.atomsportv510.top/assets/img/player/player_logo_6a5f6c9cb38e0.png 304 
2026-08-01 05:57:14,946 [INFO] Capturing response: https://corestream.siteyaptim.live//aspor/tracks-v1a1/mono.m3u8 404 
2026-08-01 05:57:17,107 [INFO] Capturing request: https://corestream.siteyaptim.live//aspor/tracks-v1a1/mono.m3u8
2026-08-01 05:57:17,264 [INFO] Capturing response: https://corestream.siteyaptim.live//aspor/tracks-v1a1/mono.m3u8 404 
2026-08-01 05:57:17,321 [INFO]   ✅ M3U8 bulundu: https://corestream.siteyaptim.live//aspor/tracks-v1a1/mono.m3u8
2026-08-01 05:57:18,321 [INFO] 
[11/14]
2026-08-01 05:57:18,322 [INFO] 🔍 Tivibu Spor 1 → https://www.atomsportv510.top/matches?id=tivibu-spor-1
2026-08-01 05:57:18,431 [INFO] Capturing request: https://www.atomsportv510.top/matches?id=tivibu-spor-1
2026-08-01 05:57:18,690 [INFO] Capturing response: https://www.atomsportv510.top/matches?id=tivibu-spor-1 200 
2026-08-01 05:57:18,823 [INFO] Capturing request: https://teletv5.top/load/yayinlink.php?id=tivibu-spor-1
2026-08-01 05:57:18,825 [INFO] Capturing request: https://www.atomsportv510.top/favicon.ico
2026-08-01 05:57:18,869 [INFO] Capturing response: https://www.atomsportv510.top/favicon.ico 200 
2026-08-01 05:57:18,952 [INFO] Capturing request: https://streamsport365.com/cinema
2026-08-01 05:57:19,001 [INFO] Capturing response: https://teletv5.top/load/yayinlink.php?id=tivibu-spor-1 200 
2026-08-01 05:57:19,260 [INFO] Capturing response: https://streamsport365.com/cinema 200 
2026-08-01 05:57:33,173 [INFO] Capturing request: https://update.googleapis.com/service/update2/json?cup2key=16:gtF8MIMUNzPUYi5H41VCTA0iXs7w9f7QzXrfV6t9cPc&cup2hreq=730e47ef49128ed4c00e4986d0fd7d6a126c392ebe84a3d6c98d3ea3003f124c
2026-08-01 05:57:33,234 [INFO] Capturing response: https://update.googleapis.com/service/update2/json?cup2key=16:gtF8MIMUNzPUYi5H41VCTA0iXs7w9f7QzXrfV6t9cPc&cup2hreq=730e47ef49128ed4c00e4986d0fd7d6a126c392ebe84a3d6c98d3ea3003f124c 200 
2026-08-01 05:57:33,241 [INFO] Capturing request: http://edgedl.me.gvt1.com/edgedl/diffgen-puffin/gcmjkmgdlgnkkcocmoeiminaijmmjnii/6ca5bdb9f3e2cd83b7e359729bc6c33c4fe975ec499861d969b3e080320849ff
2026-08-01 05:57:33,347 [INFO] Capturing response: http://edgedl.me.gvt1.com/edgedl/diffgen-puffin/gcmjkmgdlgnkkcocmoeiminaijmmjnii/6ca5bdb9f3e2cd83b7e359729bc6c33c4fe975ec499861d969b3e080320849ff 200 OK
2026-08-01 05:57:33,374 [INFO] Capturing request: https://update.googleapis.com/service/update2/json
2026-08-01 05:57:33,431 [INFO] Capturing response: https://update.googleapis.com/service/update2/json 200 
2026-08-01 05:57:33,475 [INFO] Capturing request: http://edgedl.me.gvt1.com/edgedl/release2/chrome_component/adtqstzartqiijkk7mcf25ewriqq_10686/hfnkpimlhhgieaddgfemjhofmfblmnib_10686_all_gfa65k7pxgo2pjh3taoxdpcicy.crx3
2026-08-01 05:57:33,625 [INFO] Capturing response: http://edgedl.me.gvt1.com/edgedl/release2/chrome_component/adtqstzartqiijkk7mcf25ewriqq_10686/hfnkpimlhhgieaddgfemjhofmfblmnib_10686_all_gfa65k7pxgo2pjh3taoxdpcicy.crx3 200 OK
2026-08-01 05:57:33,652 [INFO] Capturing request: https://update.googleapis.com/service/update2/json
2026-08-01 05:57:33,689 [INFO] Capturing response: https://update.googleapis.com/service/update2/json 200 
2026-08-01 05:57:51,988 [WARNING]   ❌ Tivibu Spor 1 için M3U8 bulunamadı
2026-08-01 05:57:52,988 [INFO] 
[12/14]
2026-08-01 05:57:52,988 [INFO] 🔍 Tivibu Spor 2 → https://www.atomsportv510.top/matches?id=tivibu-spor-2
2026-08-01 05:57:53,135 [INFO] Capturing request: https://android.clients.google.com/c2dm/register3
2026-08-01 05:57:53,135 [INFO] Capturing request: https://www.atomsportv510.top/matches?id=tivibu-spor-2
2026-08-01 05:57:53,187 [INFO] Capturing response: https://android.clients.google.com/c2dm/register3 301 
2026-08-01 05:57:53,553 [INFO] Capturing response: https://www.atomsportv510.top/matches?id=tivibu-spor-2 200 
2026-08-01 05:57:53,714 [INFO] Capturing request: https://www.atomsportv510.top/favicon.ico
2026-08-01 05:57:53,750 [INFO] Capturing request: https://teletv5.top/load/yayinlink.php?id=tivibu-spor-2
2026-08-01 05:57:53,775 [INFO] Capturing response: https://www.atomsportv510.top/favicon.ico 200 
2026-08-01 05:57:53,961 [INFO] Capturing response: https://teletv5.top/load/yayinlink.php?id=tivibu-spor-2 200 
2026-08-01 05:57:54,276 [INFO] Capturing request: https://streamsport365.com/cinema
2026-08-01 05:57:54,572 [INFO] Capturing response: https://streamsport365.com/cinema 200 
2026-08-01 05:58:26,840 [WARNING]   ❌ Tivibu Spor 2 için M3U8 bulunamadı
2026-08-01 05:58:27,841 [INFO] 
[13/14]
2026-08-01 05:58:27,841 [INFO] 🔍 Tivibu Spor 3 → https://www.atomsportv510.top/matches?id=tivibu-spor-3
2026-08-01 05:58:27,950 [INFO] Capturing request: https://www.atomsportv510.top/matches?id=tivibu-spor-3
2026-08-01 05:58:28,650 [INFO] Capturing response: https://www.atomsportv510.top/matches?id=tivibu-spor-3 200 
2026-08-01 05:58:28,799 [INFO] Capturing request: https://teletv5.top/load/yayinlink.php?id=tivibu-spor-3
2026-08-01 05:58:28,810 [INFO] Capturing request: https://www.atomsportv510.top/favicon.ico
2026-08-01 05:58:28,870 [INFO] Capturing response: https://www.atomsportv510.top/favicon.ico 200 
2026-08-01 05:58:28,927 [INFO] Capturing request: https://streamsport365.com/cinema
2026-08-01 05:58:29,129 [INFO] Capturing response: https://teletv5.top/load/yayinlink.php?id=tivibu-spor-3 200 
2026-08-01 05:58:29,233 [INFO] Capturing response: https://streamsport365.com/cinema 200 
2026-08-01 05:59:01,926 [WARNING]   ❌ Tivibu Spor 3 için M3U8 bulunamadı
2026-08-01 05:59:02,927 [INFO] 
[14/14]
2026-08-01 05:59:02,927 [INFO] 🔍 Tivibu Spor 4 → https://www.atomsportv510.top/matches?id=tivibu-spor-4
2026-08-01 05:59:03,035 [INFO] Capturing request: https://www.atomsportv510.top/matches?id=tivibu-spor-4
2026-08-01 05:59:03,490 [INFO] Capturing response: https://www.atomsportv510.top/matches?id=tivibu-spor-4 200 
2026-08-01 05:59:03,625 [INFO] Capturing request: https://teletv5.top/load/yayinlink.php?id=tivibu-spor-4
2026-08-01 05:59:03,629 [INFO] Capturing request: https://www.atomsportv510.top/favicon.ico
2026-08-01 05:59:03,678 [INFO] Capturing response: https://www.atomsportv510.top/favicon.ico 200 
2026-08-01 05:59:03,754 [INFO] Capturing request: https://streamsport365.com/cinema
2026-08-01 05:59:03,810 [INFO] Capturing response: https://teletv5.top/load/yayinlink.php?id=tivibu-spor-4 200 
2026-08-01 05:59:04,053 [INFO] Capturing response: https://streamsport365.com/cinema 200 
2026-08-01 05:59:18,293 [INFO] Capturing request: https://android.clients.google.com/c2dm/register3
2026-08-01 05:59:18,352 [INFO] Capturing response: https://android.clients.google.com/c2dm/register3 301 
2026-08-01 05:59:36,756 [WARNING]   ❌ Tivibu Spor 4 için M3U8 bulunamadı
2026-08-01 05:59:37,815 [INFO] ✅ 10 kanal bulundu, playlist.m3u kaydedildi
