2026-09-10 05:07:56,129 [INFO] 🌐 BASE_URL: https://www.atomsportv514.top
2026-09-10 05:07:56,982 [INFO] Başlanıyor... 14 kanal taranacak
2026-09-10 05:07:56,983 [INFO] Using default request storage
2026-09-10 05:07:56,987 [INFO] Created proxy listening on 127.0.0.1:36751
2026-09-10 05:07:57,659 [INFO] Capturing request: http://clients2.google.com/time/1/current?cup2key=10:MxLUDlRI21xkW6-Z0ScLPzk8C1moZ1J_qrgn15vNmV4&cup2hreq=e3b0c44298fc1c149afbf4c8996fb92427ae41e4649b934ca495991b7852b855
2026-09-10 05:07:57,728 [INFO] Capturing response: http://clients2.google.com/time/1/current?cup2key=10:MxLUDlRI21xkW6-Z0ScLPzk8C1moZ1J_qrgn15vNmV4&cup2hreq=e3b0c44298fc1c149afbf4c8996fb92427ae41e4649b934ca495991b7852b855 200 OK
2026-09-10 05:07:57,932 [INFO] 
[1/14]
2026-09-10 05:07:57,932 [INFO] 🔍 beIN Sports 1 → https://www.atomsportv514.top/matches?id=bein-sports-1
2026-09-10 05:07:58,037 [INFO] Capturing request: https://update.googleapis.com/service/update2/json?cup2key=ML-DSA-44-16:3Q2QGdgbO_RBtPkAo3VY-4i-xCPKit0RM_4OOK63hdQ&cup2hreq=592b4e965ae3e71d25f133db55afc644447898fbfdd22351c2a9448c700c6c0d
2026-09-10 05:07:58,041 [INFO] Capturing request: https://accounts.google.com/ListAccounts?gpsia=1&source=ChromiumBrowser&json=standard&laf=b64bin
2026-09-10 05:07:58,139 [INFO] Capturing response: https://update.googleapis.com/service/update2/json?cup2key=ML-DSA-44-16:3Q2QGdgbO_RBtPkAo3VY-4i-xCPKit0RM_4OOK63hdQ&cup2hreq=592b4e965ae3e71d25f133db55afc644447898fbfdd22351c2a9448c700c6c0d 200 
2026-09-10 05:07:58,146 [INFO] Capturing request: https://www.google.com/async/folae?async=_fmt:pb&udm=50&client_locale=en-US&client_country=ZZ
2026-09-10 05:07:58,152 [INFO] Capturing response: https://accounts.google.com/ListAccounts?gpsia=1&source=ChromiumBrowser&json=standard&laf=b64bin 200 
2026-09-10 05:07:58,177 [INFO] Capturing response: https://www.google.com/async/folae?async=_fmt:pb&udm=50&client_locale=en-US&client_country=ZZ 200 
2026-09-10 05:07:58,195 [INFO] Capturing request: https://update.googleapis.com/service/update2/json?cup2key=ML-DSA-44-16:hfoBCqndUb7avTOqPaNz5dZVcvgMBN2faAZxq6kv2QA&cup2hreq=14f125df65be6c1399221400749d7bc019757b6b040fb66bae665cc3d6372c37
2026-09-10 05:07:58,257 [INFO] Capturing request: https://www.atomsportv514.top/matches?id=bein-sports-1
2026-09-10 05:07:58,271 [INFO] Capturing response: https://update.googleapis.com/service/update2/json?cup2key=ML-DSA-44-16:hfoBCqndUb7avTOqPaNz5dZVcvgMBN2faAZxq6kv2QA&cup2hreq=14f125df65be6c1399221400749d7bc019757b6b040fb66bae665cc3d6372c37 200 
2026-09-10 05:07:58,324 [INFO] Capturing request: https://update.googleapis.com/service/update2/json?cup2key=ML-DSA-44-16:FWFob_RUUg_SEr244fHKBj8WyoDF-VfNvdYQLMMn61E&cup2hreq=60dc7b781e3ba45ffeb6e9ba9ff5539fd3c3cf8fc7a555600ee3f03103581f20
2026-09-10 05:07:58,402 [INFO] Capturing response: https://update.googleapis.com/service/update2/json?cup2key=ML-DSA-44-16:FWFob_RUUg_SEr244fHKBj8WyoDF-VfNvdYQLMMn61E&cup2hreq=60dc7b781e3ba45ffeb6e9ba9ff5539fd3c3cf8fc7a555600ee3f03103581f20 200 
2026-09-10 05:07:58,407 [INFO] Capturing request: https://www.google.com/async/folae?async=_fmt:pb&udm=50&client_locale=en-US&client_country=ZZ
2026-09-10 05:07:58,435 [INFO] Capturing response: https://www.google.com/async/folae?async=_fmt:pb&udm=50&client_locale=en-US&client_country=ZZ 200 
2026-09-10 05:07:58,877 [INFO] Capturing response: https://www.atomsportv514.top/matches?id=bein-sports-1 200 
2026-09-10 05:07:59,094 [INFO] Capturing request: https://cdn.jsdelivr.net/npm/@clappr/player@0.11.16/dist/clappr.min.js
2026-09-10 05:07:59,102 [INFO] Capturing request: https://cdn.jsdelivr.net/npm/@clappr/hlsjs-playback@1.8.3/dist/hlsjs-playback.min.js
2026-09-10 05:07:59,103 [INFO] Capturing request: https://cdn.jsdelivr.net/npm/level-selector/dist/level-selector.min.js
2026-09-10 05:07:59,134 [INFO] Capturing response: https://cdn.jsdelivr.net/npm/level-selector/dist/level-selector.min.js 200 
2026-09-10 05:07:59,191 [INFO] Capturing response: https://cdn.jsdelivr.net/npm/@clappr/player@0.11.16/dist/clappr.min.js 200 
2026-09-10 05:07:59,308 [INFO] Capturing response: https://cdn.jsdelivr.net/npm/@clappr/hlsjs-playback@1.8.3/dist/hlsjs-playback.min.js 200 
2026-09-10 05:07:59,474 [INFO] Capturing request: https://www.atomsportv514.top/favicon.ico
2026-09-10 05:07:59,575 [INFO] Capturing response: https://www.atomsportv514.top/favicon.ico 200 
2026-09-10 05:07:59,795 [INFO] Capturing request: https://teletv5.top/load/yayinlink.php?id=bein-sports-1
2026-09-10 05:08:00,008 [INFO] Capturing request: https://streamsport365.com/cinema
2026-09-10 05:08:00,324 [INFO] Capturing response: https://streamsport365.com/cinema 200 
2026-09-10 05:08:00,335 [INFO] Capturing response: https://teletv5.top/load/yayinlink.php?id=bein-sports-1 200 
2026-09-10 05:08:00,507 [INFO] Capturing request: https://www.atomsportv514.top/assets/img/player/player_logo_6a87a2e2eecc5.png
2026-09-10 05:08:00,661 [INFO] Capturing response: https://www.atomsportv514.top/assets/img/player/player_logo_6a87a2e2eecc5.png 200 
2026-09-10 05:08:00,664 [INFO] Capturing request: https://corestream.d72377a9ds0ec71.cfd//beintv/tracks-v1a1/mono.m3u8
2026-09-10 05:08:01,014 [INFO] Capturing response: https://corestream.d72377a9ds0ec71.cfd//beintv/tracks-v1a1/mono.m3u8 200 
2026-09-10 05:08:01,393 [INFO] Capturing request: https://global.d72377a9ds0ec71.cfd/beintv/tracks-v1a1/2026/09/10/05/07/44-05420.jpg
2026-09-10 05:08:01,477 [INFO] Capturing request: https://android.clients.google.com/checkin
2026-09-10 05:08:01,589 [INFO] Capturing response: https://android.clients.google.com/checkin 200 
2026-09-10 05:08:01,642 [INFO] Capturing request: https://android.clients.google.com/c2dm/register3
2026-09-10 05:08:01,643 [INFO] Capturing request: https://android.clients.google.com/c2dm/register3
2026-09-10 05:08:01,644 [INFO] Capturing request: https://android.clients.google.com/c2dm/register3
2026-09-10 05:08:01,705 [INFO] Capturing response: https://android.clients.google.com/c2dm/register3 301 
2026-09-10 05:08:02,393 [INFO]   ✅ M3U8 bulundu: https://corestream.d72377a9ds0ec71.cfd//beintv/tracks-v1a1/mono.m3u8
2026-09-10 05:08:02,916 [INFO] Capturing response: https://android.clients.google.com/c2dm/register3 200 
2026-09-10 05:08:03,080 [INFO] Capturing response: https://android.clients.google.com/c2dm/register3 200 
2026-09-10 05:08:03,394 [INFO] 
[2/14]
2026-09-10 05:08:03,394 [INFO] 🔍 beIN Sports 2 → https://www.atomsportv514.top/matches?id=bein-sports-2
2026-09-10 05:08:03,507 [INFO] Capturing request: https://www.atomsportv514.top/matches?id=bein-sports-2
2026-09-10 05:08:03,780 [INFO] Capturing response: https://www.atomsportv514.top/matches?id=bein-sports-2 200 
2026-09-10 05:08:03,825 [INFO] Capturing request: https://streamsport365.com/cinema
2026-09-10 05:08:03,933 [INFO] Capturing request: https://www.atomsportv514.top/favicon.ico
2026-09-10 05:08:03,934 [INFO] Capturing request: https://teletv5.top/load/yayinlink.php?id=bein-sports-2
2026-09-10 05:08:04,015 [INFO] Capturing response: https://www.atomsportv514.top/favicon.ico 200 
2026-09-10 05:08:04,155 [INFO] Capturing response: https://streamsport365.com/cinema 200 
2026-09-10 05:08:04,258 [INFO] Capturing response: https://teletv5.top/load/yayinlink.php?id=bein-sports-2 200 
2026-09-10 05:08:04,369 [INFO] Capturing request: https://www.atomsportv514.top/assets/img/player/player_logo_6a87a2e2eecc5.png
2026-09-10 05:08:04,378 [INFO] Capturing request: https://corestream.d72377a9ds0ec71.cfd//bein2/tracks-v1a1/mono.m3u8
2026-09-10 05:08:04,538 [INFO] Capturing response: https://www.atomsportv514.top/assets/img/player/player_logo_6a87a2e2eecc5.png 304 
2026-09-10 05:08:04,566 [INFO] Capturing response: https://global.d72377a9ds0ec71.cfd/beintv/tracks-v1a1/2026/09/10/05/07/44-05420.jpg 200 
2026-09-10 05:08:04,612 [INFO] Capturing response: https://corestream.d72377a9ds0ec71.cfd//bein2/tracks-v1a1/mono.m3u8 200 
2026-09-10 05:08:04,723 [INFO] Capturing request: https://global.d72377a9ds0ec71.cfd/bein2/tracks-v1a1/2026/09/10/05/07/53-10000.jpg
2026-09-10 05:08:06,843 [INFO]   ✅ M3U8 bulundu: https://corestream.d72377a9ds0ec71.cfd//bein2/tracks-v1a1/mono.m3u8
2026-09-10 05:08:07,843 [INFO] 
[3/14]
2026-09-10 05:08:07,844 [INFO] 🔍 beIN Sports 3 → https://www.atomsportv514.top/matches?id=bein-sports-3
2026-09-10 05:08:07,952 [INFO] Capturing request: https://www.atomsportv514.top/matches?id=bein-sports-3
2026-09-10 05:08:08,230 [INFO] Capturing response: https://www.atomsportv514.top/matches?id=bein-sports-3 200 
2026-09-10 05:08:08,360 [INFO] Capturing request: https://www.atomsportv514.top/favicon.ico
2026-09-10 05:08:08,361 [INFO] Capturing request: https://teletv5.top/load/yayinlink.php?id=bein-sports-3
2026-09-10 05:08:08,443 [INFO] Capturing response: https://www.atomsportv514.top/favicon.ico 200 
2026-09-10 05:08:08,497 [INFO] Capturing request: https://streamsport365.com/cinema
2026-09-10 05:08:08,639 [INFO] Capturing response: https://teletv5.top/load/yayinlink.php?id=bein-sports-3 200 
2026-09-10 05:08:08,824 [INFO] Capturing response: https://streamsport365.com/cinema 200 
2026-09-10 05:08:08,934 [INFO] Capturing request: https://www.atomsportv514.top/assets/img/player/player_logo_6a87a2e2eecc5.png
2026-09-10 05:08:08,943 [INFO] Capturing request: https://corestream.d72377a9ds0ec71.cfd//bein3/tracks-v1a1/mono.m3u8
2026-09-10 05:08:09,101 [INFO] Capturing response: https://www.atomsportv514.top/assets/img/player/player_logo_6a87a2e2eecc5.png 304 
2026-09-10 05:08:09,190 [INFO] Capturing response: https://corestream.d72377a9ds0ec71.cfd//bein3/tracks-v1a1/mono.m3u8 200 
2026-09-10 05:08:09,300 [INFO] Capturing request: https://global.d72377a9ds0ec71.cfd/bein3/tracks-v1a1/2026/09/10/05/07/44-10000.jpg
2026-09-10 05:08:11,271 [INFO]   ✅ M3U8 bulundu: https://corestream.d72377a9ds0ec71.cfd//bein3/tracks-v1a1/mono.m3u8
2026-09-10 05:08:12,271 [INFO] 
[4/14]
2026-09-10 05:08:12,272 [INFO] 🔍 beIN Sports 4 → https://www.atomsportv514.top/matches?id=bein-sports-4
2026-09-10 05:08:12,379 [INFO] Capturing request: https://www.atomsportv514.top/matches?id=bein-sports-4
2026-09-10 05:08:12,658 [INFO] Capturing response: https://www.atomsportv514.top/matches?id=bein-sports-4 200 
2026-09-10 05:08:12,686 [INFO] Capturing request: https://streamsport365.com/cinema
2026-09-10 05:08:12,784 [INFO] Capturing request: https://teletv5.top/load/yayinlink.php?id=bein-sports-4
2026-09-10 05:08:12,788 [INFO] Capturing request: https://www.atomsportv514.top/favicon.ico
2026-09-10 05:08:12,874 [INFO] Capturing response: https://www.atomsportv514.top/favicon.ico 200 
2026-09-10 05:08:13,033 [INFO] Capturing response: https://streamsport365.com/cinema 200 
2026-09-10 05:08:13,063 [INFO] Capturing response: https://teletv5.top/load/yayinlink.php?id=bein-sports-4 200 
2026-09-10 05:08:13,215 [INFO] Capturing request: https://www.atomsportv514.top/assets/img/player/player_logo_6a87a2e2eecc5.png
2026-09-10 05:08:13,225 [INFO] Capturing request: https://corestream.d72377a9ds0ec71.cfd//bein4/tracks-v1a1/mono.m3u8
2026-09-10 05:08:13,383 [INFO] Capturing response: https://www.atomsportv514.top/assets/img/player/player_logo_6a87a2e2eecc5.png 304 
2026-09-10 05:08:13,486 [INFO] Capturing response: https://corestream.d72377a9ds0ec71.cfd//bein4/tracks-v1a1/mono.m3u8 200 
2026-09-10 05:08:13,635 [INFO] Capturing request: https://global.d72377a9ds0ec71.cfd/bein4/tracks-v1a1/2026/09/10/05/08/13-10000.jpg
2026-09-10 05:08:14,614 [INFO] Capturing response: https://global.d72377a9ds0ec71.cfd/bein2/tracks-v1a1/2026/09/10/05/07/53-10000.jpg 200 
2026-09-10 05:08:14,648 [INFO] 127.0.0.1:43826: ProtocolException("Error in HTTP connection: Http2ZombieException('Connection or stream already dead: 1789016894.648136, False')")
2026-09-10 05:08:15,700 [INFO]   ✅ M3U8 bulundu: https://corestream.d72377a9ds0ec71.cfd//bein4/tracks-v1a1/mono.m3u8
2026-09-10 05:08:16,700 [INFO] 
[5/14]
2026-09-10 05:08:16,700 [INFO] 🔍 beIN Sports 5 → https://www.atomsportv514.top/matches?id=bein-sports-5
2026-09-10 05:08:16,809 [INFO] Capturing request: https://www.atomsportv514.top/matches?id=bein-sports-5
2026-09-10 05:08:17,087 [INFO] Capturing response: https://www.atomsportv514.top/matches?id=bein-sports-5 200 
2026-09-10 05:08:17,218 [INFO] Capturing request: https://teletv5.top/load/yayinlink.php?id=bein-sports-5
2026-09-10 05:08:17,221 [INFO] Capturing request: https://www.atomsportv514.top/favicon.ico
2026-09-10 05:08:17,274 [INFO] Capturing response: https://global.d72377a9ds0ec71.cfd/bein3/tracks-v1a1/2026/09/10/05/07/44-10000.jpg 200 
2026-09-10 05:08:17,311 [INFO] Capturing response: https://www.atomsportv514.top/favicon.ico 200 
2026-09-10 05:08:17,315 [INFO] 127.0.0.1:43826: ProtocolException("Error in HTTP connection: Http2ZombieException('Connection or stream already dead: 1789016897.3131468, False')")
2026-09-10 05:08:17,357 [INFO] Capturing request: https://streamsport365.com/cinema
2026-09-10 05:08:17,487 [INFO] Capturing response: https://teletv5.top/load/yayinlink.php?id=bein-sports-5 200 
2026-09-10 05:08:17,685 [INFO] Capturing response: https://streamsport365.com/cinema 200 
2026-09-10 05:08:17,795 [INFO] Capturing request: https://www.atomsportv514.top/assets/img/player/player_logo_6a87a2e2eecc5.png
2026-09-10 05:08:17,806 [INFO] Capturing request: https://corestream.d72377a9ds0ec71.cfd//bein5/tracks-v1a1/mono.m3u8
2026-09-10 05:08:17,961 [INFO] Capturing response: https://www.atomsportv514.top/assets/img/player/player_logo_6a87a2e2eecc5.png 304 
2026-09-10 05:08:18,080 [INFO] Capturing response: https://corestream.d72377a9ds0ec71.cfd//bein5/tracks-v1a1/mono.m3u8 404 
2026-09-10 05:08:18,686 [INFO] Capturing response: https://global.d72377a9ds0ec71.cfd/bein4/tracks-v1a1/2026/09/10/05/08/13-10000.jpg 200 
2026-09-10 05:08:20,129 [INFO]   ✅ M3U8 bulundu: https://corestream.d72377a9ds0ec71.cfd//bein5/tracks-v1a1/mono.m3u8
2026-09-10 05:08:20,205 [INFO] Capturing request: https://corestream.d72377a9ds0ec71.cfd//bein5/tracks-v1a1/mono.m3u8
2026-09-10 05:08:20,451 [INFO] Capturing response: https://corestream.d72377a9ds0ec71.cfd//bein5/tracks-v1a1/mono.m3u8 404 
2026-09-10 05:08:21,129 [INFO] 
[6/14]
2026-09-10 05:08:21,129 [INFO] 🔍 beIN Sports Max 1 → https://www.atomsportv514.top/matches?id=bein-sports-max-1
2026-09-10 05:08:21,237 [INFO] Capturing request: https://www.atomsportv514.top/matches?id=bein-sports-max-1
2026-09-10 05:08:21,514 [INFO] Capturing response: https://www.atomsportv514.top/matches?id=bein-sports-max-1 200 
2026-09-10 05:08:21,542 [INFO] Capturing request: https://streamsport365.com/cinema
2026-09-10 05:08:21,642 [INFO] Capturing request: https://teletv5.top/load/yayinlink.php?id=bein-sports-max-1
2026-09-10 05:08:21,644 [INFO] Capturing request: https://www.atomsportv514.top/favicon.ico
2026-09-10 05:08:21,750 [INFO] Capturing response: https://www.atomsportv514.top/favicon.ico 200 
2026-09-10 05:08:21,865 [INFO] Capturing response: https://streamsport365.com/cinema 200 
2026-09-10 05:08:21,919 [INFO] Capturing response: https://teletv5.top/load/yayinlink.php?id=bein-sports-max-1 200 
2026-09-10 05:08:22,069 [INFO] Capturing request: https://www.atomsportv514.top/assets/img/player/player_logo_6a87a2e2eecc5.png
2026-09-10 05:08:22,078 [INFO] Capturing request: https://corestream.d72377a9ds0ec71.cfd//beinmax1/tracks-v1a1/mono.m3u8
2026-09-10 05:08:22,141 [INFO] Capturing request: https://android.clients.google.com/c2dm/register3
2026-09-10 05:08:22,202 [INFO] Capturing response: https://android.clients.google.com/c2dm/register3 301 
2026-09-10 05:08:22,238 [INFO] Capturing response: https://www.atomsportv514.top/assets/img/player/player_logo_6a87a2e2eecc5.png 304 
2026-09-10 05:08:22,338 [INFO] Capturing response: https://corestream.d72377a9ds0ec71.cfd//beinmax1/tracks-v1a1/mono.m3u8 404 
2026-09-10 05:08:24,457 [INFO] Capturing request: https://corestream.d72377a9ds0ec71.cfd//beinmax1/tracks-v1a1/mono.m3u8
2026-09-10 05:08:24,553 [INFO]   ✅ M3U8 bulundu: https://corestream.d72377a9ds0ec71.cfd//beinmax1/tracks-v1a1/mono.m3u8
2026-09-10 05:08:24,691 [INFO] Capturing response: https://corestream.d72377a9ds0ec71.cfd//beinmax1/tracks-v1a1/mono.m3u8 404 
2026-09-10 05:08:25,553 [INFO] 
[7/14]
2026-09-10 05:08:25,553 [INFO] 🔍 beIN Sports Max 2 → https://www.atomsportv514.top/matches?id=bein-sports-max-2
2026-09-10 05:08:25,662 [INFO] Capturing request: https://www.atomsportv514.top/matches?id=bein-sports-max-2
2026-09-10 05:08:25,940 [INFO] Capturing response: https://www.atomsportv514.top/matches?id=bein-sports-max-2 200 
2026-09-10 05:08:26,067 [INFO] Capturing request: https://teletv5.top/load/yayinlink.php?id=bein-sports-max-2
2026-09-10 05:08:26,068 [INFO] Capturing request: https://www.atomsportv514.top/favicon.ico
2026-09-10 05:08:26,152 [INFO] Capturing response: https://www.atomsportv514.top/favicon.ico 200 
2026-09-10 05:08:26,206 [INFO] Capturing request: https://streamsport365.com/cinema
2026-09-10 05:08:26,338 [INFO] Capturing response: https://teletv5.top/load/yayinlink.php?id=bein-sports-max-2 200 
2026-09-10 05:08:26,528 [INFO] Capturing response: https://streamsport365.com/cinema 200 
2026-09-10 05:08:26,639 [INFO] Capturing request: https://www.atomsportv514.top/assets/img/player/player_logo_6a87a2e2eecc5.png
2026-09-10 05:08:26,648 [INFO] Capturing request: https://corestream.d72377a9ds0ec71.cfd//beinmax2/tracks-v1a1/mono.m3u8
2026-09-10 05:08:26,806 [INFO] Capturing response: https://www.atomsportv514.top/assets/img/player/player_logo_6a87a2e2eecc5.png 304 
2026-09-10 05:08:26,881 [INFO] Capturing response: https://corestream.d72377a9ds0ec71.cfd//beinmax2/tracks-v1a1/mono.m3u8 404 
2026-09-10 05:08:28,980 [INFO]   ✅ M3U8 bulundu: https://corestream.d72377a9ds0ec71.cfd//beinmax2/tracks-v1a1/mono.m3u8
2026-09-10 05:08:29,040 [INFO] Capturing request: https://corestream.d72377a9ds0ec71.cfd//beinmax2/tracks-v1a1/mono.m3u8
2026-09-10 05:08:29,252 [INFO] Capturing response: https://corestream.d72377a9ds0ec71.cfd//beinmax2/tracks-v1a1/mono.m3u8 404 
2026-09-10 05:08:29,980 [INFO] 
[8/14]
2026-09-10 05:08:29,980 [INFO] 🔍 S Sport → https://www.atomsportv514.top/matches?id=s-sport
2026-09-10 05:08:30,089 [INFO] Capturing request: https://www.atomsportv514.top/matches?id=s-sport
2026-09-10 05:08:30,547 [INFO] Capturing response: https://www.atomsportv514.top/matches?id=s-sport 200 
2026-09-10 05:08:30,572 [INFO] Capturing request: https://streamsport365.com/cinema
2026-09-10 05:08:30,677 [INFO] Capturing request: https://www.atomsportv514.top/favicon.ico
2026-09-10 05:08:30,679 [INFO] Capturing request: https://teletv5.top/load/yayinlink.php?id=s-sport
2026-09-10 05:08:30,764 [INFO] Capturing response: https://www.atomsportv514.top/favicon.ico 200 
2026-09-10 05:08:30,894 [INFO] Capturing response: https://streamsport365.com/cinema 200 
2026-09-10 05:08:30,952 [INFO] Capturing response: https://teletv5.top/load/yayinlink.php?id=s-sport 200 
2026-09-10 05:08:31,104 [INFO] Capturing request: https://www.atomsportv514.top/assets/img/player/player_logo_6a87a2e2eecc5.png
2026-09-10 05:08:31,114 [INFO] Capturing request: https://corestream.d72377a9ds0ec71.cfd//s-sport/tracks-v1a1/mono.m3u8
2026-09-10 05:08:31,272 [INFO] Capturing response: https://www.atomsportv514.top/assets/img/player/player_logo_6a87a2e2eecc5.png 304 
2026-09-10 05:08:31,389 [INFO] Capturing response: https://corestream.d72377a9ds0ec71.cfd//s-sport/tracks-v1a1/mono.m3u8 200 
2026-09-10 05:08:31,500 [INFO] Capturing request: https://global.d72377a9ds0ec71.cfd/s-sport/tracks-v1a1/2026/09/10/05/08/46-06400.jpg
2026-09-10 05:08:33,585 [INFO]   ✅ M3U8 bulundu: https://corestream.d72377a9ds0ec71.cfd//s-sport/tracks-v1a1/mono.m3u8
2026-09-10 05:08:34,585 [INFO] 
[9/14]
2026-09-10 05:08:34,585 [INFO] 🔍 S Sport 2 → https://www.atomsportv514.top/matches?id=s-sport-2
2026-09-10 05:08:34,694 [INFO] Capturing request: https://www.atomsportv514.top/matches?id=s-sport-2
2026-09-10 05:08:34,970 [INFO] Capturing response: https://www.atomsportv514.top/matches?id=s-sport-2 200 
2026-09-10 05:08:35,099 [INFO] Capturing request: https://www.atomsportv514.top/favicon.ico
2026-09-10 05:08:35,101 [INFO] Capturing request: https://teletv5.top/load/yayinlink.php?id=s-sport-2
2026-09-10 05:08:35,185 [INFO] Capturing response: https://www.atomsportv514.top/favicon.ico 200 
2026-09-10 05:08:35,237 [INFO] Capturing request: https://streamsport365.com/cinema
2026-09-10 05:08:35,373 [INFO] Capturing response: https://teletv5.top/load/yayinlink.php?id=s-sport-2 200 
2026-09-10 05:08:35,565 [INFO] Capturing response: https://streamsport365.com/cinema 200 
2026-09-10 05:08:35,675 [INFO] Capturing request: https://www.atomsportv514.top/assets/img/player/player_logo_6a87a2e2eecc5.png
2026-09-10 05:08:35,685 [INFO] Capturing request: https://corestream.d72377a9ds0ec71.cfd//s-sport2/tracks-v1a1/mono.m3u8
2026-09-10 05:08:35,839 [INFO] Capturing response: https://www.atomsportv514.top/assets/img/player/player_logo_6a87a2e2eecc5.png 304 
2026-09-10 05:08:35,945 [INFO] Capturing response: https://corestream.d72377a9ds0ec71.cfd//s-sport2/tracks-v1a1/mono.m3u8 200 
2026-09-10 05:08:36,100 [INFO] Capturing request: https://global.d72377a9ds0ec71.cfd/s-sport2/tracks-v1a1/2026/09/10/05/08/44-05000.jpg
2026-09-10 05:08:38,011 [INFO]   ✅ M3U8 bulundu: https://corestream.d72377a9ds0ec71.cfd//s-sport2/tracks-v1a1/mono.m3u8
2026-09-10 05:08:39,011 [INFO] 
[10/14]
2026-09-10 05:08:39,011 [INFO] 🔍 A Spor → https://www.atomsportv514.top/matches?id=a-spor
2026-09-10 05:08:39,121 [INFO] Capturing request: https://www.atomsportv514.top/matches?id=a-spor
2026-09-10 05:08:39,399 [INFO] Capturing response: https://www.atomsportv514.top/matches?id=a-spor 200 
2026-09-10 05:08:39,426 [INFO] Capturing request: https://streamsport365.com/cinema
2026-09-10 05:08:39,532 [INFO] Capturing request: https://teletv5.top/load/yayinlink.php?id=a-spor
2026-09-10 05:08:39,535 [INFO] Capturing request: https://www.atomsportv514.top/favicon.ico
2026-09-10 05:08:39,620 [INFO] Capturing response: https://www.atomsportv514.top/favicon.ico 200 
2026-09-10 05:08:39,751 [INFO] Capturing response: https://streamsport365.com/cinema 200 
2026-09-10 05:08:39,810 [INFO] Capturing response: https://teletv5.top/load/yayinlink.php?id=a-spor 200 
2026-09-10 05:08:39,921 [INFO] Capturing request: https://www.atomsportv514.top/assets/img/player/player_logo_6a87a2e2eecc5.png
2026-09-10 05:08:39,929 [INFO] Capturing request: https://corestream.d72377a9ds0ec71.cfd//aspor/tracks-v1a1/mono.m3u8
2026-09-10 05:08:40,090 [INFO] Capturing response: https://www.atomsportv514.top/assets/img/player/player_logo_6a87a2e2eecc5.png 304 
2026-09-10 05:08:40,192 [INFO] Capturing response: https://corestream.d72377a9ds0ec71.cfd//aspor/tracks-v1a1/mono.m3u8 404 
2026-09-10 05:08:42,311 [INFO] Capturing request: https://corestream.d72377a9ds0ec71.cfd//aspor/tracks-v1a1/mono.m3u8
2026-09-10 05:08:42,449 [INFO]   ✅ M3U8 bulundu: https://corestream.d72377a9ds0ec71.cfd//aspor/tracks-v1a1/mono.m3u8
2026-09-10 05:08:42,549 [INFO] Capturing response: https://corestream.d72377a9ds0ec71.cfd//aspor/tracks-v1a1/mono.m3u8 404 
2026-09-10 05:08:43,450 [INFO] 
[11/14]
2026-09-10 05:08:43,450 [INFO] 🔍 Tivibu Spor 1 → https://www.atomsportv514.top/matches?id=tivibu-spor-1
2026-09-10 05:08:43,558 [INFO] Capturing request: https://www.atomsportv514.top/matches?id=tivibu-spor-1
2026-09-10 05:08:43,840 [INFO] Capturing response: https://www.atomsportv514.top/matches?id=tivibu-spor-1 200 
2026-09-10 05:08:43,966 [INFO] Capturing request: https://teletv5.top/load/yayinlink.php?id=tivibu-spor-1
2026-09-10 05:08:43,968 [INFO] Capturing request: https://www.atomsportv514.top/favicon.ico
2026-09-10 05:08:44,054 [INFO] Capturing response: https://www.atomsportv514.top/favicon.ico 200 
2026-09-10 05:08:44,103 [INFO] Capturing request: https://streamsport365.com/cinema
2026-09-10 05:08:44,244 [INFO] Capturing response: https://teletv5.top/load/yayinlink.php?id=tivibu-spor-1 200 
2026-09-10 05:08:44,422 [INFO] Capturing response: https://streamsport365.com/cinema 200 
2026-09-10 05:08:44,593 [INFO] Capturing response: https://global.d72377a9ds0ec71.cfd/s-sport/tracks-v1a1/2026/09/10/05/08/46-06400.jpg 200 
2026-09-10 05:08:45,579 [INFO] Capturing response: https://global.d72377a9ds0ec71.cfd/s-sport2/tracks-v1a1/2026/09/10/05/08/44-05000.jpg 200 
2026-09-10 05:08:57,665 [INFO] Capturing request: https://update.googleapis.com/service/update2/json?cup2key=ML-DSA-44-16:BcLk2bDDLkuoSz-5k_BxB8Nak4d4AUyEghUWv7CbWYo&cup2hreq=79226915cc904f8c64cf1dbbc1144479d632e661bb27357b702acc222fe7a37c
2026-09-10 05:08:57,720 [INFO] Capturing response: https://update.googleapis.com/service/update2/json?cup2key=ML-DSA-44-16:BcLk2bDDLkuoSz-5k_BxB8Nak4d4AUyEghUWv7CbWYo&cup2hreq=79226915cc904f8c64cf1dbbc1144479d632e661bb27357b702acc222fe7a37c 200 
2026-09-10 05:08:57,729 [INFO] Capturing request: http://edgedl.me.gvt1.com/edgedl/diffgen-puffin/gcmjkmgdlgnkkcocmoeiminaijmmjnii/fc1f961a8e1d6f22b29a01eb8f62d27d7f0f928ed1b230dfa8430cc20542c1bf
2026-09-10 05:08:57,742 [INFO] Capturing response: http://edgedl.me.gvt1.com/edgedl/diffgen-puffin/gcmjkmgdlgnkkcocmoeiminaijmmjnii/fc1f961a8e1d6f22b29a01eb8f62d27d7f0f928ed1b230dfa8430cc20542c1bf 200 OK
2026-09-10 05:08:57,769 [INFO] Capturing request: https://update.googleapis.com/service/update2/json
2026-09-10 05:08:57,818 [INFO] Capturing response: https://update.googleapis.com/service/update2/json 200 
2026-09-10 05:08:57,862 [INFO] Capturing request: http://edgedl.me.gvt1.com/edgedl/release2/chrome_component/actow7iw75alpw5oqcjap5n35cua_10767/hfnkpimlhhgieaddgfemjhofmfblmnib_10767_all_go3b4bshm7jxjv6paiaz5xbivy.crx3
2026-09-10 05:08:57,880 [INFO] Capturing response: http://edgedl.me.gvt1.com/edgedl/release2/chrome_component/actow7iw75alpw5oqcjap5n35cua_10767/hfnkpimlhhgieaddgfemjhofmfblmnib_10767_all_go3b4bshm7jxjv6paiaz5xbivy.crx3 200 OK
2026-09-10 05:08:57,908 [INFO] Capturing request: https://update.googleapis.com/service/update2/json
2026-09-10 05:08:57,950 [INFO] Capturing response: https://update.googleapis.com/service/update2/json 200 
2026-09-10 05:09:09,391 [INFO] Capturing request: https://android.clients.google.com/c2dm/register3
2026-09-10 05:09:09,466 [INFO] Capturing response: https://android.clients.google.com/c2dm/register3 301 
2026-09-10 05:09:17,146 [WARNING]   ❌ Tivibu Spor 1 için M3U8 bulunamadı
2026-09-10 05:09:18,146 [INFO] 
[12/14]
2026-09-10 05:09:18,147 [INFO] 🔍 Tivibu Spor 2 → https://www.atomsportv514.top/matches?id=tivibu-spor-2
2026-09-10 05:09:18,393 [INFO] Capturing request: https://www.atomsportv514.top/matches?id=tivibu-spor-2
2026-09-10 05:09:19,058 [INFO] Capturing response: https://www.atomsportv514.top/matches?id=tivibu-spor-2 200 
2026-09-10 05:09:19,222 [INFO] Capturing request: https://www.atomsportv514.top/favicon.ico
2026-09-10 05:09:19,323 [INFO] Capturing request: https://teletv5.top/load/yayinlink.php?id=tivibu-spor-2
2026-09-10 05:09:19,334 [INFO] Capturing response: https://www.atomsportv514.top/favicon.ico 200 
2026-09-10 05:09:19,642 [INFO] Capturing response: https://teletv5.top/load/yayinlink.php?id=tivibu-spor-2 200 
2026-09-10 05:09:19,760 [INFO] Capturing request: https://streamsport365.com/cinema
2026-09-10 05:09:20,091 [INFO] Capturing response: https://streamsport365.com/cinema 200 
2026-09-10 05:09:52,364 [WARNING]   ❌ Tivibu Spor 2 için M3U8 bulunamadı
2026-09-10 05:09:53,364 [INFO] 
[13/14]
2026-09-10 05:09:53,364 [INFO] 🔍 Tivibu Spor 3 → https://www.atomsportv514.top/matches?id=tivibu-spor-3
2026-09-10 05:09:53,473 [INFO] Capturing request: https://www.atomsportv514.top/matches?id=tivibu-spor-3
2026-09-10 05:09:53,924 [INFO] Capturing response: https://www.atomsportv514.top/matches?id=tivibu-spor-3 200 
2026-09-10 05:09:54,053 [INFO] Capturing request: https://teletv5.top/load/yayinlink.php?id=tivibu-spor-3
2026-09-10 05:09:54,055 [INFO] Capturing request: https://www.atomsportv514.top/favicon.ico
2026-09-10 05:09:54,149 [INFO] Capturing response: https://www.atomsportv514.top/favicon.ico 200 
2026-09-10 05:09:54,188 [INFO] Capturing request: https://streamsport365.com/cinema
2026-09-10 05:09:54,332 [INFO] Capturing response: https://teletv5.top/load/yayinlink.php?id=tivibu-spor-3 200 
2026-09-10 05:09:54,508 [INFO] Capturing response: https://streamsport365.com/cinema 200 
2026-09-10 05:10:27,199 [WARNING]   ❌ Tivibu Spor 3 için M3U8 bulunamadı
2026-09-10 05:10:28,199 [INFO] 
[14/14]
2026-09-10 05:10:28,199 [INFO] 🔍 Tivibu Spor 4 → https://www.atomsportv514.top/matches?id=tivibu-spor-4
2026-09-10 05:10:28,308 [INFO] Capturing request: https://www.atomsportv514.top/matches?id=tivibu-spor-4
2026-09-10 05:10:28,759 [INFO] Capturing response: https://www.atomsportv514.top/matches?id=tivibu-spor-4 200 
2026-09-10 05:10:28,892 [INFO] Capturing request: https://www.atomsportv514.top/favicon.ico
2026-09-10 05:10:28,893 [INFO] Capturing request: https://teletv5.top/load/yayinlink.php?id=tivibu-spor-4
2026-09-10 05:10:28,988 [INFO] Capturing response: https://www.atomsportv514.top/favicon.ico 200 
2026-09-10 05:10:29,027 [INFO] Capturing request: https://streamsport365.com/cinema
2026-09-10 05:10:29,185 [INFO] Capturing response: https://teletv5.top/load/yayinlink.php?id=tivibu-spor-4 200 
2026-09-10 05:10:29,356 [INFO] Capturing response: https://streamsport365.com/cinema 200 
2026-09-10 05:11:00,815 [INFO] Capturing request: https://android.clients.google.com/c2dm/register3
2026-09-10 05:11:00,899 [INFO] Capturing response: https://android.clients.google.com/c2dm/register3 301 
2026-09-10 05:11:02,038 [WARNING]   ❌ Tivibu Spor 4 için M3U8 bulunamadı
2026-09-10 05:11:03,105 [INFO] ✅ 10 kanal bulundu, playlist.m3u kaydedildi
