2026-08-26 14:12:25,338 [INFO] 🌐 BASE_URL: https://www.atomsportv513.top
2026-08-26 14:12:26,103 [INFO] Başlanıyor... 14 kanal taranacak
2026-08-26 14:12:26,103 [INFO] Using default request storage
2026-08-26 14:12:26,107 [INFO] Created proxy listening on 127.0.0.1:34127
2026-08-26 14:12:26,797 [INFO] Capturing request: http://clients2.google.com/time/1/current?cup2key=10:jY1aEjY5rF0zJ_9bITDKAd3nBL5otVsGScMQXlGWfaU&cup2hreq=e3b0c44298fc1c149afbf4c8996fb92427ae41e4649b934ca495991b7852b855
2026-08-26 14:12:26,827 [INFO] Capturing response: http://clients2.google.com/time/1/current?cup2key=10:jY1aEjY5rF0zJ_9bITDKAd3nBL5otVsGScMQXlGWfaU&cup2hreq=e3b0c44298fc1c149afbf4c8996fb92427ae41e4649b934ca495991b7852b855 200 OK
2026-08-26 14:12:26,998 [INFO] 
[1/14]
2026-08-26 14:12:26,998 [INFO] 🔍 beIN Sports 1 → https://www.atomsportv513.top/matches?id=bein-sports-1
2026-08-26 14:12:27,111 [INFO] Capturing request: https://accounts.google.com/ListAccounts?gpsia=1&source=ChromiumBrowser&json=standard&laf=b64bin
2026-08-26 14:12:27,114 [INFO] Capturing request: https://update.googleapis.com/service/update2/json?cup2key=16:vZ0MFHCsNv6Yw0kT2EjrYD_NwSc1soqEgN0JtJk07bA&cup2hreq=d7fc89d20a103abf11b020e836f9b79aba649352e049deeaf49891793317c465
2026-08-26 14:12:27,168 [INFO] Capturing response: https://update.googleapis.com/service/update2/json?cup2key=16:vZ0MFHCsNv6Yw0kT2EjrYD_NwSc1soqEgN0JtJk07bA&cup2hreq=d7fc89d20a103abf11b020e836f9b79aba649352e049deeaf49891793317c465 200 
2026-08-26 14:12:27,174 [INFO] Capturing response: https://accounts.google.com/ListAccounts?gpsia=1&source=ChromiumBrowser&json=standard&laf=b64bin 200 
2026-08-26 14:12:27,202 [INFO] Capturing request: https://www.google.com/async/folae?async=_fmt:pb&udm=50&client_locale=en-US&client_country=ZZ
2026-08-26 14:12:27,217 [INFO] Capturing request: https://update.googleapis.com/service/update2/json?cup2key=16:mc675MEbhgyWo0FAsaGCcmQGn-m4CbvQoim1V-z3llw&cup2hreq=c97926e18c60392865042b416987b92ac857e7e18da26161091f5574ca130c54
2026-08-26 14:12:27,235 [INFO] Capturing response: https://www.google.com/async/folae?async=_fmt:pb&udm=50&client_locale=en-US&client_country=ZZ 200 
2026-08-26 14:12:27,242 [INFO] Capturing response: https://update.googleapis.com/service/update2/json?cup2key=16:mc675MEbhgyWo0FAsaGCcmQGn-m4CbvQoim1V-z3llw&cup2hreq=c97926e18c60392865042b416987b92ac857e7e18da26161091f5574ca130c54 200 
2026-08-26 14:12:27,273 [INFO] Capturing request: https://www.atomsportv513.top/matches?id=bein-sports-1
2026-08-26 14:12:27,289 [INFO] Capturing request: https://update.googleapis.com/service/update2/json?cup2key=16:eKMneDDwv5DJR04Pr3G1XZFnQBObbGnRMgcsPEvMlUI&cup2hreq=5b1ec2dd1553b1add381530a7546f01fef2d288e87d4becf4b3f4dc67d9420eb
2026-08-26 14:12:27,313 [INFO] Capturing response: https://update.googleapis.com/service/update2/json?cup2key=16:eKMneDDwv5DJR04Pr3G1XZFnQBObbGnRMgcsPEvMlUI&cup2hreq=5b1ec2dd1553b1add381530a7546f01fef2d288e87d4becf4b3f4dc67d9420eb 200 
2026-08-26 14:12:27,421 [INFO] Capturing request: https://www.google.com/async/folae?async=_fmt:pb&udm=50&client_locale=en-US&client_country=ZZ
2026-08-26 14:12:27,453 [INFO] Capturing response: https://www.google.com/async/folae?async=_fmt:pb&udm=50&client_locale=en-US&client_country=ZZ 200 
2026-08-26 14:12:27,972 [INFO] Capturing response: https://www.atomsportv513.top/matches?id=bein-sports-1 200 
2026-08-26 14:12:28,191 [INFO] Capturing request: https://cdn.jsdelivr.net/npm/@clappr/hlsjs-playback@1.8.3/dist/hlsjs-playback.min.js
2026-08-26 14:12:28,199 [INFO] Capturing request: https://cdn.jsdelivr.net/npm/level-selector/dist/level-selector.min.js
2026-08-26 14:12:28,199 [INFO] Capturing request: https://cdn.jsdelivr.net/npm/@clappr/player@0.11.16/dist/clappr.min.js
2026-08-26 14:12:28,221 [INFO] Capturing response: https://cdn.jsdelivr.net/npm/level-selector/dist/level-selector.min.js 200 
2026-08-26 14:12:28,252 [INFO] Capturing response: https://cdn.jsdelivr.net/npm/@clappr/hlsjs-playback@1.8.3/dist/hlsjs-playback.min.js 200 
2026-08-26 14:12:28,268 [INFO] Capturing response: https://cdn.jsdelivr.net/npm/@clappr/player@0.11.16/dist/clappr.min.js 200 
2026-08-26 14:12:28,504 [INFO] Capturing request: https://www.atomsportv513.top/favicon.ico
2026-08-26 14:12:28,584 [INFO] Capturing response: https://www.atomsportv513.top/favicon.ico 200 
2026-08-26 14:12:28,604 [INFO] Capturing request: https://teletv5.top/load/yayinlink.php?id=bein-sports-1
2026-08-26 14:12:29,096 [INFO] Capturing response: https://teletv5.top/load/yayinlink.php?id=bein-sports-1 200 
2026-08-26 14:12:29,142 [INFO] Capturing request: https://streamsport365.com/cinema
2026-08-26 14:12:29,507 [INFO] Capturing response: https://streamsport365.com/cinema 200 
2026-08-26 14:12:29,641 [INFO] Capturing request: https://www.atomsportv513.top/assets/img/player/player_logo_6a87a2e2eecc5.png
2026-08-26 14:12:29,714 [INFO] Capturing response: https://www.atomsportv513.top/assets/img/player/player_logo_6a87a2e2eecc5.png 200 
2026-08-26 14:12:29,865 [INFO] Capturing request: https://corestream.ardastream.live//beintv/tracks-v1a1/mono.m3u8
2026-08-26 14:12:30,106 [INFO] Capturing response: https://corestream.ardastream.live//beintv/tracks-v1a1/mono.m3u8 200 
2026-08-26 14:12:30,262 [INFO] Capturing request: https://android.clients.google.com/checkin
2026-08-26 14:12:30,324 [INFO] Capturing response: https://android.clients.google.com/checkin 200 
2026-08-26 14:12:30,375 [INFO] Capturing request: https://android.clients.google.com/c2dm/register3
2026-08-26 14:12:30,377 [INFO] Capturing request: https://android.clients.google.com/c2dm/register3
2026-08-26 14:12:30,379 [INFO] Capturing request: https://android.clients.google.com/c2dm/register3
2026-08-26 14:12:30,409 [INFO] Capturing response: https://android.clients.google.com/c2dm/register3 301 
2026-08-26 14:12:31,129 [INFO] Capturing response: https://android.clients.google.com/c2dm/register3 200 
2026-08-26 14:12:31,227 [INFO] Capturing response: https://android.clients.google.com/c2dm/register3 200 
2026-08-26 14:12:31,422 [INFO]   ✅ M3U8 bulundu: https://corestream.ardastream.live//beintv/tracks-v1a1/mono.m3u8
2026-08-26 14:12:32,423 [INFO] 
[2/14]
2026-08-26 14:12:32,423 [INFO] 🔍 beIN Sports 2 → https://www.atomsportv513.top/matches?id=bein-sports-2
2026-08-26 14:12:32,532 [INFO] Capturing request: https://www.atomsportv513.top/matches?id=bein-sports-2
2026-08-26 14:12:32,780 [INFO] Capturing response: https://www.atomsportv513.top/matches?id=bein-sports-2 200 
2026-08-26 14:12:32,828 [INFO] Capturing request: https://streamsport365.com/cinema
2026-08-26 14:12:32,930 [INFO] Capturing request: https://www.atomsportv513.top/favicon.ico
2026-08-26 14:12:32,931 [INFO] Capturing request: https://teletv5.top/load/yayinlink.php?id=bein-sports-2
2026-08-26 14:12:32,988 [INFO] Capturing response: https://www.atomsportv513.top/favicon.ico 200 
2026-08-26 14:12:33,169 [INFO] Capturing response: https://teletv5.top/load/yayinlink.php?id=bein-sports-2 200 
2026-08-26 14:12:33,195 [INFO] Capturing response: https://streamsport365.com/cinema 200 
2026-08-26 14:12:33,306 [INFO] Capturing request: https://www.atomsportv513.top/assets/img/player/player_logo_6a87a2e2eecc5.png
2026-08-26 14:12:33,315 [INFO] Capturing request: https://corestream.ardastream.live//bein2/tracks-v1a1/mono.m3u8
2026-08-26 14:12:33,432 [INFO] Capturing response: https://www.atomsportv513.top/assets/img/player/player_logo_6a87a2e2eecc5.png 304 
2026-08-26 14:12:33,507 [INFO] Capturing response: https://corestream.ardastream.live//bein2/tracks-v1a1/mono.m3u8 200 
2026-08-26 14:12:35,844 [INFO]   ✅ M3U8 bulundu: https://corestream.ardastream.live//bein2/tracks-v1a1/mono.m3u8
2026-08-26 14:12:36,844 [INFO] 
[3/14]
2026-08-26 14:12:36,844 [INFO] 🔍 beIN Sports 3 → https://www.atomsportv513.top/matches?id=bein-sports-3
2026-08-26 14:12:36,953 [INFO] Capturing request: https://www.atomsportv513.top/matches?id=bein-sports-3
2026-08-26 14:12:37,200 [INFO] Capturing response: https://www.atomsportv513.top/matches?id=bein-sports-3 200 
2026-08-26 14:12:37,328 [INFO] Capturing request: https://teletv5.top/load/yayinlink.php?id=bein-sports-3
2026-08-26 14:12:37,330 [INFO] Capturing request: https://www.atomsportv513.top/favicon.ico
2026-08-26 14:12:37,381 [INFO] Capturing response: https://www.atomsportv513.top/favicon.ico 200 
2026-08-26 14:12:37,484 [INFO] Capturing request: https://streamsport365.com/cinema
2026-08-26 14:12:37,571 [INFO] Capturing response: https://teletv5.top/load/yayinlink.php?id=bein-sports-3 200 
2026-08-26 14:12:37,847 [INFO] Capturing response: https://streamsport365.com/cinema 200 
2026-08-26 14:12:37,957 [INFO] Capturing request: https://www.atomsportv513.top/assets/img/player/player_logo_6a87a2e2eecc5.png
2026-08-26 14:12:37,967 [INFO] Capturing request: https://corestream.ardastream.live//bein3/tracks-v1a1/mono.m3u8
2026-08-26 14:12:38,079 [INFO] Capturing response: https://www.atomsportv513.top/assets/img/player/player_logo_6a87a2e2eecc5.png 304 
2026-08-26 14:12:38,159 [INFO] Capturing response: https://corestream.ardastream.live//bein3/tracks-v1a1/mono.m3u8 200 
2026-08-26 14:12:40,241 [INFO]   ✅ M3U8 bulundu: https://corestream.ardastream.live//bein3/tracks-v1a1/mono.m3u8
2026-08-26 14:12:41,241 [INFO] 
[4/14]
2026-08-26 14:12:41,242 [INFO] 🔍 beIN Sports 4 → https://www.atomsportv513.top/matches?id=bein-sports-4
2026-08-26 14:12:41,349 [INFO] Capturing request: https://www.atomsportv513.top/matches?id=bein-sports-4
2026-08-26 14:12:41,597 [INFO] Capturing response: https://www.atomsportv513.top/matches?id=bein-sports-4 200 
2026-08-26 14:12:41,628 [INFO] Capturing request: https://streamsport365.com/cinema
2026-08-26 14:12:41,727 [INFO] Capturing request: https://teletv5.top/load/yayinlink.php?id=bein-sports-4
2026-08-26 14:12:41,730 [INFO] Capturing request: https://www.atomsportv513.top/favicon.ico
2026-08-26 14:12:41,775 [INFO] Capturing response: https://www.atomsportv513.top/favicon.ico 200 
2026-08-26 14:12:41,967 [INFO] Capturing response: https://teletv5.top/load/yayinlink.php?id=bein-sports-4 200 
2026-08-26 14:12:41,995 [INFO] Capturing response: https://streamsport365.com/cinema 200 
2026-08-26 14:12:42,119 [INFO] Capturing request: https://www.atomsportv513.top/assets/img/player/player_logo_6a87a2e2eecc5.png
2026-08-26 14:12:42,128 [INFO] Capturing request: https://corestream.ardastream.live//bein4/tracks-v1a1/mono.m3u8
2026-08-26 14:12:42,243 [INFO] Capturing response: https://www.atomsportv513.top/assets/img/player/player_logo_6a87a2e2eecc5.png 304 
2026-08-26 14:12:42,310 [INFO] Capturing response: https://corestream.ardastream.live//bein4/tracks-v1a1/mono.m3u8 200 
2026-08-26 14:12:44,642 [INFO]   ✅ M3U8 bulundu: https://corestream.ardastream.live//bein4/tracks-v1a1/mono.m3u8
2026-08-26 14:12:45,642 [INFO] 
[5/14]
2026-08-26 14:12:45,642 [INFO] 🔍 beIN Sports 5 → https://www.atomsportv513.top/matches?id=bein-sports-5
2026-08-26 14:12:45,751 [INFO] Capturing request: https://www.atomsportv513.top/matches?id=bein-sports-5
2026-08-26 14:12:46,002 [INFO] Capturing response: https://www.atomsportv513.top/matches?id=bein-sports-5 200 
2026-08-26 14:12:46,130 [INFO] Capturing request: https://teletv5.top/load/yayinlink.php?id=bein-sports-5
2026-08-26 14:12:46,133 [INFO] Capturing request: https://www.atomsportv513.top/favicon.ico
2026-08-26 14:12:46,176 [INFO] Capturing response: https://www.atomsportv513.top/favicon.ico 200 
2026-08-26 14:12:46,290 [INFO] Capturing request: https://streamsport365.com/cinema
2026-08-26 14:12:46,363 [INFO] Capturing response: https://teletv5.top/load/yayinlink.php?id=bein-sports-5 200 
2026-08-26 14:12:46,663 [INFO] Capturing response: https://streamsport365.com/cinema 200 
2026-08-26 14:12:46,773 [INFO] Capturing request: https://www.atomsportv513.top/assets/img/player/player_logo_6a87a2e2eecc5.png
2026-08-26 14:12:46,783 [INFO] Capturing request: https://corestream.ardastream.live//bein5/tracks-v1a1/mono.m3u8
2026-08-26 14:12:46,898 [INFO] Capturing response: https://www.atomsportv513.top/assets/img/player/player_logo_6a87a2e2eecc5.png 304 
2026-08-26 14:12:46,984 [INFO] Capturing response: https://corestream.ardastream.live//bein5/tracks-v1a1/mono.m3u8 200 
2026-08-26 14:12:49,045 [INFO]   ✅ M3U8 bulundu: https://corestream.ardastream.live//bein5/tracks-v1a1/mono.m3u8
2026-08-26 14:12:50,045 [INFO] 
[6/14]
2026-08-26 14:12:50,045 [INFO] 🔍 beIN Sports Max 1 → https://www.atomsportv513.top/matches?id=bein-sports-max-1
2026-08-26 14:12:50,153 [INFO] Capturing request: https://www.atomsportv513.top/matches?id=bein-sports-max-1
2026-08-26 14:12:50,402 [INFO] Capturing response: https://www.atomsportv513.top/matches?id=bein-sports-max-1 200 
2026-08-26 14:12:50,437 [INFO] Capturing request: https://streamsport365.com/cinema
2026-08-26 14:12:50,538 [INFO] Capturing request: https://teletv5.top/load/yayinlink.php?id=bein-sports-max-1
2026-08-26 14:12:50,539 [INFO] Capturing request: https://www.atomsportv513.top/favicon.ico
2026-08-26 14:12:50,589 [INFO] Capturing response: https://www.atomsportv513.top/favicon.ico 200 
2026-08-26 14:12:50,774 [INFO] Capturing response: https://teletv5.top/load/yayinlink.php?id=bein-sports-max-1 200 
2026-08-26 14:12:50,813 [INFO] Capturing response: https://streamsport365.com/cinema 200 
2026-08-26 14:12:50,931 [INFO] Capturing request: https://android.clients.google.com/c2dm/register3
2026-08-26 14:12:50,965 [INFO] Capturing response: https://android.clients.google.com/c2dm/register3 301 
2026-08-26 14:13:23,697 [WARNING]   ❌ beIN Sports Max 1 için M3U8 bulunamadı
2026-08-26 14:13:24,697 [INFO] 
[7/14]
2026-08-26 14:13:24,698 [INFO] 🔍 beIN Sports Max 2 → https://www.atomsportv513.top/matches?id=bein-sports-max-2
2026-08-26 14:13:24,806 [INFO] Capturing request: https://www.atomsportv513.top/matches?id=bein-sports-max-2
2026-08-26 14:13:25,251 [INFO] Capturing response: https://www.atomsportv513.top/matches?id=bein-sports-max-2 200 
2026-08-26 14:13:25,389 [INFO] Capturing request: https://www.atomsportv513.top/favicon.ico
2026-08-26 14:13:25,391 [INFO] Capturing request: https://teletv5.top/load/yayinlink.php?id=bein-sports-max-2
2026-08-26 14:13:25,440 [INFO] Capturing response: https://www.atomsportv513.top/favicon.ico 200 
2026-08-26 14:13:25,547 [INFO] Capturing request: https://streamsport365.com/cinema
2026-08-26 14:13:25,638 [INFO] Capturing response: https://teletv5.top/load/yayinlink.php?id=bein-sports-max-2 200 
2026-08-26 14:13:25,917 [INFO] Capturing response: https://streamsport365.com/cinema 200 
2026-08-26 14:13:26,774 [INFO] Capturing request: https://update.googleapis.com/service/update2/json?cup2key=16:NPjWt770DC-ewQnvp6LSMVhe9I4IWGJjUJqPXw-xx9c&cup2hreq=d99936cad3f75921b51eb1ad92d049485fbf130f9d192ae0568f3ec645b091ce
2026-08-26 14:13:26,800 [INFO] Capturing response: https://update.googleapis.com/service/update2/json?cup2key=16:NPjWt770DC-ewQnvp6LSMVhe9I4IWGJjUJqPXw-xx9c&cup2hreq=d99936cad3f75921b51eb1ad92d049485fbf130f9d192ae0568f3ec645b091ce 200 
2026-08-26 14:13:26,806 [INFO] Capturing request: http://edgedl.me.gvt1.com/edgedl/diffgen-puffin/gcmjkmgdlgnkkcocmoeiminaijmmjnii/6ca5bdb9f3e2cd83b7e359729bc6c33c4fe975ec499861d969b3e080320849ff
2026-08-26 14:13:26,841 [INFO] Capturing response: http://edgedl.me.gvt1.com/edgedl/diffgen-puffin/gcmjkmgdlgnkkcocmoeiminaijmmjnii/6ca5bdb9f3e2cd83b7e359729bc6c33c4fe975ec499861d969b3e080320849ff 200 OK
2026-08-26 14:13:26,867 [INFO] Capturing request: https://update.googleapis.com/service/update2/json
2026-08-26 14:13:26,903 [INFO] Capturing response: https://update.googleapis.com/service/update2/json 200 
2026-08-26 14:13:26,947 [INFO] Capturing request: http://edgedl.me.gvt1.com/edgedl/release2/chrome_component/jkzxw42ulorbo2iktleazied2q_10737/hfnkpimlhhgieaddgfemjhofmfblmnib_10737_all_p23qdqkbletyapkctbcq76twgq.crx3
2026-08-26 14:13:26,983 [INFO] Capturing response: http://edgedl.me.gvt1.com/edgedl/release2/chrome_component/jkzxw42ulorbo2iktleazied2q_10737/hfnkpimlhhgieaddgfemjhofmfblmnib_10737_all_p23qdqkbletyapkctbcq76twgq.crx3 200 OK
2026-08-26 14:13:27,011 [INFO] Capturing request: https://update.googleapis.com/service/update2/json
2026-08-26 14:13:27,034 [INFO] Capturing response: https://update.googleapis.com/service/update2/json 200 
2026-08-26 14:13:45,673 [INFO] Capturing request: https://android.clients.google.com/c2dm/register3
2026-08-26 14:13:45,699 [INFO] Capturing response: https://android.clients.google.com/c2dm/register3 301 
2026-08-26 14:13:58,553 [WARNING]   ❌ beIN Sports Max 2 için M3U8 bulunamadı
2026-08-26 14:13:59,553 [INFO] 
[8/14]
2026-08-26 14:13:59,554 [INFO] 🔍 S Sport → https://www.atomsportv513.top/matches?id=s-sport
2026-08-26 14:13:59,710 [INFO] Capturing request: https://www.atomsportv513.top/matches?id=s-sport
2026-08-26 14:14:00,360 [INFO] Capturing response: https://www.atomsportv513.top/matches?id=s-sport 200 
2026-08-26 14:14:00,523 [INFO] Capturing request: https://www.atomsportv513.top/favicon.ico
2026-08-26 14:14:00,566 [INFO] Capturing request: https://teletv5.top/load/yayinlink.php?id=s-sport
2026-08-26 14:14:00,612 [INFO] Capturing response: https://www.atomsportv513.top/favicon.ico 200 
2026-08-26 14:14:00,807 [INFO] Capturing response: https://teletv5.top/load/yayinlink.php?id=s-sport 200 
2026-08-26 14:14:01,090 [INFO] Capturing request: https://streamsport365.com/cinema
2026-08-26 14:14:01,451 [INFO] Capturing response: https://streamsport365.com/cinema 200 
2026-08-26 14:14:01,564 [INFO] Capturing request: https://www.atomsportv513.top/assets/img/player/player_logo_6a87a2e2eecc5.png
2026-08-26 14:14:01,620 [INFO] Capturing request: https://corestream.ardastream.live//s-sport/tracks-v1a1/mono.m3u8
2026-08-26 14:14:01,743 [INFO] Capturing response: https://www.atomsportv513.top/assets/img/player/player_logo_6a87a2e2eecc5.png 304 
2026-08-26 14:14:01,834 [INFO] Capturing response: https://corestream.ardastream.live//s-sport/tracks-v1a1/mono.m3u8 200 
2026-08-26 14:14:03,437 [INFO]   ✅ M3U8 bulundu: https://corestream.ardastream.live//s-sport/tracks-v1a1/mono.m3u8
2026-08-26 14:14:04,438 [INFO] 
[9/14]
2026-08-26 14:14:04,438 [INFO] 🔍 S Sport 2 → https://www.atomsportv513.top/matches?id=s-sport-2
2026-08-26 14:14:04,546 [INFO] Capturing request: https://www.atomsportv513.top/matches?id=s-sport-2
2026-08-26 14:14:04,901 [INFO] Capturing response: https://www.atomsportv513.top/matches?id=s-sport-2 200 
2026-08-26 14:14:04,935 [INFO] Capturing request: https://streamsport365.com/cinema
2026-08-26 14:14:05,032 [INFO] Capturing request: https://teletv5.top/load/yayinlink.php?id=s-sport-2
2026-08-26 14:14:05,038 [INFO] Capturing request: https://www.atomsportv513.top/favicon.ico
2026-08-26 14:14:05,119 [INFO] Capturing response: https://www.atomsportv513.top/favicon.ico 200 
2026-08-26 14:14:05,264 [INFO] Capturing response: https://teletv5.top/load/yayinlink.php?id=s-sport-2 200 
2026-08-26 14:14:05,296 [INFO] Capturing response: https://streamsport365.com/cinema 200 
2026-08-26 14:14:05,408 [INFO] Capturing request: https://www.atomsportv513.top/assets/img/player/player_logo_6a87a2e2eecc5.png
2026-08-26 14:14:05,417 [INFO] Capturing request: https://corestream.ardastream.live//s-sport2/tracks-v1a1/mono.m3u8
2026-08-26 14:14:05,547 [INFO] Capturing response: https://www.atomsportv513.top/assets/img/player/player_logo_6a87a2e2eecc5.png 304 
2026-08-26 14:14:05,635 [INFO] Capturing response: https://corestream.ardastream.live//s-sport2/tracks-v1a1/mono.m3u8 200 
2026-08-26 14:14:07,948 [INFO]   ✅ M3U8 bulundu: https://corestream.ardastream.live//s-sport2/tracks-v1a1/mono.m3u8
2026-08-26 14:14:08,948 [INFO] 
[10/14]
2026-08-26 14:14:08,948 [INFO] 🔍 A Spor → https://www.atomsportv513.top/matches?id=a-spor
2026-08-26 14:14:09,056 [INFO] Capturing request: https://www.atomsportv513.top/matches?id=a-spor
2026-08-26 14:14:09,337 [INFO] Capturing response: https://www.atomsportv513.top/matches?id=a-spor 200 
2026-08-26 14:14:09,470 [INFO] Capturing request: https://teletv5.top/load/yayinlink.php?id=a-spor
2026-08-26 14:14:09,472 [INFO] Capturing request: https://www.atomsportv513.top/favicon.ico
2026-08-26 14:14:09,565 [INFO] Capturing response: https://www.atomsportv513.top/favicon.ico 200 
2026-08-26 14:14:09,628 [INFO] Capturing request: https://streamsport365.com/cinema
2026-08-26 14:14:09,707 [INFO] Capturing response: https://teletv5.top/load/yayinlink.php?id=a-spor 200 
2026-08-26 14:14:09,996 [INFO] Capturing response: https://streamsport365.com/cinema 200 
2026-08-26 14:14:10,107 [INFO] Capturing request: https://www.atomsportv513.top/assets/img/player/player_logo_6a87a2e2eecc5.png
2026-08-26 14:14:10,116 [INFO] Capturing request: https://corestream.ardastream.live//aspor/tracks-v1a1/mono.m3u8
2026-08-26 14:14:10,240 [INFO] Capturing response: https://www.atomsportv513.top/assets/img/player/player_logo_6a87a2e2eecc5.png 304 
2026-08-26 14:14:10,321 [INFO] Capturing response: https://corestream.ardastream.live//aspor/tracks-v1a1/mono.m3u8 200 
2026-08-26 14:14:12,381 [INFO]   ✅ M3U8 bulundu: https://corestream.ardastream.live//aspor/tracks-v1a1/mono.m3u8
2026-08-26 14:14:13,381 [INFO] 
[11/14]
2026-08-26 14:14:13,382 [INFO] 🔍 Tivibu Spor 1 → https://www.atomsportv513.top/matches?id=tivibu-spor-1
2026-08-26 14:14:13,492 [INFO] Capturing request: https://www.atomsportv513.top/matches?id=tivibu-spor-1
2026-08-26 14:14:13,770 [INFO] Capturing response: https://www.atomsportv513.top/matches?id=tivibu-spor-1 200 
2026-08-26 14:14:13,804 [INFO] Capturing request: https://streamsport365.com/cinema
2026-08-26 14:14:13,900 [INFO] Capturing request: https://teletv5.top/load/yayinlink.php?id=tivibu-spor-1
2026-08-26 14:14:13,906 [INFO] Capturing request: https://www.atomsportv513.top/favicon.ico
2026-08-26 14:14:13,970 [INFO] Capturing response: https://www.atomsportv513.top/favicon.ico 200 
2026-08-26 14:14:14,129 [INFO] Capturing response: https://teletv5.top/load/yayinlink.php?id=tivibu-spor-1 200 
2026-08-26 14:14:14,175 [INFO] Capturing response: https://streamsport365.com/cinema 200 
2026-08-26 14:14:47,048 [WARNING]   ❌ Tivibu Spor 1 için M3U8 bulunamadı
2026-08-26 14:14:48,049 [INFO] 
[12/14]
2026-08-26 14:14:48,049 [INFO] 🔍 Tivibu Spor 2 → https://www.atomsportv513.top/matches?id=tivibu-spor-2
2026-08-26 14:14:48,158 [INFO] Capturing request: https://www.atomsportv513.top/matches?id=tivibu-spor-2
2026-08-26 14:14:48,638 [INFO] Capturing response: https://www.atomsportv513.top/matches?id=tivibu-spor-2 200 
2026-08-26 14:14:48,778 [INFO] Capturing request: https://www.atomsportv513.top/favicon.ico
2026-08-26 14:14:48,780 [INFO] Capturing request: https://teletv5.top/load/yayinlink.php?id=tivibu-spor-2
2026-08-26 14:14:48,866 [INFO] Capturing response: https://www.atomsportv513.top/favicon.ico 200 
2026-08-26 14:14:48,938 [INFO] Capturing request: https://streamsport365.com/cinema
2026-08-26 14:14:49,016 [INFO] Capturing response: https://teletv5.top/load/yayinlink.php?id=tivibu-spor-2 200 
2026-08-26 14:14:49,300 [INFO] Capturing response: https://streamsport365.com/cinema 200 
2026-08-26 14:15:21,924 [WARNING]   ❌ Tivibu Spor 2 için M3U8 bulunamadı
2026-08-26 14:15:22,925 [INFO] 
[13/14]
2026-08-26 14:15:22,925 [INFO] 🔍 Tivibu Spor 3 → https://www.atomsportv513.top/matches?id=tivibu-spor-3
2026-08-26 14:15:23,034 [INFO] Capturing request: https://www.atomsportv513.top/matches?id=tivibu-spor-3
2026-08-26 14:15:23,503 [INFO] Capturing response: https://www.atomsportv513.top/matches?id=tivibu-spor-3 200 
2026-08-26 14:15:23,635 [INFO] Capturing request: https://teletv5.top/load/yayinlink.php?id=tivibu-spor-3
2026-08-26 14:15:23,638 [INFO] Capturing request: https://www.atomsportv513.top/favicon.ico
2026-08-26 14:15:23,717 [INFO] Capturing response: https://www.atomsportv513.top/favicon.ico 200 
2026-08-26 14:15:23,791 [INFO] Capturing request: https://streamsport365.com/cinema
2026-08-26 14:15:23,900 [INFO] Capturing response: https://teletv5.top/load/yayinlink.php?id=tivibu-spor-3 200 
2026-08-26 14:15:24,041 [INFO] Capturing request: https://android.clients.google.com/c2dm/register3
2026-08-26 14:15:24,073 [INFO] Capturing response: https://android.clients.google.com/c2dm/register3 301 
2026-08-26 14:15:24,154 [INFO] Capturing response: https://streamsport365.com/cinema 200 
2026-08-26 14:15:56,781 [WARNING]   ❌ Tivibu Spor 3 için M3U8 bulunamadı
2026-08-26 14:15:57,781 [INFO] 
[14/14]
2026-08-26 14:15:57,781 [INFO] 🔍 Tivibu Spor 4 → https://www.atomsportv513.top/matches?id=tivibu-spor-4
2026-08-26 14:15:57,890 [INFO] Capturing request: https://www.atomsportv513.top/matches?id=tivibu-spor-4
2026-08-26 14:15:58,352 [INFO] Capturing response: https://www.atomsportv513.top/matches?id=tivibu-spor-4 200 
2026-08-26 14:15:58,489 [INFO] Capturing request: https://www.atomsportv513.top/favicon.ico
2026-08-26 14:15:58,490 [INFO] Capturing request: https://teletv5.top/load/yayinlink.php?id=tivibu-spor-4
2026-08-26 14:15:58,540 [INFO] Capturing response: https://www.atomsportv513.top/favicon.ico 200 
2026-08-26 14:15:58,648 [INFO] Capturing request: https://streamsport365.com/cinema
2026-08-26 14:15:58,749 [INFO] Capturing response: https://teletv5.top/load/yayinlink.php?id=tivibu-spor-4 200 
2026-08-26 14:15:59,018 [INFO] Capturing response: https://streamsport365.com/cinema 200 
2026-08-26 14:16:31,628 [WARNING]   ❌ Tivibu Spor 4 için M3U8 bulunamadı
2026-08-26 14:16:32,697 [INFO] ✅ 8 kanal bulundu, playlist.m3u kaydedildi
