2026-10-04 21:49:13,209 [INFO] 🌐 BASE_URL: https://www.atomsportv516.top
2026-10-04 21:49:14,179 [INFO] Başlanıyor... 14 kanal taranacak
2026-10-04 21:49:14,179 [INFO] Using default request storage
2026-10-04 21:49:14,184 [INFO] Created proxy listening on 127.0.0.1:41651
2026-10-04 21:49:14,859 [INFO] Capturing request: http://clients2.google.com/time/1/current?cup2key=10:JL9zZlcmEBV-WoJQCSUkSRjNb4dQlR5G8JDWkLW168g&cup2hreq=e3b0c44298fc1c149afbf4c8996fb92427ae41e4649b934ca495991b7852b855
2026-10-04 21:49:14,890 [INFO] Capturing response: http://clients2.google.com/time/1/current?cup2key=10:JL9zZlcmEBV-WoJQCSUkSRjNb4dQlR5G8JDWkLW168g&cup2hreq=e3b0c44298fc1c149afbf4c8996fb92427ae41e4649b934ca495991b7852b855 200 OK
2026-10-04 21:49:15,107 [INFO] 
[1/14]
2026-10-04 21:49:15,107 [INFO] 🔍 beIN Sports 1 → https://www.atomsportv516.top/matches?id=bein-sports-1
2026-10-04 21:49:15,267 [INFO] Capturing request: https://update.googleapis.com/service/update2/json?cup2key=ML-DSA-44-16:X0S37HcYinl3sMmmgBdDyejPFNkJYbGTfxxGUfb4nq0&cup2hreq=bc973420574efc4ce23e2594d623be0e6b2a90ef657ead38e22c5b51f20ee949
2026-10-04 21:49:15,270 [INFO] Capturing request: https://accounts.google.com/ListAccounts?gpsia=1&source=ChromiumBrowser&json=standard&laf=b64bin
2026-10-04 21:49:15,323 [INFO] Capturing response: https://update.googleapis.com/service/update2/json?cup2key=ML-DSA-44-16:X0S37HcYinl3sMmmgBdDyejPFNkJYbGTfxxGUfb4nq0&cup2hreq=bc973420574efc4ce23e2594d623be0e6b2a90ef657ead38e22c5b51f20ee949 200 
2026-10-04 21:49:15,325 [INFO] Capturing response: https://accounts.google.com/ListAccounts?gpsia=1&source=ChromiumBrowser&json=standard&laf=b64bin 200 
2026-10-04 21:49:15,359 [INFO] Capturing request: https://www.atomsportv516.top/matches?id=bein-sports-1
2026-10-04 21:49:15,361 [INFO] Capturing request: https://www.google.com/async/folae?async=_fmt:pb&udm=50&client_locale=en-US&client_country=ZZ
2026-10-04 21:49:15,379 [INFO] Capturing request: https://update.googleapis.com/service/update2/json?cup2key=ML-DSA-44-16:sIgqyAyAhs8R5R1fRgODM5ICzl0kamuhDiKJ1ZNaaGE&cup2hreq=a3d820b0919f0cbac30e5f0a6089b6d8dd45c3710448dd1f6a026a2eb7034c64
2026-10-04 21:49:15,390 [INFO] Capturing response: https://www.google.com/async/folae?async=_fmt:pb&udm=50&client_locale=en-US&client_country=ZZ 200 
2026-10-04 21:49:15,421 [INFO] Capturing response: https://update.googleapis.com/service/update2/json?cup2key=ML-DSA-44-16:sIgqyAyAhs8R5R1fRgODM5ICzl0kamuhDiKJ1ZNaaGE&cup2hreq=a3d820b0919f0cbac30e5f0a6089b6d8dd45c3710448dd1f6a026a2eb7034c64 200 
2026-10-04 21:49:15,472 [INFO] Capturing request: https://update.googleapis.com/service/update2/json?cup2key=ML-DSA-44-16:jj14648mqICJx9AfS1aP0XTTkUdpDxhMHnkKBiidhlQ&cup2hreq=c36c51602d33e45fee780ab3b255c5ebf248dd5e32c6938a8e27a4e04c29ecb5
2026-10-04 21:49:15,503 [INFO] Capturing response: https://update.googleapis.com/service/update2/json?cup2key=ML-DSA-44-16:jj14648mqICJx9AfS1aP0XTTkUdpDxhMHnkKBiidhlQ&cup2hreq=c36c51602d33e45fee780ab3b255c5ebf248dd5e32c6938a8e27a4e04c29ecb5 200 
2026-10-04 21:49:15,579 [INFO] Capturing request: https://www.google.com/async/folae?async=_fmt:pb&udm=50&client_locale=en-US&client_country=ZZ
2026-10-04 21:49:15,610 [INFO] Capturing response: https://www.google.com/async/folae?async=_fmt:pb&udm=50&client_locale=en-US&client_country=ZZ 200 
2026-10-04 21:49:15,905 [INFO] Capturing response: https://www.atomsportv516.top/matches?id=bein-sports-1 200 
2026-10-04 21:49:16,121 [INFO] Capturing request: https://static.cloudflareinsights.com/beacon.min.js/v31edd6df95cf4e85bb4c19e7a9bdbcba1788362987495
2026-10-04 21:49:16,137 [INFO] Capturing response: https://static.cloudflareinsights.com/beacon.min.js/v31edd6df95cf4e85bb4c19e7a9bdbcba1788362987495 200 
2026-10-04 21:49:16,146 [INFO] Capturing request: https://cdn.jsdelivr.net/npm/@clappr/player@0.11.16/dist/clappr.min.js
2026-10-04 21:49:16,150 [INFO] Capturing request: https://cdn.jsdelivr.net/npm/@clappr/hlsjs-playback@1.8.3/dist/hlsjs-playback.min.js
2026-10-04 21:49:16,153 [INFO] Capturing request: https://cdn.jsdelivr.net/npm/level-selector/dist/level-selector.min.js
2026-10-04 21:49:16,178 [INFO] Capturing response: https://cdn.jsdelivr.net/npm/level-selector/dist/level-selector.min.js 200 
2026-10-04 21:49:16,195 [INFO] Capturing response: https://cdn.jsdelivr.net/npm/@clappr/player@0.11.16/dist/clappr.min.js 200 
2026-10-04 21:49:16,208 [INFO] Capturing response: https://cdn.jsdelivr.net/npm/@clappr/hlsjs-playback@1.8.3/dist/hlsjs-playback.min.js 200 
2026-10-04 21:49:16,367 [INFO] Capturing request: https://www.atomsportv516.top/cdn-cgi/rum?
2026-10-04 21:49:16,471 [INFO] Capturing request: https://www.atomsportv516.top/favicon.ico
2026-10-04 21:49:16,484 [INFO] Capturing response: https://www.atomsportv516.top/cdn-cgi/rum? 204 
2026-10-04 21:49:16,530 [INFO] Capturing response: https://www.atomsportv516.top/favicon.ico 200 
2026-10-04 21:49:16,570 [INFO] Capturing request: https://teletv5.top/load/yayinlink.php?id=bein-sports-1
2026-10-04 21:49:16,938 [INFO] Capturing response: https://teletv5.top/load/yayinlink.php?id=bein-sports-1 200 
2026-10-04 21:49:16,995 [INFO] Capturing request: https://streamsport365.com/cinema
2026-10-04 21:49:17,280 [INFO] Capturing response: https://streamsport365.com/cinema 200 
2026-10-04 21:49:17,413 [INFO] Capturing request: https://www.atomsportv516.top/assets/img/player/player_logo_6a87a2e2eecc5.png
2026-10-04 21:49:17,472 [INFO] Capturing response: https://www.atomsportv516.top/assets/img/player/player_logo_6a87a2e2eecc5.png 200 
2026-10-04 21:49:17,676 [INFO] Capturing request: https://ladyboy.yedektv.cfd//s-sport/tracks-v1a1/mono.m3u8
2026-10-04 21:49:17,931 [INFO] Capturing response: https://ladyboy.yedektv.cfd//s-sport/tracks-v1a1/mono.m3u8 200 
2026-10-04 21:49:18,193 [INFO] Capturing request: https://android.clients.google.com/checkin
2026-10-04 21:49:18,228 [INFO] Capturing request: https://d3323gwjvb8d3t.cloudfront.net/s-sport/tracks-v1a1/2026/10/04/21/50/17-06000.jpg
2026-10-04 21:49:18,262 [INFO] Capturing response: https://android.clients.google.com/checkin 200 
2026-10-04 21:49:18,319 [INFO] Capturing request: https://android.clients.google.com/c2dm/register3
2026-10-04 21:49:18,321 [INFO] Capturing request: https://android.clients.google.com/c2dm/register3
2026-10-04 21:49:18,325 [INFO] Capturing request: https://android.clients.google.com/c2dm/register3
2026-10-04 21:49:18,366 [INFO] Capturing response: https://android.clients.google.com/c2dm/register3 200 
2026-10-04 21:49:18,378 [INFO] Capturing response: https://android.clients.google.com/c2dm/register3 200 
2026-10-04 21:49:18,388 [INFO] Capturing response: https://android.clients.google.com/c2dm/register3 200 
2026-10-04 21:49:18,737 [INFO] Capturing response: https://d3323gwjvb8d3t.cloudfront.net/s-sport/tracks-v1a1/2026/10/04/21/50/17-06000.jpg 200 
2026-10-04 21:49:19,095 [INFO] Capturing request: https://d3323gwjvb8d3t.cloudfront.net/s-sport/tracks-v1a1/2026/10/04/21/50/23-06000.jpg
2026-10-04 21:49:19,399 [INFO]   ✅ M3U8 bulundu: https://ladyboy.yedektv.cfd//s-sport/tracks-v1a1/mono.m3u8
2026-10-04 21:49:19,553 [INFO] Capturing response: https://d3323gwjvb8d3t.cloudfront.net/s-sport/tracks-v1a1/2026/10/04/21/50/23-06000.jpg 200 
2026-10-04 21:49:19,869 [INFO] Capturing request: https://d3323gwjvb8d3t.cloudfront.net/s-sport/tracks-v1a1/2026/10/04/21/50/29-06000.jpg
2026-10-04 21:49:20,400 [INFO] 
[2/14]
2026-10-04 21:49:20,400 [INFO] 🔍 beIN Sports 2 → https://www.atomsportv516.top/matches?id=bein-sports-2
2026-10-04 21:49:20,409 [INFO] Capturing response: https://d3323gwjvb8d3t.cloudfront.net/s-sport/tracks-v1a1/2026/10/04/21/50/29-06000.jpg 200 
2026-10-04 21:49:20,532 [INFO] Capturing request: https://www.atomsportv516.top/matches?id=bein-sports-2
2026-10-04 21:49:20,731 [INFO] Capturing response: https://www.atomsportv516.top/matches?id=bein-sports-2 200 
2026-10-04 21:49:20,742 [INFO] Capturing request: https://www.atomsportv516.top/cdn-cgi/rum?
2026-10-04 21:49:20,787 [INFO] Capturing request: https://streamsport365.com/cinema
2026-10-04 21:49:20,791 [INFO] Capturing request: https://www.atomsportv516.top/cdn-cgi/rum?
2026-10-04 21:49:20,851 [INFO] Capturing response: https://www.atomsportv516.top/cdn-cgi/rum? 204 
2026-10-04 21:49:20,885 [INFO] Capturing request: https://teletv5.top/load/yayinlink.php?id=bein-sports-2
2026-10-04 21:49:20,891 [INFO] Capturing request: https://www.atomsportv516.top/favicon.ico
2026-10-04 21:49:20,932 [INFO] Capturing response: https://www.atomsportv516.top/favicon.ico 200 
2026-10-04 21:49:20,942 [INFO] Capturing response: https://www.atomsportv516.top/cdn-cgi/rum? 204 
2026-10-04 21:49:21,063 [INFO] Capturing response: https://teletv5.top/load/yayinlink.php?id=bein-sports-2 200 
2026-10-04 21:49:21,067 [INFO] Capturing response: https://streamsport365.com/cinema 200 
2026-10-04 21:49:21,179 [INFO] Capturing request: https://www.atomsportv516.top/assets/img/player/player_logo_6a87a2e2eecc5.png
2026-10-04 21:49:21,188 [INFO] Capturing request: https://ladyboy.yedektv.cfd//bein2/tracks-v1a1/mono.m3u8
2026-10-04 21:49:21,307 [INFO] Capturing response: https://www.atomsportv516.top/assets/img/player/player_logo_6a87a2e2eecc5.png 304 
2026-10-04 21:49:21,347 [INFO] Capturing response: https://ladyboy.yedektv.cfd//bein2/tracks-v1a1/mono.m3u8 200 
2026-10-04 21:49:21,457 [INFO] Capturing request: https://d3323gwjvb8d3t.cloudfront.net/bein2/tracks-v1a1/2026/10/04/21/49/34-05000.jpg
2026-10-04 21:49:21,662 [INFO] Capturing response: https://d3323gwjvb8d3t.cloudfront.net/bein2/tracks-v1a1/2026/10/04/21/49/34-05000.jpg 200 
2026-10-04 21:49:21,888 [INFO] Capturing request: https://d3323gwjvb8d3t.cloudfront.net/bein2/tracks-v1a1/2026/10/04/21/49/39-05000.jpg
2026-10-04 21:49:22,095 [INFO] Capturing response: https://d3323gwjvb8d3t.cloudfront.net/bein2/tracks-v1a1/2026/10/04/21/49/39-05000.jpg 200 
2026-10-04 21:49:22,323 [INFO] Capturing request: https://d3323gwjvb8d3t.cloudfront.net/bein2/tracks-v1a1/2026/10/04/21/49/44-05000.jpg
2026-10-04 21:49:22,619 [INFO] Capturing response: https://d3323gwjvb8d3t.cloudfront.net/bein2/tracks-v1a1/2026/10/04/21/49/44-05000.jpg 200 
2026-10-04 21:49:23,811 [INFO]   ✅ M3U8 bulundu: https://ladyboy.yedektv.cfd//bein2/tracks-v1a1/mono.m3u8
2026-10-04 21:49:24,811 [INFO] 
[3/14]
2026-10-04 21:49:24,811 [INFO] 🔍 beIN Sports 3 → https://www.atomsportv516.top/matches?id=bein-sports-3
2026-10-04 21:49:24,923 [INFO] Capturing request: https://www.atomsportv516.top/matches?id=bein-sports-3
2026-10-04 21:49:25,121 [INFO] Capturing response: https://www.atomsportv516.top/matches?id=bein-sports-3 200 
2026-10-04 21:49:25,130 [INFO] Capturing request: https://www.atomsportv516.top/cdn-cgi/rum?
2026-10-04 21:49:25,154 [INFO] Capturing request: https://www.atomsportv516.top/cdn-cgi/rum?
2026-10-04 21:49:25,240 [INFO] Capturing response: https://www.atomsportv516.top/cdn-cgi/rum? 204 
2026-10-04 21:49:25,251 [INFO] Capturing request: https://teletv5.top/load/yayinlink.php?id=bein-sports-3
2026-10-04 21:49:25,256 [INFO] Capturing request: https://www.atomsportv516.top/favicon.ico
2026-10-04 21:49:25,298 [INFO] Capturing response: https://www.atomsportv516.top/favicon.ico 200 
2026-10-04 21:49:25,306 [INFO] Capturing response: https://www.atomsportv516.top/cdn-cgi/rum? 204 
2026-10-04 21:49:25,364 [INFO] Capturing request: https://streamsport365.com/cinema
2026-10-04 21:49:25,424 [INFO] Capturing response: https://teletv5.top/load/yayinlink.php?id=bein-sports-3 200 
2026-10-04 21:49:25,643 [INFO] Capturing response: https://streamsport365.com/cinema 200 
2026-10-04 21:49:25,756 [INFO] Capturing request: https://www.atomsportv516.top/assets/img/player/player_logo_6a87a2e2eecc5.png
2026-10-04 21:49:25,766 [INFO] Capturing request: https://ladyboy.yedektv.cfd//bein3/tracks-v1a1/mono.m3u8
2026-10-04 21:49:25,875 [INFO] Capturing response: https://www.atomsportv516.top/assets/img/player/player_logo_6a87a2e2eecc5.png 304 
2026-10-04 21:49:25,924 [INFO] Capturing response: https://ladyboy.yedektv.cfd//bein3/tracks-v1a1/mono.m3u8 200 
2026-10-04 21:49:26,034 [INFO] Capturing request: https://d3323gwjvb8d3t.cloudfront.net/bein3/tracks-v1a1/2026/10/04/21/49/08-05000.jpg
2026-10-04 21:49:26,221 [INFO] Capturing response: https://d3323gwjvb8d3t.cloudfront.net/bein3/tracks-v1a1/2026/10/04/21/49/08-05000.jpg 200 
2026-10-04 21:49:26,415 [INFO] Capturing request: https://d3323gwjvb8d3t.cloudfront.net/bein3/tracks-v1a1/2026/10/04/21/49/13-05000.jpg
2026-10-04 21:49:26,595 [INFO] Capturing response: https://d3323gwjvb8d3t.cloudfront.net/bein3/tracks-v1a1/2026/10/04/21/49/13-05000.jpg 200 
2026-10-04 21:49:26,812 [INFO] Capturing request: https://d3323gwjvb8d3t.cloudfront.net/bein3/tracks-v1a1/2026/10/04/21/49/18-05000.jpg
2026-10-04 21:49:26,996 [INFO] Capturing response: https://d3323gwjvb8d3t.cloudfront.net/bein3/tracks-v1a1/2026/10/04/21/49/18-05000.jpg 200 
2026-10-04 21:49:28,171 [INFO]   ✅ M3U8 bulundu: https://ladyboy.yedektv.cfd//bein3/tracks-v1a1/mono.m3u8
2026-10-04 21:49:29,171 [INFO] 
[4/14]
2026-10-04 21:49:29,171 [INFO] 🔍 beIN Sports 4 → https://www.atomsportv516.top/matches?id=bein-sports-4
2026-10-04 21:49:29,283 [INFO] Capturing request: https://www.atomsportv516.top/matches?id=bein-sports-4
2026-10-04 21:49:29,481 [INFO] Capturing response: https://www.atomsportv516.top/matches?id=bein-sports-4 200 
2026-10-04 21:49:29,490 [INFO] Capturing request: https://www.atomsportv516.top/cdn-cgi/rum?
2026-10-04 21:49:29,517 [INFO] Capturing request: https://www.atomsportv516.top/cdn-cgi/rum?
2026-10-04 21:49:29,520 [INFO] Capturing request: https://streamsport365.com/cinema
2026-10-04 21:49:29,601 [INFO] Capturing response: https://www.atomsportv516.top/cdn-cgi/rum? 204 
2026-10-04 21:49:29,625 [INFO] Capturing request: https://teletv5.top/load/yayinlink.php?id=bein-sports-4
2026-10-04 21:49:29,626 [INFO] Capturing request: https://www.atomsportv516.top/favicon.ico
2026-10-04 21:49:29,660 [INFO] Capturing response: https://www.atomsportv516.top/favicon.ico 200 
2026-10-04 21:49:29,669 [INFO] Capturing response: https://www.atomsportv516.top/cdn-cgi/rum? 204 
2026-10-04 21:49:29,797 [INFO] Capturing response: https://teletv5.top/load/yayinlink.php?id=bein-sports-4 200 
2026-10-04 21:49:29,802 [INFO] Capturing response: https://streamsport365.com/cinema 200 
2026-10-04 21:49:29,948 [INFO] Capturing request: https://www.atomsportv516.top/assets/img/player/player_logo_6a87a2e2eecc5.png
2026-10-04 21:49:29,958 [INFO] Capturing request: https://ladyboy.yedektv.cfd//bein4/tracks-v1a1/mono.m3u8
2026-10-04 21:49:30,072 [INFO] Capturing response: https://www.atomsportv516.top/assets/img/player/player_logo_6a87a2e2eecc5.png 304 
2026-10-04 21:49:30,117 [INFO] Capturing response: https://ladyboy.yedektv.cfd//bein4/tracks-v1a1/mono.m3u8 200 
2026-10-04 21:49:30,266 [INFO] Capturing request: https://d3323gwjvb8d3t.cloudfront.net/bein4/tracks-v1a1/2026/10/04/21/49/44-05000.jpg
2026-10-04 21:49:30,433 [INFO] Capturing response: https://d3323gwjvb8d3t.cloudfront.net/bein4/tracks-v1a1/2026/10/04/21/49/44-05000.jpg 200 
2026-10-04 21:49:30,619 [INFO] Capturing request: https://d3323gwjvb8d3t.cloudfront.net/bein4/tracks-v1a1/2026/10/04/21/49/49-05000.jpg
2026-10-04 21:49:30,788 [INFO] Capturing response: https://d3323gwjvb8d3t.cloudfront.net/bein4/tracks-v1a1/2026/10/04/21/49/49-05000.jpg 200 
2026-10-04 21:49:31,009 [INFO] Capturing request: https://d3323gwjvb8d3t.cloudfront.net/bein4/tracks-v1a1/2026/10/04/21/49/54-05000.jpg
2026-10-04 21:49:31,220 [INFO] Capturing response: https://d3323gwjvb8d3t.cloudfront.net/bein4/tracks-v1a1/2026/10/04/21/49/54-05000.jpg 200 
2026-10-04 21:49:32,546 [INFO]   ✅ M3U8 bulundu: https://ladyboy.yedektv.cfd//bein4/tracks-v1a1/mono.m3u8
2026-10-04 21:49:33,547 [INFO] 
[5/14]
2026-10-04 21:49:33,547 [INFO] 🔍 beIN Sports 5 → https://www.atomsportv516.top/matches?id=bein-sports-5
2026-10-04 21:49:33,657 [INFO] Capturing request: https://www.atomsportv516.top/matches?id=bein-sports-5
2026-10-04 21:49:33,851 [INFO] Capturing response: https://www.atomsportv516.top/matches?id=bein-sports-5 200 
2026-10-04 21:49:33,862 [INFO] Capturing request: https://www.atomsportv516.top/cdn-cgi/rum?
2026-10-04 21:49:33,885 [INFO] Capturing request: https://www.atomsportv516.top/cdn-cgi/rum?
2026-10-04 21:49:33,973 [INFO] Capturing response: https://www.atomsportv516.top/cdn-cgi/rum? 204 
2026-10-04 21:49:33,983 [INFO] Capturing request: https://teletv5.top/load/yayinlink.php?id=bein-sports-5
2026-10-04 21:49:33,987 [INFO] Capturing request: https://www.atomsportv516.top/favicon.ico
2026-10-04 21:49:34,025 [INFO] Capturing response: https://www.atomsportv516.top/favicon.ico 200 
2026-10-04 21:49:34,036 [INFO] Capturing response: https://www.atomsportv516.top/cdn-cgi/rum? 204 
2026-10-04 21:49:34,097 [INFO] Capturing request: https://streamsport365.com/cinema
2026-10-04 21:49:34,153 [INFO] Capturing response: https://teletv5.top/load/yayinlink.php?id=bein-sports-5 200 
2026-10-04 21:49:34,373 [INFO] Capturing response: https://streamsport365.com/cinema 200 
2026-10-04 21:49:34,484 [INFO] Capturing request: https://www.atomsportv516.top/assets/img/player/player_logo_6a87a2e2eecc5.png
2026-10-04 21:49:34,493 [INFO] Capturing request: https://ladyboy.yedektv.cfd//bein5/tracks-v1a1/mono.m3u8
2026-10-04 21:49:34,603 [INFO] Capturing response: https://www.atomsportv516.top/assets/img/player/player_logo_6a87a2e2eecc5.png 304 
2026-10-04 21:49:34,622 [INFO] Capturing response: https://ladyboy.yedektv.cfd//bein5/tracks-v1a1/mono.m3u8 200 
2026-10-04 21:49:34,732 [INFO] Capturing request: https://d3323gwjvb8d3t.cloudfront.net/bein5/tracks-v1a1/2026/10/04/21/49/21-05000.jpg
2026-10-04 21:49:35,070 [INFO] Capturing response: https://d3323gwjvb8d3t.cloudfront.net/bein5/tracks-v1a1/2026/10/04/21/49/21-05000.jpg 200 
2026-10-04 21:49:35,363 [INFO] Capturing request: https://d3323gwjvb8d3t.cloudfront.net/bein5/tracks-v1a1/2026/10/04/21/49/26-05000.jpg
2026-10-04 21:49:35,699 [INFO] Capturing response: https://d3323gwjvb8d3t.cloudfront.net/bein5/tracks-v1a1/2026/10/04/21/49/26-05000.jpg 200 
2026-10-04 21:49:35,963 [INFO] Capturing request: https://d3323gwjvb8d3t.cloudfront.net/bein5/tracks-v1a1/2026/10/04/21/49/31-05000.jpg
2026-10-04 21:49:36,405 [INFO] Capturing response: https://d3323gwjvb8d3t.cloudfront.net/bein5/tracks-v1a1/2026/10/04/21/49/31-05000.jpg 200 
2026-10-04 21:49:36,903 [INFO]   ✅ M3U8 bulundu: https://ladyboy.yedektv.cfd//bein5/tracks-v1a1/mono.m3u8
2026-10-04 21:49:37,904 [INFO] 
[6/14]
2026-10-04 21:49:37,904 [INFO] 🔍 beIN Sports Max 1 → https://www.atomsportv516.top/matches?id=bein-sports-max-1
2026-10-04 21:49:38,014 [INFO] Capturing request: https://www.atomsportv516.top/matches?id=bein-sports-max-1
2026-10-04 21:49:38,215 [INFO] Capturing response: https://www.atomsportv516.top/matches?id=bein-sports-max-1 200 
2026-10-04 21:49:38,227 [INFO] Capturing request: https://www.atomsportv516.top/cdn-cgi/rum?
2026-10-04 21:49:38,250 [INFO] Capturing request: https://streamsport365.com/cinema
2026-10-04 21:49:38,255 [INFO] Capturing request: https://www.atomsportv516.top/cdn-cgi/rum?
2026-10-04 21:49:38,337 [INFO] Capturing response: https://www.atomsportv516.top/cdn-cgi/rum? 204 
2026-10-04 21:49:38,356 [INFO] Capturing request: https://www.atomsportv516.top/favicon.ico
2026-10-04 21:49:38,357 [INFO] Capturing request: https://teletv5.top/load/yayinlink.php?id=bein-sports-max-1
2026-10-04 21:49:38,399 [INFO] Capturing response: https://www.atomsportv516.top/favicon.ico 200 
2026-10-04 21:49:38,407 [INFO] Capturing response: https://www.atomsportv516.top/cdn-cgi/rum? 204 
2026-10-04 21:49:38,531 [INFO] Capturing response: https://teletv5.top/load/yayinlink.php?id=bein-sports-max-1 200 
2026-10-04 21:49:38,535 [INFO] Capturing response: https://streamsport365.com/cinema 200 
2026-10-04 21:49:38,682 [INFO] Capturing request: https://www.atomsportv516.top/assets/img/player/player_logo_6a87a2e2eecc5.png
2026-10-04 21:49:38,692 [INFO] Capturing request: https://ladyboy.yedektv.cfd//beinmax1/tracks-v1a1/mono.m3u8
2026-10-04 21:49:38,798 [INFO] Capturing response: https://www.atomsportv516.top/assets/img/player/player_logo_6a87a2e2eecc5.png 304 
2026-10-04 21:49:38,847 [INFO] Capturing response: https://ladyboy.yedektv.cfd//beinmax1/tracks-v1a1/mono.m3u8 404 
2026-10-04 21:49:40,622 [INFO] Capturing request: https://android.clients.google.com/c2dm/register3
2026-10-04 21:49:41,016 [INFO] Capturing request: https://ladyboy.yedektv.cfd//beinmax1/tracks-v1a1/mono.m3u8
2026-10-04 21:49:41,099 [INFO] Capturing response: https://android.clients.google.com/c2dm/register3 200 
2026-10-04 21:49:41,166 [INFO] Capturing response: https://ladyboy.yedektv.cfd//beinmax1/tracks-v1a1/mono.m3u8 404 
2026-10-04 21:49:41,264 [INFO]   ✅ M3U8 bulundu: https://ladyboy.yedektv.cfd//beinmax1/tracks-v1a1/mono.m3u8
2026-10-04 21:49:42,264 [INFO] 
[7/14]
2026-10-04 21:49:42,264 [INFO] 🔍 beIN Sports Max 2 → https://www.atomsportv516.top/matches?id=bein-sports-max-2
2026-10-04 21:49:42,374 [INFO] Capturing request: https://www.atomsportv516.top/matches?id=bein-sports-max-2
2026-10-04 21:49:42,406 [INFO] Capturing request: https://android.clients.google.com/c2dm/register3
2026-10-04 21:49:42,575 [INFO] Capturing response: https://www.atomsportv516.top/matches?id=bein-sports-max-2 200 
2026-10-04 21:49:42,585 [INFO] Capturing request: https://www.atomsportv516.top/cdn-cgi/rum?
2026-10-04 21:49:42,611 [INFO] Capturing request: https://www.atomsportv516.top/cdn-cgi/rum?
2026-10-04 21:49:42,695 [INFO] Capturing response: https://www.atomsportv516.top/cdn-cgi/rum? 204 
2026-10-04 21:49:42,711 [INFO] Capturing request: https://teletv5.top/load/yayinlink.php?id=bein-sports-max-2
2026-10-04 21:49:42,714 [INFO] Capturing request: https://www.atomsportv516.top/favicon.ico
2026-10-04 21:49:42,760 [INFO] Capturing response: https://www.atomsportv516.top/favicon.ico 200 
2026-10-04 21:49:42,763 [INFO] Capturing response: https://www.atomsportv516.top/cdn-cgi/rum? 204 
2026-10-04 21:49:42,890 [INFO] Capturing response: https://teletv5.top/load/yayinlink.php?id=bein-sports-max-2 200 
2026-10-04 21:49:42,910 [INFO] Capturing response: https://android.clients.google.com/c2dm/register3 200 
2026-10-04 21:49:42,927 [INFO] Capturing request: https://streamsport365.com/cinema
2026-10-04 21:49:43,204 [INFO] Capturing response: https://streamsport365.com/cinema 200 
2026-10-04 21:49:43,315 [INFO] Capturing request: https://www.atomsportv516.top/assets/img/player/player_logo_6a87a2e2eecc5.png
2026-10-04 21:49:43,325 [INFO] Capturing request: https://ladyboy.yedektv.cfd//beinmax2/tracks-v1a1/mono.m3u8
2026-10-04 21:49:43,434 [INFO] Capturing response: https://www.atomsportv516.top/assets/img/player/player_logo_6a87a2e2eecc5.png 304 
2026-10-04 21:49:43,459 [INFO] Capturing response: https://ladyboy.yedektv.cfd//beinmax2/tracks-v1a1/mono.m3u8 200 
2026-10-04 21:49:43,610 [INFO] Capturing request: https://d3323gwjvb8d3t.cloudfront.net/beinmax2/tracks-v1a1/2026/10/04/21/49/15-05000.jpg
2026-10-04 21:49:43,980 [INFO] Capturing response: https://d3323gwjvb8d3t.cloudfront.net/beinmax2/tracks-v1a1/2026/10/04/21/49/15-05000.jpg 200 
2026-10-04 21:49:44,283 [INFO] Capturing request: https://d3323gwjvb8d3t.cloudfront.net/beinmax2/tracks-v1a1/2026/10/04/21/49/20-05000.jpg
2026-10-04 21:49:44,913 [INFO] Capturing response: https://d3323gwjvb8d3t.cloudfront.net/beinmax2/tracks-v1a1/2026/10/04/21/49/20-05000.jpg 200 
2026-10-04 21:49:45,222 [INFO] Capturing request: https://d3323gwjvb8d3t.cloudfront.net/beinmax2/tracks-v1a1/2026/10/04/21/49/25-05000.jpg
2026-10-04 21:49:45,631 [INFO] Capturing response: https://d3323gwjvb8d3t.cloudfront.net/beinmax2/tracks-v1a1/2026/10/04/21/49/25-05000.jpg 200 
2026-10-04 21:49:45,636 [INFO]   ✅ M3U8 bulundu: https://ladyboy.yedektv.cfd//beinmax2/tracks-v1a1/mono.m3u8
2026-10-04 21:49:45,924 [INFO] Capturing request: https://d3323gwjvb8d3t.cloudfront.net/beinmax2/tracks-v1a1/2026/10/04/21/49/30-07280.jpg
2026-10-04 21:49:46,533 [INFO] Capturing response: https://d3323gwjvb8d3t.cloudfront.net/beinmax2/tracks-v1a1/2026/10/04/21/49/30-07280.jpg 200 
2026-10-04 21:49:46,638 [INFO] 
[8/14]
2026-10-04 21:49:46,638 [INFO] 🔍 S Sport → https://www.atomsportv516.top/matches?id=s-sport
2026-10-04 21:49:46,771 [INFO] Capturing request: https://www.atomsportv516.top/matches?id=s-sport
2026-10-04 21:49:47,122 [INFO] Capturing response: https://www.atomsportv516.top/matches?id=s-sport 200 
2026-10-04 21:49:47,131 [INFO] Capturing request: https://www.atomsportv516.top/cdn-cgi/rum?
2026-10-04 21:49:47,166 [INFO] Capturing request: https://www.atomsportv516.top/cdn-cgi/rum?
2026-10-04 21:49:47,167 [INFO] Capturing request: https://streamsport365.com/cinema
2026-10-04 21:49:47,244 [INFO] Capturing response: https://www.atomsportv516.top/cdn-cgi/rum? 204 
2026-10-04 21:49:47,257 [INFO] Capturing request: https://teletv5.top/load/yayinlink.php?id=s-sport
2026-10-04 21:49:47,269 [INFO] Capturing request: https://www.atomsportv516.top/favicon.ico
2026-10-04 21:49:47,288 [INFO] Capturing response: https://www.atomsportv516.top/cdn-cgi/rum? 204 
2026-10-04 21:49:47,304 [INFO] Capturing response: https://www.atomsportv516.top/favicon.ico 200 
2026-10-04 21:49:47,432 [INFO] Capturing response: https://teletv5.top/load/yayinlink.php?id=s-sport 200 
2026-10-04 21:49:47,441 [INFO] Capturing response: https://streamsport365.com/cinema 200 
2026-10-04 21:49:47,549 [INFO] Capturing request: https://android.clients.google.com/c2dm/register3
2026-10-04 21:49:47,582 [INFO] Capturing response: https://android.clients.google.com/c2dm/register3 301 
2026-10-04 21:49:47,585 [INFO] Capturing request: https://www.atomsportv516.top/assets/img/player/player_logo_6a87a2e2eecc5.png
2026-10-04 21:49:47,595 [INFO] Capturing request: https://ladyboy.yedektv.cfd//s-sport/tracks-v1a1/mono.m3u8
2026-10-04 21:49:47,701 [INFO] Capturing response: https://www.atomsportv516.top/assets/img/player/player_logo_6a87a2e2eecc5.png 304 
2026-10-04 21:49:47,717 [INFO] Capturing response: https://ladyboy.yedektv.cfd//s-sport/tracks-v1a1/mono.m3u8 200 
2026-10-04 21:49:47,826 [INFO] Capturing request: https://d3323gwjvb8d3t.cloudfront.net/s-sport/tracks-v1a1/2026/10/04/21/50/41-06000.jpg
2026-10-04 21:49:48,216 [INFO] Capturing response: https://d3323gwjvb8d3t.cloudfront.net/s-sport/tracks-v1a1/2026/10/04/21/50/41-06000.jpg 200 
2026-10-04 21:49:48,518 [INFO] Capturing request: https://d3323gwjvb8d3t.cloudfront.net/s-sport/tracks-v1a1/2026/10/04/21/50/47-06000.jpg
2026-10-04 21:49:48,896 [INFO] Capturing response: https://d3323gwjvb8d3t.cloudfront.net/s-sport/tracks-v1a1/2026/10/04/21/50/47-06000.jpg 200 
2026-10-04 21:49:49,182 [INFO] Capturing request: https://d3323gwjvb8d3t.cloudfront.net/s-sport/tracks-v1a1/2026/10/04/21/50/53-06000.jpg
2026-10-04 21:49:49,598 [INFO] Capturing response: https://d3323gwjvb8d3t.cloudfront.net/s-sport/tracks-v1a1/2026/10/04/21/50/53-06000.jpg 200 
2026-10-04 21:49:50,202 [INFO]   ✅ M3U8 bulundu: https://ladyboy.yedektv.cfd//s-sport/tracks-v1a1/mono.m3u8
2026-10-04 21:49:51,203 [INFO] 
[9/14]
2026-10-04 21:49:51,203 [INFO] 🔍 S Sport 2 → https://www.atomsportv516.top/matches?id=s-sport-2
2026-10-04 21:49:51,314 [INFO] Capturing request: https://www.atomsportv516.top/matches?id=s-sport-2
2026-10-04 21:49:51,510 [INFO] Capturing response: https://www.atomsportv516.top/matches?id=s-sport-2 200 
2026-10-04 21:49:51,519 [INFO] Capturing request: https://www.atomsportv516.top/cdn-cgi/rum?
2026-10-04 21:49:51,547 [INFO] Capturing request: https://www.atomsportv516.top/cdn-cgi/rum?
2026-10-04 21:49:51,629 [INFO] Capturing response: https://www.atomsportv516.top/cdn-cgi/rum? 204 
2026-10-04 21:49:51,644 [INFO] Capturing request: https://teletv5.top/load/yayinlink.php?id=s-sport-2
2026-10-04 21:49:51,647 [INFO] Capturing request: https://www.atomsportv516.top/favicon.ico
2026-10-04 21:49:51,687 [INFO] Capturing response: https://www.atomsportv516.top/favicon.ico 200 
2026-10-04 21:49:51,696 [INFO] Capturing response: https://www.atomsportv516.top/cdn-cgi/rum? 204 
2026-10-04 21:49:51,756 [INFO] Capturing request: https://streamsport365.com/cinema
2026-10-04 21:49:51,813 [INFO] Capturing response: https://teletv5.top/load/yayinlink.php?id=s-sport-2 200 
2026-10-04 21:49:52,029 [INFO] Capturing response: https://streamsport365.com/cinema 200 
2026-10-04 21:49:52,140 [INFO] Capturing request: https://www.atomsportv516.top/assets/img/player/player_logo_6a87a2e2eecc5.png
2026-10-04 21:49:52,150 [INFO] Capturing request: https://ladyboy.yedektv.cfd//s-sport2/tracks-v1a1/mono.m3u8
2026-10-04 21:49:52,276 [INFO] Capturing response: https://www.atomsportv516.top/assets/img/player/player_logo_6a87a2e2eecc5.png 304 
2026-10-04 21:49:52,299 [INFO] Capturing response: https://ladyboy.yedektv.cfd//s-sport2/tracks-v1a1/mono.m3u8 200 
2026-10-04 21:49:52,449 [INFO] Capturing request: https://d3323gwjvb8d3t.cloudfront.net/s-sport2/tracks-v1a1/2026/10/04/21/50/47-06000.jpg
2026-10-04 21:49:52,904 [INFO] Capturing response: https://d3323gwjvb8d3t.cloudfront.net/s-sport2/tracks-v1a1/2026/10/04/21/50/47-06000.jpg 200 
2026-10-04 21:49:53,133 [INFO] Capturing request: https://d3323gwjvb8d3t.cloudfront.net/s-sport2/tracks-v1a1/2026/10/04/21/50/53-06000.jpg
2026-10-04 21:49:53,514 [INFO] Capturing response: https://d3323gwjvb8d3t.cloudfront.net/s-sport2/tracks-v1a1/2026/10/04/21/50/53-06000.jpg 200 
2026-10-04 21:49:53,739 [INFO] Capturing request: https://d3323gwjvb8d3t.cloudfront.net/s-sport2/tracks-v1a1/2026/10/04/21/50/59-06000.jpg
2026-10-04 21:49:54,229 [INFO] Capturing response: https://d3323gwjvb8d3t.cloudfront.net/s-sport2/tracks-v1a1/2026/10/04/21/50/59-06000.jpg 200 
2026-10-04 21:49:54,568 [INFO]   ✅ M3U8 bulundu: https://ladyboy.yedektv.cfd//s-sport2/tracks-v1a1/mono.m3u8
2026-10-04 21:49:55,569 [INFO] 
[10/14]
2026-10-04 21:49:55,569 [INFO] 🔍 A Spor → https://www.atomsportv516.top/matches?id=a-spor
2026-10-04 21:49:55,679 [INFO] Capturing request: https://www.atomsportv516.top/matches?id=a-spor
2026-10-04 21:49:56,171 [INFO] Capturing response: https://www.atomsportv516.top/matches?id=a-spor 200 
2026-10-04 21:49:56,180 [INFO] Capturing request: https://www.atomsportv516.top/cdn-cgi/rum?
2026-10-04 21:49:56,210 [INFO] Capturing request: https://streamsport365.com/cinema
2026-10-04 21:49:56,211 [INFO] Capturing request: https://www.atomsportv516.top/cdn-cgi/rum?
2026-10-04 21:49:56,290 [INFO] Capturing response: https://www.atomsportv516.top/cdn-cgi/rum? 204 
2026-10-04 21:49:56,310 [INFO] Capturing request: https://www.atomsportv516.top/favicon.ico
2026-10-04 21:49:56,312 [INFO] Capturing request: https://teletv5.top/load/yayinlink.php?id=a-spor
2026-10-04 21:49:56,352 [INFO] Capturing response: https://www.atomsportv516.top/favicon.ico 200 
2026-10-04 21:49:56,361 [INFO] Capturing response: https://www.atomsportv516.top/cdn-cgi/rum? 204 
2026-10-04 21:49:56,484 [INFO] Capturing response: https://teletv5.top/load/yayinlink.php?id=a-spor 200 
2026-10-04 21:49:56,493 [INFO] Capturing response: https://streamsport365.com/cinema 200 
2026-10-04 21:49:56,635 [INFO] Capturing request: https://www.atomsportv516.top/assets/img/player/player_logo_6a87a2e2eecc5.png
2026-10-04 21:49:56,644 [INFO] Capturing request: https://ladyboy.yedektv.cfd//aspor/tracks-v1a1/mono.m3u8
2026-10-04 21:49:56,760 [INFO] Capturing response: https://www.atomsportv516.top/assets/img/player/player_logo_6a87a2e2eecc5.png 304 
2026-10-04 21:49:56,795 [INFO] Capturing response: https://ladyboy.yedektv.cfd//aspor/tracks-v1a1/mono.m3u8 200 
2026-10-04 21:49:56,905 [INFO] Capturing request: https://d3323gwjvb8d3t.cloudfront.net/aspor/tracks-v1a1/2026/10/04/21/49/16-06000.jpg
2026-10-04 21:49:57,161 [INFO] Capturing response: https://d3323gwjvb8d3t.cloudfront.net/aspor/tracks-v1a1/2026/10/04/21/49/16-06000.jpg 200 
2026-10-04 21:49:57,426 [INFO] Capturing request: https://d3323gwjvb8d3t.cloudfront.net/aspor/tracks-v1a1/2026/10/04/21/49/22-06000.jpg
2026-10-04 21:49:57,663 [INFO] Capturing response: https://d3323gwjvb8d3t.cloudfront.net/aspor/tracks-v1a1/2026/10/04/21/49/22-06000.jpg 200 
2026-10-04 21:49:57,919 [INFO] Capturing request: https://d3323gwjvb8d3t.cloudfront.net/aspor/tracks-v1a1/2026/10/04/21/49/28-06000.jpg
2026-10-04 21:49:58,169 [INFO] Capturing response: https://d3323gwjvb8d3t.cloudfront.net/aspor/tracks-v1a1/2026/10/04/21/49/28-06000.jpg 200 
2026-10-04 21:49:59,233 [INFO]   ✅ M3U8 bulundu: https://ladyboy.yedektv.cfd//aspor/tracks-v1a1/mono.m3u8
2026-10-04 21:50:00,233 [INFO] 
[11/14]
2026-10-04 21:50:00,233 [INFO] 🔍 Tivibu Spor 1 → https://www.atomsportv516.top/matches?id=tivibu-spor-1
2026-10-04 21:50:00,344 [INFO] Capturing request: https://www.atomsportv516.top/matches?id=tivibu-spor-1
2026-10-04 21:50:00,618 [INFO] Capturing response: https://www.atomsportv516.top/matches?id=tivibu-spor-1 200 
2026-10-04 21:50:00,628 [INFO] Capturing request: https://www.atomsportv516.top/cdn-cgi/rum?
2026-10-04 21:50:00,655 [INFO] Capturing request: https://www.atomsportv516.top/cdn-cgi/rum?
2026-10-04 21:50:00,738 [INFO] Capturing response: https://www.atomsportv516.top/cdn-cgi/rum? 204 
2026-10-04 21:50:00,752 [INFO] Capturing request: https://teletv5.top/load/yayinlink.php?id=tivibu-spor-1
2026-10-04 21:50:00,758 [INFO] Capturing request: https://www.atomsportv516.top/favicon.ico
2026-10-04 21:50:00,801 [INFO] Capturing response: https://www.atomsportv516.top/favicon.ico 200 
2026-10-04 21:50:00,807 [INFO] Capturing response: https://www.atomsportv516.top/cdn-cgi/rum? 204 
2026-10-04 21:50:00,867 [INFO] Capturing request: https://streamsport365.com/cinema
2026-10-04 21:50:00,921 [INFO] Capturing response: https://teletv5.top/load/yayinlink.php?id=tivibu-spor-1 200 
2026-10-04 21:50:01,145 [INFO] Capturing response: https://streamsport365.com/cinema 200 
2026-10-04 21:50:14,862 [INFO] Capturing request: https://update.googleapis.com/service/update2/json?cup2key=ML-DSA-44-16:DS5M7XqP6Ro_QLbIvuvZfPiCz5AMoe-pxXe-pi6yP1g&cup2hreq=2bab6aa85e70324d921e728eea70cbb0019b21b8bc2b544d165ed93aff186e24
2026-10-04 21:50:14,891 [INFO] Capturing response: https://update.googleapis.com/service/update2/json?cup2key=ML-DSA-44-16:DS5M7XqP6Ro_QLbIvuvZfPiCz5AMoe-pxXe-pi6yP1g&cup2hreq=2bab6aa85e70324d921e728eea70cbb0019b21b8bc2b544d165ed93aff186e24 200 
2026-10-04 21:50:14,901 [INFO] Capturing request: http://edgedl.me.gvt1.com/edgedl/release2/chrome_component/ac5bcoqmrwbzk7hzapfrfzo3ejfq_10819/hfnkpimlhhgieaddgfemjhofmfblmnib_10819_all_ade7axtlplcm36su4ohxtgj7ydxq.crx3
2026-10-04 21:50:14,939 [INFO] Capturing response: http://edgedl.me.gvt1.com/edgedl/release2/chrome_component/ac5bcoqmrwbzk7hzapfrfzo3ejfq_10819/hfnkpimlhhgieaddgfemjhofmfblmnib_10819_all_ade7axtlplcm36su4ohxtgj7ydxq.crx3 200 OK
2026-10-04 21:50:14,967 [INFO] Capturing request: https://update.googleapis.com/service/update2/json
2026-10-04 21:50:14,992 [INFO] Capturing response: https://update.googleapis.com/service/update2/json 200 
2026-10-04 21:50:15,038 [INFO] Capturing request: http://edgedl.me.gvt1.com/edgedl/diffgen-puffin/gcmjkmgdlgnkkcocmoeiminaijmmjnii/93d241e87603e2aac20e9e6ab2a12f1dd352be0faabae7597f3872f3267db430
2026-10-04 21:50:15,049 [INFO] Capturing response: http://edgedl.me.gvt1.com/edgedl/diffgen-puffin/gcmjkmgdlgnkkcocmoeiminaijmmjnii/93d241e87603e2aac20e9e6ab2a12f1dd352be0faabae7597f3872f3267db430 200 OK
2026-10-04 21:50:15,117 [INFO] Capturing request: https://update.googleapis.com/service/update2/json
2026-10-04 21:50:15,144 [INFO] Capturing response: https://update.googleapis.com/service/update2/json 200 
2026-10-04 21:50:33,959 [WARNING]   ❌ Tivibu Spor 1 için M3U8 bulunamadı
2026-10-04 21:50:34,475 [INFO] Capturing request: https://android.clients.google.com/c2dm/register3
2026-10-04 21:50:34,511 [INFO] Capturing response: https://android.clients.google.com/c2dm/register3 301 
2026-10-04 21:50:34,959 [INFO] 
[12/14]
2026-10-04 21:50:34,959 [INFO] 🔍 Tivibu Spor 2 → https://www.atomsportv516.top/matches?id=tivibu-spor-2
2026-10-04 21:50:35,105 [INFO] Capturing request: https://www.atomsportv516.top/matches?id=tivibu-spor-2
2026-10-04 21:50:35,702 [INFO] Capturing response: https://www.atomsportv516.top/matches?id=tivibu-spor-2 200 
2026-10-04 21:50:35,713 [INFO] Capturing request: https://www.atomsportv516.top/cdn-cgi/rum?
2026-10-04 21:50:35,735 [INFO] Capturing request: https://www.atomsportv516.top/cdn-cgi/rum?
2026-10-04 21:50:35,826 [INFO] Capturing response: https://www.atomsportv516.top/cdn-cgi/rum? 204 
2026-10-04 21:50:35,847 [INFO] Capturing request: https://www.atomsportv516.top/favicon.ico
2026-10-04 21:50:35,883 [INFO] Capturing request: https://teletv5.top/load/yayinlink.php?id=tivibu-spor-2
2026-10-04 21:50:35,886 [INFO] Capturing response: https://www.atomsportv516.top/cdn-cgi/rum? 204 
2026-10-04 21:50:35,897 [INFO] Capturing response: https://www.atomsportv516.top/favicon.ico 200 
2026-10-04 21:50:36,276 [INFO] Capturing response: https://teletv5.top/load/yayinlink.php?id=tivibu-spor-2 200 
2026-10-04 21:50:36,373 [INFO] Capturing request: https://streamsport365.com/cinema
2026-10-04 21:50:36,644 [INFO] Capturing response: https://streamsport365.com/cinema 200 
2026-10-04 21:51:09,014 [WARNING]   ❌ Tivibu Spor 2 için M3U8 bulunamadı
2026-10-04 21:51:10,014 [INFO] 
[13/14]
2026-10-04 21:51:10,014 [INFO] 🔍 Tivibu Spor 3 → https://www.atomsportv516.top/matches?id=tivibu-spor-3
2026-10-04 21:51:10,125 [INFO] Capturing request: https://www.atomsportv516.top/matches?id=tivibu-spor-3
2026-10-04 21:51:10,493 [INFO] Capturing response: https://www.atomsportv516.top/matches?id=tivibu-spor-3 200 
2026-10-04 21:51:10,502 [INFO] Capturing request: https://www.atomsportv516.top/cdn-cgi/rum?
2026-10-04 21:51:10,533 [INFO] Capturing request: https://www.atomsportv516.top/cdn-cgi/rum?
2026-10-04 21:51:10,611 [INFO] Capturing response: https://www.atomsportv516.top/cdn-cgi/rum? 204 
2026-10-04 21:51:10,628 [INFO] Capturing request: https://teletv5.top/load/yayinlink.php?id=tivibu-spor-3
2026-10-04 21:51:10,633 [INFO] Capturing request: https://www.atomsportv516.top/favicon.ico
2026-10-04 21:51:10,675 [INFO] Capturing response: https://www.atomsportv516.top/favicon.ico 200 
2026-10-04 21:51:10,681 [INFO] Capturing response: https://www.atomsportv516.top/cdn-cgi/rum? 204 
2026-10-04 21:51:10,742 [INFO] Capturing request: https://streamsport365.com/cinema
2026-10-04 21:51:10,805 [INFO] Capturing response: https://teletv5.top/load/yayinlink.php?id=tivibu-spor-3 200 
2026-10-04 21:51:11,017 [INFO] Capturing response: https://streamsport365.com/cinema 200 
2026-10-04 21:51:43,803 [WARNING]   ❌ Tivibu Spor 3 için M3U8 bulunamadı
2026-10-04 21:51:44,804 [INFO] 
[14/14]
2026-10-04 21:51:44,804 [INFO] 🔍 Tivibu Spor 4 → https://www.atomsportv516.top/matches?id=tivibu-spor-4
2026-10-04 21:51:44,913 [INFO] Capturing request: https://www.atomsportv516.top/matches?id=tivibu-spor-4
2026-10-04 21:51:45,274 [INFO] Capturing response: https://www.atomsportv516.top/matches?id=tivibu-spor-4 200 
2026-10-04 21:51:45,283 [INFO] Capturing request: https://www.atomsportv516.top/cdn-cgi/rum?
2026-10-04 21:51:45,312 [INFO] Capturing request: https://www.atomsportv516.top/cdn-cgi/rum?
2026-10-04 21:51:45,392 [INFO] Capturing response: https://www.atomsportv516.top/cdn-cgi/rum? 204 
2026-10-04 21:51:45,411 [INFO] Capturing request: https://teletv5.top/load/yayinlink.php?id=tivibu-spor-4
2026-10-04 21:51:45,416 [INFO] Capturing request: https://www.atomsportv516.top/favicon.ico
2026-10-04 21:51:45,456 [INFO] Capturing response: https://www.atomsportv516.top/favicon.ico 200 
2026-10-04 21:51:45,461 [INFO] Capturing response: https://www.atomsportv516.top/cdn-cgi/rum? 204 
2026-10-04 21:51:45,527 [INFO] Capturing request: https://streamsport365.com/cinema
2026-10-04 21:51:45,804 [INFO] Capturing response: https://streamsport365.com/cinema 200 
2026-10-04 21:51:45,873 [INFO] Capturing response: https://teletv5.top/load/yayinlink.php?id=tivibu-spor-4 200 
2026-10-04 21:51:58,518 [INFO] Capturing request: https://android.clients.google.com/c2dm/register3
2026-10-04 21:51:58,553 [INFO] Capturing response: https://android.clients.google.com/c2dm/register3 301 
2026-10-04 21:52:18,585 [WARNING]   ❌ Tivibu Spor 4 için M3U8 bulunamadı
2026-10-04 21:52:19,663 [INFO] ✅ 10 kanal bulundu, playlist.m3u kaydedildi
