2026-09-17 00:48:50,062 [INFO] 🌐 BASE_URL: https://www.atomsportv514.top
2026-09-17 00:48:51,238 [INFO] Başlanıyor... 14 kanal taranacak
2026-09-17 00:48:51,238 [INFO] Using default request storage
2026-09-17 00:48:51,243 [INFO] Created proxy listening on 127.0.0.1:46039
2026-09-17 00:48:51,919 [INFO] Capturing request: http://clients2.google.com/time/1/current?cup2key=10:Z70UyuCmgfzaFbzaXPoB9zBOetcEWuH3ZhjM41C2Nk4&cup2hreq=e3b0c44298fc1c149afbf4c8996fb92427ae41e4649b934ca495991b7852b855
2026-09-17 00:48:51,956 [INFO] Capturing response: http://clients2.google.com/time/1/current?cup2key=10:Z70UyuCmgfzaFbzaXPoB9zBOetcEWuH3ZhjM41C2Nk4&cup2hreq=e3b0c44298fc1c149afbf4c8996fb92427ae41e4649b934ca495991b7852b855 200 OK
2026-09-17 00:48:52,199 [INFO] 
[1/14]
2026-09-17 00:48:52,199 [INFO] 🔍 beIN Sports 1 → https://www.atomsportv514.top/matches?id=bein-sports-1
2026-09-17 00:48:52,304 [INFO] Capturing request: https://update.googleapis.com/service/update2/json?cup2key=ML-DSA-44-16:jkTut8Agg5UDUzqH1xBXM7NvFfAH-2qWKszcBPjUIjc&cup2hreq=a761ca07d33b0c567c08e83f8c867340320c73a263f8bf4e4a24100ccab43544
2026-09-17 00:48:52,312 [INFO] Capturing request: https://accounts.google.com/ListAccounts?gpsia=1&source=ChromiumBrowser&json=standard&laf=b64bin
2026-09-17 00:48:52,355 [INFO] Capturing response: https://update.googleapis.com/service/update2/json?cup2key=ML-DSA-44-16:jkTut8Agg5UDUzqH1xBXM7NvFfAH-2qWKszcBPjUIjc&cup2hreq=a761ca07d33b0c567c08e83f8c867340320c73a263f8bf4e4a24100ccab43544 200 
2026-09-17 00:48:52,364 [INFO] Capturing response: https://accounts.google.com/ListAccounts?gpsia=1&source=ChromiumBrowser&json=standard&laf=b64bin 200 
2026-09-17 00:48:52,400 [INFO] Capturing request: https://www.google.com/async/folae?async=_fmt:pb&udm=50&client_locale=en-US&client_country=ZZ
2026-09-17 00:48:52,408 [INFO] Capturing request: https://update.googleapis.com/service/update2/json?cup2key=ML-DSA-44-16:41tsn3Ben5P1vle0Mf0gFY-gBiwNFkTo3nMeHFK_HXs&cup2hreq=4abd3d11559e4330d838591963edd8be36b1340600ecf84aa29a701d35f483e0
2026-09-17 00:48:52,427 [INFO] Capturing response: https://www.google.com/async/folae?async=_fmt:pb&udm=50&client_locale=en-US&client_country=ZZ 200 
2026-09-17 00:48:52,435 [INFO] Capturing response: https://update.googleapis.com/service/update2/json?cup2key=ML-DSA-44-16:41tsn3Ben5P1vle0Mf0gFY-gBiwNFkTo3nMeHFK_HXs&cup2hreq=4abd3d11559e4330d838591963edd8be36b1340600ecf84aa29a701d35f483e0 200 
2026-09-17 00:48:52,472 [INFO] Capturing request: https://www.atomsportv514.top/matches?id=bein-sports-1
2026-09-17 00:48:52,485 [INFO] Capturing request: https://update.googleapis.com/service/update2/json?cup2key=ML-DSA-44-16:VWZMob-udc-zgHSElbp90k0LVZU7Atq2btFfYArV7xM&cup2hreq=922412a9994abcd8a20153dcee892d8bfb85bd3f3ae48f1a22a0afa2ec4293cf
2026-09-17 00:48:52,515 [INFO] Capturing response: https://update.googleapis.com/service/update2/json?cup2key=ML-DSA-44-16:VWZMob-udc-zgHSElbp90k0LVZU7Atq2btFfYArV7xM&cup2hreq=922412a9994abcd8a20153dcee892d8bfb85bd3f3ae48f1a22a0afa2ec4293cf 200 
2026-09-17 00:48:52,614 [INFO] Capturing request: https://www.google.com/async/folae?async=_fmt:pb&udm=50&client_locale=en-US&client_country=ZZ
2026-09-17 00:48:52,639 [INFO] Capturing response: https://www.google.com/async/folae?async=_fmt:pb&udm=50&client_locale=en-US&client_country=ZZ 200 
2026-09-17 00:48:52,985 [INFO] Capturing response: https://www.atomsportv514.top/matches?id=bein-sports-1 200 
2026-09-17 00:48:53,199 [INFO] Capturing request: https://cdn.jsdelivr.net/npm/@clappr/player@0.11.16/dist/clappr.min.js
2026-09-17 00:48:53,201 [INFO] Capturing request: https://cdn.jsdelivr.net/npm/@clappr/hlsjs-playback@1.8.3/dist/hlsjs-playback.min.js
2026-09-17 00:48:53,203 [INFO] Capturing request: https://cdn.jsdelivr.net/npm/level-selector/dist/level-selector.min.js
2026-09-17 00:48:53,234 [INFO] Capturing response: https://cdn.jsdelivr.net/npm/level-selector/dist/level-selector.min.js 200 
2026-09-17 00:48:53,253 [INFO] Capturing response: https://cdn.jsdelivr.net/npm/@clappr/player@0.11.16/dist/clappr.min.js 200 
2026-09-17 00:48:53,260 [INFO] Capturing response: https://cdn.jsdelivr.net/npm/@clappr/hlsjs-playback@1.8.3/dist/hlsjs-playback.min.js 200 
2026-09-17 00:48:53,481 [INFO] Capturing request: https://www.atomsportv514.top/favicon.ico
2026-09-17 00:48:53,529 [INFO] Capturing request: https://teletv5.top/load/yayinlink.php?id=bein-sports-1
2026-09-17 00:48:53,560 [INFO] Capturing response: https://www.atomsportv514.top/favicon.ico 200 
2026-09-17 00:48:53,937 [INFO] Capturing request: https://streamsport365.com/cinema
2026-09-17 00:48:54,183 [INFO] Capturing response: https://streamsport365.com/cinema 200 
2026-09-17 00:48:55,323 [INFO] Capturing request: https://android.clients.google.com/checkin
2026-09-17 00:48:55,422 [INFO] Capturing response: https://android.clients.google.com/checkin 200 
2026-09-17 00:48:55,473 [INFO] Capturing request: https://android.clients.google.com/c2dm/register3
2026-09-17 00:48:55,475 [INFO] Capturing request: https://android.clients.google.com/c2dm/register3
2026-09-17 00:48:55,476 [INFO] Capturing request: https://android.clients.google.com/c2dm/register3
2026-09-17 00:48:55,519 [INFO] Capturing response: https://android.clients.google.com/c2dm/register3 200 
2026-09-17 00:48:55,525 [INFO] Capturing response: https://android.clients.google.com/c2dm/register3 200 
2026-09-17 00:48:55,531 [INFO] Capturing response: https://android.clients.google.com/c2dm/register3 200 
2026-09-17 00:48:55,914 [INFO] Capturing response: https://teletv5.top/load/yayinlink.php?id=bein-sports-1 200 
2026-09-17 00:48:56,086 [INFO] Capturing request: https://www.atomsportv514.top/assets/img/player/player_logo_6a87a2e2eecc5.png
2026-09-17 00:48:56,145 [INFO] Capturing request: https://ladyboy.taylandpattaya.cfd//beintv/tracks-v1a1/mono.m3u8
2026-09-17 00:48:56,151 [INFO] Capturing response: https://www.atomsportv514.top/assets/img/player/player_logo_6a87a2e2eecc5.png 200 
2026-09-17 00:48:56,397 [INFO] Capturing response: https://ladyboy.taylandpattaya.cfd//beintv/tracks-v1a1/mono.m3u8 200 
2026-09-17 00:48:56,647 [INFO] Capturing request: https://taylandpompa.taylandpattaya.cfd/beintv/tracks-v1a1/2026/09/17/00/49/49-06000.jpg
2026-09-17 00:48:57,018 [INFO] Capturing response: https://taylandpompa.taylandpattaya.cfd/beintv/tracks-v1a1/2026/09/17/00/49/49-06000.jpg 200 
2026-09-17 00:48:57,258 [INFO] Capturing request: https://taylandpompa.taylandpattaya.cfd/beintv/tracks-v1a1/2026/09/17/00/49/55-06000.jpg
2026-09-17 00:48:57,507 [INFO] Capturing response: https://taylandpompa.taylandpattaya.cfd/beintv/tracks-v1a1/2026/09/17/00/49/55-06000.jpg 200 
2026-09-17 00:48:57,723 [INFO] Capturing request: https://taylandpompa.taylandpattaya.cfd/beintv/tracks-v1a1/2026/09/17/00/50/01-06000.jpg
2026-09-17 00:48:58,011 [INFO] Capturing response: https://taylandpompa.taylandpattaya.cfd/beintv/tracks-v1a1/2026/09/17/00/50/01-06000.jpg 200 
2026-09-17 00:49:08,098 [INFO] Capturing request: https://ladyboy.taylandpattaya.cfd//beintv/tracks-v1a1/mono.m3u8
2026-09-17 00:49:08,232 [INFO] Capturing response: https://ladyboy.taylandpattaya.cfd//beintv/tracks-v1a1/mono.m3u8 200 
2026-09-17 00:49:08,340 [INFO] Capturing request: https://taylandpompa.taylandpattaya.cfd/beintv/tracks-v1a1/2026/09/17/00/50/07-06000.jpg
2026-09-17 00:49:08,741 [INFO] Capturing response: https://taylandpompa.taylandpattaya.cfd/beintv/tracks-v1a1/2026/09/17/00/50/07-06000.jpg 200 
2026-09-17 00:49:08,954 [INFO] Capturing request: https://taylandpompa.taylandpattaya.cfd/beintv/tracks-v1a1/2026/09/17/00/50/13-06000.jpg
2026-09-17 00:49:09,205 [INFO] Capturing response: https://taylandpompa.taylandpattaya.cfd/beintv/tracks-v1a1/2026/09/17/00/50/13-06000.jpg 200 
2026-09-17 00:49:11,657 [INFO]   ✅ M3U8 bulundu: https://ladyboy.taylandpattaya.cfd//beintv/tracks-v1a1/mono.m3u8
2026-09-17 00:49:12,658 [INFO] 
[2/14]
2026-09-17 00:49:12,658 [INFO] 🔍 beIN Sports 2 → https://www.atomsportv514.top/matches?id=bein-sports-2
2026-09-17 00:49:12,771 [INFO] Capturing request: https://www.atomsportv514.top/matches?id=bein-sports-2
2026-09-17 00:49:12,992 [INFO] Capturing response: https://www.atomsportv514.top/matches?id=bein-sports-2 200 
2026-09-17 00:49:13,141 [INFO] Capturing request: https://teletv5.top/load/yayinlink.php?id=bein-sports-2
2026-09-17 00:49:13,143 [INFO] Capturing request: https://www.atomsportv514.top/favicon.ico
2026-09-17 00:49:13,207 [INFO] Capturing response: https://www.atomsportv514.top/favicon.ico 200 
2026-09-17 00:49:13,240 [INFO] Capturing request: https://streamsport365.com/cinema
2026-09-17 00:49:13,309 [INFO] Capturing response: https://teletv5.top/load/yayinlink.php?id=bein-sports-2 200 
2026-09-17 00:49:13,487 [INFO] Capturing response: https://streamsport365.com/cinema 200 
2026-09-17 00:49:13,599 [INFO] Capturing request: https://www.atomsportv514.top/assets/img/player/player_logo_6a87a2e2eecc5.png
2026-09-17 00:49:13,609 [INFO] Capturing request: https://ladyboy.taylandpattaya.cfd//bein2/tracks-v1a1/mono.m3u8
2026-09-17 00:49:13,728 [INFO] Capturing response: https://www.atomsportv514.top/assets/img/player/player_logo_6a87a2e2eecc5.png 304 
2026-09-17 00:49:13,764 [INFO] Capturing response: https://ladyboy.taylandpattaya.cfd//bein2/tracks-v1a1/mono.m3u8 200 
2026-09-17 00:49:13,914 [INFO] Capturing request: https://taylandpompa.taylandpattaya.cfd/bein2/tracks-v1a1/2026/09/17/00/48/45-08120.jpg
2026-09-17 00:49:14,223 [INFO] Capturing response: https://taylandpompa.taylandpattaya.cfd/bein2/tracks-v1a1/2026/09/17/00/48/45-08120.jpg 200 
2026-09-17 00:49:14,466 [INFO] Capturing request: https://taylandpompa.taylandpattaya.cfd/bein2/tracks-v1a1/2026/09/17/00/48/53-07320.jpg
2026-09-17 00:49:14,716 [INFO] Capturing response: https://taylandpompa.taylandpattaya.cfd/bein2/tracks-v1a1/2026/09/17/00/48/53-07320.jpg 200 
2026-09-17 00:49:14,912 [INFO] Capturing request: https://taylandpompa.taylandpattaya.cfd/bein2/tracks-v1a1/2026/09/17/00/49/00-14160.jpg
2026-09-17 00:49:15,450 [INFO] Capturing response: https://taylandpompa.taylandpattaya.cfd/bein2/tracks-v1a1/2026/09/17/00/49/00-14160.jpg 200 
2026-09-17 00:49:15,715 [INFO] Capturing request: https://taylandpompa.taylandpattaya.cfd/bein2/tracks-v1a1/2026/09/17/00/49/15-06920.jpg
2026-09-17 00:49:15,981 [INFO] Capturing response: https://taylandpompa.taylandpattaya.cfd/bein2/tracks-v1a1/2026/09/17/00/49/15-06920.jpg 200 
2026-09-17 00:49:16,068 [INFO]   ✅ M3U8 bulundu: https://ladyboy.taylandpattaya.cfd//bein2/tracks-v1a1/mono.m3u8
2026-09-17 00:49:17,068 [INFO] 
[3/14]
2026-09-17 00:49:17,068 [INFO] 🔍 beIN Sports 3 → https://www.atomsportv514.top/matches?id=bein-sports-3
2026-09-17 00:49:17,181 [INFO] Capturing request: https://www.atomsportv514.top/matches?id=bein-sports-3
2026-09-17 00:49:17,429 [INFO] Capturing response: https://www.atomsportv514.top/matches?id=bein-sports-3 200 
2026-09-17 00:49:17,460 [INFO] Capturing request: https://streamsport365.com/cinema
2026-09-17 00:49:17,560 [INFO] Capturing request: https://www.atomsportv514.top/favicon.ico
2026-09-17 00:49:17,561 [INFO] Capturing request: https://teletv5.top/load/yayinlink.php?id=bein-sports-3
2026-09-17 00:49:17,630 [INFO] Capturing response: https://www.atomsportv514.top/favicon.ico 200 
2026-09-17 00:49:17,704 [INFO] Capturing response: https://streamsport365.com/cinema 200 
2026-09-17 00:49:17,736 [INFO] Capturing response: https://teletv5.top/load/yayinlink.php?id=bein-sports-3 200 
2026-09-17 00:49:17,888 [INFO] Capturing request: https://www.atomsportv514.top/assets/img/player/player_logo_6a87a2e2eecc5.png
2026-09-17 00:49:17,898 [INFO] Capturing request: https://ladyboy.taylandpattaya.cfd//bein3/tracks-v1a1/mono.m3u8
2026-09-17 00:49:18,015 [INFO] Capturing response: https://www.atomsportv514.top/assets/img/player/player_logo_6a87a2e2eecc5.png 304 
2026-09-17 00:49:18,045 [INFO] Capturing response: https://ladyboy.taylandpattaya.cfd//bein3/tracks-v1a1/mono.m3u8 200 
2026-09-17 00:49:18,195 [INFO] Capturing request: https://taylandpompa.taylandpattaya.cfd/bein3/tracks-v1a1/2026/09/17/00/50/21-10000.jpg
2026-09-17 00:49:18,525 [INFO] Capturing response: https://taylandpompa.taylandpattaya.cfd/bein3/tracks-v1a1/2026/09/17/00/50/21-10000.jpg 200 
2026-09-17 00:49:18,714 [INFO] Capturing request: https://taylandpompa.taylandpattaya.cfd/bein3/tracks-v1a1/2026/09/17/00/50/31-10000.jpg
2026-09-17 00:49:18,975 [INFO] Capturing response: https://taylandpompa.taylandpattaya.cfd/bein3/tracks-v1a1/2026/09/17/00/50/31-10000.jpg 200 
2026-09-17 00:49:19,121 [INFO] Capturing request: https://android.clients.google.com/c2dm/register3
2026-09-17 00:49:19,199 [INFO] Capturing request: https://taylandpompa.taylandpattaya.cfd/bein3/tracks-v1a1/2026/09/17/00/50/41-10000.jpg
2026-09-17 00:49:19,289 [INFO] Capturing request: https://android.clients.google.com/c2dm/register3
2026-09-17 00:49:19,345 [INFO] Capturing response: https://android.clients.google.com/c2dm/register3 301 
2026-09-17 00:49:19,465 [INFO] Capturing response: https://taylandpompa.taylandpattaya.cfd/bein3/tracks-v1a1/2026/09/17/00/50/41-10000.jpg 200 
2026-09-17 00:49:19,789 [INFO] Capturing response: https://android.clients.google.com/c2dm/register3 200 
2026-09-17 00:49:20,485 [INFO]   ✅ M3U8 bulundu: https://ladyboy.taylandpattaya.cfd//bein3/tracks-v1a1/mono.m3u8
2026-09-17 00:49:20,492 [INFO] Capturing request: https://android.clients.google.com/c2dm/register3
2026-09-17 00:49:20,893 [INFO] Capturing response: https://android.clients.google.com/c2dm/register3 200 
2026-09-17 00:49:21,485 [INFO] 
[4/14]
2026-09-17 00:49:21,485 [INFO] 🔍 beIN Sports 4 → https://www.atomsportv514.top/matches?id=bein-sports-4
2026-09-17 00:49:21,597 [INFO] Capturing request: https://www.atomsportv514.top/matches?id=bein-sports-4
2026-09-17 00:49:21,821 [INFO] Capturing response: https://www.atomsportv514.top/matches?id=bein-sports-4 200 
2026-09-17 00:49:21,948 [INFO] Capturing request: https://teletv5.top/load/yayinlink.php?id=bein-sports-4
2026-09-17 00:49:21,952 [INFO] Capturing request: https://www.atomsportv514.top/favicon.ico
2026-09-17 00:49:22,009 [INFO] Capturing response: https://www.atomsportv514.top/favicon.ico 200 
2026-09-17 00:49:22,049 [INFO] Capturing request: https://streamsport365.com/cinema
2026-09-17 00:49:22,119 [INFO] Capturing response: https://teletv5.top/load/yayinlink.php?id=bein-sports-4 200 
2026-09-17 00:49:22,306 [INFO] Capturing response: https://streamsport365.com/cinema 200 
2026-09-17 00:49:22,417 [INFO] Capturing request: https://www.atomsportv514.top/assets/img/player/player_logo_6a87a2e2eecc5.png
2026-09-17 00:49:22,426 [INFO] Capturing request: https://ladyboy.taylandpattaya.cfd//bein4/tracks-v1a1/mono.m3u8
2026-09-17 00:49:22,551 [INFO] Capturing response: https://www.atomsportv514.top/assets/img/player/player_logo_6a87a2e2eecc5.png 304 
2026-09-17 00:49:22,578 [INFO] Capturing response: https://ladyboy.taylandpattaya.cfd//bein4/tracks-v1a1/mono.m3u8 200 
2026-09-17 00:49:22,688 [INFO] Capturing request: https://taylandpompa.taylandpattaya.cfd/bein4/tracks-v1a1/2026/09/17/00/50/15-05760.jpg
2026-09-17 00:49:22,955 [INFO] Capturing response: https://taylandpompa.taylandpattaya.cfd/bein4/tracks-v1a1/2026/09/17/00/50/15-05760.jpg 200 
2026-09-17 00:49:23,181 [INFO] Capturing request: https://taylandpompa.taylandpattaya.cfd/bein4/tracks-v1a1/2026/09/17/00/50/21-05760.jpg
2026-09-17 00:49:23,454 [INFO] Capturing response: https://taylandpompa.taylandpattaya.cfd/bein4/tracks-v1a1/2026/09/17/00/50/21-05760.jpg 200 
2026-09-17 00:49:23,676 [INFO] Capturing request: https://taylandpompa.taylandpattaya.cfd/bein4/tracks-v1a1/2026/09/17/00/50/27-05760.jpg
2026-09-17 00:49:23,943 [INFO] Capturing response: https://taylandpompa.taylandpattaya.cfd/bein4/tracks-v1a1/2026/09/17/00/50/27-05760.jpg 200 
2026-09-17 00:49:24,162 [INFO] Capturing request: https://taylandpompa.taylandpattaya.cfd/bein4/tracks-v1a1/2026/09/17/00/50/33-05760.jpg
2026-09-17 00:49:24,418 [INFO] Capturing response: https://taylandpompa.taylandpattaya.cfd/bein4/tracks-v1a1/2026/09/17/00/50/33-05760.jpg 200 
2026-09-17 00:49:24,875 [INFO]   ✅ M3U8 bulundu: https://ladyboy.taylandpattaya.cfd//bein4/tracks-v1a1/mono.m3u8
2026-09-17 00:49:25,876 [INFO] 
[5/14]
2026-09-17 00:49:25,876 [INFO] 🔍 beIN Sports 5 → https://www.atomsportv514.top/matches?id=bein-sports-5
2026-09-17 00:49:25,988 [INFO] Capturing request: https://www.atomsportv514.top/matches?id=bein-sports-5
2026-09-17 00:49:26,363 [INFO] Capturing response: https://www.atomsportv514.top/matches?id=bein-sports-5 200 
2026-09-17 00:49:26,400 [INFO] Capturing request: https://streamsport365.com/cinema
2026-09-17 00:49:26,498 [INFO] Capturing request: https://www.atomsportv514.top/favicon.ico
2026-09-17 00:49:26,498 [INFO] Capturing request: https://teletv5.top/load/yayinlink.php?id=bein-sports-5
2026-09-17 00:49:26,554 [INFO] Capturing response: https://www.atomsportv514.top/favicon.ico 200 
2026-09-17 00:49:26,646 [INFO] Capturing response: https://streamsport365.com/cinema 200 
2026-09-17 00:49:26,680 [INFO] Capturing response: https://teletv5.top/load/yayinlink.php?id=bein-sports-5 200 
2026-09-17 00:49:26,832 [INFO] Capturing request: https://www.atomsportv514.top/assets/img/player/player_logo_6a87a2e2eecc5.png
2026-09-17 00:49:26,842 [INFO] Capturing request: https://ladyboy.taylandpattaya.cfd//bein5/tracks-v1a1/mono.m3u8
2026-09-17 00:49:26,954 [INFO] Capturing response: https://www.atomsportv514.top/assets/img/player/player_logo_6a87a2e2eecc5.png 304 
2026-09-17 00:49:27,026 [INFO] Capturing response: https://ladyboy.taylandpattaya.cfd//bein5/tracks-v1a1/mono.m3u8 200 
2026-09-17 00:49:27,176 [INFO] Capturing request: https://taylandpompa.taylandpattaya.cfd/bein5/tracks-v1a1/2026/09/17/00/49/03-10000.jpg
2026-09-17 00:49:27,673 [INFO] Capturing response: https://taylandpompa.taylandpattaya.cfd/bein5/tracks-v1a1/2026/09/17/00/49/03-10000.jpg 200 
2026-09-17 00:49:27,996 [INFO] Capturing request: https://taylandpompa.taylandpattaya.cfd/bein5/tracks-v1a1/2026/09/17/00/49/13-10000.jpg
2026-09-17 00:49:28,673 [INFO] Capturing response: https://taylandpompa.taylandpattaya.cfd/bein5/tracks-v1a1/2026/09/17/00/49/13-10000.jpg 200 
2026-09-17 00:49:28,998 [INFO] Capturing request: https://taylandpompa.taylandpattaya.cfd/bein5/tracks-v1a1/2026/09/17/00/49/23-10000.jpg
2026-09-17 00:49:29,434 [INFO]   ✅ M3U8 bulundu: https://ladyboy.taylandpattaya.cfd//bein5/tracks-v1a1/mono.m3u8
2026-09-17 00:49:29,557 [INFO] Capturing response: https://taylandpompa.taylandpattaya.cfd/bein5/tracks-v1a1/2026/09/17/00/49/23-10000.jpg 200 
2026-09-17 00:49:30,435 [INFO] 
[6/14]
2026-09-17 00:49:30,436 [INFO] 🔍 beIN Sports Max 1 → https://www.atomsportv514.top/matches?id=bein-sports-max-1
2026-09-17 00:49:30,548 [INFO] Capturing request: https://www.atomsportv514.top/matches?id=bein-sports-max-1
2026-09-17 00:49:30,772 [INFO] Capturing response: https://www.atomsportv514.top/matches?id=bein-sports-max-1 200 
2026-09-17 00:49:30,901 [INFO] Capturing request: https://teletv5.top/load/yayinlink.php?id=bein-sports-max-1
2026-09-17 00:49:30,903 [INFO] Capturing request: https://www.atomsportv514.top/favicon.ico
2026-09-17 00:49:30,962 [INFO] Capturing response: https://www.atomsportv514.top/favicon.ico 200 
2026-09-17 00:49:31,002 [INFO] Capturing request: https://streamsport365.com/cinema
2026-09-17 00:49:31,075 [INFO] Capturing response: https://teletv5.top/load/yayinlink.php?id=bein-sports-max-1 200 
2026-09-17 00:49:31,256 [INFO] Capturing response: https://streamsport365.com/cinema 200 
2026-09-17 00:49:31,367 [INFO] Capturing request: https://www.atomsportv514.top/assets/img/player/player_logo_6a87a2e2eecc5.png
2026-09-17 00:49:31,379 [INFO] Capturing request: https://ladyboy.taylandpattaya.cfd//beinmax1/tracks-v1a1/mono.m3u8
2026-09-17 00:49:31,539 [INFO] Capturing response: https://www.atomsportv514.top/assets/img/player/player_logo_6a87a2e2eecc5.png 304 
2026-09-17 00:49:31,543 [INFO] Capturing response: https://ladyboy.taylandpattaya.cfd//beinmax1/tracks-v1a1/mono.m3u8 404 
2026-09-17 00:49:33,669 [INFO] Capturing request: https://ladyboy.taylandpattaya.cfd//beinmax1/tracks-v1a1/mono.m3u8
2026-09-17 00:49:33,804 [INFO] Capturing response: https://ladyboy.taylandpattaya.cfd//beinmax1/tracks-v1a1/mono.m3u8 404 
2026-09-17 00:49:33,814 [INFO]   ✅ M3U8 bulundu: https://ladyboy.taylandpattaya.cfd//beinmax1/tracks-v1a1/mono.m3u8
2026-09-17 00:49:34,814 [INFO] 
[7/14]
2026-09-17 00:49:34,814 [INFO] 🔍 beIN Sports Max 2 → https://www.atomsportv514.top/matches?id=bein-sports-max-2
2026-09-17 00:49:34,923 [INFO] Capturing request: https://www.atomsportv514.top/matches?id=bein-sports-max-2
2026-09-17 00:49:35,141 [INFO] Capturing response: https://www.atomsportv514.top/matches?id=bein-sports-max-2 200 
2026-09-17 00:49:35,167 [INFO] Capturing request: https://streamsport365.com/cinema
2026-09-17 00:49:35,264 [INFO] Capturing request: https://teletv5.top/load/yayinlink.php?id=bein-sports-max-2
2026-09-17 00:49:35,268 [INFO] Capturing request: https://www.atomsportv514.top/favicon.ico
2026-09-17 00:49:35,321 [INFO] Capturing response: https://www.atomsportv514.top/favicon.ico 200 
2026-09-17 00:49:35,423 [INFO] Capturing response: https://streamsport365.com/cinema 200 
2026-09-17 00:49:35,436 [INFO] Capturing response: https://teletv5.top/load/yayinlink.php?id=bein-sports-max-2 200 
2026-09-17 00:49:35,589 [INFO] Capturing request: https://www.atomsportv514.top/assets/img/player/player_logo_6a87a2e2eecc5.png
2026-09-17 00:49:35,598 [INFO] Capturing request: https://ladyboy.taylandpattaya.cfd//beinmax2/tracks-v1a1/mono.m3u8
2026-09-17 00:49:35,715 [INFO] Capturing response: https://www.atomsportv514.top/assets/img/player/player_logo_6a87a2e2eecc5.png 304 
2026-09-17 00:49:35,759 [INFO] Capturing response: https://ladyboy.taylandpattaya.cfd//beinmax2/tracks-v1a1/mono.m3u8 404 
2026-09-17 00:49:37,878 [INFO] Capturing request: https://ladyboy.taylandpattaya.cfd//beinmax2/tracks-v1a1/mono.m3u8
2026-09-17 00:49:38,009 [INFO] Capturing response: https://ladyboy.taylandpattaya.cfd//beinmax2/tracks-v1a1/mono.m3u8 404 
2026-09-17 00:49:38,179 [INFO]   ✅ M3U8 bulundu: https://ladyboy.taylandpattaya.cfd//beinmax2/tracks-v1a1/mono.m3u8
2026-09-17 00:49:39,179 [INFO] 
[8/14]
2026-09-17 00:49:39,179 [INFO] 🔍 S Sport → https://www.atomsportv514.top/matches?id=s-sport
2026-09-17 00:49:39,288 [INFO] Capturing request: https://www.atomsportv514.top/matches?id=s-sport
2026-09-17 00:49:39,513 [INFO] Capturing response: https://www.atomsportv514.top/matches?id=s-sport 200 
2026-09-17 00:49:39,642 [INFO] Capturing request: https://teletv5.top/load/yayinlink.php?id=s-sport
2026-09-17 00:49:39,646 [INFO] Capturing request: https://www.atomsportv514.top/favicon.ico
2026-09-17 00:49:39,710 [INFO] Capturing response: https://www.atomsportv514.top/favicon.ico 200 
2026-09-17 00:49:39,739 [INFO] Capturing request: https://streamsport365.com/cinema
2026-09-17 00:49:39,916 [INFO] Capturing response: https://teletv5.top/load/yayinlink.php?id=s-sport 200 
2026-09-17 00:49:39,985 [INFO] Capturing response: https://streamsport365.com/cinema 200 
2026-09-17 00:49:40,095 [INFO] Capturing request: https://www.atomsportv514.top/assets/img/player/player_logo_6a87a2e2eecc5.png
2026-09-17 00:49:40,106 [INFO] Capturing request: https://ladyboy.taylandpattaya.cfd//s-sport/tracks-v1a1/mono.m3u8
2026-09-17 00:49:40,224 [INFO] Capturing response: https://www.atomsportv514.top/assets/img/player/player_logo_6a87a2e2eecc5.png 304 
2026-09-17 00:49:40,247 [INFO] Capturing response: https://ladyboy.taylandpattaya.cfd//s-sport/tracks-v1a1/mono.m3u8 200 
2026-09-17 00:49:40,397 [INFO] Capturing request: https://taylandpompa.taylandpattaya.cfd/s-sport/tracks-v1a1/2026/09/17/00/49/28-05000.jpg
2026-09-17 00:49:40,637 [INFO] Capturing response: https://taylandpompa.taylandpattaya.cfd/s-sport/tracks-v1a1/2026/09/17/00/49/28-05000.jpg 200 
2026-09-17 00:49:42,560 [INFO]   ✅ M3U8 bulundu: https://ladyboy.taylandpattaya.cfd//s-sport/tracks-v1a1/mono.m3u8
2026-09-17 00:49:42,868 [INFO] Capturing request: https://ladyboy.taylandpattaya.cfd//s-sport/tracks-v1a1/mono.m3u8
2026-09-17 00:49:43,019 [INFO] Capturing response: https://ladyboy.taylandpattaya.cfd//s-sport/tracks-v1a1/mono.m3u8 200 
2026-09-17 00:49:43,129 [INFO] Capturing request: https://taylandpompa.taylandpattaya.cfd/s-sport/tracks-v1a1/2026/09/17/00/49/33-05000.jpg
2026-09-17 00:49:43,383 [INFO] Capturing response: https://taylandpompa.taylandpattaya.cfd/s-sport/tracks-v1a1/2026/09/17/00/49/33-05000.jpg 200 
2026-09-17 00:49:43,560 [INFO] 
[9/14]
2026-09-17 00:49:43,560 [INFO] 🔍 S Sport 2 → https://www.atomsportv514.top/matches?id=s-sport-2
2026-09-17 00:49:43,669 [INFO] Capturing request: https://www.atomsportv514.top/matches?id=s-sport-2
2026-09-17 00:49:43,880 [INFO] Capturing response: https://www.atomsportv514.top/matches?id=s-sport-2 200 
2026-09-17 00:49:43,909 [INFO] Capturing request: https://streamsport365.com/cinema
2026-09-17 00:49:44,008 [INFO] Capturing request: https://teletv5.top/load/yayinlink.php?id=s-sport-2
2026-09-17 00:49:44,015 [INFO] Capturing request: https://www.atomsportv514.top/favicon.ico
2026-09-17 00:49:44,062 [INFO] Capturing response: https://www.atomsportv514.top/favicon.ico 200 
2026-09-17 00:49:44,156 [INFO] Capturing response: https://streamsport365.com/cinema 200 
2026-09-17 00:49:44,179 [INFO] Capturing response: https://teletv5.top/load/yayinlink.php?id=s-sport-2 200 
2026-09-17 00:49:44,354 [INFO] Capturing request: https://ladyboy.taylandpattaya.cfd//s-sport2/tracks-v1a1/mono.m3u8
2026-09-17 00:49:44,354 [INFO] Capturing request: https://www.atomsportv514.top/assets/img/player/player_logo_6a87a2e2eecc5.png
2026-09-17 00:49:44,478 [INFO] Capturing response: https://www.atomsportv514.top/assets/img/player/player_logo_6a87a2e2eecc5.png 304 
2026-09-17 00:49:44,512 [INFO] Capturing response: https://ladyboy.taylandpattaya.cfd//s-sport2/tracks-v1a1/mono.m3u8 200 
2026-09-17 00:49:44,663 [INFO] Capturing request: https://taylandpompa.taylandpattaya.cfd/s-sport2/tracks-v1a1/2026/09/17/00/50/51-06000.jpg
2026-09-17 00:49:45,124 [INFO] Capturing response: https://taylandpompa.taylandpattaya.cfd/s-sport2/tracks-v1a1/2026/09/17/00/50/51-06000.jpg 200 
2026-09-17 00:49:45,403 [INFO] Capturing request: https://taylandpompa.taylandpattaya.cfd/s-sport2/tracks-v1a1/2026/09/17/00/50/57-06000.jpg
2026-09-17 00:49:45,936 [INFO] Capturing response: https://taylandpompa.taylandpattaya.cfd/s-sport2/tracks-v1a1/2026/09/17/00/50/57-06000.jpg 200 
2026-09-17 00:49:46,269 [INFO] Capturing request: https://taylandpompa.taylandpattaya.cfd/s-sport2/tracks-v1a1/2026/09/17/00/51/03-06000.jpg
2026-09-17 00:49:46,960 [INFO]   ✅ M3U8 bulundu: https://ladyboy.taylandpattaya.cfd//s-sport2/tracks-v1a1/mono.m3u8
2026-09-17 00:49:46,981 [INFO] Capturing response: https://taylandpompa.taylandpattaya.cfd/s-sport2/tracks-v1a1/2026/09/17/00/51/03-06000.jpg 200 
2026-09-17 00:49:47,962 [INFO] 
[10/14]
2026-09-17 00:49:47,962 [INFO] 🔍 A Spor → https://www.atomsportv514.top/matches?id=a-spor
2026-09-17 00:49:48,076 [INFO] Capturing request: https://www.atomsportv514.top/matches?id=a-spor
2026-09-17 00:49:48,310 [INFO] Capturing response: https://www.atomsportv514.top/matches?id=a-spor 200 
2026-09-17 00:49:48,445 [INFO] Capturing request: https://www.atomsportv514.top/favicon.ico
2026-09-17 00:49:48,447 [INFO] Capturing request: https://teletv5.top/load/yayinlink.php?id=a-spor
2026-09-17 00:49:48,491 [INFO] Capturing response: https://www.atomsportv514.top/favicon.ico 200 
2026-09-17 00:49:48,546 [INFO] Capturing request: https://streamsport365.com/cinema
2026-09-17 00:49:48,624 [INFO] Capturing response: https://teletv5.top/load/yayinlink.php?id=a-spor 200 
2026-09-17 00:49:48,793 [INFO] Capturing response: https://streamsport365.com/cinema 200 
2026-09-17 00:49:48,904 [INFO] Capturing request: https://www.atomsportv514.top/assets/img/player/player_logo_6a87a2e2eecc5.png
2026-09-17 00:49:48,915 [INFO] Capturing request: https://ladyboy.taylandpattaya.cfd//aspor/tracks-v1a1/mono.m3u8
2026-09-17 00:49:49,032 [INFO] Capturing response: https://www.atomsportv514.top/assets/img/player/player_logo_6a87a2e2eecc5.png 304 
2026-09-17 00:49:49,077 [INFO] Capturing response: https://ladyboy.taylandpattaya.cfd//aspor/tracks-v1a1/mono.m3u8 200 
2026-09-17 00:49:49,188 [INFO] Capturing request: https://taylandpompa.taylandpattaya.cfd/aspor/tracks-v1a1/2026/09/17/00/49/45-06000.jpg
2026-09-17 00:49:49,645 [INFO] Capturing response: https://taylandpompa.taylandpattaya.cfd/aspor/tracks-v1a1/2026/09/17/00/49/45-06000.jpg 200 
2026-09-17 00:49:49,835 [INFO] Capturing request: https://taylandpompa.taylandpattaya.cfd/aspor/tracks-v1a1/2026/09/17/00/49/51-06000.jpg
2026-09-17 00:49:50,122 [INFO] Capturing response: https://taylandpompa.taylandpattaya.cfd/aspor/tracks-v1a1/2026/09/17/00/49/51-06000.jpg 200 
2026-09-17 00:49:50,337 [INFO] Capturing request: https://taylandpompa.taylandpattaya.cfd/aspor/tracks-v1a1/2026/09/17/00/49/57-05920.jpg
2026-09-17 00:49:50,778 [INFO] Capturing response: https://taylandpompa.taylandpattaya.cfd/aspor/tracks-v1a1/2026/09/17/00/49/57-05920.jpg 200 
2026-09-17 00:49:51,000 [INFO] Capturing request: https://taylandpompa.taylandpattaya.cfd/aspor/tracks-v1a1/2026/09/17/00/50/03-06080.jpg
2026-09-17 00:49:51,354 [INFO] Capturing response: https://taylandpompa.taylandpattaya.cfd/aspor/tracks-v1a1/2026/09/17/00/50/03-06080.jpg 200 
2026-09-17 00:49:51,375 [INFO]   ✅ M3U8 bulundu: https://ladyboy.taylandpattaya.cfd//aspor/tracks-v1a1/mono.m3u8
2026-09-17 00:49:51,918 [INFO] Capturing request: https://update.googleapis.com/service/update2/json?cup2key=ML-DSA-44-16:vGZSxC0lFUYreNGx794MhoPjYVfsjhjX3SSnm69YWSU&cup2hreq=2c454e6903012b1be4066b299e717a6da7112736bb40914434fa7ac6b1d945c0
2026-09-17 00:49:51,946 [INFO] Capturing response: https://update.googleapis.com/service/update2/json?cup2key=ML-DSA-44-16:vGZSxC0lFUYreNGx794MhoPjYVfsjhjX3SSnm69YWSU&cup2hreq=2c454e6903012b1be4066b299e717a6da7112736bb40914434fa7ac6b1d945c0 200 
2026-09-17 00:49:51,956 [INFO] Capturing request: http://edgedl.me.gvt1.com/edgedl/diffgen-puffin/gcmjkmgdlgnkkcocmoeiminaijmmjnii/fc1f961a8e1d6f22b29a01eb8f62d27d7f0f928ed1b230dfa8430cc20542c1bf
2026-09-17 00:49:51,970 [INFO] Capturing response: http://edgedl.me.gvt1.com/edgedl/diffgen-puffin/gcmjkmgdlgnkkcocmoeiminaijmmjnii/fc1f961a8e1d6f22b29a01eb8f62d27d7f0f928ed1b230dfa8430cc20542c1bf 200 OK
2026-09-17 00:49:51,998 [INFO] Capturing request: https://update.googleapis.com/service/update2/json
2026-09-17 00:49:52,021 [INFO] Capturing response: https://update.googleapis.com/service/update2/json 200 
2026-09-17 00:49:52,066 [INFO] Capturing request: http://edgedl.me.gvt1.com/edgedl/release2/chrome_component/p5m4yyp3na3x7vyxmfivcly3q4_10781/hfnkpimlhhgieaddgfemjhofmfblmnib_10781_all_dphlj6widmu2hdcpj3srm6nwsi.crx3
2026-09-17 00:49:52,087 [INFO] Capturing response: http://edgedl.me.gvt1.com/edgedl/release2/chrome_component/p5m4yyp3na3x7vyxmfivcly3q4_10781/hfnkpimlhhgieaddgfemjhofmfblmnib_10781_all_dphlj6widmu2hdcpj3srm6nwsi.crx3 200 OK
2026-09-17 00:49:52,116 [INFO] Capturing request: https://update.googleapis.com/service/update2/json
2026-09-17 00:49:52,139 [INFO] Capturing response: https://update.googleapis.com/service/update2/json 200 
2026-09-17 00:49:52,376 [INFO] 
[11/14]
2026-09-17 00:49:52,376 [INFO] 🔍 Tivibu Spor 1 → https://www.atomsportv514.top/matches?id=tivibu-spor-1
2026-09-17 00:49:52,535 [INFO] Capturing request: https://www.atomsportv514.top/matches?id=tivibu-spor-1
2026-09-17 00:49:53,106 [INFO] Capturing response: https://www.atomsportv514.top/matches?id=tivibu-spor-1 200 
2026-09-17 00:49:53,269 [INFO] Capturing request: https://www.atomsportv514.top/favicon.ico
2026-09-17 00:49:53,306 [INFO] Capturing request: https://teletv5.top/load/yayinlink.php?id=tivibu-spor-1
2026-09-17 00:49:53,318 [INFO] Capturing response: https://www.atomsportv514.top/favicon.ico 200 
2026-09-17 00:49:53,424 [INFO] Capturing request: https://streamsport365.com/cinema
2026-09-17 00:49:53,609 [INFO] Capturing response: https://streamsport365.com/cinema 200 
2026-09-17 00:49:53,684 [INFO] Capturing response: https://teletv5.top/load/yayinlink.php?id=tivibu-spor-1 200 
2026-09-17 00:50:04,028 [INFO] Capturing request: https://android.clients.google.com/c2dm/register3
2026-09-17 00:50:04,073 [INFO] Capturing response: https://android.clients.google.com/c2dm/register3 429 
2026-09-17 00:50:26,426 [WARNING]   ❌ Tivibu Spor 1 için M3U8 bulunamadı
2026-09-17 00:50:27,427 [INFO] 
[12/14]
2026-09-17 00:50:27,427 [INFO] 🔍 Tivibu Spor 2 → https://www.atomsportv514.top/matches?id=tivibu-spor-2
2026-09-17 00:50:27,537 [INFO] Capturing request: https://www.atomsportv514.top/matches?id=tivibu-spor-2
2026-09-17 00:50:27,919 [INFO] Capturing response: https://www.atomsportv514.top/matches?id=tivibu-spor-2 200 
2026-09-17 00:50:28,054 [INFO] Capturing request: https://www.atomsportv514.top/favicon.ico
2026-09-17 00:50:28,056 [INFO] Capturing request: https://teletv5.top/load/yayinlink.php?id=tivibu-spor-2
2026-09-17 00:50:28,104 [INFO] Capturing response: https://www.atomsportv514.top/favicon.ico 200 
2026-09-17 00:50:28,151 [INFO] Capturing request: https://streamsport365.com/cinema
2026-09-17 00:50:28,301 [INFO] Capturing response: https://teletv5.top/load/yayinlink.php?id=tivibu-spor-2 200 
2026-09-17 00:50:28,399 [INFO] Capturing response: https://streamsport365.com/cinema 200 
2026-09-17 00:51:01,208 [WARNING]   ❌ Tivibu Spor 2 için M3U8 bulunamadı
2026-09-17 00:51:02,208 [INFO] 
[13/14]
2026-09-17 00:51:02,209 [INFO] 🔍 Tivibu Spor 3 → https://www.atomsportv514.top/matches?id=tivibu-spor-3
2026-09-17 00:51:02,317 [INFO] Capturing request: https://www.atomsportv514.top/matches?id=tivibu-spor-3
2026-09-17 00:51:02,714 [INFO] Capturing response: https://www.atomsportv514.top/matches?id=tivibu-spor-3 200 
2026-09-17 00:51:02,843 [INFO] Capturing request: https://teletv5.top/load/yayinlink.php?id=tivibu-spor-3
2026-09-17 00:51:02,846 [INFO] Capturing request: https://www.atomsportv514.top/favicon.ico
2026-09-17 00:51:02,897 [INFO] Capturing response: https://www.atomsportv514.top/favicon.ico 200 
2026-09-17 00:51:02,938 [INFO] Capturing request: https://streamsport365.com/cinema
2026-09-17 00:51:03,036 [INFO] Capturing response: https://teletv5.top/load/yayinlink.php?id=tivibu-spor-3 200 
2026-09-17 00:51:03,176 [INFO] Capturing response: https://streamsport365.com/cinema 200 
2026-09-17 00:51:35,996 [WARNING]   ❌ Tivibu Spor 3 için M3U8 bulunamadı
2026-09-17 00:51:36,996 [INFO] 
[14/14]
2026-09-17 00:51:36,996 [INFO] 🔍 Tivibu Spor 4 → https://www.atomsportv514.top/matches?id=tivibu-spor-4
2026-09-17 00:51:37,105 [INFO] Capturing request: https://www.atomsportv514.top/matches?id=tivibu-spor-4
2026-09-17 00:51:37,479 [INFO] Capturing response: https://www.atomsportv514.top/matches?id=tivibu-spor-4 200 
2026-09-17 00:51:37,611 [INFO] Capturing request: https://teletv5.top/load/yayinlink.php?id=tivibu-spor-4
2026-09-17 00:51:37,612 [INFO] Capturing request: https://www.atomsportv514.top/favicon.ico
2026-09-17 00:51:37,653 [INFO] Capturing response: https://www.atomsportv514.top/favicon.ico 200 
2026-09-17 00:51:37,709 [INFO] Capturing request: https://streamsport365.com/cinema
2026-09-17 00:51:37,810 [INFO] Capturing response: https://teletv5.top/load/yayinlink.php?id=tivibu-spor-4 200 
2026-09-17 00:51:37,958 [INFO] Capturing response: https://streamsport365.com/cinema 200 
2026-09-17 00:52:10,759 [WARNING]   ❌ Tivibu Spor 4 için M3U8 bulunamadı
2026-09-17 00:52:11,826 [INFO] ✅ 10 kanal bulundu, playlist.m3u kaydedildi
