2026-08-05 18:06:12,387 [INFO] 🌐 BASE_URL: https://www.atomsportv512.top
2026-08-05 18:06:12,752 [INFO] Başlanıyor... 14 kanal taranacak
2026-08-05 18:06:12,752 [INFO] Using default request storage
2026-08-05 18:06:12,756 [INFO] Created proxy listening on 127.0.0.1:38141
2026-08-05 18:06:13,425 [INFO] Capturing request: http://clients2.google.com/time/1/current?cup2key=10:9JEd2SaeGFHL1sM95WAIS9R_xcYdCdXU2uE5GjuVTIM&cup2hreq=e3b0c44298fc1c149afbf4c8996fb92427ae41e4649b934ca495991b7852b855
2026-08-05 18:06:13,483 [INFO] Capturing response: http://clients2.google.com/time/1/current?cup2key=10:9JEd2SaeGFHL1sM95WAIS9R_xcYdCdXU2uE5GjuVTIM&cup2hreq=e3b0c44298fc1c149afbf4c8996fb92427ae41e4649b934ca495991b7852b855 200 OK
2026-08-05 18:06:13,594 [INFO] 
[1/14]
2026-08-05 18:06:13,594 [INFO] 🔍 beIN Sports 1 → https://www.atomsportv512.top/matches?id=bein-sports-1
2026-08-05 18:06:13,689 [INFO] Capturing request: https://update.googleapis.com/service/update2/json?cup2key=16:tKJJMEtB6POFYleK5bu21u-XXsz2gmyeX_5iIY256kA&cup2hreq=faacd0a624cd7eb1bbcc252cdebd3e8be32c7d014290adbc01a01d795e785a2c
2026-08-05 18:06:13,693 [INFO] Capturing request: https://accounts.google.com/ListAccounts?gpsia=1&source=ChromiumBrowser&json=standard&laf=b64bin
2026-08-05 18:06:13,752 [INFO] Capturing response: https://update.googleapis.com/service/update2/json?cup2key=16:tKJJMEtB6POFYleK5bu21u-XXsz2gmyeX_5iIY256kA&cup2hreq=faacd0a624cd7eb1bbcc252cdebd3e8be32c7d014290adbc01a01d795e785a2c 200 
2026-08-05 18:06:13,779 [INFO] Capturing response: https://accounts.google.com/ListAccounts?gpsia=1&source=ChromiumBrowser&json=standard&laf=b64bin 200 
2026-08-05 18:06:13,789 [INFO] Capturing request: https://www.google.com/async/folae?async=_fmt:pb&udm=50&client_locale=en-US&client_country=ZZ
2026-08-05 18:06:13,797 [INFO] Capturing request: https://update.googleapis.com/service/update2/json?cup2key=16:7zkm7ej_CHb4K4fhxyLfXYIqq4M9AHQ77LS1qptDmok&cup2hreq=e024e8b2401073d21729aa378426a81adc4c1adc49ca5aa278d1cc38990ed967
2026-08-05 18:06:13,808 [INFO] Capturing request: https://www.atomsportv512.top/matches?id=bein-sports-1
2026-08-05 18:06:13,815 [INFO] Capturing response: https://www.google.com/async/folae?async=_fmt:pb&udm=50&client_locale=en-US&client_country=ZZ 200 
2026-08-05 18:06:13,848 [INFO] Capturing response: https://update.googleapis.com/service/update2/json?cup2key=16:7zkm7ej_CHb4K4fhxyLfXYIqq4M9AHQ77LS1qptDmok&cup2hreq=e024e8b2401073d21729aa378426a81adc4c1adc49ca5aa278d1cc38990ed967 200 
2026-08-05 18:06:13,894 [INFO] Capturing request: https://update.googleapis.com/service/update2/json?cup2key=16:faFzG9VDFDATCuSaZ-_eK390ri-6DfJor-zeit9ms0g&cup2hreq=100ac834f8ccdf3715b21853fdc82188fcc9e3dd617dec5c4c5691ace9fd6548
2026-08-05 18:06:13,946 [INFO] Capturing response: https://update.googleapis.com/service/update2/json?cup2key=16:faFzG9VDFDATCuSaZ-_eK390ri-6DfJor-zeit9ms0g&cup2hreq=100ac834f8ccdf3715b21853fdc82188fcc9e3dd617dec5c4c5691ace9fd6548 200 
2026-08-05 18:06:14,026 [INFO] Capturing request: https://www.google.com/async/folae?async=_fmt:pb&udm=50&client_locale=en-US&client_country=ZZ
2026-08-05 18:06:14,052 [INFO] Capturing response: https://www.google.com/async/folae?async=_fmt:pb&udm=50&client_locale=en-US&client_country=ZZ 200 
2026-08-05 18:06:14,550 [INFO] Capturing response: https://www.atomsportv512.top/matches?id=bein-sports-1 200 
2026-08-05 18:06:14,781 [INFO] Capturing request: https://cdn.jsdelivr.net/npm/@clappr/player@0.11.16/dist/clappr.min.js
2026-08-05 18:06:14,784 [INFO] Capturing request: https://cdn.jsdelivr.net/npm/level-selector/dist/level-selector.min.js
2026-08-05 18:06:14,785 [INFO] Capturing request: https://cdn.jsdelivr.net/npm/@clappr/hlsjs-playback@1.8.3/dist/hlsjs-playback.min.js
2026-08-05 18:06:14,823 [INFO] Capturing response: https://cdn.jsdelivr.net/npm/level-selector/dist/level-selector.min.js 200 
2026-08-05 18:06:14,883 [INFO] Capturing response: https://cdn.jsdelivr.net/npm/@clappr/player@0.11.16/dist/clappr.min.js 200 
2026-08-05 18:06:14,900 [INFO] Capturing response: https://cdn.jsdelivr.net/npm/@clappr/hlsjs-playback@1.8.3/dist/hlsjs-playback.min.js 200 
2026-08-05 18:06:15,094 [INFO] Capturing request: https://www.atomsportv512.top/favicon.ico
2026-08-05 18:06:15,172 [INFO] Capturing response: https://www.atomsportv512.top/favicon.ico 200 
2026-08-05 18:06:15,284 [INFO] Capturing request: https://teletv5.top/load/yayinlink.php?id=bein-sports-1
2026-08-05 18:06:15,732 [INFO] Capturing response: https://teletv5.top/load/yayinlink.php?id=bein-sports-1 200 
2026-08-05 18:06:15,799 [INFO] Capturing request: https://streamsport365.com/cinema
2026-08-05 18:06:16,157 [INFO] Capturing response: https://streamsport365.com/cinema 200 
2026-08-05 18:06:16,289 [INFO] Capturing request: https://www.atomsportv512.top/assets/img/player/player_logo_6a72b29dbcd89.png
2026-08-05 18:06:16,352 [INFO] Capturing response: https://www.atomsportv512.top/assets/img/player/player_logo_6a72b29dbcd89.png 200 
2026-08-05 18:06:16,600 [INFO] Capturing request: https://corestream.siteyaptim.live//telegramardaspor/tracks-v1a1/mono.m3u8
2026-08-05 18:06:16,796 [INFO] Capturing response: https://corestream.siteyaptim.live//telegramardaspor/tracks-v1a1/mono.m3u8 200 
2026-08-05 18:06:16,867 [INFO] Capturing request: https://android.clients.google.com/checkin
2026-08-05 18:06:16,972 [INFO] Capturing response: https://android.clients.google.com/checkin 200 
2026-08-05 18:06:17,005 [INFO] Capturing request: https://dmuizt2l1pw0t.cloudfront.net/telegramardaspor/tracks-v1a1/2026/08/05/18/06/12-10000.jpg
2026-08-05 18:06:17,024 [INFO] Capturing request: https://android.clients.google.com/c2dm/register3
2026-08-05 18:06:17,025 [INFO] Capturing request: https://android.clients.google.com/c2dm/register3
2026-08-05 18:06:17,026 [INFO] Capturing request: https://android.clients.google.com/c2dm/register3
2026-08-05 18:06:17,116 [INFO] Capturing response: https://android.clients.google.com/c2dm/register3 200 
2026-08-05 18:06:17,129 [INFO] Capturing response: https://android.clients.google.com/c2dm/register3 200 
2026-08-05 18:06:17,139 [INFO] Capturing response: https://android.clients.google.com/c2dm/register3 200 
2026-08-05 18:06:17,389 [INFO] Capturing response: https://dmuizt2l1pw0t.cloudfront.net/telegramardaspor/tracks-v1a1/2026/08/05/18/06/12-10000.jpg 200 
2026-08-05 18:06:17,688 [INFO] Capturing request: https://dmuizt2l1pw0t.cloudfront.net/telegramardaspor/tracks-v1a1/2026/08/05/18/06/22-10000.jpg
2026-08-05 18:06:18,018 [INFO]   ✅ M3U8 bulundu: https://corestream.siteyaptim.live//telegramardaspor/tracks-v1a1/mono.m3u8
2026-08-05 18:06:18,126 [INFO] Capturing response: https://dmuizt2l1pw0t.cloudfront.net/telegramardaspor/tracks-v1a1/2026/08/05/18/06/22-10000.jpg 200 
2026-08-05 18:06:18,487 [INFO] Capturing request: https://dmuizt2l1pw0t.cloudfront.net/telegramardaspor/tracks-v1a1/2026/08/05/18/06/32-10000.jpg
2026-08-05 18:06:18,794 [INFO] Capturing response: https://dmuizt2l1pw0t.cloudfront.net/telegramardaspor/tracks-v1a1/2026/08/05/18/06/32-10000.jpg 200 
2026-08-05 18:06:19,019 [INFO] 
[2/14]
2026-08-05 18:06:19,019 [INFO] 🔍 beIN Sports 2 → https://www.atomsportv512.top/matches?id=bein-sports-2
2026-08-05 18:06:19,047 [INFO] Capturing request: https://dmuizt2l1pw0t.cloudfront.net/telegramardaspor/tracks-v1a1/2026/08/05/18/06/42-09401.jpg
2026-08-05 18:06:19,133 [INFO] Capturing request: https://www.atomsportv512.top/matches?id=bein-sports-2
2026-08-05 18:06:19,276 [INFO] Capturing response: https://dmuizt2l1pw0t.cloudfront.net/telegramardaspor/tracks-v1a1/2026/08/05/18/06/42-09401.jpg 200 
2026-08-05 18:06:19,424 [INFO] Capturing response: https://www.atomsportv512.top/matches?id=bein-sports-2 200 
2026-08-05 18:06:19,474 [INFO] Capturing request: https://streamsport365.com/cinema
2026-08-05 18:06:19,571 [INFO] Capturing request: https://teletv5.top/load/yayinlink.php?id=bein-sports-2
2026-08-05 18:06:19,578 [INFO] Capturing request: https://www.atomsportv512.top/favicon.ico
2026-08-05 18:06:19,625 [INFO] Capturing response: https://www.atomsportv512.top/favicon.ico 200 
2026-08-05 18:06:19,827 [INFO] Capturing response: https://teletv5.top/load/yayinlink.php?id=bein-sports-2 200 
2026-08-05 18:06:19,832 [INFO] Capturing response: https://streamsport365.com/cinema 200 
2026-08-05 18:06:19,943 [INFO] Capturing request: https://www.atomsportv512.top/assets/img/player/player_logo_6a72b29dbcd89.png
2026-08-05 18:06:19,953 [INFO] Capturing request: https://corestream.siteyaptim.live//bein2/tracks-v1a1/mono.m3u8
2026-08-05 18:06:20,069 [INFO] Capturing response: https://www.atomsportv512.top/assets/img/player/player_logo_6a72b29dbcd89.png 304 
2026-08-05 18:06:20,155 [INFO] Capturing response: https://corestream.siteyaptim.live//bein2/tracks-v1a1/mono.m3u8 200 
2026-08-05 18:06:20,265 [INFO] Capturing request: https://dmuizt2l1pw0t.cloudfront.net/bein2/tracks-v1a1/2026/08/05/18/06/05-05000.jpg
2026-08-05 18:06:20,691 [INFO] Capturing response: https://dmuizt2l1pw0t.cloudfront.net/bein2/tracks-v1a1/2026/08/05/18/06/05-05000.jpg 200 
2026-08-05 18:06:20,895 [INFO] Capturing request: https://dmuizt2l1pw0t.cloudfront.net/bein2/tracks-v1a1/2026/08/05/18/06/10-05000.jpg
2026-08-05 18:06:21,240 [INFO] Capturing response: https://dmuizt2l1pw0t.cloudfront.net/bein2/tracks-v1a1/2026/08/05/18/06/10-05000.jpg 200 
2026-08-05 18:06:21,432 [INFO] Capturing request: https://dmuizt2l1pw0t.cloudfront.net/bein2/tracks-v1a1/2026/08/05/18/06/15-08720.jpg
2026-08-05 18:06:21,894 [INFO] Capturing response: https://dmuizt2l1pw0t.cloudfront.net/bein2/tracks-v1a1/2026/08/05/18/06/15-08720.jpg 200 
2026-08-05 18:06:22,124 [INFO] Capturing request: https://dmuizt2l1pw0t.cloudfront.net/bein2/tracks-v1a1/2026/08/05/18/06/23-05000.jpg
2026-08-05 18:06:22,464 [INFO] Capturing response: https://dmuizt2l1pw0t.cloudfront.net/bein2/tracks-v1a1/2026/08/05/18/06/23-05000.jpg 200 
2026-08-05 18:06:22,506 [INFO]   ✅ M3U8 bulundu: https://corestream.siteyaptim.live//bein2/tracks-v1a1/mono.m3u8
2026-08-05 18:06:23,506 [INFO] 
[3/14]
2026-08-05 18:06:23,506 [INFO] 🔍 beIN Sports 3 → https://www.atomsportv512.top/matches?id=bein-sports-3
2026-08-05 18:06:23,618 [INFO] Capturing request: https://www.atomsportv512.top/matches?id=bein-sports-3
2026-08-05 18:06:23,911 [INFO] Capturing response: https://www.atomsportv512.top/matches?id=bein-sports-3 200 
2026-08-05 18:06:24,043 [INFO] Capturing request: https://teletv5.top/load/yayinlink.php?id=bein-sports-3
2026-08-05 18:06:24,045 [INFO] Capturing request: https://www.atomsportv512.top/favicon.ico
2026-08-05 18:06:24,098 [INFO] Capturing response: https://www.atomsportv512.top/favicon.ico 200 
2026-08-05 18:06:24,194 [INFO] Capturing request: https://streamsport365.com/cinema
2026-08-05 18:06:24,299 [INFO] Capturing response: https://teletv5.top/load/yayinlink.php?id=bein-sports-3 200 
2026-08-05 18:06:24,557 [INFO] Capturing response: https://streamsport365.com/cinema 200 
2026-08-05 18:06:24,669 [INFO] Capturing request: https://www.atomsportv512.top/assets/img/player/player_logo_6a72b29dbcd89.png
2026-08-05 18:06:24,678 [INFO] Capturing request: https://corestream.siteyaptim.live//bein3/tracks-v1a1/mono.m3u8
2026-08-05 18:06:24,794 [INFO] Capturing response: https://www.atomsportv512.top/assets/img/player/player_logo_6a72b29dbcd89.png 304 
2026-08-05 18:06:24,887 [INFO] Capturing response: https://corestream.siteyaptim.live//bein3/tracks-v1a1/mono.m3u8 200 
2026-08-05 18:06:24,997 [INFO] Capturing request: https://dmuizt2l1pw0t.cloudfront.net/bein3/tracks-v1a1/2026/08/05/18/05/38-09600.jpg
2026-08-05 18:06:25,368 [INFO] Capturing response: https://dmuizt2l1pw0t.cloudfront.net/bein3/tracks-v1a1/2026/08/05/18/05/38-09600.jpg 200 
2026-08-05 18:06:25,611 [INFO] Capturing request: https://dmuizt2l1pw0t.cloudfront.net/bein3/tracks-v1a1/2026/08/05/18/06/17-09600.jpg
2026-08-05 18:06:26,094 [INFO] Capturing response: https://dmuizt2l1pw0t.cloudfront.net/bein3/tracks-v1a1/2026/08/05/18/06/17-09600.jpg 200 
2026-08-05 18:06:26,320 [INFO] Capturing request: https://dmuizt2l1pw0t.cloudfront.net/bein3/tracks-v1a1/2026/08/05/18/06/26-10000.jpg
2026-08-05 18:06:26,798 [INFO] Capturing response: https://dmuizt2l1pw0t.cloudfront.net/bein3/tracks-v1a1/2026/08/05/18/06/26-10000.jpg 200 
2026-08-05 18:06:26,963 [INFO]   ✅ M3U8 bulundu: https://corestream.siteyaptim.live//bein3/tracks-v1a1/mono.m3u8
2026-08-05 18:06:27,963 [INFO] 
[4/14]
2026-08-05 18:06:27,964 [INFO] 🔍 beIN Sports 4 → https://www.atomsportv512.top/matches?id=bein-sports-4
2026-08-05 18:06:28,075 [INFO] Capturing request: https://www.atomsportv512.top/matches?id=bein-sports-4
2026-08-05 18:06:28,365 [INFO] Capturing response: https://www.atomsportv512.top/matches?id=bein-sports-4 200 
2026-08-05 18:06:28,398 [INFO] Capturing request: https://streamsport365.com/cinema
2026-08-05 18:06:28,498 [INFO] Capturing request: https://teletv5.top/load/yayinlink.php?id=bein-sports-4
2026-08-05 18:06:28,500 [INFO] Capturing request: https://www.atomsportv512.top/favicon.ico
2026-08-05 18:06:28,551 [INFO] Capturing response: https://www.atomsportv512.top/favicon.ico 200 
2026-08-05 18:06:28,751 [INFO] Capturing response: https://teletv5.top/load/yayinlink.php?id=bein-sports-4 200 
2026-08-05 18:06:28,755 [INFO] Capturing response: https://streamsport365.com/cinema 200 
2026-08-05 18:06:28,903 [INFO] Capturing request: https://www.atomsportv512.top/assets/img/player/player_logo_6a72b29dbcd89.png
2026-08-05 18:06:28,912 [INFO] Capturing request: https://corestream.siteyaptim.live//bein4/tracks-v1a1/mono.m3u8
2026-08-05 18:06:29,031 [INFO] Capturing response: https://www.atomsportv512.top/assets/img/player/player_logo_6a72b29dbcd89.png 304 
2026-08-05 18:06:29,129 [INFO] Capturing response: https://corestream.siteyaptim.live//bein4/tracks-v1a1/mono.m3u8 200 
2026-08-05 18:06:29,279 [INFO] Capturing request: https://dmuizt2l1pw0t.cloudfront.net/bein4/tracks-v1a1/2026/08/05/18/05/48-10000.jpg
2026-08-05 18:06:29,874 [INFO] Capturing response: https://dmuizt2l1pw0t.cloudfront.net/bein4/tracks-v1a1/2026/08/05/18/05/48-10000.jpg 200 
2026-08-05 18:06:30,173 [INFO] Capturing request: https://dmuizt2l1pw0t.cloudfront.net/bein4/tracks-v1a1/2026/08/05/18/05/58-10000.jpg
2026-08-05 18:06:30,787 [INFO] Capturing response: https://dmuizt2l1pw0t.cloudfront.net/bein4/tracks-v1a1/2026/08/05/18/05/58-10000.jpg 200 
2026-08-05 18:06:31,093 [INFO] Capturing request: https://dmuizt2l1pw0t.cloudfront.net/bein4/tracks-v1a1/2026/08/05/18/06/08-10000.jpg
2026-08-05 18:06:31,421 [INFO]   ✅ M3U8 bulundu: https://corestream.siteyaptim.live//bein4/tracks-v1a1/mono.m3u8
2026-08-05 18:06:31,842 [INFO] Capturing response: https://dmuizt2l1pw0t.cloudfront.net/bein4/tracks-v1a1/2026/08/05/18/06/08-10000.jpg 200 
2026-08-05 18:06:32,422 [INFO] 
[5/14]
2026-08-05 18:06:32,422 [INFO] 🔍 beIN Sports 5 → https://www.atomsportv512.top/matches?id=bein-sports-5
2026-08-05 18:06:32,533 [INFO] Capturing request: https://www.atomsportv512.top/matches?id=bein-sports-5
2026-08-05 18:06:32,824 [INFO] Capturing response: https://www.atomsportv512.top/matches?id=bein-sports-5 200 
2026-08-05 18:06:32,953 [INFO] Capturing request: https://teletv5.top/load/yayinlink.php?id=bein-sports-5
2026-08-05 18:06:32,956 [INFO] Capturing request: https://www.atomsportv512.top/favicon.ico
2026-08-05 18:06:33,022 [INFO] Capturing response: https://www.atomsportv512.top/favicon.ico 200 
2026-08-05 18:06:33,108 [INFO] Capturing request: https://streamsport365.com/cinema
2026-08-05 18:06:33,195 [INFO] Capturing response: https://teletv5.top/load/yayinlink.php?id=bein-sports-5 200 
2026-08-05 18:06:33,461 [INFO] Capturing response: https://streamsport365.com/cinema 200 
2026-08-05 18:06:33,571 [INFO] Capturing request: https://www.atomsportv512.top/assets/img/player/player_logo_6a72b29dbcd89.png
2026-08-05 18:06:33,581 [INFO] Capturing request: https://corestream.siteyaptim.live//bein5/tracks-v1a1/mono.m3u8
2026-08-05 18:06:33,761 [INFO] Capturing response: https://www.atomsportv512.top/assets/img/player/player_logo_6a72b29dbcd89.png 304 
2026-08-05 18:06:33,799 [INFO] Capturing response: https://corestream.siteyaptim.live//bein5/tracks-v1a1/mono.m3u8 200 
2026-08-05 18:06:33,910 [INFO] Capturing request: https://dmuizt2l1pw0t.cloudfront.net/bein5/tracks-v1a1/2026/08/05/18/05/51-06000.jpg
2026-08-05 18:06:34,608 [INFO] Capturing response: https://dmuizt2l1pw0t.cloudfront.net/bein5/tracks-v1a1/2026/08/05/18/05/51-06000.jpg 200 
2026-08-05 18:06:34,908 [INFO] Capturing request: https://dmuizt2l1pw0t.cloudfront.net/bein5/tracks-v1a1/2026/08/05/18/05/57-06000.jpg
2026-08-05 18:06:35,654 [INFO] Capturing response: https://dmuizt2l1pw0t.cloudfront.net/bein5/tracks-v1a1/2026/08/05/18/05/57-06000.jpg 200 
2026-08-05 18:06:35,874 [INFO]   ✅ M3U8 bulundu: https://corestream.siteyaptim.live//bein5/tracks-v1a1/mono.m3u8
2026-08-05 18:06:35,951 [INFO] Capturing request: https://dmuizt2l1pw0t.cloudfront.net/bein5/tracks-v1a1/2026/08/05/18/06/03-06000.jpg
2026-08-05 18:06:36,505 [INFO] Capturing response: https://dmuizt2l1pw0t.cloudfront.net/bein5/tracks-v1a1/2026/08/05/18/06/03-06000.jpg 200 
2026-08-05 18:06:36,875 [INFO] 
[6/14]
2026-08-05 18:06:36,875 [INFO] 🔍 beIN Sports Max 1 → https://www.atomsportv512.top/matches?id=bein-sports-max-1
2026-08-05 18:06:36,986 [INFO] Capturing request: https://www.atomsportv512.top/matches?id=bein-sports-max-1
2026-08-05 18:06:37,589 [INFO] Capturing response: https://www.atomsportv512.top/matches?id=bein-sports-max-1 200 
2026-08-05 18:06:37,624 [INFO] Capturing request: https://streamsport365.com/cinema
2026-08-05 18:06:37,720 [INFO] Capturing request: https://teletv5.top/load/yayinlink.php?id=bein-sports-max-1
2026-08-05 18:06:37,724 [INFO] Capturing request: https://www.atomsportv512.top/favicon.ico
2026-08-05 18:06:37,784 [INFO] Capturing response: https://www.atomsportv512.top/favicon.ico 200 
2026-08-05 18:06:37,976 [INFO] Capturing response: https://teletv5.top/load/yayinlink.php?id=bein-sports-max-1 200 
2026-08-05 18:06:37,986 [INFO] Capturing response: https://streamsport365.com/cinema 200 
2026-08-05 18:06:38,129 [INFO] Capturing request: https://www.atomsportv512.top/assets/img/player/player_logo_6a72b29dbcd89.png
2026-08-05 18:06:38,138 [INFO] Capturing request: https://corestream.siteyaptim.live//trtspor/tracks-v1a1/mono.m3u8
2026-08-05 18:06:38,256 [INFO] Capturing response: https://www.atomsportv512.top/assets/img/player/player_logo_6a72b29dbcd89.png 304 
2026-08-05 18:06:38,345 [INFO] Capturing response: https://corestream.siteyaptim.live//trtspor/tracks-v1a1/mono.m3u8 404 
2026-08-05 18:06:40,509 [INFO] Capturing request: https://corestream.siteyaptim.live//trtspor/tracks-v1a1/mono.m3u8
2026-08-05 18:06:40,638 [INFO]   ✅ M3U8 bulundu: https://corestream.siteyaptim.live//trtspor/tracks-v1a1/mono.m3u8
2026-08-05 18:06:40,703 [INFO] Capturing response: https://corestream.siteyaptim.live//trtspor/tracks-v1a1/mono.m3u8 404 
2026-08-05 18:06:41,638 [INFO] 
[7/14]
2026-08-05 18:06:41,639 [INFO] 🔍 beIN Sports Max 2 → https://www.atomsportv512.top/matches?id=bein-sports-max-2
2026-08-05 18:06:41,748 [INFO] Capturing request: https://www.atomsportv512.top/matches?id=bein-sports-max-2
2026-08-05 18:06:42,405 [INFO] Capturing response: https://www.atomsportv512.top/matches?id=bein-sports-max-2 200 
2026-08-05 18:06:42,533 [INFO] Capturing request: https://teletv5.top/load/yayinlink.php?id=bein-sports-max-2
2026-08-05 18:06:42,536 [INFO] Capturing request: https://www.atomsportv512.top/favicon.ico
2026-08-05 18:06:42,586 [INFO] Capturing response: https://www.atomsportv512.top/favicon.ico 200 
2026-08-05 18:06:42,687 [INFO] Capturing request: https://streamsport365.com/cinema
2026-08-05 18:06:42,766 [INFO] Capturing response: https://teletv5.top/load/yayinlink.php?id=bein-sports-max-2 200 
2026-08-05 18:06:43,043 [INFO] Capturing response: https://streamsport365.com/cinema 200 
2026-08-05 18:06:43,155 [INFO] Capturing request: https://www.atomsportv512.top/assets/img/player/player_logo_6a72b29dbcd89.png
2026-08-05 18:06:43,165 [INFO] Capturing request: https://corestream.siteyaptim.live//hls/s-sport.m3u8
2026-08-05 18:06:43,256 [INFO] Capturing request: https://android.clients.google.com/c2dm/register3
2026-08-05 18:06:43,290 [INFO] Capturing response: https://www.atomsportv512.top/assets/img/player/player_logo_6a72b29dbcd89.png 304 
2026-08-05 18:06:43,384 [INFO] Capturing response: https://corestream.siteyaptim.live//hls/s-sport.m3u8 404 
2026-08-05 18:06:43,756 [INFO] Capturing response: https://android.clients.google.com/c2dm/register3 200 
2026-08-05 18:06:45,448 [INFO]   ✅ M3U8 bulundu: https://corestream.siteyaptim.live//hls/s-sport.m3u8
2026-08-05 18:06:45,544 [INFO] Capturing request: https://corestream.siteyaptim.live//hls/s-sport.m3u8
2026-08-05 18:06:45,848 [INFO] Capturing request: https://android.clients.google.com/c2dm/register3
2026-08-05 18:06:46,264 [INFO] Capturing response: https://android.clients.google.com/c2dm/register3 200 
2026-08-05 18:06:46,449 [INFO] 
[8/14]
2026-08-05 18:06:46,449 [INFO] 🔍 S Sport → https://www.atomsportv512.top/matches?id=s-sport
2026-08-05 18:06:46,557 [INFO] Capturing request: https://www.atomsportv512.top/matches?id=s-sport
2026-08-05 18:06:46,801 [INFO] Capturing request: https://android.clients.google.com/c2dm/register3
2026-08-05 18:06:46,886 [INFO] Capturing response: https://android.clients.google.com/c2dm/register3 429 
2026-08-05 18:06:47,034 [INFO] Capturing response: https://www.atomsportv512.top/matches?id=s-sport 200 
2026-08-05 18:06:47,064 [INFO] Capturing request: https://streamsport365.com/cinema
2026-08-05 18:06:47,164 [INFO] Capturing request: https://teletv5.top/load/yayinlink.php?id=s-sport
2026-08-05 18:06:47,169 [INFO] Capturing request: https://www.atomsportv512.top/favicon.ico
2026-08-05 18:06:47,218 [INFO] Capturing response: https://www.atomsportv512.top/favicon.ico 200 
2026-08-05 18:06:47,426 [INFO] Capturing response: https://streamsport365.com/cinema 200 
2026-08-05 18:06:47,428 [INFO] Capturing response: https://teletv5.top/load/yayinlink.php?id=s-sport 200 
2026-08-05 18:06:47,580 [INFO] Capturing request: https://www.atomsportv512.top/assets/img/player/player_logo_6a72b29dbcd89.png
2026-08-05 18:06:47,590 [INFO] Capturing request: https://corestream.siteyaptim.live//s-sport/tracks-v1a1/mono.m3u8
2026-08-05 18:06:47,708 [INFO] Capturing response: https://www.atomsportv512.top/assets/img/player/player_logo_6a72b29dbcd89.png 304 
2026-08-05 18:06:47,780 [INFO] Capturing response: https://corestream.siteyaptim.live//s-sport/tracks-v1a1/mono.m3u8 200 
2026-08-05 18:06:47,891 [INFO] Capturing request: https://dmuizt2l1pw0t.cloudfront.net/s-sport/tracks-v1a1/2026/08/05/18/06/56-05000.jpg
2026-08-05 18:06:48,302 [INFO] Capturing response: https://dmuizt2l1pw0t.cloudfront.net/s-sport/tracks-v1a1/2026/08/05/18/06/56-05000.jpg 200 
2026-08-05 18:06:48,496 [INFO] Capturing request: https://dmuizt2l1pw0t.cloudfront.net/s-sport/tracks-v1a1/2026/08/05/18/07/01-05000.jpg
2026-08-05 18:06:48,802 [INFO] Capturing response: https://dmuizt2l1pw0t.cloudfront.net/s-sport/tracks-v1a1/2026/08/05/18/07/01-05000.jpg 200 
2026-08-05 18:06:48,990 [INFO] Capturing request: https://dmuizt2l1pw0t.cloudfront.net/s-sport/tracks-v1a1/2026/08/05/18/07/06-05000.jpg
2026-08-05 18:06:50,087 [INFO]   ✅ M3U8 bulundu: https://corestream.siteyaptim.live//s-sport/tracks-v1a1/mono.m3u8
2026-08-05 18:06:51,087 [INFO] 
[9/14]
2026-08-05 18:06:51,087 [INFO] 🔍 S Sport 2 → https://www.atomsportv512.top/matches?id=s-sport-2
2026-08-05 18:06:51,195 [INFO] Capturing request: https://www.atomsportv512.top/matches?id=s-sport-2
2026-08-05 18:06:51,420 [INFO] Capturing response: https://dmuizt2l1pw0t.cloudfront.net/s-sport/tracks-v1a1/2026/08/05/18/07/06-05000.jpg 200 
2026-08-05 18:06:51,478 [INFO] Capturing response: https://www.atomsportv512.top/matches?id=s-sport-2 200 
2026-08-05 18:06:51,525 [INFO] Capturing response: https://corestream.siteyaptim.live//hls/s-sport.m3u8 404 
2026-08-05 18:06:51,604 [INFO] Capturing request: https://teletv5.top/load/yayinlink.php?id=s-sport-2
2026-08-05 18:06:51,610 [INFO] Capturing request: https://www.atomsportv512.top/favicon.ico
2026-08-05 18:06:51,657 [INFO] Capturing response: https://www.atomsportv512.top/favicon.ico 200 
2026-08-05 18:06:51,775 [INFO] Capturing request: https://streamsport365.com/cinema
2026-08-05 18:06:51,853 [INFO] Capturing response: https://teletv5.top/load/yayinlink.php?id=s-sport-2 200 
2026-08-05 18:06:52,136 [INFO] Capturing response: https://streamsport365.com/cinema 200 
2026-08-05 18:06:52,248 [INFO] Capturing request: https://www.atomsportv512.top/assets/img/player/player_logo_6a72b29dbcd89.png
2026-08-05 18:06:52,258 [INFO] Capturing request: https://corestream.siteyaptim.live//s-sport2/tracks-v1a1/mono.m3u8
2026-08-05 18:06:52,373 [INFO] Capturing response: https://www.atomsportv512.top/assets/img/player/player_logo_6a72b29dbcd89.png 304 
2026-08-05 18:06:52,466 [INFO] Capturing response: https://corestream.siteyaptim.live//s-sport2/tracks-v1a1/mono.m3u8 200 
2026-08-05 18:06:52,576 [INFO] Capturing request: https://dmuizt2l1pw0t.cloudfront.net/s-sport2/tracks-v1a1/2026/08/05/18/07/48-06400.jpg
2026-08-05 18:06:52,779 [INFO] Capturing response: https://dmuizt2l1pw0t.cloudfront.net/s-sport2/tracks-v1a1/2026/08/05/18/07/48-06400.jpg 200 
2026-08-05 18:06:52,971 [INFO] Capturing request: https://dmuizt2l1pw0t.cloudfront.net/s-sport2/tracks-v1a1/2026/08/05/18/07/54-06400.jpg
2026-08-05 18:06:53,406 [INFO] Capturing response: https://dmuizt2l1pw0t.cloudfront.net/s-sport2/tracks-v1a1/2026/08/05/18/07/54-06400.jpg 200 
2026-08-05 18:06:53,683 [INFO] Capturing request: https://dmuizt2l1pw0t.cloudfront.net/s-sport2/tracks-v1a1/2026/08/05/18/08/01-06400.jpg
2026-08-05 18:06:54,192 [INFO] Capturing response: https://dmuizt2l1pw0t.cloudfront.net/s-sport2/tracks-v1a1/2026/08/05/18/08/01-06400.jpg 200 
2026-08-05 18:06:54,434 [INFO] Capturing request: https://dmuizt2l1pw0t.cloudfront.net/s-sport2/tracks-v1a1/2026/08/05/18/08/07-06400.jpg
2026-08-05 18:06:54,529 [INFO]   ✅ M3U8 bulundu: https://corestream.siteyaptim.live//s-sport2/tracks-v1a1/mono.m3u8
2026-08-05 18:06:54,944 [INFO] Capturing response: https://dmuizt2l1pw0t.cloudfront.net/s-sport2/tracks-v1a1/2026/08/05/18/08/07-06400.jpg 200 
2026-08-05 18:06:55,530 [INFO] 
[10/14]
2026-08-05 18:06:55,530 [INFO] 🔍 A Spor → https://www.atomsportv512.top/matches?id=a-spor
2026-08-05 18:06:55,641 [INFO] Capturing request: https://www.atomsportv512.top/matches?id=a-spor
2026-08-05 18:06:55,928 [INFO] Capturing response: https://www.atomsportv512.top/matches?id=a-spor 200 
2026-08-05 18:06:55,964 [INFO] Capturing request: https://streamsport365.com/cinema
2026-08-05 18:06:56,061 [INFO] Capturing request: https://teletv5.top/load/yayinlink.php?id=a-spor
2026-08-05 18:06:56,063 [INFO] Capturing request: https://www.atomsportv512.top/favicon.ico
2026-08-05 18:06:56,114 [INFO] Capturing response: https://www.atomsportv512.top/favicon.ico 200 
2026-08-05 18:06:56,303 [INFO] Capturing response: https://teletv5.top/load/yayinlink.php?id=a-spor 200 
2026-08-05 18:06:56,318 [INFO] Capturing response: https://streamsport365.com/cinema 200 
2026-08-05 18:06:56,455 [INFO] Capturing request: https://www.atomsportv512.top/assets/img/player/player_logo_6a72b29dbcd89.png
2026-08-05 18:06:56,463 [INFO] Capturing request: https://corestream.siteyaptim.live//aspor/tracks-v1a1/mono.m3u8
2026-08-05 18:06:56,584 [INFO] Capturing response: https://www.atomsportv512.top/assets/img/player/player_logo_6a72b29dbcd89.png 304 
2026-08-05 18:06:56,992 [INFO] Capturing response: https://corestream.siteyaptim.live//aspor/tracks-v1a1/mono.m3u8 404 
2026-08-05 18:06:58,976 [INFO]   ✅ M3U8 bulundu: https://corestream.siteyaptim.live//aspor/tracks-v1a1/mono.m3u8
2026-08-05 18:06:59,112 [INFO] Capturing request: https://corestream.siteyaptim.live//aspor/tracks-v1a1/mono.m3u8
2026-08-05 18:06:59,299 [INFO] Capturing response: https://corestream.siteyaptim.live//aspor/tracks-v1a1/mono.m3u8 404 
2026-08-05 18:06:59,977 [INFO] 
[11/14]
2026-08-05 18:06:59,977 [INFO] 🔍 Tivibu Spor 1 → https://www.atomsportv512.top/matches?id=tivibu-spor-1
2026-08-05 18:07:00,086 [INFO] Capturing request: https://www.atomsportv512.top/matches?id=tivibu-spor-1
2026-08-05 18:07:00,384 [INFO] Capturing response: https://www.atomsportv512.top/matches?id=tivibu-spor-1 200 
2026-08-05 18:07:00,518 [INFO] Capturing request: https://teletv5.top/load/yayinlink.php?id=tivibu-spor-1
2026-08-05 18:07:00,521 [INFO] Capturing request: https://www.atomsportv512.top/favicon.ico
2026-08-05 18:07:00,584 [INFO] Capturing response: https://www.atomsportv512.top/favicon.ico 200 
2026-08-05 18:07:00,672 [INFO] Capturing request: https://streamsport365.com/cinema
2026-08-05 18:07:00,767 [INFO] Capturing response: https://teletv5.top/load/yayinlink.php?id=tivibu-spor-1 200 
2026-08-05 18:07:01,029 [INFO] Capturing response: https://streamsport365.com/cinema 200 
2026-08-05 18:07:13,407 [INFO] Capturing request: https://update.googleapis.com/service/update2/json?cup2key=16:PQrGam_Mbh82VBZMXOS-QSC7KLJdvsPcPI4vjbd9ql8&cup2hreq=bc19ece7e66570f5228355623d2e49615b42aa5c58d4343f49518e022289a420
2026-08-05 18:07:13,462 [INFO] Capturing response: https://update.googleapis.com/service/update2/json?cup2key=16:PQrGam_Mbh82VBZMXOS-QSC7KLJdvsPcPI4vjbd9ql8&cup2hreq=bc19ece7e66570f5228355623d2e49615b42aa5c58d4343f49518e022289a420 200 
2026-08-05 18:07:13,469 [INFO] Capturing request: http://edgedl.me.gvt1.com/edgedl/diffgen-puffin/gcmjkmgdlgnkkcocmoeiminaijmmjnii/6ca5bdb9f3e2cd83b7e359729bc6c33c4fe975ec499861d969b3e080320849ff
2026-08-05 18:07:13,482 [INFO] Capturing response: http://edgedl.me.gvt1.com/edgedl/diffgen-puffin/gcmjkmgdlgnkkcocmoeiminaijmmjnii/6ca5bdb9f3e2cd83b7e359729bc6c33c4fe975ec499861d969b3e080320849ff 200 OK
2026-08-05 18:07:13,507 [INFO] Capturing request: https://update.googleapis.com/service/update2/json
2026-08-05 18:07:13,556 [INFO] Capturing response: https://update.googleapis.com/service/update2/json 200 
2026-08-05 18:07:13,600 [INFO] Capturing request: http://edgedl.me.gvt1.com/edgedl/release2/chrome_component/k7p44xarvpansjwwsncmuv3ymi_10696/hfnkpimlhhgieaddgfemjhofmfblmnib_10696_all_cek2msyvvqo7lwsy4xdfnawt5e.crx3
2026-08-05 18:07:13,616 [INFO] Capturing response: http://edgedl.me.gvt1.com/edgedl/release2/chrome_component/k7p44xarvpansjwwsncmuv3ymi_10696/hfnkpimlhhgieaddgfemjhofmfblmnib_10696_all_cek2msyvvqo7lwsy4xdfnawt5e.crx3 200 OK
2026-08-05 18:07:13,643 [INFO] Capturing request: https://update.googleapis.com/service/update2/json
2026-08-05 18:07:13,689 [INFO] Capturing response: https://update.googleapis.com/service/update2/json 200 
2026-08-05 18:07:33,680 [WARNING]   ❌ Tivibu Spor 1 için M3U8 bulunamadı
2026-08-05 18:07:34,680 [INFO] 
[12/14]
2026-08-05 18:07:34,680 [INFO] 🔍 Tivibu Spor 2 → https://www.atomsportv512.top/matches?id=tivibu-spor-2
2026-08-05 18:07:34,847 [INFO] Capturing request: https://www.atomsportv512.top/matches?id=tivibu-spor-2
2026-08-05 18:07:37,971 [INFO] Capturing response: https://www.atomsportv512.top/matches?id=tivibu-spor-2 200 
2026-08-05 18:07:38,135 [INFO] Capturing request: https://www.atomsportv512.top/favicon.ico
2026-08-05 18:07:38,178 [INFO] Capturing request: https://teletv5.top/load/yayinlink.php?id=tivibu-spor-2
2026-08-05 18:07:38,242 [INFO] Capturing response: https://www.atomsportv512.top/favicon.ico 200 
2026-08-05 18:07:38,642 [INFO] Capturing response: https://teletv5.top/load/yayinlink.php?id=tivibu-spor-2 200 
2026-08-05 18:07:38,826 [INFO] Capturing request: https://streamsport365.com/cinema
2026-08-05 18:07:39,174 [INFO] Capturing response: https://streamsport365.com/cinema 200 
2026-08-05 18:08:11,254 [WARNING]   ❌ Tivibu Spor 2 için M3U8 bulunamadı
2026-08-05 18:08:12,254 [INFO] 
[13/14]
2026-08-05 18:08:12,254 [INFO] 🔍 Tivibu Spor 3 → https://www.atomsportv512.top/matches?id=tivibu-spor-3
2026-08-05 18:08:12,363 [INFO] Capturing request: https://www.atomsportv512.top/matches?id=tivibu-spor-3
2026-08-05 18:08:12,861 [INFO] Capturing response: https://www.atomsportv512.top/matches?id=tivibu-spor-3 200 
2026-08-05 18:08:12,991 [INFO] Capturing request: https://teletv5.top/load/yayinlink.php?id=tivibu-spor-3
2026-08-05 18:08:12,996 [INFO] Capturing request: https://www.atomsportv512.top/favicon.ico
2026-08-05 18:08:13,054 [INFO] Capturing response: https://www.atomsportv512.top/favicon.ico 200 
2026-08-05 18:08:13,145 [INFO] Capturing request: https://streamsport365.com/cinema
2026-08-05 18:08:13,251 [INFO] Capturing response: https://teletv5.top/load/yayinlink.php?id=tivibu-spor-3 200 
2026-08-05 18:08:13,504 [INFO] Capturing response: https://streamsport365.com/cinema 200 
2026-08-05 18:08:46,122 [WARNING]   ❌ Tivibu Spor 3 için M3U8 bulunamadı
2026-08-05 18:08:47,123 [INFO] 
[14/14]
2026-08-05 18:08:47,123 [INFO] 🔍 Tivibu Spor 4 → https://www.atomsportv512.top/matches?id=tivibu-spor-4
2026-08-05 18:08:47,233 [INFO] Capturing request: https://www.atomsportv512.top/matches?id=tivibu-spor-4
2026-08-05 18:08:47,737 [INFO] Capturing response: https://www.atomsportv512.top/matches?id=tivibu-spor-4 200 
2026-08-05 18:08:47,871 [INFO] Capturing request: https://teletv5.top/load/yayinlink.php?id=tivibu-spor-4
2026-08-05 18:08:47,874 [INFO] Capturing request: https://www.atomsportv512.top/favicon.ico
2026-08-05 18:08:47,940 [INFO] Capturing response: https://www.atomsportv512.top/favicon.ico 200 
2026-08-05 18:08:48,026 [INFO] Capturing request: https://streamsport365.com/cinema
2026-08-05 18:08:48,134 [INFO] Capturing response: https://teletv5.top/load/yayinlink.php?id=tivibu-spor-4 200 
2026-08-05 18:08:48,392 [INFO] Capturing response: https://streamsport365.com/cinema 200 
2026-08-05 18:09:20,998 [WARNING]   ❌ Tivibu Spor 4 için M3U8 bulunamadı
2026-08-05 18:09:22,057 [INFO] ✅ 10 kanal bulundu, playlist.m3u kaydedildi
