2026-08-17 13:39:58,652 [INFO] 🌐 BASE_URL: https://www.atomsportv512.top
2026-08-17 13:39:59,943 [INFO] Başlanıyor... 14 kanal taranacak
2026-08-17 13:39:59,943 [INFO] Using default request storage
2026-08-17 13:39:59,948 [INFO] Created proxy listening on 127.0.0.1:41475
2026-08-17 13:40:00,630 [INFO] Capturing request: http://clients2.google.com/time/1/current?cup2key=10:WtxMT8SUuVFH2iaH9h2lLsmdayqLF1xlUEQcXjL14lw&cup2hreq=e3b0c44298fc1c149afbf4c8996fb92427ae41e4649b934ca495991b7852b855
2026-08-17 13:40:00,661 [INFO] Capturing response: http://clients2.google.com/time/1/current?cup2key=10:WtxMT8SUuVFH2iaH9h2lLsmdayqLF1xlUEQcXjL14lw&cup2hreq=e3b0c44298fc1c149afbf4c8996fb92427ae41e4649b934ca495991b7852b855 200 OK
2026-08-17 13:40:00,942 [INFO] 
[1/14]
2026-08-17 13:40:00,944 [INFO] 🔍 beIN Sports 1 → https://www.atomsportv512.top/matches?id=bein-sports-1
2026-08-17 13:40:01,013 [INFO] Capturing request: https://accounts.google.com/ListAccounts?gpsia=1&source=ChromiumBrowser&json=standard&laf=b64bin
2026-08-17 13:40:01,018 [INFO] Capturing request: https://update.googleapis.com/service/update2/json?cup2key=16:0s7lOABHtxiKjWN5spQuQRIEGuSKYqmqK5leU3V_EEY&cup2hreq=f3ae98a4c9445f3434d9cd78ad1745e794a862fb6825216187bbc5c7df4c879c
2026-08-17 13:40:01,072 [INFO] Capturing response: https://update.googleapis.com/service/update2/json?cup2key=16:0s7lOABHtxiKjWN5spQuQRIEGuSKYqmqK5leU3V_EEY&cup2hreq=f3ae98a4c9445f3434d9cd78ad1745e794a862fb6825216187bbc5c7df4c879c 200 
2026-08-17 13:40:01,075 [INFO] Capturing response: https://accounts.google.com/ListAccounts?gpsia=1&source=ChromiumBrowser&json=standard&laf=b64bin 200 
2026-08-17 13:40:01,103 [INFO] Capturing request: https://www.google.com/async/folae?async=_fmt:pb&udm=50&client_locale=en-US&client_country=ZZ
2026-08-17 13:40:01,120 [INFO] Capturing request: https://update.googleapis.com/service/update2/json?cup2key=16:yP5YB0fyHuGTDQ4YvJ8N9GMRKuoEi_DgjjwxF6TWO6c&cup2hreq=07d17226695deacbcceb1b608da8c1601fb2babc87c8daa006d993d6b2ffd835
2026-08-17 13:40:01,126 [INFO] Capturing response: https://www.google.com/async/folae?async=_fmt:pb&udm=50&client_locale=en-US&client_country=ZZ 200 
2026-08-17 13:40:01,143 [INFO] Capturing response: https://update.googleapis.com/service/update2/json?cup2key=16:yP5YB0fyHuGTDQ4YvJ8N9GMRKuoEi_DgjjwxF6TWO6c&cup2hreq=07d17226695deacbcceb1b608da8c1601fb2babc87c8daa006d993d6b2ffd835 200 
2026-08-17 13:40:01,182 [INFO] Capturing request: https://www.atomsportv512.top/matches?id=bein-sports-1
2026-08-17 13:40:01,190 [INFO] Capturing request: https://update.googleapis.com/service/update2/json?cup2key=16:QLfVnD2rV4ifmhLx-jVSCfYYFAbb1Dpyy6d2mBzKifI&cup2hreq=f4522ee5f8c1b9a7ad64bbdb7fe1fbb2c5f921f2f787cde399c468aa2480223e
2026-08-17 13:40:01,218 [INFO] Capturing response: https://update.googleapis.com/service/update2/json?cup2key=16:QLfVnD2rV4ifmhLx-jVSCfYYFAbb1Dpyy6d2mBzKifI&cup2hreq=f4522ee5f8c1b9a7ad64bbdb7fe1fbb2c5f921f2f787cde399c468aa2480223e 200 
2026-08-17 13:40:01,324 [INFO] Capturing request: https://www.google.com/async/folae?async=_fmt:pb&udm=50&client_locale=en-US&client_country=ZZ
2026-08-17 13:40:01,346 [INFO] Capturing response: https://www.google.com/async/folae?async=_fmt:pb&udm=50&client_locale=en-US&client_country=ZZ 200 
2026-08-17 13:40:01,375 [INFO] Capturing response: https://www.atomsportv512.top/matches?id=bein-sports-1 200 
2026-08-17 13:40:01,578 [INFO] Capturing request: https://cdn.jsdelivr.net/npm/@clappr/player@0.11.16/dist/clappr.min.js
2026-08-17 13:40:01,580 [INFO] Capturing request: https://cdn.jsdelivr.net/npm/level-selector/dist/level-selector.min.js
2026-08-17 13:40:01,582 [INFO] Capturing request: https://cdn.jsdelivr.net/npm/@clappr/hlsjs-playback@1.8.3/dist/hlsjs-playback.min.js
2026-08-17 13:40:01,602 [INFO] Capturing response: https://cdn.jsdelivr.net/npm/level-selector/dist/level-selector.min.js 200 
2026-08-17 13:40:01,622 [INFO] Capturing response: https://cdn.jsdelivr.net/npm/@clappr/player@0.11.16/dist/clappr.min.js 200 
2026-08-17 13:40:01,628 [INFO] Capturing response: https://cdn.jsdelivr.net/npm/@clappr/hlsjs-playback@1.8.3/dist/hlsjs-playback.min.js 200 
2026-08-17 13:40:01,845 [INFO] Capturing request: https://www.atomsportv512.top/favicon.ico
2026-08-17 13:40:01,892 [INFO] Capturing response: https://www.atomsportv512.top/favicon.ico 200 
2026-08-17 13:40:01,910 [INFO] Capturing request: https://teletv5.top/load/yayinlink.php?id=bein-sports-1
2026-08-17 13:40:01,943 [INFO] Capturing response: https://teletv5.top/load/yayinlink.php?id=bein-sports-1 200 
2026-08-17 13:40:02,353 [INFO] Capturing request: https://streamsport365.com/cinema
2026-08-17 13:40:02,596 [INFO] Capturing response: https://streamsport365.com/cinema 200 
2026-08-17 13:40:02,727 [INFO] Capturing request: https://www.atomsportv512.top/assets/img/player/player_logo_6a72b29dbcd89.png
2026-08-17 13:40:02,765 [INFO] Capturing response: https://www.atomsportv512.top/assets/img/player/player_logo_6a72b29dbcd89.png 200 
2026-08-17 13:40:02,948 [INFO] Capturing request: https://corestream.siteyaptim.live//beintv/tracks-v1a1/mono.m3u8
2026-08-17 13:40:03,074 [INFO] Capturing response: https://corestream.siteyaptim.live//beintv/tracks-v1a1/mono.m3u8 404 
2026-08-17 13:40:03,814 [INFO] Capturing request: https://android.clients.google.com/checkin
2026-08-17 13:40:03,931 [INFO] Capturing response: https://android.clients.google.com/checkin 200 
2026-08-17 13:40:03,980 [INFO] Capturing request: https://android.clients.google.com/c2dm/register3
2026-08-17 13:40:03,983 [INFO] Capturing request: https://android.clients.google.com/c2dm/register3
2026-08-17 13:40:03,984 [INFO] Capturing request: https://android.clients.google.com/c2dm/register3
2026-08-17 13:40:04,023 [INFO] Capturing response: https://android.clients.google.com/c2dm/register3 301 
2026-08-17 13:40:04,397 [INFO] Capturing response: https://android.clients.google.com/c2dm/register3 200 
2026-08-17 13:40:04,724 [INFO] Capturing response: https://android.clients.google.com/c2dm/register3 200 
2026-08-17 13:40:04,767 [INFO]   ✅ M3U8 bulundu: https://corestream.siteyaptim.live//beintv/tracks-v1a1/mono.m3u8
2026-08-17 13:40:05,240 [INFO] Capturing request: https://corestream.siteyaptim.live//beintv/tracks-v1a1/mono.m3u8
2026-08-17 13:40:05,361 [INFO] Capturing response: https://corestream.siteyaptim.live//beintv/tracks-v1a1/mono.m3u8 404 
2026-08-17 13:40:05,767 [INFO] 
[2/14]
2026-08-17 13:40:05,767 [INFO] 🔍 beIN Sports 2 → https://www.atomsportv512.top/matches?id=bein-sports-2
2026-08-17 13:40:05,877 [INFO] Capturing request: https://www.atomsportv512.top/matches?id=bein-sports-2
2026-08-17 13:40:06,058 [INFO] Capturing response: https://www.atomsportv512.top/matches?id=bein-sports-2 200 
2026-08-17 13:40:06,108 [INFO] Capturing request: https://streamsport365.com/cinema
2026-08-17 13:40:06,210 [INFO] Capturing request: https://teletv5.top/load/yayinlink.php?id=bein-sports-2
2026-08-17 13:40:06,212 [INFO] Capturing request: https://www.atomsportv512.top/favicon.ico
2026-08-17 13:40:06,225 [INFO] Capturing response: https://teletv5.top/load/yayinlink.php?id=bein-sports-2 200 
2026-08-17 13:40:06,247 [INFO] Capturing response: https://www.atomsportv512.top/favicon.ico 200 
2026-08-17 13:40:06,363 [INFO] Capturing response: https://streamsport365.com/cinema 200 
2026-08-17 13:40:06,476 [INFO] Capturing request: https://www.atomsportv512.top/assets/img/player/player_logo_6a72b29dbcd89.png
2026-08-17 13:40:06,485 [INFO] Capturing request: https://corestream.siteyaptim.live//bein2/tracks-v1a1/mono.m3u8
2026-08-17 13:40:06,590 [INFO] Capturing response: https://www.atomsportv512.top/assets/img/player/player_logo_6a72b29dbcd89.png 304 
2026-08-17 13:40:06,622 [INFO] Capturing response: https://corestream.siteyaptim.live//bein2/tracks-v1a1/mono.m3u8 404 
2026-08-17 13:40:08,741 [INFO] Capturing request: https://corestream.siteyaptim.live//bein2/tracks-v1a1/mono.m3u8
2026-08-17 13:40:08,853 [INFO] Capturing response: https://corestream.siteyaptim.live//bein2/tracks-v1a1/mono.m3u8 404 
2026-08-17 13:40:09,122 [INFO]   ✅ M3U8 bulundu: https://corestream.siteyaptim.live//bein2/tracks-v1a1/mono.m3u8
2026-08-17 13:40:10,122 [INFO] 
[3/14]
2026-08-17 13:40:10,123 [INFO] 🔍 beIN Sports 3 → https://www.atomsportv512.top/matches?id=bein-sports-3
2026-08-17 13:40:10,233 [INFO] Capturing request: https://www.atomsportv512.top/matches?id=bein-sports-3
2026-08-17 13:40:10,416 [INFO] Capturing response: https://www.atomsportv512.top/matches?id=bein-sports-3 200 
2026-08-17 13:40:10,544 [INFO] Capturing request: https://teletv5.top/load/yayinlink.php?id=bein-sports-3
2026-08-17 13:40:10,546 [INFO] Capturing request: https://www.atomsportv512.top/favicon.ico
2026-08-17 13:40:10,568 [INFO] Capturing response: https://teletv5.top/load/yayinlink.php?id=bein-sports-3 200 
2026-08-17 13:40:10,581 [INFO] Capturing response: https://www.atomsportv512.top/favicon.ico 200 
2026-08-17 13:40:10,643 [INFO] Capturing request: https://streamsport365.com/cinema
2026-08-17 13:40:10,889 [INFO] Capturing response: https://streamsport365.com/cinema 200 
2026-08-17 13:40:10,999 [INFO] Capturing request: https://www.atomsportv512.top/assets/img/player/player_logo_6a72b29dbcd89.png
2026-08-17 13:40:11,009 [INFO] Capturing request: https://corestream.siteyaptim.live//bein3/tracks-v1a1/mono.m3u8
2026-08-17 13:40:11,123 [INFO] Capturing response: https://www.atomsportv512.top/assets/img/player/player_logo_6a72b29dbcd89.png 304 
2026-08-17 13:40:11,148 [INFO] Capturing response: https://corestream.siteyaptim.live//bein3/tracks-v1a1/mono.m3u8 404 
2026-08-17 13:40:13,308 [INFO] Capturing request: https://corestream.siteyaptim.live//bein3/tracks-v1a1/mono.m3u8
2026-08-17 13:40:13,430 [INFO] Capturing response: https://corestream.siteyaptim.live//bein3/tracks-v1a1/mono.m3u8 404 
2026-08-17 13:40:13,457 [INFO]   ✅ M3U8 bulundu: https://corestream.siteyaptim.live//bein3/tracks-v1a1/mono.m3u8
2026-08-17 13:40:14,458 [INFO] 
[4/14]
2026-08-17 13:40:14,458 [INFO] 🔍 beIN Sports 4 → https://www.atomsportv512.top/matches?id=bein-sports-4
2026-08-17 13:40:14,566 [INFO] Capturing request: https://www.atomsportv512.top/matches?id=bein-sports-4
2026-08-17 13:40:14,745 [INFO] Capturing response: https://www.atomsportv512.top/matches?id=bein-sports-4 200 
2026-08-17 13:40:14,774 [INFO] Capturing request: https://streamsport365.com/cinema
2026-08-17 13:40:14,873 [INFO] Capturing request: https://teletv5.top/load/yayinlink.php?id=bein-sports-4
2026-08-17 13:40:14,880 [INFO] Capturing request: https://www.atomsportv512.top/favicon.ico
2026-08-17 13:40:14,888 [INFO] Capturing response: https://teletv5.top/load/yayinlink.php?id=bein-sports-4 200 
2026-08-17 13:40:14,904 [INFO] Capturing response: https://www.atomsportv512.top/favicon.ico 200 
2026-08-17 13:40:15,033 [INFO] Capturing response: https://streamsport365.com/cinema 200 
2026-08-17 13:40:15,145 [INFO] Capturing request: https://www.atomsportv512.top/assets/img/player/player_logo_6a72b29dbcd89.png
2026-08-17 13:40:15,154 [INFO] Capturing request: https://corestream.siteyaptim.live//bein4/tracks-v1a1/mono.m3u8
2026-08-17 13:40:15,262 [INFO] Capturing response: https://www.atomsportv512.top/assets/img/player/player_logo_6a72b29dbcd89.png 304 
2026-08-17 13:40:15,284 [INFO] Capturing response: https://corestream.siteyaptim.live//bein4/tracks-v1a1/mono.m3u8 200 
2026-08-17 13:40:15,470 [INFO] Capturing request: https://global.siteyaptim.live/bein4/tracks-v1a1/2026/08/17/13/40/13-10000.jpg
2026-08-17 13:40:16,019 [INFO] Capturing response: https://global.siteyaptim.live/bein4/tracks-v1a1/2026/08/17/13/40/13-10000.jpg 200 
2026-08-17 13:40:16,332 [INFO] Capturing request: https://global.siteyaptim.live/bein4/tracks-v1a1/2026/08/17/13/40/23-10000.jpg
2026-08-17 13:40:16,826 [INFO] Capturing response: https://global.siteyaptim.live/bein4/tracks-v1a1/2026/08/17/13/40/23-10000.jpg 200 
2026-08-17 13:40:17,118 [INFO] Capturing request: https://global.siteyaptim.live/bein4/tracks-v1a1/2026/08/17/13/40/33-10000.jpg
2026-08-17 13:40:17,696 [INFO] Capturing response: https://global.siteyaptim.live/bein4/tracks-v1a1/2026/08/17/13/40/33-10000.jpg 200 
2026-08-17 13:40:17,820 [INFO]   ✅ M3U8 bulundu: https://corestream.siteyaptim.live//bein4/tracks-v1a1/mono.m3u8
2026-08-17 13:40:18,005 [INFO] Capturing request: https://global.siteyaptim.live/bein4/tracks-v1a1/2026/08/17/13/40/43-03121.jpg
2026-08-17 13:40:18,241 [INFO] Capturing response: https://global.siteyaptim.live/bein4/tracks-v1a1/2026/08/17/13/40/43-03121.jpg 200 
2026-08-17 13:40:18,822 [INFO] 
[5/14]
2026-08-17 13:40:18,822 [INFO] 🔍 beIN Sports 5 → https://www.atomsportv512.top/matches?id=bein-sports-5
2026-08-17 13:40:18,936 [INFO] Capturing request: https://www.atomsportv512.top/matches?id=bein-sports-5
2026-08-17 13:40:19,117 [INFO] Capturing response: https://www.atomsportv512.top/matches?id=bein-sports-5 200 
2026-08-17 13:40:19,252 [INFO] Capturing request: https://www.atomsportv512.top/favicon.ico
2026-08-17 13:40:19,252 [INFO] Capturing request: https://teletv5.top/load/yayinlink.php?id=bein-sports-5
2026-08-17 13:40:19,279 [INFO] Capturing response: https://www.atomsportv512.top/favicon.ico 200 
2026-08-17 13:40:19,349 [INFO] Capturing request: https://streamsport365.com/cinema
2026-08-17 13:40:19,584 [INFO] Capturing response: https://teletv5.top/load/yayinlink.php?id=bein-sports-5 200 
2026-08-17 13:40:19,604 [INFO] Capturing response: https://streamsport365.com/cinema 200 
2026-08-17 13:40:19,714 [INFO] Capturing request: https://www.atomsportv512.top/assets/img/player/player_logo_6a72b29dbcd89.png
2026-08-17 13:40:19,729 [INFO] Capturing request: https://corestream.siteyaptim.live//bein5/tracks-v1a1/mono.m3u8
2026-08-17 13:40:19,829 [INFO] Capturing response: https://www.atomsportv512.top/assets/img/player/player_logo_6a72b29dbcd89.png 304 
2026-08-17 13:40:19,856 [INFO] Capturing response: https://corestream.siteyaptim.live//bein5/tracks-v1a1/mono.m3u8 200 
2026-08-17 13:40:20,005 [INFO] Capturing request: https://global.siteyaptim.live/bein5/tracks-v1a1/2026/08/17/13/40/08-07440.jpg
2026-08-17 13:40:20,537 [INFO] Capturing response: https://global.siteyaptim.live/bein5/tracks-v1a1/2026/08/17/13/40/08-07440.jpg 200 
2026-08-17 13:40:20,848 [INFO] Capturing request: https://global.siteyaptim.live/bein5/tracks-v1a1/2026/08/17/13/40/15-09320.jpg
2026-08-17 13:40:21,700 [INFO] Capturing response: https://global.siteyaptim.live/bein5/tracks-v1a1/2026/08/17/13/40/15-09320.jpg 200 
2026-08-17 13:40:22,031 [INFO] Capturing request: https://global.siteyaptim.live/bein5/tracks-v1a1/2026/08/17/13/40/25-10000.jpg
2026-08-17 13:40:22,188 [INFO]   ✅ M3U8 bulundu: https://corestream.siteyaptim.live//bein5/tracks-v1a1/mono.m3u8
2026-08-17 13:40:22,916 [INFO] Capturing response: https://global.siteyaptim.live/bein5/tracks-v1a1/2026/08/17/13/40/25-10000.jpg 200 
2026-08-17 13:40:23,189 [INFO] 
[6/14]
2026-08-17 13:40:23,189 [INFO] 🔍 beIN Sports Max 1 → https://www.atomsportv512.top/matches?id=bein-sports-max-1
2026-08-17 13:40:23,260 [INFO] Capturing request: https://global.siteyaptim.live/bein5/tracks-v1a1/2026/08/17/13/40/35-09520.jpg
2026-08-17 13:40:23,301 [INFO] Capturing request: https://www.atomsportv512.top/matches?id=bein-sports-max-1
2026-08-17 13:40:23,483 [INFO] Capturing response: https://www.atomsportv512.top/matches?id=bein-sports-max-1 200 
2026-08-17 13:40:23,526 [INFO] Capturing request: https://streamsport365.com/cinema
2026-08-17 13:40:23,626 [INFO] Capturing request: https://teletv5.top/load/yayinlink.php?id=bein-sports-max-1
2026-08-17 13:40:23,631 [INFO] Capturing request: https://www.atomsportv512.top/favicon.ico
2026-08-17 13:40:23,663 [INFO] Capturing response: https://www.atomsportv512.top/favicon.ico 200 
2026-08-17 13:40:23,787 [INFO] Capturing response: https://streamsport365.com/cinema 200 
2026-08-17 13:40:23,847 [INFO] Capturing response: https://global.siteyaptim.live/bein5/tracks-v1a1/2026/08/17/13/40/35-09520.jpg 200 
2026-08-17 13:40:23,973 [INFO] Capturing response: https://teletv5.top/load/yayinlink.php?id=bein-sports-max-1 200 
2026-08-17 13:40:24,124 [INFO] Capturing request: https://www.atomsportv512.top/assets/img/player/player_logo_6a72b29dbcd89.png
2026-08-17 13:40:24,133 [INFO] Capturing request: https://corestream.siteyaptim.live//beinmax1/tracks-v1a1/mono.m3u8
2026-08-17 13:40:24,244 [INFO] Capturing response: https://www.atomsportv512.top/assets/img/player/player_logo_6a72b29dbcd89.png 304 
2026-08-17 13:40:24,269 [INFO] Capturing response: https://corestream.siteyaptim.live//beinmax1/tracks-v1a1/mono.m3u8 200 
2026-08-17 13:40:24,379 [INFO] Capturing request: https://global.siteyaptim.live/beinmax1/tracks-v1a1/2026/08/17/13/40/17-06000.jpg
2026-08-17 13:40:24,796 [INFO] Capturing response: https://global.siteyaptim.live/beinmax1/tracks-v1a1/2026/08/17/13/40/17-06000.jpg 200 
2026-08-17 13:40:25,025 [INFO] Capturing request: https://global.siteyaptim.live/beinmax1/tracks-v1a1/2026/08/17/13/40/23-06000.jpg
2026-08-17 13:40:25,372 [INFO] Capturing response: https://global.siteyaptim.live/beinmax1/tracks-v1a1/2026/08/17/13/40/23-06000.jpg 200 
2026-08-17 13:40:25,597 [INFO] Capturing request: https://global.siteyaptim.live/beinmax1/tracks-v1a1/2026/08/17/13/40/29-06000.jpg
2026-08-17 13:40:26,416 [INFO] Capturing response: https://global.siteyaptim.live/beinmax1/tracks-v1a1/2026/08/17/13/40/29-06000.jpg 200 
2026-08-17 13:40:26,551 [INFO]   ✅ M3U8 bulundu: https://corestream.siteyaptim.live//beinmax1/tracks-v1a1/mono.m3u8
2026-08-17 13:40:27,552 [INFO] 
[7/14]
2026-08-17 13:40:27,552 [INFO] 🔍 beIN Sports Max 2 → https://www.atomsportv512.top/matches?id=bein-sports-max-2
2026-08-17 13:40:27,663 [INFO] Capturing request: https://www.atomsportv512.top/matches?id=bein-sports-max-2
2026-08-17 13:40:27,675 [INFO] Capturing request: https://android.clients.google.com/c2dm/register3
2026-08-17 13:40:27,718 [INFO] Capturing response: https://android.clients.google.com/c2dm/register3 429 
2026-08-17 13:40:28,321 [INFO] Capturing response: https://www.atomsportv512.top/matches?id=bein-sports-max-2 200 
2026-08-17 13:40:28,450 [INFO] Capturing request: https://teletv5.top/load/yayinlink.php?id=bein-sports-max-2
2026-08-17 13:40:28,452 [INFO] Capturing request: https://www.atomsportv512.top/favicon.ico
2026-08-17 13:40:28,486 [INFO] Capturing response: https://www.atomsportv512.top/favicon.ico 200 
2026-08-17 13:40:28,550 [INFO] Capturing request: https://streamsport365.com/cinema
2026-08-17 13:40:28,619 [INFO] Capturing response: https://teletv5.top/load/yayinlink.php?id=bein-sports-max-2 200 
2026-08-17 13:40:28,798 [INFO] Capturing response: https://streamsport365.com/cinema 200 
2026-08-17 13:40:28,908 [INFO] Capturing request: https://www.atomsportv512.top/assets/img/player/player_logo_6a72b29dbcd89.png
2026-08-17 13:40:28,917 [INFO] Capturing request: https://corestream.siteyaptim.live//trt-spor/tracks-v1a1/mono.m3u8
2026-08-17 13:40:29,024 [INFO] Capturing response: https://www.atomsportv512.top/assets/img/player/player_logo_6a72b29dbcd89.png 304 
2026-08-17 13:40:29,035 [INFO] Capturing response: https://corestream.siteyaptim.live//trt-spor/tracks-v1a1/mono.m3u8 200 
2026-08-17 13:40:29,184 [INFO] Capturing request: https://global.siteyaptim.live/trt-spor/tracks-v1a1/2026/08/17/13/41/00-10000.jpg
2026-08-17 13:40:29,449 [INFO] Capturing response: https://global.siteyaptim.live/trt-spor/tracks-v1a1/2026/08/17/13/41/00-10000.jpg 200 
2026-08-17 13:40:29,666 [INFO] Capturing request: https://global.siteyaptim.live/trt-spor/tracks-v1a1/2026/08/17/13/41/10-10000.jpg
2026-08-17 13:40:30,039 [INFO] Capturing response: https://global.siteyaptim.live/trt-spor/tracks-v1a1/2026/08/17/13/41/10-10000.jpg 200 
2026-08-17 13:40:30,274 [INFO] Capturing request: https://global.siteyaptim.live/trt-spor/tracks-v1a1/2026/08/17/13/41/20-10000.jpg
2026-08-17 13:40:30,593 [INFO] Capturing response: https://global.siteyaptim.live/trt-spor/tracks-v1a1/2026/08/17/13/41/20-10000.jpg 200 
2026-08-17 13:40:31,372 [INFO]   ✅ M3U8 bulundu: https://corestream.siteyaptim.live//trt-spor/tracks-v1a1/mono.m3u8
2026-08-17 13:40:32,372 [INFO] 
[8/14]
2026-08-17 13:40:32,372 [INFO] 🔍 S Sport → https://www.atomsportv512.top/matches?id=s-sport
2026-08-17 13:40:32,483 [INFO] Capturing request: https://www.atomsportv512.top/matches?id=s-sport
2026-08-17 13:40:32,663 [INFO] Capturing response: https://www.atomsportv512.top/matches?id=s-sport 200 
2026-08-17 13:40:32,695 [INFO] Capturing request: https://streamsport365.com/cinema
2026-08-17 13:40:32,796 [INFO] Capturing request: https://www.atomsportv512.top/favicon.ico
2026-08-17 13:40:32,797 [INFO] Capturing request: https://teletv5.top/load/yayinlink.php?id=s-sport
2026-08-17 13:40:32,815 [INFO] Capturing response: https://teletv5.top/load/yayinlink.php?id=s-sport 200 
2026-08-17 13:40:32,828 [INFO] Capturing response: https://www.atomsportv512.top/favicon.ico 200 
2026-08-17 13:40:32,944 [INFO] Capturing response: https://streamsport365.com/cinema 200 
2026-08-17 13:40:33,055 [INFO] Capturing request: https://www.atomsportv512.top/assets/img/player/player_logo_6a72b29dbcd89.png
2026-08-17 13:40:33,064 [INFO] Capturing request: https://corestream.siteyaptim.live//s-sport/tracks-v1a1/mono.m3u8
2026-08-17 13:40:33,175 [INFO] Capturing response: https://www.atomsportv512.top/assets/img/player/player_logo_6a72b29dbcd89.png 304 
2026-08-17 13:40:33,194 [INFO] Capturing response: https://corestream.siteyaptim.live//s-sport/tracks-v1a1/mono.m3u8 200 
2026-08-17 13:40:33,304 [INFO] Capturing request: https://global.siteyaptim.live/s-sport/tracks-v1a1/2026/08/17/13/40/23-05000.jpg
2026-08-17 13:40:33,696 [INFO] Capturing response: https://global.siteyaptim.live/s-sport/tracks-v1a1/2026/08/17/13/40/23-05000.jpg 200 
2026-08-17 13:40:33,939 [INFO] Capturing request: https://global.siteyaptim.live/s-sport/tracks-v1a1/2026/08/17/13/40/28-05000.jpg
2026-08-17 13:40:34,298 [INFO] Capturing response: https://global.siteyaptim.live/s-sport/tracks-v1a1/2026/08/17/13/40/28-05000.jpg 200 
2026-08-17 13:40:34,525 [INFO] Capturing request: https://global.siteyaptim.live/s-sport/tracks-v1a1/2026/08/17/13/40/33-05000.jpg
2026-08-17 13:40:35,157 [INFO] Capturing response: https://global.siteyaptim.live/s-sport/tracks-v1a1/2026/08/17/13/40/33-05000.jpg 200 
2026-08-17 13:40:35,714 [INFO]   ✅ M3U8 bulundu: https://corestream.siteyaptim.live//s-sport/tracks-v1a1/mono.m3u8
2026-08-17 13:40:36,714 [INFO] 
[9/14]
2026-08-17 13:40:36,715 [INFO] 🔍 S Sport 2 → https://www.atomsportv512.top/matches?id=s-sport-2
2026-08-17 13:40:36,826 [INFO] Capturing request: https://www.atomsportv512.top/matches?id=s-sport-2
2026-08-17 13:40:37,009 [INFO] Capturing response: https://www.atomsportv512.top/matches?id=s-sport-2 200 
2026-08-17 13:40:37,149 [INFO] Capturing request: https://teletv5.top/load/yayinlink.php?id=s-sport-2
2026-08-17 13:40:37,150 [INFO] Capturing request: https://www.atomsportv512.top/favicon.ico
2026-08-17 13:40:37,166 [INFO] Capturing response: https://teletv5.top/load/yayinlink.php?id=s-sport-2 200 
2026-08-17 13:40:37,177 [INFO] Capturing response: https://www.atomsportv512.top/favicon.ico 200 
2026-08-17 13:40:37,246 [INFO] Capturing request: https://streamsport365.com/cinema
2026-08-17 13:40:37,501 [INFO] Capturing response: https://streamsport365.com/cinema 200 
2026-08-17 13:40:37,612 [INFO] Capturing request: https://www.atomsportv512.top/assets/img/player/player_logo_6a72b29dbcd89.png
2026-08-17 13:40:37,622 [INFO] Capturing request: https://corestream.siteyaptim.live//s-sport2/tracks-v1a1/mono.m3u8
2026-08-17 13:40:37,728 [INFO] Capturing response: https://www.atomsportv512.top/assets/img/player/player_logo_6a72b29dbcd89.png 304 
2026-08-17 13:40:37,745 [INFO] Capturing response: https://corestream.siteyaptim.live//s-sport2/tracks-v1a1/mono.m3u8 200 
2026-08-17 13:40:37,895 [INFO] Capturing request: https://global.siteyaptim.live/s-sport2/tracks-v1a1/2026/08/17/13/40/51-10000.jpg
2026-08-17 13:40:38,326 [INFO] Capturing response: https://global.siteyaptim.live/s-sport2/tracks-v1a1/2026/08/17/13/40/51-10000.jpg 200 
2026-08-17 13:40:38,592 [INFO] Capturing request: https://global.siteyaptim.live/s-sport2/tracks-v1a1/2026/08/17/13/41/01-10000.jpg
2026-08-17 13:40:39,250 [INFO] Capturing response: https://global.siteyaptim.live/s-sport2/tracks-v1a1/2026/08/17/13/41/01-10000.jpg 200 
2026-08-17 13:40:39,512 [INFO] Capturing request: https://global.siteyaptim.live/s-sport2/tracks-v1a1/2026/08/17/13/41/11-10000.jpg
2026-08-17 13:40:39,999 [INFO] Capturing response: https://global.siteyaptim.live/s-sport2/tracks-v1a1/2026/08/17/13/41/11-10000.jpg 200 
2026-08-17 13:40:40,082 [INFO]   ✅ M3U8 bulundu: https://corestream.siteyaptim.live//s-sport2/tracks-v1a1/mono.m3u8
2026-08-17 13:40:41,082 [INFO] 
[10/14]
2026-08-17 13:40:41,083 [INFO] 🔍 A Spor → https://www.atomsportv512.top/matches?id=a-spor
2026-08-17 13:40:41,194 [INFO] Capturing request: https://www.atomsportv512.top/matches?id=a-spor
2026-08-17 13:40:41,369 [INFO] Capturing response: https://www.atomsportv512.top/matches?id=a-spor 200 
2026-08-17 13:40:41,405 [INFO] Capturing request: https://streamsport365.com/cinema
2026-08-17 13:40:41,506 [INFO] Capturing request: https://teletv5.top/load/yayinlink.php?id=a-spor
2026-08-17 13:40:41,508 [INFO] Capturing request: https://www.atomsportv512.top/favicon.ico
2026-08-17 13:40:41,540 [INFO] Capturing response: https://www.atomsportv512.top/favicon.ico 200 
2026-08-17 13:40:41,653 [INFO] Capturing response: https://streamsport365.com/cinema 200 
2026-08-17 13:40:41,676 [INFO] Capturing response: https://teletv5.top/load/yayinlink.php?id=a-spor 200 
2026-08-17 13:40:41,826 [INFO] Capturing request: https://www.atomsportv512.top/assets/img/player/player_logo_6a72b29dbcd89.png
2026-08-17 13:40:41,836 [INFO] Capturing request: https://corestream.siteyaptim.live//aspor/tracks-v1a1/mono.m3u8
2026-08-17 13:40:41,949 [INFO] Capturing response: https://www.atomsportv512.top/assets/img/player/player_logo_6a72b29dbcd89.png 304 
2026-08-17 13:40:41,958 [INFO] Capturing response: https://corestream.siteyaptim.live//aspor/tracks-v1a1/mono.m3u8 200 
2026-08-17 13:40:42,068 [INFO] Capturing request: https://global.siteyaptim.live/aspor/tracks-v1a1/2026/08/17/13/40/33-10000.jpg
2026-08-17 13:40:42,535 [INFO] Capturing response: https://global.siteyaptim.live/aspor/tracks-v1a1/2026/08/17/13/40/33-10000.jpg 200 
2026-08-17 13:40:42,840 [INFO] Capturing request: https://global.siteyaptim.live/aspor/tracks-v1a1/2026/08/17/13/40/43-10000.jpg
2026-08-17 13:40:43,427 [INFO] Capturing response: https://global.siteyaptim.live/aspor/tracks-v1a1/2026/08/17/13/40/43-10000.jpg 200 
2026-08-17 13:40:43,742 [INFO] Capturing request: https://global.siteyaptim.live/aspor/tracks-v1a1/2026/08/17/13/40/53-10000.jpg
2026-08-17 13:40:44,281 [INFO] Capturing response: https://global.siteyaptim.live/aspor/tracks-v1a1/2026/08/17/13/40/53-10000.jpg 200 
2026-08-17 13:40:44,426 [INFO]   ✅ M3U8 bulundu: https://corestream.siteyaptim.live//aspor/tracks-v1a1/mono.m3u8
2026-08-17 13:40:45,427 [INFO] 
[11/14]
2026-08-17 13:40:45,427 [INFO] 🔍 Tivibu Spor 1 → https://www.atomsportv512.top/matches?id=tivibu-spor-1
2026-08-17 13:40:45,539 [INFO] Capturing request: https://www.atomsportv512.top/matches?id=tivibu-spor-1
2026-08-17 13:40:45,718 [INFO] Capturing response: https://www.atomsportv512.top/matches?id=tivibu-spor-1 200 
2026-08-17 13:40:45,856 [INFO] Capturing request: https://teletv5.top/load/yayinlink.php?id=tivibu-spor-1
2026-08-17 13:40:45,857 [INFO] Capturing request: https://www.atomsportv512.top/favicon.ico
2026-08-17 13:40:45,882 [INFO] Capturing response: https://teletv5.top/load/yayinlink.php?id=tivibu-spor-1 200 
2026-08-17 13:40:45,888 [INFO] Capturing response: https://www.atomsportv512.top/favicon.ico 200 
2026-08-17 13:40:45,952 [INFO] Capturing request: https://streamsport365.com/cinema
2026-08-17 13:40:46,208 [INFO] Capturing response: https://streamsport365.com/cinema 200 
2026-08-17 13:41:00,628 [INFO] Capturing request: https://update.googleapis.com/service/update2/json?cup2key=16:3WmhytHpRSgER2b4XMNekwVmngQh5e9qaQ7ViAAWg1I&cup2hreq=96c88390d71ea4336240bd11d94d0eabe75e4bd508c95b5fd8d5c346378dc4f1
2026-08-17 13:41:00,654 [INFO] Capturing response: https://update.googleapis.com/service/update2/json?cup2key=16:3WmhytHpRSgER2b4XMNekwVmngQh5e9qaQ7ViAAWg1I&cup2hreq=96c88390d71ea4336240bd11d94d0eabe75e4bd508c95b5fd8d5c346378dc4f1 200 
2026-08-17 13:41:00,661 [INFO] Capturing request: http://edgedl.me.gvt1.com/edgedl/diffgen-puffin/gcmjkmgdlgnkkcocmoeiminaijmmjnii/6ca5bdb9f3e2cd83b7e359729bc6c33c4fe975ec499861d969b3e080320849ff
2026-08-17 13:41:00,674 [INFO] Capturing response: http://edgedl.me.gvt1.com/edgedl/diffgen-puffin/gcmjkmgdlgnkkcocmoeiminaijmmjnii/6ca5bdb9f3e2cd83b7e359729bc6c33c4fe975ec499861d969b3e080320849ff 200 OK
2026-08-17 13:41:00,702 [INFO] Capturing request: https://update.googleapis.com/service/update2/json
2026-08-17 13:41:00,725 [INFO] Capturing response: https://update.googleapis.com/service/update2/json 200 
2026-08-17 13:41:00,770 [INFO] Capturing request: http://edgedl.me.gvt1.com/edgedl/release2/chrome_component/adeuq3rnnemnvmykcapbhvhyicuq_10720/hfnkpimlhhgieaddgfemjhofmfblmnib_10720_all_mxc5dyj2kphimyanrbwwxifkkq.crx3
2026-08-17 13:41:00,790 [INFO] Capturing response: http://edgedl.me.gvt1.com/edgedl/release2/chrome_component/adeuq3rnnemnvmykcapbhvhyicuq_10720/hfnkpimlhhgieaddgfemjhofmfblmnib_10720_all_mxc5dyj2kphimyanrbwwxifkkq.crx3 200 OK
2026-08-17 13:41:00,820 [INFO] Capturing request: https://update.googleapis.com/service/update2/json
2026-08-17 13:41:00,842 [INFO] Capturing response: https://update.googleapis.com/service/update2/json 200 
2026-08-17 13:41:19,043 [WARNING]   ❌ Tivibu Spor 1 için M3U8 bulunamadı
2026-08-17 13:41:20,043 [INFO] 
[12/14]
2026-08-17 13:41:20,043 [INFO] 🔍 Tivibu Spor 2 → https://www.atomsportv512.top/matches?id=tivibu-spor-2
2026-08-17 13:41:20,188 [INFO] Capturing request: https://www.atomsportv512.top/matches?id=tivibu-spor-2
2026-08-17 13:41:20,507 [INFO] Capturing response: https://www.atomsportv512.top/matches?id=tivibu-spor-2 200 
2026-08-17 13:41:20,672 [INFO] Capturing request: https://www.atomsportv512.top/favicon.ico
2026-08-17 13:41:20,702 [INFO] Capturing request: https://teletv5.top/load/yayinlink.php?id=tivibu-spor-2
2026-08-17 13:41:20,706 [INFO] Capturing response: https://www.atomsportv512.top/favicon.ico 200 
2026-08-17 13:41:20,725 [INFO] Capturing response: https://teletv5.top/load/yayinlink.php?id=tivibu-spor-2 200 
2026-08-17 13:41:21,169 [INFO] Capturing request: https://streamsport365.com/cinema
2026-08-17 13:41:21,412 [INFO] Capturing response: https://streamsport365.com/cinema 200 
2026-08-17 13:41:53,817 [WARNING]   ❌ Tivibu Spor 2 için M3U8 bulunamadı
2026-08-17 13:41:54,817 [INFO] 
[13/14]
2026-08-17 13:41:54,818 [INFO] 🔍 Tivibu Spor 3 → https://www.atomsportv512.top/matches?id=tivibu-spor-3
2026-08-17 13:41:54,926 [INFO] Capturing request: https://www.atomsportv512.top/matches?id=tivibu-spor-3
2026-08-17 13:41:55,242 [INFO] Capturing response: https://www.atomsportv512.top/matches?id=tivibu-spor-3 200 
2026-08-17 13:41:55,375 [INFO] Capturing request: https://teletv5.top/load/yayinlink.php?id=tivibu-spor-3
2026-08-17 13:41:55,380 [INFO] Capturing request: https://www.atomsportv512.top/favicon.ico
2026-08-17 13:41:55,393 [INFO] Capturing response: https://teletv5.top/load/yayinlink.php?id=tivibu-spor-3 200 
2026-08-17 13:41:55,409 [INFO] Capturing response: https://www.atomsportv512.top/favicon.ico 200 
2026-08-17 13:41:55,475 [INFO] Capturing request: https://streamsport365.com/cinema
2026-08-17 13:41:55,716 [INFO] Capturing response: https://streamsport365.com/cinema 200 
2026-08-17 13:42:28,527 [WARNING]   ❌ Tivibu Spor 3 için M3U8 bulunamadı
2026-08-17 13:42:29,528 [INFO] 
[14/14]
2026-08-17 13:42:29,528 [INFO] 🔍 Tivibu Spor 4 → https://www.atomsportv512.top/matches?id=tivibu-spor-4
2026-08-17 13:42:29,639 [INFO] Capturing request: https://www.atomsportv512.top/matches?id=tivibu-spor-4
2026-08-17 13:42:29,971 [INFO] Capturing response: https://www.atomsportv512.top/matches?id=tivibu-spor-4 200 
2026-08-17 13:42:30,112 [INFO] Capturing request: https://www.atomsportv512.top/favicon.ico
2026-08-17 13:42:30,113 [INFO] Capturing request: https://teletv5.top/load/yayinlink.php?id=tivibu-spor-4
2026-08-17 13:42:30,147 [INFO] Capturing response: https://www.atomsportv512.top/favicon.ico 200 
2026-08-17 13:42:30,209 [INFO] Capturing request: https://streamsport365.com/cinema
2026-08-17 13:42:30,389 [INFO] Capturing response: https://teletv5.top/load/yayinlink.php?id=tivibu-spor-4 200 
2026-08-17 13:42:30,453 [INFO] Capturing response: https://streamsport365.com/cinema 200 
2026-08-17 13:43:03,260 [WARNING]   ❌ Tivibu Spor 4 için M3U8 bulunamadı
2026-08-17 13:43:04,330 [INFO] ✅ 10 kanal bulundu, playlist.m3u kaydedildi
