2026-08-15 14:23:23,231 [INFO] 🌐 BASE_URL: https://www.atomsportv512.top
2026-08-15 14:23:24,401 [INFO] Başlanıyor... 14 kanal taranacak
2026-08-15 14:23:24,401 [INFO] Using default request storage
2026-08-15 14:23:24,406 [INFO] Created proxy listening on 127.0.0.1:38521
2026-08-15 14:23:25,082 [INFO] Capturing request: http://clients2.google.com/time/1/current?cup2key=10:ygFkqATYS-jSjcFc6CVBytqdNpAXkarT7ElxQahT0dQ&cup2hreq=e3b0c44298fc1c149afbf4c8996fb92427ae41e4649b934ca495991b7852b855
2026-08-15 14:23:25,114 [INFO] Capturing response: http://clients2.google.com/time/1/current?cup2key=10:ygFkqATYS-jSjcFc6CVBytqdNpAXkarT7ElxQahT0dQ&cup2hreq=e3b0c44298fc1c149afbf4c8996fb92427ae41e4649b934ca495991b7852b855 200 OK
2026-08-15 14:23:25,365 [INFO] 
[1/14]
2026-08-15 14:23:25,366 [INFO] 🔍 beIN Sports 1 → https://www.atomsportv512.top/matches?id=bein-sports-1
2026-08-15 14:23:25,398 [INFO] Capturing request: https://update.googleapis.com/service/update2/json?cup2key=16:ddD6zi9R1KMj93pn2FkYNMN7tnxtTzicXrG8zxzmva4&cup2hreq=7d2f90bf467716aaaa84fc92f1f72cdcbd510e1ff849b57077f366dae8a9cd67
2026-08-15 14:23:25,409 [INFO] Capturing request: https://accounts.google.com/ListAccounts?gpsia=1&source=ChromiumBrowser&json=standard&laf=b64bin
2026-08-15 14:23:25,463 [INFO] Capturing response: https://update.googleapis.com/service/update2/json?cup2key=16:ddD6zi9R1KMj93pn2FkYNMN7tnxtTzicXrG8zxzmva4&cup2hreq=7d2f90bf467716aaaa84fc92f1f72cdcbd510e1ff849b57077f366dae8a9cd67 200 
2026-08-15 14:23:25,467 [INFO] Capturing response: https://accounts.google.com/ListAccounts?gpsia=1&source=ChromiumBrowser&json=standard&laf=b64bin 200 
2026-08-15 14:23:25,511 [INFO] Capturing request: https://update.googleapis.com/service/update2/json?cup2key=16:M1auQ8NZ8iW1IhlfeTFoxxqCHsZ0nCEuAFfn-ccnkOU&cup2hreq=be3e804ec767e653b07bae6ccde4687f9a5d737462b24bc79dbca02348cdc9e8
2026-08-15 14:23:25,511 [INFO] Capturing request: https://www.google.com/async/folae?async=_fmt:pb&udm=50&client_locale=en-US&client_country=ZZ
2026-08-15 14:23:25,539 [INFO] Capturing response: https://update.googleapis.com/service/update2/json?cup2key=16:M1auQ8NZ8iW1IhlfeTFoxxqCHsZ0nCEuAFfn-ccnkOU&cup2hreq=be3e804ec767e653b07bae6ccde4687f9a5d737462b24bc79dbca02348cdc9e8 200 
2026-08-15 14:23:25,541 [INFO] Capturing response: https://www.google.com/async/folae?async=_fmt:pb&udm=50&client_locale=en-US&client_country=ZZ 200 
2026-08-15 14:23:25,578 [INFO] Capturing request: https://www.atomsportv512.top/matches?id=bein-sports-1
2026-08-15 14:23:25,586 [INFO] Capturing request: https://update.googleapis.com/service/update2/json?cup2key=16:WP_PBe7SxQsUQ5mlhUAMe5wBiXTwuLTkPnIZCmW7Tcg&cup2hreq=137ad4c8598523e4e20cc04aebedd4940791a5eddde24c528bfe9e0e184a4a4d
2026-08-15 14:23:25,610 [INFO] Capturing response: https://update.googleapis.com/service/update2/json?cup2key=16:WP_PBe7SxQsUQ5mlhUAMe5wBiXTwuLTkPnIZCmW7Tcg&cup2hreq=137ad4c8598523e4e20cc04aebedd4940791a5eddde24c528bfe9e0e184a4a4d 200 
2026-08-15 14:23:25,718 [INFO] Capturing request: https://www.google.com/async/folae?async=_fmt:pb&udm=50&client_locale=en-US&client_country=ZZ
2026-08-15 14:23:25,739 [INFO] Capturing response: https://www.google.com/async/folae?async=_fmt:pb&udm=50&client_locale=en-US&client_country=ZZ 200 
2026-08-15 14:23:26,067 [INFO] Capturing response: https://www.atomsportv512.top/matches?id=bein-sports-1 200 
2026-08-15 14:23:26,273 [INFO] Capturing request: https://cdn.jsdelivr.net/npm/@clappr/player@0.11.16/dist/clappr.min.js
2026-08-15 14:23:26,277 [INFO] Capturing request: https://cdn.jsdelivr.net/npm/level-selector/dist/level-selector.min.js
2026-08-15 14:23:26,279 [INFO] Capturing request: https://cdn.jsdelivr.net/npm/@clappr/hlsjs-playback@1.8.3/dist/hlsjs-playback.min.js
2026-08-15 14:23:26,298 [INFO] Capturing response: https://cdn.jsdelivr.net/npm/level-selector/dist/level-selector.min.js 200 
2026-08-15 14:23:26,321 [INFO] Capturing response: https://cdn.jsdelivr.net/npm/@clappr/player@0.11.16/dist/clappr.min.js 200 
2026-08-15 14:23:26,325 [INFO] Capturing response: https://cdn.jsdelivr.net/npm/@clappr/hlsjs-playback@1.8.3/dist/hlsjs-playback.min.js 200 
2026-08-15 14:23:26,540 [INFO] Capturing request: https://www.atomsportv512.top/favicon.ico
2026-08-15 14:23:26,585 [INFO] Capturing response: https://www.atomsportv512.top/favicon.ico 200 
2026-08-15 14:23:26,592 [INFO] Capturing request: https://teletv5.top/load/yayinlink.php?id=bein-sports-1
2026-08-15 14:23:26,892 [INFO] Capturing response: https://teletv5.top/load/yayinlink.php?id=bein-sports-1 200 
2026-08-15 14:23:27,039 [INFO] Capturing request: https://streamsport365.com/cinema
2026-08-15 14:23:27,285 [INFO] Capturing response: https://streamsport365.com/cinema 200 
2026-08-15 14:23:27,415 [INFO] Capturing request: https://www.atomsportv512.top/assets/img/player/player_logo_6a72b29dbcd89.png
2026-08-15 14:23:27,455 [INFO] Capturing response: https://www.atomsportv512.top/assets/img/player/player_logo_6a72b29dbcd89.png 200 
2026-08-15 14:23:27,472 [INFO] Capturing request: https://corestream.siteyaptim.live//beintv/tracks-v1a1/mono.m3u8
2026-08-15 14:23:27,593 [INFO] Capturing response: https://corestream.siteyaptim.live//beintv/tracks-v1a1/mono.m3u8 200 
2026-08-15 14:23:27,799 [INFO] Capturing request: https://global.siteyaptim.live/beintv/tracks-v1a1/2026/08/15/14/22/56-10000.jpg
2026-08-15 14:23:28,050 [INFO] Capturing response: https://global.siteyaptim.live/beintv/tracks-v1a1/2026/08/15/14/22/56-10000.jpg 200 
2026-08-15 14:23:28,270 [INFO] Capturing request: https://global.siteyaptim.live/beintv/tracks-v1a1/2026/08/15/14/23/06-10000.jpg
2026-08-15 14:23:28,436 [INFO] Capturing request: https://android.clients.google.com/checkin
2026-08-15 14:23:28,536 [INFO] Capturing response: https://global.siteyaptim.live/beintv/tracks-v1a1/2026/08/15/14/23/06-10000.jpg 200 
2026-08-15 14:23:28,562 [INFO] Capturing response: https://android.clients.google.com/checkin 200 
2026-08-15 14:23:28,613 [INFO] Capturing request: https://android.clients.google.com/c2dm/register3
2026-08-15 14:23:28,615 [INFO] Capturing request: https://android.clients.google.com/c2dm/register3
2026-08-15 14:23:28,617 [INFO] Capturing request: https://android.clients.google.com/c2dm/register3
2026-08-15 14:23:28,669 [INFO] Capturing response: https://android.clients.google.com/c2dm/register3 301 
2026-08-15 14:23:28,758 [INFO] Capturing request: https://global.siteyaptim.live/beintv/tracks-v1a1/2026/08/15/14/23/16-10000.jpg
2026-08-15 14:23:29,107 [INFO] Capturing response: https://global.siteyaptim.live/beintv/tracks-v1a1/2026/08/15/14/23/16-10000.jpg 200 
2026-08-15 14:23:29,217 [INFO] Capturing response: https://android.clients.google.com/c2dm/register3 200 
2026-08-15 14:23:29,221 [INFO] Capturing response: https://android.clients.google.com/c2dm/register3 200 
2026-08-15 14:23:29,474 [INFO]   ✅ M3U8 bulundu: https://corestream.siteyaptim.live//beintv/tracks-v1a1/mono.m3u8
2026-08-15 14:23:30,475 [INFO] 
[2/14]
2026-08-15 14:23:30,475 [INFO] 🔍 beIN Sports 2 → https://www.atomsportv512.top/matches?id=bein-sports-2
2026-08-15 14:23:30,586 [INFO] Capturing request: https://www.atomsportv512.top/matches?id=bein-sports-2
2026-08-15 14:23:30,777 [INFO] Capturing response: https://www.atomsportv512.top/matches?id=bein-sports-2 200 
2026-08-15 14:23:30,827 [INFO] Capturing request: https://streamsport365.com/cinema
2026-08-15 14:23:30,925 [INFO] Capturing request: https://teletv5.top/load/yayinlink.php?id=bein-sports-2
2026-08-15 14:23:30,928 [INFO] Capturing request: https://www.atomsportv512.top/favicon.ico
2026-08-15 14:23:30,961 [INFO] Capturing response: https://www.atomsportv512.top/favicon.ico 200 
2026-08-15 14:23:31,071 [INFO] Capturing response: https://streamsport365.com/cinema 200 
2026-08-15 14:23:31,080 [INFO] Capturing response: https://teletv5.top/load/yayinlink.php?id=bein-sports-2 200 
2026-08-15 14:23:31,191 [INFO] Capturing request: https://www.atomsportv512.top/assets/img/player/player_logo_6a72b29dbcd89.png
2026-08-15 14:23:31,201 [INFO] Capturing request: https://corestream.siteyaptim.live//bein2/tracks-v1a1/mono.m3u8
2026-08-15 14:23:31,310 [INFO] Capturing response: https://www.atomsportv512.top/assets/img/player/player_logo_6a72b29dbcd89.png 304 
2026-08-15 14:23:31,321 [INFO] Capturing response: https://corestream.siteyaptim.live//bein2/tracks-v1a1/mono.m3u8 200 
2026-08-15 14:23:31,429 [INFO] Capturing request: https://global.siteyaptim.live/bein2/tracks-v1a1/2026/08/15/14/23/06-10000.jpg
2026-08-15 14:23:31,899 [INFO] Capturing response: https://global.siteyaptim.live/bein2/tracks-v1a1/2026/08/15/14/23/06-10000.jpg 200 
2026-08-15 14:23:32,227 [INFO] Capturing request: https://global.siteyaptim.live/bein2/tracks-v1a1/2026/08/15/14/23/16-10000.jpg
2026-08-15 14:23:32,773 [INFO] Capturing response: https://global.siteyaptim.live/bein2/tracks-v1a1/2026/08/15/14/23/16-10000.jpg 200 
2026-08-15 14:23:33,102 [INFO] Capturing request: https://global.siteyaptim.live/bein2/tracks-v1a1/2026/08/15/14/23/26-10000.jpg
2026-08-15 14:23:33,586 [INFO] Capturing response: https://global.siteyaptim.live/bein2/tracks-v1a1/2026/08/15/14/23/26-10000.jpg 200 
2026-08-15 14:23:33,852 [INFO]   ✅ M3U8 bulundu: https://corestream.siteyaptim.live//bein2/tracks-v1a1/mono.m3u8
2026-08-15 14:23:34,853 [INFO] 
[3/14]
2026-08-15 14:23:34,853 [INFO] 🔍 beIN Sports 3 → https://www.atomsportv512.top/matches?id=bein-sports-3
2026-08-15 14:23:34,964 [INFO] Capturing request: https://www.atomsportv512.top/matches?id=bein-sports-3
2026-08-15 14:23:35,155 [INFO] Capturing response: https://www.atomsportv512.top/matches?id=bein-sports-3 200 
2026-08-15 14:23:35,282 [INFO] Capturing request: https://teletv5.top/load/yayinlink.php?id=bein-sports-3
2026-08-15 14:23:35,285 [INFO] Capturing request: https://www.atomsportv512.top/favicon.ico
2026-08-15 14:23:35,318 [INFO] Capturing response: https://www.atomsportv512.top/favicon.ico 200 
2026-08-15 14:23:35,379 [INFO] Capturing request: https://streamsport365.com/cinema
2026-08-15 14:23:35,440 [INFO] Capturing response: https://teletv5.top/load/yayinlink.php?id=bein-sports-3 200 
2026-08-15 14:23:35,624 [INFO] Capturing response: https://streamsport365.com/cinema 200 
2026-08-15 14:23:35,734 [INFO] Capturing request: https://www.atomsportv512.top/assets/img/player/player_logo_6a72b29dbcd89.png
2026-08-15 14:23:35,745 [INFO] Capturing request: https://corestream.siteyaptim.live//bein3/tracks-v1a1/mono.m3u8
2026-08-15 14:23:35,851 [INFO] Capturing response: https://www.atomsportv512.top/assets/img/player/player_logo_6a72b29dbcd89.png 304 
2026-08-15 14:23:35,863 [INFO] Capturing response: https://corestream.siteyaptim.live//bein3/tracks-v1a1/mono.m3u8 200 
2026-08-15 14:23:35,972 [INFO] Capturing request: https://global.siteyaptim.live/bein3/tracks-v1a1/2026/08/15/14/22/57-10000.jpg
2026-08-15 14:23:36,234 [INFO] Capturing response: https://global.siteyaptim.live/bein3/tracks-v1a1/2026/08/15/14/22/57-10000.jpg 200 
2026-08-15 14:23:36,423 [INFO] Capturing request: https://global.siteyaptim.live/bein3/tracks-v1a1/2026/08/15/14/23/07-10000.jpg
2026-08-15 14:23:36,708 [INFO] Capturing response: https://global.siteyaptim.live/bein3/tracks-v1a1/2026/08/15/14/23/07-10000.jpg 200 
2026-08-15 14:23:36,936 [INFO] Capturing request: https://global.siteyaptim.live/bein3/tracks-v1a1/2026/08/15/14/23/17-10000.jpg
2026-08-15 14:23:37,224 [INFO] Capturing response: https://global.siteyaptim.live/bein3/tracks-v1a1/2026/08/15/14/23/17-10000.jpg 200 
2026-08-15 14:23:38,220 [INFO]   ✅ M3U8 bulundu: https://corestream.siteyaptim.live//bein3/tracks-v1a1/mono.m3u8
2026-08-15 14:23:39,220 [INFO] 
[4/14]
2026-08-15 14:23:39,221 [INFO] 🔍 beIN Sports 4 → https://www.atomsportv512.top/matches?id=bein-sports-4
2026-08-15 14:23:39,329 [INFO] Capturing request: https://www.atomsportv512.top/matches?id=bein-sports-4
2026-08-15 14:23:39,523 [INFO] Capturing response: https://www.atomsportv512.top/matches?id=bein-sports-4 200 
2026-08-15 14:23:39,553 [INFO] Capturing request: https://streamsport365.com/cinema
2026-08-15 14:23:39,651 [INFO] Capturing request: https://teletv5.top/load/yayinlink.php?id=bein-sports-4
2026-08-15 14:23:39,654 [INFO] Capturing request: https://www.atomsportv512.top/favicon.ico
2026-08-15 14:23:39,682 [INFO] Capturing response: https://www.atomsportv512.top/favicon.ico 200 
2026-08-15 14:23:39,803 [INFO] Capturing response: https://streamsport365.com/cinema 200 
2026-08-15 14:23:39,807 [INFO] Capturing response: https://teletv5.top/load/yayinlink.php?id=bein-sports-4 200 
2026-08-15 14:23:39,957 [INFO] Capturing request: https://www.atomsportv512.top/assets/img/player/player_logo_6a72b29dbcd89.png
2026-08-15 14:23:39,968 [INFO] Capturing request: https://corestream.siteyaptim.live//bein4/tracks-v1a1/mono.m3u8
2026-08-15 14:23:40,079 [INFO] Capturing response: https://www.atomsportv512.top/assets/img/player/player_logo_6a72b29dbcd89.png 304 
2026-08-15 14:23:42,566 [INFO]   ✅ M3U8 bulundu: https://corestream.siteyaptim.live//bein4/tracks-v1a1/mono.m3u8
2026-08-15 14:23:43,567 [INFO] 
[5/14]
2026-08-15 14:23:43,567 [INFO] 🔍 beIN Sports 5 → https://www.atomsportv512.top/matches?id=bein-sports-5
2026-08-15 14:23:43,675 [INFO] Capturing request: https://www.atomsportv512.top/matches?id=bein-sports-5
2026-08-15 14:23:43,870 [INFO] Capturing response: https://www.atomsportv512.top/matches?id=bein-sports-5 200 
2026-08-15 14:23:43,999 [INFO] Capturing request: https://www.atomsportv512.top/favicon.ico
2026-08-15 14:23:43,999 [INFO] Capturing request: https://teletv5.top/load/yayinlink.php?id=bein-sports-5
2026-08-15 14:23:44,029 [INFO] Capturing response: https://www.atomsportv512.top/favicon.ico 200 
2026-08-15 14:23:44,094 [INFO] Capturing request: https://streamsport365.com/cinema
2026-08-15 14:23:44,159 [INFO] Capturing response: https://teletv5.top/load/yayinlink.php?id=bein-sports-5 200 
2026-08-15 14:23:44,340 [INFO] Capturing response: https://streamsport365.com/cinema 200 
2026-08-15 14:23:44,451 [INFO] Capturing request: https://www.atomsportv512.top/assets/img/player/player_logo_6a72b29dbcd89.png
2026-08-15 14:23:44,460 [INFO] Capturing request: https://corestream.siteyaptim.live//bein5/tracks-v1a1/mono.m3u8
2026-08-15 14:23:44,568 [INFO] Capturing response: https://www.atomsportv512.top/assets/img/player/player_logo_6a72b29dbcd89.png 304 
2026-08-15 14:23:44,575 [INFO] Capturing response: https://corestream.siteyaptim.live//bein5/tracks-v1a1/mono.m3u8 200 
2026-08-15 14:23:44,724 [INFO] Capturing request: https://global.siteyaptim.live/bein5/tracks-v1a1/2026/08/15/14/23/17-06400.jpg
2026-08-15 14:23:45,085 [INFO] Capturing response: https://global.siteyaptim.live/bein5/tracks-v1a1/2026/08/15/14/23/17-06400.jpg 200 
2026-08-15 14:23:45,374 [INFO] Capturing request: https://global.siteyaptim.live/bein5/tracks-v1a1/2026/08/15/14/23/23-05120.jpg
2026-08-15 14:23:45,781 [INFO] Capturing response: https://global.siteyaptim.live/bein5/tracks-v1a1/2026/08/15/14/23/23-05120.jpg 200 
2026-08-15 14:23:46,055 [INFO] Capturing request: https://global.siteyaptim.live/bein5/tracks-v1a1/2026/08/15/14/23/28-06400.jpg
2026-08-15 14:23:46,499 [INFO] Capturing response: https://global.siteyaptim.live/bein5/tracks-v1a1/2026/08/15/14/23/28-06400.jpg 200 
2026-08-15 14:23:46,764 [INFO] Capturing request: https://global.siteyaptim.live/bein5/tracks-v1a1/2026/08/15/14/23/34-08120.jpg
2026-08-15 14:23:46,933 [INFO]   ✅ M3U8 bulundu: https://corestream.siteyaptim.live//bein5/tracks-v1a1/mono.m3u8
2026-08-15 14:23:47,265 [INFO] Capturing response: https://global.siteyaptim.live/bein5/tracks-v1a1/2026/08/15/14/23/34-08120.jpg 200 
2026-08-15 14:23:47,934 [INFO] 
[6/14]
2026-08-15 14:23:47,934 [INFO] 🔍 beIN Sports Max 1 → https://www.atomsportv512.top/matches?id=bein-sports-max-1
2026-08-15 14:23:48,046 [INFO] Capturing request: https://www.atomsportv512.top/matches?id=bein-sports-max-1
2026-08-15 14:23:48,322 [INFO] Capturing response: https://www.atomsportv512.top/matches?id=bein-sports-max-1 200 
2026-08-15 14:23:48,353 [INFO] Capturing request: https://streamsport365.com/cinema
2026-08-15 14:23:48,451 [INFO] Capturing request: https://teletv5.top/load/yayinlink.php?id=bein-sports-max-1
2026-08-15 14:23:48,454 [INFO] Capturing request: https://www.atomsportv512.top/favicon.ico
2026-08-15 14:23:48,487 [INFO] Capturing response: https://www.atomsportv512.top/favicon.ico 200 
2026-08-15 14:23:48,599 [INFO] Capturing response: https://streamsport365.com/cinema 200 
2026-08-15 14:23:48,610 [INFO] Capturing response: https://teletv5.top/load/yayinlink.php?id=bein-sports-max-1 200 
2026-08-15 14:23:48,760 [INFO] Capturing request: https://www.atomsportv512.top/assets/img/player/player_logo_6a72b29dbcd89.png
2026-08-15 14:23:48,769 [INFO] Capturing request: https://corestream.siteyaptim.live//beinmax1/tracks-v1a1/mono.m3u8
2026-08-15 14:23:48,877 [INFO] Capturing response: https://www.atomsportv512.top/assets/img/player/player_logo_6a72b29dbcd89.png 304 
2026-08-15 14:23:50,284 [INFO] Capturing request: https://android.clients.google.com/c2dm/register3
2026-08-15 14:23:50,339 [INFO] Capturing response: https://android.clients.google.com/c2dm/register3 301 
2026-08-15 14:23:51,374 [INFO]   ✅ M3U8 bulundu: https://corestream.siteyaptim.live//beinmax1/tracks-v1a1/mono.m3u8
2026-08-15 14:23:52,374 [INFO] 
[7/14]
2026-08-15 14:23:52,375 [INFO] 🔍 beIN Sports Max 2 → https://www.atomsportv512.top/matches?id=bein-sports-max-2
2026-08-15 14:23:52,482 [INFO] Capturing request: https://www.atomsportv512.top/matches?id=bein-sports-max-2
2026-08-15 14:23:53,123 [INFO] Capturing response: https://www.atomsportv512.top/matches?id=bein-sports-max-2 200 
2026-08-15 14:23:53,250 [INFO] Capturing request: https://teletv5.top/load/yayinlink.php?id=bein-sports-max-2
2026-08-15 14:23:53,254 [INFO] Capturing request: https://www.atomsportv512.top/favicon.ico
2026-08-15 14:23:53,285 [INFO] Capturing response: https://www.atomsportv512.top/favicon.ico 200 
2026-08-15 14:23:53,350 [INFO] Capturing request: https://streamsport365.com/cinema
2026-08-15 14:23:53,411 [INFO] Capturing response: https://teletv5.top/load/yayinlink.php?id=bein-sports-max-2 200 
2026-08-15 14:23:53,593 [INFO] Capturing response: https://streamsport365.com/cinema 200 
2026-08-15 14:23:53,702 [INFO] Capturing request: https://www.atomsportv512.top/assets/img/player/player_logo_6a72b29dbcd89.png
2026-08-15 14:23:53,711 [INFO] Capturing request: https://corestream.siteyaptim.live//hls/s-sport.m3u8
2026-08-15 14:23:53,818 [INFO] Capturing response: https://www.atomsportv512.top/assets/img/player/player_logo_6a72b29dbcd89.png 304 
2026-08-15 14:23:53,838 [INFO] Capturing response: https://corestream.siteyaptim.live//hls/s-sport.m3u8 404 
2026-08-15 14:23:56,003 [INFO] Capturing request: https://corestream.siteyaptim.live//hls/s-sport.m3u8
2026-08-15 14:23:56,117 [INFO] Capturing response: https://corestream.siteyaptim.live//hls/s-sport.m3u8 404 
2026-08-15 14:23:56,164 [INFO]   ✅ M3U8 bulundu: https://corestream.siteyaptim.live//hls/s-sport.m3u8
2026-08-15 14:23:57,164 [INFO] 
[8/14]
2026-08-15 14:23:57,165 [INFO] 🔍 S Sport → https://www.atomsportv512.top/matches?id=s-sport
2026-08-15 14:23:57,273 [INFO] Capturing request: https://www.atomsportv512.top/matches?id=s-sport
2026-08-15 14:23:57,588 [INFO] Capturing response: https://www.atomsportv512.top/matches?id=s-sport 200 
2026-08-15 14:23:57,621 [INFO] Capturing request: https://streamsport365.com/cinema
2026-08-15 14:23:57,715 [INFO] Capturing request: https://teletv5.top/load/yayinlink.php?id=s-sport
2026-08-15 14:23:57,719 [INFO] Capturing request: https://www.atomsportv512.top/favicon.ico
2026-08-15 14:23:57,750 [INFO] Capturing response: https://www.atomsportv512.top/favicon.ico 200 
2026-08-15 14:23:57,864 [INFO] Capturing response: https://streamsport365.com/cinema 200 
2026-08-15 14:23:57,868 [INFO] Capturing response: https://teletv5.top/load/yayinlink.php?id=s-sport 200 
2026-08-15 14:23:58,018 [INFO] Capturing request: https://www.atomsportv512.top/assets/img/player/player_logo_6a72b29dbcd89.png
2026-08-15 14:23:58,027 [INFO] Capturing request: https://corestream.siteyaptim.live//s-sport/tracks-v1a1/mono.m3u8
2026-08-15 14:23:58,134 [INFO] Capturing response: https://www.atomsportv512.top/assets/img/player/player_logo_6a72b29dbcd89.png 304 
2026-08-15 14:23:58,151 [INFO] Capturing response: https://corestream.siteyaptim.live//s-sport/tracks-v1a1/mono.m3u8 200 
2026-08-15 14:23:58,260 [INFO] Capturing request: https://global.siteyaptim.live/s-sport/tracks-v1a1/2026/08/15/14/23/58-09720.jpg
2026-08-15 14:23:58,539 [INFO] Capturing response: https://global.siteyaptim.live/s-sport/tracks-v1a1/2026/08/15/14/23/58-09720.jpg 200 
2026-08-15 14:23:58,780 [INFO] Capturing request: https://global.siteyaptim.live/s-sport/tracks-v1a1/2026/08/15/14/24/08-10000.jpg
2026-08-15 14:23:58,902 [INFO] Capturing response: https://corestream.siteyaptim.live//beinmax1/tracks-v1a1/mono.m3u8 404 
2026-08-15 14:23:59,142 [INFO] Capturing response: https://global.siteyaptim.live/s-sport/tracks-v1a1/2026/08/15/14/24/08-10000.jpg 200 
2026-08-15 14:23:59,384 [INFO] Capturing request: https://global.siteyaptim.live/s-sport/tracks-v1a1/2026/08/15/14/24/18-07720.jpg
2026-08-15 14:23:59,660 [INFO] Capturing response: https://global.siteyaptim.live/s-sport/tracks-v1a1/2026/08/15/14/24/18-07720.jpg 200 
2026-08-15 14:23:59,883 [INFO] Capturing request: https://global.siteyaptim.live/s-sport/tracks-v1a1/2026/08/15/14/24/26-09880.jpg
2026-08-15 14:24:00,167 [INFO] Capturing response: https://global.siteyaptim.live/s-sport/tracks-v1a1/2026/08/15/14/24/26-09880.jpg 200 
2026-08-15 14:24:00,650 [INFO]   ✅ M3U8 bulundu: https://corestream.siteyaptim.live//s-sport/tracks-v1a1/mono.m3u8
2026-08-15 14:24:01,650 [INFO] 
[9/14]
2026-08-15 14:24:01,651 [INFO] 🔍 S Sport 2 → https://www.atomsportv512.top/matches?id=s-sport-2
2026-08-15 14:24:01,762 [INFO] Capturing request: https://www.atomsportv512.top/matches?id=s-sport-2
2026-08-15 14:24:01,952 [INFO] Capturing response: https://www.atomsportv512.top/matches?id=s-sport-2 200 
2026-08-15 14:24:02,090 [INFO] Capturing request: https://teletv5.top/load/yayinlink.php?id=s-sport-2
2026-08-15 14:24:02,099 [INFO] Capturing request: https://www.atomsportv512.top/favicon.ico
2026-08-15 14:24:02,132 [INFO] Capturing response: https://www.atomsportv512.top/favicon.ico 200 
2026-08-15 14:24:02,189 [INFO] Capturing request: https://streamsport365.com/cinema
2026-08-15 14:24:02,250 [INFO] Capturing response: https://teletv5.top/load/yayinlink.php?id=s-sport-2 200 
2026-08-15 14:24:02,442 [INFO] Capturing response: https://streamsport365.com/cinema 200 
2026-08-15 14:24:02,551 [INFO] Capturing request: https://www.atomsportv512.top/assets/img/player/player_logo_6a72b29dbcd89.png
2026-08-15 14:24:02,560 [INFO] Capturing request: https://corestream.siteyaptim.live//s-sport2/tracks-v1a1/mono.m3u8
2026-08-15 14:24:02,670 [INFO] Capturing response: https://www.atomsportv512.top/assets/img/player/player_logo_6a72b29dbcd89.png 304 
2026-08-15 14:24:02,676 [INFO] Capturing response: https://corestream.siteyaptim.live//s-sport2/tracks-v1a1/mono.m3u8 200 
2026-08-15 14:24:02,825 [INFO] Capturing request: https://global.siteyaptim.live/s-sport2/tracks-v1a1/2026/08/15/14/23/35-10000.jpg
2026-08-15 14:24:03,244 [INFO] Capturing response: https://global.siteyaptim.live/s-sport2/tracks-v1a1/2026/08/15/14/23/35-10000.jpg 200 
2026-08-15 14:24:03,523 [INFO] Capturing request: https://global.siteyaptim.live/s-sport2/tracks-v1a1/2026/08/15/14/23/45-10000.jpg
2026-08-15 14:24:03,983 [INFO] Capturing response: https://global.siteyaptim.live/s-sport2/tracks-v1a1/2026/08/15/14/23/45-10000.jpg 200 
2026-08-15 14:24:04,260 [INFO] Capturing request: https://global.siteyaptim.live/s-sport2/tracks-v1a1/2026/08/15/14/23/55-10000.jpg
2026-08-15 14:24:04,771 [INFO] Capturing response: https://global.siteyaptim.live/s-sport2/tracks-v1a1/2026/08/15/14/23/55-10000.jpg 200 
2026-08-15 14:24:05,022 [INFO]   ✅ M3U8 bulundu: https://corestream.siteyaptim.live//s-sport2/tracks-v1a1/mono.m3u8
2026-08-15 14:24:06,023 [INFO] 
[10/14]
2026-08-15 14:24:06,023 [INFO] 🔍 A Spor → https://www.atomsportv512.top/matches?id=a-spor
2026-08-15 14:24:06,133 [INFO] Capturing request: https://www.atomsportv512.top/matches?id=a-spor
2026-08-15 14:24:06,318 [INFO] Capturing response: https://www.atomsportv512.top/matches?id=a-spor 200 
2026-08-15 14:24:06,349 [INFO] Capturing request: https://streamsport365.com/cinema
2026-08-15 14:24:06,449 [INFO] Capturing request: https://teletv5.top/load/yayinlink.php?id=a-spor
2026-08-15 14:24:06,450 [INFO] Capturing request: https://www.atomsportv512.top/favicon.ico
2026-08-15 14:24:06,487 [INFO] Capturing response: https://www.atomsportv512.top/favicon.ico 200 
2026-08-15 14:24:06,603 [INFO] Capturing response: https://streamsport365.com/cinema 200 
2026-08-15 14:24:06,613 [INFO] Capturing response: https://teletv5.top/load/yayinlink.php?id=a-spor 200 
2026-08-15 14:24:06,763 [INFO] Capturing request: https://www.atomsportv512.top/assets/img/player/player_logo_6a72b29dbcd89.png
2026-08-15 14:24:06,771 [INFO] Capturing request: https://corestream.siteyaptim.live//aspor/tracks-v1a1/mono.m3u8
2026-08-15 14:24:06,818 [INFO] Capturing response: https://corestream.siteyaptim.live//bein4/tracks-v1a1/mono.m3u8 404 
2026-08-15 14:24:06,882 [INFO] Capturing response: https://www.atomsportv512.top/assets/img/player/player_logo_6a72b29dbcd89.png 304 
2026-08-15 14:24:06,894 [INFO] Capturing response: https://corestream.siteyaptim.live//aspor/tracks-v1a1/mono.m3u8 200 
2026-08-15 14:24:07,042 [INFO] Capturing request: https://global.siteyaptim.live/aspor/tracks-v1a1/2026/08/15/14/23/43-10000.jpg
2026-08-15 14:24:07,847 [INFO] Capturing response: https://global.siteyaptim.live/aspor/tracks-v1a1/2026/08/15/14/23/43-10000.jpg 200 
2026-08-15 14:24:08,200 [INFO] Capturing request: https://global.siteyaptim.live/aspor/tracks-v1a1/2026/08/15/14/23/53-10000.jpg
2026-08-15 14:24:08,865 [INFO] Capturing response: https://global.siteyaptim.live/aspor/tracks-v1a1/2026/08/15/14/23/53-10000.jpg 200 
2026-08-15 14:24:09,173 [INFO] Capturing request: https://global.siteyaptim.live/aspor/tracks-v1a1/2026/08/15/14/24/03-10000.jpg
2026-08-15 14:24:09,372 [INFO]   ✅ M3U8 bulundu: https://corestream.siteyaptim.live//aspor/tracks-v1a1/mono.m3u8
2026-08-15 14:24:09,663 [INFO] Capturing response: https://global.siteyaptim.live/aspor/tracks-v1a1/2026/08/15/14/24/03-10000.jpg 200 
2026-08-15 14:24:10,374 [INFO] 
[11/14]
2026-08-15 14:24:10,374 [INFO] 🔍 Tivibu Spor 1 → https://www.atomsportv512.top/matches?id=tivibu-spor-1
2026-08-15 14:24:10,485 [INFO] Capturing request: https://www.atomsportv512.top/matches?id=tivibu-spor-1
2026-08-15 14:24:10,668 [INFO] Capturing response: https://www.atomsportv512.top/matches?id=tivibu-spor-1 200 
2026-08-15 14:24:10,794 [INFO] Capturing request: https://teletv5.top/load/yayinlink.php?id=tivibu-spor-1
2026-08-15 14:24:10,797 [INFO] Capturing request: https://www.atomsportv512.top/favicon.ico
2026-08-15 14:24:10,827 [INFO] Capturing response: https://www.atomsportv512.top/favicon.ico 200 
2026-08-15 14:24:10,893 [INFO] Capturing request: https://streamsport365.com/cinema
2026-08-15 14:24:10,951 [INFO] Capturing response: https://teletv5.top/load/yayinlink.php?id=tivibu-spor-1 200 
2026-08-15 14:24:11,150 [INFO] Capturing response: https://streamsport365.com/cinema 200 
2026-08-15 14:24:25,074 [INFO] Capturing request: https://update.googleapis.com/service/update2/json?cup2key=16:6hkz5UIRdQBaicbZH3cSRDIQXZjGMhIrvusNqeHMl6c&cup2hreq=55856be18d9721a75720c28a8c1aa402d772232931a20859242cd2f681bcb752
2026-08-15 14:24:25,100 [INFO] Capturing response: https://update.googleapis.com/service/update2/json?cup2key=16:6hkz5UIRdQBaicbZH3cSRDIQXZjGMhIrvusNqeHMl6c&cup2hreq=55856be18d9721a75720c28a8c1aa402d772232931a20859242cd2f681bcb752 200 
2026-08-15 14:24:25,106 [INFO] Capturing request: http://edgedl.me.gvt1.com/edgedl/diffgen-puffin/gcmjkmgdlgnkkcocmoeiminaijmmjnii/6ca5bdb9f3e2cd83b7e359729bc6c33c4fe975ec499861d969b3e080320849ff
2026-08-15 14:24:25,125 [INFO] Capturing response: http://edgedl.me.gvt1.com/edgedl/diffgen-puffin/gcmjkmgdlgnkkcocmoeiminaijmmjnii/6ca5bdb9f3e2cd83b7e359729bc6c33c4fe975ec499861d969b3e080320849ff 200 OK
2026-08-15 14:24:25,149 [INFO] Capturing request: https://update.googleapis.com/service/update2/json
2026-08-15 14:24:25,173 [INFO] Capturing response: https://update.googleapis.com/service/update2/json 200 
2026-08-15 14:24:25,217 [INFO] Capturing request: http://edgedl.me.gvt1.com/edgedl/release2/chrome_component/accxm7lw6l6wrsebflx3s7l5xlpq_10716/hfnkpimlhhgieaddgfemjhofmfblmnib_10716_all_ac3fofp36nrnhufjdbsboryqhllq.crx3
2026-08-15 14:24:25,230 [INFO] Capturing response: http://edgedl.me.gvt1.com/edgedl/release2/chrome_component/accxm7lw6l6wrsebflx3s7l5xlpq_10716/hfnkpimlhhgieaddgfemjhofmfblmnib_10716_all_ac3fofp36nrnhufjdbsboryqhllq.crx3 200 OK
2026-08-15 14:24:25,260 [INFO] Capturing request: https://update.googleapis.com/service/update2/json
2026-08-15 14:24:25,280 [INFO] Capturing response: https://update.googleapis.com/service/update2/json 200 
2026-08-15 14:24:34,425 [INFO] Capturing request: https://android.clients.google.com/c2dm/register3
2026-08-15 14:24:34,483 [INFO] Capturing response: https://android.clients.google.com/c2dm/register3 301 
2026-08-15 14:24:43,955 [WARNING]   ❌ Tivibu Spor 1 için M3U8 bulunamadı
2026-08-15 14:24:44,955 [INFO] 
[12/14]
2026-08-15 14:24:44,956 [INFO] 🔍 Tivibu Spor 2 → https://www.atomsportv512.top/matches?id=tivibu-spor-2
2026-08-15 14:24:45,099 [INFO] Capturing request: https://www.atomsportv512.top/matches?id=tivibu-spor-2
2026-08-15 14:24:45,507 [INFO] Capturing response: https://www.atomsportv512.top/matches?id=tivibu-spor-2 200 
2026-08-15 14:24:45,668 [INFO] Capturing request: https://www.atomsportv512.top/favicon.ico
2026-08-15 14:24:45,699 [INFO] Capturing response: https://www.atomsportv512.top/favicon.ico 200 
2026-08-15 14:24:45,707 [INFO] Capturing request: https://teletv5.top/load/yayinlink.php?id=tivibu-spor-2
2026-08-15 14:24:46,004 [INFO] Capturing response: https://teletv5.top/load/yayinlink.php?id=tivibu-spor-2 200 
2026-08-15 14:24:46,124 [INFO] Capturing request: https://streamsport365.com/cinema
2026-08-15 14:24:46,379 [INFO] Capturing response: https://streamsport365.com/cinema 200 
2026-08-15 14:25:18,790 [WARNING]   ❌ Tivibu Spor 2 için M3U8 bulunamadı
2026-08-15 14:25:19,790 [INFO] 
[13/14]
2026-08-15 14:25:19,790 [INFO] 🔍 Tivibu Spor 3 → https://www.atomsportv512.top/matches?id=tivibu-spor-3
2026-08-15 14:25:19,898 [INFO] Capturing request: https://www.atomsportv512.top/matches?id=tivibu-spor-3
2026-08-15 14:25:20,208 [INFO] Capturing response: https://www.atomsportv512.top/matches?id=tivibu-spor-3 200 
2026-08-15 14:25:20,342 [INFO] Capturing request: https://teletv5.top/load/yayinlink.php?id=tivibu-spor-3
2026-08-15 14:25:20,344 [INFO] Capturing request: https://www.atomsportv512.top/favicon.ico
2026-08-15 14:25:20,374 [INFO] Capturing response: https://www.atomsportv512.top/favicon.ico 200 
2026-08-15 14:25:20,438 [INFO] Capturing request: https://streamsport365.com/cinema
2026-08-15 14:25:20,502 [INFO] Capturing response: https://teletv5.top/load/yayinlink.php?id=tivibu-spor-3 200 
2026-08-15 14:25:20,684 [INFO] Capturing response: https://streamsport365.com/cinema 200 
2026-08-15 14:25:53,465 [WARNING]   ❌ Tivibu Spor 3 için M3U8 bulunamadı
2026-08-15 14:25:54,466 [INFO] 
[14/14]
2026-08-15 14:25:54,466 [INFO] 🔍 Tivibu Spor 4 → https://www.atomsportv512.top/matches?id=tivibu-spor-4
2026-08-15 14:25:54,575 [INFO] Capturing request: https://www.atomsportv512.top/matches?id=tivibu-spor-4
2026-08-15 14:25:54,883 [INFO] Capturing response: https://www.atomsportv512.top/matches?id=tivibu-spor-4 200 
2026-08-15 14:25:55,011 [INFO] Capturing request: https://teletv5.top/load/yayinlink.php?id=tivibu-spor-4
2026-08-15 14:25:55,018 [INFO] Capturing request: https://www.atomsportv512.top/favicon.ico
2026-08-15 14:25:55,048 [INFO] Capturing response: https://www.atomsportv512.top/favicon.ico 200 
2026-08-15 14:25:55,113 [INFO] Capturing request: https://streamsport365.com/cinema
2026-08-15 14:25:55,356 [INFO] Capturing response: https://streamsport365.com/cinema 200 
2026-08-15 14:25:55,677 [INFO] Capturing response: https://teletv5.top/load/yayinlink.php?id=tivibu-spor-4 200 
2026-08-15 14:26:28,146 [WARNING]   ❌ Tivibu Spor 4 için M3U8 bulunamadı
2026-08-15 14:26:28,601 [INFO] Capturing request: https://android.clients.google.com/c2dm/register3
2026-08-15 14:26:28,656 [INFO] Capturing response: https://android.clients.google.com/c2dm/register3 301 
2026-08-15 14:26:29,210 [INFO] ✅ 10 kanal bulundu, playlist.m3u kaydedildi
