2026-09-11 05:40:28,832 [INFO] 🌐 BASE_URL: https://www.atomsportv514.top
2026-09-11 05:40:29,856 [INFO] Başlanıyor... 14 kanal taranacak
2026-09-11 05:40:29,857 [INFO] Using default request storage
2026-09-11 05:40:29,861 [INFO] Created proxy listening on 127.0.0.1:42873
2026-09-11 05:40:30,510 [INFO] Capturing request: http://clients2.google.com/time/1/current?cup2key=10:Zw_Anhz-hiuK5IQGI1HIGDPdkSVBCOJv_N3OsWCuheo&cup2hreq=e3b0c44298fc1c149afbf4c8996fb92427ae41e4649b934ca495991b7852b855
2026-09-11 05:40:30,565 [INFO] Capturing response: http://clients2.google.com/time/1/current?cup2key=10:Zw_Anhz-hiuK5IQGI1HIGDPdkSVBCOJv_N3OsWCuheo&cup2hreq=e3b0c44298fc1c149afbf4c8996fb92427ae41e4649b934ca495991b7852b855 200 OK
2026-09-11 05:40:30,746 [INFO] 
[1/14]
2026-09-11 05:40:30,746 [INFO] 🔍 beIN Sports 1 → https://www.atomsportv514.top/matches?id=bein-sports-1
2026-09-11 05:40:30,863 [INFO] Capturing request: https://accounts.google.com/ListAccounts?gpsia=1&source=ChromiumBrowser&json=standard&laf=b64bin
2026-09-11 05:40:30,869 [INFO] Capturing request: https://update.googleapis.com/service/update2/json?cup2key=ML-DSA-44-16:ToJS5iyjVe5PydSCUpFCg26fb_1Ev9K47phg3wUqXxk&cup2hreq=9fa96e80d90494c244456177aa082b57b5416f12a2dfb38385bd9af6685a98b1
2026-09-11 05:40:30,958 [INFO] Capturing response: https://update.googleapis.com/service/update2/json?cup2key=ML-DSA-44-16:ToJS5iyjVe5PydSCUpFCg26fb_1Ev9K47phg3wUqXxk&cup2hreq=9fa96e80d90494c244456177aa082b57b5416f12a2dfb38385bd9af6685a98b1 200 
2026-09-11 05:40:30,961 [INFO] Capturing request: https://www.google.com/async/folae?async=_fmt:pb&udm=50&client_locale=en-US&client_country=ZZ
2026-09-11 05:40:30,969 [INFO] Capturing response: https://accounts.google.com/ListAccounts?gpsia=1&source=ChromiumBrowser&json=standard&laf=b64bin 200 
2026-09-11 05:40:30,989 [INFO] Capturing request: https://www.atomsportv514.top/matches?id=bein-sports-1
2026-09-11 05:40:30,995 [INFO] Capturing response: https://www.google.com/async/folae?async=_fmt:pb&udm=50&client_locale=en-US&client_country=ZZ 200 
2026-09-11 05:40:31,013 [INFO] Capturing request: https://update.googleapis.com/service/update2/json?cup2key=ML-DSA-44-16:h7HoE3m4HM576CgUaUb3T_TyfHI234Fmk5OFat-pZcs&cup2hreq=94801e1945544d3f63c16c9319eee38464ab020a84a36badbbb2d87025688a3f
2026-09-11 05:40:31,090 [INFO] Capturing response: https://update.googleapis.com/service/update2/json?cup2key=ML-DSA-44-16:h7HoE3m4HM576CgUaUb3T_TyfHI234Fmk5OFat-pZcs&cup2hreq=94801e1945544d3f63c16c9319eee38464ab020a84a36badbbb2d87025688a3f 200 
2026-09-11 05:40:31,141 [INFO] Capturing request: https://update.googleapis.com/service/update2/json?cup2key=ML-DSA-44-16:KQoD0H8fey6zp0ZFj4GEaV-nt_UnGYczDxCgw88Z7Cg&cup2hreq=06dcc96d40c38e43cd1ffae9072444fb5005d343fd69d877d79175b3cc07bcd8
2026-09-11 05:40:31,194 [INFO] Capturing response: https://update.googleapis.com/service/update2/json?cup2key=ML-DSA-44-16:KQoD0H8fey6zp0ZFj4GEaV-nt_UnGYczDxCgw88Z7Cg&cup2hreq=06dcc96d40c38e43cd1ffae9072444fb5005d343fd69d877d79175b3cc07bcd8 200 
2026-09-11 05:40:31,217 [INFO] Capturing request: https://www.google.com/async/folae?async=_fmt:pb&udm=50&client_locale=en-US&client_country=ZZ
2026-09-11 05:40:31,244 [INFO] Capturing response: https://www.google.com/async/folae?async=_fmt:pb&udm=50&client_locale=en-US&client_country=ZZ 200 
2026-09-11 05:40:31,874 [INFO] Capturing response: https://www.atomsportv514.top/matches?id=bein-sports-1 200 
2026-09-11 05:40:32,092 [INFO] Capturing request: https://cdn.jsdelivr.net/npm/@clappr/player@0.11.16/dist/clappr.min.js
2026-09-11 05:40:32,094 [INFO] Capturing request: https://cdn.jsdelivr.net/npm/level-selector/dist/level-selector.min.js
2026-09-11 05:40:32,095 [INFO] Capturing request: https://cdn.jsdelivr.net/npm/@clappr/hlsjs-playback@1.8.3/dist/hlsjs-playback.min.js
2026-09-11 05:40:32,151 [INFO] Capturing response: https://cdn.jsdelivr.net/npm/level-selector/dist/level-selector.min.js 200 
2026-09-11 05:40:32,209 [INFO] Capturing response: https://cdn.jsdelivr.net/npm/@clappr/player@0.11.16/dist/clappr.min.js 200 
2026-09-11 05:40:32,226 [INFO] Capturing response: https://cdn.jsdelivr.net/npm/@clappr/hlsjs-playback@1.8.3/dist/hlsjs-playback.min.js 200 
2026-09-11 05:40:32,433 [INFO] Capturing request: https://www.atomsportv514.top/favicon.ico
2026-09-11 05:40:32,503 [INFO] Capturing response: https://www.atomsportv514.top/favicon.ico 200 
2026-09-11 05:40:32,511 [INFO] Capturing request: https://teletv5.top/load/yayinlink.php?id=bein-sports-1
2026-09-11 05:40:32,995 [INFO] Capturing request: https://streamsport365.com/cinema
2026-09-11 05:40:33,202 [INFO] Capturing response: https://teletv5.top/load/yayinlink.php?id=bein-sports-1 200 
2026-09-11 05:40:33,309 [INFO] Capturing response: https://streamsport365.com/cinema 200 
2026-09-11 05:40:33,441 [INFO] Capturing request: https://www.atomsportv514.top/assets/img/player/player_logo_6a87a2e2eecc5.png
2026-09-11 05:40:33,511 [INFO] Capturing response: https://www.atomsportv514.top/assets/img/player/player_logo_6a87a2e2eecc5.png 200 
2026-09-11 05:40:33,555 [INFO] Capturing request: https://corestream.d72377a9ds0ec24.cfd//beintv/tracks-v1a1/mono.m3u8
2026-09-11 05:40:33,794 [INFO] Capturing response: https://corestream.d72377a9ds0ec24.cfd//beintv/tracks-v1a1/mono.m3u8 200 
2026-09-11 05:40:34,063 [INFO] Capturing request: https://global.d72377a9ds0ec24.cfd/beintv/tracks-v1a1/2026/09/11/05/40/38-06000.jpg
2026-09-11 05:40:34,379 [INFO] Capturing request: https://android.clients.google.com/checkin
2026-09-11 05:40:34,508 [INFO] Capturing response: https://android.clients.google.com/checkin 200 
2026-09-11 05:40:34,560 [INFO] Capturing request: https://android.clients.google.com/c2dm/register3
2026-09-11 05:40:34,561 [INFO] Capturing request: https://android.clients.google.com/c2dm/register3
2026-09-11 05:40:34,563 [INFO] Capturing request: https://android.clients.google.com/c2dm/register3
2026-09-11 05:40:34,636 [INFO] Capturing response: https://android.clients.google.com/c2dm/register3 301 
2026-09-11 05:40:35,351 [INFO]   ✅ M3U8 bulundu: https://corestream.d72377a9ds0ec24.cfd//beintv/tracks-v1a1/mono.m3u8
2026-09-11 05:40:35,684 [INFO] Capturing response: https://android.clients.google.com/c2dm/register3 200 
2026-09-11 05:40:35,711 [INFO] Capturing response: https://global.d72377a9ds0ec24.cfd/beintv/tracks-v1a1/2026/09/11/05/40/38-06000.jpg 200 
2026-09-11 05:40:35,738 [INFO] Capturing response: https://android.clients.google.com/c2dm/register3 200 
2026-09-11 05:40:35,964 [INFO] Capturing request: https://global.d72377a9ds0ec24.cfd/beintv/tracks-v1a1/2026/09/11/05/40/44-06000.jpg
2026-09-11 05:40:36,352 [INFO] 
[2/14]
2026-09-11 05:40:36,352 [INFO] 🔍 beIN Sports 2 → https://www.atomsportv514.top/matches?id=bein-sports-2
2026-09-11 05:40:36,463 [INFO] Capturing request: https://www.atomsportv514.top/matches?id=bein-sports-2
2026-09-11 05:40:36,786 [INFO] Capturing response: https://www.atomsportv514.top/matches?id=bein-sports-2 200 
2026-09-11 05:40:36,836 [INFO] Capturing request: https://streamsport365.com/cinema
2026-09-11 05:40:36,933 [INFO] Capturing request: https://www.atomsportv514.top/favicon.ico
2026-09-11 05:40:36,938 [INFO] Capturing request: https://teletv5.top/load/yayinlink.php?id=bein-sports-2
2026-09-11 05:40:37,043 [INFO] Capturing response: https://www.atomsportv514.top/favicon.ico 200 
2026-09-11 05:40:37,158 [INFO] Capturing response: https://streamsport365.com/cinema 200 
2026-09-11 05:40:37,395 [INFO] Capturing response: https://teletv5.top/load/yayinlink.php?id=bein-sports-2 200 
2026-09-11 05:40:37,506 [INFO] Capturing response: https://global.d72377a9ds0ec24.cfd/beintv/tracks-v1a1/2026/09/11/05/40/44-06000.jpg 200 
2026-09-11 05:40:37,509 [INFO] Capturing request: https://www.atomsportv514.top/assets/img/player/player_logo_6a87a2e2eecc5.png
2026-09-11 05:40:37,520 [INFO] Capturing request: https://corestream.d72377a9ds0ec24.cfd//bein2/tracks-v1a1/mono.m3u8
2026-09-11 05:40:37,673 [INFO] Capturing response: https://www.atomsportv514.top/assets/img/player/player_logo_6a87a2e2eecc5.png 304 
2026-09-11 05:40:37,738 [INFO] Capturing response: https://corestream.d72377a9ds0ec24.cfd//bein2/tracks-v1a1/mono.m3u8 404 
2026-09-11 05:40:39,847 [INFO]   ✅ M3U8 bulundu: https://corestream.d72377a9ds0ec24.cfd//bein2/tracks-v1a1/mono.m3u8
2026-09-11 05:40:39,865 [INFO] Capturing request: https://corestream.d72377a9ds0ec24.cfd//bein2/tracks-v1a1/mono.m3u8
2026-09-11 05:40:40,084 [INFO] Capturing response: https://corestream.d72377a9ds0ec24.cfd//bein2/tracks-v1a1/mono.m3u8 404 
2026-09-11 05:40:40,848 [INFO] 
[3/14]
2026-09-11 05:40:40,848 [INFO] 🔍 beIN Sports 3 → https://www.atomsportv514.top/matches?id=bein-sports-3
2026-09-11 05:40:40,957 [INFO] Capturing request: https://www.atomsportv514.top/matches?id=bein-sports-3
2026-09-11 05:40:41,286 [INFO] Capturing response: https://www.atomsportv514.top/matches?id=bein-sports-3 200 
2026-09-11 05:40:41,417 [INFO] Capturing request: https://teletv5.top/load/yayinlink.php?id=bein-sports-3
2026-09-11 05:40:41,418 [INFO] Capturing request: https://www.atomsportv514.top/favicon.ico
2026-09-11 05:40:41,557 [INFO] Capturing request: https://streamsport365.com/cinema
2026-09-11 05:40:41,588 [INFO] Capturing response: https://www.atomsportv514.top/favicon.ico 200 
2026-09-11 05:40:41,668 [INFO] Capturing response: https://teletv5.top/load/yayinlink.php?id=bein-sports-3 200 
2026-09-11 05:40:41,890 [INFO] Capturing response: https://streamsport365.com/cinema 200 
2026-09-11 05:40:42,003 [INFO] Capturing request: https://www.atomsportv514.top/assets/img/player/player_logo_6a87a2e2eecc5.png
2026-09-11 05:40:42,011 [INFO] Capturing request: https://corestream.d72377a9ds0ec24.cfd//bein3/tracks-v1a1/mono.m3u8
2026-09-11 05:40:42,168 [INFO] Capturing response: https://www.atomsportv514.top/assets/img/player/player_logo_6a87a2e2eecc5.png 304 
2026-09-11 05:40:42,223 [INFO] Capturing response: https://corestream.d72377a9ds0ec24.cfd//bein3/tracks-v1a1/mono.m3u8 200 
2026-09-11 05:40:42,374 [INFO] Capturing request: https://global.d72377a9ds0ec24.cfd/bein3/tracks-v1a1/2026/09/11/05/40/20-10000.jpg
2026-09-11 05:40:43,367 [INFO] Capturing response: https://global.d72377a9ds0ec24.cfd/bein3/tracks-v1a1/2026/09/11/05/40/20-10000.jpg 200 
2026-09-11 05:40:43,576 [INFO] Capturing request: https://global.d72377a9ds0ec24.cfd/bein3/tracks-v1a1/2026/09/11/05/40/30-10000.jpg
2026-09-11 05:40:44,336 [INFO]   ✅ M3U8 bulundu: https://corestream.d72377a9ds0ec24.cfd//bein3/tracks-v1a1/mono.m3u8
2026-09-11 05:40:44,566 [INFO] Capturing response: https://global.d72377a9ds0ec24.cfd/bein3/tracks-v1a1/2026/09/11/05/40/30-10000.jpg 200 
2026-09-11 05:40:44,770 [INFO] Capturing request: https://global.d72377a9ds0ec24.cfd/bein3/tracks-v1a1/2026/09/11/05/40/40-10000.jpg
2026-09-11 05:40:45,337 [INFO] 
[4/14]
2026-09-11 05:40:45,337 [INFO] 🔍 beIN Sports 4 → https://www.atomsportv514.top/matches?id=bein-sports-4
2026-09-11 05:40:45,446 [INFO] Capturing request: https://www.atomsportv514.top/matches?id=bein-sports-4
2026-09-11 05:40:45,781 [INFO] Capturing response: https://www.atomsportv514.top/matches?id=bein-sports-4 200 
2026-09-11 05:40:45,795 [INFO] Capturing response: https://global.d72377a9ds0ec24.cfd/bein3/tracks-v1a1/2026/09/11/05/40/40-10000.jpg 200 
2026-09-11 05:40:45,814 [INFO] Capturing request: https://streamsport365.com/cinema
2026-09-11 05:40:45,838 [INFO] 127.0.0.1:58592: ProtocolException("Error in HTTP connection: Http2ZombieException('Connection or stream already dead: 1789105245.8378873, False')")
2026-09-11 05:40:45,915 [INFO] Capturing request: https://teletv5.top/load/yayinlink.php?id=bein-sports-4
2026-09-11 05:40:45,922 [INFO] Capturing request: https://www.atomsportv514.top/favicon.ico
2026-09-11 05:40:46,003 [INFO] Capturing response: https://www.atomsportv514.top/favicon.ico 200 
2026-09-11 05:40:46,143 [INFO] Capturing response: https://streamsport365.com/cinema 200 
2026-09-11 05:40:46,163 [INFO] Capturing response: https://teletv5.top/load/yayinlink.php?id=bein-sports-4 200 
2026-09-11 05:40:46,315 [INFO] Capturing request: https://www.atomsportv514.top/assets/img/player/player_logo_6a87a2e2eecc5.png
2026-09-11 05:40:46,324 [INFO] Capturing request: https://corestream.d72377a9ds0ec24.cfd//bein4/tracks-v1a1/mono.m3u8
2026-09-11 05:40:46,458 [INFO] Capturing response: https://www.atomsportv514.top/assets/img/player/player_logo_6a87a2e2eecc5.png 304 
2026-09-11 05:40:46,542 [INFO] Capturing response: https://corestream.d72377a9ds0ec24.cfd//bein4/tracks-v1a1/mono.m3u8 200 
2026-09-11 05:40:46,652 [INFO] Capturing request: https://global.d72377a9ds0ec24.cfd/bein4/tracks-v1a1/2026/09/11/05/40/13-10000.jpg
2026-09-11 05:40:48,826 [INFO]   ✅ M3U8 bulundu: https://corestream.d72377a9ds0ec24.cfd//bein4/tracks-v1a1/mono.m3u8
2026-09-11 05:40:49,159 [INFO] Capturing response: https://global.d72377a9ds0ec24.cfd/bein4/tracks-v1a1/2026/09/11/05/40/13-10000.jpg 200 
2026-09-11 05:40:49,455 [INFO] Capturing request: https://global.d72377a9ds0ec24.cfd/bein4/tracks-v1a1/2026/09/11/05/40/23-10000.jpg
2026-09-11 05:40:49,827 [INFO] 
[5/14]
2026-09-11 05:40:49,827 [INFO] 🔍 beIN Sports 5 → https://www.atomsportv514.top/matches?id=bein-sports-5
2026-09-11 05:40:49,935 [INFO] Capturing request: https://www.atomsportv514.top/matches?id=bein-sports-5
2026-09-11 05:40:50,247 [INFO] Capturing response: https://www.atomsportv514.top/matches?id=bein-sports-5 200 
2026-09-11 05:40:50,380 [INFO] Capturing request: https://teletv5.top/load/yayinlink.php?id=bein-sports-5
2026-09-11 05:40:50,381 [INFO] Capturing request: https://www.atomsportv514.top/favicon.ico
2026-09-11 05:40:50,448 [INFO] Capturing response: https://www.atomsportv514.top/favicon.ico 200 
2026-09-11 05:40:50,514 [INFO] Capturing request: https://streamsport365.com/cinema
2026-09-11 05:40:50,623 [INFO] Capturing response: https://teletv5.top/load/yayinlink.php?id=bein-sports-5 200 
2026-09-11 05:40:50,840 [INFO] Capturing response: https://streamsport365.com/cinema 200 
2026-09-11 05:40:50,953 [INFO] Capturing request: https://www.atomsportv514.top/assets/img/player/player_logo_6a87a2e2eecc5.png
2026-09-11 05:40:50,965 [INFO] Capturing request: https://corestream.d72377a9ds0ec24.cfd//bein5/tracks-v1a1/mono.m3u8
2026-09-11 05:40:51,083 [INFO] Capturing response: https://www.atomsportv514.top/assets/img/player/player_logo_6a87a2e2eecc5.png 304 
2026-09-11 05:40:51,174 [INFO] Capturing response: https://corestream.d72377a9ds0ec24.cfd//bein5/tracks-v1a1/mono.m3u8 404 
2026-09-11 05:40:52,126 [INFO] Capturing response: https://global.d72377a9ds0ec24.cfd/bein4/tracks-v1a1/2026/09/11/05/40/23-10000.jpg 200 
2026-09-11 05:40:53,292 [INFO]   ✅ M3U8 bulundu: https://corestream.d72377a9ds0ec24.cfd//bein5/tracks-v1a1/mono.m3u8
2026-09-11 05:40:53,333 [INFO] Capturing request: https://corestream.d72377a9ds0ec24.cfd//bein5/tracks-v1a1/mono.m3u8
2026-09-11 05:40:53,537 [INFO] Capturing response: https://corestream.d72377a9ds0ec24.cfd//bein5/tracks-v1a1/mono.m3u8 404 
2026-09-11 05:40:54,292 [INFO] 
[6/14]
2026-09-11 05:40:54,292 [INFO] 🔍 beIN Sports Max 1 → https://www.atomsportv514.top/matches?id=bein-sports-max-1
2026-09-11 05:40:54,401 [INFO] Capturing request: https://www.atomsportv514.top/matches?id=bein-sports-max-1
2026-09-11 05:40:54,719 [INFO] Capturing response: https://www.atomsportv514.top/matches?id=bein-sports-max-1 200 
2026-09-11 05:40:54,747 [INFO] Capturing request: https://streamsport365.com/cinema
2026-09-11 05:40:54,847 [INFO] Capturing request: https://teletv5.top/load/yayinlink.php?id=bein-sports-max-1
2026-09-11 05:40:54,850 [INFO] Capturing request: https://www.atomsportv514.top/favicon.ico
2026-09-11 05:40:54,909 [INFO] Capturing response: https://www.atomsportv514.top/favicon.ico 200 
2026-09-11 05:40:55,078 [INFO] Capturing response: https://streamsport365.com/cinema 200 
2026-09-11 05:40:55,107 [INFO] Capturing response: https://teletv5.top/load/yayinlink.php?id=bein-sports-max-1 200 
2026-09-11 05:40:55,258 [INFO] Capturing request: https://www.atomsportv514.top/assets/img/player/player_logo_6a87a2e2eecc5.png
2026-09-11 05:40:55,267 [INFO] Capturing request: https://corestream.d72377a9ds0ec24.cfd//beinmax1/tracks-v1a1/mono.m3u8
2026-09-11 05:40:55,392 [INFO] Capturing response: https://www.atomsportv514.top/assets/img/player/player_logo_6a87a2e2eecc5.png 304 
2026-09-11 05:40:55,472 [INFO] Capturing response: https://corestream.d72377a9ds0ec24.cfd//beinmax1/tracks-v1a1/mono.m3u8 404 
2026-09-11 05:40:57,631 [INFO] Capturing request: https://corestream.d72377a9ds0ec24.cfd//beinmax1/tracks-v1a1/mono.m3u8
2026-09-11 05:40:57,762 [INFO]   ✅ M3U8 bulundu: https://corestream.d72377a9ds0ec24.cfd//beinmax1/tracks-v1a1/mono.m3u8
2026-09-11 05:40:57,832 [INFO] Capturing response: https://corestream.d72377a9ds0ec24.cfd//beinmax1/tracks-v1a1/mono.m3u8 404 
2026-09-11 05:40:58,675 [INFO] Capturing request: https://android.clients.google.com/c2dm/register3
2026-09-11 05:40:58,736 [INFO] Capturing response: https://android.clients.google.com/c2dm/register3 301 
2026-09-11 05:40:58,762 [INFO] 
[7/14]
2026-09-11 05:40:58,762 [INFO] 🔍 beIN Sports Max 2 → https://www.atomsportv514.top/matches?id=bein-sports-max-2
2026-09-11 05:40:58,870 [INFO] Capturing request: https://www.atomsportv514.top/matches?id=bein-sports-max-2
2026-09-11 05:40:59,193 [INFO] Capturing response: https://www.atomsportv514.top/matches?id=bein-sports-max-2 200 
2026-09-11 05:40:59,319 [INFO] Capturing request: https://teletv5.top/load/yayinlink.php?id=bein-sports-max-2
2026-09-11 05:40:59,326 [INFO] Capturing request: https://www.atomsportv514.top/favicon.ico
2026-09-11 05:40:59,391 [INFO] Capturing response: https://www.atomsportv514.top/favicon.ico 200 
2026-09-11 05:40:59,458 [INFO] Capturing request: https://streamsport365.com/cinema
2026-09-11 05:40:59,582 [INFO] Capturing response: https://teletv5.top/load/yayinlink.php?id=bein-sports-max-2 200 
2026-09-11 05:40:59,781 [INFO] Capturing response: https://streamsport365.com/cinema 200 
2026-09-11 05:40:59,892 [INFO] Capturing request: https://www.atomsportv514.top/assets/img/player/player_logo_6a87a2e2eecc5.png
2026-09-11 05:40:59,903 [INFO] Capturing request: https://corestream.d72377a9ds0ec24.cfd//beinmax2/tracks-v1a1/mono.m3u8
2026-09-11 05:41:00,024 [INFO] Capturing response: https://www.atomsportv514.top/assets/img/player/player_logo_6a87a2e2eecc5.png 304 
2026-09-11 05:41:00,226 [INFO] Capturing response: https://corestream.d72377a9ds0ec24.cfd//beinmax2/tracks-v1a1/mono.m3u8 404 
2026-09-11 05:41:02,245 [INFO]   ✅ M3U8 bulundu: https://corestream.d72377a9ds0ec24.cfd//beinmax2/tracks-v1a1/mono.m3u8
2026-09-11 05:41:02,345 [INFO] Capturing request: https://corestream.d72377a9ds0ec24.cfd//beinmax2/tracks-v1a1/mono.m3u8
2026-09-11 05:41:02,555 [INFO] Capturing response: https://corestream.d72377a9ds0ec24.cfd//beinmax2/tracks-v1a1/mono.m3u8 404 
2026-09-11 05:41:03,245 [INFO] 
[8/14]
2026-09-11 05:41:03,245 [INFO] 🔍 S Sport → https://www.atomsportv514.top/matches?id=s-sport
2026-09-11 05:41:03,354 [INFO] Capturing request: https://www.atomsportv514.top/matches?id=s-sport
2026-09-11 05:41:03,891 [INFO] Capturing response: https://www.atomsportv514.top/matches?id=s-sport 200 
2026-09-11 05:41:03,916 [INFO] Capturing request: https://streamsport365.com/cinema
2026-09-11 05:41:04,018 [INFO] Capturing request: https://teletv5.top/load/yayinlink.php?id=s-sport
2026-09-11 05:41:04,020 [INFO] Capturing request: https://www.atomsportv514.top/favicon.ico
2026-09-11 05:41:04,071 [INFO] Capturing response: https://www.atomsportv514.top/favicon.ico 200 
2026-09-11 05:41:04,240 [INFO] Capturing response: https://streamsport365.com/cinema 200 
2026-09-11 05:41:04,279 [INFO] Capturing response: https://teletv5.top/load/yayinlink.php?id=s-sport 200 
2026-09-11 05:41:04,431 [INFO] Capturing request: https://www.atomsportv514.top/assets/img/player/player_logo_6a87a2e2eecc5.png
2026-09-11 05:41:04,440 [INFO] Capturing request: https://corestream.d72377a9ds0ec24.cfd//s-sport/tracks-v1a1/mono.m3u8
2026-09-11 05:41:04,561 [INFO] Capturing response: https://www.atomsportv514.top/assets/img/player/player_logo_6a87a2e2eecc5.png 304 
2026-09-11 05:41:04,671 [INFO] Capturing response: https://corestream.d72377a9ds0ec24.cfd//s-sport/tracks-v1a1/mono.m3u8 200 
2026-09-11 05:41:04,782 [INFO] Capturing request: https://global.d72377a9ds0ec24.cfd/s-sport/tracks-v1a1/2026/09/11/05/40/52-06000.jpg
2026-09-11 05:41:06,210 [INFO] Capturing response: https://global.d72377a9ds0ec24.cfd/s-sport/tracks-v1a1/2026/09/11/05/40/52-06000.jpg 200 
2026-09-11 05:41:06,443 [INFO] Capturing request: https://global.d72377a9ds0ec24.cfd/s-sport/tracks-v1a1/2026/09/11/05/40/58-06000.jpg
2026-09-11 05:41:06,933 [INFO]   ✅ M3U8 bulundu: https://corestream.d72377a9ds0ec24.cfd//s-sport/tracks-v1a1/mono.m3u8
2026-09-11 05:41:07,898 [INFO] Capturing response: https://global.d72377a9ds0ec24.cfd/s-sport/tracks-v1a1/2026/09/11/05/40/58-06000.jpg 200 
2026-09-11 05:41:07,934 [INFO] 
[9/14]
2026-09-11 05:41:07,934 [INFO] 🔍 S Sport 2 → https://www.atomsportv514.top/matches?id=s-sport-2
2026-09-11 05:41:08,059 [INFO] Capturing request: https://www.atomsportv514.top/matches?id=s-sport-2
2026-09-11 05:41:08,130 [INFO] Capturing request: https://global.d72377a9ds0ec24.cfd/s-sport/tracks-v1a1/2026/09/11/05/41/04-06000.jpg
2026-09-11 05:41:08,360 [INFO] Capturing response: https://www.atomsportv514.top/matches?id=s-sport-2 200 
2026-09-11 05:41:08,489 [INFO] Capturing request: https://teletv5.top/load/yayinlink.php?id=s-sport-2
2026-09-11 05:41:08,491 [INFO] Capturing request: https://www.atomsportv514.top/favicon.ico
2026-09-11 05:41:08,549 [INFO] Capturing response: https://www.atomsportv514.top/favicon.ico 200 
2026-09-11 05:41:08,629 [INFO] Capturing request: https://streamsport365.com/cinema
2026-09-11 05:41:08,739 [INFO] Capturing response: https://teletv5.top/load/yayinlink.php?id=s-sport-2 200 
2026-09-11 05:41:08,950 [INFO] Capturing response: https://streamsport365.com/cinema 200 
2026-09-11 05:41:09,060 [INFO] Capturing request: https://www.atomsportv514.top/assets/img/player/player_logo_6a87a2e2eecc5.png
2026-09-11 05:41:09,071 [INFO] Capturing request: https://corestream.d72377a9ds0ec24.cfd//s-sport2/tracks-v1a1/mono.m3u8
2026-09-11 05:41:09,188 [INFO] Capturing response: https://www.atomsportv514.top/assets/img/player/player_logo_6a87a2e2eecc5.png 304 
2026-09-11 05:41:09,307 [INFO] Capturing response: https://corestream.d72377a9ds0ec24.cfd//s-sport2/tracks-v1a1/mono.m3u8 200 
2026-09-11 05:41:09,416 [INFO] Capturing request: https://global.d72377a9ds0ec24.cfd/s-sport2/tracks-v1a1/2026/09/11/05/42/18-06400.jpg
2026-09-11 05:41:09,890 [INFO] Capturing response: https://global.d72377a9ds0ec24.cfd/s-sport/tracks-v1a1/2026/09/11/05/41/04-06000.jpg 200 
2026-09-11 05:41:11,404 [INFO]   ✅ M3U8 bulundu: https://corestream.d72377a9ds0ec24.cfd//s-sport2/tracks-v1a1/mono.m3u8
2026-09-11 05:41:11,769 [INFO] Capturing response: https://global.d72377a9ds0ec24.cfd/s-sport2/tracks-v1a1/2026/09/11/05/42/18-06400.jpg 200 
2026-09-11 05:41:12,037 [INFO] Capturing request: https://global.d72377a9ds0ec24.cfd/s-sport2/tracks-v1a1/2026/09/11/05/42/24-06400.jpg
2026-09-11 05:41:12,405 [INFO] 
[10/14]
2026-09-11 05:41:12,405 [INFO] 🔍 A Spor → https://www.atomsportv514.top/matches?id=a-spor
2026-09-11 05:41:12,516 [INFO] Capturing request: https://www.atomsportv514.top/matches?id=a-spor
2026-09-11 05:41:12,827 [INFO] Capturing response: https://www.atomsportv514.top/matches?id=a-spor 200 
2026-09-11 05:41:12,856 [INFO] Capturing request: https://streamsport365.com/cinema
2026-09-11 05:41:12,952 [INFO] Capturing request: https://teletv5.top/load/yayinlink.php?id=a-spor
2026-09-11 05:41:12,957 [INFO] Capturing request: https://www.atomsportv514.top/favicon.ico
2026-09-11 05:41:13,018 [INFO] Capturing response: https://www.atomsportv514.top/favicon.ico 200 
2026-09-11 05:41:13,176 [INFO] Capturing response: https://streamsport365.com/cinema 200 
2026-09-11 05:41:13,196 [INFO] Capturing response: https://teletv5.top/load/yayinlink.php?id=a-spor 200 
2026-09-11 05:41:13,347 [INFO] Capturing request: https://www.atomsportv514.top/assets/img/player/player_logo_6a87a2e2eecc5.png
2026-09-11 05:41:13,359 [INFO] Capturing request: https://corestream.d72377a9ds0ec24.cfd//aspor/tracks-v1a1/mono.m3u8
2026-09-11 05:41:13,476 [INFO] Capturing response: https://www.atomsportv514.top/assets/img/player/player_logo_6a87a2e2eecc5.png 304 
2026-09-11 05:41:13,590 [INFO] Capturing response: https://corestream.d72377a9ds0ec24.cfd//aspor/tracks-v1a1/mono.m3u8 404 
2026-09-11 05:41:14,182 [INFO] Capturing response: https://global.d72377a9ds0ec24.cfd/s-sport2/tracks-v1a1/2026/09/11/05/42/24-06400.jpg 200 
2026-09-11 05:41:15,751 [INFO] Capturing request: https://corestream.d72377a9ds0ec24.cfd//aspor/tracks-v1a1/mono.m3u8
2026-09-11 05:41:15,870 [INFO]   ✅ M3U8 bulundu: https://corestream.d72377a9ds0ec24.cfd//aspor/tracks-v1a1/mono.m3u8
2026-09-11 05:41:15,972 [INFO] Capturing response: https://corestream.d72377a9ds0ec24.cfd//aspor/tracks-v1a1/mono.m3u8 404 
2026-09-11 05:41:16,870 [INFO] 
[11/14]
2026-09-11 05:41:16,870 [INFO] 🔍 Tivibu Spor 1 → https://www.atomsportv514.top/matches?id=tivibu-spor-1
2026-09-11 05:41:16,978 [INFO] Capturing request: https://www.atomsportv514.top/matches?id=tivibu-spor-1
2026-09-11 05:41:17,285 [INFO] Capturing response: https://www.atomsportv514.top/matches?id=tivibu-spor-1 200 
2026-09-11 05:41:17,412 [INFO] Capturing request: https://teletv5.top/load/yayinlink.php?id=tivibu-spor-1
2026-09-11 05:41:17,416 [INFO] Capturing request: https://www.atomsportv514.top/favicon.ico
2026-09-11 05:41:17,478 [INFO] Capturing response: https://www.atomsportv514.top/favicon.ico 200 
2026-09-11 05:41:17,554 [INFO] Capturing request: https://streamsport365.com/cinema
2026-09-11 05:41:17,681 [INFO] Capturing response: https://teletv5.top/load/yayinlink.php?id=tivibu-spor-1 200 
2026-09-11 05:41:17,888 [INFO] Capturing response: https://streamsport365.com/cinema 200 
2026-09-11 05:41:30,511 [INFO] Capturing request: https://update.googleapis.com/service/update2/json?cup2key=ML-DSA-44-16:h0qZQtm2cDvA44NwCmd2ia_oo1Mide0_KA_ohMeMeYI&cup2hreq=3e3458fe3585bc9b6c8b53f1bfafd8c27cc9b737afedac65968a898de051a540
2026-09-11 05:41:30,567 [INFO] Capturing response: https://update.googleapis.com/service/update2/json?cup2key=ML-DSA-44-16:h0qZQtm2cDvA44NwCmd2ia_oo1Mide0_KA_ohMeMeYI&cup2hreq=3e3458fe3585bc9b6c8b53f1bfafd8c27cc9b737afedac65968a898de051a540 200 
2026-09-11 05:41:30,577 [INFO] Capturing request: http://edgedl.me.gvt1.com/edgedl/diffgen-puffin/gcmjkmgdlgnkkcocmoeiminaijmmjnii/fc1f961a8e1d6f22b29a01eb8f62d27d7f0f928ed1b230dfa8430cc20542c1bf
2026-09-11 05:41:30,592 [INFO] Capturing response: http://edgedl.me.gvt1.com/edgedl/diffgen-puffin/gcmjkmgdlgnkkcocmoeiminaijmmjnii/fc1f961a8e1d6f22b29a01eb8f62d27d7f0f928ed1b230dfa8430cc20542c1bf 200 OK
2026-09-11 05:41:30,617 [INFO] Capturing request: https://update.googleapis.com/service/update2/json
2026-09-11 05:41:30,667 [INFO] Capturing response: https://update.googleapis.com/service/update2/json 200 
2026-09-11 05:41:30,712 [INFO] Capturing request: http://edgedl.me.gvt1.com/edgedl/release2/chrome_component/bwrwnn54p6pzxnnljvd7a2wdlu_10769/hfnkpimlhhgieaddgfemjhofmfblmnib_10769_all_ac4zkugfths6pgaxciu7mdvpvr5q.crx3
2026-09-11 05:41:30,938 [INFO] Capturing response: http://edgedl.me.gvt1.com/edgedl/release2/chrome_component/bwrwnn54p6pzxnnljvd7a2wdlu_10769/hfnkpimlhhgieaddgfemjhofmfblmnib_10769_all_ac4zkugfths6pgaxciu7mdvpvr5q.crx3 200 OK
2026-09-11 05:41:30,964 [INFO] Capturing request: https://update.googleapis.com/service/update2/json
2026-09-11 05:41:31,006 [INFO] Capturing response: https://update.googleapis.com/service/update2/json 200 
2026-09-11 05:41:50,594 [WARNING]   ❌ Tivibu Spor 1 için M3U8 bulunamadı
2026-09-11 05:41:51,594 [INFO] 
[12/14]
2026-09-11 05:41:51,594 [INFO] 🔍 Tivibu Spor 2 → https://www.atomsportv514.top/matches?id=tivibu-spor-2
2026-09-11 05:41:51,769 [INFO] Capturing request: https://www.atomsportv514.top/matches?id=tivibu-spor-2
2026-09-11 05:41:52,387 [INFO] Capturing request: https://android.clients.google.com/c2dm/register3
2026-09-11 05:41:52,433 [INFO] Capturing response: https://www.atomsportv514.top/matches?id=tivibu-spor-2 200 
2026-09-11 05:41:52,442 [INFO] Capturing response: https://android.clients.google.com/c2dm/register3 301 
2026-09-11 05:41:52,598 [INFO] Capturing request: https://www.atomsportv514.top/favicon.ico
2026-09-11 05:41:52,653 [INFO] Capturing request: https://teletv5.top/load/yayinlink.php?id=tivibu-spor-2
2026-09-11 05:41:52,666 [INFO] Capturing response: https://www.atomsportv514.top/favicon.ico 200 
2026-09-11 05:41:53,103 [INFO] Capturing request: https://streamsport365.com/cinema
2026-09-11 05:41:53,163 [INFO] Capturing response: https://teletv5.top/load/yayinlink.php?id=tivibu-spor-2 200 
2026-09-11 05:41:53,443 [INFO] Capturing response: https://streamsport365.com/cinema 200 
2026-09-11 05:42:25,725 [WARNING]   ❌ Tivibu Spor 2 için M3U8 bulunamadı
2026-09-11 05:42:26,725 [INFO] 
[13/14]
2026-09-11 05:42:26,725 [INFO] 🔍 Tivibu Spor 3 → https://www.atomsportv514.top/matches?id=tivibu-spor-3
2026-09-11 05:42:26,834 [INFO] Capturing request: https://www.atomsportv514.top/matches?id=tivibu-spor-3
2026-09-11 05:42:27,373 [INFO] Capturing response: https://www.atomsportv514.top/matches?id=tivibu-spor-3 200 
2026-09-11 05:42:27,505 [INFO] Capturing request: https://teletv5.top/load/yayinlink.php?id=tivibu-spor-3
2026-09-11 05:42:27,506 [INFO] Capturing request: https://www.atomsportv514.top/favicon.ico
2026-09-11 05:42:27,567 [INFO] Capturing response: https://www.atomsportv514.top/favicon.ico 200 
2026-09-11 05:42:27,644 [INFO] Capturing request: https://streamsport365.com/cinema
2026-09-11 05:42:27,763 [INFO] Capturing response: https://teletv5.top/load/yayinlink.php?id=tivibu-spor-3 200 
2026-09-11 05:42:27,970 [INFO] Capturing response: https://streamsport365.com/cinema 200 
2026-09-11 05:43:00,636 [WARNING]   ❌ Tivibu Spor 3 için M3U8 bulunamadı
2026-09-11 05:43:01,636 [INFO] 
[14/14]
2026-09-11 05:43:01,637 [INFO] 🔍 Tivibu Spor 4 → https://www.atomsportv514.top/matches?id=tivibu-spor-4
2026-09-11 05:43:01,746 [INFO] Capturing request: https://www.atomsportv514.top/matches?id=tivibu-spor-4
2026-09-11 05:43:02,363 [INFO] Capturing response: https://www.atomsportv514.top/matches?id=tivibu-spor-4 200 
2026-09-11 05:43:02,491 [INFO] Capturing request: https://teletv5.top/load/yayinlink.php?id=tivibu-spor-4
2026-09-11 05:43:02,494 [INFO] Capturing request: https://www.atomsportv514.top/favicon.ico
2026-09-11 05:43:02,557 [INFO] Capturing response: https://www.atomsportv514.top/favicon.ico 200 
2026-09-11 05:43:02,631 [INFO] Capturing request: https://streamsport365.com/cinema
2026-09-11 05:43:02,749 [INFO] Capturing response: https://teletv5.top/load/yayinlink.php?id=tivibu-spor-4 200 
2026-09-11 05:43:02,957 [INFO] Capturing response: https://streamsport365.com/cinema 200 
2026-09-11 05:43:33,939 [INFO] Capturing request: https://android.clients.google.com/c2dm/register3
2026-09-11 05:43:34,002 [INFO] Capturing response: https://android.clients.google.com/c2dm/register3 301 
2026-09-11 05:43:35,627 [WARNING]   ❌ Tivibu Spor 4 için M3U8 bulunamadı
2026-09-11 05:43:36,686 [INFO] ✅ 10 kanal bulundu, playlist.m3u kaydedildi
