2026-08-11 17:29:33,279 [INFO] 🌐 BASE_URL: https://www.atomsportv512.top
2026-08-11 17:29:34,018 [INFO] Başlanıyor... 14 kanal taranacak
2026-08-11 17:29:34,018 [INFO] Using default request storage
2026-08-11 17:29:34,023 [INFO] Created proxy listening on 127.0.0.1:43873
2026-08-11 17:29:34,699 [INFO] Capturing request: http://clients2.google.com/time/1/current?cup2key=10:7yx3EBDI3bPtz0ZmVASYS7NDRqFqBOuB5oL0rPEcbAg&cup2hreq=e3b0c44298fc1c149afbf4c8996fb92427ae41e4649b934ca495991b7852b855
2026-08-11 17:29:34,762 [INFO] Capturing response: http://clients2.google.com/time/1/current?cup2key=10:7yx3EBDI3bPtz0ZmVASYS7NDRqFqBOuB5oL0rPEcbAg&cup2hreq=e3b0c44298fc1c149afbf4c8996fb92427ae41e4649b934ca495991b7852b855 200 OK
2026-08-11 17:29:34,911 [INFO] 
[1/14]
2026-08-11 17:29:34,911 [INFO] 🔍 beIN Sports 1 → https://www.atomsportv512.top/matches?id=bein-sports-1
2026-08-11 17:29:34,990 [INFO] Capturing request: https://accounts.google.com/ListAccounts?gpsia=1&source=ChromiumBrowser&json=standard&laf=b64bin
2026-08-11 17:29:34,993 [INFO] Capturing request: https://update.googleapis.com/service/update2/json?cup2key=16:JaFkebWS-7RkGvKjyb61_exEn-d8nW-nWWP8ij2xxGo&cup2hreq=8b9ee4646e3c393c478065c810c388f0bc902cfdaaea5b06f4f0bb236f9142eb
2026-08-11 17:29:35,035 [INFO] Capturing response: https://accounts.google.com/ListAccounts?gpsia=1&source=ChromiumBrowser&json=standard&laf=b64bin 200 
2026-08-11 17:29:35,039 [INFO] Capturing response: https://update.googleapis.com/service/update2/json?cup2key=16:JaFkebWS-7RkGvKjyb61_exEn-d8nW-nWWP8ij2xxGo&cup2hreq=8b9ee4646e3c393c478065c810c388f0bc902cfdaaea5b06f4f0bb236f9142eb 200 
2026-08-11 17:29:35,085 [INFO] Capturing request: https://www.google.com/async/folae?async=_fmt:pb&udm=50&client_locale=en-US&client_country=ZZ
2026-08-11 17:29:35,086 [INFO] Capturing request: https://update.googleapis.com/service/update2/json?cup2key=16:f_p-ZcTJg5GNluopiLuqrLv5YsCsBGyuXqqtP1Wr3MI&cup2hreq=a1af1214d7cedbb6deb33626b43bea189bc895b292ac344154cf64d7f3f8d9a3
2026-08-11 17:29:35,116 [INFO] Capturing request: https://www.atomsportv512.top/matches?id=bein-sports-1
2026-08-11 17:29:35,120 [INFO] Capturing response: https://www.google.com/async/folae?async=_fmt:pb&udm=50&client_locale=en-US&client_country=ZZ 200 
2026-08-11 17:29:35,123 [INFO] Capturing response: https://update.googleapis.com/service/update2/json?cup2key=16:f_p-ZcTJg5GNluopiLuqrLv5YsCsBGyuXqqtP1Wr3MI&cup2hreq=a1af1214d7cedbb6deb33626b43bea189bc895b292ac344154cf64d7f3f8d9a3 200 
2026-08-11 17:29:35,169 [INFO] Capturing request: https://update.googleapis.com/service/update2/json?cup2key=16:PeXT7ZxdHMv2dvkDQpTtUcsT6e-v_sX4SAsthB65xQc&cup2hreq=403cb7e67f7cce384625a4c00d46a4934e2ae9e66edb7a1e10cf037f71e39c3d
2026-08-11 17:29:35,198 [INFO] Capturing response: https://update.googleapis.com/service/update2/json?cup2key=16:PeXT7ZxdHMv2dvkDQpTtUcsT6e-v_sX4SAsthB65xQc&cup2hreq=403cb7e67f7cce384625a4c00d46a4934e2ae9e66edb7a1e10cf037f71e39c3d 200 
2026-08-11 17:29:35,282 [INFO] Capturing request: https://www.google.com/async/folae?async=_fmt:pb&udm=50&client_locale=en-US&client_country=ZZ
2026-08-11 17:29:35,310 [INFO] Capturing response: https://www.google.com/async/folae?async=_fmt:pb&udm=50&client_locale=en-US&client_country=ZZ 200 
2026-08-11 17:29:35,419 [INFO] Capturing response: https://www.atomsportv512.top/matches?id=bein-sports-1 200 
2026-08-11 17:29:35,639 [INFO] Capturing request: https://cdn.jsdelivr.net/npm/@clappr/player@0.11.16/dist/clappr.min.js
2026-08-11 17:29:35,643 [INFO] Capturing request: https://cdn.jsdelivr.net/npm/@clappr/hlsjs-playback@1.8.3/dist/hlsjs-playback.min.js
2026-08-11 17:29:35,644 [INFO] Capturing request: https://cdn.jsdelivr.net/npm/level-selector/dist/level-selector.min.js
2026-08-11 17:29:35,673 [INFO] Capturing response: https://cdn.jsdelivr.net/npm/level-selector/dist/level-selector.min.js 200 
2026-08-11 17:29:35,703 [INFO] Capturing response: https://cdn.jsdelivr.net/npm/@clappr/player@0.11.16/dist/clappr.min.js 200 
2026-08-11 17:29:35,814 [INFO] Capturing response: https://cdn.jsdelivr.net/npm/@clappr/hlsjs-playback@1.8.3/dist/hlsjs-playback.min.js 200 
2026-08-11 17:29:35,986 [INFO] Capturing request: https://www.atomsportv512.top/favicon.ico
2026-08-11 17:29:36,043 [INFO] Capturing response: https://www.atomsportv512.top/favicon.ico 200 
2026-08-11 17:29:36,114 [INFO] Capturing request: https://teletv5.top/load/yayinlink.php?id=bein-sports-1
2026-08-11 17:29:36,550 [INFO] Capturing response: https://teletv5.top/load/yayinlink.php?id=bein-sports-1 200 
2026-08-11 17:29:36,754 [INFO] Capturing request: https://streamsport365.com/cinema
2026-08-11 17:29:37,121 [INFO] Capturing response: https://streamsport365.com/cinema 200 
2026-08-11 17:29:37,251 [INFO] Capturing request: https://www.atomsportv512.top/assets/img/player/player_logo_6a72b29dbcd89.png
2026-08-11 17:29:37,307 [INFO] Capturing response: https://www.atomsportv512.top/assets/img/player/player_logo_6a72b29dbcd89.png 200 
2026-08-11 17:29:37,334 [INFO] Capturing request: https://corestream.siteyaptim.live//bein1/tracks-v1a1/mono.m3u8
2026-08-11 17:29:37,548 [INFO] Capturing response: https://corestream.siteyaptim.live//bein1/tracks-v1a1/mono.m3u8 200 
2026-08-11 17:29:37,701 [INFO] Capturing request: https://android.clients.google.com/checkin
2026-08-11 17:29:37,772 [INFO] Capturing response: https://android.clients.google.com/checkin 200 
2026-08-11 17:29:37,825 [INFO] Capturing request: https://android.clients.google.com/c2dm/register3
2026-08-11 17:29:37,829 [INFO] Capturing request: https://android.clients.google.com/c2dm/register3
2026-08-11 17:29:37,832 [INFO] Capturing request: https://android.clients.google.com/c2dm/register3
2026-08-11 17:29:37,857 [INFO] Capturing response: https://android.clients.google.com/c2dm/register3 301 
2026-08-11 17:29:37,933 [INFO] Capturing request: https://global.siteyaptim.live/bein1/tracks-v1a1/2026/08/11/17/29/44-05200.jpg
2026-08-11 17:29:38,439 [INFO] Capturing response: https://global.siteyaptim.live/bein1/tracks-v1a1/2026/08/11/17/29/44-05200.jpg 200 
2026-08-11 17:29:38,670 [INFO] Capturing request: https://global.siteyaptim.live/bein1/tracks-v1a1/2026/08/11/17/29/49-05200.jpg
2026-08-11 17:29:38,827 [INFO] Capturing response: https://android.clients.google.com/c2dm/register3 200 
2026-08-11 17:29:38,909 [INFO]   ✅ M3U8 bulundu: https://corestream.siteyaptim.live//bein1/tracks-v1a1/mono.m3u8
2026-08-11 17:29:39,014 [INFO] Capturing response: https://android.clients.google.com/c2dm/register3 200 
2026-08-11 17:29:39,233 [INFO] Capturing response: https://global.siteyaptim.live/bein1/tracks-v1a1/2026/08/11/17/29/49-05200.jpg 200 
2026-08-11 17:29:39,458 [INFO] Capturing request: https://global.siteyaptim.live/bein1/tracks-v1a1/2026/08/11/17/29/54-05200.jpg
2026-08-11 17:29:39,909 [INFO] 
[2/14]
2026-08-11 17:29:39,910 [INFO] 🔍 beIN Sports 2 → https://www.atomsportv512.top/matches?id=bein-sports-2
2026-08-11 17:29:40,022 [INFO] Capturing request: https://www.atomsportv512.top/matches?id=bein-sports-2
2026-08-11 17:29:40,301 [INFO] Capturing response: https://www.atomsportv512.top/matches?id=bein-sports-2 200 
2026-08-11 17:29:40,333 [INFO] Capturing response: https://global.siteyaptim.live/bein1/tracks-v1a1/2026/08/11/17/29/54-05200.jpg 200 
2026-08-11 17:29:40,368 [INFO] Capturing request: https://streamsport365.com/cinema
2026-08-11 17:29:40,468 [INFO] Capturing request: https://www.atomsportv512.top/favicon.ico
2026-08-11 17:29:40,469 [INFO] Capturing request: https://teletv5.top/load/yayinlink.php?id=bein-sports-2
2026-08-11 17:29:40,520 [INFO] Capturing response: https://www.atomsportv512.top/favicon.ico 200 
2026-08-11 17:29:40,691 [INFO] Capturing response: https://teletv5.top/load/yayinlink.php?id=bein-sports-2 200 
2026-08-11 17:29:40,739 [INFO] Capturing response: https://streamsport365.com/cinema 200 
2026-08-11 17:29:40,852 [INFO] Capturing request: https://www.atomsportv512.top/assets/img/player/player_logo_6a72b29dbcd89.png
2026-08-11 17:29:40,862 [INFO] Capturing request: https://corestream.siteyaptim.live//bein2/tracks-v1a1/mono.m3u8
2026-08-11 17:29:40,979 [INFO] Capturing response: https://www.atomsportv512.top/assets/img/player/player_logo_6a72b29dbcd89.png 304 
2026-08-11 17:29:41,052 [INFO] Capturing response: https://corestream.siteyaptim.live//bein2/tracks-v1a1/mono.m3u8 200 
2026-08-11 17:29:41,161 [INFO] Capturing request: https://global.siteyaptim.live/bein2/tracks-v1a1/2026/08/11/17/29/18-07320.jpg
2026-08-11 17:29:41,816 [INFO] Capturing response: https://global.siteyaptim.live/bein2/tracks-v1a1/2026/08/11/17/29/18-07320.jpg 200 
2026-08-11 17:29:42,097 [INFO] Capturing request: https://global.siteyaptim.live/bein2/tracks-v1a1/2026/08/11/17/29/26-06500.jpg
2026-08-11 17:29:42,763 [INFO] Capturing response: https://global.siteyaptim.live/bein2/tracks-v1a1/2026/08/11/17/29/26-06500.jpg 200 
2026-08-11 17:29:42,991 [INFO] Capturing request: https://global.siteyaptim.live/bein2/tracks-v1a1/2026/08/11/17/29/32-09180.jpg
2026-08-11 17:29:43,388 [INFO]   ✅ M3U8 bulundu: https://corestream.siteyaptim.live//bein2/tracks-v1a1/mono.m3u8
2026-08-11 17:29:43,687 [INFO] Capturing response: https://global.siteyaptim.live/bein2/tracks-v1a1/2026/08/11/17/29/32-09180.jpg 200 
2026-08-11 17:29:43,939 [INFO] Capturing request: https://global.siteyaptim.live/bein2/tracks-v1a1/2026/08/11/17/29/41-05000.jpg
2026-08-11 17:29:44,388 [INFO] 
[3/14]
2026-08-11 17:29:44,389 [INFO] 🔍 beIN Sports 3 → https://www.atomsportv512.top/matches?id=bein-sports-3
2026-08-11 17:29:44,403 [INFO] Capturing response: https://global.siteyaptim.live/bein2/tracks-v1a1/2026/08/11/17/29/41-05000.jpg 200 
2026-08-11 17:29:44,504 [INFO] Capturing request: https://www.atomsportv512.top/matches?id=bein-sports-3
2026-08-11 17:29:44,779 [INFO] Capturing response: https://www.atomsportv512.top/matches?id=bein-sports-3 200 
2026-08-11 17:29:44,910 [INFO] Capturing request: https://teletv5.top/load/yayinlink.php?id=bein-sports-3
2026-08-11 17:29:44,914 [INFO] Capturing request: https://www.atomsportv512.top/favicon.ico
2026-08-11 17:29:44,995 [INFO] Capturing response: https://www.atomsportv512.top/favicon.ico 200 
2026-08-11 17:29:45,071 [INFO] Capturing request: https://streamsport365.com/cinema
2026-08-11 17:29:45,125 [INFO] Capturing response: https://teletv5.top/load/yayinlink.php?id=bein-sports-3 200 
2026-08-11 17:29:45,442 [INFO] Capturing response: https://streamsport365.com/cinema 200 
2026-08-11 17:29:45,551 [INFO] Capturing request: https://www.atomsportv512.top/assets/img/player/player_logo_6a72b29dbcd89.png
2026-08-11 17:29:45,561 [INFO] Capturing request: https://corestream.siteyaptim.live//bein3/tracks-v1a1/mono.m3u8
2026-08-11 17:29:45,680 [INFO] Capturing response: https://www.atomsportv512.top/assets/img/player/player_logo_6a72b29dbcd89.png 304 
2026-08-11 17:29:45,751 [INFO] Capturing response: https://corestream.siteyaptim.live//bein3/tracks-v1a1/mono.m3u8 200 
2026-08-11 17:29:45,860 [INFO] Capturing request: https://global.siteyaptim.live/bein3/tracks-v1a1/2026/08/11/17/29/30-05000.jpg
2026-08-11 17:29:46,307 [INFO] Capturing response: https://global.siteyaptim.live/bein3/tracks-v1a1/2026/08/11/17/29/30-05000.jpg 200 
2026-08-11 17:29:46,486 [INFO] Capturing request: https://global.siteyaptim.live/bein3/tracks-v1a1/2026/08/11/17/29/35-05000.jpg
2026-08-11 17:29:46,906 [INFO] Capturing response: https://global.siteyaptim.live/bein3/tracks-v1a1/2026/08/11/17/29/35-05000.jpg 200 
2026-08-11 17:29:47,108 [INFO] Capturing request: https://global.siteyaptim.live/bein3/tracks-v1a1/2026/08/11/17/29/40-05000.jpg
2026-08-11 17:29:47,569 [INFO] Capturing response: https://global.siteyaptim.live/bein3/tracks-v1a1/2026/08/11/17/29/40-05000.jpg 200 
2026-08-11 17:29:47,837 [INFO]   ✅ M3U8 bulundu: https://corestream.siteyaptim.live//bein3/tracks-v1a1/mono.m3u8
2026-08-11 17:29:48,837 [INFO] 
[4/14]
2026-08-11 17:29:48,837 [INFO] 🔍 beIN Sports 4 → https://www.atomsportv512.top/matches?id=bein-sports-4
2026-08-11 17:29:48,948 [INFO] Capturing request: https://www.atomsportv512.top/matches?id=bein-sports-4
2026-08-11 17:29:49,466 [INFO] Capturing response: https://www.atomsportv512.top/matches?id=bein-sports-4 200 
2026-08-11 17:29:49,495 [INFO] Capturing request: https://streamsport365.com/cinema
2026-08-11 17:29:49,595 [INFO] Capturing request: https://teletv5.top/load/yayinlink.php?id=bein-sports-4
2026-08-11 17:29:49,597 [INFO] Capturing request: https://www.atomsportv512.top/favicon.ico
2026-08-11 17:29:49,645 [INFO] Capturing response: https://www.atomsportv512.top/favicon.ico 200 
2026-08-11 17:29:49,808 [INFO] Capturing response: https://teletv5.top/load/yayinlink.php?id=bein-sports-4 200 
2026-08-11 17:29:49,863 [INFO] Capturing response: https://streamsport365.com/cinema 200 
2026-08-11 17:29:49,974 [INFO] Capturing request: https://www.atomsportv512.top/assets/img/player/player_logo_6a72b29dbcd89.png
2026-08-11 17:29:49,983 [INFO] Capturing request: https://corestream.siteyaptim.live//bein4/tracks-v1a1/mono.m3u8
2026-08-11 17:29:50,097 [INFO] Capturing response: https://www.atomsportv512.top/assets/img/player/player_logo_6a72b29dbcd89.png 304 
2026-08-11 17:29:50,172 [INFO] Capturing response: https://corestream.siteyaptim.live//bein4/tracks-v1a1/mono.m3u8 200 
2026-08-11 17:29:50,321 [INFO] Capturing request: https://global.siteyaptim.live/bein4/tracks-v1a1/2026/08/11/17/29/27-08580.jpg
2026-08-11 17:29:51,017 [INFO] Capturing response: https://global.siteyaptim.live/bein4/tracks-v1a1/2026/08/11/17/29/27-08580.jpg 200 
2026-08-11 17:29:51,288 [INFO] Capturing request: https://global.siteyaptim.live/bein4/tracks-v1a1/2026/08/11/17/29/36-06940.jpg
2026-08-11 17:29:51,834 [INFO] Capturing response: https://global.siteyaptim.live/bein4/tracks-v1a1/2026/08/11/17/29/36-06940.jpg 200 
2026-08-11 17:29:52,058 [INFO] Capturing request: https://global.siteyaptim.live/bein4/tracks-v1a1/2026/08/11/17/29/43-06600.jpg
2026-08-11 17:29:52,515 [INFO]   ✅ M3U8 bulundu: https://corestream.siteyaptim.live//bein4/tracks-v1a1/mono.m3u8
2026-08-11 17:29:52,602 [INFO] Capturing response: https://global.siteyaptim.live/bein4/tracks-v1a1/2026/08/11/17/29/43-06600.jpg 200 
2026-08-11 17:29:52,828 [INFO] Capturing request: https://global.siteyaptim.live/bein4/tracks-v1a1/2026/08/11/17/29/49-08060.jpg
2026-08-11 17:29:53,413 [INFO] Capturing response: https://global.siteyaptim.live/bein4/tracks-v1a1/2026/08/11/17/29/49-08060.jpg 200 
2026-08-11 17:29:53,515 [INFO] 
[5/14]
2026-08-11 17:29:53,515 [INFO] 🔍 beIN Sports 5 → https://www.atomsportv512.top/matches?id=bein-sports-5
2026-08-11 17:29:53,630 [INFO] Capturing request: https://www.atomsportv512.top/matches?id=bein-sports-5
2026-08-11 17:29:53,906 [INFO] Capturing response: https://www.atomsportv512.top/matches?id=bein-sports-5 200 
2026-08-11 17:29:54,039 [INFO] Capturing request: https://teletv5.top/load/yayinlink.php?id=bein-sports-5
2026-08-11 17:29:54,042 [INFO] Capturing request: https://www.atomsportv512.top/favicon.ico
2026-08-11 17:29:54,091 [INFO] Capturing response: https://www.atomsportv512.top/favicon.ico 200 
2026-08-11 17:29:54,197 [INFO] Capturing request: https://streamsport365.com/cinema
2026-08-11 17:29:54,255 [INFO] Capturing response: https://teletv5.top/load/yayinlink.php?id=bein-sports-5 200 
2026-08-11 17:29:54,571 [INFO] Capturing response: https://streamsport365.com/cinema 200 
2026-08-11 17:29:54,681 [INFO] Capturing request: https://www.atomsportv512.top/assets/img/player/player_logo_6a72b29dbcd89.png
2026-08-11 17:29:54,691 [INFO] Capturing request: https://corestream.siteyaptim.live//bein5/tracks-v1a1/mono.m3u8
2026-08-11 17:29:54,814 [INFO] Capturing response: https://www.atomsportv512.top/assets/img/player/player_logo_6a72b29dbcd89.png 304 
2026-08-11 17:29:54,887 [INFO] Capturing response: https://corestream.siteyaptim.live//bein5/tracks-v1a1/mono.m3u8 200 
2026-08-11 17:29:54,996 [INFO] Capturing request: https://global.siteyaptim.live/bein5/tracks-v1a1/2026/08/11/17/29/56-05100.jpg
2026-08-11 17:29:55,918 [INFO] Capturing response: https://global.siteyaptim.live/bein5/tracks-v1a1/2026/08/11/17/29/56-05100.jpg 200 
2026-08-11 17:29:56,232 [INFO] Capturing request: https://global.siteyaptim.live/bein5/tracks-v1a1/2026/08/11/17/30/01-05380.jpg
2026-08-11 17:29:56,953 [INFO]   ✅ M3U8 bulundu: https://corestream.siteyaptim.live//bein5/tracks-v1a1/mono.m3u8
2026-08-11 17:29:57,551 [INFO] Capturing response: https://global.siteyaptim.live/bein5/tracks-v1a1/2026/08/11/17/30/01-05380.jpg 200 
2026-08-11 17:29:57,885 [INFO] Capturing request: https://global.siteyaptim.live/bein5/tracks-v1a1/2026/08/11/17/30/07-05500.jpg
2026-08-11 17:29:57,953 [INFO] 
[6/14]
2026-08-11 17:29:57,953 [INFO] 🔍 beIN Sports Max 1 → https://www.atomsportv512.top/matches?id=bein-sports-max-1
2026-08-11 17:29:58,064 [INFO] Capturing request: https://www.atomsportv512.top/matches?id=bein-sports-max-1
2026-08-11 17:29:58,337 [INFO] Capturing response: https://www.atomsportv512.top/matches?id=bein-sports-max-1 200 
2026-08-11 17:29:58,377 [INFO] Capturing request: https://streamsport365.com/cinema
2026-08-11 17:29:58,473 [INFO] Capturing request: https://teletv5.top/load/yayinlink.php?id=bein-sports-max-1
2026-08-11 17:29:58,476 [INFO] Capturing request: https://www.atomsportv512.top/favicon.ico
2026-08-11 17:29:58,528 [INFO] Capturing response: https://www.atomsportv512.top/favicon.ico 200 
2026-08-11 17:29:58,698 [INFO] Capturing response: https://teletv5.top/load/yayinlink.php?id=bein-sports-max-1 200 
2026-08-11 17:29:58,745 [INFO] Capturing response: https://streamsport365.com/cinema 200 
2026-08-11 17:29:58,858 [INFO] Capturing request: https://www.atomsportv512.top/assets/img/player/player_logo_6a72b29dbcd89.png
2026-08-11 17:29:58,869 [INFO] Capturing request: https://corestream.siteyaptim.live//beinmax1/tracks-v1a1/mono.m3u8
2026-08-11 17:29:58,882 [INFO] Capturing response: https://global.siteyaptim.live/bein5/tracks-v1a1/2026/08/11/17/30/07-05500.jpg 200 
2026-08-11 17:29:58,990 [INFO] Capturing response: https://www.atomsportv512.top/assets/img/player/player_logo_6a72b29dbcd89.png 304 
2026-08-11 17:29:59,067 [INFO] Capturing response: https://corestream.siteyaptim.live//beinmax1/tracks-v1a1/mono.m3u8 200 
2026-08-11 17:29:59,217 [INFO] Capturing request: https://global.siteyaptim.live/beinmax1/tracks-v1a1/2026/08/11/17/29/42-05000.jpg
2026-08-11 17:30:00,078 [INFO] Capturing response: https://global.siteyaptim.live/beinmax1/tracks-v1a1/2026/08/11/17/29/42-05000.jpg 200 
2026-08-11 17:30:00,127 [INFO] Capturing request: https://android.clients.google.com/c2dm/register3
2026-08-11 17:30:00,188 [INFO] Capturing response: https://android.clients.google.com/c2dm/register3 301 
2026-08-11 17:30:00,300 [INFO] Capturing request: https://global.siteyaptim.live/beinmax1/tracks-v1a1/2026/08/11/17/29/47-05000.jpg
2026-08-11 17:30:00,940 [INFO] Capturing response: https://global.siteyaptim.live/beinmax1/tracks-v1a1/2026/08/11/17/29/47-05000.jpg 200 
2026-08-11 17:30:01,193 [INFO] Capturing request: https://global.siteyaptim.live/beinmax1/tracks-v1a1/2026/08/11/17/29/52-05000.jpg
2026-08-11 17:30:01,387 [INFO]   ✅ M3U8 bulundu: https://corestream.siteyaptim.live//beinmax1/tracks-v1a1/mono.m3u8
2026-08-11 17:30:01,831 [INFO] Capturing response: https://global.siteyaptim.live/beinmax1/tracks-v1a1/2026/08/11/17/29/52-05000.jpg 200 
2026-08-11 17:30:02,387 [INFO] 
[7/14]
2026-08-11 17:30:02,387 [INFO] 🔍 beIN Sports Max 2 → https://www.atomsportv512.top/matches?id=bein-sports-max-2
2026-08-11 17:30:02,498 [INFO] Capturing request: https://www.atomsportv512.top/matches?id=bein-sports-max-2
2026-08-11 17:30:02,771 [INFO] Capturing response: https://www.atomsportv512.top/matches?id=bein-sports-max-2 200 
2026-08-11 17:30:02,898 [INFO] Capturing request: https://teletv5.top/load/yayinlink.php?id=bein-sports-max-2
2026-08-11 17:30:02,900 [INFO] Capturing request: https://www.atomsportv512.top/favicon.ico
2026-08-11 17:30:03,055 [INFO] Capturing request: https://streamsport365.com/cinema
2026-08-11 17:30:03,153 [INFO] Capturing response: https://www.atomsportv512.top/favicon.ico 200 
2026-08-11 17:30:03,423 [INFO] Capturing response: https://streamsport365.com/cinema 200 
2026-08-11 17:30:04,074 [INFO] Capturing response: https://teletv5.top/load/yayinlink.php?id=bein-sports-max-2 200 
2026-08-11 17:30:04,185 [INFO] Capturing request: https://www.atomsportv512.top/assets/img/player/player_logo_6a72b29dbcd89.png
2026-08-11 17:30:04,193 [INFO] Capturing request: https://corestream.siteyaptim.live//hls/s-sport.m3u8
2026-08-11 17:30:04,313 [INFO] Capturing response: https://www.atomsportv512.top/assets/img/player/player_logo_6a72b29dbcd89.png 304 
2026-08-11 17:30:04,402 [INFO] Capturing response: https://corestream.siteyaptim.live//hls/s-sport.m3u8 404 
2026-08-11 17:30:05,813 [INFO]   ✅ M3U8 bulundu: https://corestream.siteyaptim.live//hls/s-sport.m3u8
2026-08-11 17:30:06,525 [INFO] Capturing request: https://corestream.siteyaptim.live//hls/s-sport.m3u8
2026-08-11 17:30:06,716 [INFO] Capturing response: https://corestream.siteyaptim.live//hls/s-sport.m3u8 404 
2026-08-11 17:30:06,813 [INFO] 
[8/14]
2026-08-11 17:30:06,813 [INFO] 🔍 S Sport → https://www.atomsportv512.top/matches?id=s-sport
2026-08-11 17:30:06,921 [INFO] Capturing request: https://www.atomsportv512.top/matches?id=s-sport
2026-08-11 17:30:07,193 [INFO] Capturing response: https://www.atomsportv512.top/matches?id=s-sport 200 
2026-08-11 17:30:07,223 [INFO] Capturing request: https://streamsport365.com/cinema
2026-08-11 17:30:07,323 [INFO] Capturing request: https://teletv5.top/load/yayinlink.php?id=s-sport
2026-08-11 17:30:07,325 [INFO] Capturing request: https://www.atomsportv512.top/favicon.ico
2026-08-11 17:30:07,385 [INFO] Capturing response: https://www.atomsportv512.top/favicon.ico 200 
2026-08-11 17:30:07,542 [INFO] Capturing response: https://teletv5.top/load/yayinlink.php?id=s-sport 200 
2026-08-11 17:30:07,590 [INFO] Capturing response: https://streamsport365.com/cinema 200 
2026-08-11 17:30:07,700 [INFO] Capturing request: https://www.atomsportv512.top/assets/img/player/player_logo_6a72b29dbcd89.png
2026-08-11 17:30:07,710 [INFO] Capturing request: https://corestream.siteyaptim.live//s-sport/tracks-v1a1/mono.m3u8
2026-08-11 17:30:07,829 [INFO] Capturing response: https://www.atomsportv512.top/assets/img/player/player_logo_6a72b29dbcd89.png 304 
2026-08-11 17:30:07,897 [INFO] Capturing response: https://corestream.siteyaptim.live//s-sport/tracks-v1a1/mono.m3u8 200 
2026-08-11 17:30:08,007 [INFO] Capturing request: https://global.siteyaptim.live/s-sport/tracks-v1a1/2026/08/11/17/30/04-10000.jpg
2026-08-11 17:30:08,625 [INFO] Capturing response: https://global.siteyaptim.live/s-sport/tracks-v1a1/2026/08/11/17/30/04-10000.jpg 200 
2026-08-11 17:30:08,876 [INFO] Capturing request: https://global.siteyaptim.live/s-sport/tracks-v1a1/2026/08/11/17/30/14-12920.jpg
2026-08-11 17:30:09,523 [INFO] Capturing response: https://global.siteyaptim.live/s-sport/tracks-v1a1/2026/08/11/17/30/14-12920.jpg 200 
2026-08-11 17:30:09,781 [INFO] Capturing request: https://global.siteyaptim.live/s-sport/tracks-v1a1/2026/08/11/17/30/27-10000.jpg
2026-08-11 17:30:10,241 [INFO]   ✅ M3U8 bulundu: https://corestream.siteyaptim.live//s-sport/tracks-v1a1/mono.m3u8
2026-08-11 17:30:10,325 [INFO] Capturing response: https://global.siteyaptim.live/s-sport/tracks-v1a1/2026/08/11/17/30/27-10000.jpg 200 
2026-08-11 17:30:10,549 [INFO] Capturing request: https://global.siteyaptim.live/s-sport/tracks-v1a1/2026/08/11/17/30/37-10000.jpg
2026-08-11 17:30:11,241 [INFO] 
[9/14]
2026-08-11 17:30:11,241 [INFO] 🔍 S Sport 2 → https://www.atomsportv512.top/matches?id=s-sport-2
2026-08-11 17:30:11,351 [INFO] Capturing request: https://www.atomsportv512.top/matches?id=s-sport-2
2026-08-11 17:30:11,560 [INFO] Capturing response: https://global.siteyaptim.live/s-sport/tracks-v1a1/2026/08/11/17/30/37-10000.jpg 200 
2026-08-11 17:30:11,629 [INFO] Capturing response: https://www.atomsportv512.top/matches?id=s-sport-2 200 
2026-08-11 17:30:11,759 [INFO] Capturing request: https://teletv5.top/load/yayinlink.php?id=s-sport-2
2026-08-11 17:30:11,760 [INFO] Capturing request: https://www.atomsportv512.top/favicon.ico
2026-08-11 17:30:11,809 [INFO] Capturing response: https://www.atomsportv512.top/favicon.ico 200 
2026-08-11 17:30:11,917 [INFO] Capturing request: https://streamsport365.com/cinema
2026-08-11 17:30:11,975 [INFO] Capturing response: https://teletv5.top/load/yayinlink.php?id=s-sport-2 200 
2026-08-11 17:30:12,286 [INFO] Capturing response: https://streamsport365.com/cinema 200 
2026-08-11 17:30:12,396 [INFO] Capturing request: https://www.atomsportv512.top/assets/img/player/player_logo_6a72b29dbcd89.png
2026-08-11 17:30:12,406 [INFO] Capturing request: https://corestream.siteyaptim.live//s-sport2/tracks-v1a1/mono.m3u8
2026-08-11 17:30:12,536 [INFO] Capturing response: https://www.atomsportv512.top/assets/img/player/player_logo_6a72b29dbcd89.png 304 
2026-08-11 17:30:12,603 [INFO] Capturing response: https://corestream.siteyaptim.live//s-sport2/tracks-v1a1/mono.m3u8 200 
2026-08-11 17:30:12,712 [INFO] Capturing request: https://global.siteyaptim.live/s-sport2/tracks-v1a1/2026/08/11/17/30/48-10000.jpg
2026-08-11 17:30:13,349 [INFO] Capturing response: https://global.siteyaptim.live/s-sport2/tracks-v1a1/2026/08/11/17/30/48-10000.jpg 200 
2026-08-11 17:30:13,570 [INFO] Capturing request: https://global.siteyaptim.live/s-sport2/tracks-v1a1/2026/08/11/17/30/58-10000.jpg
2026-08-11 17:30:14,324 [INFO] Capturing response: https://global.siteyaptim.live/s-sport2/tracks-v1a1/2026/08/11/17/30/58-10000.jpg 200 
2026-08-11 17:30:14,595 [INFO] Capturing request: https://global.siteyaptim.live/s-sport2/tracks-v1a1/2026/08/11/17/31/08-10000.jpg
2026-08-11 17:30:14,675 [INFO]   ✅ M3U8 bulundu: https://corestream.siteyaptim.live//s-sport2/tracks-v1a1/mono.m3u8
2026-08-11 17:30:15,309 [INFO] Capturing response: https://global.siteyaptim.live/s-sport2/tracks-v1a1/2026/08/11/17/31/08-10000.jpg 200 
2026-08-11 17:30:15,675 [INFO] 
[10/14]
2026-08-11 17:30:15,675 [INFO] 🔍 A Spor → https://www.atomsportv512.top/matches?id=a-spor
2026-08-11 17:30:15,786 [INFO] Capturing request: https://www.atomsportv512.top/matches?id=a-spor
2026-08-11 17:30:16,061 [INFO] Capturing response: https://www.atomsportv512.top/matches?id=a-spor 200 
2026-08-11 17:30:16,091 [INFO] Capturing request: https://streamsport365.com/cinema
2026-08-11 17:30:16,188 [INFO] Capturing request: https://teletv5.top/load/yayinlink.php?id=a-spor
2026-08-11 17:30:16,193 [INFO] Capturing request: https://www.atomsportv512.top/favicon.ico
2026-08-11 17:30:16,256 [INFO] Capturing response: https://www.atomsportv512.top/favicon.ico 200 
2026-08-11 17:30:16,414 [INFO] Capturing response: https://teletv5.top/load/yayinlink.php?id=a-spor 200 
2026-08-11 17:30:16,457 [INFO] Capturing response: https://streamsport365.com/cinema 200 
2026-08-11 17:30:16,568 [INFO] Capturing request: https://www.atomsportv512.top/assets/img/player/player_logo_6a72b29dbcd89.png
2026-08-11 17:30:16,577 [INFO] Capturing request: https://corestream.siteyaptim.live//aspor/tracks-v1a1/mono.m3u8
2026-08-11 17:30:16,693 [INFO] Capturing response: https://www.atomsportv512.top/assets/img/player/player_logo_6a72b29dbcd89.png 304 
2026-08-11 17:30:16,775 [INFO] Capturing response: https://corestream.siteyaptim.live//aspor/tracks-v1a1/mono.m3u8 200 
2026-08-11 17:30:16,924 [INFO] Capturing request: https://global.siteyaptim.live/aspor/tracks-v1a1/2026/08/11/17/30/16-10000.jpg
2026-08-11 17:30:17,863 [INFO] Capturing response: https://global.siteyaptim.live/aspor/tracks-v1a1/2026/08/11/17/30/16-10000.jpg 200 
2026-08-11 17:30:18,181 [INFO] Capturing request: https://global.siteyaptim.live/aspor/tracks-v1a1/2026/08/11/17/30/26-10000.jpg
2026-08-11 17:30:19,121 [INFO]   ✅ M3U8 bulundu: https://corestream.siteyaptim.live//aspor/tracks-v1a1/mono.m3u8
2026-08-11 17:30:19,197 [INFO] Capturing response: https://global.siteyaptim.live/aspor/tracks-v1a1/2026/08/11/17/30/26-10000.jpg 200 
2026-08-11 17:30:19,508 [INFO] Capturing request: https://global.siteyaptim.live/aspor/tracks-v1a1/2026/08/11/17/30/36-10000.jpg
2026-08-11 17:30:20,121 [INFO] 
[11/14]
2026-08-11 17:30:20,121 [INFO] 🔍 Tivibu Spor 1 → https://www.atomsportv512.top/matches?id=tivibu-spor-1
2026-08-11 17:30:20,240 [INFO] Capturing request: https://www.atomsportv512.top/matches?id=tivibu-spor-1
2026-08-11 17:30:20,466 [INFO] Capturing response: https://global.siteyaptim.live/aspor/tracks-v1a1/2026/08/11/17/30/36-10000.jpg 200 
2026-08-11 17:30:20,520 [INFO] Capturing response: https://www.atomsportv512.top/matches?id=tivibu-spor-1 200 
2026-08-11 17:30:20,658 [INFO] Capturing request: https://teletv5.top/load/yayinlink.php?id=tivibu-spor-1
2026-08-11 17:30:20,664 [INFO] Capturing request: https://www.atomsportv512.top/favicon.ico
2026-08-11 17:30:20,717 [INFO] Capturing response: https://www.atomsportv512.top/favicon.ico 200 
2026-08-11 17:30:20,823 [INFO] Capturing request: https://streamsport365.com/cinema
2026-08-11 17:30:20,873 [INFO] Capturing response: https://teletv5.top/load/yayinlink.php?id=tivibu-spor-1 200 
2026-08-11 17:30:21,191 [INFO] Capturing response: https://streamsport365.com/cinema 200 
2026-08-11 17:30:34,697 [INFO] Capturing request: https://update.googleapis.com/service/update2/json?cup2key=16:Q26Hp448I_NgYbIGCtV9WyYkjmLwAWkcpIq3L9QgtWo&cup2hreq=3573dec4b0c6a597ff56510e148aaff63779b2e84bd1a29cb38e0d6a5110c4d0
2026-08-11 17:30:34,730 [INFO] Capturing response: https://update.googleapis.com/service/update2/json?cup2key=16:Q26Hp448I_NgYbIGCtV9WyYkjmLwAWkcpIq3L9QgtWo&cup2hreq=3573dec4b0c6a597ff56510e148aaff63779b2e84bd1a29cb38e0d6a5110c4d0 200 
2026-08-11 17:30:34,738 [INFO] Capturing request: http://edgedl.me.gvt1.com/edgedl/diffgen-puffin/gcmjkmgdlgnkkcocmoeiminaijmmjnii/6ca5bdb9f3e2cd83b7e359729bc6c33c4fe975ec499861d969b3e080320849ff
2026-08-11 17:30:34,764 [INFO] Capturing response: http://edgedl.me.gvt1.com/edgedl/diffgen-puffin/gcmjkmgdlgnkkcocmoeiminaijmmjnii/6ca5bdb9f3e2cd83b7e359729bc6c33c4fe975ec499861d969b3e080320849ff 200 OK
2026-08-11 17:30:34,791 [INFO] Capturing request: https://update.googleapis.com/service/update2/json
2026-08-11 17:30:34,820 [INFO] Capturing response: https://update.googleapis.com/service/update2/json 200 
2026-08-11 17:30:34,865 [INFO] Capturing request: http://edgedl.me.gvt1.com/edgedl/release2/chrome_component/prgsncwgp5bviq4iseqdipty4q_10708/hfnkpimlhhgieaddgfemjhofmfblmnib_10708_all_adjsjceqjuctupbhfwedg6dcny2q.crx3
2026-08-11 17:30:34,906 [INFO] Capturing response: http://edgedl.me.gvt1.com/edgedl/release2/chrome_component/prgsncwgp5bviq4iseqdipty4q_10708/hfnkpimlhhgieaddgfemjhofmfblmnib_10708_all_adjsjceqjuctupbhfwedg6dcny2q.crx3 200 OK
2026-08-11 17:30:34,933 [INFO] Capturing request: https://update.googleapis.com/service/update2/json
2026-08-11 17:30:34,954 [INFO] Capturing response: https://update.googleapis.com/service/update2/json 200 
2026-08-11 17:30:53,816 [WARNING]   ❌ Tivibu Spor 1 için M3U8 bulunamadı
2026-08-11 17:30:54,816 [INFO] 
[12/14]
2026-08-11 17:30:54,816 [INFO] 🔍 Tivibu Spor 2 → https://www.atomsportv512.top/matches?id=tivibu-spor-2
2026-08-11 17:30:54,965 [INFO] Capturing request: https://www.atomsportv512.top/matches?id=tivibu-spor-2
2026-08-11 17:30:55,352 [INFO] Capturing request: https://android.clients.google.com/c2dm/register3
2026-08-11 17:30:55,382 [INFO] Capturing response: https://android.clients.google.com/c2dm/register3 301 
2026-08-11 17:30:55,443 [INFO] Capturing response: https://www.atomsportv512.top/matches?id=tivibu-spor-2 200 
2026-08-11 17:30:55,609 [INFO] Capturing request: https://www.atomsportv512.top/favicon.ico
2026-08-11 17:30:55,650 [INFO] Capturing request: https://teletv5.top/load/yayinlink.php?id=tivibu-spor-2
2026-08-11 17:30:55,662 [INFO] Capturing response: https://www.atomsportv512.top/favicon.ico 200 
2026-08-11 17:30:55,872 [INFO] Capturing response: https://teletv5.top/load/yayinlink.php?id=tivibu-spor-2 200 
2026-08-11 17:30:56,210 [INFO] Capturing request: https://streamsport365.com/cinema
2026-08-11 17:30:56,569 [INFO] Capturing response: https://streamsport365.com/cinema 200 
2026-08-11 17:31:28,726 [WARNING]   ❌ Tivibu Spor 2 için M3U8 bulunamadı
2026-08-11 17:31:29,726 [INFO] 
[13/14]
2026-08-11 17:31:29,726 [INFO] 🔍 Tivibu Spor 3 → https://www.atomsportv512.top/matches?id=tivibu-spor-3
2026-08-11 17:31:29,835 [INFO] Capturing request: https://www.atomsportv512.top/matches?id=tivibu-spor-3
2026-08-11 17:31:30,383 [INFO] Capturing response: https://www.atomsportv512.top/matches?id=tivibu-spor-3 200 
2026-08-11 17:31:30,520 [INFO] Capturing request: https://teletv5.top/load/yayinlink.php?id=tivibu-spor-3
2026-08-11 17:31:30,523 [INFO] Capturing request: https://www.atomsportv512.top/favicon.ico
2026-08-11 17:31:30,574 [INFO] Capturing response: https://www.atomsportv512.top/favicon.ico 200 
2026-08-11 17:31:30,679 [INFO] Capturing request: https://streamsport365.com/cinema
2026-08-11 17:31:30,745 [INFO] Capturing response: https://teletv5.top/load/yayinlink.php?id=tivibu-spor-3 200 
2026-08-11 17:31:31,058 [INFO] Capturing response: https://streamsport365.com/cinema 200 
2026-08-11 17:32:03,638 [WARNING]   ❌ Tivibu Spor 3 için M3U8 bulunamadı
2026-08-11 17:32:04,638 [INFO] 
[14/14]
2026-08-11 17:32:04,638 [INFO] 🔍 Tivibu Spor 4 → https://www.atomsportv512.top/matches?id=tivibu-spor-4
2026-08-11 17:32:04,747 [INFO] Capturing request: https://www.atomsportv512.top/matches?id=tivibu-spor-4
2026-08-11 17:32:05,217 [INFO] Capturing response: https://www.atomsportv512.top/matches?id=tivibu-spor-4 200 
2026-08-11 17:32:05,349 [INFO] Capturing request: https://teletv5.top/load/yayinlink.php?id=tivibu-spor-4
2026-08-11 17:32:05,352 [INFO] Capturing request: https://www.atomsportv512.top/favicon.ico
2026-08-11 17:32:05,396 [INFO] Capturing response: https://www.atomsportv512.top/favicon.ico 200 
2026-08-11 17:32:05,508 [INFO] Capturing request: https://streamsport365.com/cinema
2026-08-11 17:32:05,571 [INFO] Capturing response: https://teletv5.top/load/yayinlink.php?id=tivibu-spor-4 200 
2026-08-11 17:32:05,872 [INFO] Capturing response: https://streamsport365.com/cinema 200 
2026-08-11 17:32:38,468 [WARNING]   ❌ Tivibu Spor 4 için M3U8 bulunamadı
2026-08-11 17:32:39,532 [INFO] ✅ 10 kanal bulundu, playlist.m3u kaydedildi
