2026-08-16 21:47:06,981 [INFO] 🌐 BASE_URL: https://www.atomsportv512.top
2026-08-16 21:47:08,004 [INFO] Başlanıyor... 14 kanal taranacak
2026-08-16 21:47:08,004 [INFO] Using default request storage
2026-08-16 21:47:08,009 [INFO] Created proxy listening on 127.0.0.1:45829
2026-08-16 21:47:08,673 [INFO] Capturing request: http://clients2.google.com/time/1/current?cup2key=10:aKl8emow-k9vjO1s1zRVPj7gcGyx5uUh0IxVazcgAgc&cup2hreq=e3b0c44298fc1c149afbf4c8996fb92427ae41e4649b934ca495991b7852b855
2026-08-16 21:47:08,724 [INFO] Capturing response: http://clients2.google.com/time/1/current?cup2key=10:aKl8emow-k9vjO1s1zRVPj7gcGyx5uUh0IxVazcgAgc&cup2hreq=e3b0c44298fc1c149afbf4c8996fb92427ae41e4649b934ca495991b7852b855 200 OK
2026-08-16 21:47:08,969 [INFO] 
[1/14]
2026-08-16 21:47:08,969 [INFO] 🔍 beIN Sports 1 → https://www.atomsportv512.top/matches?id=bein-sports-1
2026-08-16 21:47:09,079 [INFO] Capturing request: https://accounts.google.com/ListAccounts?gpsia=1&source=ChromiumBrowser&json=standard&laf=b64bin
2026-08-16 21:47:09,084 [INFO] Capturing request: https://update.googleapis.com/service/update2/json?cup2key=16:s7OuffMN1QqkbA_iu2yTubJuPhjO61oME3s_gJV9-PM&cup2hreq=0e4faf32e301e0c60d47eccfea0fc87d3b4be2362bf9c1a3ae02106908c17906
2026-08-16 21:47:09,135 [INFO] Capturing response: https://update.googleapis.com/service/update2/json?cup2key=16:s7OuffMN1QqkbA_iu2yTubJuPhjO61oME3s_gJV9-PM&cup2hreq=0e4faf32e301e0c60d47eccfea0fc87d3b4be2362bf9c1a3ae02106908c17906 200 
2026-08-16 21:47:09,138 [INFO] Capturing response: https://accounts.google.com/ListAccounts?gpsia=1&source=ChromiumBrowser&json=standard&laf=b64bin 200 
2026-08-16 21:47:09,182 [INFO] Capturing request: https://update.googleapis.com/service/update2/json?cup2key=16:kv5l1S609F9kzNeuv5spnORfMo9-_SH2FZQ6yzXFSnQ&cup2hreq=caf1fc8ee238bf967f72e521580cb6a98b66942d99e8d5fb65109ead246cee78
2026-08-16 21:47:09,185 [INFO] Capturing request: https://www.google.com/async/folae?async=_fmt:pb&udm=50&client_locale=en-US&client_country=ZZ
2026-08-16 21:47:09,189 [INFO] Capturing request: https://www.atomsportv512.top/matches?id=bein-sports-1
2026-08-16 21:47:09,209 [INFO] Capturing response: https://update.googleapis.com/service/update2/json?cup2key=16:kv5l1S609F9kzNeuv5spnORfMo9-_SH2FZQ6yzXFSnQ&cup2hreq=caf1fc8ee238bf967f72e521580cb6a98b66942d99e8d5fb65109ead246cee78 200 
2026-08-16 21:47:09,218 [INFO] Capturing response: https://www.google.com/async/folae?async=_fmt:pb&udm=50&client_locale=en-US&client_country=ZZ 200 
2026-08-16 21:47:09,255 [INFO] Capturing request: https://update.googleapis.com/service/update2/json?cup2key=16:NBqQewi0AwblDP4UJWQ-VNxiSkb0wfe2sthSPReU1wY&cup2hreq=a2f2b1f8e33cefaec5de783ca153285412f23761d7e3b4151248057ed3d964ea
2026-08-16 21:47:09,281 [INFO] Capturing response: https://update.googleapis.com/service/update2/json?cup2key=16:NBqQewi0AwblDP4UJWQ-VNxiSkb0wfe2sthSPReU1wY&cup2hreq=a2f2b1f8e33cefaec5de783ca153285412f23761d7e3b4151248057ed3d964ea 200 
2026-08-16 21:47:09,386 [INFO] Capturing request: https://www.google.com/async/folae?async=_fmt:pb&udm=50&client_locale=en-US&client_country=ZZ
2026-08-16 21:47:09,417 [INFO] Capturing response: https://www.google.com/async/folae?async=_fmt:pb&udm=50&client_locale=en-US&client_country=ZZ 200 
2026-08-16 21:47:09,679 [INFO] Capturing response: https://www.atomsportv512.top/matches?id=bein-sports-1 200 
2026-08-16 21:47:09,897 [INFO] Capturing request: https://cdn.jsdelivr.net/npm/@clappr/player@0.11.16/dist/clappr.min.js
2026-08-16 21:47:09,902 [INFO] Capturing request: https://cdn.jsdelivr.net/npm/level-selector/dist/level-selector.min.js
2026-08-16 21:47:09,904 [INFO] Capturing request: https://cdn.jsdelivr.net/npm/@clappr/hlsjs-playback@1.8.3/dist/hlsjs-playback.min.js
2026-08-16 21:47:09,923 [INFO] Capturing response: https://cdn.jsdelivr.net/npm/level-selector/dist/level-selector.min.js 200 
2026-08-16 21:47:09,943 [INFO] Capturing response: https://cdn.jsdelivr.net/npm/@clappr/player@0.11.16/dist/clappr.min.js 200 
2026-08-16 21:47:09,953 [INFO] Capturing response: https://cdn.jsdelivr.net/npm/@clappr/hlsjs-playback@1.8.3/dist/hlsjs-playback.min.js 200 
2026-08-16 21:47:10,166 [INFO] Capturing request: https://www.atomsportv512.top/favicon.ico
2026-08-16 21:47:10,207 [INFO] Capturing response: https://www.atomsportv512.top/favicon.ico 200 
2026-08-16 21:47:10,242 [INFO] Capturing request: https://teletv5.top/load/yayinlink.php?id=bein-sports-1
2026-08-16 21:47:10,563 [INFO] Capturing response: https://teletv5.top/load/yayinlink.php?id=bein-sports-1 200 
2026-08-16 21:47:10,691 [INFO] Capturing request: https://streamsport365.com/cinema
2026-08-16 21:47:10,960 [INFO] Capturing response: https://streamsport365.com/cinema 200 
2026-08-16 21:47:11,090 [INFO] Capturing request: https://www.atomsportv512.top/assets/img/player/player_logo_6a72b29dbcd89.png
2026-08-16 21:47:11,133 [INFO] Capturing response: https://www.atomsportv512.top/assets/img/player/player_logo_6a72b29dbcd89.png 200 
2026-08-16 21:47:11,164 [INFO] Capturing request: https://corestream.siteyaptim.live//beintv/tracks-v1a1/mono.m3u8
2026-08-16 21:47:11,327 [INFO] Capturing response: https://corestream.siteyaptim.live//beintv/tracks-v1a1/mono.m3u8 200 
2026-08-16 21:47:11,554 [INFO] Capturing request: https://global.siteyaptim.live/beintv/tracks-v1a1/2026/08/16/21/46/34-10000.jpg
2026-08-16 21:47:11,931 [INFO] Capturing response: https://global.siteyaptim.live/beintv/tracks-v1a1/2026/08/16/21/46/34-10000.jpg 200 
2026-08-16 21:47:12,131 [INFO] Capturing request: https://android.clients.google.com/checkin
2026-08-16 21:47:12,220 [INFO] Capturing response: https://android.clients.google.com/checkin 200 
2026-08-16 21:47:12,221 [INFO] Capturing request: https://global.siteyaptim.live/beintv/tracks-v1a1/2026/08/16/21/46/44-10000.jpg
2026-08-16 21:47:12,274 [INFO] Capturing request: https://android.clients.google.com/c2dm/register3
2026-08-16 21:47:12,274 [INFO] Capturing request: https://android.clients.google.com/c2dm/register3
2026-08-16 21:47:12,276 [INFO] Capturing request: https://android.clients.google.com/c2dm/register3
2026-08-16 21:47:12,385 [INFO] Capturing response: https://android.clients.google.com/c2dm/register3 200 
2026-08-16 21:47:12,396 [INFO] Capturing response: https://android.clients.google.com/c2dm/register3 200 
2026-08-16 21:47:12,402 [INFO] Capturing response: https://android.clients.google.com/c2dm/register3 200 
2026-08-16 21:47:12,619 [INFO] Capturing response: https://global.siteyaptim.live/beintv/tracks-v1a1/2026/08/16/21/46/44-10000.jpg 200 
2026-08-16 21:47:12,839 [INFO] Capturing request: https://global.siteyaptim.live/beintv/tracks-v1a1/2026/08/16/21/46/54-10000.jpg
2026-08-16 21:47:13,148 [INFO]   ✅ M3U8 bulundu: https://corestream.siteyaptim.live//beintv/tracks-v1a1/mono.m3u8
2026-08-16 21:47:13,251 [INFO] Capturing response: https://global.siteyaptim.live/beintv/tracks-v1a1/2026/08/16/21/46/54-10000.jpg 200 
2026-08-16 21:47:14,148 [INFO] 
[2/14]
2026-08-16 21:47:14,149 [INFO] 🔍 beIN Sports 2 → https://www.atomsportv512.top/matches?id=bein-sports-2
2026-08-16 21:47:14,267 [INFO] Capturing request: https://www.atomsportv512.top/matches?id=bein-sports-2
2026-08-16 21:47:14,460 [INFO] Capturing response: https://www.atomsportv512.top/matches?id=bein-sports-2 200 
2026-08-16 21:47:14,513 [INFO] Capturing request: https://streamsport365.com/cinema
2026-08-16 21:47:14,612 [INFO] Capturing request: https://www.atomsportv512.top/favicon.ico
2026-08-16 21:47:14,616 [INFO] Capturing request: https://teletv5.top/load/yayinlink.php?id=bein-sports-2
2026-08-16 21:47:14,647 [INFO] Capturing response: https://www.atomsportv512.top/favicon.ico 200 
2026-08-16 21:47:14,782 [INFO] Capturing response: https://teletv5.top/load/yayinlink.php?id=bein-sports-2 200 
2026-08-16 21:47:14,790 [INFO] Capturing response: https://streamsport365.com/cinema 200 
2026-08-16 21:47:14,901 [INFO] Capturing request: https://www.atomsportv512.top/assets/img/player/player_logo_6a72b29dbcd89.png
2026-08-16 21:47:14,912 [INFO] Capturing request: https://corestream.siteyaptim.live//bein2/tracks-v1a1/mono.m3u8
2026-08-16 21:47:15,019 [INFO] Capturing response: https://www.atomsportv512.top/assets/img/player/player_logo_6a72b29dbcd89.png 304 
2026-08-16 21:47:15,049 [INFO] Capturing response: https://corestream.siteyaptim.live//bein2/tracks-v1a1/mono.m3u8 200 
2026-08-16 21:47:15,158 [INFO] Capturing request: https://global.siteyaptim.live/bein2/tracks-v1a1/2026/08/16/21/46/43-10000.jpg
2026-08-16 21:47:15,551 [INFO] Capturing response: https://global.siteyaptim.live/bein2/tracks-v1a1/2026/08/16/21/46/43-10000.jpg 200 
2026-08-16 21:47:15,769 [INFO] Capturing request: https://global.siteyaptim.live/bein2/tracks-v1a1/2026/08/16/21/46/53-10000.jpg
2026-08-16 21:47:16,243 [INFO] Capturing response: https://global.siteyaptim.live/bein2/tracks-v1a1/2026/08/16/21/46/53-10000.jpg 200 
2026-08-16 21:47:16,470 [INFO] Capturing request: https://global.siteyaptim.live/bein2/tracks-v1a1/2026/08/16/21/47/03-10000.jpg
2026-08-16 21:47:17,054 [INFO] Capturing response: https://global.siteyaptim.live/bein2/tracks-v1a1/2026/08/16/21/47/03-10000.jpg 200 
2026-08-16 21:47:17,534 [INFO]   ✅ M3U8 bulundu: https://corestream.siteyaptim.live//bein2/tracks-v1a1/mono.m3u8
2026-08-16 21:47:18,535 [INFO] 
[3/14]
2026-08-16 21:47:18,535 [INFO] 🔍 beIN Sports 3 → https://www.atomsportv512.top/matches?id=bein-sports-3
2026-08-16 21:47:18,646 [INFO] Capturing request: https://www.atomsportv512.top/matches?id=bein-sports-3
2026-08-16 21:47:18,841 [INFO] Capturing response: https://www.atomsportv512.top/matches?id=bein-sports-3 200 
2026-08-16 21:47:18,970 [INFO] Capturing request: https://teletv5.top/load/yayinlink.php?id=bein-sports-3
2026-08-16 21:47:18,972 [INFO] Capturing request: https://www.atomsportv512.top/favicon.ico
2026-08-16 21:47:19,003 [INFO] Capturing response: https://www.atomsportv512.top/favicon.ico 200 
2026-08-16 21:47:19,081 [INFO] Capturing request: https://streamsport365.com/cinema
2026-08-16 21:47:19,133 [INFO] Capturing response: https://teletv5.top/load/yayinlink.php?id=bein-sports-3 200 
2026-08-16 21:47:19,353 [INFO] Capturing response: https://streamsport365.com/cinema 200 
2026-08-16 21:47:19,463 [INFO] Capturing request: https://www.atomsportv512.top/assets/img/player/player_logo_6a72b29dbcd89.png
2026-08-16 21:47:19,473 [INFO] Capturing request: https://corestream.siteyaptim.live//bein3/tracks-v1a1/mono.m3u8
2026-08-16 21:47:19,579 [INFO] Capturing response: https://www.atomsportv512.top/assets/img/player/player_logo_6a72b29dbcd89.png 304 
2026-08-16 21:47:19,608 [INFO] Capturing response: https://corestream.siteyaptim.live//bein3/tracks-v1a1/mono.m3u8 200 
2026-08-16 21:47:19,718 [INFO] Capturing request: https://global.siteyaptim.live/bein3/tracks-v1a1/2026/08/16/21/46/47-10000.jpg
2026-08-16 21:47:20,197 [INFO] Capturing response: https://global.siteyaptim.live/bein3/tracks-v1a1/2026/08/16/21/46/47-10000.jpg 200 
2026-08-16 21:47:20,394 [INFO] Capturing request: https://global.siteyaptim.live/bein3/tracks-v1a1/2026/08/16/21/46/57-10000.jpg
2026-08-16 21:47:20,733 [INFO] Capturing response: https://global.siteyaptim.live/bein3/tracks-v1a1/2026/08/16/21/46/57-10000.jpg 200 
2026-08-16 21:47:20,973 [INFO] Capturing request: https://global.siteyaptim.live/bein3/tracks-v1a1/2026/08/16/21/47/07-10000.jpg
2026-08-16 21:47:21,353 [INFO] Capturing response: https://global.siteyaptim.live/bein3/tracks-v1a1/2026/08/16/21/47/07-10000.jpg 200 
2026-08-16 21:47:21,891 [INFO]   ✅ M3U8 bulundu: https://corestream.siteyaptim.live//bein3/tracks-v1a1/mono.m3u8
2026-08-16 21:47:22,892 [INFO] 
[4/14]
2026-08-16 21:47:22,893 [INFO] 🔍 beIN Sports 4 → https://www.atomsportv512.top/matches?id=bein-sports-4
2026-08-16 21:47:23,002 [INFO] Capturing request: https://www.atomsportv512.top/matches?id=bein-sports-4
2026-08-16 21:47:23,202 [INFO] Capturing response: https://www.atomsportv512.top/matches?id=bein-sports-4 200 
2026-08-16 21:47:23,237 [INFO] Capturing request: https://streamsport365.com/cinema
2026-08-16 21:47:23,336 [INFO] Capturing request: https://teletv5.top/load/yayinlink.php?id=bein-sports-4
2026-08-16 21:47:23,338 [INFO] Capturing request: https://www.atomsportv512.top/favicon.ico
2026-08-16 21:47:23,367 [INFO] Capturing response: https://www.atomsportv512.top/favicon.ico 200 
2026-08-16 21:47:23,500 [INFO] Capturing response: https://teletv5.top/load/yayinlink.php?id=bein-sports-4 200 
2026-08-16 21:47:23,507 [INFO] Capturing response: https://streamsport365.com/cinema 200 
2026-08-16 21:47:23,650 [INFO] Capturing request: https://www.atomsportv512.top/assets/img/player/player_logo_6a72b29dbcd89.png
2026-08-16 21:47:23,661 [INFO] Capturing request: https://corestream.siteyaptim.live//bein4/tracks-v1a1/mono.m3u8
2026-08-16 21:47:23,765 [INFO] Capturing response: https://www.atomsportv512.top/assets/img/player/player_logo_6a72b29dbcd89.png 304 
2026-08-16 21:47:23,798 [INFO] Capturing response: https://corestream.siteyaptim.live//bein4/tracks-v1a1/mono.m3u8 200 
2026-08-16 21:47:23,947 [INFO] Capturing request: https://global.siteyaptim.live/bein4/tracks-v1a1/2026/08/16/21/46/58-10000.jpg
2026-08-16 21:47:24,335 [INFO] Capturing response: https://global.siteyaptim.live/bein4/tracks-v1a1/2026/08/16/21/46/58-10000.jpg 200 
2026-08-16 21:47:24,581 [INFO] Capturing request: https://global.siteyaptim.live/bein4/tracks-v1a1/2026/08/16/21/47/08-10000.jpg
2026-08-16 21:47:24,933 [INFO] Capturing response: https://global.siteyaptim.live/bein4/tracks-v1a1/2026/08/16/21/47/08-10000.jpg 200 
2026-08-16 21:47:25,169 [INFO] Capturing request: https://global.siteyaptim.live/bein4/tracks-v1a1/2026/08/16/21/47/18-10000.jpg
2026-08-16 21:47:25,583 [INFO] Capturing response: https://global.siteyaptim.live/bein4/tracks-v1a1/2026/08/16/21/47/18-10000.jpg 200 
2026-08-16 21:47:26,257 [INFO]   ✅ M3U8 bulundu: https://corestream.siteyaptim.live//bein4/tracks-v1a1/mono.m3u8
2026-08-16 21:47:27,258 [INFO] 
[5/14]
2026-08-16 21:47:27,258 [INFO] 🔍 beIN Sports 5 → https://www.atomsportv512.top/matches?id=bein-sports-5
2026-08-16 21:47:27,368 [INFO] Capturing request: https://www.atomsportv512.top/matches?id=bein-sports-5
2026-08-16 21:47:27,564 [INFO] Capturing response: https://www.atomsportv512.top/matches?id=bein-sports-5 200 
2026-08-16 21:47:27,692 [INFO] Capturing request: https://teletv5.top/load/yayinlink.php?id=bein-sports-5
2026-08-16 21:47:27,694 [INFO] Capturing request: https://www.atomsportv512.top/favicon.ico
2026-08-16 21:47:27,727 [INFO] Capturing response: https://www.atomsportv512.top/favicon.ico 200 
2026-08-16 21:47:27,804 [INFO] Capturing request: https://streamsport365.com/cinema
2026-08-16 21:47:27,868 [INFO] Capturing response: https://teletv5.top/load/yayinlink.php?id=bein-sports-5 200 
2026-08-16 21:47:28,080 [INFO] Capturing response: https://streamsport365.com/cinema 200 
2026-08-16 21:47:28,191 [INFO] Capturing request: https://www.atomsportv512.top/assets/img/player/player_logo_6a72b29dbcd89.png
2026-08-16 21:47:28,200 [INFO] Capturing request: https://corestream.siteyaptim.live//bein5/tracks-v1a1/mono.m3u8
2026-08-16 21:47:28,310 [INFO] Capturing response: https://www.atomsportv512.top/assets/img/player/player_logo_6a72b29dbcd89.png 304 
2026-08-16 21:47:28,340 [INFO] Capturing response: https://corestream.siteyaptim.live//bein5/tracks-v1a1/mono.m3u8 200 
2026-08-16 21:47:28,449 [INFO] Capturing request: https://global.siteyaptim.live/bein5/tracks-v1a1/2026/08/16/21/48/21-10000.jpg
2026-08-16 21:47:28,924 [INFO] Capturing response: https://global.siteyaptim.live/bein5/tracks-v1a1/2026/08/16/21/48/21-10000.jpg 200 
2026-08-16 21:47:29,205 [INFO] Capturing request: https://global.siteyaptim.live/bein5/tracks-v1a1/2026/08/16/21/48/31-10000.jpg
2026-08-16 21:47:29,830 [INFO] Capturing response: https://global.siteyaptim.live/bein5/tracks-v1a1/2026/08/16/21/48/31-10000.jpg 200 
2026-08-16 21:47:30,111 [INFO] Capturing request: https://global.siteyaptim.live/bein5/tracks-v1a1/2026/08/16/21/48/41-10000.jpg
2026-08-16 21:47:30,615 [INFO]   ✅ M3U8 bulundu: https://corestream.siteyaptim.live//bein5/tracks-v1a1/mono.m3u8
2026-08-16 21:47:31,138 [INFO] Capturing response: https://global.siteyaptim.live/bein5/tracks-v1a1/2026/08/16/21/48/41-10000.jpg 200 
2026-08-16 21:47:31,615 [INFO] 
[6/14]
2026-08-16 21:47:31,615 [INFO] 🔍 beIN Sports Max 1 → https://www.atomsportv512.top/matches?id=bein-sports-max-1
2026-08-16 21:47:31,726 [INFO] Capturing request: https://www.atomsportv512.top/matches?id=bein-sports-max-1
2026-08-16 21:47:31,924 [INFO] Capturing response: https://www.atomsportv512.top/matches?id=bein-sports-max-1 200 
2026-08-16 21:47:31,958 [INFO] Capturing request: https://streamsport365.com/cinema
2026-08-16 21:47:32,059 [INFO] Capturing request: https://teletv5.top/load/yayinlink.php?id=bein-sports-max-1
2026-08-16 21:47:32,060 [INFO] Capturing request: https://www.atomsportv512.top/favicon.ico
2026-08-16 21:47:32,090 [INFO] Capturing response: https://www.atomsportv512.top/favicon.ico 200 
2026-08-16 21:47:32,232 [INFO] Capturing response: https://streamsport365.com/cinema 200 
2026-08-16 21:47:32,331 [INFO] Capturing response: https://teletv5.top/load/yayinlink.php?id=bein-sports-max-1 200 
2026-08-16 21:47:32,483 [INFO] Capturing request: https://www.atomsportv512.top/assets/img/player/player_logo_6a72b29dbcd89.png
2026-08-16 21:47:32,493 [INFO] Capturing request: https://corestream.siteyaptim.live//beinmax1/tracks-v1a1/mono.m3u8
2026-08-16 21:47:32,625 [INFO] Capturing response: https://www.atomsportv512.top/assets/img/player/player_logo_6a72b29dbcd89.png 304 
2026-08-16 21:47:32,641 [INFO] Capturing response: https://corestream.siteyaptim.live//beinmax1/tracks-v1a1/mono.m3u8 200 
2026-08-16 21:47:32,792 [INFO] Capturing request: https://global.siteyaptim.live/beinmax1/tracks-v1a1/2026/08/16/21/47/33-06000.jpg
2026-08-16 21:47:33,473 [INFO] Capturing response: https://global.siteyaptim.live/beinmax1/tracks-v1a1/2026/08/16/21/47/33-06000.jpg 200 
2026-08-16 21:47:33,681 [INFO] Capturing request: https://global.siteyaptim.live/beinmax1/tracks-v1a1/2026/08/16/21/47/39-06000.jpg
2026-08-16 21:47:34,047 [INFO] Capturing response: https://global.siteyaptim.live/beinmax1/tracks-v1a1/2026/08/16/21/47/39-06000.jpg 200 
2026-08-16 21:47:34,275 [INFO] Capturing request: https://global.siteyaptim.live/beinmax1/tracks-v1a1/2026/08/16/21/47/45-06000.jpg
2026-08-16 21:47:34,628 [INFO] Capturing response: https://global.siteyaptim.live/beinmax1/tracks-v1a1/2026/08/16/21/47/45-06000.jpg 200 
2026-08-16 21:47:34,984 [INFO]   ✅ M3U8 bulundu: https://corestream.siteyaptim.live//beinmax1/tracks-v1a1/mono.m3u8
2026-08-16 21:47:35,985 [INFO] 
[7/14]
2026-08-16 21:47:35,985 [INFO] 🔍 beIN Sports Max 2 → https://www.atomsportv512.top/matches?id=bein-sports-max-2
2026-08-16 21:47:36,096 [INFO] Capturing request: https://www.atomsportv512.top/matches?id=bein-sports-max-2
2026-08-16 21:47:36,295 [INFO] Capturing response: https://www.atomsportv512.top/matches?id=bein-sports-max-2 200 
2026-08-16 21:47:36,423 [INFO] Capturing request: https://teletv5.top/load/yayinlink.php?id=bein-sports-max-2
2026-08-16 21:47:36,427 [INFO] Capturing request: https://www.atomsportv512.top/favicon.ico
2026-08-16 21:47:36,467 [INFO] Capturing response: https://www.atomsportv512.top/favicon.ico 200 
2026-08-16 21:47:36,537 [INFO] Capturing request: https://streamsport365.com/cinema
2026-08-16 21:47:36,582 [INFO] Capturing request: https://android.clients.google.com/c2dm/register3
2026-08-16 21:47:36,591 [INFO] Capturing response: https://teletv5.top/load/yayinlink.php?id=bein-sports-max-2 200 
2026-08-16 21:47:36,614 [INFO] Capturing response: https://android.clients.google.com/c2dm/register3 301 
2026-08-16 21:47:36,812 [INFO] Capturing response: https://streamsport365.com/cinema 200 
2026-08-16 21:47:36,923 [INFO] Capturing request: https://www.atomsportv512.top/assets/img/player/player_logo_6a72b29dbcd89.png
2026-08-16 21:47:36,932 [INFO] Capturing request: https://corestream.siteyaptim.live//trt-spor/tracks-v1a1/mono.m3u8
2026-08-16 21:47:37,056 [INFO] Capturing response: https://www.atomsportv512.top/assets/img/player/player_logo_6a72b29dbcd89.png 304 
2026-08-16 21:47:37,069 [INFO] Capturing response: https://corestream.siteyaptim.live//trt-spor/tracks-v1a1/mono.m3u8 200 
2026-08-16 21:47:37,179 [INFO] Capturing request: https://global.siteyaptim.live/trt-spor/tracks-v1a1/2026/08/16/21/47/35-10000.jpg
2026-08-16 21:47:37,696 [INFO] Capturing response: https://global.siteyaptim.live/trt-spor/tracks-v1a1/2026/08/16/21/47/35-10000.jpg 200 
2026-08-16 21:47:38,004 [INFO] Capturing request: https://global.siteyaptim.live/trt-spor/tracks-v1a1/2026/08/16/21/47/45-10000.jpg
2026-08-16 21:47:38,538 [INFO] Capturing response: https://global.siteyaptim.live/trt-spor/tracks-v1a1/2026/08/16/21/47/45-10000.jpg 200 
2026-08-16 21:47:38,841 [INFO] Capturing request: https://global.siteyaptim.live/trt-spor/tracks-v1a1/2026/08/16/21/47/55-10000.jpg
2026-08-16 21:47:39,002 [INFO] Capturing request: https://android.clients.google.com/c2dm/register3
2026-08-16 21:47:39,374 [INFO]   ✅ M3U8 bulundu: https://corestream.siteyaptim.live//trt-spor/tracks-v1a1/mono.m3u8
2026-08-16 21:47:39,377 [INFO] Capturing response: https://global.siteyaptim.live/trt-spor/tracks-v1a1/2026/08/16/21/47/55-10000.jpg 200 
2026-08-16 21:47:39,568 [INFO] Capturing response: https://android.clients.google.com/c2dm/register3 200 
2026-08-16 21:47:39,746 [INFO] Capturing request: https://android.clients.google.com/c2dm/register3
2026-08-16 21:47:40,130 [INFO] Capturing response: https://android.clients.google.com/c2dm/register3 200 
2026-08-16 21:47:40,375 [INFO] 
[8/14]
2026-08-16 21:47:40,375 [INFO] 🔍 S Sport → https://www.atomsportv512.top/matches?id=s-sport
2026-08-16 21:47:40,486 [INFO] Capturing request: https://www.atomsportv512.top/matches?id=s-sport
2026-08-16 21:47:41,617 [INFO] Capturing response: https://www.atomsportv512.top/matches?id=s-sport 200 
2026-08-16 21:47:41,748 [INFO] Capturing request: https://teletv5.top/load/yayinlink.php?id=s-sport
2026-08-16 21:47:41,753 [INFO] Capturing request: https://www.atomsportv512.top/favicon.ico
2026-08-16 21:47:41,784 [INFO] Capturing response: https://www.atomsportv512.top/favicon.ico 200 
2026-08-16 21:47:41,862 [INFO] Capturing request: https://streamsport365.com/cinema
2026-08-16 21:47:41,917 [INFO] Capturing response: https://teletv5.top/load/yayinlink.php?id=s-sport 200 
2026-08-16 21:47:42,130 [INFO] Capturing response: https://streamsport365.com/cinema 200 
2026-08-16 21:47:42,242 [INFO] Capturing request: https://www.atomsportv512.top/assets/img/player/player_logo_6a72b29dbcd89.png
2026-08-16 21:47:42,254 [INFO] Capturing request: https://corestream.siteyaptim.live//s-sport/tracks-v1a1/mono.m3u8
2026-08-16 21:47:42,359 [INFO] Capturing response: https://www.atomsportv512.top/assets/img/player/player_logo_6a72b29dbcd89.png 304 
2026-08-16 21:47:42,395 [INFO] Capturing response: https://corestream.siteyaptim.live//s-sport/tracks-v1a1/mono.m3u8 200 
2026-08-16 21:47:42,546 [INFO] Capturing request: https://global.siteyaptim.live/s-sport/tracks-v1a1/2026/08/16/21/47/11-10000.jpg
2026-08-16 21:47:42,915 [INFO] Capturing response: https://global.siteyaptim.live/s-sport/tracks-v1a1/2026/08/16/21/47/11-10000.jpg 200 
2026-08-16 21:47:43,199 [INFO] Capturing request: https://global.siteyaptim.live/s-sport/tracks-v1a1/2026/08/16/21/47/21-10000.jpg
2026-08-16 21:47:43,559 [INFO] Capturing response: https://global.siteyaptim.live/s-sport/tracks-v1a1/2026/08/16/21/47/21-10000.jpg 200 
2026-08-16 21:47:43,838 [INFO] Capturing request: https://global.siteyaptim.live/s-sport/tracks-v1a1/2026/08/16/21/47/31-10000.jpg
2026-08-16 21:47:44,330 [INFO] Capturing response: https://global.siteyaptim.live/s-sport/tracks-v1a1/2026/08/16/21/47/31-10000.jpg 200 
2026-08-16 21:47:44,676 [INFO]   ✅ M3U8 bulundu: https://corestream.siteyaptim.live//s-sport/tracks-v1a1/mono.m3u8
2026-08-16 21:47:45,677 [INFO] 
[9/14]
2026-08-16 21:47:45,678 [INFO] 🔍 S Sport 2 → https://www.atomsportv512.top/matches?id=s-sport-2
2026-08-16 21:47:45,789 [INFO] Capturing request: https://www.atomsportv512.top/matches?id=s-sport-2
2026-08-16 21:47:45,986 [INFO] Capturing response: https://www.atomsportv512.top/matches?id=s-sport-2 200 
2026-08-16 21:47:46,025 [INFO] Capturing request: https://streamsport365.com/cinema
2026-08-16 21:47:46,126 [INFO] Capturing request: https://www.atomsportv512.top/favicon.ico
2026-08-16 21:47:46,127 [INFO] Capturing request: https://teletv5.top/load/yayinlink.php?id=s-sport-2
2026-08-16 21:47:46,160 [INFO] Capturing response: https://www.atomsportv512.top/favicon.ico 200 
2026-08-16 21:47:46,293 [INFO] Capturing response: https://teletv5.top/load/yayinlink.php?id=s-sport-2 200 
2026-08-16 21:47:46,298 [INFO] Capturing response: https://streamsport365.com/cinema 200 
2026-08-16 21:47:46,446 [INFO] Capturing request: https://www.atomsportv512.top/assets/img/player/player_logo_6a72b29dbcd89.png
2026-08-16 21:47:46,457 [INFO] Capturing request: https://corestream.siteyaptim.live//s-sport2/tracks-v1a1/mono.m3u8
2026-08-16 21:47:46,563 [INFO] Capturing response: https://www.atomsportv512.top/assets/img/player/player_logo_6a72b29dbcd89.png 304 
2026-08-16 21:47:46,606 [INFO] Capturing response: https://corestream.siteyaptim.live//s-sport2/tracks-v1a1/mono.m3u8 200 
2026-08-16 21:47:46,756 [INFO] Capturing request: https://global.siteyaptim.live/s-sport2/tracks-v1a1/2026/08/16/21/47/39-10000.jpg
2026-08-16 21:47:47,410 [INFO] Capturing response: https://global.siteyaptim.live/s-sport2/tracks-v1a1/2026/08/16/21/47/39-10000.jpg 200 
2026-08-16 21:47:47,708 [INFO] Capturing request: https://global.siteyaptim.live/s-sport2/tracks-v1a1/2026/08/16/21/47/49-10000.jpg
2026-08-16 21:47:48,312 [INFO] Capturing response: https://global.siteyaptim.live/s-sport2/tracks-v1a1/2026/08/16/21/47/49-10000.jpg 200 
2026-08-16 21:47:48,592 [INFO] Capturing request: https://global.siteyaptim.live/s-sport2/tracks-v1a1/2026/08/16/21/47/59-10000.jpg
2026-08-16 21:47:49,063 [INFO]   ✅ M3U8 bulundu: https://corestream.siteyaptim.live//s-sport2/tracks-v1a1/mono.m3u8
2026-08-16 21:47:49,169 [INFO] Capturing response: https://global.siteyaptim.live/s-sport2/tracks-v1a1/2026/08/16/21/47/59-10000.jpg 200 
2026-08-16 21:47:50,064 [INFO] 
[10/14]
2026-08-16 21:47:50,064 [INFO] 🔍 A Spor → https://www.atomsportv512.top/matches?id=a-spor
2026-08-16 21:47:50,174 [INFO] Capturing request: https://www.atomsportv512.top/matches?id=a-spor
2026-08-16 21:47:50,369 [INFO] Capturing response: https://www.atomsportv512.top/matches?id=a-spor 200 
2026-08-16 21:47:50,502 [INFO] Capturing request: https://www.atomsportv512.top/favicon.ico
2026-08-16 21:47:50,503 [INFO] Capturing request: https://teletv5.top/load/yayinlink.php?id=a-spor
2026-08-16 21:47:50,534 [INFO] Capturing response: https://www.atomsportv512.top/favicon.ico 200 
2026-08-16 21:47:50,615 [INFO] Capturing request: https://streamsport365.com/cinema
2026-08-16 21:47:50,670 [INFO] Capturing response: https://teletv5.top/load/yayinlink.php?id=a-spor 200 
2026-08-16 21:47:50,888 [INFO] Capturing response: https://streamsport365.com/cinema 200 
2026-08-16 21:47:50,998 [INFO] Capturing request: https://www.atomsportv512.top/assets/img/player/player_logo_6a72b29dbcd89.png
2026-08-16 21:47:51,007 [INFO] Capturing request: https://corestream.siteyaptim.live//aspor/tracks-v1a1/mono.m3u8
2026-08-16 21:47:51,114 [INFO] Capturing response: https://www.atomsportv512.top/assets/img/player/player_logo_6a72b29dbcd89.png 304 
2026-08-16 21:47:51,155 [INFO] Capturing response: https://corestream.siteyaptim.live//aspor/tracks-v1a1/mono.m3u8 200 
2026-08-16 21:47:51,264 [INFO] Capturing request: https://global.siteyaptim.live/aspor/tracks-v1a1/2026/08/16/21/47/38-10000.jpg
2026-08-16 21:47:52,003 [INFO] Capturing response: https://global.siteyaptim.live/aspor/tracks-v1a1/2026/08/16/21/47/38-10000.jpg 200 
2026-08-16 21:47:52,361 [INFO] Capturing request: https://global.siteyaptim.live/aspor/tracks-v1a1/2026/08/16/21/47/48-10000.jpg
2026-08-16 21:47:52,890 [INFO] Capturing response: https://global.siteyaptim.live/aspor/tracks-v1a1/2026/08/16/21/47/48-10000.jpg 200 
2026-08-16 21:47:53,203 [INFO] Capturing request: https://global.siteyaptim.live/aspor/tracks-v1a1/2026/08/16/21/47/58-10000.jpg
2026-08-16 21:47:53,422 [INFO]   ✅ M3U8 bulundu: https://corestream.siteyaptim.live//aspor/tracks-v1a1/mono.m3u8
2026-08-16 21:47:54,004 [INFO] Capturing response: https://global.siteyaptim.live/aspor/tracks-v1a1/2026/08/16/21/47/58-10000.jpg 200 
2026-08-16 21:47:54,423 [INFO] 
[11/14]
2026-08-16 21:47:54,423 [INFO] 🔍 Tivibu Spor 1 → https://www.atomsportv512.top/matches?id=tivibu-spor-1
2026-08-16 21:47:54,534 [INFO] Capturing request: https://www.atomsportv512.top/matches?id=tivibu-spor-1
2026-08-16 21:47:54,761 [INFO] Capturing response: https://www.atomsportv512.top/matches?id=tivibu-spor-1 200 
2026-08-16 21:47:54,795 [INFO] Capturing request: https://streamsport365.com/cinema
2026-08-16 21:47:54,890 [INFO] Capturing request: https://teletv5.top/load/yayinlink.php?id=tivibu-spor-1
2026-08-16 21:47:54,895 [INFO] Capturing request: https://www.atomsportv512.top/favicon.ico
2026-08-16 21:47:54,927 [INFO] Capturing response: https://www.atomsportv512.top/favicon.ico 200 
2026-08-16 21:47:55,056 [INFO] Capturing response: https://teletv5.top/load/yayinlink.php?id=tivibu-spor-1 200 
2026-08-16 21:47:55,072 [INFO] Capturing response: https://streamsport365.com/cinema 200 
2026-08-16 21:48:08,675 [INFO] Capturing request: https://update.googleapis.com/service/update2/json?cup2key=16:9Xm72YsrxulIlgtxJY4OdE5G1rEC8aQgZSvE3Gj0uSQ&cup2hreq=84e18d89d11bd387fdb774b86d1409fef46c061e3d19ab8d8601859d2b699471
2026-08-16 21:48:08,701 [INFO] Capturing response: https://update.googleapis.com/service/update2/json?cup2key=16:9Xm72YsrxulIlgtxJY4OdE5G1rEC8aQgZSvE3Gj0uSQ&cup2hreq=84e18d89d11bd387fdb774b86d1409fef46c061e3d19ab8d8601859d2b699471 200 
2026-08-16 21:48:08,708 [INFO] Capturing request: http://edgedl.me.gvt1.com/edgedl/diffgen-puffin/gcmjkmgdlgnkkcocmoeiminaijmmjnii/6ca5bdb9f3e2cd83b7e359729bc6c33c4fe975ec499861d969b3e080320849ff
2026-08-16 21:48:08,748 [INFO] Capturing response: http://edgedl.me.gvt1.com/edgedl/diffgen-puffin/gcmjkmgdlgnkkcocmoeiminaijmmjnii/6ca5bdb9f3e2cd83b7e359729bc6c33c4fe975ec499861d969b3e080320849ff 200 OK
2026-08-16 21:48:08,774 [INFO] Capturing request: https://update.googleapis.com/service/update2/json
2026-08-16 21:48:08,797 [INFO] Capturing response: https://update.googleapis.com/service/update2/json 200 
2026-08-16 21:48:08,907 [INFO] Capturing request: http://edgedl.me.gvt1.com/edgedl/release2/chrome_component/ac742v2w4zfarsyh3ivsjqk5hzfq_10719/hfnkpimlhhgieaddgfemjhofmfblmnib_10719_all_mm347w3um3t4nohf7ibs4xf2la.crx3
2026-08-16 21:48:08,925 [INFO] Capturing response: http://edgedl.me.gvt1.com/edgedl/release2/chrome_component/ac742v2w4zfarsyh3ivsjqk5hzfq_10719/hfnkpimlhhgieaddgfemjhofmfblmnib_10719_all_mm347w3um3t4nohf7ibs4xf2la.crx3 200 OK
2026-08-16 21:48:08,953 [INFO] Capturing request: https://update.googleapis.com/service/update2/json
2026-08-16 21:48:08,976 [INFO] Capturing response: https://update.googleapis.com/service/update2/json 200 
2026-08-16 21:48:28,089 [WARNING]   ❌ Tivibu Spor 1 için M3U8 bulunamadı
2026-08-16 21:48:29,089 [INFO] 
[12/14]
2026-08-16 21:48:29,090 [INFO] 🔍 Tivibu Spor 2 → https://www.atomsportv512.top/matches?id=tivibu-spor-2
2026-08-16 21:48:29,236 [INFO] Capturing request: https://www.atomsportv512.top/matches?id=tivibu-spor-2
2026-08-16 21:48:29,747 [INFO] Capturing response: https://www.atomsportv512.top/matches?id=tivibu-spor-2 200 
2026-08-16 21:48:29,875 [INFO] Capturing request: https://android.clients.google.com/c2dm/register3
2026-08-16 21:48:29,919 [INFO] Capturing response: https://android.clients.google.com/c2dm/register3 301 
2026-08-16 21:48:29,921 [INFO] Capturing request: https://www.atomsportv512.top/favicon.ico
2026-08-16 21:48:29,957 [INFO] Capturing request: https://teletv5.top/load/yayinlink.php?id=tivibu-spor-2
2026-08-16 21:48:29,969 [INFO] Capturing response: https://www.atomsportv512.top/favicon.ico 200 
2026-08-16 21:48:30,284 [INFO] Capturing response: https://teletv5.top/load/yayinlink.php?id=tivibu-spor-2 200 
2026-08-16 21:48:30,502 [INFO] Capturing request: https://streamsport365.com/cinema
2026-08-16 21:48:30,779 [INFO] Capturing response: https://streamsport365.com/cinema 200 
2026-08-16 21:49:03,064 [WARNING]   ❌ Tivibu Spor 2 için M3U8 bulunamadı
2026-08-16 21:49:04,065 [INFO] 
[13/14]
2026-08-16 21:49:04,065 [INFO] 🔍 Tivibu Spor 3 → https://www.atomsportv512.top/matches?id=tivibu-spor-3
2026-08-16 21:49:04,173 [INFO] Capturing request: https://www.atomsportv512.top/matches?id=tivibu-spor-3
2026-08-16 21:49:04,531 [INFO] Capturing response: https://www.atomsportv512.top/matches?id=tivibu-spor-3 200 
2026-08-16 21:49:04,663 [INFO] Capturing request: https://teletv5.top/load/yayinlink.php?id=tivibu-spor-3
2026-08-16 21:49:04,668 [INFO] Capturing request: https://www.atomsportv512.top/favicon.ico
2026-08-16 21:49:04,701 [INFO] Capturing response: https://www.atomsportv512.top/favicon.ico 200 
2026-08-16 21:49:04,777 [INFO] Capturing request: https://streamsport365.com/cinema
2026-08-16 21:49:04,832 [INFO] Capturing response: https://teletv5.top/load/yayinlink.php?id=tivibu-spor-3 200 
2026-08-16 21:49:05,054 [INFO] Capturing response: https://streamsport365.com/cinema 200 
2026-08-16 21:49:37,818 [WARNING]   ❌ Tivibu Spor 3 için M3U8 bulunamadı
2026-08-16 21:49:38,818 [INFO] 
[14/14]
2026-08-16 21:49:38,818 [INFO] 🔍 Tivibu Spor 4 → https://www.atomsportv512.top/matches?id=tivibu-spor-4
2026-08-16 21:49:38,928 [INFO] Capturing request: https://www.atomsportv512.top/matches?id=tivibu-spor-4
2026-08-16 21:49:39,287 [INFO] Capturing response: https://www.atomsportv512.top/matches?id=tivibu-spor-4 200 
2026-08-16 21:49:39,422 [INFO] Capturing request: https://teletv5.top/load/yayinlink.php?id=tivibu-spor-4
2026-08-16 21:49:39,423 [INFO] Capturing request: https://www.atomsportv512.top/favicon.ico
2026-08-16 21:49:39,455 [INFO] Capturing response: https://www.atomsportv512.top/favicon.ico 200 
2026-08-16 21:49:39,530 [INFO] Capturing request: https://streamsport365.com/cinema
2026-08-16 21:49:39,583 [INFO] Capturing response: https://teletv5.top/load/yayinlink.php?id=tivibu-spor-4 200 
2026-08-16 21:49:39,809 [INFO] Capturing response: https://streamsport365.com/cinema 200 
2026-08-16 21:50:01,880 [INFO] Capturing request: https://android.clients.google.com/c2dm/register3
2026-08-16 21:50:01,914 [INFO] Capturing response: https://android.clients.google.com/c2dm/register3 301 
2026-08-16 21:50:12,576 [WARNING]   ❌ Tivibu Spor 4 için M3U8 bulunamadı
2026-08-16 21:50:13,644 [INFO] ✅ 10 kanal bulundu, playlist.m3u kaydedildi
