2026-09-22 23:12:12,138 [INFO] 🌐 BASE_URL: https://www.atomsportv514.top
2026-09-22 23:12:13,115 [INFO] Başlanıyor... 14 kanal taranacak
2026-09-22 23:12:13,116 [INFO] Using default request storage
2026-09-22 23:12:13,120 [INFO] Created proxy listening on 127.0.0.1:37355
2026-09-22 23:12:13,797 [INFO] Capturing request: http://clients2.google.com/time/1/current?cup2key=10:Tqf0i27f2-BmPwLT0gSAdh5DvwwpMaWnKfRlKjoyonI&cup2hreq=e3b0c44298fc1c149afbf4c8996fb92427ae41e4649b934ca495991b7852b855
2026-09-22 23:12:13,827 [INFO] Capturing response: http://clients2.google.com/time/1/current?cup2key=10:Tqf0i27f2-BmPwLT0gSAdh5DvwwpMaWnKfRlKjoyonI&cup2hreq=e3b0c44298fc1c149afbf4c8996fb92427ae41e4649b934ca495991b7852b855 200 OK
2026-09-22 23:12:14,071 [INFO] 
[1/14]
2026-09-22 23:12:14,071 [INFO] 🔍 beIN Sports 1 → https://www.atomsportv514.top/matches?id=bein-sports-1
2026-09-22 23:12:14,245 [INFO] Capturing request: https://update.googleapis.com/service/update2/json?cup2key=ML-DSA-44-16:ipmWYusHElpI5VeSbfwseeGckBX9yEhntNPzM7pW1vE&cup2hreq=9fe7a022b554907106d4026da51f27d5ed3dc2b6b3f1cc72b03c5fcc96042e0c
2026-09-22 23:12:14,252 [INFO] Capturing request: https://accounts.google.com/ListAccounts?gpsia=1&source=ChromiumBrowser&json=standard&laf=b64bin
2026-09-22 23:12:14,301 [INFO] Capturing response: https://update.googleapis.com/service/update2/json?cup2key=ML-DSA-44-16:ipmWYusHElpI5VeSbfwseeGckBX9yEhntNPzM7pW1vE&cup2hreq=9fe7a022b554907106d4026da51f27d5ed3dc2b6b3f1cc72b03c5fcc96042e0c 200 
2026-09-22 23:12:14,311 [INFO] Capturing response: https://accounts.google.com/ListAccounts?gpsia=1&source=ChromiumBrowser&json=standard&laf=b64bin 200 
2026-09-22 23:12:14,335 [INFO] Capturing request: https://www.google.com/async/folae?async=_fmt:pb&udm=50&client_locale=en-US&client_country=ZZ
2026-09-22 23:12:14,338 [INFO] Capturing request: https://www.atomsportv514.top/matches?id=bein-sports-1
2026-09-22 23:12:14,354 [INFO] Capturing request: https://update.googleapis.com/service/update2/json?cup2key=ML-DSA-44-16:AyBLvxLOU7Oxp0szwtfDIMLvgDZ8VbJNAPgobGRnHZg&cup2hreq=3333a5c38dd1eb31924c4b2841251900036a8ec1a100e59a75b3cbcf2cfd8e24
2026-09-22 23:12:14,383 [INFO] Capturing response: https://update.googleapis.com/service/update2/json?cup2key=ML-DSA-44-16:AyBLvxLOU7Oxp0szwtfDIMLvgDZ8VbJNAPgobGRnHZg&cup2hreq=3333a5c38dd1eb31924c4b2841251900036a8ec1a100e59a75b3cbcf2cfd8e24 200 
2026-09-22 23:12:14,395 [INFO] Capturing response: https://www.google.com/async/folae?async=_fmt:pb&udm=50&client_locale=en-US&client_country=ZZ 200 
2026-09-22 23:12:14,436 [INFO] Capturing request: https://update.googleapis.com/service/update2/json?cup2key=ML-DSA-44-16:muiemG-_JYS7ChbWgF5Wmf7_2fUnZuO_pv-BGhvhHaY&cup2hreq=c03819aae6b5527b0ff68f8e68b674166a1fa7de8edd5120d2a3ae8351871919
2026-09-22 23:12:14,466 [INFO] Capturing response: https://update.googleapis.com/service/update2/json?cup2key=ML-DSA-44-16:muiemG-_JYS7ChbWgF5Wmf7_2fUnZuO_pv-BGhvhHaY&cup2hreq=c03819aae6b5527b0ff68f8e68b674166a1fa7de8edd5120d2a3ae8351871919 200 
2026-09-22 23:12:14,559 [INFO] Capturing request: https://www.google.com/async/folae?async=_fmt:pb&udm=50&client_locale=en-US&client_country=ZZ
2026-09-22 23:12:14,617 [INFO] Capturing response: https://www.google.com/async/folae?async=_fmt:pb&udm=50&client_locale=en-US&client_country=ZZ 200 
2026-09-22 23:12:15,149 [INFO] Capturing response: https://www.atomsportv514.top/matches?id=bein-sports-1 200 
2026-09-22 23:12:15,362 [INFO] Capturing request: https://cdn.jsdelivr.net/npm/@clappr/player@0.11.16/dist/clappr.min.js
2026-09-22 23:12:15,368 [INFO] Capturing request: https://cdn.jsdelivr.net/npm/@clappr/hlsjs-playback@1.8.3/dist/hlsjs-playback.min.js
2026-09-22 23:12:15,369 [INFO] Capturing request: https://cdn.jsdelivr.net/npm/level-selector/dist/level-selector.min.js
2026-09-22 23:12:15,391 [INFO] Capturing response: https://cdn.jsdelivr.net/npm/level-selector/dist/level-selector.min.js 200 
2026-09-22 23:12:15,427 [INFO] Capturing response: https://cdn.jsdelivr.net/npm/@clappr/player@0.11.16/dist/clappr.min.js 200 
2026-09-22 23:12:15,439 [INFO] Capturing response: https://cdn.jsdelivr.net/npm/@clappr/hlsjs-playback@1.8.3/dist/hlsjs-playback.min.js 200 
2026-09-22 23:12:15,685 [INFO] Capturing request: https://www.atomsportv514.top/favicon.ico
2026-09-22 23:12:15,757 [INFO] Capturing response: https://www.atomsportv514.top/favicon.ico 200 
2026-09-22 23:12:15,914 [INFO] Capturing request: https://teletv5.top/load/yayinlink.php?id=bein-sports-1
2026-09-22 23:12:16,370 [INFO] Capturing request: https://streamsport365.com/cinema
2026-09-22 23:12:16,383 [INFO] Capturing response: https://teletv5.top/load/yayinlink.php?id=bein-sports-1 200 
2026-09-22 23:12:16,722 [INFO] Capturing response: https://streamsport365.com/cinema 200 
2026-09-22 23:12:16,853 [INFO] Capturing request: https://www.atomsportv514.top/assets/img/player/player_logo_6a87a2e2eecc5.png
2026-09-22 23:12:16,913 [INFO] Capturing response: https://www.atomsportv514.top/assets/img/player/player_logo_6a87a2e2eecc5.png 200 
2026-09-22 23:12:16,967 [INFO] Capturing request: https://ladyboy.yedektv.cfd//beintv/tracks-v1a1/mono.m3u8
2026-09-22 23:12:17,196 [INFO] Capturing response: https://ladyboy.yedektv.cfd//beintv/tracks-v1a1/mono.m3u8 200 
2026-09-22 23:12:17,458 [INFO] Capturing request: https://taylandpompa.yedektv.cfd/beintv/tracks-v1a1/2026/09/22/23/12/16-05000.jpg
2026-09-22 23:12:17,526 [INFO] Capturing request: https://android.clients.google.com/checkin
2026-09-22 23:12:17,611 [INFO] Capturing response: https://android.clients.google.com/checkin 200 
2026-09-22 23:12:17,662 [INFO] Capturing request: https://android.clients.google.com/c2dm/register3
2026-09-22 23:12:17,664 [INFO] Capturing request: https://android.clients.google.com/c2dm/register3
2026-09-22 23:12:17,665 [INFO] Capturing request: https://android.clients.google.com/c2dm/register3
2026-09-22 23:12:17,692 [INFO] Capturing response: https://android.clients.google.com/c2dm/register3 301 
2026-09-22 23:12:18,076 [INFO] Capturing response: https://taylandpompa.yedektv.cfd/beintv/tracks-v1a1/2026/09/22/23/12/16-05000.jpg 200 
2026-09-22 23:12:18,430 [INFO] Capturing response: https://android.clients.google.com/c2dm/register3 200 
2026-09-22 23:12:18,434 [INFO] Capturing request: https://taylandpompa.yedektv.cfd/beintv/tracks-v1a1/2026/09/22/23/12/16-05000.jpg
2026-09-22 23:12:18,458 [INFO] Capturing response: https://android.clients.google.com/c2dm/register3 200 
2026-09-22 23:12:18,613 [INFO]   ✅ M3U8 bulundu: https://ladyboy.yedektv.cfd//beintv/tracks-v1a1/mono.m3u8
2026-09-22 23:12:18,861 [INFO] Capturing response: https://taylandpompa.yedektv.cfd/beintv/tracks-v1a1/2026/09/22/23/12/16-05000.jpg 200 
2026-09-22 23:12:19,173 [INFO] Capturing request: https://taylandpompa.yedektv.cfd/beintv/tracks-v1a1/2026/09/22/23/12/16-05000.jpg
2026-09-22 23:12:19,608 [INFO] Capturing response: https://taylandpompa.yedektv.cfd/beintv/tracks-v1a1/2026/09/22/23/12/16-05000.jpg 200 
2026-09-22 23:12:19,614 [INFO] 
[2/14]
2026-09-22 23:12:19,614 [INFO] 🔍 beIN Sports 2 → https://www.atomsportv514.top/matches?id=bein-sports-2
2026-09-22 23:12:19,753 [INFO] Capturing request: https://www.atomsportv514.top/matches?id=bein-sports-2
2026-09-22 23:12:20,072 [INFO] Capturing response: https://www.atomsportv514.top/matches?id=bein-sports-2 200 
2026-09-22 23:12:20,118 [INFO] Capturing request: https://streamsport365.com/cinema
2026-09-22 23:12:20,218 [INFO] Capturing request: https://www.atomsportv514.top/favicon.ico
2026-09-22 23:12:20,219 [INFO] Capturing request: https://teletv5.top/load/yayinlink.php?id=bein-sports-2
2026-09-22 23:12:20,259 [INFO] Capturing response: https://www.atomsportv514.top/favicon.ico 200 
2026-09-22 23:12:20,490 [INFO] Capturing response: https://streamsport365.com/cinema 200 
2026-09-22 23:12:20,661 [INFO] Capturing response: https://teletv5.top/load/yayinlink.php?id=bein-sports-2 200 
2026-09-22 23:12:20,773 [INFO] Capturing request: https://www.atomsportv514.top/assets/img/player/player_logo_6a87a2e2eecc5.png
2026-09-22 23:12:20,783 [INFO] Capturing request: https://ladyboy.yedektv.cfd//bein2/tracks-v1a1/mono.m3u8
2026-09-22 23:12:20,894 [INFO] Capturing response: https://www.atomsportv514.top/assets/img/player/player_logo_6a87a2e2eecc5.png 304 
2026-09-22 23:12:20,987 [INFO] Capturing response: https://ladyboy.yedektv.cfd//bein2/tracks-v1a1/mono.m3u8 200 
2026-09-22 23:12:21,097 [INFO] Capturing request: https://taylandpompa.yedektv.cfd/bein2/tracks-v1a1/2026/09/22/23/11/51-10000.jpg
2026-09-22 23:12:22,054 [INFO] Capturing response: https://taylandpompa.yedektv.cfd/bein2/tracks-v1a1/2026/09/22/23/11/51-10000.jpg 200 
2026-09-22 23:12:22,394 [INFO] Capturing request: https://taylandpompa.yedektv.cfd/bein2/tracks-v1a1/2026/09/22/23/12/01-10000.jpg
2026-09-22 23:12:23,139 [INFO]   ✅ M3U8 bulundu: https://ladyboy.yedektv.cfd//bein2/tracks-v1a1/mono.m3u8
2026-09-22 23:12:23,391 [INFO] Capturing response: https://taylandpompa.yedektv.cfd/bein2/tracks-v1a1/2026/09/22/23/12/01-10000.jpg 200 
2026-09-22 23:12:23,728 [INFO] Capturing request: https://taylandpompa.yedektv.cfd/bein2/tracks-v1a1/2026/09/22/23/12/11-10000.jpg
2026-09-22 23:12:24,139 [INFO] 
[3/14]
2026-09-22 23:12:24,140 [INFO] 🔍 beIN Sports 3 → https://www.atomsportv514.top/matches?id=bein-sports-3
2026-09-22 23:12:24,258 [INFO] Capturing request: https://www.atomsportv514.top/matches?id=bein-sports-3
2026-09-22 23:12:24,585 [INFO] Capturing response: https://www.atomsportv514.top/matches?id=bein-sports-3 200 
2026-09-22 23:12:24,719 [INFO] Capturing request: https://teletv5.top/load/yayinlink.php?id=bein-sports-3
2026-09-22 23:12:24,725 [INFO] Capturing request: https://www.atomsportv514.top/favicon.ico
2026-09-22 23:12:24,728 [INFO] Capturing response: https://taylandpompa.yedektv.cfd/bein2/tracks-v1a1/2026/09/22/23/12/11-10000.jpg 200 
2026-09-22 23:12:24,774 [INFO] Capturing response: https://www.atomsportv514.top/favicon.ico 200 
2026-09-22 23:12:24,875 [INFO] Capturing request: https://streamsport365.com/cinema
2026-09-22 23:12:24,974 [INFO] Capturing response: https://teletv5.top/load/yayinlink.php?id=bein-sports-3 200 
2026-09-22 23:12:25,230 [INFO] Capturing response: https://streamsport365.com/cinema 200 
2026-09-22 23:12:25,340 [INFO] Capturing request: https://www.atomsportv514.top/assets/img/player/player_logo_6a87a2e2eecc5.png
2026-09-22 23:12:25,349 [INFO] Capturing request: https://ladyboy.yedektv.cfd//bein3/tracks-v1a1/mono.m3u8
2026-09-22 23:12:25,464 [INFO] Capturing response: https://www.atomsportv514.top/assets/img/player/player_logo_6a87a2e2eecc5.png 304 
2026-09-22 23:12:25,574 [INFO] Capturing response: https://ladyboy.yedektv.cfd//bein3/tracks-v1a1/mono.m3u8 200 
2026-09-22 23:12:25,683 [INFO] Capturing request: https://taylandpompa.yedektv.cfd/bein3/tracks-v1a1/2026/09/22/23/12/09-06000.jpg
2026-09-22 23:12:26,310 [INFO] Capturing response: https://taylandpompa.yedektv.cfd/bein3/tracks-v1a1/2026/09/22/23/12/09-06000.jpg 200 
2026-09-22 23:12:26,559 [INFO] Capturing request: https://taylandpompa.yedektv.cfd/bein3/tracks-v1a1/2026/09/22/23/12/15-06000.jpg
2026-09-22 23:12:27,319 [INFO] Capturing response: https://taylandpompa.yedektv.cfd/bein3/tracks-v1a1/2026/09/22/23/12/15-06000.jpg 200 
2026-09-22 23:12:27,566 [INFO] Capturing request: https://taylandpompa.yedektv.cfd/bein3/tracks-v1a1/2026/09/22/23/12/21-06000.jpg
2026-09-22 23:12:27,640 [INFO]   ✅ M3U8 bulundu: https://ladyboy.yedektv.cfd//bein3/tracks-v1a1/mono.m3u8
2026-09-22 23:12:28,132 [INFO] Capturing response: https://taylandpompa.yedektv.cfd/bein3/tracks-v1a1/2026/09/22/23/12/21-06000.jpg 200 
2026-09-22 23:12:28,640 [INFO] 
[4/14]
2026-09-22 23:12:28,641 [INFO] 🔍 beIN Sports 4 → https://www.atomsportv514.top/matches?id=bein-sports-4
2026-09-22 23:12:28,751 [INFO] Capturing request: https://www.atomsportv514.top/matches?id=bein-sports-4
2026-09-22 23:12:29,071 [INFO] Capturing response: https://www.atomsportv514.top/matches?id=bein-sports-4 200 
2026-09-22 23:12:29,101 [INFO] Capturing request: https://streamsport365.com/cinema
2026-09-22 23:12:29,211 [INFO] Capturing request: https://teletv5.top/load/yayinlink.php?id=bein-sports-4
2026-09-22 23:12:29,211 [INFO] Capturing request: https://www.atomsportv514.top/favicon.ico
2026-09-22 23:12:29,254 [INFO] Capturing response: https://www.atomsportv514.top/favicon.ico 200 
2026-09-22 23:12:29,442 [INFO] Capturing response: https://teletv5.top/load/yayinlink.php?id=bein-sports-4 200 
2026-09-22 23:12:29,464 [INFO] Capturing response: https://streamsport365.com/cinema 200 
2026-09-22 23:12:29,594 [INFO] Capturing request: https://www.atomsportv514.top/assets/img/player/player_logo_6a87a2e2eecc5.png
2026-09-22 23:12:29,603 [INFO] Capturing request: https://ladyboy.yedektv.cfd//bein4/tracks-v1a1/mono.m3u8
2026-09-22 23:12:29,714 [INFO] Capturing response: https://www.atomsportv514.top/assets/img/player/player_logo_6a87a2e2eecc5.png 304 
2026-09-22 23:12:29,825 [INFO] Capturing response: https://ladyboy.yedektv.cfd//bein4/tracks-v1a1/mono.m3u8 200 
2026-09-22 23:12:29,976 [INFO] Capturing request: https://taylandpompa.yedektv.cfd/bein4/tracks-v1a1/2026/09/22/23/12/16-06000.jpg
2026-09-22 23:12:30,434 [INFO] Capturing response: https://taylandpompa.yedektv.cfd/bein4/tracks-v1a1/2026/09/22/23/12/16-06000.jpg 200 
2026-09-22 23:12:30,653 [INFO] Capturing request: https://taylandpompa.yedektv.cfd/bein4/tracks-v1a1/2026/09/22/23/12/22-06000.jpg
2026-09-22 23:12:31,041 [INFO] Capturing response: https://taylandpompa.yedektv.cfd/bein4/tracks-v1a1/2026/09/22/23/12/22-06000.jpg 200 
2026-09-22 23:12:31,244 [INFO] Capturing request: https://taylandpompa.yedektv.cfd/bein4/tracks-v1a1/2026/09/22/23/12/28-06000.jpg
2026-09-22 23:12:31,635 [INFO] Capturing response: https://taylandpompa.yedektv.cfd/bein4/tracks-v1a1/2026/09/22/23/12/28-06000.jpg 200 
2026-09-22 23:12:32,147 [INFO]   ✅ M3U8 bulundu: https://ladyboy.yedektv.cfd//bein4/tracks-v1a1/mono.m3u8
2026-09-22 23:12:33,147 [INFO] 
[5/14]
2026-09-22 23:12:33,147 [INFO] 🔍 beIN Sports 5 → https://www.atomsportv514.top/matches?id=bein-sports-5
2026-09-22 23:12:33,257 [INFO] Capturing request: https://www.atomsportv514.top/matches?id=bein-sports-5
2026-09-22 23:12:33,564 [INFO] Capturing response: https://www.atomsportv514.top/matches?id=bein-sports-5 200 
2026-09-22 23:12:33,694 [INFO] Capturing request: https://teletv5.top/load/yayinlink.php?id=bein-sports-5
2026-09-22 23:12:33,697 [INFO] Capturing request: https://www.atomsportv514.top/favicon.ico
2026-09-22 23:12:33,748 [INFO] Capturing response: https://www.atomsportv514.top/favicon.ico 200 
2026-09-22 23:12:33,850 [INFO] Capturing request: https://streamsport365.com/cinema
2026-09-22 23:12:33,927 [INFO] Capturing response: https://teletv5.top/load/yayinlink.php?id=bein-sports-5 200 
2026-09-22 23:12:34,214 [INFO] Capturing response: https://streamsport365.com/cinema 200 
2026-09-22 23:12:34,325 [INFO] Capturing request: https://www.atomsportv514.top/assets/img/player/player_logo_6a87a2e2eecc5.png
2026-09-22 23:12:34,334 [INFO] Capturing request: https://ladyboy.yedektv.cfd//bein5/tracks-v1a1/mono.m3u8
2026-09-22 23:12:34,449 [INFO] Capturing response: https://www.atomsportv514.top/assets/img/player/player_logo_6a87a2e2eecc5.png 304 
2026-09-22 23:12:34,558 [INFO] Capturing response: https://ladyboy.yedektv.cfd//bein5/tracks-v1a1/mono.m3u8 404 
2026-09-22 23:12:36,607 [INFO]   ✅ M3U8 bulundu: https://ladyboy.yedektv.cfd//bein5/tracks-v1a1/mono.m3u8
2026-09-22 23:12:36,681 [INFO] Capturing request: https://ladyboy.yedektv.cfd//bein5/tracks-v1a1/mono.m3u8
2026-09-22 23:12:36,888 [INFO] Capturing response: https://ladyboy.yedektv.cfd//bein5/tracks-v1a1/mono.m3u8 404 
2026-09-22 23:12:37,607 [INFO] 
[6/14]
2026-09-22 23:12:37,607 [INFO] 🔍 beIN Sports Max 1 → https://www.atomsportv514.top/matches?id=bein-sports-max-1
2026-09-22 23:12:37,716 [INFO] Capturing request: https://www.atomsportv514.top/matches?id=bein-sports-max-1
2026-09-22 23:12:38,040 [INFO] Capturing response: https://www.atomsportv514.top/matches?id=bein-sports-max-1 200 
2026-09-22 23:12:38,062 [INFO] Capturing request: https://streamsport365.com/cinema
2026-09-22 23:12:38,165 [INFO] Capturing request: https://teletv5.top/load/yayinlink.php?id=bein-sports-max-1
2026-09-22 23:12:38,171 [INFO] Capturing request: https://www.atomsportv514.top/favicon.ico
2026-09-22 23:12:38,221 [INFO] Capturing response: https://www.atomsportv514.top/favicon.ico 200 
2026-09-22 23:12:38,425 [INFO] Capturing response: https://streamsport365.com/cinema 200 
2026-09-22 23:12:38,441 [INFO] Capturing response: https://teletv5.top/load/yayinlink.php?id=bein-sports-max-1 200 
2026-09-22 23:12:38,592 [INFO] Capturing request: https://www.atomsportv514.top/assets/img/player/player_logo_6a87a2e2eecc5.png
2026-09-22 23:12:38,600 [INFO] Capturing request: https://ladyboy.yedektv.cfd//beinmax1/tracks-v1a1/mono.m3u8
2026-09-22 23:12:38,713 [INFO] Capturing response: https://www.atomsportv514.top/assets/img/player/player_logo_6a87a2e2eecc5.png 304 
2026-09-22 23:12:38,818 [INFO] Capturing response: https://ladyboy.yedektv.cfd//beinmax1/tracks-v1a1/mono.m3u8 200 
2026-09-22 23:12:38,928 [INFO] Capturing request: https://taylandpompa.yedektv.cfd/beinmax1/tracks-v1a1/2026/09/22/23/12/40-06000.jpg
2026-09-22 23:12:39,685 [INFO] Capturing response: https://taylandpompa.yedektv.cfd/beinmax1/tracks-v1a1/2026/09/22/23/12/40-06000.jpg 200 
2026-09-22 23:12:39,956 [INFO] Capturing request: https://taylandpompa.yedektv.cfd/beinmax1/tracks-v1a1/2026/09/22/23/12/46-06000.jpg
2026-09-22 23:12:40,975 [INFO] Capturing response: https://taylandpompa.yedektv.cfd/beinmax1/tracks-v1a1/2026/09/22/23/12/46-06000.jpg 200 
2026-09-22 23:12:41,097 [INFO]   ✅ M3U8 bulundu: https://ladyboy.yedektv.cfd//beinmax1/tracks-v1a1/mono.m3u8
2026-09-22 23:12:41,263 [INFO] Capturing request: https://taylandpompa.yedektv.cfd/beinmax1/tracks-v1a1/2026/09/22/23/12/52-06000.jpg
2026-09-22 23:12:41,525 [INFO] Capturing request: https://android.clients.google.com/c2dm/register3
2026-09-22 23:12:41,554 [INFO] Capturing response: https://android.clients.google.com/c2dm/register3 301 
2026-09-22 23:12:42,080 [INFO] Capturing response: https://taylandpompa.yedektv.cfd/beinmax1/tracks-v1a1/2026/09/22/23/12/52-06000.jpg 200 
2026-09-22 23:12:42,097 [INFO] 
[7/14]
2026-09-22 23:12:42,097 [INFO] 🔍 beIN Sports Max 2 → https://www.atomsportv514.top/matches?id=bein-sports-max-2
2026-09-22 23:12:42,222 [INFO] Capturing request: https://www.atomsportv514.top/matches?id=bein-sports-max-2
2026-09-22 23:12:42,565 [INFO] Capturing response: https://www.atomsportv514.top/matches?id=bein-sports-max-2 200 
2026-09-22 23:12:42,696 [INFO] Capturing request: https://teletv5.top/load/yayinlink.php?id=bein-sports-max-2
2026-09-22 23:12:42,696 [INFO] Capturing request: https://www.atomsportv514.top/favicon.ico
2026-09-22 23:12:42,745 [INFO] Capturing response: https://www.atomsportv514.top/favicon.ico 200 
2026-09-22 23:12:42,851 [INFO] Capturing request: https://streamsport365.com/cinema
2026-09-22 23:12:42,932 [INFO] Capturing response: https://teletv5.top/load/yayinlink.php?id=bein-sports-max-2 200 
2026-09-22 23:12:43,208 [INFO] Capturing response: https://streamsport365.com/cinema 200 
2026-09-22 23:12:43,319 [INFO] Capturing request: https://www.atomsportv514.top/assets/img/player/player_logo_6a87a2e2eecc5.png
2026-09-22 23:12:43,328 [INFO] Capturing request: https://ladyboy.yedektv.cfd//beinmax2/tracks-v1a1/mono.m3u8
2026-09-22 23:12:43,441 [INFO] Capturing response: https://www.atomsportv514.top/assets/img/player/player_logo_6a87a2e2eecc5.png 304 
2026-09-22 23:12:43,574 [INFO] Capturing response: https://ladyboy.yedektv.cfd//beinmax2/tracks-v1a1/mono.m3u8 200 
2026-09-22 23:12:43,684 [INFO] Capturing request: https://taylandpompa.yedektv.cfd/beinmax2/tracks-v1a1/2026/09/22/23/12/13-07680.jpg
2026-09-22 23:12:44,754 [INFO] Capturing response: https://taylandpompa.yedektv.cfd/beinmax2/tracks-v1a1/2026/09/22/23/12/13-07680.jpg 200 
2026-09-22 23:12:45,101 [INFO] Capturing request: https://taylandpompa.yedektv.cfd/beinmax2/tracks-v1a1/2026/09/22/23/12/20-07680.jpg
2026-09-22 23:12:45,612 [INFO]   ✅ M3U8 bulundu: https://ladyboy.yedektv.cfd//beinmax2/tracks-v1a1/mono.m3u8
2026-09-22 23:12:46,099 [INFO] Capturing response: https://taylandpompa.yedektv.cfd/beinmax2/tracks-v1a1/2026/09/22/23/12/20-07680.jpg 200 
2026-09-22 23:12:46,404 [INFO] Capturing request: https://taylandpompa.yedektv.cfd/beinmax2/tracks-v1a1/2026/09/22/23/12/28-07480.jpg
2026-09-22 23:12:46,612 [INFO] 
[8/14]
2026-09-22 23:12:46,612 [INFO] 🔍 S Sport → https://www.atomsportv514.top/matches?id=s-sport
2026-09-22 23:12:46,723 [INFO] Capturing request: https://www.atomsportv514.top/matches?id=s-sport
2026-09-22 23:12:47,269 [INFO] Capturing response: https://www.atomsportv514.top/matches?id=s-sport 200 
2026-09-22 23:12:47,305 [INFO] Capturing request: https://streamsport365.com/cinema
2026-09-22 23:12:47,406 [INFO] Capturing request: https://teletv5.top/load/yayinlink.php?id=s-sport
2026-09-22 23:12:47,410 [INFO] Capturing request: https://www.atomsportv514.top/favicon.ico
2026-09-22 23:12:47,456 [INFO] Capturing response: https://www.atomsportv514.top/favicon.ico 200 
2026-09-22 23:12:47,542 [INFO] Capturing response: https://taylandpompa.yedektv.cfd/beinmax2/tracks-v1a1/2026/09/22/23/12/28-07480.jpg 200 
2026-09-22 23:12:47,636 [INFO] Capturing response: https://teletv5.top/load/yayinlink.php?id=s-sport 200 
2026-09-22 23:12:47,668 [INFO] Capturing response: https://streamsport365.com/cinema 200 
2026-09-22 23:12:47,805 [INFO] Capturing request: https://www.atomsportv514.top/assets/img/player/player_logo_6a87a2e2eecc5.png
2026-09-22 23:12:47,814 [INFO] Capturing request: https://ladyboy.yedektv.cfd//s-sport/tracks-v1a1/mono.m3u8
2026-09-22 23:12:47,925 [INFO] Capturing response: https://www.atomsportv514.top/assets/img/player/player_logo_6a87a2e2eecc5.png 304 
2026-09-22 23:12:48,031 [INFO] Capturing response: https://ladyboy.yedektv.cfd//s-sport/tracks-v1a1/mono.m3u8 200 
2026-09-22 23:12:48,180 [INFO] Capturing request: https://taylandpompa.yedektv.cfd/s-sport/tracks-v1a1/2026/09/22/23/12/50-06000.jpg
2026-09-22 23:12:49,431 [INFO] Capturing response: https://taylandpompa.yedektv.cfd/s-sport/tracks-v1a1/2026/09/22/23/12/50-06000.jpg 200 
2026-09-22 23:12:49,843 [INFO] Capturing request: https://taylandpompa.yedektv.cfd/s-sport/tracks-v1a1/2026/09/22/23/12/50-06000.jpg
2026-09-22 23:12:50,321 [INFO]   ✅ M3U8 bulundu: https://ladyboy.yedektv.cfd//s-sport/tracks-v1a1/mono.m3u8
2026-09-22 23:12:50,647 [INFO] Capturing response: https://taylandpompa.yedektv.cfd/s-sport/tracks-v1a1/2026/09/22/23/12/50-06000.jpg 200 
2026-09-22 23:12:51,054 [INFO] Capturing request: https://taylandpompa.yedektv.cfd/s-sport/tracks-v1a1/2026/09/22/23/12/50-06000.jpg
2026-09-22 23:12:51,321 [INFO] 
[9/14]
2026-09-22 23:12:51,322 [INFO] 🔍 S Sport 2 → https://www.atomsportv514.top/matches?id=s-sport-2
2026-09-22 23:12:51,443 [INFO] Capturing request: https://www.atomsportv514.top/matches?id=s-sport-2
2026-09-22 23:12:51,757 [INFO] Capturing response: https://www.atomsportv514.top/matches?id=s-sport-2 200 
2026-09-22 23:12:51,861 [INFO] Capturing response: https://taylandpompa.yedektv.cfd/s-sport/tracks-v1a1/2026/09/22/23/12/50-06000.jpg 200 
2026-09-22 23:12:51,885 [INFO] Capturing request: https://teletv5.top/load/yayinlink.php?id=s-sport-2
2026-09-22 23:12:51,892 [INFO] Capturing request: https://www.atomsportv514.top/favicon.ico
2026-09-22 23:12:51,958 [INFO] Capturing response: https://www.atomsportv514.top/favicon.ico 200 
2026-09-22 23:12:52,045 [INFO] Capturing request: https://streamsport365.com/cinema
2026-09-22 23:12:52,111 [INFO] Capturing response: https://teletv5.top/load/yayinlink.php?id=s-sport-2 200 
2026-09-22 23:12:52,412 [INFO] Capturing response: https://streamsport365.com/cinema 200 
2026-09-22 23:12:52,522 [INFO] Capturing request: https://www.atomsportv514.top/assets/img/player/player_logo_6a87a2e2eecc5.png
2026-09-22 23:12:52,530 [INFO] Capturing request: https://ladyboy.yedektv.cfd//s-sport2/tracks-v1a1/mono.m3u8
2026-09-22 23:12:52,648 [INFO] Capturing response: https://www.atomsportv514.top/assets/img/player/player_logo_6a87a2e2eecc5.png 304 
2026-09-22 23:12:52,751 [INFO] Capturing response: https://ladyboy.yedektv.cfd//s-sport2/tracks-v1a1/mono.m3u8 200 
2026-09-22 23:12:52,861 [INFO] Capturing request: https://taylandpompa.yedektv.cfd/s-sport2/tracks-v1a1/2026/09/22/23/12/23-06400.jpg
2026-09-22 23:12:53,961 [INFO] Capturing response: https://taylandpompa.yedektv.cfd/s-sport2/tracks-v1a1/2026/09/22/23/12/23-06400.jpg 200 
2026-09-22 23:12:54,306 [INFO] Capturing request: https://taylandpompa.yedektv.cfd/s-sport2/tracks-v1a1/2026/09/22/23/12/29-06400.jpg
2026-09-22 23:12:54,801 [INFO]   ✅ M3U8 bulundu: https://ladyboy.yedektv.cfd//s-sport2/tracks-v1a1/mono.m3u8
2026-09-22 23:12:55,411 [INFO] Capturing response: https://taylandpompa.yedektv.cfd/s-sport2/tracks-v1a1/2026/09/22/23/12/29-06400.jpg 200 
2026-09-22 23:12:55,746 [INFO] Capturing request: https://taylandpompa.yedektv.cfd/s-sport2/tracks-v1a1/2026/09/22/23/12/35-06400.jpg
2026-09-22 23:12:55,801 [INFO] 
[10/14]
2026-09-22 23:12:55,802 [INFO] 🔍 A Spor → https://www.atomsportv514.top/matches?id=a-spor
2026-09-22 23:12:55,912 [INFO] Capturing request: https://www.atomsportv514.top/matches?id=a-spor
2026-09-22 23:12:56,237 [INFO] Capturing response: https://www.atomsportv514.top/matches?id=a-spor 200 
2026-09-22 23:12:56,270 [INFO] Capturing request: https://streamsport365.com/cinema
2026-09-22 23:12:56,369 [INFO] Capturing request: https://www.atomsportv514.top/favicon.ico
2026-09-22 23:12:56,369 [INFO] Capturing request: https://teletv5.top/load/yayinlink.php?id=a-spor
2026-09-22 23:12:56,432 [INFO] Capturing response: https://www.atomsportv514.top/favicon.ico 200 
2026-09-22 23:12:56,597 [INFO] Capturing response: https://teletv5.top/load/yayinlink.php?id=a-spor 200 
2026-09-22 23:12:56,643 [INFO] Capturing response: https://streamsport365.com/cinema 200 
2026-09-22 23:12:56,758 [INFO] Capturing request: https://www.atomsportv514.top/assets/img/player/player_logo_6a87a2e2eecc5.png
2026-09-22 23:12:56,768 [INFO] Capturing request: https://ladyboy.yedektv.cfd//aspor/tracks-v1a1/mono.m3u8
2026-09-22 23:12:56,855 [INFO] Capturing response: https://taylandpompa.yedektv.cfd/s-sport2/tracks-v1a1/2026/09/22/23/12/35-06400.jpg 200 
2026-09-22 23:12:56,883 [INFO] Capturing response: https://www.atomsportv514.top/assets/img/player/player_logo_6a87a2e2eecc5.png 304 
2026-09-22 23:12:56,979 [INFO] Capturing response: https://ladyboy.yedektv.cfd//aspor/tracks-v1a1/mono.m3u8 200 
2026-09-22 23:12:57,130 [INFO] Capturing request: https://taylandpompa.yedektv.cfd/aspor/tracks-v1a1/2026/09/22/23/12/38-06000.jpg
2026-09-22 23:12:58,263 [INFO] Capturing response: https://taylandpompa.yedektv.cfd/aspor/tracks-v1a1/2026/09/22/23/12/38-06000.jpg 200 
2026-09-22 23:12:58,469 [INFO] Capturing request: https://taylandpompa.yedektv.cfd/aspor/tracks-v1a1/2026/09/22/23/12/44-06000.jpg
2026-09-22 23:12:58,926 [INFO] Capturing response: https://taylandpompa.yedektv.cfd/aspor/tracks-v1a1/2026/09/22/23/12/44-06000.jpg 200 
2026-09-22 23:12:59,117 [INFO] Capturing request: https://taylandpompa.yedektv.cfd/aspor/tracks-v1a1/2026/09/22/23/12/50-06000.jpg
2026-09-22 23:12:59,287 [INFO]   ✅ M3U8 bulundu: https://ladyboy.yedektv.cfd//aspor/tracks-v1a1/mono.m3u8
2026-09-22 23:12:59,548 [INFO] Capturing response: https://taylandpompa.yedektv.cfd/aspor/tracks-v1a1/2026/09/22/23/12/50-06000.jpg 200 
2026-09-22 23:13:00,288 [INFO] 
[11/14]
2026-09-22 23:13:00,288 [INFO] 🔍 Tivibu Spor 1 → https://www.atomsportv514.top/matches?id=tivibu-spor-1
2026-09-22 23:13:00,397 [INFO] Capturing request: https://www.atomsportv514.top/matches?id=tivibu-spor-1
2026-09-22 23:13:00,717 [INFO] Capturing response: https://www.atomsportv514.top/matches?id=tivibu-spor-1 200 
2026-09-22 23:13:00,847 [INFO] Capturing request: https://www.atomsportv514.top/favicon.ico
2026-09-22 23:13:00,848 [INFO] Capturing request: https://teletv5.top/load/yayinlink.php?id=tivibu-spor-1
2026-09-22 23:13:00,898 [INFO] Capturing response: https://www.atomsportv514.top/favicon.ico 200 
2026-09-22 23:13:01,004 [INFO] Capturing request: https://streamsport365.com/cinema
2026-09-22 23:13:01,069 [INFO] Capturing response: https://teletv5.top/load/yayinlink.php?id=tivibu-spor-1 200 
2026-09-22 23:13:01,367 [INFO] Capturing response: https://streamsport365.com/cinema 200 
2026-09-22 23:13:13,800 [INFO] Capturing request: https://update.googleapis.com/service/update2/json?cup2key=ML-DSA-44-16:pBATgQG0ZweA95TLyRgY6E02GrJVPjLunwrgZV1IDpA&cup2hreq=01cb7b3851553c155f837d3c5ffa2ab82487d7abbab9db72584d32991abcd517
2026-09-22 23:13:13,833 [INFO] Capturing response: https://update.googleapis.com/service/update2/json?cup2key=ML-DSA-44-16:pBATgQG0ZweA95TLyRgY6E02GrJVPjLunwrgZV1IDpA&cup2hreq=01cb7b3851553c155f837d3c5ffa2ab82487d7abbab9db72584d32991abcd517 200 
2026-09-22 23:13:13,843 [INFO] Capturing request: http://edgedl.me.gvt1.com/edgedl/diffgen-puffin/gcmjkmgdlgnkkcocmoeiminaijmmjnii/fc1f961a8e1d6f22b29a01eb8f62d27d7f0f928ed1b230dfa8430cc20542c1bf
2026-09-22 23:13:13,866 [INFO] Capturing response: http://edgedl.me.gvt1.com/edgedl/diffgen-puffin/gcmjkmgdlgnkkcocmoeiminaijmmjnii/fc1f961a8e1d6f22b29a01eb8f62d27d7f0f928ed1b230dfa8430cc20542c1bf 200 OK
2026-09-22 23:13:13,896 [INFO] Capturing request: https://update.googleapis.com/service/update2/json
2026-09-22 23:13:13,924 [INFO] Capturing response: https://update.googleapis.com/service/update2/json 200 
2026-09-22 23:13:13,969 [INFO] Capturing request: http://edgedl.me.gvt1.com/edgedl/release2/chrome_component/bayfqaf3ou7kxfkytbd64fykxi_10792/hfnkpimlhhgieaddgfemjhofmfblmnib_10792_all_lzbsmaqzyci44q6flz52xtiiiq.crx3
2026-09-22 23:13:14,007 [INFO] Capturing response: http://edgedl.me.gvt1.com/edgedl/release2/chrome_component/bayfqaf3ou7kxfkytbd64fykxi_10792/hfnkpimlhhgieaddgfemjhofmfblmnib_10792_all_lzbsmaqzyci44q6flz52xtiiiq.crx3 200 OK
2026-09-22 23:13:14,035 [INFO] Capturing request: https://update.googleapis.com/service/update2/json
2026-09-22 23:13:14,056 [INFO] Capturing response: https://update.googleapis.com/service/update2/json 200 
2026-09-22 23:13:28,577 [INFO] Capturing request: https://android.clients.google.com/c2dm/register3
2026-09-22 23:13:28,620 [INFO] Capturing response: https://android.clients.google.com/c2dm/register3 301 
2026-09-22 23:13:34,049 [WARNING]   ❌ Tivibu Spor 1 için M3U8 bulunamadı
2026-09-22 23:13:35,049 [INFO] 
[12/14]
2026-09-22 23:13:35,050 [INFO] 🔍 Tivibu Spor 2 → https://www.atomsportv514.top/matches?id=tivibu-spor-2
2026-09-22 23:13:35,202 [INFO] Capturing request: https://www.atomsportv514.top/matches?id=tivibu-spor-2
2026-09-22 23:13:36,032 [INFO] Capturing response: https://www.atomsportv514.top/matches?id=tivibu-spor-2 200 
2026-09-22 23:13:36,194 [INFO] Capturing request: https://www.atomsportv514.top/favicon.ico
2026-09-22 23:13:36,240 [INFO] Capturing request: https://teletv5.top/load/yayinlink.php?id=tivibu-spor-2
2026-09-22 23:13:36,264 [INFO] Capturing response: https://www.atomsportv514.top/favicon.ico 200 
2026-09-22 23:13:36,723 [INFO] Capturing response: https://teletv5.top/load/yayinlink.php?id=tivibu-spor-2 200 
2026-09-22 23:13:36,807 [INFO] Capturing request: https://streamsport365.com/cinema
2026-09-22 23:13:37,157 [INFO] Capturing response: https://streamsport365.com/cinema 200 
2026-09-22 23:14:09,360 [WARNING]   ❌ Tivibu Spor 2 için M3U8 bulunamadı
2026-09-22 23:14:10,360 [INFO] 
[13/14]
2026-09-22 23:14:10,361 [INFO] 🔍 Tivibu Spor 3 → https://www.atomsportv514.top/matches?id=tivibu-spor-3
2026-09-22 23:14:10,470 [INFO] Capturing request: https://www.atomsportv514.top/matches?id=tivibu-spor-3
2026-09-22 23:14:10,986 [INFO] Capturing response: https://www.atomsportv514.top/matches?id=tivibu-spor-3 200 
2026-09-22 23:14:11,115 [INFO] Capturing request: https://teletv5.top/load/yayinlink.php?id=tivibu-spor-3
2026-09-22 23:14:11,118 [INFO] Capturing request: https://www.atomsportv514.top/favicon.ico
2026-09-22 23:14:11,196 [INFO] Capturing response: https://www.atomsportv514.top/favicon.ico 200 
2026-09-22 23:14:11,273 [INFO] Capturing request: https://streamsport365.com/cinema
2026-09-22 23:14:11,358 [INFO] Capturing response: https://teletv5.top/load/yayinlink.php?id=tivibu-spor-3 200 
2026-09-22 23:14:11,643 [INFO] Capturing response: https://streamsport365.com/cinema 200 
2026-09-22 23:14:44,279 [WARNING]   ❌ Tivibu Spor 3 için M3U8 bulunamadı
2026-09-22 23:14:45,279 [INFO] 
[14/14]
2026-09-22 23:14:45,279 [INFO] 🔍 Tivibu Spor 4 → https://www.atomsportv514.top/matches?id=tivibu-spor-4
2026-09-22 23:14:45,388 [INFO] Capturing request: https://www.atomsportv514.top/matches?id=tivibu-spor-4
2026-09-22 23:14:45,920 [INFO] Capturing response: https://www.atomsportv514.top/matches?id=tivibu-spor-4 200 
2026-09-22 23:14:46,045 [INFO] Capturing request: https://teletv5.top/load/yayinlink.php?id=tivibu-spor-4
2026-09-22 23:14:46,050 [INFO] Capturing request: https://www.atomsportv514.top/favicon.ico
2026-09-22 23:14:46,109 [INFO] Capturing response: https://www.atomsportv514.top/favicon.ico 200 
2026-09-22 23:14:46,203 [INFO] Capturing request: https://streamsport365.com/cinema
2026-09-22 23:14:46,296 [INFO] Capturing response: https://teletv5.top/load/yayinlink.php?id=tivibu-spor-4 200 
2026-09-22 23:14:46,573 [INFO] Capturing response: https://streamsport365.com/cinema 200 
2026-09-22 23:15:19,215 [WARNING]   ❌ Tivibu Spor 4 için M3U8 bulunamadı
2026-09-22 23:15:20,285 [INFO] ✅ 10 kanal bulundu, playlist.m3u kaydedildi
