2026-08-11 07:48:20,395 [INFO] 🌐 BASE_URL: https://www.atomsportv512.top
2026-08-11 07:48:21,282 [INFO] Başlanıyor... 14 kanal taranacak
2026-08-11 07:48:21,283 [INFO] Using default request storage
2026-08-11 07:48:21,287 [INFO] Created proxy listening on 127.0.0.1:43367
2026-08-11 07:48:21,987 [INFO] Capturing request: http://clients2.google.com/time/1/current?cup2key=10:k_c6yy4-lJuwAM0DoJ3RCJf09t9Zymd4maoEJjGOlbY&cup2hreq=e3b0c44298fc1c149afbf4c8996fb92427ae41e4649b934ca495991b7852b855
2026-08-11 07:48:22,030 [INFO] Capturing response: http://clients2.google.com/time/1/current?cup2key=10:k_c6yy4-lJuwAM0DoJ3RCJf09t9Zymd4maoEJjGOlbY&cup2hreq=e3b0c44298fc1c149afbf4c8996fb92427ae41e4649b934ca495991b7852b855 200 OK
2026-08-11 07:48:22,218 [INFO] 
[1/14]
2026-08-11 07:48:22,219 [INFO] 🔍 beIN Sports 1 → https://www.atomsportv512.top/matches?id=bein-sports-1
2026-08-11 07:48:22,307 [INFO] Capturing request: https://update.googleapis.com/service/update2/json?cup2key=16:7Wpaud8Tg8ezZAbX7fgyQgWIbkR8d4oa84zrK-j6Cpg&cup2hreq=92fd7722442121bfb2cfbc552f6c5a42a6c16344804c6fa89d987b64ba7ebe15
2026-08-11 07:48:22,315 [INFO] Capturing request: https://accounts.google.com/ListAccounts?gpsia=1&source=ChromiumBrowser&json=standard&laf=b64bin
2026-08-11 07:48:22,355 [INFO] Capturing response: https://update.googleapis.com/service/update2/json?cup2key=16:7Wpaud8Tg8ezZAbX7fgyQgWIbkR8d4oa84zrK-j6Cpg&cup2hreq=92fd7722442121bfb2cfbc552f6c5a42a6c16344804c6fa89d987b64ba7ebe15 200 
2026-08-11 07:48:22,366 [INFO] Capturing response: https://accounts.google.com/ListAccounts?gpsia=1&source=ChromiumBrowser&json=standard&laf=b64bin 200 
2026-08-11 07:48:22,402 [INFO] Capturing request: https://update.googleapis.com/service/update2/json?cup2key=16:bTpnqEtoPcxV-IF5n2Nfktp0gqM0Zo7-4TCaxyyU5ic&cup2hreq=b55f857eabf790f1334dda4188ae9d46e06ef21f63733832d1abc1fba3606f74
2026-08-11 07:48:22,405 [INFO] Capturing request: https://www.google.com/async/folae?async=_fmt:pb&udm=50&client_locale=en-US&client_country=ZZ
2026-08-11 07:48:22,427 [INFO] Capturing response: https://update.googleapis.com/service/update2/json?cup2key=16:bTpnqEtoPcxV-IF5n2Nfktp0gqM0Zo7-4TCaxyyU5ic&cup2hreq=b55f857eabf790f1334dda4188ae9d46e06ef21f63733832d1abc1fba3606f74 200 
2026-08-11 07:48:22,434 [INFO] Capturing response: https://www.google.com/async/folae?async=_fmt:pb&udm=50&client_locale=en-US&client_country=ZZ 200 
2026-08-11 07:48:22,470 [INFO] Capturing request: https://www.atomsportv512.top/matches?id=bein-sports-1
2026-08-11 07:48:22,475 [INFO] Capturing request: https://update.googleapis.com/service/update2/json?cup2key=16:U27v1V4Nkzkp__rxFAPC7kve7nAf6vz3GhPUcGjQZGg&cup2hreq=e57307db8bb383e85a4ebfaf0dc959b2a0c6b5ed5d2dda8287c965281991ac98
2026-08-11 07:48:22,500 [INFO] Capturing response: https://update.googleapis.com/service/update2/json?cup2key=16:U27v1V4Nkzkp__rxFAPC7kve7nAf6vz3GhPUcGjQZGg&cup2hreq=e57307db8bb383e85a4ebfaf0dc959b2a0c6b5ed5d2dda8287c965281991ac98 200 
2026-08-11 07:48:22,614 [INFO] Capturing request: https://www.google.com/async/folae?async=_fmt:pb&udm=50&client_locale=en-US&client_country=ZZ
2026-08-11 07:48:22,634 [INFO] Capturing response: https://www.google.com/async/folae?async=_fmt:pb&udm=50&client_locale=en-US&client_country=ZZ 200 
2026-08-11 07:48:23,032 [INFO] Capturing response: https://www.atomsportv512.top/matches?id=bein-sports-1 200 
2026-08-11 07:48:23,238 [INFO] Capturing request: https://cdn.jsdelivr.net/npm/@clappr/player@0.11.16/dist/clappr.min.js
2026-08-11 07:48:23,242 [INFO] Capturing request: https://cdn.jsdelivr.net/npm/level-selector/dist/level-selector.min.js
2026-08-11 07:48:23,244 [INFO] Capturing request: https://cdn.jsdelivr.net/npm/@clappr/hlsjs-playback@1.8.3/dist/hlsjs-playback.min.js
2026-08-11 07:48:23,257 [INFO] Capturing response: https://cdn.jsdelivr.net/npm/level-selector/dist/level-selector.min.js 200 
2026-08-11 07:48:23,271 [INFO] Capturing response: https://cdn.jsdelivr.net/npm/@clappr/player@0.11.16/dist/clappr.min.js 200 
2026-08-11 07:48:23,275 [INFO] Capturing response: https://cdn.jsdelivr.net/npm/@clappr/hlsjs-playback@1.8.3/dist/hlsjs-playback.min.js 200 
2026-08-11 07:48:23,492 [INFO] Capturing request: https://www.atomsportv512.top/favicon.ico
2026-08-11 07:48:23,540 [INFO] Capturing response: https://www.atomsportv512.top/favicon.ico 200 
2026-08-11 07:48:23,550 [INFO] Capturing request: https://teletv5.top/load/yayinlink.php?id=bein-sports-1
2026-08-11 07:48:23,892 [INFO] Capturing response: https://teletv5.top/load/yayinlink.php?id=bein-sports-1 200 
2026-08-11 07:48:24,008 [INFO] Capturing request: https://streamsport365.com/cinema
2026-08-11 07:48:24,255 [INFO] Capturing response: https://streamsport365.com/cinema 200 
2026-08-11 07:48:24,387 [INFO] Capturing request: https://www.atomsportv512.top/assets/img/player/player_logo_6a72b29dbcd89.png
2026-08-11 07:48:24,433 [INFO] Capturing response: https://www.atomsportv512.top/assets/img/player/player_logo_6a72b29dbcd89.png 200 
2026-08-11 07:48:24,449 [INFO] Capturing request: https://corestream.siteyaptim.live//bein1/tracks-v1a1/mono.m3u8
2026-08-11 07:48:24,479 [INFO] Capturing response: https://corestream.siteyaptim.live//bein1/tracks-v1a1/mono.m3u8 200 
2026-08-11 07:48:24,689 [INFO] Capturing request: https://global.siteyaptim.live/bein1/tracks-v1a1/2026/08/11/07/48/24-06000.jpg
2026-08-11 07:48:24,924 [INFO] Capturing response: https://global.siteyaptim.live/bein1/tracks-v1a1/2026/08/11/07/48/24-06000.jpg 200 
2026-08-11 07:48:25,169 [INFO] Capturing request: https://global.siteyaptim.live/bein1/tracks-v1a1/2026/08/11/07/48/30-06000.jpg
2026-08-11 07:48:25,421 [INFO] Capturing response: https://global.siteyaptim.live/bein1/tracks-v1a1/2026/08/11/07/48/30-06000.jpg 200 
2026-08-11 07:48:25,467 [INFO] Capturing request: https://android.clients.google.com/checkin
2026-08-11 07:48:25,666 [INFO] Capturing request: https://global.siteyaptim.live/bein1/tracks-v1a1/2026/08/11/07/48/36-06000.jpg
2026-08-11 07:48:25,820 [INFO] Capturing response: https://android.clients.google.com/checkin 200 
2026-08-11 07:48:25,881 [INFO] Capturing request: https://android.clients.google.com/c2dm/register3
2026-08-11 07:48:25,890 [INFO] Capturing request: https://android.clients.google.com/c2dm/register3
2026-08-11 07:48:25,895 [INFO] Capturing request: https://android.clients.google.com/c2dm/register3
2026-08-11 07:48:25,914 [INFO] Capturing response: https://global.siteyaptim.live/bein1/tracks-v1a1/2026/08/11/07/48/36-06000.jpg 200 
2026-08-11 07:48:25,923 [INFO] Capturing response: https://android.clients.google.com/c2dm/register3 301 
2026-08-11 07:48:25,938 [INFO] Capturing response: https://android.clients.google.com/c2dm/register3 200 
2026-08-11 07:48:26,358 [INFO] Capturing response: https://android.clients.google.com/c2dm/register3 200 
2026-08-11 07:48:26,431 [INFO]   ✅ M3U8 bulundu: https://corestream.siteyaptim.live//bein1/tracks-v1a1/mono.m3u8
2026-08-11 07:48:27,432 [INFO] 
[2/14]
2026-08-11 07:48:27,432 [INFO] 🔍 beIN Sports 2 → https://www.atomsportv512.top/matches?id=bein-sports-2
2026-08-11 07:48:27,544 [INFO] Capturing request: https://www.atomsportv512.top/matches?id=bein-sports-2
2026-08-11 07:48:27,861 [INFO] Capturing response: https://www.atomsportv512.top/matches?id=bein-sports-2 200 
2026-08-11 07:48:27,911 [INFO] Capturing request: https://streamsport365.com/cinema
2026-08-11 07:48:28,014 [INFO] Capturing request: https://teletv5.top/load/yayinlink.php?id=bein-sports-2
2026-08-11 07:48:28,016 [INFO] Capturing request: https://www.atomsportv512.top/favicon.ico
2026-08-11 07:48:28,052 [INFO] Capturing response: https://www.atomsportv512.top/favicon.ico 200 
2026-08-11 07:48:28,164 [INFO] Capturing response: https://streamsport365.com/cinema 200 
2026-08-11 07:48:28,186 [INFO] Capturing response: https://teletv5.top/load/yayinlink.php?id=bein-sports-2 200 
2026-08-11 07:48:28,299 [INFO] Capturing request: https://www.atomsportv512.top/assets/img/player/player_logo_6a72b29dbcd89.png
2026-08-11 07:48:28,309 [INFO] Capturing request: https://corestream.siteyaptim.live//bein2/tracks-v1a1/mono.m3u8
2026-08-11 07:48:28,420 [INFO] Capturing response: https://www.atomsportv512.top/assets/img/player/player_logo_6a72b29dbcd89.png 304 
2026-08-11 07:48:28,425 [INFO] Capturing response: https://corestream.siteyaptim.live//bein2/tracks-v1a1/mono.m3u8 200 
2026-08-11 07:48:28,535 [INFO] Capturing request: https://global.siteyaptim.live/bein2/tracks-v1a1/2026/08/11/07/48/04-05000.jpg
2026-08-11 07:48:28,855 [INFO] Capturing response: https://global.siteyaptim.live/bein2/tracks-v1a1/2026/08/11/07/48/04-05000.jpg 200 
2026-08-11 07:48:29,100 [INFO] Capturing request: https://global.siteyaptim.live/bein2/tracks-v1a1/2026/08/11/07/48/09-09320.jpg
2026-08-11 07:48:29,520 [INFO] Capturing response: https://global.siteyaptim.live/bein2/tracks-v1a1/2026/08/11/07/48/09-09320.jpg 200 
2026-08-11 07:48:29,790 [INFO] Capturing request: https://global.siteyaptim.live/bein2/tracks-v1a1/2026/08/11/07/48/18-05000.jpg
2026-08-11 07:48:30,354 [INFO] Capturing response: https://global.siteyaptim.live/bein2/tracks-v1a1/2026/08/11/07/48/18-05000.jpg 200 
2026-08-11 07:48:30,566 [INFO] Capturing request: https://global.siteyaptim.live/bein2/tracks-v1a1/2026/08/11/07/48/23-05000.jpg
2026-08-11 07:48:30,836 [INFO] Capturing response: https://global.siteyaptim.live/bein2/tracks-v1a1/2026/08/11/07/48/23-05000.jpg 200 
2026-08-11 07:48:30,936 [INFO]   ✅ M3U8 bulundu: https://corestream.siteyaptim.live//bein2/tracks-v1a1/mono.m3u8
2026-08-11 07:48:31,937 [INFO] 
[3/14]
2026-08-11 07:48:31,937 [INFO] 🔍 beIN Sports 3 → https://www.atomsportv512.top/matches?id=bein-sports-3
2026-08-11 07:48:32,048 [INFO] Capturing request: https://www.atomsportv512.top/matches?id=bein-sports-3
2026-08-11 07:48:32,256 [INFO] Capturing response: https://www.atomsportv512.top/matches?id=bein-sports-3 200 
2026-08-11 07:48:32,392 [INFO] Capturing request: https://teletv5.top/load/yayinlink.php?id=bein-sports-3
2026-08-11 07:48:32,395 [INFO] Capturing request: https://www.atomsportv512.top/favicon.ico
2026-08-11 07:48:32,432 [INFO] Capturing response: https://www.atomsportv512.top/favicon.ico 200 
2026-08-11 07:48:32,492 [INFO] Capturing request: https://streamsport365.com/cinema
2026-08-11 07:48:32,745 [INFO] Capturing response: https://streamsport365.com/cinema 200 
2026-08-11 07:48:32,798 [INFO] Capturing response: https://teletv5.top/load/yayinlink.php?id=bein-sports-3 200 
2026-08-11 07:48:32,910 [INFO] Capturing request: https://www.atomsportv512.top/assets/img/player/player_logo_6a72b29dbcd89.png
2026-08-11 07:48:32,921 [INFO] Capturing request: https://corestream.siteyaptim.live//bein3/tracks-v1a1/mono.m3u8
2026-08-11 07:48:33,028 [INFO] Capturing response: https://www.atomsportv512.top/assets/img/player/player_logo_6a72b29dbcd89.png 304 
2026-08-11 07:48:33,038 [INFO] Capturing response: https://corestream.siteyaptim.live//bein3/tracks-v1a1/mono.m3u8 200 
2026-08-11 07:48:33,148 [INFO] Capturing request: https://global.siteyaptim.live/bein3/tracks-v1a1/2026/08/11/07/48/10-05000.jpg
2026-08-11 07:48:33,431 [INFO] Capturing response: https://global.siteyaptim.live/bein3/tracks-v1a1/2026/08/11/07/48/10-05000.jpg 200 
2026-08-11 07:48:33,608 [INFO] Capturing request: https://global.siteyaptim.live/bein3/tracks-v1a1/2026/08/11/07/48/15-05000.jpg
2026-08-11 07:48:33,848 [INFO] Capturing response: https://global.siteyaptim.live/bein3/tracks-v1a1/2026/08/11/07/48/15-05000.jpg 200 
2026-08-11 07:48:34,052 [INFO] Capturing request: https://global.siteyaptim.live/bein3/tracks-v1a1/2026/08/11/07/48/20-07780.jpg
2026-08-11 07:48:34,429 [INFO] Capturing response: https://global.siteyaptim.live/bein3/tracks-v1a1/2026/08/11/07/48/20-07780.jpg 200 
2026-08-11 07:48:34,690 [INFO] Capturing request: https://global.siteyaptim.live/bein3/tracks-v1a1/2026/08/11/07/48/28-09740.jpg
2026-08-11 07:48:35,054 [INFO] Capturing response: https://global.siteyaptim.live/bein3/tracks-v1a1/2026/08/11/07/48/28-09740.jpg 200 
2026-08-11 07:48:35,314 [INFO]   ✅ M3U8 bulundu: https://corestream.siteyaptim.live//bein3/tracks-v1a1/mono.m3u8
2026-08-11 07:48:36,315 [INFO] 
[4/14]
2026-08-11 07:48:36,315 [INFO] 🔍 beIN Sports 4 → https://www.atomsportv512.top/matches?id=bein-sports-4
2026-08-11 07:48:36,425 [INFO] Capturing request: https://www.atomsportv512.top/matches?id=bein-sports-4
2026-08-11 07:48:36,641 [INFO] Capturing response: https://www.atomsportv512.top/matches?id=bein-sports-4 200 
2026-08-11 07:48:36,675 [INFO] Capturing request: https://streamsport365.com/cinema
2026-08-11 07:48:36,775 [INFO] Capturing request: https://teletv5.top/load/yayinlink.php?id=bein-sports-4
2026-08-11 07:48:36,777 [INFO] Capturing request: https://www.atomsportv512.top/favicon.ico
2026-08-11 07:48:36,810 [INFO] Capturing response: https://www.atomsportv512.top/favicon.ico 200 
2026-08-11 07:48:36,924 [INFO] Capturing response: https://streamsport365.com/cinema 200 
2026-08-11 07:48:36,949 [INFO] Capturing response: https://teletv5.top/load/yayinlink.php?id=bein-sports-4 200 
2026-08-11 07:48:37,101 [INFO] Capturing request: https://www.atomsportv512.top/assets/img/player/player_logo_6a72b29dbcd89.png
2026-08-11 07:48:37,112 [INFO] Capturing request: https://corestream.siteyaptim.live//bein4/tracks-v1a1/mono.m3u8
2026-08-11 07:48:37,218 [INFO] Capturing response: https://www.atomsportv512.top/assets/img/player/player_logo_6a72b29dbcd89.png 304 
2026-08-11 07:48:37,233 [INFO] Capturing response: https://corestream.siteyaptim.live//bein4/tracks-v1a1/mono.m3u8 200 
2026-08-11 07:48:37,384 [INFO] Capturing request: https://global.siteyaptim.live/bein4/tracks-v1a1/2026/08/11/07/48/09-10000.jpg
2026-08-11 07:48:37,888 [INFO] Capturing response: https://global.siteyaptim.live/bein4/tracks-v1a1/2026/08/11/07/48/09-10000.jpg 200 
2026-08-11 07:48:38,225 [INFO] Capturing request: https://global.siteyaptim.live/bein4/tracks-v1a1/2026/08/11/07/48/19-10000.jpg
2026-08-11 07:48:38,798 [INFO] Capturing response: https://global.siteyaptim.live/bein4/tracks-v1a1/2026/08/11/07/48/19-10000.jpg 200 
2026-08-11 07:48:39,127 [INFO] Capturing request: https://global.siteyaptim.live/bein4/tracks-v1a1/2026/08/11/07/48/29-10000.jpg
2026-08-11 07:48:39,649 [INFO] Capturing response: https://global.siteyaptim.live/bein4/tracks-v1a1/2026/08/11/07/48/29-10000.jpg 200 
2026-08-11 07:48:39,711 [INFO]   ✅ M3U8 bulundu: https://corestream.siteyaptim.live//bein4/tracks-v1a1/mono.m3u8
2026-08-11 07:48:40,712 [INFO] 
[5/14]
2026-08-11 07:48:40,712 [INFO] 🔍 beIN Sports 5 → https://www.atomsportv512.top/matches?id=bein-sports-5
2026-08-11 07:48:40,823 [INFO] Capturing request: https://www.atomsportv512.top/matches?id=bein-sports-5
2026-08-11 07:48:41,031 [INFO] Capturing response: https://www.atomsportv512.top/matches?id=bein-sports-5 200 
2026-08-11 07:48:41,161 [INFO] Capturing request: https://teletv5.top/load/yayinlink.php?id=bein-sports-5
2026-08-11 07:48:41,164 [INFO] Capturing request: https://www.atomsportv512.top/favicon.ico
2026-08-11 07:48:41,202 [INFO] Capturing response: https://www.atomsportv512.top/favicon.ico 200 
2026-08-11 07:48:41,265 [INFO] Capturing request: https://streamsport365.com/cinema
2026-08-11 07:48:41,337 [INFO] Capturing response: https://teletv5.top/load/yayinlink.php?id=bein-sports-5 200 
2026-08-11 07:48:41,514 [INFO] Capturing response: https://streamsport365.com/cinema 200 
2026-08-11 07:48:41,625 [INFO] Capturing request: https://www.atomsportv512.top/assets/img/player/player_logo_6a72b29dbcd89.png
2026-08-11 07:48:41,635 [INFO] Capturing request: https://corestream.siteyaptim.live//bein5/tracks-v1a1/mono.m3u8
2026-08-11 07:48:41,744 [INFO] Capturing response: https://www.atomsportv512.top/assets/img/player/player_logo_6a72b29dbcd89.png 304 
2026-08-11 07:48:41,749 [INFO] Capturing response: https://corestream.siteyaptim.live//bein5/tracks-v1a1/mono.m3u8 200 
2026-08-11 07:48:41,859 [INFO] Capturing request: https://global.siteyaptim.live/bein5/tracks-v1a1/2026/08/11/07/48/51-06000.jpg
2026-08-11 07:48:42,479 [INFO] Capturing response: https://global.siteyaptim.live/bein5/tracks-v1a1/2026/08/11/07/48/51-06000.jpg 200 
2026-08-11 07:48:42,818 [INFO] Capturing request: https://global.siteyaptim.live/bein5/tracks-v1a1/2026/08/11/07/48/57-06000.jpg
2026-08-11 07:48:43,385 [INFO] Capturing response: https://global.siteyaptim.live/bein5/tracks-v1a1/2026/08/11/07/48/57-06000.jpg 200 
2026-08-11 07:48:43,724 [INFO] Capturing request: https://global.siteyaptim.live/bein5/tracks-v1a1/2026/08/11/07/49/03-06000.jpg
2026-08-11 07:48:44,105 [INFO]   ✅ M3U8 bulundu: https://corestream.siteyaptim.live//bein5/tracks-v1a1/mono.m3u8
2026-08-11 07:48:44,349 [INFO] Capturing response: https://global.siteyaptim.live/bein5/tracks-v1a1/2026/08/11/07/49/03-06000.jpg 200 
2026-08-11 07:48:45,108 [INFO] 
[6/14]
2026-08-11 07:48:45,108 [INFO] 🔍 beIN Sports Max 1 → https://www.atomsportv512.top/matches?id=bein-sports-max-1
2026-08-11 07:48:45,219 [INFO] Capturing request: https://www.atomsportv512.top/matches?id=bein-sports-max-1
2026-08-11 07:48:45,427 [INFO] Capturing response: https://www.atomsportv512.top/matches?id=bein-sports-max-1 200 
2026-08-11 07:48:45,458 [INFO] Capturing request: https://streamsport365.com/cinema
2026-08-11 07:48:45,559 [INFO] Capturing request: https://teletv5.top/load/yayinlink.php?id=bein-sports-max-1
2026-08-11 07:48:45,559 [INFO] Capturing request: https://www.atomsportv512.top/favicon.ico
2026-08-11 07:48:45,597 [INFO] Capturing response: https://www.atomsportv512.top/favicon.ico 200 
2026-08-11 07:48:45,705 [INFO] Capturing response: https://streamsport365.com/cinema 200 
2026-08-11 07:48:45,733 [INFO] Capturing response: https://teletv5.top/load/yayinlink.php?id=bein-sports-max-1 200 
2026-08-11 07:48:45,886 [INFO] Capturing request: https://www.atomsportv512.top/assets/img/player/player_logo_6a72b29dbcd89.png
2026-08-11 07:48:45,898 [INFO] Capturing request: https://corestream.siteyaptim.live//beinmax1/tracks-v1a1/mono.m3u8
2026-08-11 07:48:46,007 [INFO] Capturing response: https://www.atomsportv512.top/assets/img/player/player_logo_6a72b29dbcd89.png 304 
2026-08-11 07:48:46,027 [INFO] Capturing response: https://corestream.siteyaptim.live//beinmax1/tracks-v1a1/mono.m3u8 200 
2026-08-11 07:48:46,177 [INFO] Capturing request: https://global.siteyaptim.live/beinmax1/tracks-v1a1/2026/08/11/07/48/33-05000.jpg
2026-08-11 07:48:46,522 [INFO] Capturing response: https://global.siteyaptim.live/beinmax1/tracks-v1a1/2026/08/11/07/48/33-05000.jpg 200 
2026-08-11 07:48:46,738 [INFO] Capturing request: https://global.siteyaptim.live/beinmax1/tracks-v1a1/2026/08/11/07/48/38-05000.jpg
2026-08-11 07:48:47,096 [INFO] Capturing response: https://global.siteyaptim.live/beinmax1/tracks-v1a1/2026/08/11/07/48/38-05000.jpg 200 
2026-08-11 07:48:47,339 [INFO] Capturing request: https://global.siteyaptim.live/beinmax1/tracks-v1a1/2026/08/11/07/48/43-05000.jpg
2026-08-11 07:48:47,691 [INFO] Capturing response: https://global.siteyaptim.live/beinmax1/tracks-v1a1/2026/08/11/07/48/43-05000.jpg 200 
2026-08-11 07:48:48,483 [INFO]   ✅ M3U8 bulundu: https://corestream.siteyaptim.live//beinmax1/tracks-v1a1/mono.m3u8
2026-08-11 07:48:49,483 [INFO] 
[7/14]
2026-08-11 07:48:49,483 [INFO] 🔍 beIN Sports Max 2 → https://www.atomsportv512.top/matches?id=bein-sports-max-2
2026-08-11 07:48:49,594 [INFO] Capturing request: https://www.atomsportv512.top/matches?id=bein-sports-max-2
2026-08-11 07:48:49,805 [INFO] Capturing response: https://www.atomsportv512.top/matches?id=bein-sports-max-2 200 
2026-08-11 07:48:49,844 [INFO] Capturing request: https://android.clients.google.com/c2dm/register3
2026-08-11 07:48:49,889 [INFO] Capturing response: https://android.clients.google.com/c2dm/register3 301 
2026-08-11 07:48:49,938 [INFO] Capturing request: https://teletv5.top/load/yayinlink.php?id=bein-sports-max-2
2026-08-11 07:48:49,943 [INFO] Capturing request: https://www.atomsportv512.top/favicon.ico
2026-08-11 07:48:49,980 [INFO] Capturing response: https://www.atomsportv512.top/favicon.ico 200 
2026-08-11 07:48:50,039 [INFO] Capturing request: https://streamsport365.com/cinema
2026-08-11 07:48:50,112 [INFO] Capturing response: https://teletv5.top/load/yayinlink.php?id=bein-sports-max-2 200 
2026-08-11 07:48:50,294 [INFO] Capturing response: https://streamsport365.com/cinema 200 
2026-08-11 07:48:50,404 [INFO] Capturing request: https://www.atomsportv512.top/assets/img/player/player_logo_6a72b29dbcd89.png
2026-08-11 07:48:50,414 [INFO] Capturing request: https://corestream.siteyaptim.live//hls/s-sport.m3u8
2026-08-11 07:48:50,526 [INFO] Capturing response: https://www.atomsportv512.top/assets/img/player/player_logo_6a72b29dbcd89.png 304 
2026-08-11 07:48:50,541 [INFO] Capturing response: https://corestream.siteyaptim.live//hls/s-sport.m3u8 404 
2026-08-11 07:48:52,416 [INFO] Capturing request: https://android.clients.google.com/c2dm/register3
2026-08-11 07:48:52,665 [INFO] Capturing request: https://corestream.siteyaptim.live//hls/s-sport.m3u8
2026-08-11 07:48:52,776 [INFO] Capturing response: https://corestream.siteyaptim.live//hls/s-sport.m3u8 404 
2026-08-11 07:48:52,824 [INFO] Capturing response: https://android.clients.google.com/c2dm/register3 200 
2026-08-11 07:48:52,857 [INFO]   ✅ M3U8 bulundu: https://corestream.siteyaptim.live//hls/s-sport.m3u8
2026-08-11 07:48:53,857 [INFO] 
[8/14]
2026-08-11 07:48:53,857 [INFO] 🔍 S Sport → https://www.atomsportv512.top/matches?id=s-sport
2026-08-11 07:48:53,966 [INFO] Capturing request: https://www.atomsportv512.top/matches?id=s-sport
2026-08-11 07:48:54,328 [INFO] Capturing response: https://www.atomsportv512.top/matches?id=s-sport 200 
2026-08-11 07:48:54,357 [INFO] Capturing request: https://streamsport365.com/cinema
2026-08-11 07:48:54,459 [INFO] Capturing request: https://teletv5.top/load/yayinlink.php?id=s-sport
2026-08-11 07:48:54,463 [INFO] Capturing request: https://www.atomsportv512.top/favicon.ico
2026-08-11 07:48:54,501 [INFO] Capturing response: https://www.atomsportv512.top/favicon.ico 200 
2026-08-11 07:48:54,613 [INFO] Capturing response: https://streamsport365.com/cinema 200 
2026-08-11 07:48:54,632 [INFO] Capturing response: https://teletv5.top/load/yayinlink.php?id=s-sport 200 
2026-08-11 07:48:54,784 [INFO] Capturing request: https://www.atomsportv512.top/assets/img/player/player_logo_6a72b29dbcd89.png
2026-08-11 07:48:54,794 [INFO] Capturing request: https://corestream.siteyaptim.live//s-sport/tracks-v1a1/mono.m3u8
2026-08-11 07:48:54,902 [INFO] Capturing response: https://www.atomsportv512.top/assets/img/player/player_logo_6a72b29dbcd89.png 304 
2026-08-11 07:48:54,907 [INFO] Capturing response: https://corestream.siteyaptim.live//s-sport/tracks-v1a1/mono.m3u8 200 
2026-08-11 07:48:55,017 [INFO] Capturing request: https://global.siteyaptim.live/s-sport/tracks-v1a1/2026/08/11/07/48/28-10000.jpg
2026-08-11 07:48:55,315 [INFO] Capturing response: https://global.siteyaptim.live/s-sport/tracks-v1a1/2026/08/11/07/48/28-10000.jpg 200 
2026-08-11 07:48:55,547 [INFO] Capturing request: https://global.siteyaptim.live/s-sport/tracks-v1a1/2026/08/11/07/48/38-10000.jpg
2026-08-11 07:48:55,865 [INFO] Capturing response: https://global.siteyaptim.live/s-sport/tracks-v1a1/2026/08/11/07/48/38-10000.jpg 200 
2026-08-11 07:48:56,108 [INFO] Capturing request: https://global.siteyaptim.live/s-sport/tracks-v1a1/2026/08/11/07/48/48-10000.jpg
2026-08-11 07:48:56,462 [INFO] Capturing response: https://global.siteyaptim.live/s-sport/tracks-v1a1/2026/08/11/07/48/48-10000.jpg 200 
2026-08-11 07:48:56,711 [INFO] Capturing request: https://global.siteyaptim.live/s-sport/tracks-v1a1/2026/08/11/07/48/58-12200.jpg
2026-08-11 07:48:57,076 [INFO] Capturing response: https://global.siteyaptim.live/s-sport/tracks-v1a1/2026/08/11/07/48/58-12200.jpg 200 
2026-08-11 07:48:57,387 [INFO]   ✅ M3U8 bulundu: https://corestream.siteyaptim.live//s-sport/tracks-v1a1/mono.m3u8
2026-08-11 07:48:58,387 [INFO] 
[9/14]
2026-08-11 07:48:58,387 [INFO] 🔍 S Sport 2 → https://www.atomsportv512.top/matches?id=s-sport-2
2026-08-11 07:48:58,498 [INFO] Capturing request: https://www.atomsportv512.top/matches?id=s-sport-2
2026-08-11 07:48:58,709 [INFO] Capturing response: https://www.atomsportv512.top/matches?id=s-sport-2 200 
2026-08-11 07:48:58,841 [INFO] Capturing request: https://teletv5.top/load/yayinlink.php?id=s-sport-2
2026-08-11 07:48:58,844 [INFO] Capturing request: https://www.atomsportv512.top/favicon.ico
2026-08-11 07:48:58,882 [INFO] Capturing response: https://www.atomsportv512.top/favicon.ico 200 
2026-08-11 07:48:58,942 [INFO] Capturing request: https://streamsport365.com/cinema
2026-08-11 07:48:59,015 [INFO] Capturing response: https://teletv5.top/load/yayinlink.php?id=s-sport-2 200 
2026-08-11 07:48:59,201 [INFO] Capturing response: https://streamsport365.com/cinema 200 
2026-08-11 07:48:59,313 [INFO] Capturing request: https://www.atomsportv512.top/assets/img/player/player_logo_6a72b29dbcd89.png
2026-08-11 07:48:59,323 [INFO] Capturing request: https://corestream.siteyaptim.live//s-sport2/tracks-v1a1/mono.m3u8
2026-08-11 07:48:59,433 [INFO] Capturing response: https://www.atomsportv512.top/assets/img/player/player_logo_6a72b29dbcd89.png 304 
2026-08-11 07:48:59,438 [INFO] Capturing response: https://corestream.siteyaptim.live//s-sport2/tracks-v1a1/mono.m3u8 200 
2026-08-11 07:48:59,549 [INFO] Capturing request: https://global.siteyaptim.live/s-sport2/tracks-v1a1/2026/08/11/07/48/40-10000.jpg
2026-08-11 07:48:59,987 [INFO] Capturing response: https://global.siteyaptim.live/s-sport2/tracks-v1a1/2026/08/11/07/48/40-10000.jpg 200 
2026-08-11 07:49:00,271 [INFO] Capturing request: https://global.siteyaptim.live/s-sport2/tracks-v1a1/2026/08/11/07/48/50-10000.jpg
2026-08-11 07:49:00,855 [INFO] Capturing response: https://global.siteyaptim.live/s-sport2/tracks-v1a1/2026/08/11/07/48/50-10000.jpg 200 
2026-08-11 07:49:01,115 [INFO] Capturing request: https://global.siteyaptim.live/s-sport2/tracks-v1a1/2026/08/11/07/49/00-10000.jpg
2026-08-11 07:49:01,544 [INFO] Capturing response: https://global.siteyaptim.live/s-sport2/tracks-v1a1/2026/08/11/07/49/00-10000.jpg 200 
2026-08-11 07:49:01,769 [INFO]   ✅ M3U8 bulundu: https://corestream.siteyaptim.live//s-sport2/tracks-v1a1/mono.m3u8
2026-08-11 07:49:02,769 [INFO] 
[10/14]
2026-08-11 07:49:02,769 [INFO] 🔍 A Spor → https://www.atomsportv512.top/matches?id=a-spor
2026-08-11 07:49:02,880 [INFO] Capturing request: https://www.atomsportv512.top/matches?id=a-spor
2026-08-11 07:49:03,093 [INFO] Capturing response: https://www.atomsportv512.top/matches?id=a-spor 200 
2026-08-11 07:49:03,126 [INFO] Capturing request: https://streamsport365.com/cinema
2026-08-11 07:49:03,222 [INFO] Capturing request: https://teletv5.top/load/yayinlink.php?id=a-spor
2026-08-11 07:49:03,227 [INFO] Capturing request: https://www.atomsportv512.top/favicon.ico
2026-08-11 07:49:03,268 [INFO] Capturing response: https://www.atomsportv512.top/favicon.ico 200 
2026-08-11 07:49:03,385 [INFO] Capturing response: https://streamsport365.com/cinema 200 
2026-08-11 07:49:03,395 [INFO] Capturing response: https://teletv5.top/load/yayinlink.php?id=a-spor 200 
2026-08-11 07:49:03,547 [INFO] Capturing request: https://www.atomsportv512.top/assets/img/player/player_logo_6a72b29dbcd89.png
2026-08-11 07:49:03,557 [INFO] Capturing request: https://corestream.siteyaptim.live//aspor/tracks-v1a1/mono.m3u8
2026-08-11 07:49:03,665 [INFO] Capturing response: https://www.atomsportv512.top/assets/img/player/player_logo_6a72b29dbcd89.png 304 
2026-08-11 07:49:03,676 [INFO] Capturing response: https://corestream.siteyaptim.live//aspor/tracks-v1a1/mono.m3u8 200 
2026-08-11 07:49:03,826 [INFO] Capturing request: https://global.siteyaptim.live/aspor/tracks-v1a1/2026/08/11/07/48/55-10000.jpg
2026-08-11 07:49:04,676 [INFO] Capturing response: https://global.siteyaptim.live/aspor/tracks-v1a1/2026/08/11/07/48/55-10000.jpg 200 
2026-08-11 07:49:05,236 [INFO] Capturing request: https://global.siteyaptim.live/aspor/tracks-v1a1/2026/08/11/07/49/05-10000.jpg
2026-08-11 07:49:06,013 [INFO] Capturing response: https://global.siteyaptim.live/aspor/tracks-v1a1/2026/08/11/07/49/05-10000.jpg 200 
2026-08-11 07:49:06,168 [INFO]   ✅ M3U8 bulundu: https://corestream.siteyaptim.live//aspor/tracks-v1a1/mono.m3u8
2026-08-11 07:49:06,511 [INFO] Capturing request: https://global.siteyaptim.live/aspor/tracks-v1a1/2026/08/11/07/49/15-10000.jpg
2026-08-11 07:49:07,168 [INFO] 
[11/14]
2026-08-11 07:49:07,169 [INFO] 🔍 Tivibu Spor 1 → https://www.atomsportv512.top/matches?id=tivibu-spor-1
2026-08-11 07:49:07,305 [INFO] Capturing request: https://www.atomsportv512.top/matches?id=tivibu-spor-1
2026-08-11 07:49:07,416 [INFO] Capturing response: https://global.siteyaptim.live/aspor/tracks-v1a1/2026/08/11/07/49/15-10000.jpg 200 
2026-08-11 07:49:07,540 [INFO] Capturing response: https://www.atomsportv512.top/matches?id=tivibu-spor-1 200 
2026-08-11 07:49:07,706 [INFO] Capturing request: https://teletv5.top/load/yayinlink.php?id=tivibu-spor-1
2026-08-11 07:49:07,714 [INFO] Capturing request: https://www.atomsportv512.top/favicon.ico
2026-08-11 07:49:07,747 [INFO] Capturing response: https://www.atomsportv512.top/favicon.ico 200 
2026-08-11 07:49:07,804 [INFO] Capturing request: https://streamsport365.com/cinema
2026-08-11 07:49:07,878 [INFO] Capturing response: https://teletv5.top/load/yayinlink.php?id=tivibu-spor-1 200 
2026-08-11 07:49:08,051 [INFO] Capturing response: https://streamsport365.com/cinema 200 
2026-08-11 07:49:21,978 [INFO] Capturing request: https://update.googleapis.com/service/update2/json?cup2key=16:w-oYAxHyyCTn2kuV2yQelUiEQreVCSyftfev6X382HY&cup2hreq=d1061d8df0b3764fdad868da00e8fd278a0b02d6948f7228be31cfcafc66859d
2026-08-11 07:49:22,004 [INFO] Capturing response: https://update.googleapis.com/service/update2/json?cup2key=16:w-oYAxHyyCTn2kuV2yQelUiEQreVCSyftfev6X382HY&cup2hreq=d1061d8df0b3764fdad868da00e8fd278a0b02d6948f7228be31cfcafc66859d 200 
2026-08-11 07:49:22,010 [INFO] Capturing request: http://edgedl.me.gvt1.com/edgedl/diffgen-puffin/gcmjkmgdlgnkkcocmoeiminaijmmjnii/6ca5bdb9f3e2cd83b7e359729bc6c33c4fe975ec499861d969b3e080320849ff
2026-08-11 07:49:22,029 [INFO] Capturing response: http://edgedl.me.gvt1.com/edgedl/diffgen-puffin/gcmjkmgdlgnkkcocmoeiminaijmmjnii/6ca5bdb9f3e2cd83b7e359729bc6c33c4fe975ec499861d969b3e080320849ff 200 OK
2026-08-11 07:49:22,056 [INFO] Capturing request: https://update.googleapis.com/service/update2/json
2026-08-11 07:49:22,079 [INFO] Capturing response: https://update.googleapis.com/service/update2/json 200 
2026-08-11 07:49:22,123 [INFO] Capturing request: http://edgedl.me.gvt1.com/edgedl/release2/chrome_component/prgsncwgp5bviq4iseqdipty4q_10708/hfnkpimlhhgieaddgfemjhofmfblmnib_10708_all_adjsjceqjuctupbhfwedg6dcny2q.crx3
2026-08-11 07:49:22,279 [INFO] Capturing response: http://edgedl.me.gvt1.com/edgedl/release2/chrome_component/prgsncwgp5bviq4iseqdipty4q_10708/hfnkpimlhhgieaddgfemjhofmfblmnib_10708_all_adjsjceqjuctupbhfwedg6dcny2q.crx3 200 OK
2026-08-11 07:49:22,308 [INFO] Capturing request: https://update.googleapis.com/service/update2/json
2026-08-11 07:49:22,331 [INFO] Capturing response: https://update.googleapis.com/service/update2/json 200 
2026-08-11 07:49:35,136 [INFO] Capturing request: https://android.clients.google.com/c2dm/register3
2026-08-11 07:49:35,176 [INFO] Capturing response: https://android.clients.google.com/c2dm/register3 301 
2026-08-11 07:49:40,912 [WARNING]   ❌ Tivibu Spor 1 için M3U8 bulunamadı
2026-08-11 07:49:41,912 [INFO] 
[12/14]
2026-08-11 07:49:41,912 [INFO] 🔍 Tivibu Spor 2 → https://www.atomsportv512.top/matches?id=tivibu-spor-2
2026-08-11 07:49:42,055 [INFO] Capturing request: https://www.atomsportv512.top/matches?id=tivibu-spor-2
2026-08-11 07:49:42,539 [INFO] Capturing response: https://www.atomsportv512.top/matches?id=tivibu-spor-2 200 
2026-08-11 07:49:42,708 [INFO] Capturing request: https://www.atomsportv512.top/favicon.ico
2026-08-11 07:49:42,737 [INFO] Capturing request: https://teletv5.top/load/yayinlink.php?id=tivibu-spor-2
2026-08-11 07:49:42,741 [INFO] Capturing response: https://www.atomsportv512.top/favicon.ico 200 
2026-08-11 07:49:43,078 [INFO] Capturing response: https://teletv5.top/load/yayinlink.php?id=tivibu-spor-2 200 
2026-08-11 07:49:43,155 [INFO] Capturing request: https://streamsport365.com/cinema
2026-08-11 07:49:43,410 [INFO] Capturing response: https://streamsport365.com/cinema 200 
2026-08-11 07:50:15,854 [WARNING]   ❌ Tivibu Spor 2 için M3U8 bulunamadı
2026-08-11 07:50:16,855 [INFO] 
[13/14]
2026-08-11 07:50:16,855 [INFO] 🔍 Tivibu Spor 3 → https://www.atomsportv512.top/matches?id=tivibu-spor-3
2026-08-11 07:50:16,963 [INFO] Capturing request: https://www.atomsportv512.top/matches?id=tivibu-spor-3
2026-08-11 07:50:17,324 [INFO] Capturing response: https://www.atomsportv512.top/matches?id=tivibu-spor-3 200 
2026-08-11 07:50:17,456 [INFO] Capturing request: https://teletv5.top/load/yayinlink.php?id=tivibu-spor-3
2026-08-11 07:50:17,461 [INFO] Capturing request: https://www.atomsportv512.top/favicon.ico
2026-08-11 07:50:17,487 [INFO] Capturing response: https://www.atomsportv512.top/favicon.ico 200 
2026-08-11 07:50:17,558 [INFO] Capturing request: https://streamsport365.com/cinema
2026-08-11 07:50:17,624 [INFO] Capturing response: https://teletv5.top/load/yayinlink.php?id=tivibu-spor-3 200 
2026-08-11 07:50:17,809 [INFO] Capturing response: https://streamsport365.com/cinema 200 
2026-08-11 07:50:50,609 [WARNING]   ❌ Tivibu Spor 3 için M3U8 bulunamadı
2026-08-11 07:50:51,609 [INFO] 
[14/14]
2026-08-11 07:50:51,609 [INFO] 🔍 Tivibu Spor 4 → https://www.atomsportv512.top/matches?id=tivibu-spor-4
2026-08-11 07:50:51,720 [INFO] Capturing request: https://www.atomsportv512.top/matches?id=tivibu-spor-4
2026-08-11 07:50:52,080 [INFO] Capturing response: https://www.atomsportv512.top/matches?id=tivibu-spor-4 200 
2026-08-11 07:50:52,215 [INFO] Capturing request: https://teletv5.top/load/yayinlink.php?id=tivibu-spor-4
2026-08-11 07:50:52,216 [INFO] Capturing request: https://www.atomsportv512.top/favicon.ico
2026-08-11 07:50:52,242 [INFO] Capturing response: https://www.atomsportv512.top/favicon.ico 200 
2026-08-11 07:50:52,315 [INFO] Capturing request: https://streamsport365.com/cinema
2026-08-11 07:50:52,387 [INFO] Capturing response: https://teletv5.top/load/yayinlink.php?id=tivibu-spor-4 200 
2026-08-11 07:50:52,568 [INFO] Capturing response: https://streamsport365.com/cinema 200 
2026-08-11 07:51:25,363 [WARNING]   ❌ Tivibu Spor 4 için M3U8 bulunamadı
2026-08-11 07:51:26,429 [INFO] ✅ 10 kanal bulundu, playlist.m3u kaydedildi
