2026-08-09 22:32:37,632 [INFO] 🌐 BASE_URL: https://www.atomsportv512.top
2026-08-09 22:32:38,640 [INFO] Başlanıyor... 14 kanal taranacak
2026-08-09 22:32:38,640 [INFO] Using default request storage
2026-08-09 22:32:38,644 [INFO] Created proxy listening on 127.0.0.1:34943
2026-08-09 22:32:39,307 [INFO] Capturing request: http://clients2.google.com/time/1/current?cup2key=10:j2QhfJwU5sNitwOsF69cNW_yewfFruAHinBYJ627Op8&cup2hreq=e3b0c44298fc1c149afbf4c8996fb92427ae41e4649b934ca495991b7852b855
2026-08-09 22:32:39,363 [INFO] Capturing response: http://clients2.google.com/time/1/current?cup2key=10:j2QhfJwU5sNitwOsF69cNW_yewfFruAHinBYJ627Op8&cup2hreq=e3b0c44298fc1c149afbf4c8996fb92427ae41e4649b934ca495991b7852b855 200 OK
2026-08-09 22:32:39,487 [INFO] 
[1/14]
2026-08-09 22:32:39,489 [INFO] 🔍 beIN Sports 1 → https://www.atomsportv512.top/matches?id=bein-sports-1
2026-08-09 22:32:39,550 [INFO] Capturing request: https://accounts.google.com/ListAccounts?gpsia=1&source=ChromiumBrowser&json=standard&laf=b64bin
2026-08-09 22:32:39,551 [INFO] Capturing request: https://update.googleapis.com/service/update2/json?cup2key=16:9sCZvR0woQnZEdlHKiAkobjImOzawICj3QQJw6HJrGw&cup2hreq=10629a558bab23834eb84718d5b9e1424926e724721058f14cc3e919846274b3
2026-08-09 22:32:39,622 [INFO] Capturing response: https://update.googleapis.com/service/update2/json?cup2key=16:9sCZvR0woQnZEdlHKiAkobjImOzawICj3QQJw6HJrGw&cup2hreq=10629a558bab23834eb84718d5b9e1424926e724721058f14cc3e919846274b3 200 
2026-08-09 22:32:39,629 [INFO] Capturing response: https://accounts.google.com/ListAccounts?gpsia=1&source=ChromiumBrowser&json=standard&laf=b64bin 200 
2026-08-09 22:32:39,647 [INFO] Capturing request: https://www.google.com/async/folae?async=_fmt:pb&udm=50&client_locale=en-US&client_country=ZZ
2026-08-09 22:32:39,668 [INFO] Capturing request: https://update.googleapis.com/service/update2/json?cup2key=16:CBULYFulY6JisM7KZ30dx4Ut1XFiNifDhJT64DfilEs&cup2hreq=e480a472724d34a52cc8fb0ee9b89fd980d472b16084670e9bf3e4085f4ab51c
2026-08-09 22:32:39,671 [INFO] Capturing request: https://www.atomsportv512.top/matches?id=bein-sports-1
2026-08-09 22:32:39,675 [INFO] Capturing response: https://www.google.com/async/folae?async=_fmt:pb&udm=50&client_locale=en-US&client_country=ZZ 200 
2026-08-09 22:32:39,717 [INFO] Capturing response: https://update.googleapis.com/service/update2/json?cup2key=16:CBULYFulY6JisM7KZ30dx4Ut1XFiNifDhJT64DfilEs&cup2hreq=e480a472724d34a52cc8fb0ee9b89fd980d472b16084670e9bf3e4085f4ab51c 200 
2026-08-09 22:32:39,763 [INFO] Capturing request: https://update.googleapis.com/service/update2/json?cup2key=16:wPVfhuSxTKo58WHrfGmDFAK76X43CmoUlBfwo-Mmg3o&cup2hreq=ac11f6ad3a840e57fdb778ab17ff928fb782140080acaf5a17d2da3af409e98d
2026-08-09 22:32:39,811 [INFO] Capturing response: https://update.googleapis.com/service/update2/json?cup2key=16:wPVfhuSxTKo58WHrfGmDFAK76X43CmoUlBfwo-Mmg3o&cup2hreq=ac11f6ad3a840e57fdb778ab17ff928fb782140080acaf5a17d2da3af409e98d 200 
2026-08-09 22:32:39,874 [INFO] Capturing request: https://www.google.com/async/folae?async=_fmt:pb&udm=50&client_locale=en-US&client_country=ZZ
2026-08-09 22:32:39,899 [INFO] Capturing response: https://www.google.com/async/folae?async=_fmt:pb&udm=50&client_locale=en-US&client_country=ZZ 200 
2026-08-09 22:32:40,346 [INFO] Capturing response: https://www.atomsportv512.top/matches?id=bein-sports-1 200 
2026-08-09 22:32:40,561 [INFO] Capturing request: https://cdn.jsdelivr.net/npm/@clappr/player@0.11.16/dist/clappr.min.js
2026-08-09 22:32:40,563 [INFO] Capturing request: https://cdn.jsdelivr.net/npm/level-selector/dist/level-selector.min.js
2026-08-09 22:32:40,563 [INFO] Capturing request: https://cdn.jsdelivr.net/npm/@clappr/hlsjs-playback@1.8.3/dist/hlsjs-playback.min.js
2026-08-09 22:32:40,574 [INFO] Capturing response: https://cdn.jsdelivr.net/npm/level-selector/dist/level-selector.min.js 200 
2026-08-09 22:32:40,589 [INFO] Capturing response: https://cdn.jsdelivr.net/npm/@clappr/player@0.11.16/dist/clappr.min.js 200 
2026-08-09 22:32:40,592 [INFO] Capturing response: https://cdn.jsdelivr.net/npm/@clappr/hlsjs-playback@1.8.3/dist/hlsjs-playback.min.js 200 
2026-08-09 22:32:40,782 [INFO] Capturing request: https://www.atomsportv512.top/favicon.ico
2026-08-09 22:32:40,840 [INFO] Capturing response: https://www.atomsportv512.top/favicon.ico 200 
2026-08-09 22:32:40,959 [INFO] Capturing request: https://teletv5.top/load/yayinlink.php?id=bein-sports-1
2026-08-09 22:32:41,422 [INFO] Capturing request: https://streamsport365.com/cinema
2026-08-09 22:32:41,427 [INFO] Capturing response: https://teletv5.top/load/yayinlink.php?id=bein-sports-1 200 
2026-08-09 22:32:41,770 [INFO] Capturing response: https://streamsport365.com/cinema 200 
2026-08-09 22:32:41,895 [INFO] Capturing request: https://www.atomsportv512.top/assets/img/player/player_logo_6a72b29dbcd89.png
2026-08-09 22:32:41,946 [INFO] Capturing response: https://www.atomsportv512.top/assets/img/player/player_logo_6a72b29dbcd89.png 200 
2026-08-09 22:32:42,206 [INFO] Capturing request: https://corestream.siteyaptim.live//bein1/tracks-v1a1/mono.m3u8
2026-08-09 22:32:42,406 [INFO] Capturing response: https://corestream.siteyaptim.live//bein1/tracks-v1a1/mono.m3u8 200 
2026-08-09 22:32:42,607 [INFO] Capturing request: https://android.clients.google.com/checkin
2026-08-09 22:32:42,635 [INFO] Capturing request: https://global.siteyaptim.live/bein1/tracks-v1a1/2026/08/09/22/32/21-06000.jpg
2026-08-09 22:32:42,722 [INFO] Capturing response: https://android.clients.google.com/checkin 200 
2026-08-09 22:32:42,769 [INFO] Capturing request: https://android.clients.google.com/c2dm/register3
2026-08-09 22:32:42,772 [INFO] Capturing request: https://android.clients.google.com/c2dm/register3
2026-08-09 22:32:42,773 [INFO] Capturing request: https://android.clients.google.com/c2dm/register3
2026-08-09 22:32:42,856 [INFO] Capturing response: https://android.clients.google.com/c2dm/register3 200 
2026-08-09 22:32:42,860 [INFO] Capturing response: https://android.clients.google.com/c2dm/register3 200 
2026-08-09 22:32:43,272 [INFO] Capturing response: https://android.clients.google.com/c2dm/register3 200 
2026-08-09 22:32:43,453 [INFO] Capturing response: https://global.siteyaptim.live/bein1/tracks-v1a1/2026/08/09/22/32/21-06000.jpg 200 
2026-08-09 22:32:43,666 [INFO] Capturing request: https://global.siteyaptim.live/bein1/tracks-v1a1/2026/08/09/22/32/27-06000.jpg
2026-08-09 22:32:43,698 [INFO]   ✅ M3U8 bulundu: https://corestream.siteyaptim.live//bein1/tracks-v1a1/mono.m3u8
2026-08-09 22:32:44,408 [INFO] Capturing response: https://global.siteyaptim.live/bein1/tracks-v1a1/2026/08/09/22/32/27-06000.jpg 200 
2026-08-09 22:32:44,617 [INFO] Capturing request: https://global.siteyaptim.live/bein1/tracks-v1a1/2026/08/09/22/32/33-06000.jpg
2026-08-09 22:32:44,698 [INFO] 
[2/14]
2026-08-09 22:32:44,698 [INFO] 🔍 beIN Sports 2 → https://www.atomsportv512.top/matches?id=bein-sports-2
2026-08-09 22:32:44,808 [INFO] Capturing request: https://www.atomsportv512.top/matches?id=bein-sports-2
2026-08-09 22:32:45,080 [INFO] Capturing response: https://www.atomsportv512.top/matches?id=bein-sports-2 200 
2026-08-09 22:32:45,126 [INFO] Capturing request: https://streamsport365.com/cinema
2026-08-09 22:32:45,226 [INFO] Capturing request: https://teletv5.top/load/yayinlink.php?id=bein-sports-2
2026-08-09 22:32:45,235 [INFO] Capturing request: https://www.atomsportv512.top/favicon.ico
2026-08-09 22:32:45,273 [INFO] Capturing response: https://www.atomsportv512.top/favicon.ico 200 
2026-08-09 22:32:45,380 [INFO] Capturing response: https://global.siteyaptim.live/bein1/tracks-v1a1/2026/08/09/22/32/33-06000.jpg 200 
2026-08-09 22:32:45,403 [INFO] 127.0.0.1:35426: ProtocolException("Error in HTTP connection: Http2ZombieException('Connection or stream already dead: 1786314765.4027288, False')")
2026-08-09 22:32:45,483 [INFO] Capturing response: https://streamsport365.com/cinema 200 
2026-08-09 22:32:45,658 [INFO] Capturing response: https://teletv5.top/load/yayinlink.php?id=bein-sports-2 200 
2026-08-09 22:32:45,769 [INFO] Capturing request: https://www.atomsportv512.top/assets/img/player/player_logo_6a72b29dbcd89.png
2026-08-09 22:32:45,777 [INFO] Capturing request: https://corestream.siteyaptim.live//bein2/tracks-v1a1/mono.m3u8
2026-08-09 22:32:45,892 [INFO] Capturing response: https://www.atomsportv512.top/assets/img/player/player_logo_6a72b29dbcd89.png 304 
2026-08-09 22:32:45,955 [INFO] Capturing response: https://corestream.siteyaptim.live//bein2/tracks-v1a1/mono.m3u8 200 
2026-08-09 22:32:46,065 [INFO] Capturing request: https://global.siteyaptim.live/bein2/tracks-v1a1/2026/08/09/22/32/32-05000.jpg
2026-08-09 22:32:46,803 [INFO] Capturing response: https://global.siteyaptim.live/bein2/tracks-v1a1/2026/08/09/22/32/32-05000.jpg 200 
2026-08-09 22:32:47,014 [INFO] Capturing request: https://global.siteyaptim.live/bein2/tracks-v1a1/2026/08/09/22/32/37-05000.jpg
2026-08-09 22:32:47,640 [INFO] Capturing response: https://global.siteyaptim.live/bein2/tracks-v1a1/2026/08/09/22/32/37-05000.jpg 200 
2026-08-09 22:32:47,832 [INFO] Capturing request: https://global.siteyaptim.live/bein2/tracks-v1a1/2026/08/09/22/32/42-05000.jpg
2026-08-09 22:32:48,148 [INFO]   ✅ M3U8 bulundu: https://corestream.siteyaptim.live//bein2/tracks-v1a1/mono.m3u8
2026-08-09 22:32:48,440 [INFO] Capturing response: https://global.siteyaptim.live/bein2/tracks-v1a1/2026/08/09/22/32/42-05000.jpg 200 
2026-08-09 22:32:49,148 [INFO] 
[3/14]
2026-08-09 22:32:49,148 [INFO] 🔍 beIN Sports 3 → https://www.atomsportv512.top/matches?id=bein-sports-3
2026-08-09 22:32:49,257 [INFO] Capturing request: https://www.atomsportv512.top/matches?id=bein-sports-3
2026-08-09 22:32:49,539 [INFO] Capturing response: https://www.atomsportv512.top/matches?id=bein-sports-3 200 
2026-08-09 22:32:49,662 [INFO] Capturing request: https://teletv5.top/load/yayinlink.php?id=bein-sports-3
2026-08-09 22:32:49,666 [INFO] Capturing request: https://www.atomsportv512.top/favicon.ico
2026-08-09 22:32:49,711 [INFO] Capturing response: https://www.atomsportv512.top/favicon.ico 200 
2026-08-09 22:32:49,813 [INFO] Capturing request: https://streamsport365.com/cinema
2026-08-09 22:32:49,894 [INFO] Capturing response: https://teletv5.top/load/yayinlink.php?id=bein-sports-3 200 
2026-08-09 22:32:50,166 [INFO] Capturing response: https://streamsport365.com/cinema 200 
2026-08-09 22:32:50,274 [INFO] Capturing request: https://www.atomsportv512.top/assets/img/player/player_logo_6a72b29dbcd89.png
2026-08-09 22:32:50,282 [INFO] Capturing request: https://corestream.siteyaptim.live//bein3/tracks-v1a1/mono.m3u8
2026-08-09 22:32:50,400 [INFO] Capturing response: https://www.atomsportv512.top/assets/img/player/player_logo_6a72b29dbcd89.png 304 
2026-08-09 22:32:50,461 [INFO] Capturing response: https://corestream.siteyaptim.live//bein3/tracks-v1a1/mono.m3u8 200 
2026-08-09 22:32:50,570 [INFO] Capturing request: https://global.siteyaptim.live/bein3/tracks-v1a1/2026/08/09/22/32/31-05000.jpg
2026-08-09 22:32:51,201 [INFO] Capturing response: https://global.siteyaptim.live/bein3/tracks-v1a1/2026/08/09/22/32/31-05000.jpg 200 
2026-08-09 22:32:51,370 [INFO] Capturing request: https://global.siteyaptim.live/bein3/tracks-v1a1/2026/08/09/22/32/36-05000.jpg
2026-08-09 22:32:51,871 [INFO] Capturing response: https://global.siteyaptim.live/bein3/tracks-v1a1/2026/08/09/22/32/36-05000.jpg 200 
2026-08-09 22:32:52,054 [INFO] Capturing request: https://global.siteyaptim.live/bein3/tracks-v1a1/2026/08/09/22/32/41-05920.jpg
2026-08-09 22:32:52,579 [INFO]   ✅ M3U8 bulundu: https://corestream.siteyaptim.live//bein3/tracks-v1a1/mono.m3u8
2026-08-09 22:32:52,765 [INFO] Capturing response: https://global.siteyaptim.live/bein3/tracks-v1a1/2026/08/09/22/32/41-05920.jpg 200 
2026-08-09 22:32:52,950 [INFO] Capturing request: https://global.siteyaptim.live/bein3/tracks-v1a1/2026/08/09/22/32/47-05000.jpg
2026-08-09 22:32:53,579 [INFO] 
[4/14]
2026-08-09 22:32:53,580 [INFO] 🔍 beIN Sports 4 → https://www.atomsportv512.top/matches?id=bein-sports-4
2026-08-09 22:32:53,688 [INFO] Capturing request: https://www.atomsportv512.top/matches?id=bein-sports-4
2026-08-09 22:32:53,695 [INFO] Capturing response: https://global.siteyaptim.live/bein3/tracks-v1a1/2026/08/09/22/32/47-05000.jpg 200 
2026-08-09 22:32:53,957 [INFO] Capturing response: https://www.atomsportv512.top/matches?id=bein-sports-4 200 
2026-08-09 22:32:53,981 [INFO] Capturing request: https://streamsport365.com/cinema
2026-08-09 22:32:54,081 [INFO] Capturing request: https://teletv5.top/load/yayinlink.php?id=bein-sports-4
2026-08-09 22:32:54,084 [INFO] Capturing request: https://www.atomsportv512.top/favicon.ico
2026-08-09 22:32:54,169 [INFO] Capturing response: https://www.atomsportv512.top/favicon.ico 200 
2026-08-09 22:32:54,309 [INFO] Capturing response: https://teletv5.top/load/yayinlink.php?id=bein-sports-4 200 
2026-08-09 22:32:54,333 [INFO] Capturing response: https://streamsport365.com/cinema 200 
2026-08-09 22:32:54,460 [INFO] Capturing request: https://www.atomsportv512.top/assets/img/player/player_logo_6a72b29dbcd89.png
2026-08-09 22:32:54,468 [INFO] Capturing request: https://corestream.siteyaptim.live//bein4/tracks-v1a1/mono.m3u8
2026-08-09 22:32:54,588 [INFO] Capturing response: https://www.atomsportv512.top/assets/img/player/player_logo_6a72b29dbcd89.png 304 
2026-08-09 22:32:54,670 [INFO] Capturing response: https://corestream.siteyaptim.live//bein4/tracks-v1a1/mono.m3u8 200 
2026-08-09 22:32:54,820 [INFO] Capturing request: https://global.siteyaptim.live/bein4/tracks-v1a1/2026/08/09/22/32/29-06040.jpg
2026-08-09 22:32:55,539 [INFO] Capturing response: https://global.siteyaptim.live/bein4/tracks-v1a1/2026/08/09/22/32/29-06040.jpg 200 
2026-08-09 22:32:55,713 [INFO] Capturing request: https://global.siteyaptim.live/bein4/tracks-v1a1/2026/08/09/22/32/35-09100.jpg
2026-08-09 22:32:56,518 [INFO] Capturing response: https://global.siteyaptim.live/bein4/tracks-v1a1/2026/08/09/22/32/35-09100.jpg 200 
2026-08-09 22:32:56,731 [INFO] Capturing request: https://global.siteyaptim.live/bein4/tracks-v1a1/2026/08/09/22/32/45-05600.jpg
2026-08-09 22:32:56,998 [INFO]   ✅ M3U8 bulundu: https://corestream.siteyaptim.live//bein4/tracks-v1a1/mono.m3u8
2026-08-09 22:32:57,387 [INFO] Capturing response: https://global.siteyaptim.live/bein4/tracks-v1a1/2026/08/09/22/32/45-05600.jpg 200 
2026-08-09 22:32:57,582 [INFO] Capturing request: https://global.siteyaptim.live/bein4/tracks-v1a1/2026/08/09/22/32/50-08080.jpg
2026-08-09 22:32:57,999 [INFO] 
[5/14]
2026-08-09 22:32:57,999 [INFO] 🔍 beIN Sports 5 → https://www.atomsportv512.top/matches?id=bein-sports-5
2026-08-09 22:32:58,108 [INFO] Capturing request: https://www.atomsportv512.top/matches?id=bein-sports-5
2026-08-09 22:32:58,297 [INFO] Capturing response: https://global.siteyaptim.live/bein4/tracks-v1a1/2026/08/09/22/32/50-08080.jpg 200 
2026-08-09 22:32:58,382 [INFO] Capturing response: https://www.atomsportv512.top/matches?id=bein-sports-5 200 
2026-08-09 22:32:58,511 [INFO] Capturing request: https://www.atomsportv512.top/favicon.ico
2026-08-09 22:32:58,513 [INFO] Capturing request: https://teletv5.top/load/yayinlink.php?id=bein-sports-5
2026-08-09 22:32:58,552 [INFO] Capturing response: https://www.atomsportv512.top/favicon.ico 200 
2026-08-09 22:32:58,663 [INFO] Capturing request: https://streamsport365.com/cinema
2026-08-09 22:32:58,751 [INFO] Capturing response: https://teletv5.top/load/yayinlink.php?id=bein-sports-5 200 
2026-08-09 22:32:59,011 [INFO] Capturing response: https://streamsport365.com/cinema 200 
2026-08-09 22:32:59,122 [INFO] Capturing request: https://www.atomsportv512.top/assets/img/player/player_logo_6a72b29dbcd89.png
2026-08-09 22:32:59,131 [INFO] Capturing request: https://corestream.siteyaptim.live//bein5/tracks-v1a1/mono.m3u8
2026-08-09 22:32:59,249 [INFO] Capturing response: https://www.atomsportv512.top/assets/img/player/player_logo_6a72b29dbcd89.png 304 
2026-08-09 22:32:59,336 [INFO] Capturing response: https://corestream.siteyaptim.live//bein5/tracks-v1a1/mono.m3u8 200 
2026-08-09 22:32:59,445 [INFO] Capturing request: https://global.siteyaptim.live/bein5/tracks-v1a1/2026/08/09/22/34/23-05260.jpg
2026-08-09 22:33:00,810 [INFO] Capturing response: https://global.siteyaptim.live/bein5/tracks-v1a1/2026/08/09/22/34/23-05260.jpg 200 
2026-08-09 22:33:01,074 [INFO] Capturing request: https://global.siteyaptim.live/bein5/tracks-v1a1/2026/08/09/22/34/28-06220.jpg
2026-08-09 22:33:01,423 [INFO]   ✅ M3U8 bulundu: https://corestream.siteyaptim.live//bein5/tracks-v1a1/mono.m3u8
2026-08-09 22:33:02,424 [INFO] 
[6/14]
2026-08-09 22:33:02,424 [INFO] 🔍 beIN Sports Max 1 → https://www.atomsportv512.top/matches?id=bein-sports-max-1
2026-08-09 22:33:02,531 [INFO] Capturing request: https://www.atomsportv512.top/matches?id=bein-sports-max-1
2026-08-09 22:33:02,801 [INFO] Capturing response: https://www.atomsportv512.top/matches?id=bein-sports-max-1 200 
2026-08-09 22:33:02,803 [INFO] Capturing response: https://global.siteyaptim.live/bein5/tracks-v1a1/2026/08/09/22/34/28-06220.jpg 200 
2026-08-09 22:33:02,847 [INFO] Capturing request: https://streamsport365.com/cinema
2026-08-09 22:33:02,888 [INFO] 127.0.0.1:35426: ProtocolException("Error in HTTP connection: Http2ZombieException('Connection or stream already dead: 1786314782.8883398, False')")
2026-08-09 22:33:02,947 [INFO] Capturing request: https://teletv5.top/load/yayinlink.php?id=bein-sports-max-1
2026-08-09 22:33:02,948 [INFO] Capturing request: https://www.atomsportv512.top/favicon.ico
2026-08-09 22:33:02,985 [INFO] Capturing response: https://www.atomsportv512.top/favicon.ico 200 
2026-08-09 22:33:03,184 [INFO] Capturing response: https://teletv5.top/load/yayinlink.php?id=bein-sports-max-1 200 
2026-08-09 22:33:03,206 [INFO] Capturing response: https://streamsport365.com/cinema 200 
2026-08-09 22:33:03,334 [INFO] Capturing request: https://www.atomsportv512.top/assets/img/player/player_logo_6a72b29dbcd89.png
2026-08-09 22:33:03,342 [INFO] Capturing request: https://corestream.siteyaptim.live//beinmax1/tracks-v1a1/mono.m3u8
2026-08-09 22:33:03,457 [INFO] Capturing response: https://www.atomsportv512.top/assets/img/player/player_logo_6a72b29dbcd89.png 304 
2026-08-09 22:33:03,526 [INFO] Capturing response: https://corestream.siteyaptim.live//beinmax1/tracks-v1a1/mono.m3u8 200 
2026-08-09 22:33:03,676 [INFO] Capturing request: https://global.siteyaptim.live/beinmax1/tracks-v1a1/2026/08/09/22/32/52-05000.jpg
2026-08-09 22:33:04,494 [INFO] Capturing response: https://global.siteyaptim.live/beinmax1/tracks-v1a1/2026/08/09/22/32/52-05000.jpg 200 
2026-08-09 22:33:04,710 [INFO] Capturing request: https://global.siteyaptim.live/beinmax1/tracks-v1a1/2026/08/09/22/32/57-05000.jpg
2026-08-09 22:33:05,544 [INFO] Capturing response: https://global.siteyaptim.live/beinmax1/tracks-v1a1/2026/08/09/22/32/57-05000.jpg 200 
2026-08-09 22:33:05,755 [INFO] Capturing request: https://global.siteyaptim.live/beinmax1/tracks-v1a1/2026/08/09/22/33/02-05000.jpg
2026-08-09 22:33:05,855 [INFO]   ✅ M3U8 bulundu: https://corestream.siteyaptim.live//beinmax1/tracks-v1a1/mono.m3u8
2026-08-09 22:33:06,604 [INFO] Capturing response: https://global.siteyaptim.live/beinmax1/tracks-v1a1/2026/08/09/22/33/02-05000.jpg 200 
2026-08-09 22:33:06,855 [INFO] 
[7/14]
2026-08-09 22:33:06,855 [INFO] 🔍 beIN Sports Max 2 → https://www.atomsportv512.top/matches?id=bein-sports-max-2
2026-08-09 22:33:06,964 [INFO] Capturing request: https://www.atomsportv512.top/matches?id=bein-sports-max-2
2026-08-09 22:33:07,233 [INFO] Capturing response: https://www.atomsportv512.top/matches?id=bein-sports-max-2 200 
2026-08-09 22:33:07,361 [INFO] Capturing request: https://teletv5.top/load/yayinlink.php?id=bein-sports-max-2
2026-08-09 22:33:07,363 [INFO] Capturing request: https://www.atomsportv512.top/favicon.ico
2026-08-09 22:33:07,403 [INFO] Capturing response: https://www.atomsportv512.top/favicon.ico 200 
2026-08-09 22:33:07,513 [INFO] Capturing request: https://streamsport365.com/cinema
2026-08-09 22:33:07,590 [INFO] Capturing response: https://teletv5.top/load/yayinlink.php?id=bein-sports-max-2 200 
2026-08-09 22:33:07,862 [INFO] Capturing response: https://streamsport365.com/cinema 200 
2026-08-09 22:33:07,971 [INFO] Capturing request: https://www.atomsportv512.top/assets/img/player/player_logo_6a72b29dbcd89.png
2026-08-09 22:33:07,979 [INFO] Capturing request: https://corestream.siteyaptim.live//hls/s-sport.m3u8
2026-08-09 22:33:08,093 [INFO] Capturing response: https://www.atomsportv512.top/assets/img/player/player_logo_6a72b29dbcd89.png 304 
2026-08-09 22:33:08,182 [INFO] Capturing response: https://corestream.siteyaptim.live//hls/s-sport.m3u8 404 
2026-08-09 22:33:10,271 [INFO]   ✅ M3U8 bulundu: https://corestream.siteyaptim.live//hls/s-sport.m3u8
2026-08-09 22:33:10,302 [INFO] Capturing request: https://corestream.siteyaptim.live//hls/s-sport.m3u8
2026-08-09 22:33:10,488 [INFO] Capturing response: https://corestream.siteyaptim.live//hls/s-sport.m3u8 404 
2026-08-09 22:33:11,256 [INFO] Capturing request: https://android.clients.google.com/c2dm/register3
2026-08-09 22:33:11,272 [INFO] 
[8/14]
2026-08-09 22:33:11,272 [INFO] 🔍 S Sport → https://www.atomsportv512.top/matches?id=s-sport
2026-08-09 22:33:11,341 [INFO] Capturing response: https://android.clients.google.com/c2dm/register3 301 
2026-08-09 22:33:11,379 [INFO] Capturing request: https://www.atomsportv512.top/matches?id=s-sport
2026-08-09 22:33:11,471 [INFO] Capturing request: https://android.clients.google.com/c2dm/register3
2026-08-09 22:33:11,836 [INFO] Capturing response: https://www.atomsportv512.top/matches?id=s-sport 200 
2026-08-09 22:33:11,863 [INFO] Capturing request: https://streamsport365.com/cinema
2026-08-09 22:33:11,963 [INFO] Capturing request: https://teletv5.top/load/yayinlink.php?id=s-sport
2026-08-09 22:33:11,964 [INFO] Capturing request: https://www.atomsportv512.top/favicon.ico
2026-08-09 22:33:12,000 [INFO] Capturing response: https://www.atomsportv512.top/favicon.ico 200 
2026-08-09 22:33:12,116 [INFO] Capturing response: https://android.clients.google.com/c2dm/register3 200 
2026-08-09 22:33:12,196 [INFO] Capturing response: https://teletv5.top/load/yayinlink.php?id=s-sport 200 
2026-08-09 22:33:12,210 [INFO] Capturing response: https://streamsport365.com/cinema 200 
2026-08-09 22:33:12,347 [INFO] Capturing request: https://www.atomsportv512.top/assets/img/player/player_logo_6a72b29dbcd89.png
2026-08-09 22:33:12,354 [INFO] Capturing request: https://corestream.siteyaptim.live//s-sport/tracks-v1a1/mono.m3u8
2026-08-09 22:33:12,469 [INFO] Capturing response: https://www.atomsportv512.top/assets/img/player/player_logo_6a72b29dbcd89.png 304 
2026-08-09 22:33:12,536 [INFO] Capturing response: https://corestream.siteyaptim.live//s-sport/tracks-v1a1/mono.m3u8 200 
2026-08-09 22:33:12,646 [INFO] Capturing request: https://global.siteyaptim.live/s-sport/tracks-v1a1/2026/08/09/22/33/34-06000.jpg
2026-08-09 22:33:13,610 [INFO] Capturing response: https://global.siteyaptim.live/s-sport/tracks-v1a1/2026/08/09/22/33/34-06000.jpg 200 
2026-08-09 22:33:13,818 [INFO] Capturing request: https://global.siteyaptim.live/s-sport/tracks-v1a1/2026/08/09/22/33/40-06000.jpg
2026-08-09 22:33:14,600 [INFO] Capturing response: https://global.siteyaptim.live/s-sport/tracks-v1a1/2026/08/09/22/33/40-06000.jpg 200 
2026-08-09 22:33:14,801 [INFO] Capturing request: https://global.siteyaptim.live/s-sport/tracks-v1a1/2026/08/09/22/33/46-06000.jpg
2026-08-09 22:33:14,883 [INFO]   ✅ M3U8 bulundu: https://corestream.siteyaptim.live//s-sport/tracks-v1a1/mono.m3u8
2026-08-09 22:33:15,696 [INFO] Capturing response: https://global.siteyaptim.live/s-sport/tracks-v1a1/2026/08/09/22/33/46-06000.jpg 200 
2026-08-09 22:33:15,883 [INFO] 
[9/14]
2026-08-09 22:33:15,883 [INFO] 🔍 S Sport 2 → https://www.atomsportv512.top/matches?id=s-sport-2
2026-08-09 22:33:15,991 [INFO] Capturing request: https://www.atomsportv512.top/matches?id=s-sport-2
2026-08-09 22:33:16,258 [INFO] Capturing response: https://www.atomsportv512.top/matches?id=s-sport-2 200 
2026-08-09 22:33:16,382 [INFO] Capturing request: https://teletv5.top/load/yayinlink.php?id=s-sport-2
2026-08-09 22:33:16,384 [INFO] Capturing request: https://www.atomsportv512.top/favicon.ico
2026-08-09 22:33:16,429 [INFO] Capturing response: https://www.atomsportv512.top/favicon.ico 200 
2026-08-09 22:33:16,533 [INFO] Capturing request: https://streamsport365.com/cinema
2026-08-09 22:33:16,617 [INFO] Capturing response: https://teletv5.top/load/yayinlink.php?id=s-sport-2 200 
2026-08-09 22:33:16,879 [INFO] Capturing response: https://streamsport365.com/cinema 200 
2026-08-09 22:33:16,988 [INFO] Capturing request: https://www.atomsportv512.top/assets/img/player/player_logo_6a72b29dbcd89.png
2026-08-09 22:33:16,996 [INFO] Capturing request: https://corestream.siteyaptim.live//s-sport2/tracks-v1a1/mono.m3u8
2026-08-09 22:33:17,112 [INFO] Capturing response: https://www.atomsportv512.top/assets/img/player/player_logo_6a72b29dbcd89.png 304 
2026-08-09 22:33:17,176 [INFO] Capturing response: https://corestream.siteyaptim.live//s-sport2/tracks-v1a1/mono.m3u8 200 
2026-08-09 22:33:17,285 [INFO] Capturing request: https://global.siteyaptim.live/s-sport2/tracks-v1a1/2026/08/09/22/34/41-10000.jpg
2026-08-09 22:33:18,133 [INFO] Capturing response: https://global.siteyaptim.live/s-sport2/tracks-v1a1/2026/08/09/22/34/41-10000.jpg 200 
2026-08-09 22:33:18,360 [INFO] Capturing request: https://global.siteyaptim.live/s-sport2/tracks-v1a1/2026/08/09/22/34/51-10000.jpg
2026-08-09 22:33:19,259 [INFO] Capturing response: https://global.siteyaptim.live/s-sport2/tracks-v1a1/2026/08/09/22/34/51-10000.jpg 200 
2026-08-09 22:33:19,304 [INFO]   ✅ M3U8 bulundu: https://corestream.siteyaptim.live//s-sport2/tracks-v1a1/mono.m3u8
2026-08-09 22:33:19,485 [INFO] Capturing request: https://global.siteyaptim.live/s-sport2/tracks-v1a1/2026/08/09/22/35/01-10000.jpg
2026-08-09 22:33:20,305 [INFO] 
[10/14]
2026-08-09 22:33:20,306 [INFO] 🔍 A Spor → https://www.atomsportv512.top/matches?id=a-spor
2026-08-09 22:33:20,415 [INFO] Capturing request: https://www.atomsportv512.top/matches?id=a-spor
2026-08-09 22:33:20,539 [INFO] Capturing response: https://global.siteyaptim.live/s-sport2/tracks-v1a1/2026/08/09/22/35/01-10000.jpg 200 
2026-08-09 22:33:20,683 [INFO] Capturing response: https://www.atomsportv512.top/matches?id=a-spor 200 
2026-08-09 22:33:20,715 [INFO] Capturing request: https://streamsport365.com/cinema
2026-08-09 22:33:20,812 [INFO] Capturing request: https://teletv5.top/load/yayinlink.php?id=a-spor
2026-08-09 22:33:20,815 [INFO] Capturing request: https://www.atomsportv512.top/favicon.ico
2026-08-09 22:33:20,853 [INFO] Capturing response: https://www.atomsportv512.top/favicon.ico 200 
2026-08-09 22:33:21,042 [INFO] Capturing response: https://teletv5.top/load/yayinlink.php?id=a-spor 200 
2026-08-09 22:33:21,062 [INFO] Capturing response: https://streamsport365.com/cinema 200 
2026-08-09 22:33:21,193 [INFO] Capturing request: https://www.atomsportv512.top/assets/img/player/player_logo_6a72b29dbcd89.png
2026-08-09 22:33:21,201 [INFO] Capturing request: https://corestream.siteyaptim.live//aspor/tracks-v1a1/mono.m3u8
2026-08-09 22:33:21,317 [INFO] Capturing response: https://www.atomsportv512.top/assets/img/player/player_logo_6a72b29dbcd89.png 304 
2026-08-09 22:33:21,387 [INFO] Capturing response: https://corestream.siteyaptim.live//aspor/tracks-v1a1/mono.m3u8 200 
2026-08-09 22:33:21,536 [INFO] Capturing request: https://global.siteyaptim.live/aspor/tracks-v1a1/2026/08/09/22/33/22-10000.jpg
2026-08-09 22:33:22,970 [INFO] Capturing response: https://global.siteyaptim.live/aspor/tracks-v1a1/2026/08/09/22/33/22-10000.jpg 200 
2026-08-09 22:33:23,250 [INFO] Capturing request: https://global.siteyaptim.live/aspor/tracks-v1a1/2026/08/09/22/33/32-10000.jpg
2026-08-09 22:33:23,728 [INFO]   ✅ M3U8 bulundu: https://corestream.siteyaptim.live//aspor/tracks-v1a1/mono.m3u8
2026-08-09 22:33:24,690 [INFO] Capturing response: https://global.siteyaptim.live/aspor/tracks-v1a1/2026/08/09/22/33/32-10000.jpg 200 
2026-08-09 22:33:24,728 [INFO] 
[11/14]
2026-08-09 22:33:24,729 [INFO] 🔍 Tivibu Spor 1 → https://www.atomsportv512.top/matches?id=tivibu-spor-1
2026-08-09 22:33:24,849 [INFO] Capturing request: https://www.atomsportv512.top/matches?id=tivibu-spor-1
2026-08-09 22:33:24,965 [INFO] Capturing request: https://global.siteyaptim.live/aspor/tracks-v1a1/2026/08/09/22/33/42-10000.jpg
2026-08-09 22:33:25,122 [INFO] Capturing response: https://www.atomsportv512.top/matches?id=tivibu-spor-1 200 
2026-08-09 22:33:25,246 [INFO] Capturing request: https://teletv5.top/load/yayinlink.php?id=tivibu-spor-1
2026-08-09 22:33:25,251 [INFO] Capturing request: https://www.atomsportv512.top/favicon.ico
2026-08-09 22:33:25,296 [INFO] Capturing response: https://www.atomsportv512.top/favicon.ico 200 
2026-08-09 22:33:25,396 [INFO] Capturing request: https://streamsport365.com/cinema
2026-08-09 22:33:25,473 [INFO] Capturing response: https://teletv5.top/load/yayinlink.php?id=tivibu-spor-1 200 
2026-08-09 22:33:25,756 [INFO] Capturing response: https://streamsport365.com/cinema 200 
2026-08-09 22:33:27,320 [INFO] Capturing response: https://global.siteyaptim.live/aspor/tracks-v1a1/2026/08/09/22/33/42-10000.jpg 200 
2026-08-09 22:33:27,515 [INFO] 127.0.0.1:35426: ProtocolException("Error in HTTP connection: Http2ZombieException('Connection or stream already dead: 1786314807.4156888, False')")
2026-08-09 22:33:39,289 [INFO] Capturing request: https://update.googleapis.com/service/update2/json?cup2key=16:p1sHNP_E4k-BZCKO-eLWSbKWvlcJSgx0RlSm6417jXo&cup2hreq=dd8897cacb7502ef33e034efd17630e8b623ea297bdb80d1aaebe5e0b32a0f56
2026-08-09 22:33:39,340 [INFO] Capturing response: https://update.googleapis.com/service/update2/json?cup2key=16:p1sHNP_E4k-BZCKO-eLWSbKWvlcJSgx0RlSm6417jXo&cup2hreq=dd8897cacb7502ef33e034efd17630e8b623ea297bdb80d1aaebe5e0b32a0f56 200 
2026-08-09 22:33:39,346 [INFO] Capturing request: http://edgedl.me.gvt1.com/edgedl/release2/chrome_component/acz5l6nb2g7cwdypgleggzjoavza_10705/hfnkpimlhhgieaddgfemjhofmfblmnib_10705_all_ad5qxc7yxetqnh34sfgonyuhxeiq.crx3
2026-08-09 22:33:39,449 [INFO] Capturing response: http://edgedl.me.gvt1.com/edgedl/release2/chrome_component/acz5l6nb2g7cwdypgleggzjoavza_10705/hfnkpimlhhgieaddgfemjhofmfblmnib_10705_all_ad5qxc7yxetqnh34sfgonyuhxeiq.crx3 200 OK
2026-08-09 22:33:39,475 [INFO] Capturing request: https://update.googleapis.com/service/update2/json
2026-08-09 22:33:39,520 [INFO] Capturing response: https://update.googleapis.com/service/update2/json 200 
2026-08-09 22:33:39,566 [INFO] Capturing request: http://edgedl.me.gvt1.com/edgedl/diffgen-puffin/gcmjkmgdlgnkkcocmoeiminaijmmjnii/6ca5bdb9f3e2cd83b7e359729bc6c33c4fe975ec499861d969b3e080320849ff
2026-08-09 22:33:39,577 [INFO] Capturing response: http://edgedl.me.gvt1.com/edgedl/diffgen-puffin/gcmjkmgdlgnkkcocmoeiminaijmmjnii/6ca5bdb9f3e2cd83b7e359729bc6c33c4fe975ec499861d969b3e080320849ff 200 OK
2026-08-09 22:33:39,641 [INFO] Capturing request: https://update.googleapis.com/service/update2/json
2026-08-09 22:33:39,689 [INFO] Capturing response: https://update.googleapis.com/service/update2/json 200 
2026-08-09 22:33:58,425 [WARNING]   ❌ Tivibu Spor 1 için M3U8 bulunamadı
2026-08-09 22:33:59,425 [INFO] 
[12/14]
2026-08-09 22:33:59,426 [INFO] 🔍 Tivibu Spor 2 → https://www.atomsportv512.top/matches?id=tivibu-spor-2
2026-08-09 22:33:59,575 [INFO] Capturing request: https://www.atomsportv512.top/matches?id=tivibu-spor-2
2026-08-09 22:34:00,214 [INFO] Capturing response: https://www.atomsportv512.top/matches?id=tivibu-spor-2 200 
2026-08-09 22:34:00,376 [INFO] Capturing request: https://www.atomsportv512.top/favicon.ico
2026-08-09 22:34:00,408 [INFO] Capturing request: https://teletv5.top/load/yayinlink.php?id=tivibu-spor-2
2026-08-09 22:34:00,428 [INFO] Capturing response: https://www.atomsportv512.top/favicon.ico 200 
2026-08-09 22:34:00,895 [INFO] Capturing response: https://teletv5.top/load/yayinlink.php?id=tivibu-spor-2 200 
2026-08-09 22:34:00,977 [INFO] Capturing request: https://streamsport365.com/cinema
2026-08-09 22:34:01,322 [INFO] Capturing response: https://streamsport365.com/cinema 200 
2026-08-09 22:34:09,396 [INFO] Capturing request: https://android.clients.google.com/c2dm/register3
2026-08-09 22:34:09,480 [INFO] Capturing response: https://android.clients.google.com/c2dm/register3 301 
2026-08-09 22:34:33,475 [WARNING]   ❌ Tivibu Spor 2 için M3U8 bulunamadı
2026-08-09 22:34:34,476 [INFO] 
[13/14]
2026-08-09 22:34:34,476 [INFO] 🔍 Tivibu Spor 3 → https://www.atomsportv512.top/matches?id=tivibu-spor-3
2026-08-09 22:34:34,584 [INFO] Capturing request: https://www.atomsportv512.top/matches?id=tivibu-spor-3
2026-08-09 22:34:35,073 [INFO] Capturing response: https://www.atomsportv512.top/matches?id=tivibu-spor-3 200 
2026-08-09 22:34:35,201 [INFO] Capturing request: https://teletv5.top/load/yayinlink.php?id=tivibu-spor-3
2026-08-09 22:34:35,203 [INFO] Capturing request: https://www.atomsportv512.top/favicon.ico
2026-08-09 22:34:35,270 [INFO] Capturing response: https://www.atomsportv512.top/favicon.ico 200 
2026-08-09 22:34:35,352 [INFO] Capturing request: https://streamsport365.com/cinema
2026-08-09 22:34:35,462 [INFO] Capturing response: https://teletv5.top/load/yayinlink.php?id=tivibu-spor-3 200 
2026-08-09 22:34:35,697 [INFO] Capturing response: https://streamsport365.com/cinema 200 
2026-08-09 22:35:08,307 [WARNING]   ❌ Tivibu Spor 3 için M3U8 bulunamadı
2026-08-09 22:35:09,307 [INFO] 
[14/14]
2026-08-09 22:35:09,307 [INFO] 🔍 Tivibu Spor 4 → https://www.atomsportv512.top/matches?id=tivibu-spor-4
2026-08-09 22:35:09,416 [INFO] Capturing request: https://www.atomsportv512.top/matches?id=tivibu-spor-4
2026-08-09 22:35:09,897 [INFO] Capturing response: https://www.atomsportv512.top/matches?id=tivibu-spor-4 200 
2026-08-09 22:35:10,025 [INFO] Capturing request: https://teletv5.top/load/yayinlink.php?id=tivibu-spor-4
2026-08-09 22:35:10,027 [INFO] Capturing request: https://www.atomsportv512.top/favicon.ico
2026-08-09 22:35:10,065 [INFO] Capturing response: https://www.atomsportv512.top/favicon.ico 200 
2026-08-09 22:35:10,174 [INFO] Capturing request: https://streamsport365.com/cinema
2026-08-09 22:35:10,275 [INFO] Capturing response: https://teletv5.top/load/yayinlink.php?id=tivibu-spor-4 200 
2026-08-09 22:35:10,526 [INFO] Capturing response: https://streamsport365.com/cinema 200 
2026-08-09 22:35:36,114 [INFO] Capturing request: https://android.clients.google.com/c2dm/register3
2026-08-09 22:35:36,192 [INFO] Capturing response: https://android.clients.google.com/c2dm/register3 301 
2026-08-09 22:35:43,129 [WARNING]   ❌ Tivibu Spor 4 için M3U8 bulunamadı
2026-08-09 22:35:44,190 [INFO] ✅ 10 kanal bulundu, playlist.m3u kaydedildi
