2026-08-17 23:23:50,930 [INFO] 🌐 BASE_URL: https://www.atomsportv512.top
2026-08-17 23:23:51,956 [INFO] Başlanıyor... 14 kanal taranacak
2026-08-17 23:23:51,957 [INFO] Using default request storage
2026-08-17 23:23:51,961 [INFO] Created proxy listening on 127.0.0.1:36247
2026-08-17 23:23:52,638 [INFO] Capturing request: http://clients2.google.com/time/1/current?cup2key=10:xPHV1zMbvK1q2Ph4ivaj49_pYCZOp82CZYFJMIHZiio&cup2hreq=e3b0c44298fc1c149afbf4c8996fb92427ae41e4649b934ca495991b7852b855
2026-08-17 23:23:52,670 [INFO] Capturing response: http://clients2.google.com/time/1/current?cup2key=10:xPHV1zMbvK1q2Ph4ivaj49_pYCZOp82CZYFJMIHZiio&cup2hreq=e3b0c44298fc1c149afbf4c8996fb92427ae41e4649b934ca495991b7852b855 200 OK
2026-08-17 23:23:52,900 [INFO] 
[1/14]
2026-08-17 23:23:52,900 [INFO] 🔍 beIN Sports 1 → https://www.atomsportv512.top/matches?id=bein-sports-1
2026-08-17 23:23:53,059 [INFO] Capturing request: https://update.googleapis.com/service/update2/json?cup2key=16:AO9J23r6fXMkqdGue9q0wmXTlakNbAHxnmeol6L0vEg&cup2hreq=185b0ef4be346b9ef276832356684f3f1e663d93eb2bc568c0e5c7e9627d1d7b
2026-08-17 23:23:53,060 [INFO] Capturing request: https://accounts.google.com/ListAccounts?gpsia=1&source=ChromiumBrowser&json=standard&laf=b64bin
2026-08-17 23:23:53,105 [INFO] Capturing response: https://update.googleapis.com/service/update2/json?cup2key=16:AO9J23r6fXMkqdGue9q0wmXTlakNbAHxnmeol6L0vEg&cup2hreq=185b0ef4be346b9ef276832356684f3f1e663d93eb2bc568c0e5c7e9627d1d7b 200 
2026-08-17 23:23:53,108 [INFO] Capturing response: https://accounts.google.com/ListAccounts?gpsia=1&source=ChromiumBrowser&json=standard&laf=b64bin 200 
2026-08-17 23:23:53,147 [INFO] Capturing request: https://www.google.com/async/folae?async=_fmt:pb&udm=50&client_locale=en-US&client_country=ZZ
2026-08-17 23:23:53,149 [INFO] Capturing request: https://www.atomsportv512.top/matches?id=bein-sports-1
2026-08-17 23:23:53,154 [INFO] Capturing request: https://update.googleapis.com/service/update2/json?cup2key=16:CTkfYnquJqhrNtrs9PD4TsNfE_e76TSHZjxFt8RmIOE&cup2hreq=123bc0feb9e94637be6e19f6d02325018369db8cf8316df3921afe0352aa9d46
2026-08-17 23:23:53,179 [INFO] Capturing response: https://update.googleapis.com/service/update2/json?cup2key=16:CTkfYnquJqhrNtrs9PD4TsNfE_e76TSHZjxFt8RmIOE&cup2hreq=123bc0feb9e94637be6e19f6d02325018369db8cf8316df3921afe0352aa9d46 200 
2026-08-17 23:23:53,183 [INFO] Capturing response: https://www.google.com/async/folae?async=_fmt:pb&udm=50&client_locale=en-US&client_country=ZZ 200 
2026-08-17 23:23:53,227 [INFO] Capturing request: https://update.googleapis.com/service/update2/json?cup2key=16:DyOer2yPQvXKWP2eOWqanUXGWxKELy6EZ2QH4L8cbwU&cup2hreq=57ea0b0f86c902bd57167cef85eb92e20bbab67f4ff6e3d398a5660ab6ac46a6
2026-08-17 23:23:53,254 [INFO] Capturing response: https://update.googleapis.com/service/update2/json?cup2key=16:DyOer2yPQvXKWP2eOWqanUXGWxKELy6EZ2QH4L8cbwU&cup2hreq=57ea0b0f86c902bd57167cef85eb92e20bbab67f4ff6e3d398a5660ab6ac46a6 200 
2026-08-17 23:23:53,358 [INFO] Capturing request: https://www.google.com/async/folae?async=_fmt:pb&udm=50&client_locale=en-US&client_country=ZZ
2026-08-17 23:23:53,390 [INFO] Capturing response: https://www.google.com/async/folae?async=_fmt:pb&udm=50&client_locale=en-US&client_country=ZZ 200 
2026-08-17 23:23:53,671 [INFO] Capturing response: https://www.atomsportv512.top/matches?id=bein-sports-1 200 
2026-08-17 23:23:53,876 [INFO] Capturing request: https://cdn.jsdelivr.net/npm/@clappr/player@0.11.16/dist/clappr.min.js
2026-08-17 23:23:53,879 [INFO] Capturing request: https://cdn.jsdelivr.net/npm/@clappr/hlsjs-playback@1.8.3/dist/hlsjs-playback.min.js
2026-08-17 23:23:53,881 [INFO] Capturing request: https://cdn.jsdelivr.net/npm/level-selector/dist/level-selector.min.js
2026-08-17 23:23:53,908 [INFO] Capturing response: https://cdn.jsdelivr.net/npm/level-selector/dist/level-selector.min.js 200 
2026-08-17 23:23:53,926 [INFO] Capturing response: https://cdn.jsdelivr.net/npm/@clappr/player@0.11.16/dist/clappr.min.js 200 
2026-08-17 23:23:53,929 [INFO] Capturing response: https://cdn.jsdelivr.net/npm/@clappr/hlsjs-playback@1.8.3/dist/hlsjs-playback.min.js 200 
2026-08-17 23:23:54,144 [INFO] Capturing request: https://www.atomsportv512.top/favicon.ico
2026-08-17 23:23:54,213 [INFO] Capturing response: https://www.atomsportv512.top/favicon.ico 200 
2026-08-17 23:23:54,220 [INFO] Capturing request: https://teletv5.top/load/yayinlink.php?id=bein-sports-1
2026-08-17 23:23:54,249 [INFO] Capturing response: https://teletv5.top/load/yayinlink.php?id=bein-sports-1 200 
2026-08-17 23:23:54,698 [INFO] Capturing request: https://streamsport365.com/cinema
2026-08-17 23:23:54,984 [INFO] Capturing response: https://streamsport365.com/cinema 200 
2026-08-17 23:23:55,118 [INFO] Capturing request: https://www.atomsportv512.top/assets/img/player/player_logo_6a72b29dbcd89.png
2026-08-17 23:23:55,182 [INFO] Capturing response: https://www.atomsportv512.top/assets/img/player/player_logo_6a72b29dbcd89.png 200 
2026-08-17 23:23:55,211 [INFO] Capturing request: https://corestream.siteyaptim.live//beintv/tracks-v1a1/mono.m3u8
2026-08-17 23:23:55,365 [INFO] Capturing response: https://corestream.siteyaptim.live//beintv/tracks-v1a1/mono.m3u8 200 
2026-08-17 23:23:55,589 [INFO] Capturing request: https://global.siteyaptim.live/beintv/tracks-v1a1/2026/08/17/23/23/37-06000.jpg
2026-08-17 23:23:56,150 [INFO] Capturing response: https://global.siteyaptim.live/beintv/tracks-v1a1/2026/08/17/23/23/37-06000.jpg 200 
2026-08-17 23:23:56,164 [INFO] Capturing request: https://android.clients.google.com/checkin
2026-08-17 23:23:56,261 [INFO] Capturing response: https://android.clients.google.com/checkin 200 
2026-08-17 23:23:56,313 [INFO] Capturing request: https://android.clients.google.com/c2dm/register3
2026-08-17 23:23:56,316 [INFO] Capturing request: https://android.clients.google.com/c2dm/register3
2026-08-17 23:23:56,318 [INFO] Capturing request: https://android.clients.google.com/c2dm/register3
2026-08-17 23:23:56,393 [INFO] Capturing request: https://global.siteyaptim.live/beintv/tracks-v1a1/2026/08/17/23/23/43-06000.jpg
2026-08-17 23:23:56,452 [INFO] Capturing response: https://android.clients.google.com/c2dm/register3 301 
2026-08-17 23:23:56,769 [INFO] Capturing response: https://global.siteyaptim.live/beintv/tracks-v1a1/2026/08/17/23/23/43-06000.jpg 200 
2026-08-17 23:23:56,820 [INFO] Capturing response: https://android.clients.google.com/c2dm/register3 200 
2026-08-17 23:23:56,967 [INFO] Capturing request: https://global.siteyaptim.live/beintv/tracks-v1a1/2026/08/17/23/23/49-06000.jpg
2026-08-17 23:23:57,076 [INFO] Capturing response: https://android.clients.google.com/c2dm/register3 200 
2026-08-17 23:23:57,078 [INFO]   ✅ M3U8 bulundu: https://corestream.siteyaptim.live//beintv/tracks-v1a1/mono.m3u8
2026-08-17 23:23:57,314 [INFO] Capturing response: https://global.siteyaptim.live/beintv/tracks-v1a1/2026/08/17/23/23/49-06000.jpg 200 
2026-08-17 23:23:58,079 [INFO] 
[2/14]
2026-08-17 23:23:58,079 [INFO] 🔍 beIN Sports 2 → https://www.atomsportv512.top/matches?id=bein-sports-2
2026-08-17 23:23:58,190 [INFO] Capturing request: https://www.atomsportv512.top/matches?id=bein-sports-2
2026-08-17 23:23:58,406 [INFO] Capturing response: https://www.atomsportv512.top/matches?id=bein-sports-2 200 
2026-08-17 23:23:58,459 [INFO] Capturing request: https://streamsport365.com/cinema
2026-08-17 23:23:58,554 [INFO] Capturing request: https://teletv5.top/load/yayinlink.php?id=bein-sports-2
2026-08-17 23:23:58,558 [INFO] Capturing request: https://www.atomsportv512.top/favicon.ico
2026-08-17 23:23:58,579 [INFO] Capturing response: https://teletv5.top/load/yayinlink.php?id=bein-sports-2 200 
2026-08-17 23:23:58,644 [INFO] Capturing response: https://www.atomsportv512.top/favicon.ico 200 
2026-08-17 23:23:58,740 [INFO] Capturing response: https://streamsport365.com/cinema 200 
2026-08-17 23:23:58,852 [INFO] Capturing request: https://www.atomsportv512.top/assets/img/player/player_logo_6a72b29dbcd89.png
2026-08-17 23:23:58,861 [INFO] Capturing request: https://corestream.siteyaptim.live//trt-spor/tracks-v1a1/mono.m3u8
2026-08-17 23:23:59,000 [INFO] Capturing response: https://www.atomsportv512.top/assets/img/player/player_logo_6a72b29dbcd89.png 304 
2026-08-17 23:23:59,203 [INFO] Capturing response: https://corestream.siteyaptim.live//trt-spor/tracks-v1a1/mono.m3u8 200 
2026-08-17 23:23:59,312 [INFO] Capturing request: https://global.siteyaptim.live/trt-spor/tracks-v1a1/2026/08/17/23/23/34-10000.jpg
2026-08-17 23:23:59,928 [INFO] Capturing response: https://global.siteyaptim.live/trt-spor/tracks-v1a1/2026/08/17/23/23/34-10000.jpg 200 
2026-08-17 23:24:00,207 [INFO] Capturing request: https://global.siteyaptim.live/trt-spor/tracks-v1a1/2026/08/17/23/23/44-10000.jpg
2026-08-17 23:24:00,707 [INFO] Capturing response: https://global.siteyaptim.live/trt-spor/tracks-v1a1/2026/08/17/23/23/44-10000.jpg 200 
2026-08-17 23:24:00,985 [INFO] Capturing request: https://global.siteyaptim.live/trt-spor/tracks-v1a1/2026/08/17/23/23/54-10000.jpg
2026-08-17 23:24:01,483 [INFO]   ✅ M3U8 bulundu: https://corestream.siteyaptim.live//trt-spor/tracks-v1a1/mono.m3u8
2026-08-17 23:24:01,517 [INFO] Capturing response: https://global.siteyaptim.live/trt-spor/tracks-v1a1/2026/08/17/23/23/54-10000.jpg 200 
2026-08-17 23:24:02,484 [INFO] 
[3/14]
2026-08-17 23:24:02,484 [INFO] 🔍 beIN Sports 3 → https://www.atomsportv512.top/matches?id=bein-sports-3
2026-08-17 23:24:02,596 [INFO] Capturing request: https://www.atomsportv512.top/matches?id=bein-sports-3
2026-08-17 23:24:02,819 [INFO] Capturing response: https://www.atomsportv512.top/matches?id=bein-sports-3 200 
2026-08-17 23:24:02,948 [INFO] Capturing request: https://teletv5.top/load/yayinlink.php?id=bein-sports-3
2026-08-17 23:24:02,950 [INFO] Capturing request: https://www.atomsportv512.top/favicon.ico
2026-08-17 23:24:02,966 [INFO] Capturing response: https://teletv5.top/load/yayinlink.php?id=bein-sports-3 200 
2026-08-17 23:24:02,996 [INFO] Capturing response: https://www.atomsportv512.top/favicon.ico 200 
2026-08-17 23:24:03,060 [INFO] Capturing request: https://streamsport365.com/cinema
2026-08-17 23:24:03,347 [INFO] Capturing response: https://streamsport365.com/cinema 200 
2026-08-17 23:24:03,458 [INFO] Capturing request: https://www.atomsportv512.top/assets/img/player/player_logo_6a72b29dbcd89.png
2026-08-17 23:24:03,468 [INFO] Capturing request: https://corestream.siteyaptim.live//bein3/tracks-v1a1/mono.m3u8
2026-08-17 23:24:03,608 [INFO] Capturing response: https://corestream.siteyaptim.live//bein3/tracks-v1a1/mono.m3u8 404 
2026-08-17 23:24:03,631 [INFO] Capturing response: https://www.atomsportv512.top/assets/img/player/player_logo_6a72b29dbcd89.png 304 
2026-08-17 23:24:05,738 [INFO] Capturing request: https://corestream.siteyaptim.live//bein3/tracks-v1a1/mono.m3u8
2026-08-17 23:24:05,861 [INFO]   ✅ M3U8 bulundu: https://corestream.siteyaptim.live//bein3/tracks-v1a1/mono.m3u8
2026-08-17 23:24:05,870 [INFO] Capturing response: https://corestream.siteyaptim.live//bein3/tracks-v1a1/mono.m3u8 404 
2026-08-17 23:24:06,861 [INFO] 
[4/14]
2026-08-17 23:24:06,862 [INFO] 🔍 beIN Sports 4 → https://www.atomsportv512.top/matches?id=bein-sports-4
2026-08-17 23:24:06,970 [INFO] Capturing request: https://www.atomsportv512.top/matches?id=bein-sports-4
2026-08-17 23:24:07,485 [INFO] Capturing response: https://www.atomsportv512.top/matches?id=bein-sports-4 200 
2026-08-17 23:24:07,512 [INFO] Capturing request: https://streamsport365.com/cinema
2026-08-17 23:24:07,609 [INFO] Capturing request: https://teletv5.top/load/yayinlink.php?id=bein-sports-4
2026-08-17 23:24:07,618 [INFO] Capturing request: https://www.atomsportv512.top/favicon.ico
2026-08-17 23:24:07,635 [INFO] Capturing response: https://teletv5.top/load/yayinlink.php?id=bein-sports-4 200 
2026-08-17 23:24:07,659 [INFO] Capturing response: https://www.atomsportv512.top/favicon.ico 200 
2026-08-17 23:24:07,795 [INFO] Capturing response: https://streamsport365.com/cinema 200 
2026-08-17 23:24:07,906 [INFO] Capturing request: https://www.atomsportv512.top/assets/img/player/player_logo_6a72b29dbcd89.png
2026-08-17 23:24:07,914 [INFO] Capturing request: https://corestream.siteyaptim.live//bein4/tracks-v1a1/mono.m3u8
2026-08-17 23:24:08,039 [INFO] Capturing response: https://www.atomsportv512.top/assets/img/player/player_logo_6a72b29dbcd89.png 304 
2026-08-17 23:24:08,074 [INFO] Capturing response: https://corestream.siteyaptim.live//bein4/tracks-v1a1/mono.m3u8 200 
2026-08-17 23:24:08,183 [INFO] Capturing request: https://global.siteyaptim.live/bein4/tracks-v1a1/2026/08/17/23/23/37-10000.jpg
2026-08-17 23:24:08,698 [INFO] Capturing response: https://global.siteyaptim.live/bein4/tracks-v1a1/2026/08/17/23/23/37-10000.jpg 200 
2026-08-17 23:24:08,922 [INFO] Capturing request: https://global.siteyaptim.live/bein4/tracks-v1a1/2026/08/17/23/23/47-10000.jpg
2026-08-17 23:24:09,264 [INFO] Capturing response: https://global.siteyaptim.live/bein4/tracks-v1a1/2026/08/17/23/23/47-10000.jpg 200 
2026-08-17 23:24:09,487 [INFO] Capturing request: https://global.siteyaptim.live/bein4/tracks-v1a1/2026/08/17/23/23/57-10000.jpg
2026-08-17 23:24:09,811 [INFO] Capturing response: https://global.siteyaptim.live/bein4/tracks-v1a1/2026/08/17/23/23/57-10000.jpg 200 
2026-08-17 23:24:10,535 [INFO]   ✅ M3U8 bulundu: https://corestream.siteyaptim.live//bein4/tracks-v1a1/mono.m3u8
2026-08-17 23:24:11,535 [INFO] 
[5/14]
2026-08-17 23:24:11,535 [INFO] 🔍 beIN Sports 5 → https://www.atomsportv512.top/matches?id=bein-sports-5
2026-08-17 23:24:11,645 [INFO] Capturing request: https://www.atomsportv512.top/matches?id=bein-sports-5
2026-08-17 23:24:11,853 [INFO] Capturing response: https://www.atomsportv512.top/matches?id=bein-sports-5 200 
2026-08-17 23:24:11,982 [INFO] Capturing request: https://teletv5.top/load/yayinlink.php?id=bein-sports-5
2026-08-17 23:24:11,983 [INFO] Capturing request: https://www.atomsportv512.top/favicon.ico
2026-08-17 23:24:12,034 [INFO] Capturing response: https://www.atomsportv512.top/favicon.ico 200 
2026-08-17 23:24:12,097 [INFO] Capturing request: https://streamsport365.com/cinema
2026-08-17 23:24:12,319 [INFO] Capturing response: https://teletv5.top/load/yayinlink.php?id=bein-sports-5 200 
2026-08-17 23:24:12,372 [INFO] Capturing response: https://streamsport365.com/cinema 200 
2026-08-17 23:24:12,483 [INFO] Capturing request: https://www.atomsportv512.top/assets/img/player/player_logo_6a72b29dbcd89.png
2026-08-17 23:24:12,493 [INFO] Capturing request: https://corestream.siteyaptim.live//bein5/tracks-v1a1/mono.m3u8
2026-08-17 23:24:12,628 [INFO] Capturing response: https://www.atomsportv512.top/assets/img/player/player_logo_6a72b29dbcd89.png 304 
2026-08-17 23:24:12,642 [INFO] Capturing response: https://corestream.siteyaptim.live//bein5/tracks-v1a1/mono.m3u8 200 
2026-08-17 23:24:12,751 [INFO] Capturing request: https://global.siteyaptim.live/bein5/tracks-v1a1/2026/08/17/23/23/54-10000.jpg
2026-08-17 23:24:12,906 [INFO] Capturing response: https://global.siteyaptim.live/bein5/tracks-v1a1/2026/08/17/23/23/54-10000.jpg 200 
2026-08-17 23:24:13,018 [INFO] Capturing request: https://global.siteyaptim.live/bein5/tracks-v1a1/2026/08/17/23/24/04-10000.jpg
2026-08-17 23:24:13,220 [INFO] Capturing response: https://global.siteyaptim.live/bein5/tracks-v1a1/2026/08/17/23/24/04-10000.jpg 200 
2026-08-17 23:24:13,370 [INFO] Capturing request: https://global.siteyaptim.live/bein5/tracks-v1a1/2026/08/17/23/24/14-10000.jpg
2026-08-17 23:24:13,548 [INFO] Capturing response: https://global.siteyaptim.live/bein5/tracks-v1a1/2026/08/17/23/24/14-10000.jpg 200 
2026-08-17 23:24:14,898 [INFO]   ✅ M3U8 bulundu: https://corestream.siteyaptim.live//bein5/tracks-v1a1/mono.m3u8
2026-08-17 23:24:15,899 [INFO] 
[6/14]
2026-08-17 23:24:15,899 [INFO] 🔍 beIN Sports Max 1 → https://www.atomsportv512.top/matches?id=bein-sports-max-1
2026-08-17 23:24:16,007 [INFO] Capturing request: https://www.atomsportv512.top/matches?id=bein-sports-max-1
2026-08-17 23:24:16,232 [INFO] Capturing response: https://www.atomsportv512.top/matches?id=bein-sports-max-1 200 
2026-08-17 23:24:16,266 [INFO] Capturing request: https://streamsport365.com/cinema
2026-08-17 23:24:16,368 [INFO] Capturing request: https://teletv5.top/load/yayinlink.php?id=bein-sports-max-1
2026-08-17 23:24:16,369 [INFO] Capturing request: https://www.atomsportv512.top/favicon.ico
2026-08-17 23:24:16,414 [INFO] Capturing response: https://www.atomsportv512.top/favicon.ico 200 
2026-08-17 23:24:16,552 [INFO] Capturing response: https://streamsport365.com/cinema 200 
2026-08-17 23:24:16,555 [INFO] Capturing response: https://teletv5.top/load/yayinlink.php?id=bein-sports-max-1 200 
2026-08-17 23:24:16,705 [INFO] Capturing request: https://www.atomsportv512.top/assets/img/player/player_logo_6a72b29dbcd89.png
2026-08-17 23:24:16,714 [INFO] Capturing request: https://corestream.siteyaptim.live//beinmax1/tracks-v1a1/mono.m3u8
2026-08-17 23:24:16,841 [INFO] Capturing response: https://www.atomsportv512.top/assets/img/player/player_logo_6a72b29dbcd89.png 304 
2026-08-17 23:24:16,863 [INFO] Capturing response: https://corestream.siteyaptim.live//beinmax1/tracks-v1a1/mono.m3u8 200 
2026-08-17 23:24:17,012 [INFO] Capturing request: https://global.siteyaptim.live/beinmax1/tracks-v1a1/2026/08/17/23/24/02-06000.jpg
2026-08-17 23:24:17,374 [INFO] Capturing response: https://global.siteyaptim.live/beinmax1/tracks-v1a1/2026/08/17/23/24/02-06000.jpg 200 
2026-08-17 23:24:17,608 [INFO] Capturing request: https://global.siteyaptim.live/beinmax1/tracks-v1a1/2026/08/17/23/24/08-06000.jpg
2026-08-17 23:24:17,999 [INFO] Capturing request: https://android.clients.google.com/c2dm/register3
2026-08-17 23:24:18,020 [INFO] Capturing response: https://global.siteyaptim.live/beinmax1/tracks-v1a1/2026/08/17/23/24/08-06000.jpg 200 
2026-08-17 23:24:18,028 [INFO] Capturing response: https://android.clients.google.com/c2dm/register3 301 
2026-08-17 23:24:18,247 [INFO] Capturing request: https://global.siteyaptim.live/beinmax1/tracks-v1a1/2026/08/17/23/24/14-06000.jpg
2026-08-17 23:24:18,655 [INFO] Capturing response: https://global.siteyaptim.live/beinmax1/tracks-v1a1/2026/08/17/23/24/14-06000.jpg 200 
2026-08-17 23:24:19,285 [INFO]   ✅ M3U8 bulundu: https://corestream.siteyaptim.live//beinmax1/tracks-v1a1/mono.m3u8
2026-08-17 23:24:20,285 [INFO] 
[7/14]
2026-08-17 23:24:20,285 [INFO] 🔍 beIN Sports Max 2 → https://www.atomsportv512.top/matches?id=bein-sports-max-2
2026-08-17 23:24:20,395 [INFO] Capturing request: https://www.atomsportv512.top/matches?id=bein-sports-max-2
2026-08-17 23:24:20,615 [INFO] Capturing response: https://www.atomsportv512.top/matches?id=bein-sports-max-2 200 
2026-08-17 23:24:20,749 [INFO] Capturing request: https://www.atomsportv512.top/favicon.ico
2026-08-17 23:24:20,749 [INFO] Capturing request: https://teletv5.top/load/yayinlink.php?id=bein-sports-max-2
2026-08-17 23:24:20,793 [INFO] Capturing response: https://www.atomsportv512.top/favicon.ico 200 
2026-08-17 23:24:20,864 [INFO] Capturing request: https://streamsport365.com/cinema
2026-08-17 23:24:20,931 [INFO] Capturing response: https://teletv5.top/load/yayinlink.php?id=bein-sports-max-2 200 
2026-08-17 23:24:21,140 [INFO] Capturing response: https://streamsport365.com/cinema 200 
2026-08-17 23:24:21,250 [INFO] Capturing request: https://www.atomsportv512.top/assets/img/player/player_logo_6a72b29dbcd89.png
2026-08-17 23:24:21,260 [INFO] Capturing request: https://corestream.siteyaptim.live//trt-spor/tracks-v1a1/mono.m3u8
2026-08-17 23:24:21,386 [INFO] Capturing response: https://www.atomsportv512.top/assets/img/player/player_logo_6a72b29dbcd89.png 304 
2026-08-17 23:24:21,391 [INFO] Capturing response: https://corestream.siteyaptim.live//trt-spor/tracks-v1a1/mono.m3u8 200 
2026-08-17 23:24:21,500 [INFO] Capturing request: https://global.siteyaptim.live/trt-spor/tracks-v1a1/2026/08/17/23/23/54-10000.jpg
2026-08-17 23:24:21,954 [INFO] Capturing response: https://global.siteyaptim.live/trt-spor/tracks-v1a1/2026/08/17/23/23/54-10000.jpg 200 
2026-08-17 23:24:22,234 [INFO] Capturing request: https://global.siteyaptim.live/trt-spor/tracks-v1a1/2026/08/17/23/24/04-10000.jpg
2026-08-17 23:24:23,114 [INFO] Capturing response: https://global.siteyaptim.live/trt-spor/tracks-v1a1/2026/08/17/23/24/04-10000.jpg 200 
2026-08-17 23:24:23,443 [INFO] Capturing request: https://global.siteyaptim.live/trt-spor/tracks-v1a1/2026/08/17/23/24/14-10000.jpg
2026-08-17 23:24:23,667 [INFO]   ✅ M3U8 bulundu: https://corestream.siteyaptim.live//trt-spor/tracks-v1a1/mono.m3u8
2026-08-17 23:24:24,302 [INFO] Capturing response: https://global.siteyaptim.live/trt-spor/tracks-v1a1/2026/08/17/23/24/14-10000.jpg 200 
2026-08-17 23:24:24,668 [INFO] 
[8/14]
2026-08-17 23:24:24,668 [INFO] 🔍 S Sport → https://www.atomsportv512.top/matches?id=s-sport
2026-08-17 23:24:24,779 [INFO] Capturing request: https://www.atomsportv512.top/matches?id=s-sport
2026-08-17 23:24:25,892 [INFO] Capturing response: https://www.atomsportv512.top/matches?id=s-sport 200 
2026-08-17 23:24:26,026 [INFO] Capturing request: https://teletv5.top/load/yayinlink.php?id=s-sport
2026-08-17 23:24:26,028 [INFO] Capturing request: https://www.atomsportv512.top/favicon.ico
2026-08-17 23:24:26,049 [INFO] Capturing response: https://teletv5.top/load/yayinlink.php?id=s-sport 200 
2026-08-17 23:24:26,062 [INFO] Capturing response: https://www.atomsportv512.top/favicon.ico 200 
2026-08-17 23:24:26,138 [INFO] Capturing request: https://streamsport365.com/cinema
2026-08-17 23:24:26,422 [INFO] Capturing response: https://streamsport365.com/cinema 200 
2026-08-17 23:24:26,532 [INFO] Capturing request: https://www.atomsportv512.top/assets/img/player/player_logo_6a72b29dbcd89.png
2026-08-17 23:24:26,541 [INFO] Capturing request: https://corestream.siteyaptim.live//s-sport/tracks-v1a1/mono.m3u8
2026-08-17 23:24:26,671 [INFO] Capturing response: https://www.atomsportv512.top/assets/img/player/player_logo_6a72b29dbcd89.png 304 
2026-08-17 23:24:26,680 [INFO] Capturing response: https://corestream.siteyaptim.live//s-sport/tracks-v1a1/mono.m3u8 200 
2026-08-17 23:24:26,828 [INFO] Capturing request: https://global.siteyaptim.live/s-sport/tracks-v1a1/2026/08/17/23/24/41-06000.jpg
2026-08-17 23:24:27,218 [INFO] Capturing response: https://global.siteyaptim.live/s-sport/tracks-v1a1/2026/08/17/23/24/41-06000.jpg 200 
2026-08-17 23:24:27,420 [INFO] Capturing request: https://global.siteyaptim.live/s-sport/tracks-v1a1/2026/08/17/23/24/47-06000.jpg
2026-08-17 23:24:27,774 [INFO] Capturing response: https://global.siteyaptim.live/s-sport/tracks-v1a1/2026/08/17/23/24/47-06000.jpg 200 
2026-08-17 23:24:27,989 [INFO] Capturing request: https://global.siteyaptim.live/s-sport/tracks-v1a1/2026/08/17/23/24/53-06000.jpg
2026-08-17 23:24:28,312 [INFO] Capturing response: https://global.siteyaptim.live/s-sport/tracks-v1a1/2026/08/17/23/24/53-06000.jpg 200 
2026-08-17 23:24:28,949 [INFO]   ✅ M3U8 bulundu: https://corestream.siteyaptim.live//s-sport/tracks-v1a1/mono.m3u8
2026-08-17 23:24:29,950 [INFO] 
[9/14]
2026-08-17 23:24:29,950 [INFO] 🔍 S Sport 2 → https://www.atomsportv512.top/matches?id=s-sport-2
2026-08-17 23:24:30,060 [INFO] Capturing request: https://www.atomsportv512.top/matches?id=s-sport-2
2026-08-17 23:24:30,289 [INFO] Capturing response: https://www.atomsportv512.top/matches?id=s-sport-2 200 
2026-08-17 23:24:30,316 [INFO] Capturing request: https://streamsport365.com/cinema
2026-08-17 23:24:30,417 [INFO] Capturing request: https://teletv5.top/load/yayinlink.php?id=s-sport-2
2026-08-17 23:24:30,423 [INFO] Capturing request: https://www.atomsportv512.top/favicon.ico
2026-08-17 23:24:30,468 [INFO] Capturing response: https://www.atomsportv512.top/favicon.ico 200 
2026-08-17 23:24:30,592 [INFO] Capturing response: https://streamsport365.com/cinema 200 
2026-08-17 23:24:30,598 [INFO] Capturing response: https://teletv5.top/load/yayinlink.php?id=s-sport-2 200 
2026-08-17 23:24:30,747 [INFO] Capturing request: https://www.atomsportv512.top/assets/img/player/player_logo_6a72b29dbcd89.png
2026-08-17 23:24:30,757 [INFO] Capturing request: https://corestream.siteyaptim.live//s-sport2/tracks-v1a1/mono.m3u8
2026-08-17 23:24:30,880 [INFO] Capturing response: https://www.atomsportv512.top/assets/img/player/player_logo_6a72b29dbcd89.png 304 
2026-08-17 23:24:30,905 [INFO] Capturing response: https://corestream.siteyaptim.live//s-sport2/tracks-v1a1/mono.m3u8 200 
2026-08-17 23:24:31,055 [INFO] Capturing request: https://global.siteyaptim.live/s-sport2/tracks-v1a1/2026/08/17/23/24/38-10000.jpg
2026-08-17 23:24:31,427 [INFO] Capturing response: https://global.siteyaptim.live/s-sport2/tracks-v1a1/2026/08/17/23/24/38-10000.jpg 200 
2026-08-17 23:24:31,628 [INFO] Capturing request: https://global.siteyaptim.live/s-sport2/tracks-v1a1/2026/08/17/23/24/48-10000.jpg
2026-08-17 23:24:32,112 [INFO] Capturing response: https://global.siteyaptim.live/s-sport2/tracks-v1a1/2026/08/17/23/24/48-10000.jpg 200 
2026-08-17 23:24:32,378 [INFO] Capturing request: https://global.siteyaptim.live/s-sport2/tracks-v1a1/2026/08/17/23/24/58-10000.jpg
2026-08-17 23:24:32,870 [INFO] Capturing response: https://global.siteyaptim.live/s-sport2/tracks-v1a1/2026/08/17/23/24/58-10000.jpg 200 
2026-08-17 23:24:33,343 [INFO]   ✅ M3U8 bulundu: https://corestream.siteyaptim.live//s-sport2/tracks-v1a1/mono.m3u8
2026-08-17 23:24:34,344 [INFO] 
[10/14]
2026-08-17 23:24:34,344 [INFO] 🔍 A Spor → https://www.atomsportv512.top/matches?id=a-spor
2026-08-17 23:24:34,454 [INFO] Capturing request: https://www.atomsportv512.top/matches?id=a-spor
2026-08-17 23:24:34,657 [INFO] Capturing response: https://www.atomsportv512.top/matches?id=a-spor 200 
2026-08-17 23:24:34,790 [INFO] Capturing request: https://www.atomsportv512.top/favicon.ico
2026-08-17 23:24:34,790 [INFO] Capturing request: https://teletv5.top/load/yayinlink.php?id=a-spor
2026-08-17 23:24:34,832 [INFO] Capturing response: https://www.atomsportv512.top/favicon.ico 200 
2026-08-17 23:24:34,899 [INFO] Capturing request: https://streamsport365.com/cinema
2026-08-17 23:24:34,970 [INFO] Capturing response: https://teletv5.top/load/yayinlink.php?id=a-spor 200 
2026-08-17 23:24:35,177 [INFO] Capturing response: https://streamsport365.com/cinema 200 
2026-08-17 23:24:35,288 [INFO] Capturing request: https://www.atomsportv512.top/assets/img/player/player_logo_6a72b29dbcd89.png
2026-08-17 23:24:35,298 [INFO] Capturing request: https://corestream.siteyaptim.live//aspor/tracks-v1a1/mono.m3u8
2026-08-17 23:24:35,412 [INFO] Capturing response: https://www.atomsportv512.top/assets/img/player/player_logo_6a72b29dbcd89.png 304 
2026-08-17 23:24:35,459 [INFO] Capturing response: https://corestream.siteyaptim.live//aspor/tracks-v1a1/mono.m3u8 200 
2026-08-17 23:24:35,568 [INFO] Capturing request: https://global.siteyaptim.live/aspor/tracks-v1a1/2026/08/17/23/24/36-10000.jpg
2026-08-17 23:24:36,200 [INFO] Capturing response: https://global.siteyaptim.live/aspor/tracks-v1a1/2026/08/17/23/24/36-10000.jpg 200 
2026-08-17 23:24:36,487 [INFO] Capturing request: https://global.siteyaptim.live/aspor/tracks-v1a1/2026/08/17/23/24/46-10000.jpg
2026-08-17 23:24:37,092 [INFO] Capturing response: https://global.siteyaptim.live/aspor/tracks-v1a1/2026/08/17/23/24/46-10000.jpg 200 
2026-08-17 23:24:37,380 [INFO] Capturing request: https://global.siteyaptim.live/aspor/tracks-v1a1/2026/08/17/23/24/56-10000.jpg
2026-08-17 23:24:37,713 [INFO]   ✅ M3U8 bulundu: https://corestream.siteyaptim.live//aspor/tracks-v1a1/mono.m3u8
2026-08-17 23:24:37,957 [INFO] Capturing response: https://global.siteyaptim.live/aspor/tracks-v1a1/2026/08/17/23/24/56-10000.jpg 200 
2026-08-17 23:24:38,714 [INFO] 
[11/14]
2026-08-17 23:24:38,714 [INFO] 🔍 Tivibu Spor 1 → https://www.atomsportv512.top/matches?id=tivibu-spor-1
2026-08-17 23:24:38,826 [INFO] Capturing request: https://www.atomsportv512.top/matches?id=tivibu-spor-1
2026-08-17 23:24:39,051 [INFO] Capturing response: https://www.atomsportv512.top/matches?id=tivibu-spor-1 200 
2026-08-17 23:24:39,083 [INFO] Capturing request: https://streamsport365.com/cinema
2026-08-17 23:24:39,185 [INFO] Capturing request: https://teletv5.top/load/yayinlink.php?id=tivibu-spor-1
2026-08-17 23:24:39,188 [INFO] Capturing request: https://www.atomsportv512.top/favicon.ico
2026-08-17 23:24:39,229 [INFO] Capturing response: https://www.atomsportv512.top/favicon.ico 200 
2026-08-17 23:24:39,360 [INFO] Capturing response: https://streamsport365.com/cinema 200 
2026-08-17 23:24:39,364 [INFO] Capturing response: https://teletv5.top/load/yayinlink.php?id=tivibu-spor-1 200 
2026-08-17 23:24:52,638 [INFO] Capturing request: https://update.googleapis.com/service/update2/json?cup2key=16:jEJJ4SawTzD7lTv-clpiAbOcFE8Rt3HtJqMpxgq9b18&cup2hreq=e23fb0aa1b033769818fbe9acbcd1156444c86afb6f9a0a066aa303e9a666f27
2026-08-17 23:24:52,666 [INFO] Capturing response: https://update.googleapis.com/service/update2/json?cup2key=16:jEJJ4SawTzD7lTv-clpiAbOcFE8Rt3HtJqMpxgq9b18&cup2hreq=e23fb0aa1b033769818fbe9acbcd1156444c86afb6f9a0a066aa303e9a666f27 200 
2026-08-17 23:24:52,673 [INFO] Capturing request: http://edgedl.me.gvt1.com/edgedl/diffgen-puffin/gcmjkmgdlgnkkcocmoeiminaijmmjnii/6ca5bdb9f3e2cd83b7e359729bc6c33c4fe975ec499861d969b3e080320849ff
2026-08-17 23:24:52,688 [INFO] Capturing response: http://edgedl.me.gvt1.com/edgedl/diffgen-puffin/gcmjkmgdlgnkkcocmoeiminaijmmjnii/6ca5bdb9f3e2cd83b7e359729bc6c33c4fe975ec499861d969b3e080320849ff 200 OK
2026-08-17 23:24:52,714 [INFO] Capturing request: https://update.googleapis.com/service/update2/json
2026-08-17 23:24:52,736 [INFO] Capturing response: https://update.googleapis.com/service/update2/json 200 
2026-08-17 23:24:52,781 [INFO] Capturing request: http://edgedl.me.gvt1.com/edgedl/release2/chrome_component/ahbupgck4emcpzksar35vw2vry_10721/hfnkpimlhhgieaddgfemjhofmfblmnib_10721_all_pt6pg25z4wnzzqbb3wfwtjumra.crx3
2026-08-17 23:24:52,796 [INFO] Capturing response: http://edgedl.me.gvt1.com/edgedl/release2/chrome_component/ahbupgck4emcpzksar35vw2vry_10721/hfnkpimlhhgieaddgfemjhofmfblmnib_10721_all_pt6pg25z4wnzzqbb3wfwtjumra.crx3 200 OK
2026-08-17 23:24:52,827 [INFO] Capturing request: https://update.googleapis.com/service/update2/json
2026-08-17 23:24:52,852 [INFO] Capturing response: https://update.googleapis.com/service/update2/json 200 
2026-08-17 23:25:03,566 [INFO] Capturing request: https://android.clients.google.com/c2dm/register3
2026-08-17 23:25:03,601 [INFO] Capturing response: https://android.clients.google.com/c2dm/register3 301 
2026-08-17 23:25:12,368 [WARNING]   ❌ Tivibu Spor 1 için M3U8 bulunamadı
2026-08-17 23:25:13,369 [INFO] 
[12/14]
2026-08-17 23:25:13,369 [INFO] 🔍 Tivibu Spor 2 → https://www.atomsportv512.top/matches?id=tivibu-spor-2
2026-08-17 23:25:13,516 [INFO] Capturing request: https://www.atomsportv512.top/matches?id=tivibu-spor-2
2026-08-17 23:25:13,965 [INFO] Capturing response: https://www.atomsportv512.top/matches?id=tivibu-spor-2 200 
2026-08-17 23:25:14,129 [INFO] Capturing request: https://www.atomsportv512.top/favicon.ico
2026-08-17 23:25:14,164 [INFO] Capturing request: https://teletv5.top/load/yayinlink.php?id=tivibu-spor-2
2026-08-17 23:25:14,174 [INFO] Capturing response: https://www.atomsportv512.top/favicon.ico 200 
2026-08-17 23:25:14,479 [INFO] Capturing response: https://teletv5.top/load/yayinlink.php?id=tivibu-spor-2 200 
2026-08-17 23:25:14,662 [INFO] Capturing request: https://streamsport365.com/cinema
2026-08-17 23:25:14,944 [INFO] Capturing response: https://streamsport365.com/cinema 200 
2026-08-17 23:25:47,267 [WARNING]   ❌ Tivibu Spor 2 için M3U8 bulunamadı
2026-08-17 23:25:48,267 [INFO] 
[13/14]
2026-08-17 23:25:48,267 [INFO] 🔍 Tivibu Spor 3 → https://www.atomsportv512.top/matches?id=tivibu-spor-3
2026-08-17 23:25:48,375 [INFO] Capturing request: https://www.atomsportv512.top/matches?id=tivibu-spor-3
2026-08-17 23:25:48,735 [INFO] Capturing response: https://www.atomsportv512.top/matches?id=tivibu-spor-3 200 
2026-08-17 23:25:48,869 [INFO] Capturing request: https://teletv5.top/load/yayinlink.php?id=tivibu-spor-3
2026-08-17 23:25:48,870 [INFO] Capturing request: https://www.atomsportv512.top/favicon.ico
2026-08-17 23:25:48,902 [INFO] Capturing response: https://www.atomsportv512.top/favicon.ico 200 
2026-08-17 23:25:48,978 [INFO] Capturing request: https://streamsport365.com/cinema
2026-08-17 23:25:49,039 [INFO] Capturing response: https://teletv5.top/load/yayinlink.php?id=tivibu-spor-3 200 
2026-08-17 23:25:49,259 [INFO] Capturing response: https://streamsport365.com/cinema 200 
2026-08-17 23:26:22,012 [WARNING]   ❌ Tivibu Spor 3 için M3U8 bulunamadı
2026-08-17 23:26:23,012 [INFO] 
[14/14]
2026-08-17 23:26:23,012 [INFO] 🔍 Tivibu Spor 4 → https://www.atomsportv512.top/matches?id=tivibu-spor-4
2026-08-17 23:26:23,122 [INFO] Capturing request: https://www.atomsportv512.top/matches?id=tivibu-spor-4
2026-08-17 23:26:23,470 [INFO] Capturing response: https://www.atomsportv512.top/matches?id=tivibu-spor-4 200 
2026-08-17 23:26:23,606 [INFO] Capturing request: https://www.atomsportv512.top/favicon.ico
2026-08-17 23:26:23,607 [INFO] Capturing request: https://teletv5.top/load/yayinlink.php?id=tivibu-spor-4
2026-08-17 23:26:23,630 [INFO] Capturing response: https://teletv5.top/load/yayinlink.php?id=tivibu-spor-4 200 
2026-08-17 23:26:23,641 [INFO] Capturing response: https://www.atomsportv512.top/favicon.ico 200 
2026-08-17 23:26:23,719 [INFO] Capturing request: https://streamsport365.com/cinema
2026-08-17 23:26:23,995 [INFO] Capturing response: https://streamsport365.com/cinema 200 
2026-08-17 23:26:41,806 [INFO] Capturing request: https://android.clients.google.com/c2dm/register3
2026-08-17 23:26:41,837 [INFO] Capturing response: https://android.clients.google.com/c2dm/register3 301 
2026-08-17 23:26:56,748 [WARNING]   ❌ Tivibu Spor 4 için M3U8 bulunamadı
2026-08-17 23:26:57,815 [INFO] ✅ 10 kanal bulundu, playlist.m3u kaydedildi
