2026-08-23 12:42:11,509 [INFO] 🌐 BASE_URL: https://www.atomsportv513.top
2026-08-23 12:42:12,917 [INFO] Başlanıyor... 14 kanal taranacak
2026-08-23 12:42:12,917 [INFO] Using default request storage
2026-08-23 12:42:12,920 [INFO] Created proxy listening on 127.0.0.1:40995
2026-08-23 12:42:13,533 [INFO] Capturing request: http://clients2.google.com/time/1/current?cup2key=10:uOFGhEaS0-0H1zJxlOIM-AeLTlSngZH3vc1yDcwDHBM&cup2hreq=e3b0c44298fc1c149afbf4c8996fb92427ae41e4649b934ca495991b7852b855
2026-08-23 12:42:13,618 [INFO] Capturing response: http://clients2.google.com/time/1/current?cup2key=10:uOFGhEaS0-0H1zJxlOIM-AeLTlSngZH3vc1yDcwDHBM&cup2hreq=e3b0c44298fc1c149afbf4c8996fb92427ae41e4649b934ca495991b7852b855 200 OK
2026-08-23 12:42:13,685 [INFO] 
[1/14]
2026-08-23 12:42:13,685 [INFO] 🔍 beIN Sports 1 → https://www.atomsportv513.top/matches?id=bein-sports-1
2026-08-23 12:42:13,907 [INFO] Capturing request: https://update.googleapis.com/service/update2/json?cup2key=16:1FMRHozIMaVqgibSH9n3kUyTLF3bQYs7O02g7VWfB74&cup2hreq=8865a3a5670d8a98b7137f73080bed9abaeec737406f149b7e3c471d39babd85
2026-08-23 12:42:13,912 [INFO] Capturing request: https://accounts.google.com/ListAccounts?gpsia=1&source=ChromiumBrowser&json=standard&laf=b64bin
2026-08-23 12:42:13,978 [INFO] Capturing response: https://update.googleapis.com/service/update2/json?cup2key=16:1FMRHozIMaVqgibSH9n3kUyTLF3bQYs7O02g7VWfB74&cup2hreq=8865a3a5670d8a98b7137f73080bed9abaeec737406f149b7e3c471d39babd85 200 
2026-08-23 12:42:13,979 [INFO] Capturing response: https://accounts.google.com/ListAccounts?gpsia=1&source=ChromiumBrowser&json=standard&laf=b64bin 200 
2026-08-23 12:42:14,005 [INFO] Capturing request: https://www.google.com/async/folae?async=_fmt:pb&udm=50&client_locale=en-US&client_country=ZZ
2026-08-23 12:42:14,007 [INFO] Capturing request: https://www.atomsportv513.top/matches?id=bein-sports-1
2026-08-23 12:42:14,023 [INFO] Capturing request: https://update.googleapis.com/service/update2/json?cup2key=16:pB0hn4BaCNxh5UPf6NHnos6_In4g1f9aWebwNHAWH-g&cup2hreq=9af1feceddd5bb730941441228c06d2833642ebfa8531a2f73da57b5fdfde2a4
2026-08-23 12:42:14,036 [INFO] Capturing response: https://www.google.com/async/folae?async=_fmt:pb&udm=50&client_locale=en-US&client_country=ZZ 200 
2026-08-23 12:42:14,089 [INFO] Capturing response: https://update.googleapis.com/service/update2/json?cup2key=16:pB0hn4BaCNxh5UPf6NHnos6_In4g1f9aWebwNHAWH-g&cup2hreq=9af1feceddd5bb730941441228c06d2833642ebfa8531a2f73da57b5fdfde2a4 200 
2026-08-23 12:42:14,133 [INFO] Capturing request: https://update.googleapis.com/service/update2/json?cup2key=16:7wqeh0CeGftcf7rWNe7jd9T7G3WnNUyr_5YmB0kk6HM&cup2hreq=281b6159075e1e40418088bd4e4327d620615b745c4afecde01593a2adb6f70e
2026-08-23 12:42:14,199 [INFO] Capturing response: https://update.googleapis.com/service/update2/json?cup2key=16:7wqeh0CeGftcf7rWNe7jd9T7G3WnNUyr_5YmB0kk6HM&cup2hreq=281b6159075e1e40418088bd4e4327d620615b745c4afecde01593a2adb6f70e 200 
2026-08-23 12:42:14,225 [INFO] Capturing request: https://www.google.com/async/folae?async=_fmt:pb&udm=50&client_locale=en-US&client_country=ZZ
2026-08-23 12:42:14,255 [INFO] Capturing response: https://www.google.com/async/folae?async=_fmt:pb&udm=50&client_locale=en-US&client_country=ZZ 200 
2026-08-23 12:42:14,995 [INFO] Capturing response: https://www.atomsportv513.top/matches?id=bein-sports-1 200 
2026-08-23 12:42:15,202 [INFO] Capturing request: https://cdn.jsdelivr.net/npm/@clappr/player@0.11.16/dist/clappr.min.js
2026-08-23 12:42:15,205 [INFO] Capturing request: https://cdn.jsdelivr.net/npm/@clappr/hlsjs-playback@1.8.3/dist/hlsjs-playback.min.js
2026-08-23 12:42:15,205 [INFO] Capturing request: https://cdn.jsdelivr.net/npm/level-selector/dist/level-selector.min.js
2026-08-23 12:42:15,262 [INFO] Capturing response: https://cdn.jsdelivr.net/npm/level-selector/dist/level-selector.min.js 200 
2026-08-23 12:42:15,296 [INFO] Capturing response: https://cdn.jsdelivr.net/npm/@clappr/player@0.11.16/dist/clappr.min.js 200 
2026-08-23 12:42:15,308 [INFO] Capturing response: https://cdn.jsdelivr.net/npm/@clappr/hlsjs-playback@1.8.3/dist/hlsjs-playback.min.js 200 
2026-08-23 12:42:15,491 [INFO] Capturing request: https://www.atomsportv513.top/favicon.ico
2026-08-23 12:42:15,546 [INFO] Capturing response: https://www.atomsportv513.top/favicon.ico 200 
2026-08-23 12:42:15,802 [INFO] Capturing request: https://teletv5.top/load/yayinlink.php?id=bein-sports-1
2026-08-23 12:42:16,028 [INFO] Capturing request: https://streamsport365.com/cinema
2026-08-23 12:42:16,147 [INFO] Capturing response: https://teletv5.top/load/yayinlink.php?id=bein-sports-1 200 
2026-08-23 12:42:16,308 [INFO] Capturing response: https://streamsport365.com/cinema 200 
2026-08-23 12:42:16,430 [INFO] Capturing request: https://www.atomsportv513.top/assets/img/player/player_logo_6a87a2e2eecc5.png
2026-08-23 12:42:16,493 [INFO] Capturing response: https://www.atomsportv513.top/assets/img/player/player_logo_6a87a2e2eecc5.png 200 
2026-08-23 12:42:16,526 [INFO] Capturing request: https://corestream.siteyaptim.live//beintv/tracks-v1a1/mono.m3u8
2026-08-23 12:42:16,702 [INFO] Capturing response: https://corestream.siteyaptim.live//beintv/tracks-v1a1/mono.m3u8 200 
2026-08-23 12:42:16,953 [INFO] Capturing request: https://global.siteyaptim.live/beintv/tracks-v1a1/2026/08/23/12/42/43-05000.jpg
2026-08-23 12:42:17,387 [INFO] Capturing request: https://android.clients.google.com/checkin
2026-08-23 12:42:17,518 [INFO] Capturing response: https://android.clients.google.com/checkin 200 
2026-08-23 12:42:17,566 [INFO] Capturing request: https://android.clients.google.com/c2dm/register3
2026-08-23 12:42:17,568 [INFO] Capturing request: https://android.clients.google.com/c2dm/register3
2026-08-23 12:42:17,571 [INFO] Capturing request: https://android.clients.google.com/c2dm/register3
2026-08-23 12:42:17,633 [INFO] Capturing response: https://android.clients.google.com/c2dm/register3 301 
2026-08-23 12:42:17,837 [INFO] Capturing response: https://global.siteyaptim.live/beintv/tracks-v1a1/2026/08/23/12/42/43-05000.jpg 200 
2026-08-23 12:42:18,039 [INFO] Capturing request: https://global.siteyaptim.live/beintv/tracks-v1a1/2026/08/23/12/42/48-05000.jpg
2026-08-23 12:42:18,194 [INFO] Capturing response: https://android.clients.google.com/c2dm/register3 200 
2026-08-23 12:42:18,400 [INFO] Capturing response: https://android.clients.google.com/c2dm/register3 200 
2026-08-23 12:42:18,407 [INFO]   ✅ M3U8 bulundu: https://corestream.siteyaptim.live//beintv/tracks-v1a1/mono.m3u8
2026-08-23 12:42:18,828 [INFO] Capturing response: https://global.siteyaptim.live/beintv/tracks-v1a1/2026/08/23/12/42/48-05000.jpg 200 
2026-08-23 12:42:19,090 [INFO] Capturing request: https://global.siteyaptim.live/beintv/tracks-v1a1/2026/08/23/12/42/53-05000.jpg
2026-08-23 12:42:19,407 [INFO] 
[2/14]
2026-08-23 12:42:19,407 [INFO] 🔍 beIN Sports 2 → https://www.atomsportv513.top/matches?id=bein-sports-2
2026-08-23 12:42:19,516 [INFO] Capturing request: https://www.atomsportv513.top/matches?id=bein-sports-2
2026-08-23 12:42:19,717 [INFO] Capturing response: https://www.atomsportv513.top/matches?id=bein-sports-2 200 
2026-08-23 12:42:19,758 [INFO] Capturing request: https://streamsport365.com/cinema
2026-08-23 12:42:19,856 [INFO] Capturing request: https://teletv5.top/load/yayinlink.php?id=bein-sports-2
2026-08-23 12:42:19,859 [INFO] Capturing request: https://www.atomsportv513.top/favicon.ico
2026-08-23 12:42:19,904 [INFO] Capturing response: https://www.atomsportv513.top/favicon.ico 200 
2026-08-23 12:42:19,907 [INFO] Capturing response: https://global.siteyaptim.live/beintv/tracks-v1a1/2026/08/23/12/42/53-05000.jpg 200 
2026-08-23 12:42:20,042 [INFO] Capturing response: https://streamsport365.com/cinema 200 
2026-08-23 12:42:20,166 [INFO] Capturing response: https://teletv5.top/load/yayinlink.php?id=bein-sports-2 200 
2026-08-23 12:42:20,277 [INFO] Capturing request: https://www.atomsportv513.top/assets/img/player/player_logo_6a87a2e2eecc5.png
2026-08-23 12:42:20,285 [INFO] Capturing request: https://corestream.siteyaptim.live//bein2/tracks-v1a1/mono.m3u8
2026-08-23 12:42:20,406 [INFO] Capturing response: https://www.atomsportv513.top/assets/img/player/player_logo_6a87a2e2eecc5.png 304 
2026-08-23 12:42:20,452 [INFO] Capturing response: https://corestream.siteyaptim.live//bein2/tracks-v1a1/mono.m3u8 200 
2026-08-23 12:42:20,560 [INFO] Capturing request: https://global.siteyaptim.live/bein2/tracks-v1a1/2026/08/23/12/41/52-10000.jpg
2026-08-23 12:42:22,437 [INFO] Capturing response: https://global.siteyaptim.live/bein2/tracks-v1a1/2026/08/23/12/41/52-10000.jpg 200 
2026-08-23 12:42:22,713 [INFO] Capturing request: https://global.siteyaptim.live/bein2/tracks-v1a1/2026/08/23/12/42/02-10000.jpg
2026-08-23 12:42:22,772 [INFO]   ✅ M3U8 bulundu: https://corestream.siteyaptim.live//bein2/tracks-v1a1/mono.m3u8
2026-08-23 12:42:23,772 [INFO] 
[3/14]
2026-08-23 12:42:23,772 [INFO] 🔍 beIN Sports 3 → https://www.atomsportv513.top/matches?id=bein-sports-3
2026-08-23 12:42:23,882 [INFO] Capturing request: https://www.atomsportv513.top/matches?id=bein-sports-3
2026-08-23 12:42:24,451 [INFO] Capturing response: https://global.siteyaptim.live/bein2/tracks-v1a1/2026/08/23/12/42/02-10000.jpg 200 
2026-08-23 12:42:24,706 [INFO] Capturing request: https://global.siteyaptim.live/bein2/tracks-v1a1/2026/08/23/12/42/12-10000.jpg
2026-08-23 12:42:24,767 [INFO] Capturing response: https://www.atomsportv513.top/matches?id=bein-sports-3 200 
2026-08-23 12:42:24,895 [INFO] Capturing request: https://teletv5.top/load/yayinlink.php?id=bein-sports-3
2026-08-23 12:42:24,899 [INFO] Capturing request: https://www.atomsportv513.top/favicon.ico
2026-08-23 12:42:24,946 [INFO] Capturing response: https://www.atomsportv513.top/favicon.ico 200 
2026-08-23 12:42:25,012 [INFO] Capturing request: https://streamsport365.com/cinema
2026-08-23 12:42:25,198 [INFO] Capturing response: https://teletv5.top/load/yayinlink.php?id=bein-sports-3 200 
2026-08-23 12:42:25,304 [INFO] Capturing response: https://streamsport365.com/cinema 200 
2026-08-23 12:42:25,414 [INFO] Capturing request: https://www.atomsportv513.top/assets/img/player/player_logo_6a87a2e2eecc5.png
2026-08-23 12:42:25,420 [INFO] Capturing request: https://corestream.siteyaptim.live//bein3/tracks-v1a1/mono.m3u8
2026-08-23 12:42:25,541 [INFO] Capturing response: https://www.atomsportv513.top/assets/img/player/player_logo_6a87a2e2eecc5.png 304 
2026-08-23 12:42:25,825 [INFO] Capturing response: https://corestream.siteyaptim.live//bein3/tracks-v1a1/mono.m3u8 200 
2026-08-23 12:42:25,934 [INFO] Capturing request: https://global.siteyaptim.live/bein3/tracks-v1a1/2026/08/23/12/42/00-10000.jpg
2026-08-23 12:42:27,002 [INFO] Capturing response: https://global.siteyaptim.live/bein2/tracks-v1a1/2026/08/23/12/42/12-10000.jpg 200 
2026-08-23 12:42:27,031 [INFO] 127.0.0.1:57182: ProtocolException("Error in HTTP connection: Http2ZombieException('Connection or stream already dead: 1787488947.0300708, False')")
2026-08-23 12:42:27,529 [INFO] Capturing response: https://global.siteyaptim.live/bein3/tracks-v1a1/2026/08/23/12/42/00-10000.jpg 200 
2026-08-23 12:42:27,696 [INFO] Capturing request: https://global.siteyaptim.live/bein3/tracks-v1a1/2026/08/23/12/42/10-10000.jpg
2026-08-23 12:42:27,810 [INFO]   ✅ M3U8 bulundu: https://corestream.siteyaptim.live//bein3/tracks-v1a1/mono.m3u8
2026-08-23 12:42:28,625 [INFO] Capturing response: https://global.siteyaptim.live/bein3/tracks-v1a1/2026/08/23/12/42/10-10000.jpg 200 
2026-08-23 12:42:28,810 [INFO] 
[4/14]
2026-08-23 12:42:28,810 [INFO] 🔍 beIN Sports 4 → https://www.atomsportv513.top/matches?id=bein-sports-4
2026-08-23 12:42:28,823 [INFO] Capturing request: https://global.siteyaptim.live/bein3/tracks-v1a1/2026/08/23/12/42/20-10000.jpg
2026-08-23 12:42:28,917 [INFO] Capturing request: https://www.atomsportv513.top/matches?id=bein-sports-4
2026-08-23 12:42:29,118 [INFO] Capturing response: https://www.atomsportv513.top/matches?id=bein-sports-4 200 
2026-08-23 12:42:29,141 [INFO] Capturing request: https://streamsport365.com/cinema
2026-08-23 12:42:29,241 [INFO] Capturing request: https://teletv5.top/load/yayinlink.php?id=bein-sports-4
2026-08-23 12:42:29,249 [INFO] Capturing request: https://www.atomsportv513.top/favicon.ico
2026-08-23 12:42:29,292 [INFO] Capturing response: https://www.atomsportv513.top/favicon.ico 200 
2026-08-23 12:42:29,414 [INFO] Capturing response: https://teletv5.top/load/yayinlink.php?id=bein-sports-4 200 
2026-08-23 12:42:29,422 [INFO] Capturing response: https://streamsport365.com/cinema 200 
2026-08-23 12:42:29,563 [INFO] Capturing request: https://www.atomsportv513.top/assets/img/player/player_logo_6a87a2e2eecc5.png
2026-08-23 12:42:29,571 [INFO] Capturing request: https://corestream.siteyaptim.live//bein4/tracks-v1a1/mono.m3u8
2026-08-23 12:42:29,696 [INFO] Capturing response: https://www.atomsportv513.top/assets/img/player/player_logo_6a87a2e2eecc5.png 304 
2026-08-23 12:42:29,729 [INFO] Capturing response: https://corestream.siteyaptim.live//bein4/tracks-v1a1/mono.m3u8 200 
2026-08-23 12:42:29,786 [INFO] Capturing response: https://global.siteyaptim.live/bein3/tracks-v1a1/2026/08/23/12/42/20-10000.jpg 200 
2026-08-23 12:42:29,877 [INFO] Capturing request: https://global.siteyaptim.live/bein4/tracks-v1a1/2026/08/23/12/41/58-10000.jpg
2026-08-23 12:42:30,705 [INFO] Capturing response: https://global.siteyaptim.live/bein4/tracks-v1a1/2026/08/23/12/41/58-10000.jpg 200 
2026-08-23 12:42:30,862 [INFO] Capturing request: https://global.siteyaptim.live/bein4/tracks-v1a1/2026/08/23/12/42/08-10000.jpg
2026-08-23 12:42:31,797 [INFO] Capturing response: https://global.siteyaptim.live/bein4/tracks-v1a1/2026/08/23/12/42/08-10000.jpg 200 
2026-08-23 12:42:31,997 [INFO] Capturing request: https://global.siteyaptim.live/bein4/tracks-v1a1/2026/08/23/12/42/18-10000.jpg
2026-08-23 12:42:32,163 [INFO]   ✅ M3U8 bulundu: https://corestream.siteyaptim.live//bein4/tracks-v1a1/mono.m3u8
2026-08-23 12:42:32,938 [INFO] Capturing response: https://global.siteyaptim.live/bein4/tracks-v1a1/2026/08/23/12/42/18-10000.jpg 200 
2026-08-23 12:42:33,163 [INFO] 
[5/14]
2026-08-23 12:42:33,163 [INFO] 🔍 beIN Sports 5 → https://www.atomsportv513.top/matches?id=bein-sports-5
2026-08-23 12:42:33,271 [INFO] Capturing request: https://www.atomsportv513.top/matches?id=bein-sports-5
2026-08-23 12:42:33,477 [INFO] Capturing response: https://www.atomsportv513.top/matches?id=bein-sports-5 200 
2026-08-23 12:42:33,602 [INFO] Capturing request: https://www.atomsportv513.top/favicon.ico
2026-08-23 12:42:33,603 [INFO] Capturing request: https://teletv5.top/load/yayinlink.php?id=bein-sports-5
2026-08-23 12:42:33,650 [INFO] Capturing response: https://www.atomsportv513.top/favicon.ico 200 
2026-08-23 12:42:33,717 [INFO] Capturing request: https://streamsport365.com/cinema
2026-08-23 12:42:33,774 [INFO] Capturing response: https://teletv5.top/load/yayinlink.php?id=bein-sports-5 200 
2026-08-23 12:42:34,010 [INFO] Capturing response: https://streamsport365.com/cinema 200 
2026-08-23 12:42:34,118 [INFO] Capturing request: https://www.atomsportv513.top/assets/img/player/player_logo_6a87a2e2eecc5.png
2026-08-23 12:42:34,126 [INFO] Capturing request: https://corestream.siteyaptim.live//bein5/tracks-v1a1/mono.m3u8
2026-08-23 12:42:34,251 [INFO] Capturing response: https://www.atomsportv513.top/assets/img/player/player_logo_6a87a2e2eecc5.png 304 
2026-08-23 12:42:34,292 [INFO] Capturing response: https://corestream.siteyaptim.live//bein5/tracks-v1a1/mono.m3u8 200 
2026-08-23 12:42:34,400 [INFO] Capturing request: https://global.siteyaptim.live/bein5/tracks-v1a1/2026/08/23/12/42/29-10000.jpg
2026-08-23 12:42:36,513 [INFO]   ✅ M3U8 bulundu: https://corestream.siteyaptim.live//bein5/tracks-v1a1/mono.m3u8
2026-08-23 12:42:36,686 [INFO] Capturing response: https://global.siteyaptim.live/bein5/tracks-v1a1/2026/08/23/12/42/29-10000.jpg 200 
2026-08-23 12:42:36,981 [INFO] Capturing request: https://global.siteyaptim.live/bein5/tracks-v1a1/2026/08/23/12/42/39-05240.jpg
2026-08-23 12:42:37,514 [INFO] 
[6/14]
2026-08-23 12:42:37,514 [INFO] 🔍 beIN Sports Max 1 → https://www.atomsportv513.top/matches?id=bein-sports-max-1
2026-08-23 12:42:37,624 [INFO] Capturing request: https://www.atomsportv513.top/matches?id=bein-sports-max-1
2026-08-23 12:42:37,824 [INFO] Capturing response: https://www.atomsportv513.top/matches?id=bein-sports-max-1 200 
2026-08-23 12:42:37,839 [INFO] Capturing request: https://android.clients.google.com/c2dm/register3
2026-08-23 12:42:37,850 [INFO] Capturing request: https://streamsport365.com/cinema
2026-08-23 12:42:37,904 [INFO] Capturing response: https://android.clients.google.com/c2dm/register3 301 
2026-08-23 12:42:37,951 [INFO] Capturing request: https://teletv5.top/load/yayinlink.php?id=bein-sports-max-1
2026-08-23 12:42:37,951 [INFO] Capturing request: https://www.atomsportv513.top/favicon.ico
2026-08-23 12:42:37,992 [INFO] Capturing response: https://www.atomsportv513.top/favicon.ico 200 
2026-08-23 12:42:38,144 [INFO] Capturing response: https://streamsport365.com/cinema 200 
2026-08-23 12:42:38,147 [INFO] Capturing response: https://teletv5.top/load/yayinlink.php?id=bein-sports-max-1 200 
2026-08-23 12:42:38,268 [INFO] Capturing response: https://global.siteyaptim.live/bein5/tracks-v1a1/2026/08/23/12/42/39-05240.jpg 200 
2026-08-23 12:43:11,052 [WARNING]   ❌ beIN Sports Max 1 için M3U8 bulunamadı
2026-08-23 12:43:12,052 [INFO] 
[7/14]
2026-08-23 12:43:12,053 [INFO] 🔍 beIN Sports Max 2 → https://www.atomsportv513.top/matches?id=bein-sports-max-2
2026-08-23 12:43:12,160 [INFO] Capturing request: https://www.atomsportv513.top/matches?id=bein-sports-max-2
2026-08-23 12:43:12,905 [INFO] Capturing response: https://www.atomsportv513.top/matches?id=bein-sports-max-2 200 
2026-08-23 12:43:13,031 [INFO] Capturing request: https://teletv5.top/load/yayinlink.php?id=bein-sports-max-2
2026-08-23 12:43:13,032 [INFO] Capturing request: https://www.atomsportv513.top/favicon.ico
2026-08-23 12:43:13,076 [INFO] Capturing response: https://www.atomsportv513.top/favicon.ico 200 
2026-08-23 12:43:13,150 [INFO] Capturing request: https://streamsport365.com/cinema
2026-08-23 12:43:13,430 [INFO] Capturing response: https://teletv5.top/load/yayinlink.php?id=bein-sports-max-2 200 
2026-08-23 12:43:13,434 [INFO] Capturing response: https://streamsport365.com/cinema 200 
2026-08-23 12:43:13,530 [INFO] Capturing request: https://update.googleapis.com/service/update2/json?cup2key=16:IRKIweIzuvcr1jDdFUpgeDS0zGN6ODw-_TpzUbVM-PY&cup2hreq=fc83ebdeb12aa7e6f954d1ab5d3724adbde8a260ab88a1751cff056f7e55f3eb
2026-08-23 12:43:13,597 [INFO] Capturing response: https://update.googleapis.com/service/update2/json?cup2key=16:IRKIweIzuvcr1jDdFUpgeDS0zGN6ODw-_TpzUbVM-PY&cup2hreq=fc83ebdeb12aa7e6f954d1ab5d3724adbde8a260ab88a1751cff056f7e55f3eb 200 
2026-08-23 12:43:13,602 [INFO] Capturing request: http://edgedl.me.gvt1.com/edgedl/diffgen-puffin/gcmjkmgdlgnkkcocmoeiminaijmmjnii/6ca5bdb9f3e2cd83b7e359729bc6c33c4fe975ec499861d969b3e080320849ff
2026-08-23 12:43:13,685 [INFO] Capturing response: http://edgedl.me.gvt1.com/edgedl/diffgen-puffin/gcmjkmgdlgnkkcocmoeiminaijmmjnii/6ca5bdb9f3e2cd83b7e359729bc6c33c4fe975ec499861d969b3e080320849ff 200 OK
2026-08-23 12:43:13,704 [INFO] Capturing request: https://update.googleapis.com/service/update2/json
2026-08-23 12:43:13,769 [INFO] Capturing response: https://update.googleapis.com/service/update2/json 200 
2026-08-23 12:43:13,812 [INFO] Capturing request: http://edgedl.me.gvt1.com/edgedl/release2/chrome_component/pii3rvjw74jn5qtrx5a2yp2b6a_10733/hfnkpimlhhgieaddgfemjhofmfblmnib_10733_all_ad75arotihys34voy3hmuznew3va.crx3
2026-08-23 12:43:13,886 [INFO] Capturing response: http://edgedl.me.gvt1.com/edgedl/release2/chrome_component/pii3rvjw74jn5qtrx5a2yp2b6a_10733/hfnkpimlhhgieaddgfemjhofmfblmnib_10733_all_ad75arotihys34voy3hmuznew3va.crx3 200 OK
2026-08-23 12:43:13,905 [INFO] Capturing request: https://update.googleapis.com/service/update2/json
2026-08-23 12:43:13,945 [INFO] Capturing response: https://update.googleapis.com/service/update2/json 200 
2026-08-23 12:43:25,925 [INFO] Capturing request: https://android.clients.google.com/c2dm/register3
2026-08-23 12:43:25,984 [INFO] Capturing response: https://android.clients.google.com/c2dm/register3 301 
2026-08-23 12:43:46,248 [WARNING]   ❌ beIN Sports Max 2 için M3U8 bulunamadı
2026-08-23 12:43:47,248 [INFO] 
[8/14]
2026-08-23 12:43:47,249 [INFO] 🔍 S Sport → https://www.atomsportv513.top/matches?id=s-sport
2026-08-23 12:43:47,402 [INFO] Capturing request: https://www.atomsportv513.top/matches?id=s-sport
2026-08-23 12:43:47,845 [INFO] Capturing response: https://www.atomsportv513.top/matches?id=s-sport 200 
2026-08-23 12:43:48,005 [INFO] Capturing request: https://www.atomsportv513.top/favicon.ico
2026-08-23 12:43:48,053 [INFO] Capturing response: https://www.atomsportv513.top/favicon.ico 200 
2026-08-23 12:43:48,054 [INFO] Capturing request: https://teletv5.top/load/yayinlink.php?id=s-sport
2026-08-23 12:43:48,246 [INFO] Capturing response: https://teletv5.top/load/yayinlink.php?id=s-sport 200 
2026-08-23 12:43:48,449 [INFO] Capturing request: https://streamsport365.com/cinema
2026-08-23 12:43:48,737 [INFO] Capturing response: https://streamsport365.com/cinema 200 
2026-08-23 12:43:48,847 [INFO] Capturing request: https://www.atomsportv513.top/assets/img/player/player_logo_6a87a2e2eecc5.png
2026-08-23 12:43:48,906 [INFO] Capturing request: https://corestream.siteyaptim.live//s-sport/tracks-v1a1/mono.m3u8
2026-08-23 12:43:48,977 [INFO] Capturing response: https://www.atomsportv513.top/assets/img/player/player_logo_6a87a2e2eecc5.png 304 
2026-08-23 12:43:49,062 [INFO] Capturing response: https://corestream.siteyaptim.live//s-sport/tracks-v1a1/mono.m3u8 200 
2026-08-23 12:43:49,254 [INFO] Capturing request: https://global.siteyaptim.live/s-sport/tracks-v1a1/2026/08/23/12/44/00-05000.jpg
2026-08-23 12:43:50,528 [INFO] Capturing response: https://global.siteyaptim.live/s-sport/tracks-v1a1/2026/08/23/12/44/00-05000.jpg 200 
2026-08-23 12:43:50,734 [INFO] Capturing request: https://global.siteyaptim.live/s-sport/tracks-v1a1/2026/08/23/12/44/05-05000.jpg
2026-08-23 12:43:50,917 [INFO]   ✅ M3U8 bulundu: https://corestream.siteyaptim.live//s-sport/tracks-v1a1/mono.m3u8
2026-08-23 12:43:51,772 [INFO] Capturing response: https://global.siteyaptim.live/s-sport/tracks-v1a1/2026/08/23/12/44/05-05000.jpg 200 
2026-08-23 12:43:51,918 [INFO] 
[9/14]
2026-08-23 12:43:51,918 [INFO] 🔍 S Sport 2 → https://www.atomsportv513.top/matches?id=s-sport-2
2026-08-23 12:43:51,980 [INFO] Capturing request: https://global.siteyaptim.live/s-sport/tracks-v1a1/2026/08/23/12/44/10-05000.jpg
2026-08-23 12:43:52,025 [INFO] Capturing request: https://www.atomsportv513.top/matches?id=s-sport-2
2026-08-23 12:43:52,232 [INFO] Capturing response: https://www.atomsportv513.top/matches?id=s-sport-2 200 
2026-08-23 12:43:52,262 [INFO] Capturing request: https://streamsport365.com/cinema
2026-08-23 12:43:52,360 [INFO] Capturing request: https://teletv5.top/load/yayinlink.php?id=s-sport-2
2026-08-23 12:43:52,363 [INFO] Capturing request: https://www.atomsportv513.top/favicon.ico
2026-08-23 12:43:52,410 [INFO] Capturing response: https://www.atomsportv513.top/favicon.ico 200 
2026-08-23 12:43:52,533 [INFO] Capturing response: https://teletv5.top/load/yayinlink.php?id=s-sport-2 200 
2026-08-23 12:43:52,553 [INFO] Capturing response: https://streamsport365.com/cinema 200 
2026-08-23 12:43:52,664 [INFO] Capturing request: https://www.atomsportv513.top/assets/img/player/player_logo_6a87a2e2eecc5.png
2026-08-23 12:43:52,672 [INFO] Capturing request: https://corestream.siteyaptim.live//s-sport2/tracks-v1a1/mono.m3u8
2026-08-23 12:43:52,795 [INFO] Capturing response: https://www.atomsportv513.top/assets/img/player/player_logo_6a87a2e2eecc5.png 304 
2026-08-23 12:43:52,815 [INFO] Capturing response: https://corestream.siteyaptim.live//s-sport2/tracks-v1a1/mono.m3u8 200 
2026-08-23 12:43:52,924 [INFO] Capturing request: https://global.siteyaptim.live/s-sport2/tracks-v1a1/2026/08/23/12/43/38-06000.jpg
2026-08-23 12:43:53,071 [INFO] Capturing response: https://global.siteyaptim.live/s-sport/tracks-v1a1/2026/08/23/12/44/10-05000.jpg 200 
2026-08-23 12:43:54,645 [INFO] Capturing response: https://global.siteyaptim.live/s-sport2/tracks-v1a1/2026/08/23/12/43/38-06000.jpg 200 
2026-08-23 12:43:54,896 [INFO] Capturing request: https://global.siteyaptim.live/s-sport2/tracks-v1a1/2026/08/23/12/43/44-06000.jpg
2026-08-23 12:43:55,276 [INFO]   ✅ M3U8 bulundu: https://corestream.siteyaptim.live//s-sport2/tracks-v1a1/mono.m3u8
2026-08-23 12:43:56,276 [INFO] 
[10/14]
2026-08-23 12:43:56,276 [INFO] 🔍 A Spor → https://www.atomsportv513.top/matches?id=a-spor
2026-08-23 12:43:56,383 [INFO] Capturing request: https://www.atomsportv513.top/matches?id=a-spor
2026-08-23 12:43:56,685 [INFO] Capturing response: https://global.siteyaptim.live/s-sport2/tracks-v1a1/2026/08/23/12/43/44-06000.jpg 200 
2026-08-23 12:43:56,713 [INFO] Capturing response: https://www.atomsportv513.top/matches?id=a-spor 200 
2026-08-23 12:43:56,848 [INFO] Capturing request: https://teletv5.top/load/yayinlink.php?id=a-spor
2026-08-23 12:43:56,851 [INFO] Capturing request: https://www.atomsportv513.top/favicon.ico
2026-08-23 12:43:56,905 [INFO] Capturing response: https://www.atomsportv513.top/favicon.ico 200 
2026-08-23 12:43:56,966 [INFO] Capturing request: https://streamsport365.com/cinema
2026-08-23 12:43:57,024 [INFO] Capturing response: https://teletv5.top/load/yayinlink.php?id=a-spor 200 
2026-08-23 12:43:57,249 [INFO] Capturing response: https://streamsport365.com/cinema 200 
2026-08-23 12:43:57,357 [INFO] Capturing request: https://www.atomsportv513.top/assets/img/player/player_logo_6a87a2e2eecc5.png
2026-08-23 12:43:57,365 [INFO] Capturing request: https://corestream.siteyaptim.live//aspor/tracks-v1a1/mono.m3u8
2026-08-23 12:43:57,488 [INFO] Capturing response: https://www.atomsportv513.top/assets/img/player/player_logo_6a87a2e2eecc5.png 304 
2026-08-23 12:43:57,518 [INFO] Capturing response: https://corestream.siteyaptim.live//aspor/tracks-v1a1/mono.m3u8 404 
2026-08-23 12:43:59,638 [INFO] Capturing request: https://corestream.siteyaptim.live//aspor/tracks-v1a1/mono.m3u8
2026-08-23 12:43:59,762 [INFO]   ✅ M3U8 bulundu: https://corestream.siteyaptim.live//aspor/tracks-v1a1/mono.m3u8
2026-08-23 12:43:59,784 [INFO] Capturing response: https://corestream.siteyaptim.live//aspor/tracks-v1a1/mono.m3u8 404 
2026-08-23 12:44:00,762 [INFO] 
[11/14]
2026-08-23 12:44:00,762 [INFO] 🔍 Tivibu Spor 1 → https://www.atomsportv513.top/matches?id=tivibu-spor-1
2026-08-23 12:44:00,871 [INFO] Capturing request: https://www.atomsportv513.top/matches?id=tivibu-spor-1
2026-08-23 12:44:01,083 [INFO] Capturing response: https://www.atomsportv513.top/matches?id=tivibu-spor-1 200 
2026-08-23 12:44:01,105 [INFO] Capturing request: https://streamsport365.com/cinema
2026-08-23 12:44:01,205 [INFO] Capturing request: https://teletv5.top/load/yayinlink.php?id=tivibu-spor-1
2026-08-23 12:44:01,210 [INFO] Capturing request: https://www.atomsportv513.top/favicon.ico
2026-08-23 12:44:01,259 [INFO] Capturing response: https://www.atomsportv513.top/favicon.ico 200 
2026-08-23 12:44:01,383 [INFO] Capturing response: https://teletv5.top/load/yayinlink.php?id=tivibu-spor-1 200 
2026-08-23 12:44:01,396 [INFO] Capturing response: https://streamsport365.com/cinema 200 
2026-08-23 12:44:34,338 [WARNING]   ❌ Tivibu Spor 1 için M3U8 bulunamadı
2026-08-23 12:44:35,338 [INFO] 
[12/14]
2026-08-23 12:44:35,338 [INFO] 🔍 Tivibu Spor 2 → https://www.atomsportv513.top/matches?id=tivibu-spor-2
2026-08-23 12:44:35,447 [INFO] Capturing request: https://www.atomsportv513.top/matches?id=tivibu-spor-2
2026-08-23 12:44:35,813 [INFO] Capturing response: https://www.atomsportv513.top/matches?id=tivibu-spor-2 200 
2026-08-23 12:44:35,937 [INFO] Capturing request: https://teletv5.top/load/yayinlink.php?id=tivibu-spor-2
2026-08-23 12:44:35,941 [INFO] Capturing request: https://www.atomsportv513.top/favicon.ico
2026-08-23 12:44:35,988 [INFO] Capturing response: https://www.atomsportv513.top/favicon.ico 200 
2026-08-23 12:44:36,053 [INFO] Capturing request: https://streamsport365.com/cinema
2026-08-23 12:44:36,113 [INFO] Capturing response: https://teletv5.top/load/yayinlink.php?id=tivibu-spor-2 200 
2026-08-23 12:44:36,346 [INFO] Capturing response: https://streamsport365.com/cinema 200 
2026-08-23 12:45:01,911 [INFO] Capturing request: https://android.clients.google.com/c2dm/register3
2026-08-23 12:45:01,973 [INFO] Capturing response: https://android.clients.google.com/c2dm/register3 301 
2026-08-23 12:45:09,043 [WARNING]   ❌ Tivibu Spor 2 için M3U8 bulunamadı
2026-08-23 12:45:10,043 [INFO] 
[13/14]
2026-08-23 12:45:10,044 [INFO] 🔍 Tivibu Spor 3 → https://www.atomsportv513.top/matches?id=tivibu-spor-3
2026-08-23 12:45:10,151 [INFO] Capturing request: https://www.atomsportv513.top/matches?id=tivibu-spor-3
2026-08-23 12:45:10,517 [INFO] Capturing response: https://www.atomsportv513.top/matches?id=tivibu-spor-3 200 
2026-08-23 12:45:10,644 [INFO] Capturing request: https://www.atomsportv513.top/favicon.ico
2026-08-23 12:45:10,645 [INFO] Capturing request: https://teletv5.top/load/yayinlink.php?id=tivibu-spor-3
2026-08-23 12:45:10,678 [INFO] Capturing response: https://teletv5.top/load/yayinlink.php?id=tivibu-spor-3 200 
2026-08-23 12:45:10,693 [INFO] Capturing response: https://www.atomsportv513.top/favicon.ico 200 
2026-08-23 12:45:10,763 [INFO] Capturing request: https://streamsport365.com/cinema
2026-08-23 12:45:11,057 [INFO] Capturing response: https://streamsport365.com/cinema 200 
2026-08-23 12:45:43,760 [WARNING]   ❌ Tivibu Spor 3 için M3U8 bulunamadı
2026-08-23 12:45:44,760 [INFO] 
[14/14]
2026-08-23 12:45:44,760 [INFO] 🔍 Tivibu Spor 4 → https://www.atomsportv513.top/matches?id=tivibu-spor-4
2026-08-23 12:45:44,868 [INFO] Capturing request: https://www.atomsportv513.top/matches?id=tivibu-spor-4
2026-08-23 12:45:45,385 [INFO] Capturing response: https://www.atomsportv513.top/matches?id=tivibu-spor-4 200 
2026-08-23 12:45:45,508 [INFO] Capturing request: https://teletv5.top/load/yayinlink.php?id=tivibu-spor-4
2026-08-23 12:45:45,513 [INFO] Capturing request: https://www.atomsportv513.top/favicon.ico
2026-08-23 12:45:45,560 [INFO] Capturing response: https://www.atomsportv513.top/favicon.ico 200 
2026-08-23 12:45:45,631 [INFO] Capturing request: https://streamsport365.com/cinema
2026-08-23 12:45:45,904 [INFO] Capturing response: https://teletv5.top/load/yayinlink.php?id=tivibu-spor-4 200 
2026-08-23 12:45:45,932 [INFO] Capturing response: https://streamsport365.com/cinema 200 
2026-08-23 12:46:18,612 [WARNING]   ❌ Tivibu Spor 4 için M3U8 bulunamadı
2026-08-23 12:46:19,673 [INFO] ✅ 8 kanal bulundu, playlist.m3u kaydedildi
