2026-08-09 08:44:35,717 [INFO] 🌐 BASE_URL: https://www.atomsportv512.top
2026-08-09 08:44:36,978 [INFO] Başlanıyor... 14 kanal taranacak
2026-08-09 08:44:36,979 [INFO] Using default request storage
2026-08-09 08:44:36,983 [INFO] Created proxy listening on 127.0.0.1:38075
2026-08-09 08:44:37,701 [INFO] Capturing request: http://clients2.google.com/time/1/current?cup2key=10:BWIA-Ful1KMtHAHxypQ77EO9hU87Ego2ZQN3zh7mMlo&cup2hreq=e3b0c44298fc1c149afbf4c8996fb92427ae41e4649b934ca495991b7852b855
2026-08-09 08:44:37,807 [INFO] Capturing response: http://clients2.google.com/time/1/current?cup2key=10:BWIA-Ful1KMtHAHxypQ77EO9hU87Ego2ZQN3zh7mMlo&cup2hreq=e3b0c44298fc1c149afbf4c8996fb92427ae41e4649b934ca495991b7852b855 200 OK
2026-08-09 08:44:37,880 [INFO] 
[1/14]
2026-08-09 08:44:37,881 [INFO] 🔍 beIN Sports 1 → https://www.atomsportv512.top/matches?id=bein-sports-1
2026-08-09 08:44:38,159 [INFO] Capturing request: https://accounts.google.com/ListAccounts?gpsia=1&source=ChromiumBrowser&json=standard&laf=b64bin
2026-08-09 08:44:38,166 [INFO] Capturing request: https://update.googleapis.com/service/update2/json?cup2key=16:vUbFi2IBEn_7PvnY-ev8tHVcJF6gfb_SIToIOb3pw_4&cup2hreq=343b22a282cd99b0cb6f0afdec33f0b901f9dcd5cac9eba745b16d77f5904651
2026-08-09 08:44:38,244 [INFO] Capturing response: https://update.googleapis.com/service/update2/json?cup2key=16:vUbFi2IBEn_7PvnY-ev8tHVcJF6gfb_SIToIOb3pw_4&cup2hreq=343b22a282cd99b0cb6f0afdec33f0b901f9dcd5cac9eba745b16d77f5904651 200 
2026-08-09 08:44:38,255 [INFO] Capturing request: https://www.atomsportv512.top/matches?id=bein-sports-1
2026-08-09 08:44:38,260 [INFO] Capturing response: https://accounts.google.com/ListAccounts?gpsia=1&source=ChromiumBrowser&json=standard&laf=b64bin 200 
2026-08-09 08:44:38,264 [INFO] Capturing request: https://www.google.com/async/folae?async=_fmt:pb&udm=50&client_locale=en-US&client_country=ZZ
2026-08-09 08:44:38,290 [INFO] Capturing request: https://update.googleapis.com/service/update2/json?cup2key=16:W4WJzoMqSu3ZnqtpP37526vFV_KeE4QIcUwlS8iFvng&cup2hreq=c40aaeb4a81cbd1469c16250b359d39dd7ccd8451a607601cc29a2800aa28018
2026-08-09 08:44:38,300 [INFO] Capturing response: https://www.google.com/async/folae?async=_fmt:pb&udm=50&client_locale=en-US&client_country=ZZ 200 
2026-08-09 08:44:38,349 [INFO] Capturing response: https://update.googleapis.com/service/update2/json?cup2key=16:W4WJzoMqSu3ZnqtpP37526vFV_KeE4QIcUwlS8iFvng&cup2hreq=c40aaeb4a81cbd1469c16250b359d39dd7ccd8451a607601cc29a2800aa28018 200 
2026-08-09 08:44:38,394 [INFO] Capturing request: https://update.googleapis.com/service/update2/json?cup2key=16:WjzmxkH3UYhvMO62KuuGkuiHvoUfwcl4XSH5rE04Ma8&cup2hreq=7d41320a770067d1de6ae1b1a7100ff2243a35eeceb283f2bf6621c76fb0cce3
2026-08-09 08:44:38,451 [INFO] Capturing response: https://update.googleapis.com/service/update2/json?cup2key=16:WjzmxkH3UYhvMO62KuuGkuiHvoUfwcl4XSH5rE04Ma8&cup2hreq=7d41320a770067d1de6ae1b1a7100ff2243a35eeceb283f2bf6621c76fb0cce3 200 
2026-08-09 08:44:38,505 [INFO] Capturing request: https://www.google.com/async/folae?async=_fmt:pb&udm=50&client_locale=en-US&client_country=ZZ
2026-08-09 08:44:38,541 [INFO] Capturing response: https://www.google.com/async/folae?async=_fmt:pb&udm=50&client_locale=en-US&client_country=ZZ 200 
2026-08-09 08:44:38,928 [INFO] Capturing response: https://www.atomsportv512.top/matches?id=bein-sports-1 200 
2026-08-09 08:44:39,213 [INFO] Capturing request: https://cdn.jsdelivr.net/npm/@clappr/player@0.11.16/dist/clappr.min.js
2026-08-09 08:44:39,218 [INFO] Capturing request: https://cdn.jsdelivr.net/npm/level-selector/dist/level-selector.min.js
2026-08-09 08:44:39,218 [INFO] Capturing request: https://cdn.jsdelivr.net/npm/@clappr/hlsjs-playback@1.8.3/dist/hlsjs-playback.min.js
2026-08-09 08:44:39,279 [INFO] Capturing response: https://cdn.jsdelivr.net/npm/level-selector/dist/level-selector.min.js 200 
2026-08-09 08:44:39,400 [INFO] Capturing response: https://cdn.jsdelivr.net/npm/@clappr/player@0.11.16/dist/clappr.min.js 200 
2026-08-09 08:44:39,433 [INFO] Capturing response: https://cdn.jsdelivr.net/npm/@clappr/hlsjs-playback@1.8.3/dist/hlsjs-playback.min.js 200 
2026-08-09 08:44:39,629 [INFO] Capturing request: https://www.atomsportv512.top/favicon.ico
2026-08-09 08:44:39,768 [INFO] Capturing request: https://teletv5.top/load/yayinlink.php?id=bein-sports-1
2026-08-09 08:44:39,800 [INFO] Capturing response: https://www.atomsportv512.top/favicon.ico 200 
2026-08-09 08:44:40,181 [INFO] Capturing response: https://teletv5.top/load/yayinlink.php?id=bein-sports-1 200 
2026-08-09 08:44:40,205 [INFO] Capturing request: https://streamsport365.com/cinema
2026-08-09 08:44:40,520 [INFO] Capturing response: https://streamsport365.com/cinema 200 
2026-08-09 08:44:40,650 [INFO] Capturing request: https://www.atomsportv512.top/assets/img/player/player_logo_6a72b29dbcd89.png
2026-08-09 08:44:40,730 [INFO] Capturing response: https://www.atomsportv512.top/assets/img/player/player_logo_6a72b29dbcd89.png 200 
2026-08-09 08:44:40,806 [INFO] Capturing request: https://corestream.siteyaptim.live//bein1/tracks-v1a1/mono.m3u8
2026-08-09 08:44:40,990 [INFO] Capturing response: https://corestream.siteyaptim.live//bein1/tracks-v1a1/mono.m3u8 200 
2026-08-09 08:44:41,263 [INFO] Capturing request: https://global.siteyaptim.live/bein1/tracks-v1a1/2026/08/09/08/44/28-06000.jpg
2026-08-09 08:44:41,731 [INFO] Capturing request: https://android.clients.google.com/checkin
2026-08-09 08:44:41,853 [INFO] Capturing response: https://android.clients.google.com/checkin 200 
2026-08-09 08:44:41,905 [INFO] Capturing request: https://android.clients.google.com/c2dm/register3
2026-08-09 08:44:41,908 [INFO] Capturing request: https://android.clients.google.com/c2dm/register3
2026-08-09 08:44:41,909 [INFO] Capturing request: https://android.clients.google.com/c2dm/register3
2026-08-09 08:44:41,999 [INFO] Capturing response: https://android.clients.google.com/c2dm/register3 200 
2026-08-09 08:44:42,004 [INFO] Capturing response: https://android.clients.google.com/c2dm/register3 200 
2026-08-09 08:44:42,008 [INFO] Capturing response: https://android.clients.google.com/c2dm/register3 200 
2026-08-09 08:44:42,561 [INFO]   ✅ M3U8 bulundu: https://corestream.siteyaptim.live//bein1/tracks-v1a1/mono.m3u8
2026-08-09 08:44:42,696 [INFO] Capturing response: https://global.siteyaptim.live/bein1/tracks-v1a1/2026/08/09/08/44/28-06000.jpg 200 
2026-08-09 08:44:42,939 [INFO] Capturing request: https://global.siteyaptim.live/bein1/tracks-v1a1/2026/08/09/08/44/34-06000.jpg
2026-08-09 08:44:43,561 [INFO] 
[2/14]
2026-08-09 08:44:43,561 [INFO] 🔍 beIN Sports 2 → https://www.atomsportv512.top/matches?id=bein-sports-2
2026-08-09 08:44:43,675 [INFO] Capturing request: https://www.atomsportv512.top/matches?id=bein-sports-2
2026-08-09 08:44:43,937 [INFO] Capturing response: https://www.atomsportv512.top/matches?id=bein-sports-2 200 
2026-08-09 08:44:43,993 [INFO] Capturing request: https://streamsport365.com/cinema
2026-08-09 08:44:44,090 [INFO] Capturing request: https://teletv5.top/load/yayinlink.php?id=bein-sports-2
2026-08-09 08:44:44,092 [INFO] Capturing request: https://www.atomsportv512.top/favicon.ico
2026-08-09 08:44:44,143 [INFO] Capturing response: https://global.siteyaptim.live/bein1/tracks-v1a1/2026/08/09/08/44/34-06000.jpg 200 
2026-08-09 08:44:44,145 [INFO] Capturing response: https://www.atomsportv512.top/favicon.ico 200 
2026-08-09 08:44:44,320 [INFO] Capturing response: https://streamsport365.com/cinema 200 
2026-08-09 08:44:44,596 [INFO] Capturing response: https://teletv5.top/load/yayinlink.php?id=bein-sports-2 200 
2026-08-09 08:44:44,708 [INFO] Capturing request: https://www.atomsportv512.top/assets/img/player/player_logo_6a72b29dbcd89.png
2026-08-09 08:44:44,716 [INFO] Capturing request: https://corestream.siteyaptim.live//bein2/tracks-v1a1/mono.m3u8
2026-08-09 08:44:44,758 [INFO] Capturing response: https://corestream.siteyaptim.live//bein2/tracks-v1a1/mono.m3u8 200 
2026-08-09 08:44:44,844 [INFO] Capturing response: https://www.atomsportv512.top/assets/img/player/player_logo_6a72b29dbcd89.png 304 
2026-08-09 08:44:44,867 [INFO] Capturing request: https://global.siteyaptim.live/bein2/tracks-v1a1/2026/08/09/08/44/41-05000.jpg
2026-08-09 08:44:45,791 [INFO] Capturing response: https://global.siteyaptim.live/bein2/tracks-v1a1/2026/08/09/08/44/41-05000.jpg 200 
2026-08-09 08:44:45,960 [INFO] Capturing request: https://global.siteyaptim.live/bein2/tracks-v1a1/2026/08/09/08/44/46-05000.jpg
2026-08-09 08:44:46,915 [INFO] Capturing response: https://global.siteyaptim.live/bein2/tracks-v1a1/2026/08/09/08/44/46-05000.jpg 200 
2026-08-09 08:44:47,012 [INFO]   ✅ M3U8 bulundu: https://corestream.siteyaptim.live//bein2/tracks-v1a1/mono.m3u8
2026-08-09 08:44:47,118 [INFO] Capturing request: https://global.siteyaptim.live/bein2/tracks-v1a1/2026/08/09/08/44/51-05000.jpg
2026-08-09 08:44:48,012 [INFO] 
[3/14]
2026-08-09 08:44:48,012 [INFO] 🔍 beIN Sports 3 → https://www.atomsportv512.top/matches?id=bein-sports-3
2026-08-09 08:44:48,053 [INFO] Capturing response: https://global.siteyaptim.live/bein2/tracks-v1a1/2026/08/09/08/44/51-05000.jpg 200 
2026-08-09 08:44:48,124 [INFO] Capturing request: https://www.atomsportv512.top/matches?id=bein-sports-3
2026-08-09 08:44:48,376 [INFO] Capturing response: https://www.atomsportv512.top/matches?id=bein-sports-3 200 
2026-08-09 08:44:48,510 [INFO] Capturing request: https://www.atomsportv512.top/favicon.ico
2026-08-09 08:44:48,512 [INFO] Capturing request: https://teletv5.top/load/yayinlink.php?id=bein-sports-3
2026-08-09 08:44:48,569 [INFO] Capturing response: https://www.atomsportv512.top/favicon.ico 200 
2026-08-09 08:44:48,646 [INFO] Capturing request: https://streamsport365.com/cinema
2026-08-09 08:44:48,724 [INFO] Capturing response: https://teletv5.top/load/yayinlink.php?id=bein-sports-3 200 
2026-08-09 08:44:48,969 [INFO] Capturing response: https://streamsport365.com/cinema 200 
2026-08-09 08:44:49,079 [INFO] Capturing request: https://www.atomsportv512.top/assets/img/player/player_logo_6a72b29dbcd89.png
2026-08-09 08:44:49,089 [INFO] Capturing request: https://corestream.siteyaptim.live//bein3/tracks-v1a1/mono.m3u8
2026-08-09 08:44:49,213 [INFO] Capturing response: https://www.atomsportv512.top/assets/img/player/player_logo_6a72b29dbcd89.png 304 
2026-08-09 08:44:49,254 [INFO] Capturing response: https://corestream.siteyaptim.live//bein3/tracks-v1a1/mono.m3u8 200 
2026-08-09 08:44:49,363 [INFO] Capturing request: https://global.siteyaptim.live/bein3/tracks-v1a1/2026/08/09/08/42/52-05000.jpg
2026-08-09 08:44:50,352 [INFO] Capturing response: https://global.siteyaptim.live/bein3/tracks-v1a1/2026/08/09/08/42/52-05000.jpg 200 
2026-08-09 08:44:50,531 [INFO] Capturing request: https://global.siteyaptim.live/bein3/tracks-v1a1/2026/08/09/08/42/57-08940.jpg
2026-08-09 08:44:51,446 [INFO]   ✅ M3U8 bulundu: https://corestream.siteyaptim.live//bein3/tracks-v1a1/mono.m3u8
2026-08-09 08:44:52,202 [INFO] Capturing response: https://global.siteyaptim.live/bein3/tracks-v1a1/2026/08/09/08/42/57-08940.jpg 200 
2026-08-09 08:44:52,442 [INFO] Capturing request: https://global.siteyaptim.live/bein3/tracks-v1a1/2026/08/09/08/43/06-05000.jpg
2026-08-09 08:44:52,447 [INFO] 
[4/14]
2026-08-09 08:44:52,447 [INFO] 🔍 beIN Sports 4 → https://www.atomsportv512.top/matches?id=bein-sports-4
2026-08-09 08:44:52,556 [INFO] Capturing request: https://www.atomsportv512.top/matches?id=bein-sports-4
2026-08-09 08:44:52,810 [INFO] Capturing response: https://www.atomsportv512.top/matches?id=bein-sports-4 200 
2026-08-09 08:44:52,847 [INFO] Capturing request: https://streamsport365.com/cinema
2026-08-09 08:44:52,944 [INFO] Capturing request: https://teletv5.top/load/yayinlink.php?id=bein-sports-4
2026-08-09 08:44:52,949 [INFO] Capturing request: https://www.atomsportv512.top/favicon.ico
2026-08-09 08:44:53,001 [INFO] Capturing response: https://www.atomsportv512.top/favicon.ico 200 
2026-08-09 08:44:53,156 [INFO] Capturing response: https://teletv5.top/load/yayinlink.php?id=bein-sports-4 200 
2026-08-09 08:44:53,184 [INFO] Capturing response: https://streamsport365.com/cinema 200 
2026-08-09 08:44:53,307 [INFO] Capturing request: https://www.atomsportv512.top/assets/img/player/player_logo_6a72b29dbcd89.png
2026-08-09 08:44:53,317 [INFO] Capturing request: https://corestream.siteyaptim.live//bein4/tracks-v1a1/mono.m3u8
2026-08-09 08:44:53,384 [INFO] Capturing response: https://global.siteyaptim.live/bein3/tracks-v1a1/2026/08/09/08/43/06-05000.jpg 200 
2026-08-09 08:44:53,441 [INFO] Capturing response: https://www.atomsportv512.top/assets/img/player/player_logo_6a72b29dbcd89.png 304 
2026-08-09 08:44:53,496 [INFO] Capturing response: https://corestream.siteyaptim.live//bein4/tracks-v1a1/mono.m3u8 200 
2026-08-09 08:44:53,645 [INFO] Capturing request: https://global.siteyaptim.live/bein4/tracks-v1a1/2026/08/09/08/44/27-10000.jpg
2026-08-09 08:44:55,858 [INFO]   ✅ M3U8 bulundu: https://corestream.siteyaptim.live//bein4/tracks-v1a1/mono.m3u8
2026-08-09 08:44:56,089 [INFO] Capturing response: https://global.siteyaptim.live/bein4/tracks-v1a1/2026/08/09/08/44/27-10000.jpg 200 
2026-08-09 08:44:56,385 [INFO] Capturing request: https://global.siteyaptim.live/bein4/tracks-v1a1/2026/08/09/08/44/37-10000.jpg
2026-08-09 08:44:56,858 [INFO] 
[5/14]
2026-08-09 08:44:56,858 [INFO] 🔍 beIN Sports 5 → https://www.atomsportv512.top/matches?id=bein-sports-5
2026-08-09 08:44:56,968 [INFO] Capturing request: https://www.atomsportv512.top/matches?id=bein-sports-5
2026-08-09 08:44:57,221 [INFO] Capturing response: https://www.atomsportv512.top/matches?id=bein-sports-5 200 
2026-08-09 08:44:57,356 [INFO] Capturing request: https://teletv5.top/load/yayinlink.php?id=bein-sports-5
2026-08-09 08:44:57,359 [INFO] Capturing request: https://www.atomsportv512.top/favicon.ico
2026-08-09 08:44:57,412 [INFO] Capturing response: https://www.atomsportv512.top/favicon.ico 200 
2026-08-09 08:44:57,496 [INFO] Capturing request: https://streamsport365.com/cinema
2026-08-09 08:44:57,569 [INFO] Capturing response: https://teletv5.top/load/yayinlink.php?id=bein-sports-5 200 
2026-08-09 08:44:57,819 [INFO] Capturing response: https://streamsport365.com/cinema 200 
2026-08-09 08:44:57,929 [INFO] Capturing request: https://www.atomsportv512.top/assets/img/player/player_logo_6a72b29dbcd89.png
2026-08-09 08:44:57,940 [INFO] Capturing request: https://corestream.siteyaptim.live//bein5/tracks-v1a1/mono.m3u8
2026-08-09 08:44:58,064 [INFO] Capturing response: https://www.atomsportv512.top/assets/img/player/player_logo_6a72b29dbcd89.png 304 
2026-08-09 08:44:58,119 [INFO] Capturing response: https://corestream.siteyaptim.live//bein5/tracks-v1a1/mono.m3u8 200 
2026-08-09 08:44:58,228 [INFO] Capturing request: https://global.siteyaptim.live/bein5/tracks-v1a1/2026/08/09/08/45/45-06000.jpg
2026-08-09 08:44:59,738 [INFO] Capturing response: https://global.siteyaptim.live/bein4/tracks-v1a1/2026/08/09/08/44/37-10000.jpg 200 
2026-08-09 08:45:00,267 [INFO]   ✅ M3U8 bulundu: https://corestream.siteyaptim.live//bein5/tracks-v1a1/mono.m3u8
2026-08-09 08:45:01,268 [INFO] 
[6/14]
2026-08-09 08:45:01,268 [INFO] 🔍 beIN Sports Max 1 → https://www.atomsportv512.top/matches?id=bein-sports-max-1
2026-08-09 08:45:01,378 [INFO] Capturing request: https://www.atomsportv512.top/matches?id=bein-sports-max-1
2026-08-09 08:45:01,637 [INFO] Capturing response: https://www.atomsportv512.top/matches?id=bein-sports-max-1 200 
2026-08-09 08:45:01,665 [INFO] Capturing request: https://streamsport365.com/cinema
2026-08-09 08:45:01,761 [INFO] Capturing request: https://teletv5.top/load/yayinlink.php?id=bein-sports-max-1
2026-08-09 08:45:01,766 [INFO] Capturing request: https://www.atomsportv512.top/favicon.ico
2026-08-09 08:45:01,823 [INFO] Capturing response: https://www.atomsportv512.top/favicon.ico 200 
2026-08-09 08:45:01,930 [INFO] Capturing response: https://global.siteyaptim.live/bein5/tracks-v1a1/2026/08/09/08/45/45-06000.jpg 200 
2026-08-09 08:45:01,990 [INFO] Capturing response: https://teletv5.top/load/yayinlink.php?id=bein-sports-max-1 200 
2026-08-09 08:45:01,995 [INFO] Capturing response: https://streamsport365.com/cinema 200 
2026-08-09 08:45:02,056 [INFO] 127.0.0.1:42560: ProtocolException("Error in HTTP connection: Http2ZombieException('Connection or stream already dead: 1786265102.0538137, False')")
2026-08-09 08:45:02,145 [INFO] Capturing request: https://www.atomsportv512.top/assets/img/player/player_logo_6a72b29dbcd89.png
2026-08-09 08:45:02,157 [INFO] Capturing request: https://corestream.siteyaptim.live//beinmax1/tracks-v1a1/mono.m3u8
2026-08-09 08:45:02,281 [INFO] Capturing response: https://www.atomsportv512.top/assets/img/player/player_logo_6a72b29dbcd89.png 304 
2026-08-09 08:45:02,340 [INFO] Capturing response: https://corestream.siteyaptim.live//beinmax1/tracks-v1a1/mono.m3u8 200 
2026-08-09 08:45:02,489 [INFO] Capturing request: https://global.siteyaptim.live/beinmax1/tracks-v1a1/2026/08/09/08/44/47-05000.jpg
2026-08-09 08:45:04,083 [INFO] Capturing response: https://global.siteyaptim.live/beinmax1/tracks-v1a1/2026/08/09/08/44/47-05000.jpg 200 
2026-08-09 08:45:04,294 [INFO] Capturing request: https://global.siteyaptim.live/beinmax1/tracks-v1a1/2026/08/09/08/44/52-05000.jpg
2026-08-09 08:45:04,680 [INFO]   ✅ M3U8 bulundu: https://corestream.siteyaptim.live//beinmax1/tracks-v1a1/mono.m3u8
2026-08-09 08:45:05,680 [INFO] 
[7/14]
2026-08-09 08:45:05,680 [INFO] 🔍 beIN Sports Max 2 → https://www.atomsportv512.top/matches?id=bein-sports-max-2
2026-08-09 08:45:05,780 [INFO] Capturing response: https://global.siteyaptim.live/beinmax1/tracks-v1a1/2026/08/09/08/44/52-05000.jpg 200 
2026-08-09 08:45:05,790 [INFO] Capturing request: https://www.atomsportv512.top/matches?id=bein-sports-max-2
2026-08-09 08:45:06,008 [INFO] Capturing request: https://global.siteyaptim.live/beinmax1/tracks-v1a1/2026/08/09/08/44/57-05000.jpg
2026-08-09 08:45:06,063 [INFO] Capturing response: https://www.atomsportv512.top/matches?id=bein-sports-max-2 200 
2026-08-09 08:45:06,190 [INFO] Capturing request: https://teletv5.top/load/yayinlink.php?id=bein-sports-max-2
2026-08-09 08:45:06,195 [INFO] Capturing request: https://www.atomsportv512.top/favicon.ico
2026-08-09 08:45:06,262 [INFO] Capturing response: https://www.atomsportv512.top/favicon.ico 200 
2026-08-09 08:45:06,328 [INFO] Capturing request: https://streamsport365.com/cinema
2026-08-09 08:45:06,649 [INFO] Capturing response: https://streamsport365.com/cinema 200 
2026-08-09 08:45:06,932 [INFO] Capturing response: https://teletv5.top/load/yayinlink.php?id=bein-sports-max-2 200 
2026-08-09 08:45:07,045 [INFO] Capturing request: https://www.atomsportv512.top/assets/img/player/player_logo_6a72b29dbcd89.png
2026-08-09 08:45:07,053 [INFO] Capturing request: https://corestream.siteyaptim.live//hls/s-sport.m3u8
2026-08-09 08:45:07,184 [INFO] Capturing response: https://www.atomsportv512.top/assets/img/player/player_logo_6a72b29dbcd89.png 304 
2026-08-09 08:45:07,239 [INFO] Capturing response: https://corestream.siteyaptim.live//hls/s-sport.m3u8 404 
2026-08-09 08:45:07,715 [INFO] Capturing response: https://global.siteyaptim.live/beinmax1/tracks-v1a1/2026/08/09/08/44/57-05000.jpg 200 
2026-08-09 08:45:07,745 [INFO] 127.0.0.1:42560: ProtocolException("Error in HTTP connection: Http2ZombieException('Connection or stream already dead: 1786265107.7448962, False')")
2026-08-09 08:45:09,112 [INFO]   ✅ M3U8 bulundu: https://corestream.siteyaptim.live//hls/s-sport.m3u8
2026-08-09 08:45:09,362 [INFO] Capturing request: https://corestream.siteyaptim.live//hls/s-sport.m3u8
2026-08-09 08:45:09,618 [INFO] Capturing request: https://android.clients.google.com/c2dm/register3
2026-08-09 08:45:09,629 [INFO] Capturing response: https://corestream.siteyaptim.live//hls/s-sport.m3u8 404 
2026-08-09 08:45:09,708 [INFO] Capturing response: https://android.clients.google.com/c2dm/register3 301 
2026-08-09 08:45:10,113 [INFO] 
[8/14]
2026-08-09 08:45:10,113 [INFO] 🔍 S Sport → https://www.atomsportv512.top/matches?id=s-sport
2026-08-09 08:45:10,222 [INFO] Capturing request: https://www.atomsportv512.top/matches?id=s-sport
2026-08-09 08:45:10,652 [INFO] Capturing response: https://www.atomsportv512.top/matches?id=s-sport 200 
2026-08-09 08:45:10,681 [INFO] Capturing request: https://streamsport365.com/cinema
2026-08-09 08:45:10,781 [INFO] Capturing request: https://teletv5.top/load/yayinlink.php?id=s-sport
2026-08-09 08:45:10,783 [INFO] Capturing request: https://www.atomsportv512.top/favicon.ico
2026-08-09 08:45:10,846 [INFO] Capturing response: https://www.atomsportv512.top/favicon.ico 200 
2026-08-09 08:45:10,920 [INFO] Capturing request: https://android.clients.google.com/c2dm/register3
2026-08-09 08:45:10,993 [INFO] Capturing response: https://teletv5.top/load/yayinlink.php?id=s-sport 200 
2026-08-09 08:45:11,015 [INFO] Capturing response: https://streamsport365.com/cinema 200 
2026-08-09 08:45:11,143 [INFO] Capturing request: https://www.atomsportv512.top/assets/img/player/player_logo_6a72b29dbcd89.png
2026-08-09 08:45:11,151 [INFO] Capturing request: https://corestream.siteyaptim.live//s-sport/tracks-v1a1/mono.m3u8
2026-08-09 08:45:11,279 [INFO] Capturing response: https://www.atomsportv512.top/assets/img/player/player_logo_6a72b29dbcd89.png 304 
2026-08-09 08:45:11,321 [INFO] Capturing response: https://corestream.siteyaptim.live//s-sport/tracks-v1a1/mono.m3u8 200 
2026-08-09 08:45:11,344 [INFO] Capturing request: https://android.clients.google.com/c2dm/register3
2026-08-09 08:45:11,430 [INFO] Capturing request: https://global.siteyaptim.live/s-sport/tracks-v1a1/2026/08/09/08/45/16-10000.jpg
2026-08-09 08:45:11,440 [INFO] Capturing response: https://android.clients.google.com/c2dm/register3 200 
2026-08-09 08:45:11,793 [INFO] Capturing response: https://android.clients.google.com/c2dm/register3 200 
2026-08-09 08:45:12,988 [INFO] Capturing response: https://global.siteyaptim.live/s-sport/tracks-v1a1/2026/08/09/08/45/16-10000.jpg 200 
2026-08-09 08:45:13,235 [INFO] Capturing request: https://global.siteyaptim.live/s-sport/tracks-v1a1/2026/08/09/08/45/26-10000.jpg
2026-08-09 08:45:13,696 [INFO]   ✅ M3U8 bulundu: https://corestream.siteyaptim.live//s-sport/tracks-v1a1/mono.m3u8
2026-08-09 08:45:14,696 [INFO] 
[9/14]
2026-08-09 08:45:14,696 [INFO] 🔍 S Sport 2 → https://www.atomsportv512.top/matches?id=s-sport-2
2026-08-09 08:45:14,808 [INFO] Capturing request: https://www.atomsportv512.top/matches?id=s-sport-2
2026-08-09 08:45:15,021 [INFO] Capturing response: https://global.siteyaptim.live/s-sport/tracks-v1a1/2026/08/09/08/45/26-10000.jpg 200 
2026-08-09 08:45:15,071 [INFO] Capturing response: https://www.atomsportv512.top/matches?id=s-sport-2 200 
2026-08-09 08:45:15,224 [INFO] Capturing request: https://teletv5.top/load/yayinlink.php?id=s-sport-2
2026-08-09 08:45:15,225 [INFO] Capturing request: https://www.atomsportv512.top/favicon.ico
2026-08-09 08:45:15,280 [INFO] Capturing response: https://www.atomsportv512.top/favicon.ico 200 
2026-08-09 08:45:15,364 [INFO] Capturing request: https://streamsport365.com/cinema
2026-08-09 08:45:15,436 [INFO] Capturing response: https://teletv5.top/load/yayinlink.php?id=s-sport-2 200 
2026-08-09 08:45:15,687 [INFO] Capturing response: https://streamsport365.com/cinema 200 
2026-08-09 08:45:15,798 [INFO] Capturing request: https://www.atomsportv512.top/assets/img/player/player_logo_6a72b29dbcd89.png
2026-08-09 08:45:15,808 [INFO] Capturing request: https://corestream.siteyaptim.live//s-sport2/tracks-v1a1/mono.m3u8
2026-08-09 08:45:15,933 [INFO] Capturing response: https://www.atomsportv512.top/assets/img/player/player_logo_6a72b29dbcd89.png 304 
2026-08-09 08:45:15,975 [INFO] Capturing response: https://corestream.siteyaptim.live//s-sport2/tracks-v1a1/mono.m3u8 200 
2026-08-09 08:45:16,085 [INFO] Capturing request: https://global.siteyaptim.live/s-sport2/tracks-v1a1/2026/08/09/08/45/23-10000.jpg
2026-08-09 08:45:17,845 [INFO] Capturing response: https://global.siteyaptim.live/s-sport2/tracks-v1a1/2026/08/09/08/45/23-10000.jpg 200 
2026-08-09 08:45:18,104 [INFO] Capturing request: https://global.siteyaptim.live/s-sport2/tracks-v1a1/2026/08/09/08/45/33-10000.jpg
2026-08-09 08:45:18,137 [INFO]   ✅ M3U8 bulundu: https://corestream.siteyaptim.live//s-sport2/tracks-v1a1/mono.m3u8
2026-08-09 08:45:19,138 [INFO] 
[10/14]
2026-08-09 08:45:19,138 [INFO] 🔍 A Spor → https://www.atomsportv512.top/matches?id=a-spor
2026-08-09 08:45:19,247 [INFO] Capturing request: https://www.atomsportv512.top/matches?id=a-spor
2026-08-09 08:45:19,634 [INFO] Capturing response: https://www.atomsportv512.top/matches?id=a-spor 200 
2026-08-09 08:45:19,666 [INFO] Capturing request: https://streamsport365.com/cinema
2026-08-09 08:45:19,766 [INFO] Capturing request: https://teletv5.top/load/yayinlink.php?id=a-spor
2026-08-09 08:45:19,768 [INFO] Capturing request: https://www.atomsportv512.top/favicon.ico
2026-08-09 08:45:19,801 [INFO] Capturing response: https://global.siteyaptim.live/s-sport2/tracks-v1a1/2026/08/09/08/45/33-10000.jpg 200 
2026-08-09 08:45:19,825 [INFO] Capturing response: https://www.atomsportv512.top/favicon.ico 200 
2026-08-09 08:45:19,977 [INFO] Capturing response: https://teletv5.top/load/yayinlink.php?id=a-spor 200 
2026-08-09 08:45:19,999 [INFO] Capturing response: https://streamsport365.com/cinema 200 
2026-08-09 08:45:20,127 [INFO] Capturing request: https://www.atomsportv512.top/assets/img/player/player_logo_6a72b29dbcd89.png
2026-08-09 08:45:20,135 [INFO] Capturing request: https://corestream.siteyaptim.live//aspor/tracks-v1a1/mono.m3u8
2026-08-09 08:45:20,263 [INFO] Capturing response: https://www.atomsportv512.top/assets/img/player/player_logo_6a72b29dbcd89.png 304 
2026-08-09 08:45:20,312 [INFO] Capturing response: https://corestream.siteyaptim.live//aspor/tracks-v1a1/mono.m3u8 200 
2026-08-09 08:45:20,462 [INFO] Capturing request: https://global.siteyaptim.live/aspor/tracks-v1a1/2026/08/09/08/46/32-10000.jpg
2026-08-09 08:45:22,675 [INFO]   ✅ M3U8 bulundu: https://corestream.siteyaptim.live//aspor/tracks-v1a1/mono.m3u8
2026-08-09 08:45:23,676 [INFO] 
[11/14]
2026-08-09 08:45:23,676 [INFO] 🔍 Tivibu Spor 1 → https://www.atomsportv512.top/matches?id=tivibu-spor-1
2026-08-09 08:45:23,787 [INFO] Capturing request: https://www.atomsportv512.top/matches?id=tivibu-spor-1
2026-08-09 08:45:24,046 [INFO] Capturing response: https://www.atomsportv512.top/matches?id=tivibu-spor-1 200 
2026-08-09 08:45:24,177 [INFO] Capturing request: https://teletv5.top/load/yayinlink.php?id=tivibu-spor-1
2026-08-09 08:45:24,180 [INFO] Capturing request: https://www.atomsportv512.top/favicon.ico
2026-08-09 08:45:24,230 [INFO] Capturing response: https://www.atomsportv512.top/favicon.ico 200 
2026-08-09 08:45:24,239 [INFO] Capturing response: https://global.siteyaptim.live/aspor/tracks-v1a1/2026/08/09/08/46/32-10000.jpg 200 
2026-08-09 08:45:24,320 [INFO] Capturing request: https://streamsport365.com/cinema
2026-08-09 08:45:24,472 [INFO] 127.0.0.1:42560: ProtocolException("Error in HTTP connection: Http2ZombieException('Connection or stream already dead: 1786265124.372173, False')")
2026-08-09 08:45:24,474 [INFO] Capturing response: https://teletv5.top/load/yayinlink.php?id=tivibu-spor-1 200 
2026-08-09 08:45:24,647 [INFO] Capturing response: https://streamsport365.com/cinema 200 
2026-08-09 08:45:37,668 [INFO] Capturing request: https://update.googleapis.com/service/update2/json?cup2key=16:CN6XSk8Byb1jAdQ7LFWqwuYs5_qxIH-gWqeEMfeEuN0&cup2hreq=e97e26f1c3f8b07e1d57fd50cf508ba289273728aa9d9d48453118bfc0d0e528
2026-08-09 08:45:37,730 [INFO] Capturing response: https://update.googleapis.com/service/update2/json?cup2key=16:CN6XSk8Byb1jAdQ7LFWqwuYs5_qxIH-gWqeEMfeEuN0&cup2hreq=e97e26f1c3f8b07e1d57fd50cf508ba289273728aa9d9d48453118bfc0d0e528 200 
2026-08-09 08:45:37,737 [INFO] Capturing request: http://edgedl.me.gvt1.com/edgedl/diffgen-puffin/gcmjkmgdlgnkkcocmoeiminaijmmjnii/6ca5bdb9f3e2cd83b7e359729bc6c33c4fe975ec499861d969b3e080320849ff
2026-08-09 08:45:37,814 [INFO] Capturing response: http://edgedl.me.gvt1.com/edgedl/diffgen-puffin/gcmjkmgdlgnkkcocmoeiminaijmmjnii/6ca5bdb9f3e2cd83b7e359729bc6c33c4fe975ec499861d969b3e080320849ff 200 OK
2026-08-09 08:45:37,841 [INFO] Capturing request: https://update.googleapis.com/service/update2/json
2026-08-09 08:45:37,900 [INFO] Capturing response: https://update.googleapis.com/service/update2/json 200 
2026-08-09 08:45:37,945 [INFO] Capturing request: http://edgedl.me.gvt1.com/edgedl/release2/chrome_component/adtllqgmttex2g3hw3icmlz5yl5a_10704/hfnkpimlhhgieaddgfemjhofmfblmnib_10704_all_acdjbdrvbvrhvwdqwha73pfe6zsa.crx3
2026-08-09 08:45:38,018 [INFO] Capturing response: http://edgedl.me.gvt1.com/edgedl/release2/chrome_component/adtllqgmttex2g3hw3icmlz5yl5a_10704/hfnkpimlhhgieaddgfemjhofmfblmnib_10704_all_acdjbdrvbvrhvwdqwha73pfe6zsa.crx3 200 OK
2026-08-09 08:45:38,052 [INFO] Capturing request: https://update.googleapis.com/service/update2/json
2026-08-09 08:45:38,101 [INFO] Capturing response: https://update.googleapis.com/service/update2/json 200 
2026-08-09 08:45:57,363 [WARNING]   ❌ Tivibu Spor 1 için M3U8 bulunamadı
2026-08-09 08:45:58,364 [INFO] 
[12/14]
2026-08-09 08:45:58,364 [INFO] 🔍 Tivibu Spor 2 → https://www.atomsportv512.top/matches?id=tivibu-spor-2
2026-08-09 08:45:58,540 [INFO] Capturing request: https://www.atomsportv512.top/matches?id=tivibu-spor-2
2026-08-09 08:45:59,126 [INFO] Capturing response: https://www.atomsportv512.top/matches?id=tivibu-spor-2 200 
2026-08-09 08:45:59,288 [INFO] Capturing request: https://www.atomsportv512.top/favicon.ico
2026-08-09 08:45:59,355 [INFO] Capturing response: https://www.atomsportv512.top/favicon.ico 200 
2026-08-09 08:45:59,361 [INFO] Capturing request: https://teletv5.top/load/yayinlink.php?id=tivibu-spor-2
2026-08-09 08:45:59,774 [INFO] Capturing response: https://teletv5.top/load/yayinlink.php?id=tivibu-spor-2 200 
2026-08-09 08:45:59,877 [INFO] Capturing request: https://streamsport365.com/cinema
2026-08-09 08:46:00,201 [INFO] Capturing response: https://streamsport365.com/cinema 200 
2026-08-09 08:46:08,115 [INFO] Capturing request: https://android.clients.google.com/c2dm/register3
2026-08-09 08:46:08,201 [INFO] Capturing response: https://android.clients.google.com/c2dm/register3 301 
2026-08-09 08:46:32,433 [WARNING]   ❌ Tivibu Spor 2 için M3U8 bulunamadı
2026-08-09 08:46:33,434 [INFO] 
[13/14]
2026-08-09 08:46:33,434 [INFO] 🔍 Tivibu Spor 3 → https://www.atomsportv512.top/matches?id=tivibu-spor-3
2026-08-09 08:46:33,543 [INFO] Capturing request: https://www.atomsportv512.top/matches?id=tivibu-spor-3
2026-08-09 08:46:34,004 [INFO] Capturing response: https://www.atomsportv512.top/matches?id=tivibu-spor-3 200 
2026-08-09 08:46:34,138 [INFO] Capturing request: https://teletv5.top/load/yayinlink.php?id=tivibu-spor-3
2026-08-09 08:46:34,139 [INFO] Capturing request: https://www.atomsportv512.top/favicon.ico
2026-08-09 08:46:34,192 [INFO] Capturing response: https://www.atomsportv512.top/favicon.ico 200 
2026-08-09 08:46:34,273 [INFO] Capturing request: https://streamsport365.com/cinema
2026-08-09 08:46:34,349 [INFO] Capturing response: https://teletv5.top/load/yayinlink.php?id=tivibu-spor-3 200 
2026-08-09 08:46:34,594 [INFO] Capturing response: https://streamsport365.com/cinema 200 
2026-08-09 08:47:07,272 [WARNING]   ❌ Tivibu Spor 3 için M3U8 bulunamadı
2026-08-09 08:47:08,272 [INFO] 
[14/14]
2026-08-09 08:47:08,272 [INFO] 🔍 Tivibu Spor 4 → https://www.atomsportv512.top/matches?id=tivibu-spor-4
2026-08-09 08:47:08,382 [INFO] Capturing request: https://www.atomsportv512.top/matches?id=tivibu-spor-4
2026-08-09 08:47:08,828 [INFO] Capturing response: https://www.atomsportv512.top/matches?id=tivibu-spor-4 200 
2026-08-09 08:47:08,957 [INFO] Capturing request: https://teletv5.top/load/yayinlink.php?id=tivibu-spor-4
2026-08-09 08:47:08,959 [INFO] Capturing request: https://www.atomsportv512.top/favicon.ico
2026-08-09 08:47:09,014 [INFO] Capturing response: https://www.atomsportv512.top/favicon.ico 200 
2026-08-09 08:47:09,093 [INFO] Capturing request: https://streamsport365.com/cinema
2026-08-09 08:47:09,161 [INFO] Capturing response: https://teletv5.top/load/yayinlink.php?id=tivibu-spor-4 200 
2026-08-09 08:47:09,427 [INFO] Capturing response: https://streamsport365.com/cinema 200 
2026-08-09 08:47:42,104 [WARNING]   ❌ Tivibu Spor 4 için M3U8 bulunamadı
2026-08-09 08:47:43,170 [INFO] ✅ 10 kanal bulundu, playlist.m3u kaydedildi
