2026-08-17 20:56:23,948 [INFO] 🌐 BASE_URL: https://www.atomsportv512.top
2026-08-17 20:56:25,052 [INFO] Başlanıyor... 14 kanal taranacak
2026-08-17 20:56:25,052 [INFO] Using default request storage
2026-08-17 20:56:25,057 [INFO] Created proxy listening on 127.0.0.1:32785
2026-08-17 20:56:25,735 [INFO] Capturing request: http://clients2.google.com/time/1/current?cup2key=10:Of4jJqdlE-2mRUw_vMELG5LbBsbd83zLmNg4KvcoyUM&cup2hreq=e3b0c44298fc1c149afbf4c8996fb92427ae41e4649b934ca495991b7852b855
2026-08-17 20:56:25,792 [INFO] Capturing response: http://clients2.google.com/time/1/current?cup2key=10:Of4jJqdlE-2mRUw_vMELG5LbBsbd83zLmNg4KvcoyUM&cup2hreq=e3b0c44298fc1c149afbf4c8996fb92427ae41e4649b934ca495991b7852b855 200 OK
2026-08-17 20:56:26,031 [INFO] 
[1/14]
2026-08-17 20:56:26,032 [INFO] 🔍 beIN Sports 1 → https://www.atomsportv512.top/matches?id=bein-sports-1
2026-08-17 20:56:26,138 [INFO] Capturing request: https://accounts.google.com/ListAccounts?gpsia=1&source=ChromiumBrowser&json=standard&laf=b64bin
2026-08-17 20:56:26,145 [INFO] Capturing request: https://update.googleapis.com/service/update2/json?cup2key=16:LNYvMduekevfvhR7hma9wFgKCj_jwyrOKYuINDILoEQ&cup2hreq=6166581770962f24bacdd27fc792ab64b7524e717bbc7e500e29112cd5e69b8c
2026-08-17 20:56:26,198 [INFO] Capturing response: https://update.googleapis.com/service/update2/json?cup2key=16:LNYvMduekevfvhR7hma9wFgKCj_jwyrOKYuINDILoEQ&cup2hreq=6166581770962f24bacdd27fc792ab64b7524e717bbc7e500e29112cd5e69b8c 200 
2026-08-17 20:56:26,235 [INFO] Capturing request: https://www.google.com/async/folae?async=_fmt:pb&udm=50&client_locale=en-US&client_country=ZZ
2026-08-17 20:56:26,247 [INFO] Capturing request: https://update.googleapis.com/service/update2/json?cup2key=16:oIpvq2vHxZStAtsEqZWg_owFGCVLLjQfxHbHgRK7lxI&cup2hreq=872413c06a0098c056f333d30acdd3b8c4d74877c4db5bb36368ed638343601c
2026-08-17 20:56:26,259 [INFO] Capturing request: https://www.atomsportv512.top/matches?id=bein-sports-1
2026-08-17 20:56:26,278 [INFO] Capturing response: https://www.google.com/async/folae?async=_fmt:pb&udm=50&client_locale=en-US&client_country=ZZ 200 
2026-08-17 20:56:26,282 [INFO] Capturing response: https://accounts.google.com/ListAccounts?gpsia=1&source=ChromiumBrowser&json=standard&laf=b64bin 200 
2026-08-17 20:56:26,285 [INFO] Capturing response: https://update.googleapis.com/service/update2/json?cup2key=16:oIpvq2vHxZStAtsEqZWg_owFGCVLLjQfxHbHgRK7lxI&cup2hreq=872413c06a0098c056f333d30acdd3b8c4d74877c4db5bb36368ed638343601c 200 
2026-08-17 20:56:26,331 [INFO] Capturing request: https://update.googleapis.com/service/update2/json?cup2key=16:9kL-LZNoHpOh_QiRHT2cwLolgrqu9CxXJh_d2T8uTyA&cup2hreq=922789b253df5b83e39b6ccdec0755da198b835a49466ec4b84b19b82dafcbb5
2026-08-17 20:56:26,359 [INFO] Capturing response: https://update.googleapis.com/service/update2/json?cup2key=16:9kL-LZNoHpOh_QiRHT2cwLolgrqu9CxXJh_d2T8uTyA&cup2hreq=922789b253df5b83e39b6ccdec0755da198b835a49466ec4b84b19b82dafcbb5 200 
2026-08-17 20:56:26,736 [INFO] Capturing response: https://www.atomsportv512.top/matches?id=bein-sports-1 200 
2026-08-17 20:56:26,942 [INFO] Capturing request: https://cdn.jsdelivr.net/npm/@clappr/player@0.11.16/dist/clappr.min.js
2026-08-17 20:56:26,946 [INFO] Capturing request: https://cdn.jsdelivr.net/npm/level-selector/dist/level-selector.min.js
2026-08-17 20:56:26,948 [INFO] Capturing request: https://cdn.jsdelivr.net/npm/@clappr/hlsjs-playback@1.8.3/dist/hlsjs-playback.min.js
2026-08-17 20:56:26,961 [INFO] Capturing response: https://cdn.jsdelivr.net/npm/level-selector/dist/level-selector.min.js 200 
2026-08-17 20:56:26,977 [INFO] Capturing response: https://cdn.jsdelivr.net/npm/@clappr/player@0.11.16/dist/clappr.min.js 200 
2026-08-17 20:56:26,986 [INFO] Capturing response: https://cdn.jsdelivr.net/npm/@clappr/hlsjs-playback@1.8.3/dist/hlsjs-playback.min.js 200 
2026-08-17 20:56:27,203 [INFO] Capturing request: https://www.atomsportv512.top/favicon.ico
2026-08-17 20:56:27,260 [INFO] Capturing response: https://www.atomsportv512.top/favicon.ico 200 
2026-08-17 20:56:27,316 [INFO] Capturing request: https://teletv5.top/load/yayinlink.php?id=bein-sports-1
2026-08-17 20:56:27,756 [INFO] Capturing response: https://teletv5.top/load/yayinlink.php?id=bein-sports-1 200 
2026-08-17 20:56:27,775 [INFO] Capturing request: https://streamsport365.com/cinema
2026-08-17 20:56:28,117 [INFO] Capturing response: https://streamsport365.com/cinema 200 
2026-08-17 20:56:28,251 [INFO] Capturing request: https://www.atomsportv512.top/assets/img/player/player_logo_6a72b29dbcd89.png
2026-08-17 20:56:28,309 [INFO] Capturing response: https://www.atomsportv512.top/assets/img/player/player_logo_6a72b29dbcd89.png 200 
2026-08-17 20:56:28,318 [INFO] Capturing request: https://corestream.siteyaptim.live//beintv/tracks-v1a1/mono.m3u8
2026-08-17 20:56:28,836 [INFO] Capturing response: https://corestream.siteyaptim.live//beintv/tracks-v1a1/mono.m3u8 200 
2026-08-17 20:56:28,951 [INFO] Capturing request: https://android.clients.google.com/checkin
2026-08-17 20:56:29,051 [INFO] Capturing response: https://android.clients.google.com/checkin 200 
2026-08-17 20:56:29,059 [INFO] Capturing request: https://global.siteyaptim.live/beintv/tracks-v1a1/2026/08/17/20/56/12-06000.jpg
2026-08-17 20:56:29,105 [INFO] Capturing request: https://android.clients.google.com/c2dm/register3
2026-08-17 20:56:29,106 [INFO] Capturing request: https://android.clients.google.com/c2dm/register3
2026-08-17 20:56:29,109 [INFO] Capturing request: https://android.clients.google.com/c2dm/register3
2026-08-17 20:56:29,174 [INFO] Capturing response: https://android.clients.google.com/c2dm/register3 301 
2026-08-17 20:56:29,333 [INFO] Capturing response: https://global.siteyaptim.live/beintv/tracks-v1a1/2026/08/17/20/56/12-06000.jpg 200 
2026-08-17 20:56:29,585 [INFO] Capturing request: https://global.siteyaptim.live/beintv/tracks-v1a1/2026/08/17/20/56/18-06000.jpg
2026-08-17 20:56:29,867 [INFO] Capturing response: https://android.clients.google.com/c2dm/register3 200 
2026-08-17 20:56:29,885 [INFO] Capturing response: https://android.clients.google.com/c2dm/register3 200 
2026-08-17 20:56:29,925 [INFO] Capturing response: https://global.siteyaptim.live/beintv/tracks-v1a1/2026/08/17/20/56/18-06000.jpg 200 
2026-08-17 20:56:30,129 [INFO]   ✅ M3U8 bulundu: https://corestream.siteyaptim.live//beintv/tracks-v1a1/mono.m3u8
2026-08-17 20:56:30,143 [INFO] Capturing request: https://global.siteyaptim.live/beintv/tracks-v1a1/2026/08/17/20/56/24-06000.jpg
2026-08-17 20:56:30,684 [INFO] Capturing response: https://global.siteyaptim.live/beintv/tracks-v1a1/2026/08/17/20/56/24-06000.jpg 200 
2026-08-17 20:56:31,130 [INFO] 
[2/14]
2026-08-17 20:56:31,130 [INFO] 🔍 beIN Sports 2 → https://www.atomsportv512.top/matches?id=bein-sports-2
2026-08-17 20:56:31,242 [INFO] Capturing request: https://www.atomsportv512.top/matches?id=bein-sports-2
2026-08-17 20:56:31,505 [INFO] Capturing response: https://www.atomsportv512.top/matches?id=bein-sports-2 200 
2026-08-17 20:56:31,562 [INFO] Capturing request: https://streamsport365.com/cinema
2026-08-17 20:56:31,668 [INFO] Capturing request: https://teletv5.top/load/yayinlink.php?id=bein-sports-2
2026-08-17 20:56:31,669 [INFO] Capturing request: https://www.atomsportv512.top/favicon.ico
2026-08-17 20:56:31,717 [INFO] Capturing response: https://www.atomsportv512.top/favicon.ico 200 
2026-08-17 20:56:31,889 [INFO] Capturing response: https://teletv5.top/load/yayinlink.php?id=bein-sports-2 200 
2026-08-17 20:56:31,917 [INFO] Capturing response: https://streamsport365.com/cinema 200 
2026-08-17 20:56:32,030 [INFO] Capturing request: https://www.atomsportv512.top/assets/img/player/player_logo_6a72b29dbcd89.png
2026-08-17 20:56:32,040 [INFO] Capturing request: https://corestream.siteyaptim.live//trt-spor/tracks-v1a1/mono.m3u8
2026-08-17 20:56:32,151 [INFO] Capturing response: https://www.atomsportv512.top/assets/img/player/player_logo_6a72b29dbcd89.png 304 
2026-08-17 20:56:32,241 [INFO] Capturing response: https://corestream.siteyaptim.live//trt-spor/tracks-v1a1/mono.m3u8 200 
2026-08-17 20:56:32,352 [INFO] Capturing request: https://global.siteyaptim.live/trt-spor/tracks-v1a1/2026/08/17/20/57/14-10000.jpg
2026-08-17 20:56:32,862 [INFO] Capturing response: https://global.siteyaptim.live/trt-spor/tracks-v1a1/2026/08/17/20/57/14-10000.jpg 200 
2026-08-17 20:56:33,122 [INFO] Capturing request: https://global.siteyaptim.live/trt-spor/tracks-v1a1/2026/08/17/20/57/24-10000.jpg
2026-08-17 20:56:33,488 [INFO] Capturing response: https://global.siteyaptim.live/trt-spor/tracks-v1a1/2026/08/17/20/57/24-10000.jpg 200 
2026-08-17 20:56:33,730 [INFO] Capturing request: https://global.siteyaptim.live/trt-spor/tracks-v1a1/2026/08/17/20/57/34-10000.jpg
2026-08-17 20:56:34,177 [INFO] Capturing response: https://global.siteyaptim.live/trt-spor/tracks-v1a1/2026/08/17/20/57/34-10000.jpg 200 
2026-08-17 20:56:34,588 [INFO]   ✅ M3U8 bulundu: https://corestream.siteyaptim.live//trt-spor/tracks-v1a1/mono.m3u8
2026-08-17 20:56:35,589 [INFO] 
[3/14]
2026-08-17 20:56:35,589 [INFO] 🔍 beIN Sports 3 → https://www.atomsportv512.top/matches?id=bein-sports-3
2026-08-17 20:56:35,700 [INFO] Capturing request: https://www.atomsportv512.top/matches?id=bein-sports-3
2026-08-17 20:56:36,049 [INFO] Capturing response: https://www.atomsportv512.top/matches?id=bein-sports-3 200 
2026-08-17 20:56:36,182 [INFO] Capturing request: https://teletv5.top/load/yayinlink.php?id=bein-sports-3
2026-08-17 20:56:36,184 [INFO] Capturing request: https://www.atomsportv512.top/favicon.ico
2026-08-17 20:56:36,230 [INFO] Capturing response: https://www.atomsportv512.top/favicon.ico 200 
2026-08-17 20:56:36,333 [INFO] Capturing request: https://streamsport365.com/cinema
2026-08-17 20:56:36,403 [INFO] Capturing response: https://teletv5.top/load/yayinlink.php?id=bein-sports-3 200 
2026-08-17 20:56:36,691 [INFO] Capturing response: https://streamsport365.com/cinema 200 
2026-08-17 20:56:36,803 [INFO] Capturing request: https://www.atomsportv512.top/assets/img/player/player_logo_6a72b29dbcd89.png
2026-08-17 20:56:36,813 [INFO] Capturing request: https://corestream.siteyaptim.live//bein3/tracks-v1a1/mono.m3u8
2026-08-17 20:56:36,925 [INFO] Capturing response: https://www.atomsportv512.top/assets/img/player/player_logo_6a72b29dbcd89.png 304 
2026-08-17 20:56:37,030 [INFO] Capturing response: https://corestream.siteyaptim.live//bein3/tracks-v1a1/mono.m3u8 200 
2026-08-17 20:56:37,140 [INFO] Capturing request: https://global.siteyaptim.live/bein3/tracks-v1a1/2026/08/17/20/56/16-08000.jpg
2026-08-17 20:56:37,796 [INFO] Capturing response: https://global.siteyaptim.live/bein3/tracks-v1a1/2026/08/17/20/56/16-08000.jpg 200 
2026-08-17 20:56:38,043 [INFO] Capturing request: https://global.siteyaptim.live/bein3/tracks-v1a1/2026/08/17/20/56/24-08000.jpg
2026-08-17 20:56:38,411 [INFO] Capturing response: https://global.siteyaptim.live/bein3/tracks-v1a1/2026/08/17/20/56/24-08000.jpg 200 
2026-08-17 20:56:38,629 [INFO] Capturing request: https://global.siteyaptim.live/bein3/tracks-v1a1/2026/08/17/20/56/32-08000.jpg
2026-08-17 20:56:38,974 [INFO] Capturing response: https://global.siteyaptim.live/bein3/tracks-v1a1/2026/08/17/20/56/32-08000.jpg 200 
2026-08-17 20:56:39,101 [INFO]   ✅ M3U8 bulundu: https://corestream.siteyaptim.live//bein3/tracks-v1a1/mono.m3u8
2026-08-17 20:56:40,102 [INFO] 
[4/14]
2026-08-17 20:56:40,102 [INFO] 🔍 beIN Sports 4 → https://www.atomsportv512.top/matches?id=bein-sports-4
2026-08-17 20:56:40,212 [INFO] Capturing request: https://www.atomsportv512.top/matches?id=bein-sports-4
2026-08-17 20:56:40,473 [INFO] Capturing response: https://www.atomsportv512.top/matches?id=bein-sports-4 200 
2026-08-17 20:56:40,505 [INFO] Capturing request: https://streamsport365.com/cinema
2026-08-17 20:56:40,602 [INFO] Capturing request: https://teletv5.top/load/yayinlink.php?id=bein-sports-4
2026-08-17 20:56:40,607 [INFO] Capturing request: https://www.atomsportv512.top/favicon.ico
2026-08-17 20:56:40,654 [INFO] Capturing response: https://www.atomsportv512.top/favicon.ico 200 
2026-08-17 20:56:40,817 [INFO] Capturing response: https://teletv5.top/load/yayinlink.php?id=bein-sports-4 200 
2026-08-17 20:56:40,875 [INFO] Capturing response: https://streamsport365.com/cinema 200 
2026-08-17 20:56:40,986 [INFO] Capturing request: https://www.atomsportv512.top/assets/img/player/player_logo_6a72b29dbcd89.png
2026-08-17 20:56:40,997 [INFO] Capturing request: https://corestream.siteyaptim.live//bein4/tracks-v1a1/mono.m3u8
2026-08-17 20:56:41,110 [INFO] Capturing response: https://www.atomsportv512.top/assets/img/player/player_logo_6a72b29dbcd89.png 304 
2026-08-17 20:56:41,202 [INFO] Capturing response: https://corestream.siteyaptim.live//bein4/tracks-v1a1/mono.m3u8 200 
2026-08-17 20:56:41,352 [INFO] Capturing request: https://global.siteyaptim.live/bein4/tracks-v1a1/2026/08/17/20/56/13-10000.jpg
2026-08-17 20:56:42,067 [INFO] Capturing response: https://global.siteyaptim.live/bein4/tracks-v1a1/2026/08/17/20/56/13-10000.jpg 200 
2026-08-17 20:56:42,309 [INFO] Capturing request: https://global.siteyaptim.live/bein4/tracks-v1a1/2026/08/17/20/56/23-10000.jpg
2026-08-17 20:56:42,695 [INFO] Capturing response: https://global.siteyaptim.live/bein4/tracks-v1a1/2026/08/17/20/56/23-10000.jpg 200 
2026-08-17 20:56:42,935 [INFO] Capturing request: https://global.siteyaptim.live/bein4/tracks-v1a1/2026/08/17/20/56/33-10000.jpg
2026-08-17 20:56:43,283 [INFO] Capturing response: https://global.siteyaptim.live/bein4/tracks-v1a1/2026/08/17/20/56/33-10000.jpg 200 
2026-08-17 20:56:43,536 [INFO]   ✅ M3U8 bulundu: https://corestream.siteyaptim.live//bein4/tracks-v1a1/mono.m3u8
2026-08-17 20:56:44,537 [INFO] 
[5/14]
2026-08-17 20:56:44,537 [INFO] 🔍 beIN Sports 5 → https://www.atomsportv512.top/matches?id=bein-sports-5
2026-08-17 20:56:44,648 [INFO] Capturing request: https://www.atomsportv512.top/matches?id=bein-sports-5
2026-08-17 20:56:44,913 [INFO] Capturing response: https://www.atomsportv512.top/matches?id=bein-sports-5 200 
2026-08-17 20:56:45,046 [INFO] Capturing request: https://teletv5.top/load/yayinlink.php?id=bein-sports-5
2026-08-17 20:56:45,049 [INFO] Capturing request: https://www.atomsportv512.top/favicon.ico
2026-08-17 20:56:45,101 [INFO] Capturing response: https://www.atomsportv512.top/favicon.ico 200 
2026-08-17 20:56:45,198 [INFO] Capturing request: https://streamsport365.com/cinema
2026-08-17 20:56:45,264 [INFO] Capturing response: https://teletv5.top/load/yayinlink.php?id=bein-sports-5 200 
2026-08-17 20:56:45,579 [INFO] Capturing response: https://streamsport365.com/cinema 200 
2026-08-17 20:56:45,690 [INFO] Capturing request: https://www.atomsportv512.top/assets/img/player/player_logo_6a72b29dbcd89.png
2026-08-17 20:56:45,700 [INFO] Capturing request: https://corestream.siteyaptim.live//bein5/tracks-v1a1/mono.m3u8
2026-08-17 20:56:45,810 [INFO] Capturing response: https://www.atomsportv512.top/assets/img/player/player_logo_6a72b29dbcd89.png 304 
2026-08-17 20:56:45,900 [INFO] Capturing response: https://corestream.siteyaptim.live//bein5/tracks-v1a1/mono.m3u8 404 
2026-08-17 20:56:47,963 [INFO]   ✅ M3U8 bulundu: https://corestream.siteyaptim.live//bein5/tracks-v1a1/mono.m3u8
2026-08-17 20:56:48,025 [INFO] Capturing request: https://corestream.siteyaptim.live//bein5/tracks-v1a1/mono.m3u8
2026-08-17 20:56:48,220 [INFO] Capturing response: https://corestream.siteyaptim.live//bein5/tracks-v1a1/mono.m3u8 404 
2026-08-17 20:56:48,963 [INFO] 
[6/14]
2026-08-17 20:56:48,963 [INFO] 🔍 beIN Sports Max 1 → https://www.atomsportv512.top/matches?id=bein-sports-max-1
2026-08-17 20:56:49,072 [INFO] Capturing request: https://www.atomsportv512.top/matches?id=bein-sports-max-1
2026-08-17 20:56:49,339 [INFO] Capturing response: https://www.atomsportv512.top/matches?id=bein-sports-max-1 200 
2026-08-17 20:56:49,372 [INFO] Capturing request: https://streamsport365.com/cinema
2026-08-17 20:56:49,473 [INFO] Capturing request: https://teletv5.top/load/yayinlink.php?id=bein-sports-max-1
2026-08-17 20:56:49,473 [INFO] Capturing request: https://www.atomsportv512.top/favicon.ico
2026-08-17 20:56:49,513 [INFO] Capturing response: https://www.atomsportv512.top/favicon.ico 200 
2026-08-17 20:56:49,702 [INFO] Capturing response: https://teletv5.top/load/yayinlink.php?id=bein-sports-max-1 200 
2026-08-17 20:56:49,731 [INFO] Capturing response: https://streamsport365.com/cinema 200 
2026-08-17 20:56:49,855 [INFO] Capturing request: https://www.atomsportv512.top/assets/img/player/player_logo_6a72b29dbcd89.png
2026-08-17 20:56:49,866 [INFO] Capturing request: https://corestream.siteyaptim.live//beinmax1/tracks-v1a1/mono.m3u8
2026-08-17 20:56:49,976 [INFO] Capturing response: https://www.atomsportv512.top/assets/img/player/player_logo_6a72b29dbcd89.png 304 
2026-08-17 20:56:50,085 [INFO] Capturing response: https://corestream.siteyaptim.live//beinmax1/tracks-v1a1/mono.m3u8 404 
2026-08-17 20:56:52,204 [INFO] Capturing request: https://corestream.siteyaptim.live//beinmax1/tracks-v1a1/mono.m3u8
2026-08-17 20:56:52,389 [INFO]   ✅ M3U8 bulundu: https://corestream.siteyaptim.live//beinmax1/tracks-v1a1/mono.m3u8
2026-08-17 20:56:52,405 [INFO] Capturing response: https://corestream.siteyaptim.live//beinmax1/tracks-v1a1/mono.m3u8 404 
2026-08-17 20:56:52,597 [INFO] Capturing request: https://android.clients.google.com/c2dm/register3
2026-08-17 20:56:52,665 [INFO] Capturing response: https://android.clients.google.com/c2dm/register3 301 
2026-08-17 20:56:53,389 [INFO] 
[7/14]
2026-08-17 20:56:53,389 [INFO] 🔍 beIN Sports Max 2 → https://www.atomsportv512.top/matches?id=bein-sports-max-2
2026-08-17 20:56:53,499 [INFO] Capturing request: https://www.atomsportv512.top/matches?id=bein-sports-max-2
2026-08-17 20:56:53,763 [INFO] Capturing response: https://www.atomsportv512.top/matches?id=bein-sports-max-2 200 
2026-08-17 20:56:53,900 [INFO] Capturing request: https://www.atomsportv512.top/favicon.ico
2026-08-17 20:56:53,901 [INFO] Capturing request: https://teletv5.top/load/yayinlink.php?id=bein-sports-max-2
2026-08-17 20:56:53,981 [INFO] Capturing response: https://www.atomsportv512.top/favicon.ico 200 
2026-08-17 20:56:54,055 [INFO] Capturing request: https://streamsport365.com/cinema
2026-08-17 20:56:54,121 [INFO] Capturing response: https://teletv5.top/load/yayinlink.php?id=bein-sports-max-2 200 
2026-08-17 20:56:54,408 [INFO] Capturing response: https://streamsport365.com/cinema 200 
2026-08-17 20:56:54,520 [INFO] Capturing request: https://www.atomsportv512.top/assets/img/player/player_logo_6a72b29dbcd89.png
2026-08-17 20:56:54,531 [INFO] Capturing request: https://corestream.siteyaptim.live//trt-spor/tracks-v1a1/mono.m3u8
2026-08-17 20:56:54,646 [INFO] Capturing response: https://www.atomsportv512.top/assets/img/player/player_logo_6a72b29dbcd89.png 304 
2026-08-17 20:56:54,729 [INFO] Capturing response: https://corestream.siteyaptim.live//trt-spor/tracks-v1a1/mono.m3u8 200 
2026-08-17 20:56:54,881 [INFO] Capturing request: https://global.siteyaptim.live/trt-spor/tracks-v1a1/2026/08/17/20/57/34-10000.jpg
2026-08-17 20:56:55,133 [INFO] Capturing response: https://global.siteyaptim.live/trt-spor/tracks-v1a1/2026/08/17/20/57/34-10000.jpg 200 
2026-08-17 20:56:55,408 [INFO] Capturing request: https://global.siteyaptim.live/trt-spor/tracks-v1a1/2026/08/17/20/57/44-10000.jpg
2026-08-17 20:56:55,772 [INFO] Capturing response: https://global.siteyaptim.live/trt-spor/tracks-v1a1/2026/08/17/20/57/44-10000.jpg 200 
2026-08-17 20:56:55,987 [INFO] Capturing request: https://global.siteyaptim.live/trt-spor/tracks-v1a1/2026/08/17/20/57/54-10000.jpg
2026-08-17 20:56:56,536 [INFO] Capturing response: https://global.siteyaptim.live/trt-spor/tracks-v1a1/2026/08/17/20/57/54-10000.jpg 200 
2026-08-17 20:56:56,828 [INFO]   ✅ M3U8 bulundu: https://corestream.siteyaptim.live//trt-spor/tracks-v1a1/mono.m3u8
2026-08-17 20:56:57,828 [INFO] 
[8/14]
2026-08-17 20:56:57,829 [INFO] 🔍 S Sport → https://www.atomsportv512.top/matches?id=s-sport
2026-08-17 20:56:57,939 [INFO] Capturing request: https://www.atomsportv512.top/matches?id=s-sport
2026-08-17 20:56:58,389 [INFO] Capturing response: https://www.atomsportv512.top/matches?id=s-sport 200 
2026-08-17 20:56:58,429 [INFO] Capturing request: https://streamsport365.com/cinema
2026-08-17 20:56:58,529 [INFO] Capturing request: https://www.atomsportv512.top/favicon.ico
2026-08-17 20:56:58,530 [INFO] Capturing request: https://teletv5.top/load/yayinlink.php?id=s-sport
2026-08-17 20:56:58,572 [INFO] Capturing response: https://www.atomsportv512.top/favicon.ico 200 
2026-08-17 20:56:58,779 [INFO] Capturing response: https://streamsport365.com/cinema 200 
2026-08-17 20:56:59,212 [INFO] Capturing response: https://teletv5.top/load/yayinlink.php?id=s-sport 200 
2026-08-17 20:56:59,366 [INFO] Capturing request: https://www.atomsportv512.top/assets/img/player/player_logo_6a72b29dbcd89.png
2026-08-17 20:56:59,376 [INFO] Capturing request: https://corestream.siteyaptim.live//s-sport/tracks-v1a1/mono.m3u8
2026-08-17 20:56:59,485 [INFO] Capturing response: https://www.atomsportv512.top/assets/img/player/player_logo_6a72b29dbcd89.png 304 
2026-08-17 20:56:59,566 [INFO] Capturing response: https://corestream.siteyaptim.live//s-sport/tracks-v1a1/mono.m3u8 200 
2026-08-17 20:56:59,677 [INFO] Capturing request: https://global.siteyaptim.live/s-sport/tracks-v1a1/2026/08/17/20/57/17-06000.jpg
2026-08-17 20:57:00,171 [INFO] Capturing response: https://global.siteyaptim.live/s-sport/tracks-v1a1/2026/08/17/20/57/17-06000.jpg 200 
2026-08-17 20:57:00,459 [INFO] Capturing request: https://global.siteyaptim.live/s-sport/tracks-v1a1/2026/08/17/20/57/23-06000.jpg
2026-08-17 20:57:00,857 [INFO] Capturing response: https://global.siteyaptim.live/s-sport/tracks-v1a1/2026/08/17/20/57/23-06000.jpg 200 
2026-08-17 20:57:01,068 [INFO] Capturing request: https://global.siteyaptim.live/s-sport/tracks-v1a1/2026/08/17/20/57/29-06000.jpg
2026-08-17 20:57:01,464 [INFO]   ✅ M3U8 bulundu: https://corestream.siteyaptim.live//s-sport/tracks-v1a1/mono.m3u8
2026-08-17 20:57:01,477 [INFO] Capturing response: https://global.siteyaptim.live/s-sport/tracks-v1a1/2026/08/17/20/57/29-06000.jpg 200 
2026-08-17 20:57:02,466 [INFO] 
[9/14]
2026-08-17 20:57:02,466 [INFO] 🔍 S Sport 2 → https://www.atomsportv512.top/matches?id=s-sport-2
2026-08-17 20:57:02,577 [INFO] Capturing request: https://www.atomsportv512.top/matches?id=s-sport-2
2026-08-17 20:57:02,837 [INFO] Capturing response: https://www.atomsportv512.top/matches?id=s-sport-2 200 
2026-08-17 20:57:02,969 [INFO] Capturing request: https://teletv5.top/load/yayinlink.php?id=s-sport-2
2026-08-17 20:57:02,973 [INFO] Capturing request: https://www.atomsportv512.top/favicon.ico
2026-08-17 20:57:03,015 [INFO] Capturing response: https://www.atomsportv512.top/favicon.ico 200 
2026-08-17 20:57:03,123 [INFO] Capturing request: https://streamsport365.com/cinema
2026-08-17 20:57:03,473 [INFO] Capturing response: https://streamsport365.com/cinema 200 
2026-08-17 20:57:03,670 [INFO] Capturing response: https://teletv5.top/load/yayinlink.php?id=s-sport-2 200 
2026-08-17 20:57:03,821 [INFO] Capturing request: https://www.atomsportv512.top/assets/img/player/player_logo_6a72b29dbcd89.png
2026-08-17 20:57:03,831 [INFO] Capturing request: https://corestream.siteyaptim.live//s-sport2/tracks-v1a1/mono.m3u8
2026-08-17 20:57:03,944 [INFO] Capturing response: https://www.atomsportv512.top/assets/img/player/player_logo_6a72b29dbcd89.png 304 
2026-08-17 20:57:04,019 [INFO] Capturing response: https://corestream.siteyaptim.live//s-sport2/tracks-v1a1/mono.m3u8 200 
2026-08-17 20:57:04,169 [INFO] Capturing request: https://global.siteyaptim.live/s-sport2/tracks-v1a1/2026/08/17/20/57/03-10000.jpg
2026-08-17 20:57:04,618 [INFO] Capturing response: https://global.siteyaptim.live/s-sport2/tracks-v1a1/2026/08/17/20/57/03-10000.jpg 200 
2026-08-17 20:57:04,903 [INFO] Capturing request: https://global.siteyaptim.live/s-sport2/tracks-v1a1/2026/08/17/20/57/13-10000.jpg
2026-08-17 20:57:05,391 [INFO] Capturing response: https://global.siteyaptim.live/s-sport2/tracks-v1a1/2026/08/17/20/57/13-10000.jpg 200 
2026-08-17 20:57:05,667 [INFO] Capturing request: https://global.siteyaptim.live/s-sport2/tracks-v1a1/2026/08/17/20/57/23-10000.jpg
2026-08-17 20:57:05,914 [INFO]   ✅ M3U8 bulundu: https://corestream.siteyaptim.live//s-sport2/tracks-v1a1/mono.m3u8
2026-08-17 20:57:06,174 [INFO] Capturing response: https://global.siteyaptim.live/s-sport2/tracks-v1a1/2026/08/17/20/57/23-10000.jpg 200 
2026-08-17 20:57:06,914 [INFO] 
[10/14]
2026-08-17 20:57:06,915 [INFO] 🔍 A Spor → https://www.atomsportv512.top/matches?id=a-spor
2026-08-17 20:57:07,029 [INFO] Capturing request: https://www.atomsportv512.top/matches?id=a-spor
2026-08-17 20:57:07,290 [INFO] Capturing response: https://www.atomsportv512.top/matches?id=a-spor 200 
2026-08-17 20:57:07,322 [INFO] Capturing request: https://streamsport365.com/cinema
2026-08-17 20:57:07,423 [INFO] Capturing request: https://teletv5.top/load/yayinlink.php?id=a-spor
2026-08-17 20:57:07,429 [INFO] Capturing request: https://www.atomsportv512.top/favicon.ico
2026-08-17 20:57:07,474 [INFO] Capturing response: https://www.atomsportv512.top/favicon.ico 200 
2026-08-17 20:57:07,641 [INFO] Capturing response: https://teletv5.top/load/yayinlink.php?id=a-spor 200 
2026-08-17 20:57:07,672 [INFO] Capturing response: https://streamsport365.com/cinema 200 
2026-08-17 20:57:07,784 [INFO] Capturing request: https://www.atomsportv512.top/assets/img/player/player_logo_6a72b29dbcd89.png
2026-08-17 20:57:07,794 [INFO] Capturing request: https://corestream.siteyaptim.live//aspor/tracks-v1a1/mono.m3u8
2026-08-17 20:57:07,905 [INFO] Capturing response: https://www.atomsportv512.top/assets/img/player/player_logo_6a72b29dbcd89.png 304 
2026-08-17 20:57:07,993 [INFO] Capturing response: https://corestream.siteyaptim.live//aspor/tracks-v1a1/mono.m3u8 200 
2026-08-17 20:57:08,104 [INFO] Capturing request: https://global.siteyaptim.live/aspor/tracks-v1a1/2026/08/17/20/57/13-10000.jpg
2026-08-17 20:57:08,655 [INFO] Capturing response: https://global.siteyaptim.live/aspor/tracks-v1a1/2026/08/17/20/57/13-10000.jpg 200 
2026-08-17 20:57:08,951 [INFO] Capturing request: https://global.siteyaptim.live/aspor/tracks-v1a1/2026/08/17/20/57/23-10000.jpg
2026-08-17 20:57:09,527 [INFO] Capturing response: https://global.siteyaptim.live/aspor/tracks-v1a1/2026/08/17/20/57/23-10000.jpg 200 
2026-08-17 20:57:09,833 [INFO] Capturing request: https://global.siteyaptim.live/aspor/tracks-v1a1/2026/08/17/20/57/33-10000.jpg
2026-08-17 20:57:10,352 [INFO]   ✅ M3U8 bulundu: https://corestream.siteyaptim.live//aspor/tracks-v1a1/mono.m3u8
2026-08-17 20:57:10,462 [INFO] Capturing response: https://global.siteyaptim.live/aspor/tracks-v1a1/2026/08/17/20/57/33-10000.jpg 200 
2026-08-17 20:57:11,353 [INFO] 
[11/14]
2026-08-17 20:57:11,353 [INFO] 🔍 Tivibu Spor 1 → https://www.atomsportv512.top/matches?id=tivibu-spor-1
2026-08-17 20:57:11,464 [INFO] Capturing request: https://www.atomsportv512.top/matches?id=tivibu-spor-1
2026-08-17 20:57:11,726 [INFO] Capturing response: https://www.atomsportv512.top/matches?id=tivibu-spor-1 200 
2026-08-17 20:57:11,861 [INFO] Capturing request: https://teletv5.top/load/yayinlink.php?id=tivibu-spor-1
2026-08-17 20:57:11,862 [INFO] Capturing request: https://www.atomsportv512.top/favicon.ico
2026-08-17 20:57:11,903 [INFO] Capturing response: https://www.atomsportv512.top/favicon.ico 200 
2026-08-17 20:57:12,012 [INFO] Capturing request: https://streamsport365.com/cinema
2026-08-17 20:57:12,080 [INFO] Capturing response: https://teletv5.top/load/yayinlink.php?id=tivibu-spor-1 200 
2026-08-17 20:57:12,368 [INFO] Capturing response: https://streamsport365.com/cinema 200 
2026-08-17 20:57:25,733 [INFO] Capturing request: https://update.googleapis.com/service/update2/json?cup2key=16:_nelQ_8GArJLYJu36ZyH8uB2FiVeEyptWvs0wJacq-M&cup2hreq=d77e9805c3f607bcbdf5f1cb4c98a25a7adf4a5f9d7eae533b182d5efd65b6b3
2026-08-17 20:57:25,770 [INFO] Capturing response: https://update.googleapis.com/service/update2/json?cup2key=16:_nelQ_8GArJLYJu36ZyH8uB2FiVeEyptWvs0wJacq-M&cup2hreq=d77e9805c3f607bcbdf5f1cb4c98a25a7adf4a5f9d7eae533b182d5efd65b6b3 200 
2026-08-17 20:57:25,777 [INFO] Capturing request: http://edgedl.me.gvt1.com/edgedl/diffgen-puffin/gcmjkmgdlgnkkcocmoeiminaijmmjnii/6ca5bdb9f3e2cd83b7e359729bc6c33c4fe975ec499861d969b3e080320849ff
2026-08-17 20:57:25,790 [INFO] Capturing response: http://edgedl.me.gvt1.com/edgedl/diffgen-puffin/gcmjkmgdlgnkkcocmoeiminaijmmjnii/6ca5bdb9f3e2cd83b7e359729bc6c33c4fe975ec499861d969b3e080320849ff 200 OK
2026-08-17 20:57:25,817 [INFO] Capturing request: https://update.googleapis.com/service/update2/json
2026-08-17 20:57:25,843 [INFO] Capturing response: https://update.googleapis.com/service/update2/json 200 
2026-08-17 20:57:25,889 [INFO] Capturing request: http://edgedl.me.gvt1.com/edgedl/release2/chrome_component/ahbupgck4emcpzksar35vw2vry_10721/hfnkpimlhhgieaddgfemjhofmfblmnib_10721_all_pt6pg25z4wnzzqbb3wfwtjumra.crx3
2026-08-17 20:57:25,906 [INFO] Capturing response: http://edgedl.me.gvt1.com/edgedl/release2/chrome_component/ahbupgck4emcpzksar35vw2vry_10721/hfnkpimlhhgieaddgfemjhofmfblmnib_10721_all_pt6pg25z4wnzzqbb3wfwtjumra.crx3 200 OK
2026-08-17 20:57:25,938 [INFO] Capturing request: https://update.googleapis.com/service/update2/json
2026-08-17 20:57:25,963 [INFO] Capturing response: https://update.googleapis.com/service/update2/json 200 
2026-08-17 20:57:45,059 [WARNING]   ❌ Tivibu Spor 1 için M3U8 bulunamadı
2026-08-17 20:57:46,059 [INFO] 
[12/14]
2026-08-17 20:57:46,059 [INFO] 🔍 Tivibu Spor 2 → https://www.atomsportv512.top/matches?id=tivibu-spor-2
2026-08-17 20:57:46,209 [INFO] Capturing request: https://www.atomsportv512.top/matches?id=tivibu-spor-2
2026-08-17 20:57:46,669 [INFO] Capturing response: https://www.atomsportv512.top/matches?id=tivibu-spor-2 200 
2026-08-17 20:57:46,838 [INFO] Capturing request: https://www.atomsportv512.top/favicon.ico
2026-08-17 20:57:46,871 [INFO] Capturing request: https://teletv5.top/load/yayinlink.php?id=tivibu-spor-2
2026-08-17 20:57:46,881 [INFO] Capturing response: https://www.atomsportv512.top/favicon.ico 200 
2026-08-17 20:57:47,326 [INFO] Capturing response: https://teletv5.top/load/yayinlink.php?id=tivibu-spor-2 200 
2026-08-17 20:57:47,464 [INFO] Capturing request: https://streamsport365.com/cinema
2026-08-17 20:57:47,813 [INFO] Capturing response: https://streamsport365.com/cinema 200 
2026-08-17 20:57:49,975 [INFO] Capturing request: https://android.clients.google.com/c2dm/register3
2026-08-17 20:57:50,035 [INFO] Capturing response: https://android.clients.google.com/c2dm/register3 301 
2026-08-17 20:58:19,996 [WARNING]   ❌ Tivibu Spor 2 için M3U8 bulunamadı
2026-08-17 20:58:20,996 [INFO] 
[13/14]
2026-08-17 20:58:20,997 [INFO] 🔍 Tivibu Spor 3 → https://www.atomsportv512.top/matches?id=tivibu-spor-3
2026-08-17 20:58:21,106 [INFO] Capturing request: https://www.atomsportv512.top/matches?id=tivibu-spor-3
2026-08-17 20:58:21,582 [INFO] Capturing response: https://www.atomsportv512.top/matches?id=tivibu-spor-3 200 
2026-08-17 20:58:21,716 [INFO] Capturing request: https://teletv5.top/load/yayinlink.php?id=tivibu-spor-3
2026-08-17 20:58:21,719 [INFO] Capturing request: https://www.atomsportv512.top/favicon.ico
2026-08-17 20:58:21,772 [INFO] Capturing response: https://www.atomsportv512.top/favicon.ico 200 
2026-08-17 20:58:21,901 [INFO] Capturing request: https://streamsport365.com/cinema
2026-08-17 20:58:21,941 [INFO] Capturing response: https://teletv5.top/load/yayinlink.php?id=tivibu-spor-3 200 
2026-08-17 20:58:22,258 [INFO] Capturing response: https://streamsport365.com/cinema 200 
2026-08-17 20:58:54,875 [WARNING]   ❌ Tivibu Spor 3 için M3U8 bulunamadı
2026-08-17 20:58:55,876 [INFO] 
[14/14]
2026-08-17 20:58:55,876 [INFO] 🔍 Tivibu Spor 4 → https://www.atomsportv512.top/matches?id=tivibu-spor-4
2026-08-17 20:58:55,986 [INFO] Capturing request: https://www.atomsportv512.top/matches?id=tivibu-spor-4
2026-08-17 20:58:56,466 [INFO] Capturing response: https://www.atomsportv512.top/matches?id=tivibu-spor-4 200 
2026-08-17 20:58:56,603 [INFO] Capturing request: https://teletv5.top/load/yayinlink.php?id=tivibu-spor-4
2026-08-17 20:58:56,607 [INFO] Capturing request: https://www.atomsportv512.top/favicon.ico
2026-08-17 20:58:56,662 [INFO] Capturing response: https://www.atomsportv512.top/favicon.ico 200 
2026-08-17 20:58:56,755 [INFO] Capturing request: https://streamsport365.com/cinema
2026-08-17 20:58:56,838 [INFO] Capturing response: https://teletv5.top/load/yayinlink.php?id=tivibu-spor-4 200 
2026-08-17 20:58:57,210 [INFO] Capturing response: https://streamsport365.com/cinema 200 
2026-08-17 20:59:24,787 [INFO] Capturing request: https://android.clients.google.com/c2dm/register3
2026-08-17 20:59:24,847 [INFO] Capturing response: https://android.clients.google.com/c2dm/register3 301 
2026-08-17 20:59:29,761 [WARNING]   ❌ Tivibu Spor 4 için M3U8 bulunamadı
2026-08-17 20:59:30,831 [INFO] ✅ 10 kanal bulundu, playlist.m3u kaydedildi
