2026-08-24 15:40:26,670 [INFO] 🌐 BASE_URL: https://www.atomsportv513.top
2026-08-24 15:40:27,508 [INFO] Başlanıyor... 14 kanal taranacak
2026-08-24 15:40:27,508 [INFO] Using default request storage
2026-08-24 15:40:27,513 [INFO] Created proxy listening on 127.0.0.1:44025
2026-08-24 15:40:28,191 [INFO] Capturing request: http://clients2.google.com/time/1/current?cup2key=10:z1ffyq7YhPTmonObfw4lR2Op6nXAKPVpsZMVKDMYfn8&cup2hreq=e3b0c44298fc1c149afbf4c8996fb92427ae41e4649b934ca495991b7852b855
2026-08-24 15:40:28,236 [INFO] Capturing response: http://clients2.google.com/time/1/current?cup2key=10:z1ffyq7YhPTmonObfw4lR2Op6nXAKPVpsZMVKDMYfn8&cup2hreq=e3b0c44298fc1c149afbf4c8996fb92427ae41e4649b934ca495991b7852b855 200 OK
2026-08-24 15:40:28,466 [INFO] 
[1/14]
2026-08-24 15:40:28,466 [INFO] 🔍 beIN Sports 1 → https://www.atomsportv513.top/matches?id=bein-sports-1
2026-08-24 15:40:28,550 [INFO] Capturing request: https://accounts.google.com/ListAccounts?gpsia=1&source=ChromiumBrowser&json=standard&laf=b64bin
2026-08-24 15:40:28,552 [INFO] Capturing request: https://update.googleapis.com/service/update2/json?cup2key=16:pCXb5jKOg81QTm876s8OTvwfiMYBMW1Lv-3byvx1J_8&cup2hreq=fdf0fba07cf88e56fffe5d725486114778137ebacb9d6822c4be87468ec46fd7
2026-08-24 15:40:28,606 [INFO] Capturing response: https://update.googleapis.com/service/update2/json?cup2key=16:pCXb5jKOg81QTm876s8OTvwfiMYBMW1Lv-3byvx1J_8&cup2hreq=fdf0fba07cf88e56fffe5d725486114778137ebacb9d6822c4be87468ec46fd7 200 
2026-08-24 15:40:28,632 [INFO] Capturing request: https://www.google.com/async/folae?async=_fmt:pb&udm=50&client_locale=en-US&client_country=ZZ
2026-08-24 15:40:28,653 [INFO] Capturing request: https://update.googleapis.com/service/update2/json?cup2key=16:qiPGQYTp1zsF98PH_ZvgkYwG5dilMquz-yE97kNMrdU&cup2hreq=b19e716dd68801e63ea315086168b5ad9b7c9bda76394ae023c76d8e15dececd
2026-08-24 15:40:28,664 [INFO] Capturing response: https://www.google.com/async/folae?async=_fmt:pb&udm=50&client_locale=en-US&client_country=ZZ 200 
2026-08-24 15:40:28,677 [INFO] Capturing response: https://update.googleapis.com/service/update2/json?cup2key=16:qiPGQYTp1zsF98PH_ZvgkYwG5dilMquz-yE97kNMrdU&cup2hreq=b19e716dd68801e63ea315086168b5ad9b7c9bda76394ae023c76d8e15dececd 200 
2026-08-24 15:40:28,680 [INFO] Capturing response: https://accounts.google.com/ListAccounts?gpsia=1&source=ChromiumBrowser&json=standard&laf=b64bin 200 
2026-08-24 15:40:28,717 [INFO] Capturing request: https://www.atomsportv513.top/matches?id=bein-sports-1
2026-08-24 15:40:28,725 [INFO] Capturing request: https://update.googleapis.com/service/update2/json?cup2key=16:0MxaINdGyrL4va22FA_GLFNyV-Ed71-1HMlICCpKX3I&cup2hreq=0a018db6566c84068269dfe1bac3b11053fc84574a5bb10d77d1cda752a9cad4
2026-08-24 15:40:28,749 [INFO] Capturing response: https://update.googleapis.com/service/update2/json?cup2key=16:0MxaINdGyrL4va22FA_GLFNyV-Ed71-1HMlICCpKX3I&cup2hreq=0a018db6566c84068269dfe1bac3b11053fc84574a5bb10d77d1cda752a9cad4 200 
2026-08-24 15:40:29,451 [INFO] Capturing response: https://www.atomsportv513.top/matches?id=bein-sports-1 200 
2026-08-24 15:40:29,667 [INFO] Capturing request: https://cdn.jsdelivr.net/npm/@clappr/player@0.11.16/dist/clappr.min.js
2026-08-24 15:40:29,670 [INFO] Capturing request: https://cdn.jsdelivr.net/npm/@clappr/hlsjs-playback@1.8.3/dist/hlsjs-playback.min.js
2026-08-24 15:40:29,672 [INFO] Capturing request: https://cdn.jsdelivr.net/npm/level-selector/dist/level-selector.min.js
2026-08-24 15:40:29,710 [INFO] Capturing response: https://cdn.jsdelivr.net/npm/level-selector/dist/level-selector.min.js 200 
2026-08-24 15:40:29,739 [INFO] Capturing response: https://cdn.jsdelivr.net/npm/@clappr/player@0.11.16/dist/clappr.min.js 200 
2026-08-24 15:40:29,752 [INFO] Capturing response: https://cdn.jsdelivr.net/npm/@clappr/hlsjs-playback@1.8.3/dist/hlsjs-playback.min.js 200 
2026-08-24 15:40:29,957 [INFO] Capturing request: https://www.atomsportv513.top/favicon.ico
2026-08-24 15:40:30,012 [INFO] Capturing response: https://www.atomsportv513.top/favicon.ico 200 
2026-08-24 15:40:30,053 [INFO] Capturing request: https://teletv5.top/load/yayinlink.php?id=bein-sports-1
2026-08-24 15:40:30,569 [INFO] Capturing response: https://teletv5.top/load/yayinlink.php?id=bein-sports-1 200 
2026-08-24 15:40:30,611 [INFO] Capturing request: https://streamsport365.com/cinema
2026-08-24 15:40:30,979 [INFO] Capturing response: https://streamsport365.com/cinema 200 
2026-08-24 15:40:31,111 [INFO] Capturing request: https://www.atomsportv513.top/assets/img/player/player_logo_6a87a2e2eecc5.png
2026-08-24 15:40:31,175 [INFO] Capturing response: https://www.atomsportv513.top/assets/img/player/player_logo_6a87a2e2eecc5.png 200 
2026-08-24 15:40:31,188 [INFO] Capturing request: https://corestream.siteyaptim.live//beintv/tracks-v1a1/mono.m3u8
2026-08-24 15:40:31,405 [INFO] Capturing response: https://corestream.siteyaptim.live//beintv/tracks-v1a1/mono.m3u8 404 
2026-08-24 15:40:31,710 [INFO] Capturing request: https://android.clients.google.com/checkin
2026-08-24 15:40:31,786 [INFO] Capturing response: https://android.clients.google.com/checkin 200 
2026-08-24 15:40:31,838 [INFO] Capturing request: https://android.clients.google.com/c2dm/register3
2026-08-24 15:40:31,840 [INFO] Capturing request: https://android.clients.google.com/c2dm/register3
2026-08-24 15:40:31,842 [INFO] Capturing request: https://android.clients.google.com/c2dm/register3
2026-08-24 15:40:31,867 [INFO] Capturing response: https://android.clients.google.com/c2dm/register3 429 
2026-08-24 15:40:32,636 [INFO] Capturing response: https://android.clients.google.com/c2dm/register3 200 
2026-08-24 15:40:32,667 [INFO] Capturing response: https://android.clients.google.com/c2dm/register3 200 
2026-08-24 15:40:32,875 [INFO]   ✅ M3U8 bulundu: https://corestream.siteyaptim.live//beintv/tracks-v1a1/mono.m3u8
2026-08-24 15:40:33,570 [INFO] Capturing request: https://corestream.siteyaptim.live//beintv/tracks-v1a1/mono.m3u8
2026-08-24 15:40:33,757 [INFO] Capturing response: https://corestream.siteyaptim.live//beintv/tracks-v1a1/mono.m3u8 404 
2026-08-24 15:40:33,875 [INFO] 
[2/14]
2026-08-24 15:40:33,876 [INFO] 🔍 beIN Sports 2 → https://www.atomsportv513.top/matches?id=bein-sports-2
2026-08-24 15:40:33,985 [INFO] Capturing request: https://www.atomsportv513.top/matches?id=bein-sports-2
2026-08-24 15:40:34,408 [INFO] Capturing response: https://www.atomsportv513.top/matches?id=bein-sports-2 200 
2026-08-24 15:40:34,456 [INFO] Capturing request: https://streamsport365.com/cinema
2026-08-24 15:40:34,554 [INFO] Capturing request: https://teletv5.top/load/yayinlink.php?id=bein-sports-2
2026-08-24 15:40:34,558 [INFO] Capturing request: https://www.atomsportv513.top/favicon.ico
2026-08-24 15:40:34,609 [INFO] Capturing response: https://www.atomsportv513.top/favicon.ico 200 
2026-08-24 15:40:34,845 [INFO] Capturing response: https://streamsport365.com/cinema 200 
2026-08-24 15:40:34,996 [INFO] Capturing response: https://teletv5.top/load/yayinlink.php?id=bein-sports-2 200 
2026-08-24 15:40:35,109 [INFO] Capturing request: https://www.atomsportv513.top/assets/img/player/player_logo_6a87a2e2eecc5.png
2026-08-24 15:40:35,119 [INFO] Capturing request: https://corestream.siteyaptim.live//bein2/tracks-v1a1/mono.m3u8
2026-08-24 15:40:35,233 [INFO] Capturing response: https://www.atomsportv513.top/assets/img/player/player_logo_6a87a2e2eecc5.png 304 
2026-08-24 15:40:35,320 [INFO] Capturing response: https://corestream.siteyaptim.live//bein2/tracks-v1a1/mono.m3u8 404 
2026-08-24 15:40:37,438 [INFO] Capturing request: https://corestream.siteyaptim.live//bein2/tracks-v1a1/mono.m3u8
2026-08-24 15:40:37,470 [INFO]   ✅ M3U8 bulundu: https://corestream.siteyaptim.live//bein2/tracks-v1a1/mono.m3u8
2026-08-24 15:40:37,637 [INFO] Capturing response: https://corestream.siteyaptim.live//bein2/tracks-v1a1/mono.m3u8 404 
2026-08-24 15:40:38,470 [INFO] 
[3/14]
2026-08-24 15:40:38,471 [INFO] 🔍 beIN Sports 3 → https://www.atomsportv513.top/matches?id=bein-sports-3
2026-08-24 15:40:38,579 [INFO] Capturing request: https://www.atomsportv513.top/matches?id=bein-sports-3
2026-08-24 15:40:38,862 [INFO] Capturing response: https://www.atomsportv513.top/matches?id=bein-sports-3 200 
2026-08-24 15:40:38,993 [INFO] Capturing request: https://www.atomsportv513.top/favicon.ico
2026-08-24 15:40:38,994 [INFO] Capturing request: https://teletv5.top/load/yayinlink.php?id=bein-sports-3
2026-08-24 15:40:39,037 [INFO] Capturing response: https://www.atomsportv513.top/favicon.ico 200 
2026-08-24 15:40:39,159 [INFO] Capturing request: https://streamsport365.com/cinema
2026-08-24 15:40:39,236 [INFO] Capturing response: https://teletv5.top/load/yayinlink.php?id=bein-sports-3 200 
2026-08-24 15:40:39,538 [INFO] Capturing response: https://streamsport365.com/cinema 200 
2026-08-24 15:40:39,648 [INFO] Capturing request: https://www.atomsportv513.top/assets/img/player/player_logo_6a87a2e2eecc5.png
2026-08-24 15:40:39,661 [INFO] Capturing request: https://corestream.siteyaptim.live//bein3/tracks-v1a1/mono.m3u8
2026-08-24 15:40:39,773 [INFO] Capturing response: https://www.atomsportv513.top/assets/img/player/player_logo_6a87a2e2eecc5.png 304 
2026-08-24 15:40:39,855 [INFO] Capturing response: https://corestream.siteyaptim.live//bein3/tracks-v1a1/mono.m3u8 200 
2026-08-24 15:40:40,078 [INFO] Capturing request: https://global.siteyaptim.live/bein3/tracks-v1a1/2026/08/24/15/40/13-10000.jpg
2026-08-24 15:40:40,684 [INFO] Capturing response: https://global.siteyaptim.live/bein3/tracks-v1a1/2026/08/24/15/40/13-10000.jpg 200 
2026-08-24 15:40:40,938 [INFO] Capturing request: https://global.siteyaptim.live/bein3/tracks-v1a1/2026/08/24/15/40/23-10000.jpg
2026-08-24 15:40:41,519 [INFO] Capturing response: https://global.siteyaptim.live/bein3/tracks-v1a1/2026/08/24/15/40/23-10000.jpg 200 
2026-08-24 15:40:41,711 [INFO] Capturing request: https://global.siteyaptim.live/bein3/tracks-v1a1/2026/08/24/15/40/33-10000.jpg
2026-08-24 15:40:41,928 [INFO]   ✅ M3U8 bulundu: https://corestream.siteyaptim.live//bein3/tracks-v1a1/mono.m3u8
2026-08-24 15:40:42,260 [INFO] Capturing response: https://global.siteyaptim.live/bein3/tracks-v1a1/2026/08/24/15/40/33-10000.jpg 200 
2026-08-24 15:40:42,929 [INFO] 
[4/14]
2026-08-24 15:40:42,929 [INFO] 🔍 beIN Sports 4 → https://www.atomsportv513.top/matches?id=bein-sports-4
2026-08-24 15:40:43,039 [INFO] Capturing request: https://www.atomsportv513.top/matches?id=bein-sports-4
2026-08-24 15:40:43,298 [INFO] Capturing response: https://www.atomsportv513.top/matches?id=bein-sports-4 200 
2026-08-24 15:40:43,333 [INFO] Capturing request: https://streamsport365.com/cinema
2026-08-24 15:40:43,434 [INFO] Capturing request: https://teletv5.top/load/yayinlink.php?id=bein-sports-4
2026-08-24 15:40:43,435 [INFO] Capturing request: https://www.atomsportv513.top/favicon.ico
2026-08-24 15:40:43,483 [INFO] Capturing response: https://www.atomsportv513.top/favicon.ico 200 
2026-08-24 15:40:43,657 [INFO] Capturing response: https://teletv5.top/load/yayinlink.php?id=bein-sports-4 200 
2026-08-24 15:40:43,720 [INFO] Capturing response: https://streamsport365.com/cinema 200 
2026-08-24 15:40:43,831 [INFO] Capturing request: https://www.atomsportv513.top/assets/img/player/player_logo_6a87a2e2eecc5.png
2026-08-24 15:40:43,841 [INFO] Capturing request: https://corestream.siteyaptim.live//bein4/tracks-v1a1/mono.m3u8
2026-08-24 15:40:43,957 [INFO] Capturing response: https://www.atomsportv513.top/assets/img/player/player_logo_6a87a2e2eecc5.png 304 
2026-08-24 15:40:44,051 [INFO] Capturing response: https://corestream.siteyaptim.live//bein4/tracks-v1a1/mono.m3u8 200 
2026-08-24 15:40:44,161 [INFO] Capturing request: https://global.siteyaptim.live/bein4/tracks-v1a1/2026/08/24/15/41/38-10000.jpg
2026-08-24 15:40:45,366 [INFO] Capturing response: https://global.siteyaptim.live/bein4/tracks-v1a1/2026/08/24/15/41/38-10000.jpg 200 
2026-08-24 15:40:45,753 [INFO] Capturing request: https://global.siteyaptim.live/bein4/tracks-v1a1/2026/08/24/15/41/48-08400.jpg
2026-08-24 15:40:46,354 [INFO]   ✅ M3U8 bulundu: https://corestream.siteyaptim.live//bein4/tracks-v1a1/mono.m3u8
2026-08-24 15:40:46,790 [INFO] Capturing response: https://global.siteyaptim.live/bein4/tracks-v1a1/2026/08/24/15/41/48-08400.jpg 200 
2026-08-24 15:40:47,108 [INFO] Capturing request: https://global.siteyaptim.live/bein4/tracks-v1a1/2026/08/24/15/41/57-05040.jpg
2026-08-24 15:40:47,355 [INFO] 
[5/14]
2026-08-24 15:40:47,355 [INFO] 🔍 beIN Sports 5 → https://www.atomsportv513.top/matches?id=bein-sports-5
2026-08-24 15:40:47,469 [INFO] Capturing request: https://www.atomsportv513.top/matches?id=bein-sports-5
2026-08-24 15:40:47,726 [INFO] Capturing response: https://www.atomsportv513.top/matches?id=bein-sports-5 200 
2026-08-24 15:40:47,825 [INFO] Capturing response: https://global.siteyaptim.live/bein4/tracks-v1a1/2026/08/24/15/41/57-05040.jpg 200 
2026-08-24 15:40:47,868 [INFO] Capturing request: https://teletv5.top/load/yayinlink.php?id=bein-sports-5
2026-08-24 15:40:47,871 [INFO] Capturing request: https://www.atomsportv513.top/favicon.ico
2026-08-24 15:40:47,918 [INFO] Capturing response: https://www.atomsportv513.top/favicon.ico 200 
2026-08-24 15:40:48,029 [INFO] Capturing request: https://streamsport365.com/cinema
2026-08-24 15:40:48,095 [INFO] Capturing response: https://teletv5.top/load/yayinlink.php?id=bein-sports-5 200 
2026-08-24 15:40:48,414 [INFO] Capturing response: https://streamsport365.com/cinema 200 
2026-08-24 15:40:48,525 [INFO] Capturing request: https://www.atomsportv513.top/assets/img/player/player_logo_6a87a2e2eecc5.png
2026-08-24 15:40:48,536 [INFO] Capturing request: https://corestream.siteyaptim.live//bein5/tracks-v1a1/mono.m3u8
2026-08-24 15:40:48,647 [INFO] Capturing response: https://www.atomsportv513.top/assets/img/player/player_logo_6a87a2e2eecc5.png 304 
2026-08-24 15:40:48,736 [INFO] Capturing response: https://corestream.siteyaptim.live//bein5/tracks-v1a1/mono.m3u8 200 
2026-08-24 15:40:48,885 [INFO] Capturing request: https://global.siteyaptim.live/bein5/tracks-v1a1/2026/08/24/15/41/16-10000.jpg
2026-08-24 15:40:49,672 [INFO] Capturing response: https://global.siteyaptim.live/bein5/tracks-v1a1/2026/08/24/15/41/16-10000.jpg 200 
2026-08-24 15:40:49,950 [INFO] Capturing request: https://global.siteyaptim.live/bein5/tracks-v1a1/2026/08/24/15/41/26-10000.jpg
2026-08-24 15:40:50,670 [INFO] Capturing response: https://global.siteyaptim.live/bein5/tracks-v1a1/2026/08/24/15/41/26-10000.jpg 200 
2026-08-24 15:40:50,783 [INFO]   ✅ M3U8 bulundu: https://corestream.siteyaptim.live//bein5/tracks-v1a1/mono.m3u8
2026-08-24 15:40:50,949 [INFO] Capturing request: https://global.siteyaptim.live/bein5/tracks-v1a1/2026/08/24/15/41/36-10000.jpg
2026-08-24 15:40:51,784 [INFO] 
[6/14]
2026-08-24 15:40:51,784 [INFO] 🔍 beIN Sports Max 1 → https://www.atomsportv513.top/matches?id=bein-sports-max-1
2026-08-24 15:40:51,793 [INFO] Capturing response: https://global.siteyaptim.live/bein5/tracks-v1a1/2026/08/24/15/41/36-10000.jpg 200 
2026-08-24 15:40:51,900 [INFO] Capturing request: https://www.atomsportv513.top/matches?id=bein-sports-max-1
2026-08-24 15:40:52,147 [INFO] Capturing response: https://www.atomsportv513.top/matches?id=bein-sports-max-1 200 
2026-08-24 15:40:52,185 [INFO] Capturing request: https://streamsport365.com/cinema
2026-08-24 15:40:52,284 [INFO] Capturing request: https://teletv5.top/load/yayinlink.php?id=bein-sports-max-1
2026-08-24 15:40:52,284 [INFO] Capturing request: https://www.atomsportv513.top/favicon.ico
2026-08-24 15:40:52,325 [INFO] Capturing response: https://www.atomsportv513.top/favicon.ico 200 
2026-08-24 15:40:52,509 [INFO] Capturing response: https://teletv5.top/load/yayinlink.php?id=bein-sports-max-1 200 
2026-08-24 15:40:52,558 [INFO] Capturing response: https://streamsport365.com/cinema 200 
2026-08-24 15:41:25,456 [WARNING]   ❌ beIN Sports Max 1 için M3U8 bulunamadı
2026-08-24 15:41:26,457 [INFO] 
[7/14]
2026-08-24 15:41:26,457 [INFO] 🔍 beIN Sports Max 2 → https://www.atomsportv513.top/matches?id=bein-sports-max-2
2026-08-24 15:41:26,566 [INFO] Capturing request: https://www.atomsportv513.top/matches?id=bein-sports-max-2
2026-08-24 15:41:27,076 [INFO] Capturing response: https://www.atomsportv513.top/matches?id=bein-sports-max-2 200 
2026-08-24 15:41:27,207 [INFO] Capturing request: https://teletv5.top/load/yayinlink.php?id=bein-sports-max-2
2026-08-24 15:41:27,210 [INFO] Capturing request: https://www.atomsportv513.top/favicon.ico
2026-08-24 15:41:27,271 [INFO] Capturing response: https://www.atomsportv513.top/favicon.ico 200 
2026-08-24 15:41:27,372 [INFO] Capturing request: https://streamsport365.com/cinema
2026-08-24 15:41:27,446 [INFO] Capturing response: https://teletv5.top/load/yayinlink.php?id=bein-sports-max-2 200 
2026-08-24 15:41:27,754 [INFO] Capturing response: https://streamsport365.com/cinema 200 
2026-08-24 15:41:28,191 [INFO] Capturing request: https://update.googleapis.com/service/update2/json?cup2key=16:pCLrb6JmgKbtB14oK7JkVGUPGM2qi0jwPle_cUwUSLg&cup2hreq=dbc47a1bbe8d63983aecdfb09ec86d4c4e7dfd1935fca7f41fb290784912aa55
2026-08-24 15:41:28,217 [INFO] Capturing response: https://update.googleapis.com/service/update2/json?cup2key=16:pCLrb6JmgKbtB14oK7JkVGUPGM2qi0jwPle_cUwUSLg&cup2hreq=dbc47a1bbe8d63983aecdfb09ec86d4c4e7dfd1935fca7f41fb290784912aa55 200 
2026-08-24 15:41:28,224 [INFO] Capturing request: http://edgedl.me.gvt1.com/edgedl/diffgen-puffin/gcmjkmgdlgnkkcocmoeiminaijmmjnii/6ca5bdb9f3e2cd83b7e359729bc6c33c4fe975ec499861d969b3e080320849ff
2026-08-24 15:41:28,248 [INFO] Capturing response: http://edgedl.me.gvt1.com/edgedl/diffgen-puffin/gcmjkmgdlgnkkcocmoeiminaijmmjnii/6ca5bdb9f3e2cd83b7e359729bc6c33c4fe975ec499861d969b3e080320849ff 200 OK
2026-08-24 15:41:28,273 [INFO] Capturing request: https://update.googleapis.com/service/update2/json
2026-08-24 15:41:28,309 [INFO] Capturing response: https://update.googleapis.com/service/update2/json 200 
2026-08-24 15:41:28,353 [INFO] Capturing request: http://edgedl.me.gvt1.com/edgedl/release2/chrome_component/pii3rvjw74jn5qtrx5a2yp2b6a_10733/hfnkpimlhhgieaddgfemjhofmfblmnib_10733_all_ad75arotihys34voy3hmuznew3va.crx3
2026-08-24 15:41:28,389 [INFO] Capturing response: http://edgedl.me.gvt1.com/edgedl/release2/chrome_component/pii3rvjw74jn5qtrx5a2yp2b6a_10733/hfnkpimlhhgieaddgfemjhofmfblmnib_10733_all_ad75arotihys34voy3hmuznew3va.crx3 200 OK
2026-08-24 15:41:28,418 [INFO] Capturing request: https://update.googleapis.com/service/update2/json
2026-08-24 15:41:28,436 [INFO] Capturing response: https://update.googleapis.com/service/update2/json 200 
2026-08-24 15:42:00,379 [WARNING]   ❌ beIN Sports Max 2 için M3U8 bulunamadı
2026-08-24 15:42:01,379 [INFO] 
[8/14]
2026-08-24 15:42:01,379 [INFO] 🔍 S Sport → https://www.atomsportv513.top/matches?id=s-sport
2026-08-24 15:42:01,531 [INFO] Capturing request: https://www.atomsportv513.top/matches?id=s-sport
2026-08-24 15:42:02,129 [INFO] Capturing response: https://www.atomsportv513.top/matches?id=s-sport 200 
2026-08-24 15:42:02,292 [INFO] Capturing request: https://www.atomsportv513.top/favicon.ico
2026-08-24 15:42:02,341 [INFO] Capturing request: https://teletv5.top/load/yayinlink.php?id=s-sport
2026-08-24 15:42:02,355 [INFO] Capturing response: https://www.atomsportv513.top/favicon.ico 200 
2026-08-24 15:42:02,831 [INFO] Capturing response: https://teletv5.top/load/yayinlink.php?id=s-sport 200 
2026-08-24 15:42:02,924 [INFO] Capturing request: https://streamsport365.com/cinema
2026-08-24 15:42:03,302 [INFO] Capturing response: https://streamsport365.com/cinema 200 
2026-08-24 15:42:03,415 [INFO] Capturing request: https://www.atomsportv513.top/assets/img/player/player_logo_6a87a2e2eecc5.png
2026-08-24 15:42:03,466 [INFO] Capturing request: https://corestream.siteyaptim.live//s-sport/tracks-v1a1/mono.m3u8
2026-08-24 15:42:03,553 [INFO] Capturing response: https://www.atomsportv513.top/assets/img/player/player_logo_6a87a2e2eecc5.png 304 
2026-08-24 15:42:03,665 [INFO] Capturing response: https://corestream.siteyaptim.live//s-sport/tracks-v1a1/mono.m3u8 200 
2026-08-24 15:42:03,858 [INFO] Capturing request: https://global.siteyaptim.live/s-sport/tracks-v1a1/2026/08/24/15/42/27-05000.jpg
2026-08-24 15:42:04,506 [INFO] Capturing response: https://global.siteyaptim.live/s-sport/tracks-v1a1/2026/08/24/15/42/27-05000.jpg 200 
2026-08-24 15:42:04,765 [INFO] Capturing request: https://global.siteyaptim.live/s-sport/tracks-v1a1/2026/08/24/15/42/32-05000.jpg
2026-08-24 15:42:05,203 [INFO]   ✅ M3U8 bulundu: https://corestream.siteyaptim.live//s-sport/tracks-v1a1/mono.m3u8
2026-08-24 15:42:05,394 [INFO] Capturing response: https://global.siteyaptim.live/s-sport/tracks-v1a1/2026/08/24/15/42/32-05000.jpg 200 
2026-08-24 15:42:05,645 [INFO] Capturing request: https://global.siteyaptim.live/s-sport/tracks-v1a1/2026/08/24/15/42/37-05000.jpg
2026-08-24 15:42:06,203 [INFO] 
[9/14]
2026-08-24 15:42:06,204 [INFO] 🔍 S Sport 2 → https://www.atomsportv513.top/matches?id=s-sport-2
2026-08-24 15:42:06,256 [INFO] Capturing response: https://global.siteyaptim.live/s-sport/tracks-v1a1/2026/08/24/15/42/37-05000.jpg 200 
2026-08-24 15:42:06,322 [INFO] Capturing request: https://www.atomsportv513.top/matches?id=s-sport-2
2026-08-24 15:42:06,565 [INFO] Capturing response: https://www.atomsportv513.top/matches?id=s-sport-2 200 
2026-08-24 15:42:06,592 [INFO] Capturing request: https://streamsport365.com/cinema
2026-08-24 15:42:06,697 [INFO] Capturing request: https://teletv5.top/load/yayinlink.php?id=s-sport-2
2026-08-24 15:42:06,699 [INFO] Capturing request: https://www.atomsportv513.top/favicon.ico
2026-08-24 15:42:06,758 [INFO] Capturing response: https://www.atomsportv513.top/favicon.ico 200 
2026-08-24 15:42:06,966 [INFO] Capturing response: https://streamsport365.com/cinema 200 
2026-08-24 15:42:07,094 [INFO] Capturing response: https://teletv5.top/load/yayinlink.php?id=s-sport-2 200 
2026-08-24 15:42:07,205 [INFO] Capturing request: https://www.atomsportv513.top/assets/img/player/player_logo_6a87a2e2eecc5.png
2026-08-24 15:42:07,215 [INFO] Capturing request: https://corestream.siteyaptim.live//s-sport2/tracks-v1a1/mono.m3u8
2026-08-24 15:42:07,330 [INFO] Capturing response: https://www.atomsportv513.top/assets/img/player/player_logo_6a87a2e2eecc5.png 304 
2026-08-24 15:42:07,397 [INFO] Capturing response: https://corestream.siteyaptim.live//s-sport2/tracks-v1a1/mono.m3u8 200 
2026-08-24 15:42:07,507 [INFO] Capturing request: https://global.siteyaptim.live/s-sport2/tracks-v1a1/2026/08/24/15/42/08-05000.jpg
2026-08-24 15:42:08,148 [INFO] Capturing response: https://global.siteyaptim.live/s-sport2/tracks-v1a1/2026/08/24/15/42/08-05000.jpg 200 
2026-08-24 15:42:08,376 [INFO] Capturing request: https://global.siteyaptim.live/s-sport2/tracks-v1a1/2026/08/24/15/42/13-05000.jpg
2026-08-24 15:42:09,063 [INFO] Capturing response: https://global.siteyaptim.live/s-sport2/tracks-v1a1/2026/08/24/15/42/13-05000.jpg 200 
2026-08-24 15:42:09,285 [INFO] Capturing request: https://global.siteyaptim.live/s-sport2/tracks-v1a1/2026/08/24/15/42/18-05000.jpg
2026-08-24 15:42:09,618 [INFO]   ✅ M3U8 bulundu: https://corestream.siteyaptim.live//s-sport2/tracks-v1a1/mono.m3u8
2026-08-24 15:42:09,969 [INFO] Capturing response: https://global.siteyaptim.live/s-sport2/tracks-v1a1/2026/08/24/15/42/18-05000.jpg 200 
2026-08-24 15:42:10,618 [INFO] 
[10/14]
2026-08-24 15:42:10,618 [INFO] 🔍 A Spor → https://www.atomsportv513.top/matches?id=a-spor
2026-08-24 15:42:10,729 [INFO] Capturing request: https://www.atomsportv513.top/matches?id=a-spor
2026-08-24 15:42:10,981 [INFO] Capturing response: https://www.atomsportv513.top/matches?id=a-spor 200 
2026-08-24 15:42:11,109 [INFO] Capturing request: https://teletv5.top/load/yayinlink.php?id=a-spor
2026-08-24 15:42:11,114 [INFO] Capturing request: https://www.atomsportv513.top/favicon.ico
2026-08-24 15:42:11,164 [INFO] Capturing response: https://www.atomsportv513.top/favicon.ico 200 
2026-08-24 15:42:11,273 [INFO] Capturing request: https://streamsport365.com/cinema
2026-08-24 15:42:11,326 [INFO] Capturing response: https://teletv5.top/load/yayinlink.php?id=a-spor 200 
2026-08-24 15:42:11,649 [INFO] Capturing response: https://streamsport365.com/cinema 200 
2026-08-24 15:42:11,759 [INFO] Capturing request: https://www.atomsportv513.top/assets/img/player/player_logo_6a87a2e2eecc5.png
2026-08-24 15:42:11,768 [INFO] Capturing request: https://corestream.siteyaptim.live//aspor/tracks-v1a1/mono.m3u8
2026-08-24 15:42:11,883 [INFO] Capturing response: https://www.atomsportv513.top/assets/img/player/player_logo_6a87a2e2eecc5.png 304 
2026-08-24 15:42:11,963 [INFO] Capturing response: https://corestream.siteyaptim.live//aspor/tracks-v1a1/mono.m3u8 404 
2026-08-24 15:42:14,026 [INFO]   ✅ M3U8 bulundu: https://corestream.siteyaptim.live//aspor/tracks-v1a1/mono.m3u8
2026-08-24 15:42:14,081 [INFO] Capturing request: https://corestream.siteyaptim.live//aspor/tracks-v1a1/mono.m3u8
2026-08-24 15:42:14,264 [INFO] Capturing response: https://corestream.siteyaptim.live//aspor/tracks-v1a1/mono.m3u8 404 
2026-08-24 15:42:15,026 [INFO] 
[11/14]
2026-08-24 15:42:15,026 [INFO] 🔍 Tivibu Spor 1 → https://www.atomsportv513.top/matches?id=tivibu-spor-1
2026-08-24 15:42:15,135 [INFO] Capturing request: https://www.atomsportv513.top/matches?id=tivibu-spor-1
2026-08-24 15:42:15,390 [INFO] Capturing response: https://www.atomsportv513.top/matches?id=tivibu-spor-1 200 
2026-08-24 15:42:15,424 [INFO] Capturing request: https://streamsport365.com/cinema
2026-08-24 15:42:15,523 [INFO] Capturing request: https://teletv5.top/load/yayinlink.php?id=tivibu-spor-1
2026-08-24 15:42:15,524 [INFO] Capturing request: https://www.atomsportv513.top/favicon.ico
2026-08-24 15:42:15,581 [INFO] Capturing response: https://www.atomsportv513.top/favicon.ico 200 
2026-08-24 15:42:15,754 [INFO] Capturing response: https://teletv5.top/load/yayinlink.php?id=tivibu-spor-1 200 
2026-08-24 15:42:15,798 [INFO] Capturing response: https://streamsport365.com/cinema 200 
2026-08-24 15:42:48,668 [WARNING]   ❌ Tivibu Spor 1 için M3U8 bulunamadı
2026-08-24 15:42:49,668 [INFO] 
[12/14]
2026-08-24 15:42:49,668 [INFO] 🔍 Tivibu Spor 2 → https://www.atomsportv513.top/matches?id=tivibu-spor-2
2026-08-24 15:42:49,777 [INFO] Capturing request: https://www.atomsportv513.top/matches?id=tivibu-spor-2
2026-08-24 15:42:50,214 [INFO] Capturing response: https://www.atomsportv513.top/matches?id=tivibu-spor-2 200 
2026-08-24 15:42:50,344 [INFO] Capturing request: https://teletv5.top/load/yayinlink.php?id=tivibu-spor-2
2026-08-24 15:42:50,348 [INFO] Capturing request: https://www.atomsportv513.top/favicon.ico
2026-08-24 15:42:50,422 [INFO] Capturing response: https://www.atomsportv513.top/favicon.ico 200 
2026-08-24 15:42:50,509 [INFO] Capturing request: https://streamsport365.com/cinema
2026-08-24 15:42:50,595 [INFO] Capturing response: https://teletv5.top/load/yayinlink.php?id=tivibu-spor-2 200 
2026-08-24 15:42:50,883 [INFO] Capturing response: https://streamsport365.com/cinema 200 
2026-08-24 15:43:23,491 [WARNING]   ❌ Tivibu Spor 2 için M3U8 bulunamadı
2026-08-24 15:43:24,491 [INFO] 
[13/14]
2026-08-24 15:43:24,491 [INFO] 🔍 Tivibu Spor 3 → https://www.atomsportv513.top/matches?id=tivibu-spor-3
2026-08-24 15:43:24,600 [INFO] Capturing request: https://www.atomsportv513.top/matches?id=tivibu-spor-3
2026-08-24 15:43:25,059 [INFO] Capturing response: https://www.atomsportv513.top/matches?id=tivibu-spor-3 200 
2026-08-24 15:43:25,196 [INFO] Capturing request: https://www.atomsportv513.top/favicon.ico
2026-08-24 15:43:25,197 [INFO] Capturing request: https://teletv5.top/load/yayinlink.php?id=tivibu-spor-3
2026-08-24 15:43:25,246 [INFO] Capturing response: https://www.atomsportv513.top/favicon.ico 200 
2026-08-24 15:43:25,358 [INFO] Capturing request: https://streamsport365.com/cinema
2026-08-24 15:43:25,435 [INFO] Capturing response: https://teletv5.top/load/yayinlink.php?id=tivibu-spor-3 200 
2026-08-24 15:43:25,734 [INFO] Capturing response: https://streamsport365.com/cinema 200 
2026-08-24 15:43:58,338 [WARNING]   ❌ Tivibu Spor 3 için M3U8 bulunamadı
2026-08-24 15:43:59,339 [INFO] 
[14/14]
2026-08-24 15:43:59,339 [INFO] 🔍 Tivibu Spor 4 → https://www.atomsportv513.top/matches?id=tivibu-spor-4
2026-08-24 15:43:59,447 [INFO] Capturing request: https://www.atomsportv513.top/matches?id=tivibu-spor-4
2026-08-24 15:44:00,004 [INFO] Capturing response: https://www.atomsportv513.top/matches?id=tivibu-spor-4 200 
2026-08-24 15:44:00,142 [INFO] Capturing request: https://teletv5.top/load/yayinlink.php?id=tivibu-spor-4
2026-08-24 15:44:00,144 [INFO] Capturing request: https://www.atomsportv513.top/favicon.ico
2026-08-24 15:44:00,196 [INFO] Capturing response: https://www.atomsportv513.top/favicon.ico 200 
2026-08-24 15:44:00,300 [INFO] Capturing request: https://streamsport365.com/cinema
2026-08-24 15:44:00,391 [INFO] Capturing response: https://teletv5.top/load/yayinlink.php?id=tivibu-spor-4 200 
2026-08-24 15:44:00,680 [INFO] Capturing response: https://streamsport365.com/cinema 200 
2026-08-24 15:44:33,284 [WARNING]   ❌ Tivibu Spor 4 için M3U8 bulunamadı
2026-08-24 15:44:34,351 [INFO] ✅ 8 kanal bulundu, playlist.m3u kaydedildi
