2026-08-18 14:35:00,097 [INFO] 🌐 BASE_URL: https://www.atomsportv512.top
2026-08-18 14:35:01,157 [INFO] Başlanıyor... 14 kanal taranacak
2026-08-18 14:35:01,157 [INFO] Using default request storage
2026-08-18 14:35:01,162 [INFO] Created proxy listening on 127.0.0.1:46123
2026-08-18 14:35:01,832 [INFO] Capturing request: http://clients2.google.com/time/1/current?cup2key=10:VDzjimVsBIk-9mw7ktBUUthJcWLYTuF5AR9_fi_xEGY&cup2hreq=e3b0c44298fc1c149afbf4c8996fb92427ae41e4649b934ca495991b7852b855
2026-08-18 14:35:01,902 [INFO] Capturing response: http://clients2.google.com/time/1/current?cup2key=10:VDzjimVsBIk-9mw7ktBUUthJcWLYTuF5AR9_fi_xEGY&cup2hreq=e3b0c44298fc1c149afbf4c8996fb92427ae41e4649b934ca495991b7852b855 200 OK
2026-08-18 14:35:02,076 [INFO] 
[1/14]
2026-08-18 14:35:02,076 [INFO] 🔍 beIN Sports 1 → https://www.atomsportv512.top/matches?id=bein-sports-1
2026-08-18 14:35:02,172 [INFO] Capturing request: https://accounts.google.com/ListAccounts?gpsia=1&source=ChromiumBrowser&json=standard&laf=b64bin
2026-08-18 14:35:02,174 [INFO] Capturing request: https://update.googleapis.com/service/update2/json?cup2key=16:fI5Qly1Rf1JSuE_wsxTiarHSPE2NrjhqhRZH1l6eNyA&cup2hreq=8e1544e6c37b65078377226df15b2525a5663762dc6339dfb5158f9f40f1c461
2026-08-18 14:35:02,287 [INFO] Capturing response: https://accounts.google.com/ListAccounts?gpsia=1&source=ChromiumBrowser&json=standard&laf=b64bin 200 
2026-08-18 14:35:02,289 [INFO] Capturing request: https://www.google.com/async/folae?async=_fmt:pb&udm=50&client_locale=en-US&client_country=ZZ
2026-08-18 14:35:02,302 [INFO] Capturing request: https://www.atomsportv512.top/matches?id=bein-sports-1
2026-08-18 14:35:02,327 [INFO] Capturing response: https://www.google.com/async/folae?async=_fmt:pb&udm=50&client_locale=en-US&client_country=ZZ 200 
2026-08-18 14:35:02,337 [INFO] Capturing response: https://update.googleapis.com/service/update2/json?cup2key=16:fI5Qly1Rf1JSuE_wsxTiarHSPE2NrjhqhRZH1l6eNyA&cup2hreq=8e1544e6c37b65078377226df15b2525a5663762dc6339dfb5158f9f40f1c461 200 
2026-08-18 14:35:02,383 [INFO] Capturing request: https://update.googleapis.com/service/update2/json?cup2key=16:rw_bEKorBPtSjePIaLkNJ904LeqhsaOw1yAEGLeLpEs&cup2hreq=b9d4c9adcd3fecb6caed515964bae81d3e2328449b4a899571b5c946af4843c3
2026-08-18 14:35:02,443 [INFO] Capturing response: https://update.googleapis.com/service/update2/json?cup2key=16:rw_bEKorBPtSjePIaLkNJ904LeqhsaOw1yAEGLeLpEs&cup2hreq=b9d4c9adcd3fecb6caed515964bae81d3e2328449b4a899571b5c946af4843c3 200 
2026-08-18 14:35:02,490 [INFO] Capturing request: https://update.googleapis.com/service/update2/json?cup2key=16:drHrqM6MsXGucojcVMGE8NfEJwxFqPLXa5SM8wpfs9I&cup2hreq=3a36d52d89d5f6708ecd0a7b6906d8b62a1df837e7e90063e631127a8c6c70a6
2026-08-18 14:35:02,534 [INFO] Capturing request: https://www.google.com/async/folae?async=_fmt:pb&udm=50&client_locale=en-US&client_country=ZZ
2026-08-18 14:35:02,549 [INFO] Capturing response: https://update.googleapis.com/service/update2/json?cup2key=16:drHrqM6MsXGucojcVMGE8NfEJwxFqPLXa5SM8wpfs9I&cup2hreq=3a36d52d89d5f6708ecd0a7b6906d8b62a1df837e7e90063e631127a8c6c70a6 200 
2026-08-18 14:35:02,569 [INFO] Capturing response: https://www.google.com/async/folae?async=_fmt:pb&udm=50&client_locale=en-US&client_country=ZZ 200 
2026-08-18 14:35:02,586 [INFO] Capturing response: https://www.atomsportv512.top/matches?id=bein-sports-1 200 
2026-08-18 14:35:02,829 [INFO] Capturing request: https://cdn.jsdelivr.net/npm/level-selector/dist/level-selector.min.js
2026-08-18 14:35:02,830 [INFO] Capturing request: https://cdn.jsdelivr.net/npm/@clappr/player@0.11.16/dist/clappr.min.js
2026-08-18 14:35:02,831 [INFO] Capturing request: https://cdn.jsdelivr.net/npm/@clappr/hlsjs-playback@1.8.3/dist/hlsjs-playback.min.js
2026-08-18 14:35:02,866 [INFO] Capturing response: https://cdn.jsdelivr.net/npm/level-selector/dist/level-selector.min.js 200 
2026-08-18 14:35:03,043 [INFO] Capturing response: https://cdn.jsdelivr.net/npm/@clappr/player@0.11.16/dist/clappr.min.js 200 
2026-08-18 14:35:03,060 [INFO] Capturing response: https://cdn.jsdelivr.net/npm/@clappr/hlsjs-playback@1.8.3/dist/hlsjs-playback.min.js 200 
2026-08-18 14:35:03,253 [INFO] Capturing request: https://www.atomsportv512.top/favicon.ico
2026-08-18 14:35:03,348 [INFO] Capturing response: https://www.atomsportv512.top/favicon.ico 200 
2026-08-18 14:35:03,400 [INFO] Capturing request: https://teletv5.top/load/yayinlink.php?id=bein-sports-1
2026-08-18 14:35:03,822 [INFO] Capturing request: https://streamsport365.com/cinema
2026-08-18 14:35:03,856 [INFO] Capturing response: https://teletv5.top/load/yayinlink.php?id=bein-sports-1 200 
2026-08-18 14:35:04,138 [INFO] Capturing response: https://streamsport365.com/cinema 200 
2026-08-18 14:35:04,269 [INFO] Capturing request: https://www.atomsportv512.top/assets/img/player/player_logo_6a72b29dbcd89.png
2026-08-18 14:35:04,412 [INFO] Capturing request: https://corestream.siteyaptim.live//beintv/tracks-v1a1/mono.m3u8
2026-08-18 14:35:04,445 [INFO] Capturing response: https://www.atomsportv512.top/assets/img/player/player_logo_6a72b29dbcd89.png 200 
2026-08-18 14:35:05,034 [INFO] Capturing request: https://android.clients.google.com/checkin
2026-08-18 14:35:05,151 [INFO] Capturing response: https://android.clients.google.com/checkin 200 
2026-08-18 14:35:05,202 [INFO] Capturing request: https://android.clients.google.com/c2dm/register3
2026-08-18 14:35:05,204 [INFO] Capturing request: https://android.clients.google.com/c2dm/register3
2026-08-18 14:35:05,205 [INFO] Capturing request: https://android.clients.google.com/c2dm/register3
2026-08-18 14:35:05,274 [INFO] Capturing response: https://android.clients.google.com/c2dm/register3 301 
2026-08-18 14:35:06,094 [INFO] Capturing response: https://android.clients.google.com/c2dm/register3 200 
2026-08-18 14:35:06,153 [INFO] Capturing response: https://android.clients.google.com/c2dm/register3 200 
2026-08-18 14:35:06,172 [INFO]   ✅ M3U8 bulundu: https://corestream.siteyaptim.live//beintv/tracks-v1a1/mono.m3u8
2026-08-18 14:35:07,172 [INFO] 
[2/14]
2026-08-18 14:35:07,173 [INFO] 🔍 beIN Sports 2 → https://www.atomsportv512.top/matches?id=bein-sports-2
2026-08-18 14:35:07,282 [INFO] Capturing request: https://www.atomsportv512.top/matches?id=bein-sports-2
2026-08-18 14:35:07,559 [INFO] Capturing response: https://www.atomsportv512.top/matches?id=bein-sports-2 200 
2026-08-18 14:35:07,603 [INFO] Capturing request: https://streamsport365.com/cinema
2026-08-18 14:35:07,703 [INFO] Capturing request: https://www.atomsportv512.top/favicon.ico
2026-08-18 14:35:07,704 [INFO] Capturing request: https://teletv5.top/load/yayinlink.php?id=bein-sports-2
2026-08-18 14:35:07,757 [INFO] Capturing response: https://www.atomsportv512.top/favicon.ico 200 
2026-08-18 14:35:07,925 [INFO] Capturing response: https://streamsport365.com/cinema 200 
2026-08-18 14:35:08,201 [INFO] Capturing response: https://teletv5.top/load/yayinlink.php?id=bein-sports-2 200 
2026-08-18 14:35:08,312 [INFO] Capturing request: https://www.atomsportv512.top/assets/img/player/player_logo_6a72b29dbcd89.png
2026-08-18 14:35:08,322 [INFO] Capturing request: https://corestream.siteyaptim.live//trt-spor/tracks-v1a1/mono.m3u8
2026-08-18 14:35:08,446 [INFO] Capturing response: https://www.atomsportv512.top/assets/img/player/player_logo_6a72b29dbcd89.png 304 
2026-08-18 14:35:10,614 [INFO]   ✅ M3U8 bulundu: https://corestream.siteyaptim.live//trt-spor/tracks-v1a1/mono.m3u8
2026-08-18 14:35:11,614 [INFO] 
[3/14]
2026-08-18 14:35:11,614 [INFO] 🔍 beIN Sports 3 → https://www.atomsportv512.top/matches?id=bein-sports-3
2026-08-18 14:35:11,723 [INFO] Capturing request: https://www.atomsportv512.top/matches?id=bein-sports-3
2026-08-18 14:35:11,993 [INFO] Capturing response: https://www.atomsportv512.top/matches?id=bein-sports-3 200 
2026-08-18 14:35:12,120 [INFO] Capturing request: https://teletv5.top/load/yayinlink.php?id=bein-sports-3
2026-08-18 14:35:12,123 [INFO] Capturing request: https://www.atomsportv512.top/favicon.ico
2026-08-18 14:35:12,176 [INFO] Capturing response: https://www.atomsportv512.top/favicon.ico 200 
2026-08-18 14:35:12,259 [INFO] Capturing request: https://streamsport365.com/cinema
2026-08-18 14:35:12,505 [INFO] Capturing response: https://teletv5.top/load/yayinlink.php?id=bein-sports-3 200 
2026-08-18 14:35:12,586 [INFO] Capturing response: https://streamsport365.com/cinema 200 
2026-08-18 14:35:12,695 [INFO] Capturing request: https://www.atomsportv512.top/assets/img/player/player_logo_6a72b29dbcd89.png
2026-08-18 14:35:12,705 [INFO] Capturing request: https://corestream.siteyaptim.live//bein3/tracks-v1a1/mono.m3u8
2026-08-18 14:35:12,826 [INFO] Capturing response: https://www.atomsportv512.top/assets/img/player/player_logo_6a72b29dbcd89.png 304 
2026-08-18 14:35:15,034 [INFO]   ✅ M3U8 bulundu: https://corestream.siteyaptim.live//bein3/tracks-v1a1/mono.m3u8
2026-08-18 14:35:16,034 [INFO] 
[4/14]
2026-08-18 14:35:16,034 [INFO] 🔍 beIN Sports 4 → https://www.atomsportv512.top/matches?id=bein-sports-4
2026-08-18 14:35:16,142 [INFO] Capturing request: https://www.atomsportv512.top/matches?id=bein-sports-4
2026-08-18 14:35:16,413 [INFO] Capturing response: https://www.atomsportv512.top/matches?id=bein-sports-4 200 
2026-08-18 14:35:16,445 [INFO] Capturing request: https://streamsport365.com/cinema
2026-08-18 14:35:16,544 [INFO] Capturing request: https://teletv5.top/load/yayinlink.php?id=bein-sports-4
2026-08-18 14:35:16,546 [INFO] Capturing request: https://www.atomsportv512.top/favicon.ico
2026-08-18 14:35:16,606 [INFO] Capturing response: https://www.atomsportv512.top/favicon.ico 200 
2026-08-18 14:35:16,772 [INFO] Capturing response: https://teletv5.top/load/yayinlink.php?id=bein-sports-4 200 
2026-08-18 14:35:16,777 [INFO] Capturing response: https://streamsport365.com/cinema 200 
2026-08-18 14:35:16,923 [INFO] Capturing request: https://www.atomsportv512.top/assets/img/player/player_logo_6a72b29dbcd89.png
2026-08-18 14:35:16,933 [INFO] Capturing request: https://corestream.siteyaptim.live//bein4/tracks-v1a1/mono.m3u8
2026-08-18 14:35:17,058 [INFO] Capturing response: https://www.atomsportv512.top/assets/img/player/player_logo_6a72b29dbcd89.png 304 
2026-08-18 14:35:17,674 [INFO] Capturing response: https://corestream.siteyaptim.live//bein3/tracks-v1a1/mono.m3u8 404 
2026-08-18 14:35:19,231 [INFO] Capturing response: https://corestream.siteyaptim.live//trt-spor/tracks-v1a1/mono.m3u8 200 
2026-08-18 14:35:19,407 [INFO] Capturing response: https://corestream.siteyaptim.live//beintv/tracks-v1a1/mono.m3u8 200 
2026-08-18 14:35:19,455 [INFO]   ✅ M3U8 bulundu: https://corestream.siteyaptim.live//bein4/tracks-v1a1/mono.m3u8
2026-08-18 14:35:20,455 [INFO] 
[5/14]
2026-08-18 14:35:20,456 [INFO] 🔍 beIN Sports 5 → https://www.atomsportv512.top/matches?id=bein-sports-5
2026-08-18 14:35:20,563 [INFO] Capturing request: https://www.atomsportv512.top/matches?id=bein-sports-5
2026-08-18 14:35:20,835 [INFO] Capturing response: https://www.atomsportv512.top/matches?id=bein-sports-5 200 
2026-08-18 14:35:20,961 [INFO] Capturing request: https://teletv5.top/load/yayinlink.php?id=bein-sports-5
2026-08-18 14:35:20,964 [INFO] Capturing request: https://www.atomsportv512.top/favicon.ico
2026-08-18 14:35:21,028 [INFO] Capturing response: https://www.atomsportv512.top/favicon.ico 200 
2026-08-18 14:35:21,097 [INFO] Capturing request: https://streamsport365.com/cinema
2026-08-18 14:35:21,171 [INFO] Capturing response: https://teletv5.top/load/yayinlink.php?id=bein-sports-5 200 
2026-08-18 14:35:21,428 [INFO] Capturing response: https://streamsport365.com/cinema 200 
2026-08-18 14:35:21,537 [INFO] Capturing request: https://www.atomsportv512.top/assets/img/player/player_logo_6a72b29dbcd89.png
2026-08-18 14:35:21,547 [INFO] Capturing request: https://corestream.siteyaptim.live//bein5/tracks-v1a1/mono.m3u8
2026-08-18 14:35:21,674 [INFO] Capturing response: https://www.atomsportv512.top/assets/img/player/player_logo_6a72b29dbcd89.png 304 
2026-08-18 14:35:23,875 [INFO]   ✅ M3U8 bulundu: https://corestream.siteyaptim.live//bein5/tracks-v1a1/mono.m3u8
2026-08-18 14:35:24,876 [INFO] 
[6/14]
2026-08-18 14:35:24,876 [INFO] 🔍 beIN Sports Max 1 → https://www.atomsportv512.top/matches?id=bein-sports-max-1
2026-08-18 14:35:24,983 [INFO] Capturing request: https://www.atomsportv512.top/matches?id=bein-sports-max-1
2026-08-18 14:35:25,263 [INFO] Capturing response: https://www.atomsportv512.top/matches?id=bein-sports-max-1 200 
2026-08-18 14:35:25,297 [INFO] Capturing request: https://streamsport365.com/cinema
2026-08-18 14:35:25,397 [INFO] Capturing request: https://teletv5.top/load/yayinlink.php?id=bein-sports-max-1
2026-08-18 14:35:25,398 [INFO] Capturing request: https://www.atomsportv512.top/favicon.ico
2026-08-18 14:35:25,460 [INFO] Capturing response: https://www.atomsportv512.top/favicon.ico 200 
2026-08-18 14:35:25,610 [INFO] Capturing response: https://teletv5.top/load/yayinlink.php?id=bein-sports-max-1 200 
2026-08-18 14:35:25,618 [INFO] Capturing response: https://streamsport365.com/cinema 200 
2026-08-18 14:35:25,761 [INFO] Capturing request: https://www.atomsportv512.top/assets/img/player/player_logo_6a72b29dbcd89.png
2026-08-18 14:35:25,770 [INFO] Capturing request: https://corestream.siteyaptim.live//beinmax1/tracks-v1a1/mono.m3u8
2026-08-18 14:35:25,891 [INFO] Capturing response: https://www.atomsportv512.top/assets/img/player/player_logo_6a72b29dbcd89.png 304 
2026-08-18 14:35:27,125 [INFO] Capturing request: https://android.clients.google.com/c2dm/register3
2026-08-18 14:35:27,210 [INFO] Capturing response: https://android.clients.google.com/c2dm/register3 301 
2026-08-18 14:35:28,306 [INFO]   ✅ M3U8 bulundu: https://corestream.siteyaptim.live//beinmax1/tracks-v1a1/mono.m3u8
2026-08-18 14:35:28,972 [INFO] Capturing response: https://corestream.siteyaptim.live//beinmax1/tracks-v1a1/mono.m3u8 200 
2026-08-18 14:35:29,209 [INFO] Capturing request: https://global.siteyaptim.live/beinmax1/tracks-v1a1/2026/08/18/12/05/49-06000.jpg
2026-08-18 14:35:29,306 [INFO] 
[7/14]
2026-08-18 14:35:29,306 [INFO] 🔍 beIN Sports Max 2 → https://www.atomsportv512.top/matches?id=bein-sports-max-2
2026-08-18 14:35:29,414 [INFO] Capturing request: https://www.atomsportv512.top/matches?id=bein-sports-max-2
2026-08-18 14:35:29,682 [INFO] Capturing response: https://www.atomsportv512.top/matches?id=bein-sports-max-2 200 
2026-08-18 14:35:29,812 [INFO] Capturing request: https://teletv5.top/load/yayinlink.php?id=bein-sports-max-2
2026-08-18 14:35:29,815 [INFO] Capturing request: https://www.atomsportv512.top/favicon.ico
2026-08-18 14:35:29,878 [INFO] Capturing response: https://www.atomsportv512.top/favicon.ico 200 
2026-08-18 14:35:29,950 [INFO] Capturing request: https://streamsport365.com/cinema
2026-08-18 14:35:30,032 [INFO] Capturing response: https://teletv5.top/load/yayinlink.php?id=bein-sports-max-2 200 
2026-08-18 14:35:30,266 [INFO] Capturing response: https://streamsport365.com/cinema 200 
2026-08-18 14:35:30,376 [INFO] Capturing request: https://www.atomsportv512.top/assets/img/player/player_logo_6a72b29dbcd89.png
2026-08-18 14:35:30,386 [INFO] Capturing request: https://corestream.siteyaptim.live//trt-spor/tracks-v1a1/mono.m3u8
2026-08-18 14:35:30,711 [INFO] Capturing response: https://www.atomsportv512.top/assets/img/player/player_logo_6a72b29dbcd89.png 304 
2026-08-18 14:35:31,579 [INFO] Capturing response: https://corestream.siteyaptim.live//bein4/tracks-v1a1/mono.m3u8 200 
2026-08-18 14:35:32,725 [INFO]   ✅ M3U8 bulundu: https://corestream.siteyaptim.live//trt-spor/tracks-v1a1/mono.m3u8
2026-08-18 14:35:33,689 [INFO] Capturing response: https://global.siteyaptim.live/beinmax1/tracks-v1a1/2026/08/18/12/05/49-06000.jpg 200 
2026-08-18 14:35:33,725 [INFO] 
[8/14]
2026-08-18 14:35:33,725 [INFO] 🔍 S Sport → https://www.atomsportv512.top/matches?id=s-sport
2026-08-18 14:35:33,846 [INFO] Capturing request: https://www.atomsportv512.top/matches?id=s-sport
2026-08-18 14:35:34,121 [INFO] Capturing response: https://www.atomsportv512.top/matches?id=s-sport 200 
2026-08-18 14:35:34,149 [INFO] Capturing request: https://streamsport365.com/cinema
2026-08-18 14:35:34,249 [INFO] Capturing request: https://teletv5.top/load/yayinlink.php?id=s-sport
2026-08-18 14:35:34,254 [INFO] Capturing request: https://www.atomsportv512.top/favicon.ico
2026-08-18 14:35:34,307 [INFO] Capturing response: https://www.atomsportv512.top/favicon.ico 200 
2026-08-18 14:35:34,466 [INFO] Capturing response: https://teletv5.top/load/yayinlink.php?id=s-sport 200 
2026-08-18 14:35:34,476 [INFO] Capturing response: https://streamsport365.com/cinema 200 
2026-08-18 14:35:34,618 [INFO] Capturing request: https://www.atomsportv512.top/assets/img/player/player_logo_6a72b29dbcd89.png
2026-08-18 14:35:34,630 [INFO] Capturing request: https://corestream.siteyaptim.live//s-sport/tracks-v1a1/mono.m3u8
2026-08-18 14:35:34,749 [INFO] Capturing response: https://www.atomsportv512.top/assets/img/player/player_logo_6a72b29dbcd89.png 304 
2026-08-18 14:35:36,182 [INFO] Capturing response: https://corestream.siteyaptim.live//bein5/tracks-v1a1/mono.m3u8 200 
2026-08-18 14:35:37,164 [INFO]   ✅ M3U8 bulundu: https://corestream.siteyaptim.live//s-sport/tracks-v1a1/mono.m3u8
2026-08-18 14:35:37,806 [INFO] Capturing response: https://corestream.siteyaptim.live//s-sport/tracks-v1a1/mono.m3u8 200 
2026-08-18 14:35:37,955 [INFO] Capturing request: https://global.siteyaptim.live/s-sport/tracks-v1a1/2026/08/18/12/07/25-10000.jpg
2026-08-18 14:35:38,164 [INFO] 
[9/14]
2026-08-18 14:35:38,164 [INFO] 🔍 S Sport 2 → https://www.atomsportv512.top/matches?id=s-sport-2
2026-08-18 14:35:38,271 [INFO] Capturing request: https://www.atomsportv512.top/matches?id=s-sport-2
2026-08-18 14:35:38,541 [INFO] Capturing response: https://www.atomsportv512.top/matches?id=s-sport-2 200 
2026-08-18 14:35:38,673 [INFO] Capturing request: https://teletv5.top/load/yayinlink.php?id=s-sport-2
2026-08-18 14:35:38,674 [INFO] Capturing request: https://www.atomsportv512.top/favicon.ico
2026-08-18 14:35:38,733 [INFO] Capturing response: https://www.atomsportv512.top/favicon.ico 200 
2026-08-18 14:35:38,811 [INFO] Capturing request: https://streamsport365.com/cinema
2026-08-18 14:35:38,895 [INFO] Capturing response: https://teletv5.top/load/yayinlink.php?id=s-sport-2 200 
2026-08-18 14:35:39,141 [INFO] Capturing response: https://streamsport365.com/cinema 200 
2026-08-18 14:35:39,250 [INFO] Capturing request: https://www.atomsportv512.top/assets/img/player/player_logo_6a72b29dbcd89.png
2026-08-18 14:35:39,260 [INFO] Capturing request: https://corestream.siteyaptim.live//s-sport2/tracks-v1a1/mono.m3u8
2026-08-18 14:35:39,384 [INFO] Capturing response: https://www.atomsportv512.top/assets/img/player/player_logo_6a72b29dbcd89.png 304 
2026-08-18 14:35:40,249 [INFO] Capturing response: https://corestream.siteyaptim.live//trt-spor/tracks-v1a1/mono.m3u8 200 
2026-08-18 14:35:41,585 [INFO]   ✅ M3U8 bulundu: https://corestream.siteyaptim.live//s-sport2/tracks-v1a1/mono.m3u8
2026-08-18 14:35:42,454 [INFO] Capturing response: https://corestream.siteyaptim.live//s-sport2/tracks-v1a1/mono.m3u8 200 
2026-08-18 14:35:42,563 [INFO] Capturing request: https://global.siteyaptim.live/s-sport2/tracks-v1a1/2026/08/18/12/08/25-10000.jpg
2026-08-18 14:35:42,585 [INFO] 
[10/14]
2026-08-18 14:35:42,585 [INFO] 🔍 A Spor → https://www.atomsportv512.top/matches?id=a-spor
2026-08-18 14:35:42,693 [INFO] Capturing request: https://www.atomsportv512.top/matches?id=a-spor
2026-08-18 14:35:42,879 [INFO] Capturing response: https://global.siteyaptim.live/s-sport/tracks-v1a1/2026/08/18/12/07/25-10000.jpg 200 
2026-08-18 14:35:42,968 [INFO] Capturing response: https://www.atomsportv512.top/matches?id=a-spor 200 
2026-08-18 14:35:42,996 [INFO] Capturing request: https://streamsport365.com/cinema
2026-08-18 14:35:43,093 [INFO] Capturing request: https://teletv5.top/load/yayinlink.php?id=a-spor
2026-08-18 14:35:43,098 [INFO] Capturing request: https://www.atomsportv512.top/favicon.ico
2026-08-18 14:35:43,154 [INFO] Capturing response: https://www.atomsportv512.top/favicon.ico 200 
2026-08-18 14:35:43,299 [INFO] Capturing response: https://teletv5.top/load/yayinlink.php?id=a-spor 200 
2026-08-18 14:35:43,316 [INFO] Capturing response: https://streamsport365.com/cinema 200 
2026-08-18 14:35:43,450 [INFO] Capturing request: https://www.atomsportv512.top/assets/img/player/player_logo_6a72b29dbcd89.png
2026-08-18 14:35:43,458 [INFO] Capturing request: https://corestream.siteyaptim.live//aspor/tracks-v1a1/mono.m3u8
2026-08-18 14:35:43,583 [INFO] Capturing response: https://www.atomsportv512.top/assets/img/player/player_logo_6a72b29dbcd89.png 304 
2026-08-18 14:35:46,010 [INFO]   ✅ M3U8 bulundu: https://corestream.siteyaptim.live//aspor/tracks-v1a1/mono.m3u8
2026-08-18 14:35:46,680 [INFO] Capturing response: https://corestream.siteyaptim.live//aspor/tracks-v1a1/mono.m3u8 200 
2026-08-18 14:35:46,829 [INFO] Capturing request: https://global.siteyaptim.live/aspor/tracks-v1a1/2026/08/18/12/08/22-10000.jpg
2026-08-18 14:35:47,011 [INFO] 
[11/14]
2026-08-18 14:35:47,011 [INFO] 🔍 Tivibu Spor 1 → https://www.atomsportv512.top/matches?id=tivibu-spor-1
2026-08-18 14:35:47,118 [INFO] Capturing request: https://www.atomsportv512.top/matches?id=tivibu-spor-1
2026-08-18 14:35:47,389 [INFO] Capturing response: https://www.atomsportv512.top/matches?id=tivibu-spor-1 200 
2026-08-18 14:35:47,524 [INFO] Capturing request: https://teletv5.top/load/yayinlink.php?id=tivibu-spor-1
2026-08-18 14:35:47,525 [INFO] Capturing request: https://www.atomsportv512.top/favicon.ico
2026-08-18 14:35:47,587 [INFO] Capturing response: https://www.atomsportv512.top/favicon.ico 200 
2026-08-18 14:35:47,607 [INFO] Capturing response: https://global.siteyaptim.live/s-sport2/tracks-v1a1/2026/08/18/12/08/25-10000.jpg 200 
2026-08-18 14:35:47,665 [INFO] Capturing request: https://streamsport365.com/cinema
2026-08-18 14:35:47,733 [INFO] Capturing response: https://teletv5.top/load/yayinlink.php?id=tivibu-spor-1 200 
2026-08-18 14:35:47,994 [INFO] Capturing response: https://streamsport365.com/cinema 200 
2026-08-18 14:35:53,337 [INFO] Capturing response: https://global.siteyaptim.live/aspor/tracks-v1a1/2026/08/18/12/08/22-10000.jpg 200 
2026-08-18 14:35:53,599 [INFO] 127.0.0.1:54792: ProtocolException("Error in HTTP connection: Http2ZombieException('Connection or stream already dead: 1787063753.4997804, False')")
2026-08-18 14:36:01,829 [INFO] Capturing request: https://update.googleapis.com/service/update2/json?cup2key=16:JxvOUQK_mgHMBdM8sgt_W86H2EnPUdE2StxYe1_g3eg&cup2hreq=7b3f30bea68108701f54d51c946c4d5bbc0b56ee90d075fcea7e15768e01cfdb
2026-08-18 14:36:01,890 [INFO] Capturing response: https://update.googleapis.com/service/update2/json?cup2key=16:JxvOUQK_mgHMBdM8sgt_W86H2EnPUdE2StxYe1_g3eg&cup2hreq=7b3f30bea68108701f54d51c946c4d5bbc0b56ee90d075fcea7e15768e01cfdb 200 
2026-08-18 14:36:01,897 [INFO] Capturing request: http://edgedl.me.gvt1.com/edgedl/diffgen-puffin/gcmjkmgdlgnkkcocmoeiminaijmmjnii/6ca5bdb9f3e2cd83b7e359729bc6c33c4fe975ec499861d969b3e080320849ff
2026-08-18 14:36:02,038 [INFO] Capturing response: http://edgedl.me.gvt1.com/edgedl/diffgen-puffin/gcmjkmgdlgnkkcocmoeiminaijmmjnii/6ca5bdb9f3e2cd83b7e359729bc6c33c4fe975ec499861d969b3e080320849ff 200 OK
2026-08-18 14:36:02,063 [INFO] Capturing request: https://update.googleapis.com/service/update2/json
2026-08-18 14:36:02,121 [INFO] Capturing response: https://update.googleapis.com/service/update2/json 200 
2026-08-18 14:36:02,166 [INFO] Capturing request: http://edgedl.me.gvt1.com/edgedl/release2/chrome_component/adutex3xzbflaocci7xfbh5vlq_10722/hfnkpimlhhgieaddgfemjhofmfblmnib_10722_all_acay4lp7sil5gxeanivlmb7bn4na.crx3
2026-08-18 14:36:02,324 [INFO] Capturing response: http://edgedl.me.gvt1.com/edgedl/release2/chrome_component/adutex3xzbflaocci7xfbh5vlq_10722/hfnkpimlhhgieaddgfemjhofmfblmnib_10722_all_acay4lp7sil5gxeanivlmb7bn4na.crx3 200 OK
2026-08-18 14:36:02,352 [INFO] Capturing request: https://update.googleapis.com/service/update2/json
2026-08-18 14:36:02,403 [INFO] Capturing response: https://update.googleapis.com/service/update2/json 200 
2026-08-18 14:36:15,139 [INFO] Capturing request: https://android.clients.google.com/c2dm/register3
2026-08-18 14:36:15,200 [INFO] Capturing response: https://android.clients.google.com/c2dm/register3 429 
2026-08-18 14:36:20,689 [WARNING]   ❌ Tivibu Spor 1 için M3U8 bulunamadı
2026-08-18 14:36:21,690 [INFO] 
[12/14]
2026-08-18 14:36:21,690 [INFO] 🔍 Tivibu Spor 2 → https://www.atomsportv512.top/matches?id=tivibu-spor-2
2026-08-18 14:36:21,867 [INFO] Capturing request: https://www.atomsportv512.top/matches?id=tivibu-spor-2
2026-08-18 14:36:22,482 [INFO] Capturing response: https://www.atomsportv512.top/matches?id=tivibu-spor-2 200 
2026-08-18 14:36:22,642 [INFO] Capturing request: https://www.atomsportv512.top/favicon.ico
2026-08-18 14:36:22,705 [INFO] Capturing response: https://www.atomsportv512.top/favicon.ico 200 
2026-08-18 14:36:22,715 [INFO] Capturing request: https://teletv5.top/load/yayinlink.php?id=tivibu-spor-2
2026-08-18 14:36:23,196 [INFO] Capturing request: https://streamsport365.com/cinema
2026-08-18 14:36:23,211 [INFO] Capturing response: https://teletv5.top/load/yayinlink.php?id=tivibu-spor-2 200 
2026-08-18 14:36:23,520 [INFO] Capturing response: https://streamsport365.com/cinema 200 
2026-08-18 14:36:55,769 [WARNING]   ❌ Tivibu Spor 2 için M3U8 bulunamadı
2026-08-18 14:36:56,769 [INFO] 
[13/14]
2026-08-18 14:36:56,769 [INFO] 🔍 Tivibu Spor 3 → https://www.atomsportv512.top/matches?id=tivibu-spor-3
2026-08-18 14:36:56,880 [INFO] Capturing request: https://www.atomsportv512.top/matches?id=tivibu-spor-3
2026-08-18 14:36:57,347 [INFO] Capturing response: https://www.atomsportv512.top/matches?id=tivibu-spor-3 200 
2026-08-18 14:36:57,475 [INFO] Capturing request: https://teletv5.top/load/yayinlink.php?id=tivibu-spor-3
2026-08-18 14:36:57,478 [INFO] Capturing request: https://www.atomsportv512.top/favicon.ico
2026-08-18 14:36:57,556 [INFO] Capturing response: https://www.atomsportv512.top/favicon.ico 200 
2026-08-18 14:36:57,610 [INFO] Capturing request: https://streamsport365.com/cinema
2026-08-18 14:36:57,851 [INFO] Capturing response: https://teletv5.top/load/yayinlink.php?id=tivibu-spor-3 200 
2026-08-18 14:36:57,932 [INFO] Capturing response: https://streamsport365.com/cinema 200 
2026-08-18 14:37:30,608 [WARNING]   ❌ Tivibu Spor 3 için M3U8 bulunamadı
2026-08-18 14:37:31,608 [INFO] 
[14/14]
2026-08-18 14:37:31,608 [INFO] 🔍 Tivibu Spor 4 → https://www.atomsportv512.top/matches?id=tivibu-spor-4
2026-08-18 14:37:31,717 [INFO] Capturing request: https://www.atomsportv512.top/matches?id=tivibu-spor-4
2026-08-18 14:37:32,179 [INFO] Capturing response: https://www.atomsportv512.top/matches?id=tivibu-spor-4 200 
2026-08-18 14:37:32,309 [INFO] Capturing request: https://teletv5.top/load/yayinlink.php?id=tivibu-spor-4
2026-08-18 14:37:32,313 [INFO] Capturing request: https://www.atomsportv512.top/favicon.ico
2026-08-18 14:37:32,401 [INFO] Capturing response: https://www.atomsportv512.top/favicon.ico 200 
2026-08-18 14:37:32,446 [INFO] Capturing request: https://streamsport365.com/cinema
2026-08-18 14:37:32,558 [INFO] Capturing response: https://teletv5.top/load/yayinlink.php?id=tivibu-spor-4 200 
2026-08-18 14:37:32,776 [INFO] Capturing response: https://streamsport365.com/cinema 200 
2026-08-18 14:38:05,440 [WARNING]   ❌ Tivibu Spor 4 için M3U8 bulunamadı
2026-08-18 14:38:06,505 [INFO] ✅ 10 kanal bulundu, playlist.m3u kaydedildi
