2026-09-08 21:20:16,899 [INFO] 🌐 BASE_URL: https://www.atomsportv514.top
2026-09-08 21:20:17,978 [INFO] Başlanıyor... 14 kanal taranacak
2026-09-08 21:20:17,978 [INFO] Using default request storage
2026-09-08 21:20:17,983 [INFO] Created proxy listening on 127.0.0.1:37279
2026-09-08 21:20:18,647 [INFO] Capturing request: http://clients2.google.com/time/1/current?cup2key=10:IPgvE9_c1G3X6GsKE7ZssIapqYUBrLSUoTUNQ_0psg8&cup2hreq=e3b0c44298fc1c149afbf4c8996fb92427ae41e4649b934ca495991b7852b855
2026-09-08 21:20:18,708 [INFO] Capturing response: http://clients2.google.com/time/1/current?cup2key=10:IPgvE9_c1G3X6GsKE7ZssIapqYUBrLSUoTUNQ_0psg8&cup2hreq=e3b0c44298fc1c149afbf4c8996fb92427ae41e4649b934ca495991b7852b855 200 OK
2026-09-08 21:20:18,918 [INFO] 
[1/14]
2026-09-08 21:20:18,918 [INFO] 🔍 beIN Sports 1 → https://www.atomsportv514.top/matches?id=bein-sports-1
2026-09-08 21:20:19,015 [INFO] Capturing request: https://accounts.google.com/ListAccounts?gpsia=1&source=ChromiumBrowser&json=standard&laf=b64bin
2026-09-08 21:20:19,016 [INFO] Capturing request: https://update.googleapis.com/service/update2/json?cup2key=16:p6K3655qI4qG_DUctYOaDKAY2xe5JVWxxe1kerJG9T8&cup2hreq=ba55a3647a3545311c234e0aab01e6512709941c787980afc0b739784f6199d6
2026-09-08 21:20:19,073 [INFO] Capturing response: https://update.googleapis.com/service/update2/json?cup2key=16:p6K3655qI4qG_DUctYOaDKAY2xe5JVWxxe1kerJG9T8&cup2hreq=ba55a3647a3545311c234e0aab01e6512709941c787980afc0b739784f6199d6 200 
2026-09-08 21:20:19,080 [INFO] Capturing request: https://www.google.com/async/folae?async=_fmt:pb&udm=50&client_locale=en-US&client_country=ZZ
2026-09-08 21:20:19,121 [INFO] Capturing request: https://update.googleapis.com/service/update2/json?cup2key=16:PdqETAqBJJ0E0FQKZmwLeN09dOwodIHCQN9ZkASYxN4&cup2hreq=66179bf6104c947b8c6ef9569819a9424c856c0aaddbd2a91898a574346bb689
2026-09-08 21:20:19,142 [INFO] Capturing response: https://www.google.com/async/folae?async=_fmt:pb&udm=50&client_locale=en-US&client_country=ZZ 200 
2026-09-08 21:20:19,148 [INFO] Capturing response: https://accounts.google.com/ListAccounts?gpsia=1&source=ChromiumBrowser&json=standard&laf=b64bin 200 
2026-09-08 21:20:19,151 [INFO] Capturing response: https://update.googleapis.com/service/update2/json?cup2key=16:PdqETAqBJJ0E0FQKZmwLeN09dOwodIHCQN9ZkASYxN4&cup2hreq=66179bf6104c947b8c6ef9569819a9424c856c0aaddbd2a91898a574346bb689 200 
2026-09-08 21:20:19,186 [INFO] Capturing request: https://www.atomsportv514.top/matches?id=bein-sports-1
2026-09-08 21:20:19,197 [INFO] Capturing request: https://update.googleapis.com/service/update2/json?cup2key=16:JK9NjOmxyAY9p_5X1PArCN_SR7blx-orZ0erMy9wWAk&cup2hreq=b8396d71343606f406819a2011a01a89bffb4ac77ed5363a8305da4882b86560
2026-09-08 21:20:19,225 [INFO] Capturing response: https://update.googleapis.com/service/update2/json?cup2key=16:JK9NjOmxyAY9p_5X1PArCN_SR7blx-orZ0erMy9wWAk&cup2hreq=b8396d71343606f406819a2011a01a89bffb4ac77ed5363a8305da4882b86560 200 
2026-09-08 21:20:19,967 [INFO] Capturing response: https://www.atomsportv514.top/matches?id=bein-sports-1 200 
2026-09-08 21:20:20,179 [INFO] Capturing request: https://cdn.jsdelivr.net/npm/@clappr/player@0.11.16/dist/clappr.min.js
2026-09-08 21:20:20,183 [INFO] Capturing request: https://cdn.jsdelivr.net/npm/level-selector/dist/level-selector.min.js
2026-09-08 21:20:20,185 [INFO] Capturing request: https://cdn.jsdelivr.net/npm/@clappr/hlsjs-playback@1.8.3/dist/hlsjs-playback.min.js
2026-09-08 21:20:20,209 [INFO] Capturing response: https://cdn.jsdelivr.net/npm/level-selector/dist/level-selector.min.js 200 
2026-09-08 21:20:20,228 [INFO] Capturing response: https://cdn.jsdelivr.net/npm/@clappr/player@0.11.16/dist/clappr.min.js 200 
2026-09-08 21:20:20,243 [INFO] Capturing response: https://cdn.jsdelivr.net/npm/@clappr/hlsjs-playback@1.8.3/dist/hlsjs-playback.min.js 200 
2026-09-08 21:20:20,448 [INFO] Capturing request: https://www.atomsportv514.top/favicon.ico
2026-09-08 21:20:20,522 [INFO] Capturing response: https://www.atomsportv514.top/favicon.ico 200 
2026-09-08 21:20:20,678 [INFO] Capturing request: https://teletv5.top/load/yayinlink.php?id=bein-sports-1
2026-09-08 21:20:21,130 [INFO] Capturing request: https://streamsport365.com/cinema
2026-09-08 21:20:21,174 [INFO] Capturing response: https://teletv5.top/load/yayinlink.php?id=bein-sports-1 200 
2026-09-08 21:20:21,484 [INFO] Capturing response: https://streamsport365.com/cinema 200 
2026-09-08 21:20:21,615 [INFO] Capturing request: https://www.atomsportv514.top/assets/img/player/player_logo_6a87a2e2eecc5.png
2026-09-08 21:20:21,681 [INFO] Capturing response: https://www.atomsportv514.top/assets/img/player/player_logo_6a87a2e2eecc5.png 200 
2026-09-08 21:20:21,682 [INFO] Capturing request: https://corestream.ardastream.live//beintv/tracks-v1a1/mono.m3u8
2026-09-08 21:20:21,697 [INFO] Capturing response: https://corestream.ardastream.live//beintv/tracks-v1a1/mono.m3u8 403 
2026-09-08 21:20:22,383 [INFO] Capturing request: https://android.clients.google.com/checkin
2026-09-08 21:20:22,531 [INFO] Capturing response: https://android.clients.google.com/checkin 200 
2026-09-08 21:20:22,584 [INFO] Capturing request: https://android.clients.google.com/c2dm/register3
2026-09-08 21:20:22,585 [INFO] Capturing request: https://android.clients.google.com/c2dm/register3
2026-09-08 21:20:22,587 [INFO] Capturing request: https://android.clients.google.com/c2dm/register3
2026-09-08 21:20:22,672 [INFO] Capturing response: https://android.clients.google.com/c2dm/register3 301 
2026-09-08 21:20:23,366 [INFO]   ✅ M3U8 bulundu: https://corestream.ardastream.live//beintv/tracks-v1a1/mono.m3u8
2026-09-08 21:20:23,476 [INFO] Capturing response: https://android.clients.google.com/c2dm/register3 200 
2026-09-08 21:20:23,650 [INFO] Capturing response: https://android.clients.google.com/c2dm/register3 200 
2026-09-08 21:20:23,822 [INFO] Capturing request: https://corestream.ardastream.live//beintv/tracks-v1a1/mono.m3u8
2026-09-08 21:20:23,832 [INFO] Capturing response: https://corestream.ardastream.live//beintv/tracks-v1a1/mono.m3u8 403 
2026-09-08 21:20:24,366 [INFO] 
[2/14]
2026-09-08 21:20:24,366 [INFO] 🔍 beIN Sports 2 → https://www.atomsportv514.top/matches?id=bein-sports-2
2026-09-08 21:20:24,476 [INFO] Capturing request: https://www.atomsportv514.top/matches?id=bein-sports-2
2026-09-08 21:20:24,755 [INFO] Capturing response: https://www.atomsportv514.top/matches?id=bein-sports-2 200 
2026-09-08 21:20:24,807 [INFO] Capturing request: https://streamsport365.com/cinema
2026-09-08 21:20:24,904 [INFO] Capturing request: https://teletv5.top/load/yayinlink.php?id=bein-sports-2
2026-09-08 21:20:24,908 [INFO] Capturing request: https://www.atomsportv514.top/favicon.ico
2026-09-08 21:20:24,944 [INFO] Capturing response: https://www.atomsportv514.top/favicon.ico 200 
2026-09-08 21:20:25,163 [INFO] Capturing response: https://streamsport365.com/cinema 200 
2026-09-08 21:20:25,324 [INFO] Capturing response: https://teletv5.top/load/yayinlink.php?id=bein-sports-2 200 
2026-09-08 21:20:25,437 [INFO] Capturing request: https://www.atomsportv514.top/assets/img/player/player_logo_6a87a2e2eecc5.png
2026-09-08 21:20:25,446 [INFO] Capturing request: https://corestream.ardastream.live//bein2/tracks-v1a1/mono.m3u8
2026-09-08 21:20:25,468 [INFO] Capturing response: https://corestream.ardastream.live//bein2/tracks-v1a1/mono.m3u8 403 
2026-09-08 21:20:25,567 [INFO] Capturing response: https://www.atomsportv514.top/assets/img/player/player_logo_6a87a2e2eecc5.png 304 
2026-09-08 21:20:27,585 [INFO] Capturing request: https://corestream.ardastream.live//bein2/tracks-v1a1/mono.m3u8
2026-09-08 21:20:27,594 [INFO] Capturing response: https://corestream.ardastream.live//bein2/tracks-v1a1/mono.m3u8 403 
2026-09-08 21:20:27,818 [INFO]   ✅ M3U8 bulundu: https://corestream.ardastream.live//bein2/tracks-v1a1/mono.m3u8
2026-09-08 21:20:28,818 [INFO] 
[3/14]
2026-09-08 21:20:28,818 [INFO] 🔍 beIN Sports 3 → https://www.atomsportv514.top/matches?id=bein-sports-3
2026-09-08 21:20:28,927 [INFO] Capturing request: https://www.atomsportv514.top/matches?id=bein-sports-3
2026-09-08 21:20:29,309 [INFO] Capturing response: https://www.atomsportv514.top/matches?id=bein-sports-3 200 
2026-09-08 21:20:29,439 [INFO] Capturing request: https://teletv5.top/load/yayinlink.php?id=bein-sports-3
2026-09-08 21:20:29,441 [INFO] Capturing request: https://www.atomsportv514.top/favicon.ico
2026-09-08 21:20:29,502 [INFO] Capturing response: https://www.atomsportv514.top/favicon.ico 200 
2026-09-08 21:20:29,594 [INFO] Capturing request: https://streamsport365.com/cinema
2026-09-08 21:20:29,675 [INFO] Capturing response: https://teletv5.top/load/yayinlink.php?id=bein-sports-3 200 
2026-09-08 21:20:29,960 [INFO] Capturing response: https://streamsport365.com/cinema 200 
2026-09-08 21:20:30,070 [INFO] Capturing request: https://www.atomsportv514.top/assets/img/player/player_logo_6a87a2e2eecc5.png
2026-09-08 21:20:30,081 [INFO] Capturing request: https://corestream.ardastream.live//bein3/tracks-v1a1/mono.m3u8
2026-09-08 21:20:30,100 [INFO] Capturing response: https://corestream.ardastream.live//bein3/tracks-v1a1/mono.m3u8 403 
2026-09-08 21:20:30,200 [INFO] Capturing response: https://www.atomsportv514.top/assets/img/player/player_logo_6a87a2e2eecc5.png 304 
2026-09-08 21:20:32,217 [INFO] Capturing request: https://corestream.ardastream.live//bein3/tracks-v1a1/mono.m3u8
2026-09-08 21:20:32,227 [INFO] Capturing response: https://corestream.ardastream.live//bein3/tracks-v1a1/mono.m3u8 403 
2026-09-08 21:20:32,352 [INFO]   ✅ M3U8 bulundu: https://corestream.ardastream.live//bein3/tracks-v1a1/mono.m3u8
2026-09-08 21:20:33,352 [INFO] 
[4/14]
2026-09-08 21:20:33,352 [INFO] 🔍 beIN Sports 4 → https://www.atomsportv514.top/matches?id=bein-sports-4
2026-09-08 21:20:33,461 [INFO] Capturing request: https://www.atomsportv514.top/matches?id=bein-sports-4
2026-09-08 21:20:33,749 [INFO] Capturing response: https://www.atomsportv514.top/matches?id=bein-sports-4 200 
2026-09-08 21:20:33,782 [INFO] Capturing request: https://streamsport365.com/cinema
2026-09-08 21:20:33,880 [INFO] Capturing request: https://teletv5.top/load/yayinlink.php?id=bein-sports-4
2026-09-08 21:20:33,885 [INFO] Capturing request: https://www.atomsportv514.top/favicon.ico
2026-09-08 21:20:33,960 [INFO] Capturing response: https://www.atomsportv514.top/favicon.ico 200 
2026-09-08 21:20:34,108 [INFO] Capturing response: https://teletv5.top/load/yayinlink.php?id=bein-sports-4 200 
2026-09-08 21:20:34,136 [INFO] Capturing response: https://streamsport365.com/cinema 200 
2026-09-08 21:20:34,260 [INFO] Capturing request: https://www.atomsportv514.top/assets/img/player/player_logo_6a87a2e2eecc5.png
2026-09-08 21:20:34,270 [INFO] Capturing request: https://corestream.ardastream.live//bein4/tracks-v1a1/mono.m3u8
2026-09-08 21:20:34,308 [INFO] Capturing response: https://corestream.ardastream.live//bein4/tracks-v1a1/mono.m3u8 403 
2026-09-08 21:20:34,392 [INFO] Capturing response: https://www.atomsportv514.top/assets/img/player/player_logo_6a87a2e2eecc5.png 304 
2026-09-08 21:20:36,426 [INFO] Capturing request: https://corestream.ardastream.live//bein4/tracks-v1a1/mono.m3u8
2026-09-08 21:20:36,435 [INFO] Capturing response: https://corestream.ardastream.live//bein4/tracks-v1a1/mono.m3u8 403 
2026-09-08 21:20:36,794 [INFO]   ✅ M3U8 bulundu: https://corestream.ardastream.live//bein4/tracks-v1a1/mono.m3u8
2026-09-08 21:20:37,795 [INFO] 
[5/14]
2026-09-08 21:20:37,795 [INFO] 🔍 beIN Sports 5 → https://www.atomsportv514.top/matches?id=bein-sports-5
2026-09-08 21:20:37,903 [INFO] Capturing request: https://www.atomsportv514.top/matches?id=bein-sports-5
2026-09-08 21:20:38,182 [INFO] Capturing response: https://www.atomsportv514.top/matches?id=bein-sports-5 200 
2026-09-08 21:20:38,315 [INFO] Capturing request: https://www.atomsportv514.top/favicon.ico
2026-09-08 21:20:38,317 [INFO] Capturing request: https://teletv5.top/load/yayinlink.php?id=bein-sports-5
2026-09-08 21:20:38,374 [INFO] Capturing response: https://www.atomsportv514.top/favicon.ico 200 
2026-09-08 21:20:38,472 [INFO] Capturing request: https://streamsport365.com/cinema
2026-09-08 21:20:38,542 [INFO] Capturing response: https://teletv5.top/load/yayinlink.php?id=bein-sports-5 200 
2026-09-08 21:20:38,830 [INFO] Capturing response: https://streamsport365.com/cinema 200 
2026-09-08 21:20:38,942 [INFO] Capturing request: https://www.atomsportv514.top/assets/img/player/player_logo_6a87a2e2eecc5.png
2026-09-08 21:20:38,951 [INFO] Capturing request: https://corestream.ardastream.live//bein5/tracks-v1a1/mono.m3u8
2026-09-08 21:20:38,967 [INFO] Capturing response: https://corestream.ardastream.live//bein5/tracks-v1a1/mono.m3u8 403 
2026-09-08 21:20:39,059 [INFO] Capturing response: https://www.atomsportv514.top/assets/img/player/player_logo_6a87a2e2eecc5.png 304 
2026-09-08 21:20:41,085 [INFO] Capturing request: https://corestream.ardastream.live//bein5/tracks-v1a1/mono.m3u8
2026-09-08 21:20:41,100 [INFO] Capturing response: https://corestream.ardastream.live//bein5/tracks-v1a1/mono.m3u8 403 
2026-09-08 21:20:41,226 [INFO]   ✅ M3U8 bulundu: https://corestream.ardastream.live//bein5/tracks-v1a1/mono.m3u8
2026-09-08 21:20:42,226 [INFO] 
[6/14]
2026-09-08 21:20:42,226 [INFO] 🔍 beIN Sports Max 1 → https://www.atomsportv514.top/matches?id=bein-sports-max-1
2026-09-08 21:20:42,334 [INFO] Capturing request: https://www.atomsportv514.top/matches?id=bein-sports-max-1
2026-09-08 21:20:42,616 [INFO] Capturing response: https://www.atomsportv514.top/matches?id=bein-sports-max-1 200 
2026-09-08 21:20:42,648 [INFO] Capturing request: https://streamsport365.com/cinema
2026-09-08 21:20:42,749 [INFO] Capturing request: https://teletv5.top/load/yayinlink.php?id=bein-sports-max-1
2026-09-08 21:20:42,751 [INFO] Capturing request: https://www.atomsportv514.top/favicon.ico
2026-09-08 21:20:42,795 [INFO] Capturing response: https://www.atomsportv514.top/favicon.ico 200 
2026-09-08 21:20:43,002 [INFO] Capturing response: https://teletv5.top/load/yayinlink.php?id=bein-sports-max-1 200 
2026-09-08 21:20:43,008 [INFO] Capturing response: https://streamsport365.com/cinema 200 
2026-09-08 21:20:43,153 [INFO] Capturing request: https://www.atomsportv514.top/assets/img/player/player_logo_6a87a2e2eecc5.png
2026-09-08 21:20:43,163 [INFO] Capturing request: https://corestream.ardastream.live//beinmax1/tracks-v1a1/mono.m3u8
2026-09-08 21:20:43,177 [INFO] Capturing response: https://corestream.ardastream.live//beinmax1/tracks-v1a1/mono.m3u8 403 
2026-09-08 21:20:43,275 [INFO] Capturing response: https://www.atomsportv514.top/assets/img/player/player_logo_6a87a2e2eecc5.png 304 
2026-09-08 21:20:45,294 [INFO] Capturing request: https://corestream.ardastream.live//beinmax1/tracks-v1a1/mono.m3u8
2026-09-08 21:20:45,303 [INFO] Capturing response: https://corestream.ardastream.live//beinmax1/tracks-v1a1/mono.m3u8 403 
2026-09-08 21:20:45,661 [INFO]   ✅ M3U8 bulundu: https://corestream.ardastream.live//beinmax1/tracks-v1a1/mono.m3u8
2026-09-08 21:20:46,661 [INFO] 
[7/14]
2026-09-08 21:20:46,661 [INFO] 🔍 beIN Sports Max 2 → https://www.atomsportv514.top/matches?id=bein-sports-max-2
2026-09-08 21:20:46,769 [INFO] Capturing request: https://www.atomsportv514.top/matches?id=bein-sports-max-2
2026-09-08 21:20:47,049 [INFO] Capturing response: https://www.atomsportv514.top/matches?id=bein-sports-max-2 200 
2026-09-08 21:20:47,180 [INFO] Capturing request: https://teletv5.top/load/yayinlink.php?id=bein-sports-max-2
2026-09-08 21:20:47,183 [INFO] Capturing request: https://www.atomsportv514.top/favicon.ico
2026-09-08 21:20:47,219 [INFO] Capturing response: https://www.atomsportv514.top/favicon.ico 200 
2026-09-08 21:20:47,336 [INFO] Capturing request: https://streamsport365.com/cinema
2026-09-08 21:20:47,420 [INFO] Capturing response: https://teletv5.top/load/yayinlink.php?id=bein-sports-max-2 200 
2026-09-08 21:20:47,707 [INFO] Capturing response: https://streamsport365.com/cinema 200 
2026-09-08 21:20:47,819 [INFO] Capturing request: https://www.atomsportv514.top/assets/img/player/player_logo_6a87a2e2eecc5.png
2026-09-08 21:20:47,828 [INFO] Capturing request: https://corestream.ardastream.live//beinmax2/tracks-v1a1/mono.m3u8
2026-09-08 21:20:47,840 [INFO] Capturing response: https://corestream.ardastream.live//beinmax2/tracks-v1a1/mono.m3u8 403 
2026-09-08 21:20:47,950 [INFO] Capturing response: https://www.atomsportv514.top/assets/img/player/player_logo_6a87a2e2eecc5.png 304 
2026-09-08 21:20:48,535 [INFO] Capturing request: https://android.clients.google.com/c2dm/register3
2026-09-08 21:20:48,622 [INFO] Capturing response: https://android.clients.google.com/c2dm/register3 301 
2026-09-08 21:20:49,958 [INFO] Capturing request: https://corestream.ardastream.live//beinmax2/tracks-v1a1/mono.m3u8
2026-09-08 21:20:49,968 [INFO] Capturing response: https://corestream.ardastream.live//beinmax2/tracks-v1a1/mono.m3u8 403 
2026-09-08 21:20:50,095 [INFO]   ✅ M3U8 bulundu: https://corestream.ardastream.live//beinmax2/tracks-v1a1/mono.m3u8
2026-09-08 21:20:51,095 [INFO] 
[8/14]
2026-09-08 21:20:51,095 [INFO] 🔍 S Sport → https://www.atomsportv514.top/matches?id=s-sport
2026-09-08 21:20:51,203 [INFO] Capturing request: https://www.atomsportv514.top/matches?id=s-sport
2026-09-08 21:20:51,732 [INFO] Capturing response: https://www.atomsportv514.top/matches?id=s-sport 200 
2026-09-08 21:20:51,766 [INFO] Capturing request: https://streamsport365.com/cinema
2026-09-08 21:20:51,865 [INFO] Capturing request: https://teletv5.top/load/yayinlink.php?id=s-sport
2026-09-08 21:20:51,867 [INFO] Capturing request: https://www.atomsportv514.top/favicon.ico
2026-09-08 21:20:51,906 [INFO] Capturing response: https://www.atomsportv514.top/favicon.ico 200 
2026-09-08 21:20:52,107 [INFO] Capturing response: https://teletv5.top/load/yayinlink.php?id=s-sport 200 
2026-09-08 21:20:52,129 [INFO] Capturing response: https://streamsport365.com/cinema 200 
2026-09-08 21:20:52,259 [INFO] Capturing request: https://www.atomsportv514.top/assets/img/player/player_logo_6a87a2e2eecc5.png
2026-09-08 21:20:52,269 [INFO] Capturing request: https://corestream.ardastream.live//s-sport/tracks-v1a1/mono.m3u8
2026-09-08 21:20:52,281 [INFO] Capturing response: https://corestream.ardastream.live//s-sport/tracks-v1a1/mono.m3u8 403 
2026-09-08 21:20:52,382 [INFO] Capturing response: https://www.atomsportv514.top/assets/img/player/player_logo_6a87a2e2eecc5.png 304 
2026-09-08 21:20:54,399 [INFO] Capturing request: https://corestream.ardastream.live//s-sport/tracks-v1a1/mono.m3u8
2026-09-08 21:20:54,407 [INFO] Capturing response: https://corestream.ardastream.live//s-sport/tracks-v1a1/mono.m3u8 403 
2026-09-08 21:20:54,779 [INFO]   ✅ M3U8 bulundu: https://corestream.ardastream.live//s-sport/tracks-v1a1/mono.m3u8
2026-09-08 21:20:55,779 [INFO] 
[9/14]
2026-09-08 21:20:55,779 [INFO] 🔍 S Sport 2 → https://www.atomsportv514.top/matches?id=s-sport-2
2026-09-08 21:20:55,889 [INFO] Capturing request: https://www.atomsportv514.top/matches?id=s-sport-2
2026-09-08 21:20:56,320 [INFO] Capturing response: https://www.atomsportv514.top/matches?id=s-sport-2 200 
2026-09-08 21:20:56,454 [INFO] Capturing request: https://teletv5.top/load/yayinlink.php?id=s-sport-2
2026-09-08 21:20:56,454 [INFO] Capturing request: https://www.atomsportv514.top/favicon.ico
2026-09-08 21:20:56,498 [INFO] Capturing response: https://www.atomsportv514.top/favicon.ico 200 
2026-09-08 21:20:56,610 [INFO] Capturing request: https://streamsport365.com/cinema
2026-09-08 21:20:56,695 [INFO] Capturing response: https://teletv5.top/load/yayinlink.php?id=s-sport-2 200 
2026-09-08 21:20:56,968 [INFO] Capturing response: https://streamsport365.com/cinema 200 
2026-09-08 21:20:57,079 [INFO] Capturing request: https://www.atomsportv514.top/assets/img/player/player_logo_6a87a2e2eecc5.png
2026-09-08 21:20:57,089 [INFO] Capturing request: https://corestream.ardastream.live//s-sport2/tracks-v1a1/mono.m3u8
2026-09-08 21:20:57,101 [INFO] Capturing response: https://corestream.ardastream.live//s-sport2/tracks-v1a1/mono.m3u8 403 
2026-09-08 21:20:57,212 [INFO] Capturing response: https://www.atomsportv514.top/assets/img/player/player_logo_6a87a2e2eecc5.png 304 
2026-09-08 21:20:59,219 [INFO] Capturing request: https://corestream.ardastream.live//s-sport2/tracks-v1a1/mono.m3u8
2026-09-08 21:20:59,230 [INFO] Capturing response: https://corestream.ardastream.live//s-sport2/tracks-v1a1/mono.m3u8 403 
2026-09-08 21:20:59,368 [INFO]   ✅ M3U8 bulundu: https://corestream.ardastream.live//s-sport2/tracks-v1a1/mono.m3u8
2026-09-08 21:21:00,369 [INFO] 
[10/14]
2026-09-08 21:21:00,369 [INFO] 🔍 A Spor → https://www.atomsportv514.top/matches?id=a-spor
2026-09-08 21:21:00,478 [INFO] Capturing request: https://www.atomsportv514.top/matches?id=a-spor
2026-09-08 21:21:00,763 [INFO] Capturing response: https://www.atomsportv514.top/matches?id=a-spor 200 
2026-09-08 21:21:00,798 [INFO] Capturing request: https://streamsport365.com/cinema
2026-09-08 21:21:00,898 [INFO] Capturing request: https://teletv5.top/load/yayinlink.php?id=a-spor
2026-09-08 21:21:00,900 [INFO] Capturing request: https://www.atomsportv514.top/favicon.ico
2026-09-08 21:21:00,956 [INFO] Capturing response: https://www.atomsportv514.top/favicon.ico 200 
2026-09-08 21:21:01,165 [INFO] Capturing response: https://streamsport365.com/cinema 200 
2026-09-08 21:21:01,233 [INFO] Capturing response: https://teletv5.top/load/yayinlink.php?id=a-spor 200 
2026-09-08 21:21:01,384 [INFO] Capturing request: https://www.atomsportv514.top/assets/img/player/player_logo_6a87a2e2eecc5.png
2026-09-08 21:21:01,394 [INFO] Capturing request: https://corestream.ardastream.live//aspor/tracks-v1a1/mono.m3u8
2026-09-08 21:21:01,408 [INFO] Capturing response: https://corestream.ardastream.live//aspor/tracks-v1a1/mono.m3u8 403 
2026-09-08 21:21:01,516 [INFO] Capturing response: https://www.atomsportv514.top/assets/img/player/player_logo_6a87a2e2eecc5.png 304 
2026-09-08 21:21:03,526 [INFO] Capturing request: https://corestream.ardastream.live//aspor/tracks-v1a1/mono.m3u8
2026-09-08 21:21:03,536 [INFO] Capturing response: https://corestream.ardastream.live//aspor/tracks-v1a1/mono.m3u8 403 
2026-09-08 21:21:03,811 [INFO]   ✅ M3U8 bulundu: https://corestream.ardastream.live//aspor/tracks-v1a1/mono.m3u8
2026-09-08 21:21:04,811 [INFO] 
[11/14]
2026-09-08 21:21:04,811 [INFO] 🔍 Tivibu Spor 1 → https://www.atomsportv514.top/matches?id=tivibu-spor-1
2026-09-08 21:21:04,919 [INFO] Capturing request: https://www.atomsportv514.top/matches?id=tivibu-spor-1
2026-09-08 21:21:05,199 [INFO] Capturing response: https://www.atomsportv514.top/matches?id=tivibu-spor-1 200 
2026-09-08 21:21:05,326 [INFO] Capturing request: https://teletv5.top/load/yayinlink.php?id=tivibu-spor-1
2026-09-08 21:21:05,330 [INFO] Capturing request: https://www.atomsportv514.top/favicon.ico
2026-09-08 21:21:05,371 [INFO] Capturing response: https://www.atomsportv514.top/favicon.ico 200 
2026-09-08 21:21:05,481 [INFO] Capturing request: https://streamsport365.com/cinema
2026-09-08 21:21:05,579 [INFO] Capturing response: https://teletv5.top/load/yayinlink.php?id=tivibu-spor-1 200 
2026-09-08 21:21:05,846 [INFO] Capturing response: https://streamsport365.com/cinema 200 
2026-09-08 21:21:18,648 [INFO] Capturing request: https://update.googleapis.com/service/update2/json?cup2key=16:YVfKXWyVs5lp37J8HuSem2SHh31lXsFDGb4HzQ1U7xc&cup2hreq=d70c10103e4068a507939bb3f09522e25ead8bbd6aee2e945f9559fe02f90718
2026-09-08 21:21:18,696 [INFO] Capturing response: https://update.googleapis.com/service/update2/json?cup2key=16:YVfKXWyVs5lp37J8HuSem2SHh31lXsFDGb4HzQ1U7xc&cup2hreq=d70c10103e4068a507939bb3f09522e25ead8bbd6aee2e945f9559fe02f90718 200 
2026-09-08 21:21:18,702 [INFO] Capturing request: http://edgedl.me.gvt1.com/edgedl/diffgen-puffin/gcmjkmgdlgnkkcocmoeiminaijmmjnii/fc1f961a8e1d6f22b29a01eb8f62d27d7f0f928ed1b230dfa8430cc20542c1bf
2026-09-08 21:21:18,712 [INFO] Capturing response: http://edgedl.me.gvt1.com/edgedl/diffgen-puffin/gcmjkmgdlgnkkcocmoeiminaijmmjnii/fc1f961a8e1d6f22b29a01eb8f62d27d7f0f928ed1b230dfa8430cc20542c1bf 200 OK
2026-09-08 21:21:18,737 [INFO] Capturing request: https://update.googleapis.com/service/update2/json
2026-09-08 21:21:18,763 [INFO] Capturing response: https://update.googleapis.com/service/update2/json 200 
2026-09-08 21:21:18,807 [INFO] Capturing request: http://edgedl.me.gvt1.com/edgedl/release2/chrome_component/accrxbmom5b3gzk7fhjoq347b4xa_10765/hfnkpimlhhgieaddgfemjhofmfblmnib_10765_all_ac76jpxgt2n7sb42gceqiikohcha.crx3
2026-09-08 21:21:18,823 [INFO] Capturing response: http://edgedl.me.gvt1.com/edgedl/release2/chrome_component/accrxbmom5b3gzk7fhjoq347b4xa_10765/hfnkpimlhhgieaddgfemjhofmfblmnib_10765_all_ac76jpxgt2n7sb42gceqiikohcha.crx3 200 OK
2026-09-08 21:21:18,852 [INFO] Capturing request: https://update.googleapis.com/service/update2/json
2026-09-08 21:21:18,879 [INFO] Capturing response: https://update.googleapis.com/service/update2/json 200 
2026-09-08 21:21:29,589 [INFO] Capturing request: https://android.clients.google.com/c2dm/register3
2026-09-08 21:21:29,672 [INFO] Capturing response: https://android.clients.google.com/c2dm/register3 429 
2026-09-08 21:21:38,541 [WARNING]   ❌ Tivibu Spor 1 için M3U8 bulunamadı
2026-09-08 21:21:39,541 [INFO] 
[12/14]
2026-09-08 21:21:39,541 [INFO] 🔍 Tivibu Spor 2 → https://www.atomsportv514.top/matches?id=tivibu-spor-2
2026-09-08 21:21:39,687 [INFO] Capturing request: https://www.atomsportv514.top/matches?id=tivibu-spor-2
2026-09-08 21:21:40,186 [INFO] Capturing response: https://www.atomsportv514.top/matches?id=tivibu-spor-2 200 
2026-09-08 21:21:40,350 [INFO] Capturing request: https://www.atomsportv514.top/favicon.ico
2026-09-08 21:21:40,386 [INFO] Capturing request: https://teletv5.top/load/yayinlink.php?id=tivibu-spor-2
2026-09-08 21:21:40,419 [INFO] Capturing response: https://www.atomsportv514.top/favicon.ico 200 
2026-09-08 21:21:40,630 [INFO] Capturing response: https://teletv5.top/load/yayinlink.php?id=tivibu-spor-2 200 
2026-09-08 21:21:41,028 [INFO] Capturing request: https://streamsport365.com/cinema
2026-09-08 21:21:41,388 [INFO] Capturing response: https://streamsport365.com/cinema 200 
2026-09-08 21:22:13,512 [WARNING]   ❌ Tivibu Spor 2 için M3U8 bulunamadı
2026-09-08 21:22:14,512 [INFO] 
[13/14]
2026-09-08 21:22:14,513 [INFO] 🔍 Tivibu Spor 3 → https://www.atomsportv514.top/matches?id=tivibu-spor-3
2026-09-08 21:22:14,622 [INFO] Capturing request: https://www.atomsportv514.top/matches?id=tivibu-spor-3
2026-09-08 21:22:15,109 [INFO] Capturing response: https://www.atomsportv514.top/matches?id=tivibu-spor-3 200 
2026-09-08 21:22:15,244 [INFO] Capturing request: https://teletv5.top/load/yayinlink.php?id=tivibu-spor-3
2026-09-08 21:22:15,247 [INFO] Capturing request: https://www.atomsportv514.top/favicon.ico
2026-09-08 21:22:15,289 [INFO] Capturing response: https://www.atomsportv514.top/favicon.ico 200 
2026-09-08 21:22:15,400 [INFO] Capturing request: https://streamsport365.com/cinema
2026-09-08 21:22:15,497 [INFO] Capturing response: https://teletv5.top/load/yayinlink.php?id=tivibu-spor-3 200 
2026-09-08 21:22:15,753 [INFO] Capturing response: https://streamsport365.com/cinema 200 
2026-09-08 21:22:48,408 [WARNING]   ❌ Tivibu Spor 3 için M3U8 bulunamadı
2026-09-08 21:22:49,408 [INFO] 
[14/14]
2026-09-08 21:22:49,408 [INFO] 🔍 Tivibu Spor 4 → https://www.atomsportv514.top/matches?id=tivibu-spor-4
2026-09-08 21:22:49,516 [INFO] Capturing request: https://www.atomsportv514.top/matches?id=tivibu-spor-4
2026-09-08 21:22:50,017 [INFO] Capturing response: https://www.atomsportv514.top/matches?id=tivibu-spor-4 200 
2026-09-08 21:22:50,149 [INFO] Capturing request: https://teletv5.top/load/yayinlink.php?id=tivibu-spor-4
2026-09-08 21:22:50,152 [INFO] Capturing request: https://www.atomsportv514.top/favicon.ico
2026-09-08 21:22:50,198 [INFO] Capturing response: https://www.atomsportv514.top/favicon.ico 200 
2026-09-08 21:22:50,303 [INFO] Capturing request: https://streamsport365.com/cinema
2026-09-08 21:22:50,414 [INFO] Capturing response: https://teletv5.top/load/yayinlink.php?id=tivibu-spor-4 200 
2026-09-08 21:22:50,660 [INFO] Capturing response: https://streamsport365.com/cinema 200 
2026-09-08 21:23:23,322 [WARNING]   ❌ Tivibu Spor 4 için M3U8 bulunamadı
2026-09-08 21:23:24,389 [INFO] ✅ 10 kanal bulundu, playlist.m3u kaydedildi
