2026-08-29 20:33:10,127 [INFO] 🌐 BASE_URL: https://www.atomsportv513.top
2026-08-29 20:33:10,887 [INFO] Başlanıyor... 14 kanal taranacak
2026-08-29 20:33:10,888 [INFO] Using default request storage
2026-08-29 20:33:10,892 [INFO] Created proxy listening on 127.0.0.1:36615
2026-08-29 20:33:11,556 [INFO] Capturing request: http://clients2.google.com/time/1/current?cup2key=10:ZVACyzguoxSbm3-tJJ0SoWa8m5QLJLHVC65sgk4MZJ0&cup2hreq=e3b0c44298fc1c149afbf4c8996fb92427ae41e4649b934ca495991b7852b855
2026-08-29 20:33:11,615 [INFO] Capturing response: http://clients2.google.com/time/1/current?cup2key=10:ZVACyzguoxSbm3-tJJ0SoWa8m5QLJLHVC65sgk4MZJ0&cup2hreq=e3b0c44298fc1c149afbf4c8996fb92427ae41e4649b934ca495991b7852b855 200 OK
2026-08-29 20:33:11,846 [INFO] 
[1/14]
2026-08-29 20:33:11,849 [INFO] 🔍 beIN Sports 1 → https://www.atomsportv513.top/matches?id=bein-sports-1
2026-08-29 20:33:11,917 [INFO] Capturing request: https://update.googleapis.com/service/update2/json?cup2key=16:7sSuWJeYFE-Cbtc4Kcf-UIgXdm5r-dh1H1bx9falyp8&cup2hreq=0b4f2be93808669c04be0b78f35425849d5d2bd534c0842bd6fff01479feb607
2026-08-29 20:33:11,928 [INFO] Capturing request: https://accounts.google.com/ListAccounts?gpsia=1&source=ChromiumBrowser&json=standard&laf=b64bin
2026-08-29 20:33:11,990 [INFO] Capturing response: https://update.googleapis.com/service/update2/json?cup2key=16:7sSuWJeYFE-Cbtc4Kcf-UIgXdm5r-dh1H1bx9falyp8&cup2hreq=0b4f2be93808669c04be0b78f35425849d5d2bd534c0842bd6fff01479feb607 200 
2026-08-29 20:33:12,021 [INFO] Capturing response: https://accounts.google.com/ListAccounts?gpsia=1&source=ChromiumBrowser&json=standard&laf=b64bin 200 
2026-08-29 20:33:12,021 [INFO] Capturing request: https://www.google.com/async/folae?async=_fmt:pb&udm=50&client_locale=en-US&client_country=ZZ
2026-08-29 20:33:12,038 [INFO] Capturing request: https://update.googleapis.com/service/update2/json?cup2key=16:URHxmpXsntSMfnJkI4R7_PSwB-nDzW0h0WeMVISYezI&cup2hreq=4eb454c92d64b16e3e00db02c06d7e440e89db4a7c731a11b7f6b6ac7dba6835
2026-08-29 20:33:12,050 [INFO] Capturing response: https://www.google.com/async/folae?async=_fmt:pb&udm=50&client_locale=en-US&client_country=ZZ 200 
2026-08-29 20:33:12,067 [INFO] Capturing request: https://www.atomsportv513.top/matches?id=bein-sports-1
2026-08-29 20:33:12,091 [INFO] Capturing response: https://update.googleapis.com/service/update2/json?cup2key=16:URHxmpXsntSMfnJkI4R7_PSwB-nDzW0h0WeMVISYezI&cup2hreq=4eb454c92d64b16e3e00db02c06d7e440e89db4a7c731a11b7f6b6ac7dba6835 200 
2026-08-29 20:33:12,138 [INFO] Capturing request: https://update.googleapis.com/service/update2/json?cup2key=16:eXFL64R-INZ9CMN_ynQ0GXdQk8nnTb3-l9q409qO9Kw&cup2hreq=4a5612cc64a34ac5f633b7edae7c1e9804cd597d886885e43a4037843e618c30
2026-08-29 20:33:12,189 [INFO] Capturing response: https://update.googleapis.com/service/update2/json?cup2key=16:eXFL64R-INZ9CMN_ynQ0GXdQk8nnTb3-l9q409qO9Kw&cup2hreq=4a5612cc64a34ac5f633b7edae7c1e9804cd597d886885e43a4037843e618c30 200 
2026-08-29 20:33:12,269 [INFO] Capturing request: https://www.google.com/async/folae?async=_fmt:pb&udm=50&client_locale=en-US&client_country=ZZ
2026-08-29 20:33:12,297 [INFO] Capturing response: https://www.google.com/async/folae?async=_fmt:pb&udm=50&client_locale=en-US&client_country=ZZ 200 
2026-08-29 20:33:12,776 [INFO] Capturing response: https://www.atomsportv513.top/matches?id=bein-sports-1 200 
2026-08-29 20:33:12,993 [INFO] Capturing request: https://cdn.jsdelivr.net/npm/@clappr/player@0.11.16/dist/clappr.min.js
2026-08-29 20:33:12,995 [INFO] Capturing request: https://cdn.jsdelivr.net/npm/@clappr/hlsjs-playback@1.8.3/dist/hlsjs-playback.min.js
2026-08-29 20:33:12,997 [INFO] Capturing request: https://cdn.jsdelivr.net/npm/level-selector/dist/level-selector.min.js
2026-08-29 20:33:13,043 [INFO] Capturing response: https://cdn.jsdelivr.net/npm/level-selector/dist/level-selector.min.js 200 
2026-08-29 20:33:13,103 [INFO] Capturing response: https://cdn.jsdelivr.net/npm/@clappr/player@0.11.16/dist/clappr.min.js 200 
2026-08-29 20:33:13,120 [INFO] Capturing response: https://cdn.jsdelivr.net/npm/@clappr/hlsjs-playback@1.8.3/dist/hlsjs-playback.min.js 200 
2026-08-29 20:33:13,313 [INFO] Capturing request: https://www.atomsportv513.top/favicon.ico
2026-08-29 20:33:13,366 [INFO] Capturing response: https://www.atomsportv513.top/favicon.ico 200 
2026-08-29 20:33:13,409 [INFO] Capturing request: https://teletv5.top/load/yayinlink.php?id=bein-sports-1
2026-08-29 20:33:13,867 [INFO] Capturing request: https://streamsport365.com/cinema
2026-08-29 20:33:13,963 [INFO] Capturing response: https://teletv5.top/load/yayinlink.php?id=bein-sports-1 200 
2026-08-29 20:33:14,181 [INFO] Capturing response: https://streamsport365.com/cinema 200 
2026-08-29 20:33:14,312 [INFO] Capturing request: https://www.atomsportv513.top/assets/img/player/player_logo_6a87a2e2eecc5.png
2026-08-29 20:33:14,380 [INFO] Capturing response: https://www.atomsportv513.top/assets/img/player/player_logo_6a87a2e2eecc5.png 200 
2026-08-29 20:33:14,412 [INFO] Capturing request: https://corestream.ardastream.live//beintv/tracks-v1a1/mono.m3u8
2026-08-29 20:33:14,603 [INFO] Capturing response: https://corestream.ardastream.live//beintv/tracks-v1a1/mono.m3u8 200 
2026-08-29 20:33:14,850 [INFO] Capturing request: https://global.ardastream.live/beintv/tracks-v1a1/2026/08/29/20/33/00-06000.jpg
2026-08-29 20:33:15,130 [INFO] Capturing request: https://android.clients.google.com/checkin
2026-08-29 20:33:15,238 [INFO] Capturing response: https://android.clients.google.com/checkin 200 
2026-08-29 20:33:15,289 [INFO] Capturing request: https://android.clients.google.com/c2dm/register3
2026-08-29 20:33:15,292 [INFO] Capturing request: https://android.clients.google.com/c2dm/register3
2026-08-29 20:33:15,293 [INFO] Capturing request: https://android.clients.google.com/c2dm/register3
2026-08-29 20:33:15,351 [INFO] Capturing response: https://android.clients.google.com/c2dm/register3 301 
2026-08-29 20:33:15,644 [INFO] Capturing response: https://global.ardastream.live/beintv/tracks-v1a1/2026/08/29/20/33/00-06000.jpg 200 
2026-08-29 20:33:15,862 [INFO] Capturing request: https://global.ardastream.live/beintv/tracks-v1a1/2026/08/29/20/33/06-06000.jpg
2026-08-29 20:33:16,185 [INFO] Capturing response: https://android.clients.google.com/c2dm/register3 200 
2026-08-29 20:33:16,192 [INFO] Capturing response: https://android.clients.google.com/c2dm/register3 200 
2026-08-29 20:33:16,235 [INFO]   ✅ M3U8 bulundu: https://corestream.ardastream.live//beintv/tracks-v1a1/mono.m3u8
2026-08-29 20:33:16,668 [INFO] Capturing response: https://global.ardastream.live/beintv/tracks-v1a1/2026/08/29/20/33/06-06000.jpg 200 
2026-08-29 20:33:16,880 [INFO] Capturing request: https://global.ardastream.live/beintv/tracks-v1a1/2026/08/29/20/33/12-06000.jpg
2026-08-29 20:33:17,235 [INFO] 
[2/14]
2026-08-29 20:33:17,235 [INFO] 🔍 beIN Sports 2 → https://www.atomsportv513.top/matches?id=bein-sports-2
2026-08-29 20:33:17,347 [INFO] Capturing request: https://www.atomsportv513.top/matches?id=bein-sports-2
2026-08-29 20:33:17,639 [INFO] Capturing response: https://www.atomsportv513.top/matches?id=bein-sports-2 200 
2026-08-29 20:33:17,693 [INFO] Capturing request: https://streamsport365.com/cinema
2026-08-29 20:33:17,697 [INFO] Capturing response: https://global.ardastream.live/beintv/tracks-v1a1/2026/08/29/20/33/12-06000.jpg 200 
2026-08-29 20:33:17,793 [INFO] Capturing request: https://www.atomsportv513.top/favicon.ico
2026-08-29 20:33:17,794 [INFO] Capturing request: https://teletv5.top/load/yayinlink.php?id=bein-sports-2
2026-08-29 20:33:17,843 [INFO] Capturing response: https://www.atomsportv513.top/favicon.ico 200 
2026-08-29 20:33:18,016 [INFO] Capturing response: https://streamsport365.com/cinema 200 
2026-08-29 20:33:18,118 [INFO] Capturing response: https://teletv5.top/load/yayinlink.php?id=bein-sports-2 200 
2026-08-29 20:33:18,230 [INFO] Capturing request: https://www.atomsportv513.top/assets/img/player/player_logo_6a87a2e2eecc5.png
2026-08-29 20:33:18,239 [INFO] Capturing request: https://corestream.ardastream.live//bein2/tracks-v1a1/mono.m3u8
2026-08-29 20:33:18,362 [INFO] Capturing response: https://www.atomsportv513.top/assets/img/player/player_logo_6a87a2e2eecc5.png 304 
2026-08-29 20:33:18,427 [INFO] Capturing response: https://corestream.ardastream.live//bein2/tracks-v1a1/mono.m3u8 200 
2026-08-29 20:33:18,536 [INFO] Capturing request: https://global.ardastream.live/bein2/tracks-v1a1/2026/08/29/20/34/13-08000.jpg
2026-08-29 20:33:19,777 [INFO] Capturing response: https://global.ardastream.live/bein2/tracks-v1a1/2026/08/29/20/34/13-08000.jpg 200 
2026-08-29 20:33:20,002 [INFO] Capturing request: https://global.ardastream.live/bein2/tracks-v1a1/2026/08/29/20/34/21-08000.jpg
2026-08-29 20:33:20,707 [INFO]   ✅ M3U8 bulundu: https://corestream.ardastream.live//bein2/tracks-v1a1/mono.m3u8
2026-08-29 20:33:21,074 [INFO] Capturing response: https://global.ardastream.live/bein2/tracks-v1a1/2026/08/29/20/34/21-08000.jpg 200 
2026-08-29 20:33:21,288 [INFO] Capturing request: https://global.ardastream.live/bein2/tracks-v1a1/2026/08/29/20/34/29-08000.jpg
2026-08-29 20:33:21,708 [INFO] 
[3/14]
2026-08-29 20:33:21,708 [INFO] 🔍 beIN Sports 3 → https://www.atomsportv513.top/matches?id=bein-sports-3
2026-08-29 20:33:21,818 [INFO] Capturing request: https://www.atomsportv513.top/matches?id=bein-sports-3
2026-08-29 20:33:22,105 [INFO] Capturing response: https://www.atomsportv513.top/matches?id=bein-sports-3 200 
2026-08-29 20:33:22,234 [INFO] Capturing request: https://teletv5.top/load/yayinlink.php?id=bein-sports-3
2026-08-29 20:33:22,238 [INFO] Capturing request: https://www.atomsportv513.top/favicon.ico
2026-08-29 20:33:22,285 [INFO] Capturing response: https://www.atomsportv513.top/favicon.ico 200 
2026-08-29 20:33:22,376 [INFO] Capturing request: https://streamsport365.com/cinema
2026-08-29 20:33:22,519 [INFO] Capturing response: https://teletv5.top/load/yayinlink.php?id=bein-sports-3 200 
2026-08-29 20:33:22,532 [INFO] Capturing response: https://global.ardastream.live/bein2/tracks-v1a1/2026/08/29/20/34/29-08000.jpg 200 
2026-08-29 20:33:22,695 [INFO] Capturing response: https://streamsport365.com/cinema 200 
2026-08-29 20:33:22,806 [INFO] Capturing request: https://www.atomsportv513.top/assets/img/player/player_logo_6a87a2e2eecc5.png
2026-08-29 20:33:22,817 [INFO] Capturing request: https://corestream.ardastream.live//bein3/tracks-v1a1/mono.m3u8
2026-08-29 20:33:22,939 [INFO] Capturing response: https://www.atomsportv513.top/assets/img/player/player_logo_6a87a2e2eecc5.png 304 
2026-08-29 20:33:23,015 [INFO] Capturing response: https://corestream.ardastream.live//bein3/tracks-v1a1/mono.m3u8 200 
2026-08-29 20:33:23,126 [INFO] Capturing request: https://global.ardastream.live/bein3/tracks-v1a1/2026/08/29/20/33/07-08000.jpg
2026-08-29 20:33:24,108 [INFO] Capturing response: https://global.ardastream.live/bein3/tracks-v1a1/2026/08/29/20/33/07-08000.jpg 200 
2026-08-29 20:33:24,335 [INFO] Capturing request: https://global.ardastream.live/bein3/tracks-v1a1/2026/08/29/20/33/15-08000.jpg
2026-08-29 20:33:25,153 [INFO]   ✅ M3U8 bulundu: https://corestream.ardastream.live//bein3/tracks-v1a1/mono.m3u8
2026-08-29 20:33:25,601 [INFO] Capturing response: https://global.ardastream.live/bein3/tracks-v1a1/2026/08/29/20/33/15-08000.jpg 200 
2026-08-29 20:33:25,833 [INFO] Capturing request: https://global.ardastream.live/bein3/tracks-v1a1/2026/08/29/20/33/23-08000.jpg
2026-08-29 20:33:26,154 [INFO] 
[4/14]
2026-08-29 20:33:26,154 [INFO] 🔍 beIN Sports 4 → https://www.atomsportv513.top/matches?id=bein-sports-4
2026-08-29 20:33:26,262 [INFO] Capturing request: https://www.atomsportv513.top/matches?id=bein-sports-4
2026-08-29 20:33:26,572 [INFO] Capturing response: https://www.atomsportv513.top/matches?id=bein-sports-4 200 
2026-08-29 20:33:26,606 [INFO] Capturing request: https://streamsport365.com/cinema
2026-08-29 20:33:26,706 [INFO] Capturing request: https://www.atomsportv513.top/favicon.ico
2026-08-29 20:33:26,707 [INFO] Capturing request: https://teletv5.top/load/yayinlink.php?id=bein-sports-4
2026-08-29 20:33:26,757 [INFO] Capturing response: https://www.atomsportv513.top/favicon.ico 200 
2026-08-29 20:33:26,946 [INFO] Capturing response: https://streamsport365.com/cinema 200 
2026-08-29 20:33:26,992 [INFO] Capturing response: https://global.ardastream.live/bein3/tracks-v1a1/2026/08/29/20/33/23-08000.jpg 200 
2026-08-29 20:33:27,009 [INFO] Capturing response: https://teletv5.top/load/yayinlink.php?id=bein-sports-4 200 
2026-08-29 20:33:27,161 [INFO] Capturing request: https://www.atomsportv513.top/assets/img/player/player_logo_6a87a2e2eecc5.png
2026-08-29 20:33:27,170 [INFO] Capturing request: https://corestream.ardastream.live//bein4/tracks-v1a1/mono.m3u8
2026-08-29 20:33:27,291 [INFO] Capturing response: https://www.atomsportv513.top/assets/img/player/player_logo_6a87a2e2eecc5.png 304 
2026-08-29 20:33:27,364 [INFO] Capturing response: https://corestream.ardastream.live//bein4/tracks-v1a1/mono.m3u8 200 
2026-08-29 20:33:27,513 [INFO] Capturing request: https://global.ardastream.live/bein4/tracks-v1a1/2026/08/29/20/33/59-10000.jpg
2026-08-29 20:33:29,618 [INFO]   ✅ M3U8 bulundu: https://corestream.ardastream.live//bein4/tracks-v1a1/mono.m3u8
2026-08-29 20:33:30,582 [INFO] Capturing response: https://global.ardastream.live/bein4/tracks-v1a1/2026/08/29/20/33/59-10000.jpg 200 
2026-08-29 20:33:30,619 [INFO] 
[5/14]
2026-08-29 20:33:30,619 [INFO] 🔍 beIN Sports 5 → https://www.atomsportv513.top/matches?id=bein-sports-5
2026-08-29 20:33:30,743 [INFO] Capturing request: https://www.atomsportv513.top/matches?id=bein-sports-5
2026-08-29 20:33:30,958 [INFO] Capturing request: https://global.ardastream.live/bein4/tracks-v1a1/2026/08/29/20/34/09-10000.jpg
2026-08-29 20:33:31,026 [INFO] Capturing response: https://www.atomsportv513.top/matches?id=bein-sports-5 200 
2026-08-29 20:33:31,159 [INFO] Capturing request: https://teletv5.top/load/yayinlink.php?id=bein-sports-5
2026-08-29 20:33:31,162 [INFO] Capturing request: https://www.atomsportv513.top/favicon.ico
2026-08-29 20:33:31,208 [INFO] Capturing response: https://www.atomsportv513.top/favicon.ico 200 
2026-08-29 20:33:31,297 [INFO] Capturing request: https://streamsport365.com/cinema
2026-08-29 20:33:31,574 [INFO] Capturing response: https://teletv5.top/load/yayinlink.php?id=bein-sports-5 200 
2026-08-29 20:33:31,622 [INFO] Capturing response: https://streamsport365.com/cinema 200 
2026-08-29 20:33:31,733 [INFO] Capturing request: https://www.atomsportv513.top/assets/img/player/player_logo_6a87a2e2eecc5.png
2026-08-29 20:33:31,744 [INFO] Capturing request: https://corestream.ardastream.live//bein5/tracks-v1a1/mono.m3u8
2026-08-29 20:33:31,864 [INFO] Capturing response: https://www.atomsportv513.top/assets/img/player/player_logo_6a87a2e2eecc5.png 304 
2026-08-29 20:33:31,945 [INFO] Capturing response: https://corestream.ardastream.live//bein5/tracks-v1a1/mono.m3u8 200 
2026-08-29 20:33:32,055 [INFO] Capturing request: https://global.ardastream.live/bein5/tracks-v1a1/2026/08/29/20/32/50-10000.jpg
2026-08-29 20:33:34,072 [INFO]   ✅ M3U8 bulundu: https://corestream.ardastream.live//bein5/tracks-v1a1/mono.m3u8
2026-08-29 20:33:35,072 [INFO] 
[6/14]
2026-08-29 20:33:35,072 [INFO] 🔍 beIN Sports Max 1 → https://www.atomsportv513.top/matches?id=bein-sports-max-1
2026-08-29 20:33:35,179 [INFO] Capturing request: https://www.atomsportv513.top/matches?id=bein-sports-max-1
2026-08-29 20:33:35,471 [INFO] Capturing response: https://www.atomsportv513.top/matches?id=bein-sports-max-1 200 
2026-08-29 20:33:35,505 [INFO] Capturing request: https://streamsport365.com/cinema
2026-08-29 20:33:35,604 [INFO] Capturing request: https://teletv5.top/load/yayinlink.php?id=bein-sports-max-1
2026-08-29 20:33:35,605 [INFO] Capturing request: https://www.atomsportv513.top/favicon.ico
2026-08-29 20:33:35,652 [INFO] Capturing response: https://www.atomsportv513.top/favicon.ico 200 
2026-08-29 20:33:35,801 [INFO] Capturing response: https://global.ardastream.live/bein4/tracks-v1a1/2026/08/29/20/34/09-10000.jpg 200 
2026-08-29 20:33:35,841 [INFO] Capturing response: https://streamsport365.com/cinema 200 
2026-08-29 20:33:35,896 [INFO] Capturing response: https://teletv5.top/load/yayinlink.php?id=bein-sports-max-1 200 
2026-08-29 20:33:36,053 [INFO] Capturing request: https://www.atomsportv513.top/assets/img/player/player_logo_6a87a2e2eecc5.png
2026-08-29 20:33:36,063 [INFO] Capturing request: https://corestream.ardastream.live//beinmax1/tracks-v1a1/mono.m3u8
2026-08-29 20:33:36,183 [INFO] Capturing response: https://www.atomsportv513.top/assets/img/player/player_logo_6a87a2e2eecc5.png 304 
2026-08-29 20:33:36,263 [INFO] Capturing response: https://corestream.ardastream.live//beinmax1/tracks-v1a1/mono.m3u8 200 
2026-08-29 20:33:36,411 [INFO] Capturing request: https://global.ardastream.live/beinmax1/tracks-v1a1/2026/08/29/20/33/13-10000.jpg
2026-08-29 20:33:36,704 [INFO] Capturing request: https://android.clients.google.com/c2dm/register3
2026-08-29 20:33:36,763 [INFO] Capturing response: https://android.clients.google.com/c2dm/register3 301 
2026-08-29 20:33:38,451 [INFO] Capturing response: https://global.ardastream.live/bein5/tracks-v1a1/2026/08/29/20/32/50-10000.jpg 200 
2026-08-29 20:33:38,532 [INFO]   ✅ M3U8 bulundu: https://corestream.ardastream.live//beinmax1/tracks-v1a1/mono.m3u8
2026-08-29 20:33:39,532 [INFO] 
[7/14]
2026-08-29 20:33:39,532 [INFO] 🔍 beIN Sports Max 2 → https://www.atomsportv513.top/matches?id=bein-sports-max-2
2026-08-29 20:33:39,640 [INFO] Capturing request: https://www.atomsportv513.top/matches?id=bein-sports-max-2
2026-08-29 20:33:39,927 [INFO] Capturing response: https://www.atomsportv513.top/matches?id=bein-sports-max-2 200 
2026-08-29 20:33:40,061 [INFO] Capturing request: https://teletv5.top/load/yayinlink.php?id=bein-sports-max-2
2026-08-29 20:33:40,064 [INFO] Capturing request: https://www.atomsportv513.top/favicon.ico
2026-08-29 20:33:40,110 [INFO] Capturing response: https://www.atomsportv513.top/favicon.ico 200 
2026-08-29 20:33:40,202 [INFO] Capturing request: https://streamsport365.com/cinema
2026-08-29 20:33:40,376 [INFO] Capturing response: https://teletv5.top/load/yayinlink.php?id=bein-sports-max-2 200 
2026-08-29 20:33:40,530 [INFO] Capturing response: https://streamsport365.com/cinema 200 
2026-08-29 20:33:40,643 [INFO] Capturing request: https://www.atomsportv513.top/assets/img/player/player_logo_6a87a2e2eecc5.png
2026-08-29 20:33:40,651 [INFO] Capturing request: https://corestream.ardastream.live//beinmax2/tracks-v1a1/mono.m3u8
2026-08-29 20:33:40,743 [INFO] Capturing response: https://global.ardastream.live/beinmax1/tracks-v1a1/2026/08/29/20/33/13-10000.jpg 200 
2026-08-29 20:33:40,779 [INFO] Capturing response: https://www.atomsportv513.top/assets/img/player/player_logo_6a87a2e2eecc5.png 304 
2026-08-29 20:33:40,825 [INFO] 127.0.0.1:37748: ProtocolException("Error in HTTP connection: Http2ZombieException('Connection or stream already dead: 1788035620.8245456, False')")
2026-08-29 20:33:40,845 [INFO] Capturing response: https://corestream.ardastream.live//beinmax2/tracks-v1a1/mono.m3u8 200 
2026-08-29 20:33:40,955 [INFO] Capturing request: https://global.ardastream.live/beinmax2/tracks-v1a1/2026/08/29/20/33/18-05040.jpg
2026-08-29 20:33:41,988 [INFO] Capturing response: https://global.ardastream.live/beinmax2/tracks-v1a1/2026/08/29/20/33/18-05040.jpg 200 
2026-08-29 20:33:42,212 [INFO] Capturing request: https://global.ardastream.live/beinmax2/tracks-v1a1/2026/08/29/20/33/23-05040.jpg
2026-08-29 20:33:42,974 [INFO]   ✅ M3U8 bulundu: https://corestream.ardastream.live//beinmax2/tracks-v1a1/mono.m3u8
2026-08-29 20:33:43,248 [INFO] Capturing response: https://global.ardastream.live/beinmax2/tracks-v1a1/2026/08/29/20/33/23-05040.jpg 200 
2026-08-29 20:33:43,460 [INFO] Capturing request: https://global.ardastream.live/beinmax2/tracks-v1a1/2026/08/29/20/33/28-05041.jpg
2026-08-29 20:33:43,975 [INFO] 
[8/14]
2026-08-29 20:33:43,975 [INFO] 🔍 S Sport → https://www.atomsportv513.top/matches?id=s-sport
2026-08-29 20:33:44,083 [INFO] Capturing request: https://www.atomsportv513.top/matches?id=s-sport
2026-08-29 20:33:44,494 [INFO] Capturing response: https://global.ardastream.live/beinmax2/tracks-v1a1/2026/08/29/20/33/28-05041.jpg 200 
2026-08-29 20:33:44,573 [INFO] Capturing response: https://www.atomsportv513.top/matches?id=s-sport 200 
2026-08-29 20:33:44,618 [INFO] Capturing request: https://streamsport365.com/cinema
2026-08-29 20:33:44,718 [INFO] Capturing request: https://www.atomsportv513.top/favicon.ico
2026-08-29 20:33:44,719 [INFO] Capturing request: https://teletv5.top/load/yayinlink.php?id=s-sport
2026-08-29 20:33:44,767 [INFO] Capturing response: https://www.atomsportv513.top/favicon.ico 200 
2026-08-29 20:33:44,949 [INFO] Capturing response: https://streamsport365.com/cinema 200 
2026-08-29 20:33:44,999 [INFO] Capturing response: https://teletv5.top/load/yayinlink.php?id=s-sport 200 
2026-08-29 20:33:45,150 [INFO] Capturing request: https://www.atomsportv513.top/assets/img/player/player_logo_6a87a2e2eecc5.png
2026-08-29 20:33:45,159 [INFO] Capturing request: https://corestream.ardastream.live//s-sport/tracks-v1a1/mono.m3u8
2026-08-29 20:33:45,280 [INFO] Capturing response: https://www.atomsportv513.top/assets/img/player/player_logo_6a87a2e2eecc5.png 304 
2026-08-29 20:33:45,352 [INFO] Capturing response: https://corestream.ardastream.live//s-sport/tracks-v1a1/mono.m3u8 200 
2026-08-29 20:33:45,502 [INFO] Capturing request: https://global.ardastream.live/s-sport/tracks-v1a1/2026/08/29/20/34/04-05000.jpg
2026-08-29 20:33:47,632 [INFO]   ✅ M3U8 bulundu: https://corestream.ardastream.live//s-sport/tracks-v1a1/mono.m3u8
2026-08-29 20:33:48,399 [INFO] Capturing response: https://global.ardastream.live/s-sport/tracks-v1a1/2026/08/29/20/34/04-05000.jpg 200 
2026-08-29 20:33:48,632 [INFO] 
[9/14]
2026-08-29 20:33:48,632 [INFO] 🔍 S Sport 2 → https://www.atomsportv513.top/matches?id=s-sport-2
2026-08-29 20:33:48,745 [INFO] Capturing request: https://global.ardastream.live/s-sport/tracks-v1a1/2026/08/29/20/34/09-05000.jpg
2026-08-29 20:33:48,749 [INFO] Capturing request: https://www.atomsportv513.top/matches?id=s-sport-2
2026-08-29 20:33:49,039 [INFO] Capturing response: https://www.atomsportv513.top/matches?id=s-sport-2 200 
2026-08-29 20:33:49,179 [INFO] Capturing request: https://teletv5.top/load/yayinlink.php?id=s-sport-2
2026-08-29 20:33:49,180 [INFO] Capturing request: https://www.atomsportv513.top/favicon.ico
2026-08-29 20:33:49,243 [INFO] Capturing response: https://www.atomsportv513.top/favicon.ico 200 
2026-08-29 20:33:49,319 [INFO] Capturing request: https://streamsport365.com/cinema
2026-08-29 20:33:49,469 [INFO] Capturing response: https://teletv5.top/load/yayinlink.php?id=s-sport-2 200 
2026-08-29 20:33:49,648 [INFO] Capturing response: https://streamsport365.com/cinema 200 
2026-08-29 20:33:49,760 [INFO] Capturing request: https://www.atomsportv513.top/assets/img/player/player_logo_6a87a2e2eecc5.png
2026-08-29 20:33:49,770 [INFO] Capturing request: https://corestream.ardastream.live//s-sport2/tracks-v1a1/mono.m3u8
2026-08-29 20:33:49,802 [INFO] Capturing response: https://corestream.ardastream.live//s-sport2/tracks-v1a1/mono.m3u8 200 
2026-08-29 20:33:49,891 [INFO] Capturing response: https://www.atomsportv513.top/assets/img/player/player_logo_6a87a2e2eecc5.png 304 
2026-08-29 20:33:49,912 [INFO] Capturing request: https://global.ardastream.live/s-sport2/tracks-v1a1/2026/08/29/20/33/33-06400.jpg
2026-08-29 20:33:51,928 [INFO] Capturing response: https://global.ardastream.live/s-sport/tracks-v1a1/2026/08/29/20/34/09-05000.jpg 200 
2026-08-29 20:33:52,061 [INFO] 127.0.0.1:37748: ProtocolException("Error in HTTP connection: Http2ZombieException('Connection or stream already dead: 1788035632.0605683, False')")
2026-08-29 20:33:52,090 [INFO]   ✅ M3U8 bulundu: https://corestream.ardastream.live//s-sport2/tracks-v1a1/mono.m3u8
2026-08-29 20:33:53,090 [INFO] 
[10/14]
2026-08-29 20:33:53,090 [INFO] 🔍 A Spor → https://www.atomsportv513.top/matches?id=a-spor
2026-08-29 20:33:53,200 [INFO] Capturing request: https://www.atomsportv513.top/matches?id=a-spor
2026-08-29 20:33:53,486 [INFO] Capturing response: https://www.atomsportv513.top/matches?id=a-spor 200 
2026-08-29 20:33:53,519 [INFO] Capturing request: https://streamsport365.com/cinema
2026-08-29 20:33:53,613 [INFO] Capturing request: https://teletv5.top/load/yayinlink.php?id=a-spor
2026-08-29 20:33:53,621 [INFO] Capturing request: https://www.atomsportv513.top/favicon.ico
2026-08-29 20:33:53,671 [INFO] Capturing response: https://www.atomsportv513.top/favicon.ico 200 
2026-08-29 20:33:53,791 [INFO] Capturing response: https://global.ardastream.live/s-sport2/tracks-v1a1/2026/08/29/20/33/33-06400.jpg 200 
2026-08-29 20:33:53,845 [INFO] Capturing response: https://streamsport365.com/cinema 200 
2026-08-29 20:33:53,907 [INFO] Capturing response: https://teletv5.top/load/yayinlink.php?id=a-spor 200 
2026-08-29 20:33:54,060 [INFO] Capturing request: https://www.atomsportv513.top/assets/img/player/player_logo_6a87a2e2eecc5.png
2026-08-29 20:33:54,069 [INFO] Capturing request: https://corestream.ardastream.live//aspor/tracks-v1a1/mono.m3u8
2026-08-29 20:33:54,189 [INFO] Capturing response: https://www.atomsportv513.top/assets/img/player/player_logo_6a87a2e2eecc5.png 304 
2026-08-29 20:33:54,270 [INFO] Capturing response: https://corestream.ardastream.live//aspor/tracks-v1a1/mono.m3u8 404 
2026-08-29 20:33:56,433 [INFO] Capturing request: https://corestream.ardastream.live//aspor/tracks-v1a1/mono.m3u8
2026-08-29 20:33:56,530 [INFO]   ✅ M3U8 bulundu: https://corestream.ardastream.live//aspor/tracks-v1a1/mono.m3u8
2026-08-29 20:33:56,631 [INFO] Capturing response: https://corestream.ardastream.live//aspor/tracks-v1a1/mono.m3u8 404 
2026-08-29 20:33:57,530 [INFO] 
[11/14]
2026-08-29 20:33:57,531 [INFO] 🔍 Tivibu Spor 1 → https://www.atomsportv513.top/matches?id=tivibu-spor-1
2026-08-29 20:33:57,640 [INFO] Capturing request: https://www.atomsportv513.top/matches?id=tivibu-spor-1
2026-08-29 20:33:57,929 [INFO] Capturing response: https://www.atomsportv513.top/matches?id=tivibu-spor-1 200 
2026-08-29 20:33:58,054 [INFO] Capturing request: https://teletv5.top/load/yayinlink.php?id=tivibu-spor-1
2026-08-29 20:33:58,059 [INFO] Capturing request: https://www.atomsportv513.top/favicon.ico
2026-08-29 20:33:58,104 [INFO] Capturing response: https://www.atomsportv513.top/favicon.ico 200 
2026-08-29 20:33:58,195 [INFO] Capturing request: https://streamsport365.com/cinema
2026-08-29 20:33:58,338 [INFO] Capturing response: https://teletv5.top/load/yayinlink.php?id=tivibu-spor-1 200 
2026-08-29 20:33:58,528 [INFO] Capturing response: https://streamsport365.com/cinema 200 
2026-08-29 20:34:11,555 [INFO] Capturing request: https://update.googleapis.com/service/update2/json?cup2key=16:IDCa77pDjf1KhD0g1EGcvLGLx2Z9zKze7FPuf2-vzrM&cup2hreq=5f37064e6fd62bf7cfc37ba063074c845dad7d8df4e1a6d5114793273b811a12
2026-08-29 20:34:11,608 [INFO] Capturing response: https://update.googleapis.com/service/update2/json?cup2key=16:IDCa77pDjf1KhD0g1EGcvLGLx2Z9zKze7FPuf2-vzrM&cup2hreq=5f37064e6fd62bf7cfc37ba063074c845dad7d8df4e1a6d5114793273b811a12 200 
2026-08-29 20:34:11,615 [INFO] Capturing request: http://edgedl.me.gvt1.com/edgedl/diffgen-puffin/gcmjkmgdlgnkkcocmoeiminaijmmjnii/fc1f961a8e1d6f22b29a01eb8f62d27d7f0f928ed1b230dfa8430cc20542c1bf
2026-08-29 20:34:11,628 [INFO] Capturing response: http://edgedl.me.gvt1.com/edgedl/diffgen-puffin/gcmjkmgdlgnkkcocmoeiminaijmmjnii/fc1f961a8e1d6f22b29a01eb8f62d27d7f0f928ed1b230dfa8430cc20542c1bf 200 OK
2026-08-29 20:34:11,654 [INFO] Capturing request: https://update.googleapis.com/service/update2/json
2026-08-29 20:34:11,705 [INFO] Capturing response: https://update.googleapis.com/service/update2/json 200 
2026-08-29 20:34:11,788 [INFO] Capturing request: http://edgedl.me.gvt1.com/edgedl/release2/chrome_component/ace3q5jzwrrgq5yyiiixuy4snmaq_10742/hfnkpimlhhgieaddgfemjhofmfblmnib_10742_all_acdkfmtv3qmoytwhznmevtcqnz4q.crx3
2026-08-29 20:34:11,808 [INFO] Capturing response: http://edgedl.me.gvt1.com/edgedl/release2/chrome_component/ace3q5jzwrrgq5yyiiixuy4snmaq_10742/hfnkpimlhhgieaddgfemjhofmfblmnib_10742_all_acdkfmtv3qmoytwhznmevtcqnz4q.crx3 200 OK
2026-08-29 20:34:11,836 [INFO] Capturing request: https://update.googleapis.com/service/update2/json
2026-08-29 20:34:11,879 [INFO] Capturing response: https://update.googleapis.com/service/update2/json 200 
2026-08-29 20:34:30,877 [INFO] Capturing request: https://android.clients.google.com/c2dm/register3
2026-08-29 20:34:30,935 [INFO] Capturing response: https://android.clients.google.com/c2dm/register3 301 
2026-08-29 20:34:31,247 [WARNING]   ❌ Tivibu Spor 1 için M3U8 bulunamadı
2026-08-29 20:34:32,247 [INFO] 
[12/14]
2026-08-29 20:34:32,247 [INFO] 🔍 Tivibu Spor 2 → https://www.atomsportv513.top/matches?id=tivibu-spor-2
2026-08-29 20:34:32,426 [INFO] Capturing request: https://www.atomsportv513.top/matches?id=tivibu-spor-2
2026-08-29 20:34:33,076 [INFO] Capturing response: https://www.atomsportv513.top/matches?id=tivibu-spor-2 200 
2026-08-29 20:34:33,238 [INFO] Capturing request: https://www.atomsportv513.top/favicon.ico
2026-08-29 20:34:33,287 [INFO] Capturing request: https://teletv5.top/load/yayinlink.php?id=tivibu-spor-2
2026-08-29 20:34:33,289 [INFO] Capturing response: https://www.atomsportv513.top/favicon.ico 200 
2026-08-29 20:34:33,557 [INFO] Capturing response: https://teletv5.top/load/yayinlink.php?id=tivibu-spor-2 200 
2026-08-29 20:34:33,783 [INFO] Capturing request: https://streamsport365.com/cinema
2026-08-29 20:34:34,098 [INFO] Capturing response: https://streamsport365.com/cinema 200 
2026-08-29 20:35:06,384 [WARNING]   ❌ Tivibu Spor 2 için M3U8 bulunamadı
2026-08-29 20:35:07,385 [INFO] 
[13/14]
2026-08-29 20:35:07,385 [INFO] 🔍 Tivibu Spor 3 → https://www.atomsportv513.top/matches?id=tivibu-spor-3
2026-08-29 20:35:07,493 [INFO] Capturing request: https://www.atomsportv513.top/matches?id=tivibu-spor-3
2026-08-29 20:35:07,995 [INFO] Capturing response: https://www.atomsportv513.top/matches?id=tivibu-spor-3 200 
2026-08-29 20:35:08,125 [INFO] Capturing request: https://teletv5.top/load/yayinlink.php?id=tivibu-spor-3
2026-08-29 20:35:08,127 [INFO] Capturing request: https://www.atomsportv513.top/favicon.ico
2026-08-29 20:35:08,182 [INFO] Capturing response: https://www.atomsportv513.top/favicon.ico 200 
2026-08-29 20:35:08,262 [INFO] Capturing request: https://streamsport365.com/cinema
2026-08-29 20:35:08,498 [INFO] Capturing response: https://teletv5.top/load/yayinlink.php?id=tivibu-spor-3 200 
2026-08-29 20:35:08,586 [INFO] Capturing response: https://streamsport365.com/cinema 200 
2026-08-29 20:35:41,278 [WARNING]   ❌ Tivibu Spor 3 için M3U8 bulunamadı
2026-08-29 20:35:42,278 [INFO] 
[14/14]
2026-08-29 20:35:42,278 [INFO] 🔍 Tivibu Spor 4 → https://www.atomsportv513.top/matches?id=tivibu-spor-4
2026-08-29 20:35:42,387 [INFO] Capturing request: https://www.atomsportv513.top/matches?id=tivibu-spor-4
2026-08-29 20:35:42,882 [INFO] Capturing response: https://www.atomsportv513.top/matches?id=tivibu-spor-4 200 
2026-08-29 20:35:43,015 [INFO] Capturing request: https://www.atomsportv513.top/favicon.ico
2026-08-29 20:35:43,017 [INFO] Capturing request: https://teletv5.top/load/yayinlink.php?id=tivibu-spor-4
2026-08-29 20:35:43,068 [INFO] Capturing response: https://www.atomsportv513.top/favicon.ico 200 
2026-08-29 20:35:43,156 [INFO] Capturing request: https://streamsport365.com/cinema
2026-08-29 20:35:43,485 [INFO] Capturing response: https://streamsport365.com/cinema 200 
2026-08-29 20:35:43,487 [INFO] Capturing response: https://teletv5.top/load/yayinlink.php?id=tivibu-spor-4 200 
2026-08-29 20:36:12,390 [INFO] Capturing request: https://android.clients.google.com/c2dm/register3
2026-08-29 20:36:12,448 [INFO] Capturing response: https://android.clients.google.com/c2dm/register3 301 
2026-08-29 20:36:16,164 [WARNING]   ❌ Tivibu Spor 4 için M3U8 bulunamadı
2026-08-29 20:36:17,232 [INFO] ✅ 10 kanal bulundu, playlist.m3u kaydedildi
