2026-09-22 12:26:20,447 [INFO] 🌐 BASE_URL: https://www.atomsportv514.top
2026-09-22 12:26:21,946 [INFO] Başlanıyor... 14 kanal taranacak
2026-09-22 12:26:21,947 [INFO] Using default request storage
2026-09-22 12:26:21,950 [INFO] Created proxy listening on 127.0.0.1:34481
2026-09-22 12:26:22,537 [INFO] Capturing request: http://clients2.google.com/time/1/current?cup2key=10:hjCFwfw7qd7hPEI6r38VE98L5lMhk-g3MguNI-jdpBM&cup2hreq=e3b0c44298fc1c149afbf4c8996fb92427ae41e4649b934ca495991b7852b855
2026-09-22 12:26:22,609 [INFO] Capturing response: http://clients2.google.com/time/1/current?cup2key=10:hjCFwfw7qd7hPEI6r38VE98L5lMhk-g3MguNI-jdpBM&cup2hreq=e3b0c44298fc1c149afbf4c8996fb92427ae41e4649b934ca495991b7852b855 200 OK
2026-09-22 12:26:22,717 [INFO] 
[1/14]
2026-09-22 12:26:22,718 [INFO] 🔍 beIN Sports 1 → https://www.atomsportv514.top/matches?id=bein-sports-1
2026-09-22 12:26:22,774 [INFO] Capturing request: https://update.googleapis.com/service/update2/json?cup2key=ML-DSA-44-16:kVuCFKhvtEazhel7VM_wxj9ycovFYLvihkWcA3WqgWI&cup2hreq=40fd1650c934042f312a486473e027a4cf0bb78a23e7b99ba31d1e21e3e249c3
2026-09-22 12:26:22,782 [INFO] Capturing request: https://accounts.google.com/ListAccounts?gpsia=1&source=ChromiumBrowser&json=standard&laf=b64bin
2026-09-22 12:26:22,884 [INFO] Capturing response: https://update.googleapis.com/service/update2/json?cup2key=ML-DSA-44-16:kVuCFKhvtEazhel7VM_wxj9ycovFYLvihkWcA3WqgWI&cup2hreq=40fd1650c934042f312a486473e027a4cf0bb78a23e7b99ba31d1e21e3e249c3 200 
2026-09-22 12:26:22,887 [INFO] Capturing request: https://www.google.com/async/folae?async=_fmt:pb&udm=50&client_locale=en-US&client_country=ZZ
2026-09-22 12:26:22,890 [INFO] Capturing response: https://accounts.google.com/ListAccounts?gpsia=1&source=ChromiumBrowser&json=standard&laf=b64bin 200 
2026-09-22 12:26:22,900 [INFO] Capturing request: https://www.atomsportv514.top/matches?id=bein-sports-1
2026-09-22 12:26:22,914 [INFO] Capturing response: https://www.google.com/async/folae?async=_fmt:pb&udm=50&client_locale=en-US&client_country=ZZ 200 
2026-09-22 12:26:22,931 [INFO] Capturing request: https://update.googleapis.com/service/update2/json?cup2key=ML-DSA-44-16:WMklCiRFvuK3k0miHeand7sJ31oplOpKC9GLTMwFU8E&cup2hreq=98c97595a832703e57f49ab1b300e0d341c14f80b5f3bce62f1bcac888f0d7a6
2026-09-22 12:26:22,981 [INFO] Capturing response: https://update.googleapis.com/service/update2/json?cup2key=ML-DSA-44-16:WMklCiRFvuK3k0miHeand7sJ31oplOpKC9GLTMwFU8E&cup2hreq=98c97595a832703e57f49ab1b300e0d341c14f80b5f3bce62f1bcac888f0d7a6 200 
2026-09-22 12:26:23,028 [INFO] Capturing request: https://update.googleapis.com/service/update2/json?cup2key=ML-DSA-44-16:pZCUMaVNN_dfzWU6_BXpfav4cversB6lSlcs9R-hPps&cup2hreq=8d8fbf0040f224cabc0bc2c4987a8d6be3e1f77efdfa0486c37a132e4d151ecc
2026-09-22 12:26:23,078 [INFO] Capturing response: https://update.googleapis.com/service/update2/json?cup2key=ML-DSA-44-16:pZCUMaVNN_dfzWU6_BXpfav4cversB6lSlcs9R-hPps&cup2hreq=8d8fbf0040f224cabc0bc2c4987a8d6be3e1f77efdfa0486c37a132e4d151ecc 200 
2026-09-22 12:26:23,136 [INFO] Capturing request: https://www.google.com/async/folae?async=_fmt:pb&udm=50&client_locale=en-US&client_country=ZZ
2026-09-22 12:26:23,162 [INFO] Capturing response: https://www.google.com/async/folae?async=_fmt:pb&udm=50&client_locale=en-US&client_country=ZZ 200 
2026-09-22 12:26:23,591 [INFO] Capturing response: https://www.atomsportv514.top/matches?id=bein-sports-1 200 
2026-09-22 12:26:23,818 [INFO] Capturing request: https://cdn.jsdelivr.net/npm/@clappr/player@0.11.16/dist/clappr.min.js
2026-09-22 12:26:23,827 [INFO] Capturing request: https://cdn.jsdelivr.net/npm/@clappr/hlsjs-playback@1.8.3/dist/hlsjs-playback.min.js
2026-09-22 12:26:23,827 [INFO] Capturing request: https://cdn.jsdelivr.net/npm/level-selector/dist/level-selector.min.js
2026-09-22 12:26:23,914 [INFO] Capturing response: https://cdn.jsdelivr.net/npm/@clappr/player@0.11.16/dist/clappr.min.js 200 
2026-09-22 12:26:23,929 [INFO] Capturing response: https://cdn.jsdelivr.net/npm/@clappr/hlsjs-playback@1.8.3/dist/hlsjs-playback.min.js 200 
2026-09-22 12:26:24,156 [INFO] Capturing response: https://cdn.jsdelivr.net/npm/level-selector/dist/level-selector.min.js 200 
2026-09-22 12:26:24,272 [INFO] Capturing request: https://www.atomsportv514.top/favicon.ico
2026-09-22 12:26:24,317 [INFO] Capturing response: https://www.atomsportv514.top/favicon.ico 200 
2026-09-22 12:26:24,518 [INFO] Capturing request: https://teletv5.top/load/yayinlink.php?id=bein-sports-1
2026-09-22 12:26:24,842 [INFO] Capturing request: https://streamsport365.com/cinema
2026-09-22 12:26:24,975 [INFO] Capturing response: https://teletv5.top/load/yayinlink.php?id=bein-sports-1 200 
2026-09-22 12:26:25,181 [INFO] Capturing response: https://streamsport365.com/cinema 200 
2026-09-22 12:26:25,302 [INFO] Capturing request: https://www.atomsportv514.top/assets/img/player/player_logo_6a87a2e2eecc5.png
2026-09-22 12:26:25,354 [INFO] Capturing response: https://www.atomsportv514.top/assets/img/player/player_logo_6a87a2e2eecc5.png 200 
2026-09-22 12:26:25,406 [INFO] Capturing request: https://ladyboy.yedektv.cfd//beintv/tracks-v1a1/mono.m3u8
2026-09-22 12:26:25,628 [INFO] Capturing response: https://ladyboy.yedektv.cfd//beintv/tracks-v1a1/mono.m3u8 200 
2026-09-22 12:26:25,982 [INFO] Capturing request: https://taylandpompa.yedektv.cfd/beintv/tracks-v1a1/2026/09/22/12/26/36-05000.jpg
2026-09-22 12:26:26,115 [INFO] Capturing request: https://android.clients.google.com/checkin
2026-09-22 12:26:26,235 [INFO] Capturing response: https://android.clients.google.com/checkin 200 
2026-09-22 12:26:26,281 [INFO] Capturing request: https://android.clients.google.com/c2dm/register3
2026-09-22 12:26:26,281 [INFO] Capturing request: https://android.clients.google.com/c2dm/register3
2026-09-22 12:26:26,282 [INFO] Capturing request: https://android.clients.google.com/c2dm/register3
2026-09-22 12:26:26,338 [INFO] Capturing response: https://android.clients.google.com/c2dm/register3 429 
2026-09-22 12:26:26,621 [INFO] Capturing response: https://taylandpompa.yedektv.cfd/beintv/tracks-v1a1/2026/09/22/12/26/36-05000.jpg 200 
2026-09-22 12:26:26,805 [INFO] Capturing request: https://taylandpompa.yedektv.cfd/beintv/tracks-v1a1/2026/09/22/12/26/41-05000.jpg
2026-09-22 12:26:27,184 [INFO]   ✅ M3U8 bulundu: https://ladyboy.yedektv.cfd//beintv/tracks-v1a1/mono.m3u8
2026-09-22 12:26:27,209 [INFO] Capturing response: https://android.clients.google.com/c2dm/register3 200 
2026-09-22 12:26:27,255 [INFO] Capturing response: https://android.clients.google.com/c2dm/register3 200 
2026-09-22 12:26:27,397 [INFO] Capturing response: https://taylandpompa.yedektv.cfd/beintv/tracks-v1a1/2026/09/22/12/26/41-05000.jpg 200 
2026-09-22 12:26:27,551 [INFO] Capturing request: https://taylandpompa.yedektv.cfd/beintv/tracks-v1a1/2026/09/22/12/26/46-05000.jpg
2026-09-22 12:26:28,138 [INFO] Capturing response: https://taylandpompa.yedektv.cfd/beintv/tracks-v1a1/2026/09/22/12/26/46-05000.jpg 200 
2026-09-22 12:26:28,185 [INFO] 
[2/14]
2026-09-22 12:26:28,185 [INFO] 🔍 beIN Sports 2 → https://www.atomsportv514.top/matches?id=bein-sports-2
2026-09-22 12:26:28,293 [INFO] Capturing request: https://www.atomsportv514.top/matches?id=bein-sports-2
2026-09-22 12:26:28,571 [INFO] Capturing response: https://www.atomsportv514.top/matches?id=bein-sports-2 200 
2026-09-22 12:26:28,603 [INFO] Capturing request: https://streamsport365.com/cinema
2026-09-22 12:26:28,702 [INFO] Capturing request: https://teletv5.top/load/yayinlink.php?id=bein-sports-2
2026-09-22 12:26:28,705 [INFO] Capturing request: https://www.atomsportv514.top/favicon.ico
2026-09-22 12:26:28,740 [INFO] Capturing response: https://www.atomsportv514.top/favicon.ico 200 
2026-09-22 12:26:28,952 [INFO] Capturing response: https://streamsport365.com/cinema 200 
2026-09-22 12:26:29,165 [INFO] Capturing response: https://teletv5.top/load/yayinlink.php?id=bein-sports-2 200 
2026-09-22 12:26:29,274 [INFO] Capturing request: https://www.atomsportv514.top/assets/img/player/player_logo_6a87a2e2eecc5.png
2026-09-22 12:26:29,281 [INFO] Capturing request: https://ladyboy.yedektv.cfd//bein2/tracks-v1a1/mono.m3u8
2026-09-22 12:26:29,394 [INFO] Capturing response: https://www.atomsportv514.top/assets/img/player/player_logo_6a87a2e2eecc5.png 304 
2026-09-22 12:26:29,497 [INFO] Capturing response: https://ladyboy.yedektv.cfd//bein2/tracks-v1a1/mono.m3u8 200 
2026-09-22 12:26:29,605 [INFO] Capturing request: https://taylandpompa.yedektv.cfd/bein2/tracks-v1a1/2026/09/22/12/26/04-10000.jpg
2026-09-22 12:26:31,021 [INFO] Capturing response: https://taylandpompa.yedektv.cfd/bein2/tracks-v1a1/2026/09/22/12/26/04-10000.jpg 200 
2026-09-22 12:26:31,252 [INFO] Capturing request: https://taylandpompa.yedektv.cfd/bein2/tracks-v1a1/2026/09/22/12/26/14-10000.jpg
2026-09-22 12:26:31,613 [INFO]   ✅ M3U8 bulundu: https://ladyboy.yedektv.cfd//bein2/tracks-v1a1/mono.m3u8
2026-09-22 12:26:32,596 [INFO] Capturing response: https://taylandpompa.yedektv.cfd/bein2/tracks-v1a1/2026/09/22/12/26/14-10000.jpg 200 
2026-09-22 12:26:32,614 [INFO] 
[3/14]
2026-09-22 12:26:32,614 [INFO] 🔍 beIN Sports 3 → https://www.atomsportv514.top/matches?id=bein-sports-3
2026-09-22 12:26:32,728 [INFO] Capturing request: https://www.atomsportv514.top/matches?id=bein-sports-3
2026-09-22 12:26:32,819 [INFO] Capturing request: https://taylandpompa.yedektv.cfd/bein2/tracks-v1a1/2026/09/22/12/26/24-10000.jpg
2026-09-22 12:26:33,005 [INFO] Capturing response: https://www.atomsportv514.top/matches?id=bein-sports-3 200 
2026-09-22 12:26:33,124 [INFO] Capturing request: https://teletv5.top/load/yayinlink.php?id=bein-sports-3
2026-09-22 12:26:33,126 [INFO] Capturing request: https://www.atomsportv514.top/favicon.ico
2026-09-22 12:26:33,163 [INFO] Capturing response: https://www.atomsportv514.top/favicon.ico 200 
2026-09-22 12:26:33,260 [INFO] Capturing request: https://streamsport365.com/cinema
2026-09-22 12:26:33,352 [INFO] Capturing response: https://teletv5.top/load/yayinlink.php?id=bein-sports-3 200 
2026-09-22 12:26:33,587 [INFO] Capturing response: https://streamsport365.com/cinema 200 
2026-09-22 12:26:33,696 [INFO] Capturing request: https://www.atomsportv514.top/assets/img/player/player_logo_6a87a2e2eecc5.png
2026-09-22 12:26:33,702 [INFO] Capturing request: https://ladyboy.yedektv.cfd//bein3/tracks-v1a1/mono.m3u8
2026-09-22 12:26:33,816 [INFO] Capturing response: https://www.atomsportv514.top/assets/img/player/player_logo_6a87a2e2eecc5.png 304 
2026-09-22 12:26:33,909 [INFO] Capturing response: https://ladyboy.yedektv.cfd//bein3/tracks-v1a1/mono.m3u8 200 
2026-09-22 12:26:34,016 [INFO] Capturing request: https://taylandpompa.yedektv.cfd/bein3/tracks-v1a1/2026/09/22/12/26/48-05000.jpg
2026-09-22 12:26:34,542 [INFO] Capturing response: https://taylandpompa.yedektv.cfd/bein2/tracks-v1a1/2026/09/22/12/26/24-10000.jpg 200 
2026-09-22 12:26:34,569 [INFO] 127.0.0.1:55828: ProtocolException("Error in HTTP connection: Http2ZombieException('Connection or stream already dead: 1790079994.5691745, False')")
2026-09-22 12:26:34,865 [INFO] Capturing response: https://taylandpompa.yedektv.cfd/bein3/tracks-v1a1/2026/09/22/12/26/48-05000.jpg 200 
2026-09-22 12:26:35,018 [INFO] Capturing request: https://taylandpompa.yedektv.cfd/bein3/tracks-v1a1/2026/09/22/12/26/53-05000.jpg
2026-09-22 12:26:35,704 [INFO] Capturing response: https://taylandpompa.yedektv.cfd/bein3/tracks-v1a1/2026/09/22/12/26/53-05000.jpg 200 
2026-09-22 12:26:35,883 [INFO] Capturing request: https://taylandpompa.yedektv.cfd/bein3/tracks-v1a1/2026/09/22/12/26/58-05000.jpg
2026-09-22 12:26:36,038 [INFO]   ✅ M3U8 bulundu: https://ladyboy.yedektv.cfd//bein3/tracks-v1a1/mono.m3u8
2026-09-22 12:26:36,548 [INFO] Capturing response: https://taylandpompa.yedektv.cfd/bein3/tracks-v1a1/2026/09/22/12/26/58-05000.jpg 200 
2026-09-22 12:26:37,039 [INFO] 
[4/14]
2026-09-22 12:26:37,039 [INFO] 🔍 beIN Sports 4 → https://www.atomsportv514.top/matches?id=bein-sports-4
2026-09-22 12:26:37,146 [INFO] Capturing request: https://www.atomsportv514.top/matches?id=bein-sports-4
2026-09-22 12:26:37,422 [INFO] Capturing response: https://www.atomsportv514.top/matches?id=bein-sports-4 200 
2026-09-22 12:26:37,441 [INFO] Capturing request: https://streamsport365.com/cinema
2026-09-22 12:26:37,542 [INFO] Capturing request: https://teletv5.top/load/yayinlink.php?id=bein-sports-4
2026-09-22 12:26:37,543 [INFO] Capturing request: https://www.atomsportv514.top/favicon.ico
2026-09-22 12:26:37,582 [INFO] Capturing response: https://www.atomsportv514.top/favicon.ico 200 
2026-09-22 12:26:37,769 [INFO] Capturing response: https://streamsport365.com/cinema 200 
2026-09-22 12:26:37,770 [INFO] Capturing response: https://teletv5.top/load/yayinlink.php?id=bein-sports-4 200 
2026-09-22 12:26:37,919 [INFO] Capturing request: https://www.atomsportv514.top/assets/img/player/player_logo_6a87a2e2eecc5.png
2026-09-22 12:26:37,925 [INFO] Capturing request: https://ladyboy.yedektv.cfd//bein4/tracks-v1a1/mono.m3u8
2026-09-22 12:26:38,040 [INFO] Capturing response: https://www.atomsportv514.top/assets/img/player/player_logo_6a87a2e2eecc5.png 304 
2026-09-22 12:26:38,126 [INFO] Capturing response: https://ladyboy.yedektv.cfd//bein4/tracks-v1a1/mono.m3u8 200 
2026-09-22 12:26:38,275 [INFO] Capturing request: https://taylandpompa.yedektv.cfd/bein4/tracks-v1a1/2026/09/22/12/26/23-06000.jpg
2026-09-22 12:26:38,843 [INFO] Capturing response: https://taylandpompa.yedektv.cfd/bein4/tracks-v1a1/2026/09/22/12/26/23-06000.jpg 200 
2026-09-22 12:26:38,982 [INFO] Capturing request: https://taylandpompa.yedektv.cfd/bein4/tracks-v1a1/2026/09/22/12/26/29-06000.jpg
2026-09-22 12:26:39,503 [INFO] Capturing response: https://taylandpompa.yedektv.cfd/bein4/tracks-v1a1/2026/09/22/12/26/29-06000.jpg 200 
2026-09-22 12:26:39,673 [INFO] Capturing request: https://taylandpompa.yedektv.cfd/bein4/tracks-v1a1/2026/09/22/12/26/35-06000.jpg
2026-09-22 12:26:40,338 [INFO] Capturing response: https://taylandpompa.yedektv.cfd/bein4/tracks-v1a1/2026/09/22/12/26/35-06000.jpg 200 
2026-09-22 12:26:40,454 [INFO]   ✅ M3U8 bulundu: https://ladyboy.yedektv.cfd//bein4/tracks-v1a1/mono.m3u8
2026-09-22 12:26:41,454 [INFO] 
[5/14]
2026-09-22 12:26:41,454 [INFO] 🔍 beIN Sports 5 → https://www.atomsportv514.top/matches?id=bein-sports-5
2026-09-22 12:26:41,561 [INFO] Capturing request: https://www.atomsportv514.top/matches?id=bein-sports-5
2026-09-22 12:26:41,839 [INFO] Capturing response: https://www.atomsportv514.top/matches?id=bein-sports-5 200 
2026-09-22 12:26:41,959 [INFO] Capturing request: https://teletv5.top/load/yayinlink.php?id=bein-sports-5
2026-09-22 12:26:41,960 [INFO] Capturing request: https://www.atomsportv514.top/favicon.ico
2026-09-22 12:26:41,998 [INFO] Capturing response: https://www.atomsportv514.top/favicon.ico 200 
2026-09-22 12:26:42,093 [INFO] Capturing request: https://streamsport365.com/cinema
2026-09-22 12:26:42,241 [INFO] Capturing response: https://teletv5.top/load/yayinlink.php?id=bein-sports-5 200 
2026-09-22 12:26:42,414 [INFO] Capturing response: https://streamsport365.com/cinema 200 
2026-09-22 12:26:42,522 [INFO] Capturing request: https://www.atomsportv514.top/assets/img/player/player_logo_6a87a2e2eecc5.png
2026-09-22 12:26:42,529 [INFO] Capturing request: https://ladyboy.yedektv.cfd//bein5/tracks-v1a1/mono.m3u8
2026-09-22 12:26:42,646 [INFO] Capturing response: https://www.atomsportv514.top/assets/img/player/player_logo_6a87a2e2eecc5.png 304 
2026-09-22 12:26:42,737 [INFO] Capturing response: https://ladyboy.yedektv.cfd//bein5/tracks-v1a1/mono.m3u8 404 
2026-09-22 12:26:44,856 [INFO] Capturing request: https://ladyboy.yedektv.cfd//bein5/tracks-v1a1/mono.m3u8
2026-09-22 12:26:44,868 [INFO]   ✅ M3U8 bulundu: https://ladyboy.yedektv.cfd//bein5/tracks-v1a1/mono.m3u8
2026-09-22 12:26:45,051 [INFO] Capturing response: https://ladyboy.yedektv.cfd//bein5/tracks-v1a1/mono.m3u8 404 
2026-09-22 12:26:45,868 [INFO] 
[6/14]
2026-09-22 12:26:45,868 [INFO] 🔍 beIN Sports Max 1 → https://www.atomsportv514.top/matches?id=bein-sports-max-1
2026-09-22 12:26:45,974 [INFO] Capturing request: https://www.atomsportv514.top/matches?id=bein-sports-max-1
2026-09-22 12:26:46,428 [INFO] Capturing response: https://www.atomsportv514.top/matches?id=bein-sports-max-1 200 
2026-09-22 12:26:46,446 [INFO] Capturing request: https://streamsport365.com/cinema
2026-09-22 12:26:46,546 [INFO] Capturing request: https://teletv5.top/load/yayinlink.php?id=bein-sports-max-1
2026-09-22 12:26:46,549 [INFO] Capturing request: https://www.atomsportv514.top/favicon.ico
2026-09-22 12:26:46,588 [INFO] Capturing response: https://www.atomsportv514.top/favicon.ico 200 
2026-09-22 12:26:46,772 [INFO] Capturing response: https://teletv5.top/load/yayinlink.php?id=bein-sports-max-1 200 
2026-09-22 12:26:46,782 [INFO] Capturing response: https://streamsport365.com/cinema 200 
2026-09-22 12:26:46,920 [INFO] Capturing request: https://www.atomsportv514.top/assets/img/player/player_logo_6a87a2e2eecc5.png
2026-09-22 12:26:46,927 [INFO] Capturing request: https://ladyboy.yedektv.cfd//beinmax1/tracks-v1a1/mono.m3u8
2026-09-22 12:26:47,042 [INFO] Capturing response: https://www.atomsportv514.top/assets/img/player/player_logo_6a87a2e2eecc5.png 304 
2026-09-22 12:26:47,137 [INFO] Capturing response: https://ladyboy.yedektv.cfd//beinmax1/tracks-v1a1/mono.m3u8 200 
2026-09-22 12:26:47,245 [INFO] Capturing request: https://taylandpompa.yedektv.cfd/beinmax1/tracks-v1a1/2026/09/22/12/26/15-10000.jpg
2026-09-22 12:26:48,660 [INFO] Capturing response: https://taylandpompa.yedektv.cfd/beinmax1/tracks-v1a1/2026/09/22/12/26/15-10000.jpg 200 
2026-09-22 12:26:48,885 [INFO] Capturing request: https://taylandpompa.yedektv.cfd/beinmax1/tracks-v1a1/2026/09/22/12/26/25-10000.jpg
2026-09-22 12:26:49,456 [INFO]   ✅ M3U8 bulundu: https://ladyboy.yedektv.cfd//beinmax1/tracks-v1a1/mono.m3u8
2026-09-22 12:26:50,253 [INFO] Capturing response: https://taylandpompa.yedektv.cfd/beinmax1/tracks-v1a1/2026/09/22/12/26/25-10000.jpg 200 
2026-09-22 12:26:50,457 [INFO] 
[7/14]
2026-09-22 12:26:50,457 [INFO] 🔍 beIN Sports Max 2 → https://www.atomsportv514.top/matches?id=bein-sports-max-2
2026-09-22 12:26:50,466 [INFO] Capturing request: https://taylandpompa.yedektv.cfd/beinmax1/tracks-v1a1/2026/09/22/12/26/35-10000.jpg
2026-09-22 12:26:50,564 [INFO] Capturing request: https://www.atomsportv514.top/matches?id=bein-sports-max-2
2026-09-22 12:26:50,976 [INFO] Capturing response: https://www.atomsportv514.top/matches?id=bein-sports-max-2 200 
2026-09-22 12:26:51,099 [INFO] Capturing request: https://teletv5.top/load/yayinlink.php?id=bein-sports-max-2
2026-09-22 12:26:51,100 [INFO] Capturing request: https://www.atomsportv514.top/favicon.ico
2026-09-22 12:26:51,137 [INFO] Capturing response: https://www.atomsportv514.top/favicon.ico 200 
2026-09-22 12:26:51,236 [INFO] Capturing request: https://streamsport365.com/cinema
2026-09-22 12:26:51,323 [INFO] Capturing response: https://teletv5.top/load/yayinlink.php?id=bein-sports-max-2 200 
2026-09-22 12:26:51,556 [INFO] Capturing response: https://streamsport365.com/cinema 200 
2026-09-22 12:26:51,664 [INFO] Capturing request: https://www.atomsportv514.top/assets/img/player/player_logo_6a87a2e2eecc5.png
2026-09-22 12:26:51,672 [INFO] Capturing request: https://ladyboy.yedektv.cfd//beinmax2/tracks-v1a1/mono.m3u8
2026-09-22 12:26:51,785 [INFO] Capturing response: https://www.atomsportv514.top/assets/img/player/player_logo_6a87a2e2eecc5.png 304 
2026-09-22 12:26:51,882 [INFO] Capturing response: https://ladyboy.yedektv.cfd//beinmax2/tracks-v1a1/mono.m3u8 200 
2026-09-22 12:26:51,990 [INFO] Capturing response: https://taylandpompa.yedektv.cfd/beinmax1/tracks-v1a1/2026/09/22/12/26/35-10000.jpg 200 
2026-09-22 12:26:51,992 [INFO] Capturing request: https://taylandpompa.yedektv.cfd/beinmax2/tracks-v1a1/2026/09/22/12/26/19-07680.jpg
2026-09-22 12:26:53,739 [INFO] Capturing response: https://taylandpompa.yedektv.cfd/beinmax2/tracks-v1a1/2026/09/22/12/26/19-07680.jpg 200 
2026-09-22 12:26:53,993 [INFO] Capturing request: https://taylandpompa.yedektv.cfd/beinmax2/tracks-v1a1/2026/09/22/12/26/27-07680.jpg
2026-09-22 12:26:54,010 [INFO]   ✅ M3U8 bulundu: https://ladyboy.yedektv.cfd//beinmax2/tracks-v1a1/mono.m3u8
2026-09-22 12:26:55,010 [INFO] 
[8/14]
2026-09-22 12:26:55,010 [INFO] 🔍 S Sport → https://www.atomsportv514.top/matches?id=s-sport
2026-09-22 12:26:55,117 [INFO] Capturing request: https://www.atomsportv514.top/matches?id=s-sport
2026-09-22 12:26:55,605 [INFO] Capturing response: https://www.atomsportv514.top/matches?id=s-sport 200 
2026-09-22 12:26:55,628 [INFO] Capturing request: https://streamsport365.com/cinema
2026-09-22 12:26:55,727 [INFO] Capturing request: https://teletv5.top/load/yayinlink.php?id=s-sport
2026-09-22 12:26:55,729 [INFO] Capturing request: https://www.atomsportv514.top/favicon.ico
2026-09-22 12:26:55,732 [INFO] Capturing response: https://taylandpompa.yedektv.cfd/beinmax2/tracks-v1a1/2026/09/22/12/26/27-07680.jpg 200 
2026-09-22 12:26:55,766 [INFO] Capturing response: https://www.atomsportv514.top/favicon.ico 200 
2026-09-22 12:26:55,952 [INFO] Capturing response: https://teletv5.top/load/yayinlink.php?id=s-sport 200 
2026-09-22 12:26:55,956 [INFO] Capturing response: https://streamsport365.com/cinema 200 
2026-09-22 12:26:56,102 [INFO] Capturing request: https://www.atomsportv514.top/assets/img/player/player_logo_6a87a2e2eecc5.png
2026-09-22 12:26:56,110 [INFO] Capturing request: https://ladyboy.yedektv.cfd//s-sport/tracks-v1a1/mono.m3u8
2026-09-22 12:26:56,223 [INFO] Capturing response: https://www.atomsportv514.top/assets/img/player/player_logo_6a87a2e2eecc5.png 304 
2026-09-22 12:26:56,311 [INFO] Capturing response: https://ladyboy.yedektv.cfd//s-sport/tracks-v1a1/mono.m3u8 200 
2026-09-22 12:26:56,459 [INFO] Capturing request: https://taylandpompa.yedektv.cfd/s-sport/tracks-v1a1/2026/09/22/12/27/51-06000.jpg
2026-09-22 12:26:58,284 [INFO] Capturing response: https://taylandpompa.yedektv.cfd/s-sport/tracks-v1a1/2026/09/22/12/27/51-06000.jpg 200 
2026-09-22 12:26:58,638 [INFO]   ✅ M3U8 bulundu: https://ladyboy.yedektv.cfd//s-sport/tracks-v1a1/mono.m3u8
2026-09-22 12:26:58,727 [INFO] Capturing request: https://taylandpompa.yedektv.cfd/s-sport/tracks-v1a1/2026/09/22/12/27/51-06000.jpg
2026-09-22 12:26:59,638 [INFO] 
[9/14]
2026-09-22 12:26:59,638 [INFO] 🔍 S Sport 2 → https://www.atomsportv514.top/matches?id=s-sport-2
2026-09-22 12:26:59,745 [INFO] Capturing request: https://www.atomsportv514.top/matches?id=s-sport-2
2026-09-22 12:27:00,017 [INFO] Capturing response: https://www.atomsportv514.top/matches?id=s-sport-2 200 
2026-09-22 12:27:00,137 [INFO] Capturing request: https://www.atomsportv514.top/favicon.ico
2026-09-22 12:27:00,137 [INFO] Capturing request: https://teletv5.top/load/yayinlink.php?id=s-sport-2
2026-09-22 12:27:00,173 [INFO] Capturing response: https://www.atomsportv514.top/favicon.ico 200 
2026-09-22 12:27:00,272 [INFO] Capturing request: https://streamsport365.com/cinema
2026-09-22 12:27:00,362 [INFO] Capturing response: https://teletv5.top/load/yayinlink.php?id=s-sport-2 200 
2026-09-22 12:27:00,449 [INFO] Capturing response: https://taylandpompa.yedektv.cfd/s-sport/tracks-v1a1/2026/09/22/12/27/51-06000.jpg 200 
2026-09-22 12:27:00,613 [INFO] Capturing response: https://streamsport365.com/cinema 200 
2026-09-22 12:27:00,613 [INFO] 127.0.0.1:55828: ProtocolException("Error in HTTP connection: Http2ZombieException('Connection or stream already dead: 1790080020.5111773, False')")
2026-09-22 12:27:00,721 [INFO] Capturing request: https://www.atomsportv514.top/assets/img/player/player_logo_6a87a2e2eecc5.png
2026-09-22 12:27:00,728 [INFO] Capturing request: https://ladyboy.yedektv.cfd//s-sport2/tracks-v1a1/mono.m3u8
2026-09-22 12:27:00,843 [INFO] Capturing response: https://www.atomsportv514.top/assets/img/player/player_logo_6a87a2e2eecc5.png 304 
2026-09-22 12:27:00,940 [INFO] Capturing response: https://ladyboy.yedektv.cfd//s-sport2/tracks-v1a1/mono.m3u8 200 
2026-09-22 12:27:01,048 [INFO] Capturing request: https://taylandpompa.yedektv.cfd/s-sport2/tracks-v1a1/2026/09/22/12/27/18-06400.jpg
2026-09-22 12:27:02,242 [INFO] Capturing response: https://taylandpompa.yedektv.cfd/s-sport2/tracks-v1a1/2026/09/22/12/27/18-06400.jpg 200 
2026-09-22 12:27:02,434 [INFO] Capturing request: https://taylandpompa.yedektv.cfd/s-sport2/tracks-v1a1/2026/09/22/12/27/24-06400.jpg
2026-09-22 12:27:03,047 [INFO]   ✅ M3U8 bulundu: https://ladyboy.yedektv.cfd//s-sport2/tracks-v1a1/mono.m3u8
2026-09-22 12:27:03,296 [INFO] Capturing response: https://taylandpompa.yedektv.cfd/s-sport2/tracks-v1a1/2026/09/22/12/27/24-06400.jpg 200 
2026-09-22 12:27:03,494 [INFO] Capturing request: https://taylandpompa.yedektv.cfd/s-sport2/tracks-v1a1/2026/09/22/12/27/31-06400.jpg
2026-09-22 12:27:04,048 [INFO] 
[10/14]
2026-09-22 12:27:04,048 [INFO] 🔍 A Spor → https://www.atomsportv514.top/matches?id=a-spor
2026-09-22 12:27:04,154 [INFO] Capturing request: https://www.atomsportv514.top/matches?id=a-spor
2026-09-22 12:27:04,436 [INFO] Capturing response: https://www.atomsportv514.top/matches?id=a-spor 200 
2026-09-22 12:27:04,454 [INFO] Capturing request: https://streamsport365.com/cinema
2026-09-22 12:27:04,519 [INFO] Capturing response: https://taylandpompa.yedektv.cfd/s-sport2/tracks-v1a1/2026/09/22/12/27/31-06400.jpg 200 
2026-09-22 12:27:04,535 [INFO] 127.0.0.1:55828: ProtocolException("Error in HTTP connection: Http2ZombieException('Connection or stream already dead: 1790080024.5354342, False')")
2026-09-22 12:27:04,554 [INFO] Capturing request: https://teletv5.top/load/yayinlink.php?id=a-spor
2026-09-22 12:27:04,560 [INFO] Capturing request: https://www.atomsportv514.top/favicon.ico
2026-09-22 12:27:04,597 [INFO] Capturing response: https://www.atomsportv514.top/favicon.ico 200 
2026-09-22 12:27:04,784 [INFO] Capturing response: https://streamsport365.com/cinema 200 
2026-09-22 12:27:04,810 [INFO] Capturing response: https://teletv5.top/load/yayinlink.php?id=a-spor 200 
2026-09-22 12:27:04,959 [INFO] Capturing request: https://www.atomsportv514.top/assets/img/player/player_logo_6a87a2e2eecc5.png
2026-09-22 12:27:04,965 [INFO] Capturing request: https://ladyboy.yedektv.cfd//aspor/tracks-v1a1/mono.m3u8
2026-09-22 12:27:05,082 [INFO] Capturing response: https://www.atomsportv514.top/assets/img/player/player_logo_6a87a2e2eecc5.png 304 
2026-09-22 12:27:05,192 [INFO] Capturing response: https://ladyboy.yedektv.cfd//aspor/tracks-v1a1/mono.m3u8 200 
2026-09-22 12:27:05,340 [INFO] Capturing request: https://taylandpompa.yedektv.cfd/aspor/tracks-v1a1/2026/09/22/12/27/03-10000.jpg
2026-09-22 12:27:06,581 [INFO] Capturing response: https://taylandpompa.yedektv.cfd/aspor/tracks-v1a1/2026/09/22/12/27/03-10000.jpg 200 
2026-09-22 12:27:06,775 [INFO] Capturing request: https://taylandpompa.yedektv.cfd/aspor/tracks-v1a1/2026/09/22/12/27/13-10000.jpg
2026-09-22 12:27:07,467 [INFO]   ✅ M3U8 bulundu: https://ladyboy.yedektv.cfd//aspor/tracks-v1a1/mono.m3u8
2026-09-22 12:27:07,731 [INFO] Capturing response: https://taylandpompa.yedektv.cfd/aspor/tracks-v1a1/2026/09/22/12/27/13-10000.jpg 200 
2026-09-22 12:27:07,929 [INFO] Capturing request: https://taylandpompa.yedektv.cfd/aspor/tracks-v1a1/2026/09/22/12/27/23-10000.jpg
2026-09-22 12:27:08,467 [INFO] 
[11/14]
2026-09-22 12:27:08,467 [INFO] 🔍 Tivibu Spor 1 → https://www.atomsportv514.top/matches?id=tivibu-spor-1
2026-09-22 12:27:08,575 [INFO] Capturing request: https://www.atomsportv514.top/matches?id=tivibu-spor-1
2026-09-22 12:27:08,851 [INFO] Capturing response: https://www.atomsportv514.top/matches?id=tivibu-spor-1 200 
2026-09-22 12:27:08,872 [INFO] Capturing response: https://taylandpompa.yedektv.cfd/aspor/tracks-v1a1/2026/09/22/12/27/23-10000.jpg 200 
2026-09-22 12:27:08,971 [INFO] Capturing request: https://teletv5.top/load/yayinlink.php?id=tivibu-spor-1
2026-09-22 12:27:08,976 [INFO] Capturing request: https://www.atomsportv514.top/favicon.ico
2026-09-22 12:27:09,010 [INFO] Capturing response: https://www.atomsportv514.top/favicon.ico 200 
2026-09-22 12:27:09,106 [INFO] Capturing request: https://streamsport365.com/cinema
2026-09-22 12:27:09,199 [INFO] Capturing response: https://teletv5.top/load/yayinlink.php?id=tivibu-spor-1 200 
2026-09-22 12:27:09,435 [INFO] Capturing response: https://streamsport365.com/cinema 200 
2026-09-22 12:27:22,538 [INFO] Capturing request: https://update.googleapis.com/service/update2/json?cup2key=ML-DSA-44-16:h5UCPwJvHPzmMkBgj0_h8_9Df5_zEMtxOiKT68PXi3s&cup2hreq=41de5941497006688b0b7ce8ba91df7b1bd65a63dea847150449616dc24c6dc0
2026-09-22 12:27:22,594 [INFO] Capturing response: https://update.googleapis.com/service/update2/json?cup2key=ML-DSA-44-16:h5UCPwJvHPzmMkBgj0_h8_9Df5_zEMtxOiKT68PXi3s&cup2hreq=41de5941497006688b0b7ce8ba91df7b1bd65a63dea847150449616dc24c6dc0 200 
2026-09-22 12:27:22,599 [INFO] Capturing request: http://edgedl.me.gvt1.com/edgedl/diffgen-puffin/gcmjkmgdlgnkkcocmoeiminaijmmjnii/fc1f961a8e1d6f22b29a01eb8f62d27d7f0f928ed1b230dfa8430cc20542c1bf
2026-09-22 12:27:22,635 [INFO] Capturing response: http://edgedl.me.gvt1.com/edgedl/diffgen-puffin/gcmjkmgdlgnkkcocmoeiminaijmmjnii/fc1f961a8e1d6f22b29a01eb8f62d27d7f0f928ed1b230dfa8430cc20542c1bf 200 OK
2026-09-22 12:27:22,649 [INFO] Capturing request: https://update.googleapis.com/service/update2/json
2026-09-22 12:27:22,696 [INFO] Capturing response: https://update.googleapis.com/service/update2/json 200 
2026-09-22 12:27:22,739 [INFO] Capturing request: http://edgedl.me.gvt1.com/edgedl/release2/chrome_component/bayfqaf3ou7kxfkytbd64fykxi_10792/hfnkpimlhhgieaddgfemjhofmfblmnib_10792_all_lzbsmaqzyci44q6flz52xtiiiq.crx3
2026-09-22 12:27:22,754 [INFO] Capturing response: http://edgedl.me.gvt1.com/edgedl/release2/chrome_component/bayfqaf3ou7kxfkytbd64fykxi_10792/hfnkpimlhhgieaddgfemjhofmfblmnib_10792_all_lzbsmaqzyci44q6flz52xtiiiq.crx3 200 OK
2026-09-22 12:27:22,767 [INFO] Capturing request: https://update.googleapis.com/service/update2/json
2026-09-22 12:27:22,807 [INFO] Capturing response: https://update.googleapis.com/service/update2/json 200 
2026-09-22 12:27:42,038 [WARNING]   ❌ Tivibu Spor 1 için M3U8 bulunamadı
2026-09-22 12:27:43,038 [INFO] 
[12/14]
2026-09-22 12:27:43,039 [INFO] 🔍 Tivibu Spor 2 → https://www.atomsportv514.top/matches?id=tivibu-spor-2
2026-09-22 12:27:43,181 [INFO] Capturing request: https://www.atomsportv514.top/matches?id=tivibu-spor-2
2026-09-22 12:27:43,807 [INFO] Capturing response: https://www.atomsportv514.top/matches?id=tivibu-spor-2 200 
2026-09-22 12:27:43,965 [INFO] Capturing request: https://www.atomsportv514.top/favicon.ico
2026-09-22 12:27:44,002 [INFO] Capturing request: https://teletv5.top/load/yayinlink.php?id=tivibu-spor-2
2026-09-22 12:27:44,008 [INFO] Capturing response: https://www.atomsportv514.top/favicon.ico 200 
2026-09-22 12:27:44,232 [INFO] Capturing response: https://teletv5.top/load/yayinlink.php?id=tivibu-spor-2 200 
2026-09-22 12:27:44,466 [INFO] Capturing request: https://streamsport365.com/cinema
2026-09-22 12:27:44,784 [INFO] Capturing response: https://streamsport365.com/cinema 200 
2026-09-22 12:28:16,996 [WARNING]   ❌ Tivibu Spor 2 için M3U8 bulunamadı
2026-09-22 12:28:17,997 [INFO] 
[13/14]
2026-09-22 12:28:17,997 [INFO] 🔍 Tivibu Spor 3 → https://www.atomsportv514.top/matches?id=tivibu-spor-3
2026-09-22 12:28:18,106 [INFO] Capturing request: https://www.atomsportv514.top/matches?id=tivibu-spor-3
2026-09-22 12:28:18,596 [INFO] Capturing response: https://www.atomsportv514.top/matches?id=tivibu-spor-3 200 
2026-09-22 12:28:18,714 [INFO] Capturing request: https://teletv5.top/load/yayinlink.php?id=tivibu-spor-3
2026-09-22 12:28:18,715 [INFO] Capturing request: https://www.atomsportv514.top/favicon.ico
2026-09-22 12:28:18,752 [INFO] Capturing response: https://www.atomsportv514.top/favicon.ico 200 
2026-09-22 12:28:18,848 [INFO] Capturing request: https://streamsport365.com/cinema
2026-09-22 12:28:18,944 [INFO] Capturing response: https://teletv5.top/load/yayinlink.php?id=tivibu-spor-3 200 
2026-09-22 12:28:19,187 [INFO] Capturing response: https://streamsport365.com/cinema 200 
2026-09-22 12:28:51,756 [WARNING]   ❌ Tivibu Spor 3 için M3U8 bulunamadı
2026-09-22 12:28:52,756 [INFO] 
[14/14]
2026-09-22 12:28:52,756 [INFO] 🔍 Tivibu Spor 4 → https://www.atomsportv514.top/matches?id=tivibu-spor-4
2026-09-22 12:28:52,864 [INFO] Capturing request: https://www.atomsportv514.top/matches?id=tivibu-spor-4
2026-09-22 12:28:53,343 [INFO] Capturing response: https://www.atomsportv514.top/matches?id=tivibu-spor-4 200 
2026-09-22 12:28:53,465 [INFO] Capturing request: https://teletv5.top/load/yayinlink.php?id=tivibu-spor-4
2026-09-22 12:28:53,467 [INFO] Capturing request: https://www.atomsportv514.top/favicon.ico
2026-09-22 12:28:53,505 [INFO] Capturing response: https://www.atomsportv514.top/favicon.ico 200 
2026-09-22 12:28:53,599 [INFO] Capturing request: https://streamsport365.com/cinema
2026-09-22 12:28:53,694 [INFO] Capturing response: https://teletv5.top/load/yayinlink.php?id=tivibu-spor-4 200 
2026-09-22 12:28:53,925 [INFO] Capturing response: https://streamsport365.com/cinema 200 
2026-09-22 12:29:26,517 [WARNING]   ❌ Tivibu Spor 4 için M3U8 bulunamadı
2026-09-22 12:29:27,575 [INFO] ✅ 10 kanal bulundu, playlist.m3u kaydedildi
