2026-08-15 19:28:22,361 [INFO] 🌐 BASE_URL: https://www.atomsportv512.top
2026-08-15 19:28:23,875 [INFO] Başlanıyor... 14 kanal taranacak
2026-08-15 19:28:23,876 [INFO] Using default request storage
2026-08-15 19:28:23,879 [INFO] Created proxy listening on 127.0.0.1:37377
2026-08-15 19:28:24,519 [INFO] Capturing request: http://clients2.google.com/time/1/current?cup2key=10:IiaEK8SUoLQa0hbowbDLWVwAswevBX9j3qTNdXHtVvM&cup2hreq=e3b0c44298fc1c149afbf4c8996fb92427ae41e4649b934ca495991b7852b855
2026-08-15 19:28:24,572 [INFO] Capturing response: http://clients2.google.com/time/1/current?cup2key=10:IiaEK8SUoLQa0hbowbDLWVwAswevBX9j3qTNdXHtVvM&cup2hreq=e3b0c44298fc1c149afbf4c8996fb92427ae41e4649b934ca495991b7852b855 200 OK
2026-08-15 19:28:24,718 [INFO] 
[1/14]
2026-08-15 19:28:24,719 [INFO] 🔍 beIN Sports 1 → https://www.atomsportv512.top/matches?id=bein-sports-1
2026-08-15 19:28:24,829 [INFO] Capturing request: https://accounts.google.com/ListAccounts?gpsia=1&source=ChromiumBrowser&json=standard&laf=b64bin
2026-08-15 19:28:24,832 [INFO] Capturing request: https://update.googleapis.com/service/update2/json?cup2key=16:gt9-eiy2_YFuUTtqdYM3bhzttOJ_4PdJ3Z2IaqibMAk&cup2hreq=84bdfda5db9c8359127880cb81a8682d58a8e44c4700f1bb056e64766ab467c2
2026-08-15 19:28:24,948 [INFO] Capturing response: https://update.googleapis.com/service/update2/json?cup2key=16:gt9-eiy2_YFuUTtqdYM3bhzttOJ_4PdJ3Z2IaqibMAk&cup2hreq=84bdfda5db9c8359127880cb81a8682d58a8e44c4700f1bb056e64766ab467c2 200 
2026-08-15 19:28:24,950 [INFO] Capturing request: https://www.atomsportv512.top/matches?id=bein-sports-1
2026-08-15 19:28:24,950 [INFO] Capturing request: https://www.google.com/async/folae?async=_fmt:pb&udm=50&client_locale=en-US&client_country=ZZ
2026-08-15 19:28:24,954 [INFO] Capturing response: https://accounts.google.com/ListAccounts?gpsia=1&source=ChromiumBrowser&json=standard&laf=b64bin 200 
2026-08-15 19:28:24,983 [INFO] Capturing response: https://www.google.com/async/folae?async=_fmt:pb&udm=50&client_locale=en-US&client_country=ZZ 200 
2026-08-15 19:28:24,994 [INFO] Capturing request: https://update.googleapis.com/service/update2/json?cup2key=16:JalIMQbDtacmKLwy1Lp6qWceADCV8pgLPCRAUEQlpxA&cup2hreq=c9a860eb981630e9729389615bfa427f9a27eb289c6f25afd75dc092d56ac868
2026-08-15 19:28:25,017 [INFO] Capturing response: https://update.googleapis.com/service/update2/json?cup2key=16:JalIMQbDtacmKLwy1Lp6qWceADCV8pgLPCRAUEQlpxA&cup2hreq=c9a860eb981630e9729389615bfa427f9a27eb289c6f25afd75dc092d56ac868 200 
2026-08-15 19:28:25,063 [INFO] Capturing request: https://update.googleapis.com/service/update2/json?cup2key=16:DuUqA2OXOY9CC2cZmqVRGn5K_UTiM1Wfies9NkM4yd8&cup2hreq=4e4d656458201cb9d767c5ca148a3ecd5216340e478a4561dfa0c6a35ba4ef92
2026-08-15 19:28:25,088 [INFO] Capturing response: https://update.googleapis.com/service/update2/json?cup2key=16:DuUqA2OXOY9CC2cZmqVRGn5K_UTiM1Wfies9NkM4yd8&cup2hreq=4e4d656458201cb9d767c5ca148a3ecd5216340e478a4561dfa0c6a35ba4ef92 200 
2026-08-15 19:28:25,200 [INFO] Capturing request: https://www.google.com/async/folae?async=_fmt:pb&udm=50&client_locale=en-US&client_country=ZZ
2026-08-15 19:28:25,235 [INFO] Capturing response: https://www.google.com/async/folae?async=_fmt:pb&udm=50&client_locale=en-US&client_country=ZZ 200 
2026-08-15 19:28:25,431 [INFO] Capturing response: https://www.atomsportv512.top/matches?id=bein-sports-1 200 
2026-08-15 19:28:25,617 [INFO] Capturing request: https://cdn.jsdelivr.net/npm/@clappr/player@0.11.16/dist/clappr.min.js
2026-08-15 19:28:25,618 [INFO] Capturing request: https://cdn.jsdelivr.net/npm/level-selector/dist/level-selector.min.js
2026-08-15 19:28:25,620 [INFO] Capturing request: https://cdn.jsdelivr.net/npm/@clappr/hlsjs-playback@1.8.3/dist/hlsjs-playback.min.js
2026-08-15 19:28:25,629 [INFO] Capturing response: https://cdn.jsdelivr.net/npm/level-selector/dist/level-selector.min.js 200 
2026-08-15 19:28:25,640 [INFO] Capturing response: https://cdn.jsdelivr.net/npm/@clappr/player@0.11.16/dist/clappr.min.js 200 
2026-08-15 19:28:25,643 [INFO] Capturing response: https://cdn.jsdelivr.net/npm/@clappr/hlsjs-playback@1.8.3/dist/hlsjs-playback.min.js 200 
2026-08-15 19:28:25,834 [INFO] Capturing request: https://www.atomsportv512.top/favicon.ico
2026-08-15 19:28:25,874 [INFO] Capturing response: https://www.atomsportv512.top/favicon.ico 200 
2026-08-15 19:28:25,892 [INFO] Capturing request: https://teletv5.top/load/yayinlink.php?id=bein-sports-1
2026-08-15 19:28:26,198 [INFO] Capturing response: https://teletv5.top/load/yayinlink.php?id=bein-sports-1 200 
2026-08-15 19:28:26,326 [INFO] Capturing request: https://streamsport365.com/cinema
2026-08-15 19:28:26,607 [INFO] Capturing response: https://streamsport365.com/cinema 200 
2026-08-15 19:28:26,731 [INFO] Capturing request: https://www.atomsportv512.top/assets/img/player/player_logo_6a72b29dbcd89.png
2026-08-15 19:28:26,766 [INFO] Capturing response: https://www.atomsportv512.top/assets/img/player/player_logo_6a72b29dbcd89.png 200 
2026-08-15 19:28:26,795 [INFO] Capturing request: https://corestream.siteyaptim.live//beintv/tracks-v1a1/mono.m3u8
2026-08-15 19:28:26,819 [INFO] Capturing response: https://corestream.siteyaptim.live//beintv/tracks-v1a1/mono.m3u8 200 
2026-08-15 19:28:27,079 [INFO] Capturing request: https://dmuizt2l1pw0t.cloudfront.net/beintv/tracks-v1a1/2026/08/15/19/28/16-06000.jpg
2026-08-15 19:28:27,187 [INFO] Capturing response: https://dmuizt2l1pw0t.cloudfront.net/beintv/tracks-v1a1/2026/08/15/19/28/16-06000.jpg 200 
2026-08-15 19:28:27,396 [INFO] Capturing request: https://dmuizt2l1pw0t.cloudfront.net/beintv/tracks-v1a1/2026/08/15/19/28/22-06000.jpg
2026-08-15 19:28:27,547 [INFO] Capturing response: https://dmuizt2l1pw0t.cloudfront.net/beintv/tracks-v1a1/2026/08/15/19/28/22-06000.jpg 200 
2026-08-15 19:28:27,756 [INFO] Capturing request: https://android.clients.google.com/checkin
2026-08-15 19:28:27,766 [INFO] Capturing request: https://dmuizt2l1pw0t.cloudfront.net/beintv/tracks-v1a1/2026/08/15/19/28/28-06000.jpg
2026-08-15 19:28:27,839 [INFO] Capturing response: https://android.clients.google.com/checkin 200 
2026-08-15 19:28:27,896 [INFO] Capturing request: https://android.clients.google.com/c2dm/register3
2026-08-15 19:28:27,898 [INFO] Capturing request: https://android.clients.google.com/c2dm/register3
2026-08-15 19:28:27,900 [INFO] Capturing request: https://android.clients.google.com/c2dm/register3
2026-08-15 19:28:27,902 [INFO] Capturing response: https://dmuizt2l1pw0t.cloudfront.net/beintv/tracks-v1a1/2026/08/15/19/28/28-06000.jpg 200 
2026-08-15 19:28:27,924 [INFO] Capturing response: https://android.clients.google.com/c2dm/register3 301 
2026-08-15 19:28:27,934 [INFO] Capturing response: https://android.clients.google.com/c2dm/register3 200 
2026-08-15 19:28:28,458 [INFO] Capturing response: https://android.clients.google.com/c2dm/register3 200 
2026-08-15 19:28:28,756 [INFO]   ✅ M3U8 bulundu: https://corestream.siteyaptim.live//beintv/tracks-v1a1/mono.m3u8
2026-08-15 19:28:29,756 [INFO] 
[2/14]
2026-08-15 19:28:29,756 [INFO] 🔍 beIN Sports 2 → https://www.atomsportv512.top/matches?id=bein-sports-2
2026-08-15 19:28:29,866 [INFO] Capturing request: https://www.atomsportv512.top/matches?id=bein-sports-2
2026-08-15 19:28:30,054 [INFO] Capturing response: https://www.atomsportv512.top/matches?id=bein-sports-2 200 
2026-08-15 19:28:30,096 [INFO] Capturing request: https://streamsport365.com/cinema
2026-08-15 19:28:30,193 [INFO] Capturing request: https://teletv5.top/load/yayinlink.php?id=bein-sports-2
2026-08-15 19:28:30,196 [INFO] Capturing request: https://www.atomsportv512.top/favicon.ico
2026-08-15 19:28:30,227 [INFO] Capturing response: https://www.atomsportv512.top/favicon.ico 200 
2026-08-15 19:28:30,355 [INFO] Capturing response: https://teletv5.top/load/yayinlink.php?id=bein-sports-2 200 
2026-08-15 19:28:30,366 [INFO] Capturing response: https://streamsport365.com/cinema 200 
2026-08-15 19:28:30,477 [INFO] Capturing request: https://www.atomsportv512.top/assets/img/player/player_logo_6a72b29dbcd89.png
2026-08-15 19:28:30,485 [INFO] Capturing request: https://corestream.siteyaptim.live//bein2/tracks-v1a1/mono.m3u8
2026-08-15 19:28:30,595 [INFO] Capturing response: https://www.atomsportv512.top/assets/img/player/player_logo_6a72b29dbcd89.png 304 
2026-08-15 19:28:30,610 [INFO] Capturing response: https://corestream.siteyaptim.live//bein2/tracks-v1a1/mono.m3u8 200 
2026-08-15 19:28:30,718 [INFO] Capturing request: https://dmuizt2l1pw0t.cloudfront.net/bein2/tracks-v1a1/2026/08/15/19/28/02-10000.jpg
2026-08-15 19:28:31,034 [INFO] Capturing response: https://dmuizt2l1pw0t.cloudfront.net/bein2/tracks-v1a1/2026/08/15/19/28/02-10000.jpg 200 
2026-08-15 19:28:31,303 [INFO] Capturing request: https://dmuizt2l1pw0t.cloudfront.net/bein2/tracks-v1a1/2026/08/15/19/28/12-10000.jpg
2026-08-15 19:28:31,552 [INFO] Capturing response: https://dmuizt2l1pw0t.cloudfront.net/bein2/tracks-v1a1/2026/08/15/19/28/12-10000.jpg 200 
2026-08-15 19:28:31,808 [INFO] Capturing request: https://dmuizt2l1pw0t.cloudfront.net/bein2/tracks-v1a1/2026/08/15/19/28/22-10000.jpg
2026-08-15 19:28:32,119 [INFO] Capturing response: https://dmuizt2l1pw0t.cloudfront.net/bein2/tracks-v1a1/2026/08/15/19/28/22-10000.jpg 200 
2026-08-15 19:28:33,117 [INFO]   ✅ M3U8 bulundu: https://corestream.siteyaptim.live//bein2/tracks-v1a1/mono.m3u8
2026-08-15 19:28:34,118 [INFO] 
[3/14]
2026-08-15 19:28:34,118 [INFO] 🔍 beIN Sports 3 → https://www.atomsportv512.top/matches?id=bein-sports-3
2026-08-15 19:28:34,227 [INFO] Capturing request: https://www.atomsportv512.top/matches?id=bein-sports-3
2026-08-15 19:28:34,418 [INFO] Capturing response: https://www.atomsportv512.top/matches?id=bein-sports-3 200 
2026-08-15 19:28:34,549 [INFO] Capturing request: https://teletv5.top/load/yayinlink.php?id=bein-sports-3
2026-08-15 19:28:34,570 [INFO] Capturing request: https://www.atomsportv512.top/favicon.ico
2026-08-15 19:28:34,599 [INFO] Capturing response: https://www.atomsportv512.top/favicon.ico 200 
2026-08-15 19:28:34,681 [INFO] Capturing request: https://streamsport365.com/cinema
2026-08-15 19:28:34,730 [INFO] Capturing response: https://teletv5.top/load/yayinlink.php?id=bein-sports-3 200 
2026-08-15 19:28:34,975 [INFO] Capturing response: https://streamsport365.com/cinema 200 
2026-08-15 19:28:35,084 [INFO] Capturing request: https://www.atomsportv512.top/assets/img/player/player_logo_6a72b29dbcd89.png
2026-08-15 19:28:35,091 [INFO] Capturing request: https://corestream.siteyaptim.live//bein3/tracks-v1a1/mono.m3u8
2026-08-15 19:28:35,200 [INFO] Capturing response: https://www.atomsportv512.top/assets/img/player/player_logo_6a72b29dbcd89.png 304 
2026-08-15 19:28:35,225 [INFO] Capturing response: https://corestream.siteyaptim.live//bein3/tracks-v1a1/mono.m3u8 200 
2026-08-15 19:28:35,334 [INFO] Capturing request: https://dmuizt2l1pw0t.cloudfront.net/bein3/tracks-v1a1/2026/08/15/19/27/58-10000.jpg
2026-08-15 19:28:35,703 [INFO] Capturing response: https://dmuizt2l1pw0t.cloudfront.net/bein3/tracks-v1a1/2026/08/15/19/27/58-10000.jpg 200 
2026-08-15 19:28:35,864 [INFO] Capturing request: https://dmuizt2l1pw0t.cloudfront.net/bein3/tracks-v1a1/2026/08/15/19/28/08-10000.jpg
2026-08-15 19:28:36,112 [INFO] Capturing response: https://dmuizt2l1pw0t.cloudfront.net/bein3/tracks-v1a1/2026/08/15/19/28/08-10000.jpg 200 
2026-08-15 19:28:36,318 [INFO] Capturing request: https://dmuizt2l1pw0t.cloudfront.net/bein3/tracks-v1a1/2026/08/15/19/28/18-10000.jpg
2026-08-15 19:28:36,588 [INFO] Capturing response: https://dmuizt2l1pw0t.cloudfront.net/bein3/tracks-v1a1/2026/08/15/19/28/18-10000.jpg 200 
2026-08-15 19:28:37,463 [INFO]   ✅ M3U8 bulundu: https://corestream.siteyaptim.live//bein3/tracks-v1a1/mono.m3u8
2026-08-15 19:28:38,463 [INFO] 
[4/14]
2026-08-15 19:28:38,463 [INFO] 🔍 beIN Sports 4 → https://www.atomsportv512.top/matches?id=bein-sports-4
2026-08-15 19:28:38,571 [INFO] Capturing request: https://www.atomsportv512.top/matches?id=bein-sports-4
2026-08-15 19:28:38,834 [INFO] Capturing response: https://www.atomsportv512.top/matches?id=bein-sports-4 200 
2026-08-15 19:28:38,861 [INFO] Capturing request: https://streamsport365.com/cinema
2026-08-15 19:28:38,961 [INFO] Capturing request: https://www.atomsportv512.top/favicon.ico
2026-08-15 19:28:38,962 [INFO] Capturing request: https://teletv5.top/load/yayinlink.php?id=bein-sports-4
2026-08-15 19:28:38,989 [INFO] Capturing response: https://www.atomsportv512.top/favicon.ico 200 
2026-08-15 19:28:39,135 [INFO] Capturing response: https://streamsport365.com/cinema 200 
2026-08-15 19:28:39,341 [INFO] Capturing response: https://teletv5.top/load/yayinlink.php?id=bein-sports-4 200 
2026-08-15 19:28:39,491 [INFO] Capturing request: https://www.atomsportv512.top/assets/img/player/player_logo_6a72b29dbcd89.png
2026-08-15 19:28:39,500 [INFO] Capturing request: https://corestream.siteyaptim.live//bein4/tracks-v1a1/mono.m3u8
2026-08-15 19:28:39,606 [INFO] Capturing response: https://www.atomsportv512.top/assets/img/player/player_logo_6a72b29dbcd89.png 304 
2026-08-15 19:28:39,642 [INFO] Capturing response: https://corestream.siteyaptim.live//bein4/tracks-v1a1/mono.m3u8 200 
2026-08-15 19:28:39,791 [INFO] Capturing request: https://dmuizt2l1pw0t.cloudfront.net/bein4/tracks-v1a1/2026/08/15/19/28/13-10000.jpg
2026-08-15 19:28:40,228 [INFO] Capturing response: https://dmuizt2l1pw0t.cloudfront.net/bein4/tracks-v1a1/2026/08/15/19/28/13-10000.jpg 200 
2026-08-15 19:28:40,503 [INFO] Capturing request: https://dmuizt2l1pw0t.cloudfront.net/bein4/tracks-v1a1/2026/08/15/19/28/23-10000.jpg
2026-08-15 19:28:40,896 [INFO] Capturing response: https://dmuizt2l1pw0t.cloudfront.net/bein4/tracks-v1a1/2026/08/15/19/28/23-10000.jpg 200 
2026-08-15 19:28:41,173 [INFO] Capturing request: https://dmuizt2l1pw0t.cloudfront.net/bein4/tracks-v1a1/2026/08/15/19/28/33-10000.jpg
2026-08-15 19:28:41,622 [INFO] Capturing response: https://dmuizt2l1pw0t.cloudfront.net/bein4/tracks-v1a1/2026/08/15/19/28/33-10000.jpg 200 
2026-08-15 19:28:41,880 [INFO]   ✅ M3U8 bulundu: https://corestream.siteyaptim.live//bein4/tracks-v1a1/mono.m3u8
2026-08-15 19:28:42,881 [INFO] 
[5/14]
2026-08-15 19:28:42,882 [INFO] 🔍 beIN Sports 5 → https://www.atomsportv512.top/matches?id=bein-sports-5
2026-08-15 19:28:42,991 [INFO] Capturing request: https://www.atomsportv512.top/matches?id=bein-sports-5
2026-08-15 19:28:43,389 [INFO] Capturing response: https://www.atomsportv512.top/matches?id=bein-sports-5 200 
2026-08-15 19:28:43,512 [INFO] Capturing request: https://teletv5.top/load/yayinlink.php?id=bein-sports-5
2026-08-15 19:28:43,515 [INFO] Capturing request: https://www.atomsportv512.top/favicon.ico
2026-08-15 19:28:43,544 [INFO] Capturing response: https://www.atomsportv512.top/favicon.ico 200 
2026-08-15 19:28:43,623 [INFO] Capturing request: https://streamsport365.com/cinema
2026-08-15 19:28:43,676 [INFO] Capturing response: https://teletv5.top/load/yayinlink.php?id=bein-sports-5 200 
2026-08-15 19:28:43,910 [INFO] Capturing response: https://streamsport365.com/cinema 200 
2026-08-15 19:28:44,018 [INFO] Capturing request: https://www.atomsportv512.top/assets/img/player/player_logo_6a72b29dbcd89.png
2026-08-15 19:28:44,026 [INFO] Capturing request: https://corestream.siteyaptim.live//bein5/tracks-v1a1/mono.m3u8
2026-08-15 19:28:44,133 [INFO] Capturing response: https://www.atomsportv512.top/assets/img/player/player_logo_6a72b29dbcd89.png 304 
2026-08-15 19:28:44,163 [INFO] Capturing response: https://corestream.siteyaptim.live//bein5/tracks-v1a1/mono.m3u8 200 
2026-08-15 19:28:44,272 [INFO] Capturing request: https://dmuizt2l1pw0t.cloudfront.net/bein5/tracks-v1a1/2026/08/15/19/28/24-05840.jpg
2026-08-15 19:28:44,629 [INFO] Capturing response: https://dmuizt2l1pw0t.cloudfront.net/bein5/tracks-v1a1/2026/08/15/19/28/24-05840.jpg 200 
2026-08-15 19:28:44,873 [INFO] Capturing request: https://dmuizt2l1pw0t.cloudfront.net/bein5/tracks-v1a1/2026/08/15/19/28/30-10000.jpg
2026-08-15 19:28:45,506 [INFO] Capturing response: https://dmuizt2l1pw0t.cloudfront.net/bein5/tracks-v1a1/2026/08/15/19/28/30-10000.jpg 200 
2026-08-15 19:28:45,804 [INFO] Capturing request: https://dmuizt2l1pw0t.cloudfront.net/bein5/tracks-v1a1/2026/08/15/19/28/40-06880.jpg
2026-08-15 19:28:46,316 [INFO] Capturing response: https://dmuizt2l1pw0t.cloudfront.net/bein5/tracks-v1a1/2026/08/15/19/28/40-06880.jpg 200 
2026-08-15 19:28:46,449 [INFO]   ✅ M3U8 bulundu: https://corestream.siteyaptim.live//bein5/tracks-v1a1/mono.m3u8
2026-08-15 19:28:46,566 [INFO] Capturing request: https://dmuizt2l1pw0t.cloudfront.net/bein5/tracks-v1a1/2026/08/15/19/28/47-08200.jpg
2026-08-15 19:28:47,036 [INFO] Capturing response: https://dmuizt2l1pw0t.cloudfront.net/bein5/tracks-v1a1/2026/08/15/19/28/47-08200.jpg 200 
2026-08-15 19:28:47,450 [INFO] 
[6/14]
2026-08-15 19:28:47,450 [INFO] 🔍 beIN Sports Max 1 → https://www.atomsportv512.top/matches?id=bein-sports-max-1
2026-08-15 19:28:47,560 [INFO] Capturing request: https://www.atomsportv512.top/matches?id=bein-sports-max-1
2026-08-15 19:28:47,753 [INFO] Capturing response: https://www.atomsportv512.top/matches?id=bein-sports-max-1 200 
2026-08-15 19:28:47,779 [INFO] Capturing request: https://streamsport365.com/cinema
2026-08-15 19:28:47,879 [INFO] Capturing request: https://teletv5.top/load/yayinlink.php?id=bein-sports-max-1
2026-08-15 19:28:47,880 [INFO] Capturing request: https://www.atomsportv512.top/favicon.ico
2026-08-15 19:28:47,912 [INFO] Capturing response: https://www.atomsportv512.top/favicon.ico 200 
2026-08-15 19:28:48,041 [INFO] Capturing response: https://teletv5.top/load/yayinlink.php?id=bein-sports-max-1 200 
2026-08-15 19:28:48,057 [INFO] Capturing response: https://streamsport365.com/cinema 200 
2026-08-15 19:28:48,191 [INFO] Capturing request: https://www.atomsportv512.top/assets/img/player/player_logo_6a72b29dbcd89.png
2026-08-15 19:28:48,200 [INFO] Capturing request: https://corestream.siteyaptim.live//beinmax1/tracks-v1a1/mono.m3u8
2026-08-15 19:28:48,307 [INFO] Capturing response: https://www.atomsportv512.top/assets/img/player/player_logo_6a72b29dbcd89.png 304 
2026-08-15 19:28:48,327 [INFO] Capturing response: https://corestream.siteyaptim.live//beinmax1/tracks-v1a1/mono.m3u8 200 
2026-08-15 19:28:48,476 [INFO] Capturing request: https://dmuizt2l1pw0t.cloudfront.net/beinmax1/tracks-v1a1/2026/08/15/19/28/33-06000.jpg
2026-08-15 19:28:48,638 [INFO] Capturing response: https://dmuizt2l1pw0t.cloudfront.net/beinmax1/tracks-v1a1/2026/08/15/19/28/33-06000.jpg 200 
2026-08-15 19:28:48,772 [INFO] Capturing request: https://dmuizt2l1pw0t.cloudfront.net/beinmax1/tracks-v1a1/2026/08/15/19/28/39-06000.jpg
2026-08-15 19:28:48,936 [INFO] Capturing response: https://dmuizt2l1pw0t.cloudfront.net/beinmax1/tracks-v1a1/2026/08/15/19/28/39-06000.jpg 200 
2026-08-15 19:28:49,103 [INFO] Capturing request: https://dmuizt2l1pw0t.cloudfront.net/beinmax1/tracks-v1a1/2026/08/15/19/28/45-06000.jpg
2026-08-15 19:28:49,270 [INFO] Capturing response: https://dmuizt2l1pw0t.cloudfront.net/beinmax1/tracks-v1a1/2026/08/15/19/28/45-06000.jpg 200 
2026-08-15 19:28:50,793 [INFO]   ✅ M3U8 bulundu: https://corestream.siteyaptim.live//beinmax1/tracks-v1a1/mono.m3u8
2026-08-15 19:28:51,793 [INFO] 
[7/14]
2026-08-15 19:28:51,794 [INFO] 🔍 beIN Sports Max 2 → https://www.atomsportv512.top/matches?id=bein-sports-max-2
2026-08-15 19:28:51,901 [INFO] Capturing request: https://www.atomsportv512.top/matches?id=bein-sports-max-2
2026-08-15 19:28:52,094 [INFO] Capturing response: https://www.atomsportv512.top/matches?id=bein-sports-max-2 200 
2026-08-15 19:28:52,220 [INFO] Capturing request: https://www.atomsportv512.top/favicon.ico
2026-08-15 19:28:52,222 [INFO] Capturing request: https://teletv5.top/load/yayinlink.php?id=bein-sports-max-2
2026-08-15 19:28:52,249 [INFO] Capturing response: https://www.atomsportv512.top/favicon.ico 200 
2026-08-15 19:28:52,330 [INFO] Capturing request: https://streamsport365.com/cinema
2026-08-15 19:28:52,378 [INFO] Capturing response: https://teletv5.top/load/yayinlink.php?id=bein-sports-max-2 200 
2026-08-15 19:28:52,611 [INFO] Capturing response: https://streamsport365.com/cinema 200 
2026-08-15 19:28:52,720 [INFO] Capturing request: https://www.atomsportv512.top/assets/img/player/player_logo_6a72b29dbcd89.png
2026-08-15 19:28:52,727 [INFO] Capturing request: https://corestream.siteyaptim.live//trt-spor/tracks-v1a1/mono.m3u8
2026-08-15 19:28:52,836 [INFO] Capturing response: https://www.atomsportv512.top/assets/img/player/player_logo_6a72b29dbcd89.png 304 
2026-08-15 19:28:52,854 [INFO] Capturing response: https://corestream.siteyaptim.live//trt-spor/tracks-v1a1/mono.m3u8 200 
2026-08-15 19:28:52,963 [INFO] Capturing request: https://dmuizt2l1pw0t.cloudfront.net/trt-spor/tracks-v1a1/2026/08/15/19/28/38-10000.jpg
2026-08-15 19:28:53,356 [INFO] Capturing response: https://dmuizt2l1pw0t.cloudfront.net/trt-spor/tracks-v1a1/2026/08/15/19/28/38-10000.jpg 200 
2026-08-15 19:28:53,542 [INFO] Capturing request: https://dmuizt2l1pw0t.cloudfront.net/trt-spor/tracks-v1a1/2026/08/15/19/28/48-04521.jpg
2026-08-15 19:28:53,749 [INFO] Capturing response: https://dmuizt2l1pw0t.cloudfront.net/trt-spor/tracks-v1a1/2026/08/15/19/28/48-04521.jpg 200 
2026-08-15 19:28:53,935 [INFO] Capturing request: https://dmuizt2l1pw0t.cloudfront.net/trt-spor/tracks-v1a1/2026/08/15/19/28/52-10000.jpg
2026-08-15 19:28:54,214 [INFO] Capturing response: https://dmuizt2l1pw0t.cloudfront.net/trt-spor/tracks-v1a1/2026/08/15/19/28/52-10000.jpg 200 
2026-08-15 19:28:54,428 [INFO] Capturing request: https://dmuizt2l1pw0t.cloudfront.net/trt-spor/tracks-v1a1/2026/08/15/19/29/02-10000.jpg
2026-08-15 19:28:54,765 [INFO] Capturing response: https://dmuizt2l1pw0t.cloudfront.net/trt-spor/tracks-v1a1/2026/08/15/19/29/02-10000.jpg 200 
2026-08-15 19:28:55,138 [INFO]   ✅ M3U8 bulundu: https://corestream.siteyaptim.live//trt-spor/tracks-v1a1/mono.m3u8
2026-08-15 19:28:55,618 [INFO] Capturing request: https://android.clients.google.com/c2dm/register3
2026-08-15 19:28:55,647 [INFO] Capturing response: https://android.clients.google.com/c2dm/register3 301 
2026-08-15 19:28:56,138 [INFO] 
[8/14]
2026-08-15 19:28:56,138 [INFO] 🔍 S Sport → https://www.atomsportv512.top/matches?id=s-sport
2026-08-15 19:28:56,247 [INFO] Capturing request: https://www.atomsportv512.top/matches?id=s-sport
2026-08-15 19:28:56,736 [INFO] Capturing response: https://www.atomsportv512.top/matches?id=s-sport 200 
2026-08-15 19:28:56,765 [INFO] Capturing request: https://streamsport365.com/cinema
2026-08-15 19:28:56,866 [INFO] Capturing request: https://www.atomsportv512.top/favicon.ico
2026-08-15 19:28:56,866 [INFO] Capturing request: https://teletv5.top/load/yayinlink.php?id=s-sport
2026-08-15 19:28:56,896 [INFO] Capturing response: https://www.atomsportv512.top/favicon.ico 200 
2026-08-15 19:28:57,023 [INFO] Capturing response: https://teletv5.top/load/yayinlink.php?id=s-sport 200 
2026-08-15 19:28:57,044 [INFO] Capturing response: https://streamsport365.com/cinema 200 
2026-08-15 19:28:57,172 [INFO] Capturing request: https://www.atomsportv512.top/assets/img/player/player_logo_6a72b29dbcd89.png
2026-08-15 19:28:57,179 [INFO] Capturing request: https://corestream.siteyaptim.live//s-sport/tracks-v1a1/mono.m3u8
2026-08-15 19:28:57,289 [INFO] Capturing response: https://www.atomsportv512.top/assets/img/player/player_logo_6a72b29dbcd89.png 304 
2026-08-15 19:28:57,318 [INFO] Capturing response: https://corestream.siteyaptim.live//s-sport/tracks-v1a1/mono.m3u8 200 
2026-08-15 19:28:57,467 [INFO] Capturing request: https://dmuizt2l1pw0t.cloudfront.net/s-sport/tracks-v1a1/2026/08/15/19/28/36-10000.jpg
2026-08-15 19:28:57,641 [INFO] Capturing request: https://android.clients.google.com/c2dm/register3
2026-08-15 19:28:57,840 [INFO] Capturing response: https://dmuizt2l1pw0t.cloudfront.net/s-sport/tracks-v1a1/2026/08/15/19/28/36-10000.jpg 200 
2026-08-15 19:28:58,035 [INFO] Capturing response: https://android.clients.google.com/c2dm/register3 200 
2026-08-15 19:28:58,075 [INFO] Capturing request: https://dmuizt2l1pw0t.cloudfront.net/s-sport/tracks-v1a1/2026/08/15/19/28/46-10000.jpg
2026-08-15 19:28:58,472 [INFO] Capturing response: https://dmuizt2l1pw0t.cloudfront.net/s-sport/tracks-v1a1/2026/08/15/19/28/46-10000.jpg 200 
2026-08-15 19:28:58,692 [INFO] Capturing request: https://dmuizt2l1pw0t.cloudfront.net/s-sport/tracks-v1a1/2026/08/15/19/28/56-10000.jpg
2026-08-15 19:28:58,972 [INFO] Capturing response: https://dmuizt2l1pw0t.cloudfront.net/s-sport/tracks-v1a1/2026/08/15/19/28/56-10000.jpg 200 
2026-08-15 19:28:59,781 [INFO]   ✅ M3U8 bulundu: https://corestream.siteyaptim.live//s-sport/tracks-v1a1/mono.m3u8
2026-08-15 19:29:00,781 [INFO] 
[9/14]
2026-08-15 19:29:00,781 [INFO] 🔍 S Sport 2 → https://www.atomsportv512.top/matches?id=s-sport-2
2026-08-15 19:29:00,890 [INFO] Capturing request: https://www.atomsportv512.top/matches?id=s-sport-2
2026-08-15 19:29:01,082 [INFO] Capturing response: https://www.atomsportv512.top/matches?id=s-sport-2 200 
2026-08-15 19:29:01,209 [INFO] Capturing request: https://teletv5.top/load/yayinlink.php?id=s-sport-2
2026-08-15 19:29:01,210 [INFO] Capturing request: https://www.atomsportv512.top/favicon.ico
2026-08-15 19:29:01,245 [INFO] Capturing response: https://www.atomsportv512.top/favicon.ico 200 
2026-08-15 19:29:01,317 [INFO] Capturing request: https://streamsport365.com/cinema
2026-08-15 19:29:01,381 [INFO] Capturing response: https://teletv5.top/load/yayinlink.php?id=s-sport-2 200 
2026-08-15 19:29:01,583 [INFO] Capturing response: https://streamsport365.com/cinema 200 
2026-08-15 19:29:01,692 [INFO] Capturing request: https://www.atomsportv512.top/assets/img/player/player_logo_6a72b29dbcd89.png
2026-08-15 19:29:01,699 [INFO] Capturing request: https://corestream.siteyaptim.live//s-sport2/tracks-v1a1/mono.m3u8
2026-08-15 19:29:01,810 [INFO] Capturing response: https://www.atomsportv512.top/assets/img/player/player_logo_6a72b29dbcd89.png 304 
2026-08-15 19:29:01,834 [INFO] Capturing response: https://corestream.siteyaptim.live//s-sport2/tracks-v1a1/mono.m3u8 200 
2026-08-15 19:29:01,943 [INFO] Capturing request: https://dmuizt2l1pw0t.cloudfront.net/s-sport2/tracks-v1a1/2026/08/15/19/28/32-10000.jpg
2026-08-15 19:29:02,279 [INFO] Capturing response: https://dmuizt2l1pw0t.cloudfront.net/s-sport2/tracks-v1a1/2026/08/15/19/28/32-10000.jpg 200 
2026-08-15 19:29:02,538 [INFO] Capturing request: https://dmuizt2l1pw0t.cloudfront.net/s-sport2/tracks-v1a1/2026/08/15/19/28/42-07441.jpg
2026-08-15 19:29:02,928 [INFO] Capturing response: https://dmuizt2l1pw0t.cloudfront.net/s-sport2/tracks-v1a1/2026/08/15/19/28/42-07441.jpg 200 
2026-08-15 19:29:03,163 [INFO] Capturing request: https://dmuizt2l1pw0t.cloudfront.net/s-sport2/tracks-v1a1/2026/08/15/19/28/49-10000.jpg
2026-08-15 19:29:04,057 [INFO] Capturing response: https://dmuizt2l1pw0t.cloudfront.net/s-sport2/tracks-v1a1/2026/08/15/19/28/49-10000.jpg 200 
2026-08-15 19:29:04,131 [INFO]   ✅ M3U8 bulundu: https://corestream.siteyaptim.live//s-sport2/tracks-v1a1/mono.m3u8
2026-08-15 19:29:04,326 [INFO] Capturing request: https://dmuizt2l1pw0t.cloudfront.net/s-sport2/tracks-v1a1/2026/08/15/19/28/59-10000.jpg
2026-08-15 19:29:04,718 [INFO] Capturing response: https://dmuizt2l1pw0t.cloudfront.net/s-sport2/tracks-v1a1/2026/08/15/19/28/59-10000.jpg 200 
2026-08-15 19:29:05,132 [INFO] 
[10/14]
2026-08-15 19:29:05,132 [INFO] 🔍 A Spor → https://www.atomsportv512.top/matches?id=a-spor
2026-08-15 19:29:05,242 [INFO] Capturing request: https://www.atomsportv512.top/matches?id=a-spor
2026-08-15 19:29:05,797 [INFO] Capturing response: https://www.atomsportv512.top/matches?id=a-spor 200 
2026-08-15 19:29:05,825 [INFO] Capturing request: https://streamsport365.com/cinema
2026-08-15 19:29:05,924 [INFO] Capturing request: https://teletv5.top/load/yayinlink.php?id=a-spor
2026-08-15 19:29:05,926 [INFO] Capturing request: https://www.atomsportv512.top/favicon.ico
2026-08-15 19:29:05,956 [INFO] Capturing response: https://www.atomsportv512.top/favicon.ico 200 
2026-08-15 19:29:06,087 [INFO] Capturing response: https://teletv5.top/load/yayinlink.php?id=a-spor 200 
2026-08-15 19:29:06,105 [INFO] Capturing response: https://streamsport365.com/cinema 200 
2026-08-15 19:29:06,237 [INFO] Capturing request: https://www.atomsportv512.top/assets/img/player/player_logo_6a72b29dbcd89.png
2026-08-15 19:29:06,244 [INFO] Capturing request: https://corestream.siteyaptim.live//aspor/tracks-v1a1/mono.m3u8
2026-08-15 19:29:06,355 [INFO] Capturing response: https://www.atomsportv512.top/assets/img/player/player_logo_6a72b29dbcd89.png 304 
2026-08-15 19:29:06,374 [INFO] Capturing response: https://corestream.siteyaptim.live//aspor/tracks-v1a1/mono.m3u8 200 
2026-08-15 19:29:06,523 [INFO] Capturing request: https://dmuizt2l1pw0t.cloudfront.net/aspor/tracks-v1a1/2026/08/15/19/29/02-10000.jpg
2026-08-15 19:29:07,044 [INFO] Capturing response: https://dmuizt2l1pw0t.cloudfront.net/aspor/tracks-v1a1/2026/08/15/19/29/02-10000.jpg 200 
2026-08-15 19:29:07,311 [INFO] Capturing request: https://dmuizt2l1pw0t.cloudfront.net/aspor/tracks-v1a1/2026/08/15/19/29/12-10000.jpg
2026-08-15 19:29:07,744 [INFO] Capturing response: https://dmuizt2l1pw0t.cloudfront.net/aspor/tracks-v1a1/2026/08/15/19/29/12-10000.jpg 200 
2026-08-15 19:29:08,003 [INFO] Capturing request: https://dmuizt2l1pw0t.cloudfront.net/aspor/tracks-v1a1/2026/08/15/19/29/22-10000.jpg
2026-08-15 19:29:08,635 [INFO] Capturing response: https://dmuizt2l1pw0t.cloudfront.net/aspor/tracks-v1a1/2026/08/15/19/29/22-10000.jpg 200 
2026-08-15 19:29:08,845 [INFO]   ✅ M3U8 bulundu: https://corestream.siteyaptim.live//aspor/tracks-v1a1/mono.m3u8
2026-08-15 19:29:09,846 [INFO] 
[11/14]
2026-08-15 19:29:09,846 [INFO] 🔍 Tivibu Spor 1 → https://www.atomsportv512.top/matches?id=tivibu-spor-1
2026-08-15 19:29:09,956 [INFO] Capturing request: https://www.atomsportv512.top/matches?id=tivibu-spor-1
2026-08-15 19:29:10,152 [INFO] Capturing response: https://www.atomsportv512.top/matches?id=tivibu-spor-1 200 
2026-08-15 19:29:10,279 [INFO] Capturing request: https://teletv5.top/load/yayinlink.php?id=tivibu-spor-1
2026-08-15 19:29:10,284 [INFO] Capturing request: https://www.atomsportv512.top/favicon.ico
2026-08-15 19:29:10,315 [INFO] Capturing response: https://www.atomsportv512.top/favicon.ico 200 
2026-08-15 19:29:10,389 [INFO] Capturing request: https://streamsport365.com/cinema
2026-08-15 19:29:10,437 [INFO] Capturing response: https://teletv5.top/load/yayinlink.php?id=tivibu-spor-1 200 
2026-08-15 19:29:10,668 [INFO] Capturing response: https://streamsport365.com/cinema 200 
2026-08-15 19:29:24,520 [INFO] Capturing request: https://update.googleapis.com/service/update2/json?cup2key=16:ay9OiZH4XU8omu0JhNbDIPSD91-sI9CzzaNv8hNFN_Q&cup2hreq=6c54c95c899483360f4a3156ac04aae3b590e25a4b7a24bbbc75bb84cbdea84d
2026-08-15 19:29:24,544 [INFO] Capturing response: https://update.googleapis.com/service/update2/json?cup2key=16:ay9OiZH4XU8omu0JhNbDIPSD91-sI9CzzaNv8hNFN_Q&cup2hreq=6c54c95c899483360f4a3156ac04aae3b590e25a4b7a24bbbc75bb84cbdea84d 200 
2026-08-15 19:29:24,550 [INFO] Capturing request: http://edgedl.me.gvt1.com/edgedl/diffgen-puffin/gcmjkmgdlgnkkcocmoeiminaijmmjnii/6ca5bdb9f3e2cd83b7e359729bc6c33c4fe975ec499861d969b3e080320849ff
2026-08-15 19:29:24,585 [INFO] Capturing response: http://edgedl.me.gvt1.com/edgedl/diffgen-puffin/gcmjkmgdlgnkkcocmoeiminaijmmjnii/6ca5bdb9f3e2cd83b7e359729bc6c33c4fe975ec499861d969b3e080320849ff 200 OK
2026-08-15 19:29:24,607 [INFO] Capturing request: https://update.googleapis.com/service/update2/json
2026-08-15 19:29:24,630 [INFO] Capturing response: https://update.googleapis.com/service/update2/json 200 
2026-08-15 19:29:24,674 [INFO] Capturing request: http://edgedl.me.gvt1.com/edgedl/release2/chrome_component/accxm7lw6l6wrsebflx3s7l5xlpq_10716/hfnkpimlhhgieaddgfemjhofmfblmnib_10716_all_ac3fofp36nrnhufjdbsboryqhllq.crx3
2026-08-15 19:29:24,689 [INFO] Capturing response: http://edgedl.me.gvt1.com/edgedl/release2/chrome_component/accxm7lw6l6wrsebflx3s7l5xlpq_10716/hfnkpimlhhgieaddgfemjhofmfblmnib_10716_all_ac3fofp36nrnhufjdbsboryqhllq.crx3 200 OK
2026-08-15 19:29:24,714 [INFO] Capturing request: https://update.googleapis.com/service/update2/json
2026-08-15 19:29:24,736 [INFO] Capturing response: https://update.googleapis.com/service/update2/json 200 
2026-08-15 19:29:37,059 [INFO] Capturing request: https://android.clients.google.com/c2dm/register3
2026-08-15 19:29:37,092 [INFO] Capturing response: https://android.clients.google.com/c2dm/register3 301 
2026-08-15 19:29:43,426 [WARNING]   ❌ Tivibu Spor 1 için M3U8 bulunamadı
2026-08-15 19:29:44,426 [INFO] 
[12/14]
2026-08-15 19:29:44,427 [INFO] 🔍 Tivibu Spor 2 → https://www.atomsportv512.top/matches?id=tivibu-spor-2
2026-08-15 19:29:44,562 [INFO] Capturing request: https://www.atomsportv512.top/matches?id=tivibu-spor-2
2026-08-15 19:29:45,019 [INFO] Capturing response: https://www.atomsportv512.top/matches?id=tivibu-spor-2 200 
2026-08-15 19:29:45,181 [INFO] Capturing request: https://www.atomsportv512.top/favicon.ico
2026-08-15 19:29:45,203 [INFO] Capturing request: https://teletv5.top/load/yayinlink.php?id=tivibu-spor-2
2026-08-15 19:29:45,222 [INFO] Capturing response: https://www.atomsportv512.top/favicon.ico 200 
2026-08-15 19:29:45,544 [INFO] Capturing response: https://teletv5.top/load/yayinlink.php?id=tivibu-spor-2 200 
2026-08-15 19:29:45,694 [INFO] Capturing request: https://streamsport365.com/cinema
2026-08-15 19:29:45,969 [INFO] Capturing response: https://streamsport365.com/cinema 200 
2026-08-15 19:30:18,278 [WARNING]   ❌ Tivibu Spor 2 için M3U8 bulunamadı
2026-08-15 19:30:19,279 [INFO] 
[13/14]
2026-08-15 19:30:19,279 [INFO] 🔍 Tivibu Spor 3 → https://www.atomsportv512.top/matches?id=tivibu-spor-3
2026-08-15 19:30:19,386 [INFO] Capturing request: https://www.atomsportv512.top/matches?id=tivibu-spor-3
2026-08-15 19:30:19,722 [INFO] Capturing response: https://www.atomsportv512.top/matches?id=tivibu-spor-3 200 
2026-08-15 19:30:19,847 [INFO] Capturing request: https://teletv5.top/load/yayinlink.php?id=tivibu-spor-3
2026-08-15 19:30:19,850 [INFO] Capturing request: https://www.atomsportv512.top/favicon.ico
2026-08-15 19:30:19,883 [INFO] Capturing response: https://teletv5.top/load/yayinlink.php?id=tivibu-spor-3 200 
2026-08-15 19:30:19,884 [INFO] Capturing response: https://www.atomsportv512.top/favicon.ico 200 
2026-08-15 19:30:19,961 [INFO] Capturing request: https://streamsport365.com/cinema
2026-08-15 19:30:20,233 [INFO] Capturing response: https://streamsport365.com/cinema 200 
2026-08-15 19:30:52,947 [WARNING]   ❌ Tivibu Spor 3 için M3U8 bulunamadı
2026-08-15 19:30:53,947 [INFO] 
[14/14]
2026-08-15 19:30:53,947 [INFO] 🔍 Tivibu Spor 4 → https://www.atomsportv512.top/matches?id=tivibu-spor-4
2026-08-15 19:30:54,055 [INFO] Capturing request: https://www.atomsportv512.top/matches?id=tivibu-spor-4
2026-08-15 19:30:54,393 [INFO] Capturing response: https://www.atomsportv512.top/matches?id=tivibu-spor-4 200 
2026-08-15 19:30:54,524 [INFO] Capturing request: https://teletv5.top/load/yayinlink.php?id=tivibu-spor-4
2026-08-15 19:30:54,526 [INFO] Capturing request: https://www.atomsportv512.top/favicon.ico
2026-08-15 19:30:54,554 [INFO] Capturing response: https://www.atomsportv512.top/favicon.ico 200 
2026-08-15 19:30:54,572 [INFO] Capturing response: https://teletv5.top/load/yayinlink.php?id=tivibu-spor-4 200 
2026-08-15 19:30:54,635 [INFO] Capturing request: https://streamsport365.com/cinema
2026-08-15 19:30:54,916 [INFO] Capturing response: https://streamsport365.com/cinema 200 
2026-08-15 19:31:11,534 [INFO] Capturing request: https://android.clients.google.com/c2dm/register3
2026-08-15 19:31:11,560 [INFO] Capturing response: https://android.clients.google.com/c2dm/register3 301 
2026-08-15 19:31:27,625 [WARNING]   ❌ Tivibu Spor 4 için M3U8 bulunamadı
2026-08-15 19:31:28,687 [INFO] ✅ 10 kanal bulundu, playlist.m3u kaydedildi
