2026-07-25 13:37:33,767 [INFO] 🌐 BASE_URL: https://www.atomsportv510.top
2026-07-25 13:37:36,055 [INFO] Başlanıyor... 14 kanal taranacak
2026-07-25 13:37:36,055 [INFO] Using default request storage
2026-07-25 13:37:36,060 [INFO] Created proxy listening on 127.0.0.1:46203
2026-07-25 13:37:36,740 [INFO] Capturing request: http://clients2.google.com/time/1/current?cup2key=10:ujEEOaL8YCr12KRIQQqrIXIzNn8_OkokooMiHk11My0&cup2hreq=e3b0c44298fc1c149afbf4c8996fb92427ae41e4649b934ca495991b7852b855
2026-07-25 13:37:36,781 [INFO] Capturing response: http://clients2.google.com/time/1/current?cup2key=10:ujEEOaL8YCr12KRIQQqrIXIzNn8_OkokooMiHk11My0&cup2hreq=e3b0c44298fc1c149afbf4c8996fb92427ae41e4649b934ca495991b7852b855 200 OK
2026-07-25 13:37:36,984 [INFO] 
[1/14]
2026-07-25 13:37:36,985 [INFO] 🔍 beIN Sports 1 → https://www.atomsportv510.top/matches?id=bein-sports-1
2026-07-25 13:37:37,266 [INFO] Capturing request: https://accounts.google.com/ListAccounts?gpsia=1&source=ChromiumBrowser&json=standard&laf=b64bin
2026-07-25 13:37:37,273 [INFO] Capturing request: https://update.googleapis.com/service/update2/json?cup2key=16:cVvpR86PjHQo7InuRG-9plSo9RhkKwZklw-eRhFVAJo&cup2hreq=087a176221396e0798b253f149636e0a0e649b3d89dab91f748abbf8c6d8d29b
2026-07-25 13:37:37,647 [INFO] Capturing response: https://update.googleapis.com/service/update2/json?cup2key=16:cVvpR86PjHQo7InuRG-9plSo9RhkKwZklw-eRhFVAJo&cup2hreq=087a176221396e0798b253f149636e0a0e649b3d89dab91f748abbf8c6d8d29b 200 
2026-07-25 13:37:37,649 [INFO] Capturing request: https://www.google.com/async/folae?async=_fmt:pb&udm=50&client_locale=en-US&client_country=ZZ
2026-07-25 13:37:37,649 [INFO] Capturing request: https://www.atomsportv510.top/matches?id=bein-sports-1
2026-07-25 13:37:37,653 [INFO] Capturing response: https://accounts.google.com/ListAccounts?gpsia=1&source=ChromiumBrowser&json=standard&laf=b64bin 200 
2026-07-25 13:37:37,693 [INFO] Capturing request: https://update.googleapis.com/service/update2/json?cup2key=16:UzAn7EGYMWqiQnTMiX6bAFWD4McdSIEcgBrH_7b22eg&cup2hreq=82da387d6a7b41abdc657ed175a51b293ae217d46dfedfa55a05ef8522b95fd3
2026-07-25 13:37:37,718 [INFO] Capturing response: https://update.googleapis.com/service/update2/json?cup2key=16:UzAn7EGYMWqiQnTMiX6bAFWD4McdSIEcgBrH_7b22eg&cup2hreq=82da387d6a7b41abdc657ed175a51b293ae217d46dfedfa55a05ef8522b95fd3 200 
2026-07-25 13:37:37,732 [INFO] Capturing response: https://www.google.com/async/folae?async=_fmt:pb&udm=50&client_locale=en-US&client_country=ZZ 200 
2026-07-25 13:37:37,763 [INFO] Capturing request: https://update.googleapis.com/service/update2/json?cup2key=16:E9YHUDD9iXsy1aB_ANGZtC1SDjIJB9MwQwjSYXGVXz8&cup2hreq=37b9376079da29ceb871edaf46be1ae74207b19626fe0604fd67b1f9ee1a8df5
2026-07-25 13:37:37,787 [INFO] Capturing response: https://update.googleapis.com/service/update2/json?cup2key=16:E9YHUDD9iXsy1aB_ANGZtC1SDjIJB9MwQwjSYXGVXz8&cup2hreq=37b9376079da29ceb871edaf46be1ae74207b19626fe0604fd67b1f9ee1a8df5 200 
2026-07-25 13:37:37,899 [INFO] Capturing request: https://www.google.com/async/folae?async=_fmt:pb&udm=50&client_locale=en-US&client_country=ZZ
2026-07-25 13:37:37,923 [INFO] Capturing response: https://www.google.com/async/folae?async=_fmt:pb&udm=50&client_locale=en-US&client_country=ZZ 200 
2026-07-25 13:37:38,319 [INFO] Capturing response: https://www.atomsportv510.top/matches?id=bein-sports-1 200 
2026-07-25 13:37:38,470 [INFO] Capturing request: https://www.atomsportv510.top/assets/js/clappr.js
2026-07-25 13:37:38,502 [INFO] Capturing response: https://www.atomsportv510.top/assets/js/clappr.js 200 
2026-07-25 13:37:38,524 [INFO] Capturing request: https://cdnjs.cloudflare.com/ajax/libs/jquery/3.2.1/jquery.min.js
2026-07-25 13:37:38,528 [INFO] Capturing request: https://cdn.jsdelivr.net/npm/@clappr/player@latest/dist/clappr.min.js
2026-07-25 13:37:38,556 [INFO] Capturing response: https://cdn.jsdelivr.net/npm/@clappr/player@latest/dist/clappr.min.js 200 
2026-07-25 13:37:38,570 [INFO] Capturing response: https://cdnjs.cloudflare.com/ajax/libs/jquery/3.2.1/jquery.min.js 200 
2026-07-25 13:37:38,776 [INFO] Capturing request: https://www.atomsportv510.top/favicon.ico
2026-07-25 13:37:38,805 [INFO] Capturing response: https://www.atomsportv510.top/favicon.ico 200 
2026-07-25 13:37:38,831 [INFO] Capturing request: https://teletv5.top/load/yayinlink.php?id=bein-sports-1
2026-07-25 13:37:39,143 [INFO] Capturing response: https://teletv5.top/load/yayinlink.php?id=bein-sports-1 200 
2026-07-25 13:37:39,203 [INFO] Capturing request: https://streamsport365.com/cinema
2026-07-25 13:37:39,456 [INFO] Capturing response: https://streamsport365.com/cinema 200 
2026-07-25 13:37:39,587 [INFO] Capturing request: https://www.atomsportv510.top/assets/img/player/player_logo_6a5f6c9cb38e0.png
2026-07-25 13:37:39,625 [INFO] Capturing response: https://www.atomsportv510.top/assets/img/player/player_logo_6a5f6c9cb38e0.png 200 
2026-07-25 13:37:39,647 [INFO] Capturing request: https://hlsforever.forgetmoenszo.workers.dev/https://corestream.siteyaptim.live//bein1/tracks-v1a1/mono.m3u8
2026-07-25 13:37:40,057 [INFO] Capturing response: https://hlsforever.forgetmoenszo.workers.dev/https://corestream.siteyaptim.live//bein1/tracks-v1a1/mono.m3u8 200 
2026-07-25 13:37:40,262 [INFO] Capturing request: https://global.siteyaptim.live/bein1/tracks-v1a1/2026/07/25/13/37/19-07800.avif
2026-07-25 13:37:40,622 [INFO] Capturing response: https://global.siteyaptim.live/bein1/tracks-v1a1/2026/07/25/13/37/19-07800.avif 200 
2026-07-25 13:37:40,638 [INFO] Capturing request: https://android.clients.google.com/checkin
2026-07-25 13:37:40,738 [INFO] Capturing response: https://android.clients.google.com/checkin 200 
2026-07-25 13:37:40,795 [INFO] Capturing request: https://android.clients.google.com/c2dm/register3
2026-07-25 13:37:40,796 [INFO] Capturing request: https://android.clients.google.com/c2dm/register3
2026-07-25 13:37:40,798 [INFO] Capturing request: https://android.clients.google.com/c2dm/register3
2026-07-25 13:37:40,832 [INFO] Capturing response: https://android.clients.google.com/c2dm/register3 301 
2026-07-25 13:37:40,891 [INFO] Capturing request: https://global.siteyaptim.live/bein1/tracks-v1a1/2026/07/25/13/37/27-09920.avif
2026-07-25 13:37:41,247 [INFO] Capturing response: https://global.siteyaptim.live/bein1/tracks-v1a1/2026/07/25/13/37/27-09920.avif 200 
2026-07-25 13:37:41,431 [INFO] Capturing response: https://android.clients.google.com/c2dm/register3 200 
2026-07-25 13:37:41,471 [INFO] Capturing request: https://global.siteyaptim.live/bein1/tracks-v1a1/2026/07/25/13/37/37-05000.avif
2026-07-25 13:37:41,498 [INFO] Capturing response: https://android.clients.google.com/c2dm/register3 200 
2026-07-25 13:37:41,703 [INFO] Capturing response: https://global.siteyaptim.live/bein1/tracks-v1a1/2026/07/25/13/37/37-05000.avif 200 
2026-07-25 13:37:41,715 [INFO]   ✅ M3U8 bulundu: https://hlsforever.forgetmoenszo.workers.dev/https://corestream.siteyaptim.live//bein1/tracks-v1a1/mono.m3u8
2026-07-25 13:37:41,903 [INFO] Capturing request: https://global.siteyaptim.live/bein1/tracks-v1a1/2026/07/25/13/37/42-05000.avif
2026-07-25 13:37:42,135 [INFO] Capturing response: https://global.siteyaptim.live/bein1/tracks-v1a1/2026/07/25/13/37/42-05000.avif 200 
2026-07-25 13:37:42,716 [INFO] 
[2/14]
2026-07-25 13:37:42,716 [INFO] 🔍 beIN Sports 2 → https://www.atomsportv510.top/matches?id=bein-sports-2
2026-07-25 13:37:42,829 [INFO] Capturing request: https://www.atomsportv510.top/matches?id=bein-sports-2
2026-07-25 13:37:43,083 [INFO] Capturing response: https://www.atomsportv510.top/matches?id=bein-sports-2 200 
2026-07-25 13:37:43,193 [INFO] Capturing request: https://www.atomsportv510.top/assets/js/clappr.js
2026-07-25 13:37:43,307 [INFO] Capturing response: https://www.atomsportv510.top/assets/js/clappr.js 304 
2026-07-25 13:37:43,362 [INFO] Capturing request: https://streamsport365.com/cinema
2026-07-25 13:37:43,458 [INFO] Capturing request: https://teletv5.top/load/yayinlink.php?id=bein-sports-2
2026-07-25 13:37:43,461 [INFO] Capturing request: https://www.atomsportv510.top/favicon.ico
2026-07-25 13:37:43,488 [INFO] Capturing response: https://www.atomsportv510.top/favicon.ico 200 
2026-07-25 13:37:43,601 [INFO] Capturing response: https://streamsport365.com/cinema 200 
2026-07-25 13:37:43,616 [INFO] Capturing response: https://teletv5.top/load/yayinlink.php?id=bein-sports-2 200 
2026-07-25 13:37:43,728 [INFO] Capturing request: https://www.atomsportv510.top/assets/img/player/player_logo_6a5f6c9cb38e0.png
2026-07-25 13:37:43,739 [INFO] Capturing request: https://hlsforever.forgetmoenszo.workers.dev/https://corestream.siteyaptim.live//bein2/tracks-v1a1/mono.m3u8
2026-07-25 13:37:43,844 [INFO] Capturing response: https://www.atomsportv510.top/assets/img/player/player_logo_6a5f6c9cb38e0.png 304 
2026-07-25 13:37:44,107 [INFO] Capturing response: https://hlsforever.forgetmoenszo.workers.dev/https://corestream.siteyaptim.live//bein2/tracks-v1a1/mono.m3u8 200 
2026-07-25 13:37:44,217 [INFO] Capturing request: https://global.siteyaptim.live/bein2/tracks-v1a1/2026/07/25/13/37/31-05000.avif
2026-07-25 13:37:44,421 [INFO] Capturing response: https://global.siteyaptim.live/bein2/tracks-v1a1/2026/07/25/13/37/31-05000.avif 200 
2026-07-25 13:37:44,586 [INFO] Capturing request: https://global.siteyaptim.live/bein2/tracks-v1a1/2026/07/25/13/37/36-05380.avif
2026-07-25 13:37:44,816 [INFO] Capturing response: https://global.siteyaptim.live/bein2/tracks-v1a1/2026/07/25/13/37/36-05380.avif 200 
2026-07-25 13:37:45,019 [INFO] Capturing request: https://global.siteyaptim.live/bein2/tracks-v1a1/2026/07/25/13/37/41-06520.avif
2026-07-25 13:37:45,488 [INFO] Capturing response: https://global.siteyaptim.live/bein2/tracks-v1a1/2026/07/25/13/37/41-06520.avif 200 
2026-07-25 13:37:45,705 [INFO] Capturing request: https://global.siteyaptim.live/bein2/tracks-v1a1/2026/07/25/13/37/48-07960.avif
2026-07-25 13:37:46,091 [INFO] Capturing response: https://global.siteyaptim.live/bein2/tracks-v1a1/2026/07/25/13/37/48-07960.avif 200 
2026-07-25 13:37:46,384 [INFO]   ✅ M3U8 bulundu: https://hlsforever.forgetmoenszo.workers.dev/https://corestream.siteyaptim.live//bein2/tracks-v1a1/mono.m3u8
2026-07-25 13:37:47,385 [INFO] 
[3/14]
2026-07-25 13:37:47,385 [INFO] 🔍 beIN Sports 3 → https://www.atomsportv510.top/matches?id=bein-sports-3
2026-07-25 13:37:47,495 [INFO] Capturing request: https://www.atomsportv510.top/matches?id=bein-sports-3
2026-07-25 13:37:47,886 [INFO] Capturing response: https://www.atomsportv510.top/matches?id=bein-sports-3 200 
2026-07-25 13:37:47,995 [INFO] Capturing request: https://www.atomsportv510.top/assets/js/clappr.js
2026-07-25 13:37:48,116 [INFO] Capturing response: https://www.atomsportv510.top/assets/js/clappr.js 304 
2026-07-25 13:37:48,266 [INFO] Capturing request: https://teletv5.top/load/yayinlink.php?id=bein-sports-3
2026-07-25 13:37:48,270 [INFO] Capturing request: https://www.atomsportv510.top/favicon.ico
2026-07-25 13:37:48,298 [INFO] Capturing response: https://www.atomsportv510.top/favicon.ico 200 
2026-07-25 13:37:48,365 [INFO] Capturing request: https://streamsport365.com/cinema
2026-07-25 13:37:48,428 [INFO] Capturing response: https://teletv5.top/load/yayinlink.php?id=bein-sports-3 200 
2026-07-25 13:37:48,611 [INFO] Capturing response: https://streamsport365.com/cinema 200 
2026-07-25 13:37:48,722 [INFO] Capturing request: https://www.atomsportv510.top/assets/img/player/player_logo_6a5f6c9cb38e0.png
2026-07-25 13:37:48,733 [INFO] Capturing request: https://hlsforever.forgetmoenszo.workers.dev/https://corestream.siteyaptim.live//bein3/tracks-v1a1/mono.m3u8
2026-07-25 13:37:48,841 [INFO] Capturing response: https://www.atomsportv510.top/assets/img/player/player_logo_6a5f6c9cb38e0.png 304 
2026-07-25 13:37:48,843 [INFO] Capturing response: https://hlsforever.forgetmoenszo.workers.dev/https://corestream.siteyaptim.live//bein3/tracks-v1a1/mono.m3u8 200 
2026-07-25 13:37:48,952 [INFO] Capturing request: https://global.siteyaptim.live/bein3/tracks-v1a1/2026/07/25/13/37/28-05000.avif
2026-07-25 13:37:49,212 [INFO] Capturing response: https://global.siteyaptim.live/bein3/tracks-v1a1/2026/07/25/13/37/28-05000.avif 200 
2026-07-25 13:37:49,425 [INFO] Capturing request: https://global.siteyaptim.live/bein3/tracks-v1a1/2026/07/25/13/37/33-05000.avif
2026-07-25 13:37:49,722 [INFO] Capturing response: https://global.siteyaptim.live/bein3/tracks-v1a1/2026/07/25/13/37/33-05000.avif 200 
2026-07-25 13:37:49,925 [INFO] Capturing request: https://global.siteyaptim.live/bein3/tracks-v1a1/2026/07/25/13/37/38-05000.avif
2026-07-25 13:37:50,158 [INFO] Capturing response: https://global.siteyaptim.live/bein3/tracks-v1a1/2026/07/25/13/37/38-05000.avif 200 
2026-07-25 13:37:50,361 [INFO] Capturing request: https://global.siteyaptim.live/bein3/tracks-v1a1/2026/07/25/13/37/43-07120.avif
2026-07-25 13:37:50,971 [INFO] Capturing response: https://global.siteyaptim.live/bein3/tracks-v1a1/2026/07/25/13/37/43-07120.avif 200 
2026-07-25 13:37:51,195 [INFO]   ✅ M3U8 bulundu: https://hlsforever.forgetmoenszo.workers.dev/https://corestream.siteyaptim.live//bein3/tracks-v1a1/mono.m3u8
2026-07-25 13:37:52,196 [INFO] 
[4/14]
2026-07-25 13:37:52,196 [INFO] 🔍 beIN Sports 4 → https://www.atomsportv510.top/matches?id=bein-sports-4
2026-07-25 13:37:52,306 [INFO] Capturing request: https://www.atomsportv510.top/matches?id=bein-sports-4
2026-07-25 13:37:52,532 [INFO] Capturing response: https://www.atomsportv510.top/matches?id=bein-sports-4 200 
2026-07-25 13:37:52,641 [INFO] Capturing request: https://www.atomsportv510.top/assets/js/clappr.js
2026-07-25 13:37:52,761 [INFO] Capturing response: https://www.atomsportv510.top/assets/js/clappr.js 304 
2026-07-25 13:37:52,815 [INFO] Capturing request: https://streamsport365.com/cinema
2026-07-25 13:37:52,915 [INFO] Capturing request: https://teletv5.top/load/yayinlink.php?id=bein-sports-4
2026-07-25 13:37:52,917 [INFO] Capturing request: https://www.atomsportv510.top/favicon.ico
2026-07-25 13:37:52,942 [INFO] Capturing response: https://www.atomsportv510.top/favicon.ico 200 
2026-07-25 13:37:53,061 [INFO] Capturing response: https://streamsport365.com/cinema 200 
2026-07-25 13:37:53,073 [INFO] Capturing response: https://teletv5.top/load/yayinlink.php?id=bein-sports-4 200 
2026-07-25 13:37:53,225 [INFO] Capturing request: https://www.atomsportv510.top/assets/img/player/player_logo_6a5f6c9cb38e0.png
2026-07-25 13:37:53,234 [INFO] Capturing request: https://hlsforever.forgetmoenszo.workers.dev/https://corestream.siteyaptim.live//bein4/tracks-v1a1/mono.m3u8
2026-07-25 13:37:53,342 [INFO] Capturing response: https://www.atomsportv510.top/assets/img/player/player_logo_6a5f6c9cb38e0.png 304 
2026-07-25 13:37:53,344 [INFO] Capturing response: https://hlsforever.forgetmoenszo.workers.dev/https://corestream.siteyaptim.live//bein4/tracks-v1a1/mono.m3u8 200 
2026-07-25 13:37:53,494 [INFO] Capturing request: https://global.siteyaptim.live/bein4/tracks-v1a1/2026/07/25/13/37/29-05680.avif
2026-07-25 13:37:53,660 [INFO] Capturing response: https://global.siteyaptim.live/bein4/tracks-v1a1/2026/07/25/13/37/29-05680.avif 200 
2026-07-25 13:37:53,877 [INFO] Capturing request: https://global.siteyaptim.live/bein4/tracks-v1a1/2026/07/25/13/37/34-05280.avif
2026-07-25 13:37:54,030 [INFO] Capturing response: https://global.siteyaptim.live/bein4/tracks-v1a1/2026/07/25/13/37/34-05280.avif 200 
2026-07-25 13:37:54,239 [INFO] Capturing request: https://global.siteyaptim.live/bein4/tracks-v1a1/2026/07/25/13/37/40-06280.avif
2026-07-25 13:37:54,428 [INFO] Capturing response: https://global.siteyaptim.live/bein4/tracks-v1a1/2026/07/25/13/37/40-06280.avif 200 
2026-07-25 13:37:54,657 [INFO] Capturing request: https://global.siteyaptim.live/bein4/tracks-v1a1/2026/07/25/13/37/46-07760.avif
2026-07-25 13:37:55,054 [INFO] Capturing response: https://global.siteyaptim.live/bein4/tracks-v1a1/2026/07/25/13/37/46-07760.avif 200 
2026-07-25 13:37:55,836 [INFO]   ✅ M3U8 bulundu: https://hlsforever.forgetmoenszo.workers.dev/https://corestream.siteyaptim.live//bein4/tracks-v1a1/mono.m3u8
2026-07-25 13:37:56,837 [INFO] 
[5/14]
2026-07-25 13:37:56,837 [INFO] 🔍 beIN Sports 5 → https://www.atomsportv510.top/matches?id=bein-sports-5
2026-07-25 13:37:56,948 [INFO] Capturing request: https://www.atomsportv510.top/matches?id=bein-sports-5
2026-07-25 13:37:57,174 [INFO] Capturing response: https://www.atomsportv510.top/matches?id=bein-sports-5 200 
2026-07-25 13:37:57,283 [INFO] Capturing request: https://www.atomsportv510.top/assets/js/clappr.js
2026-07-25 13:37:57,401 [INFO] Capturing response: https://www.atomsportv510.top/assets/js/clappr.js 304 
2026-07-25 13:37:57,553 [INFO] Capturing request: https://teletv5.top/load/yayinlink.php?id=bein-sports-5
2026-07-25 13:37:57,554 [INFO] Capturing request: https://www.atomsportv510.top/favicon.ico
2026-07-25 13:37:57,586 [INFO] Capturing response: https://www.atomsportv510.top/favicon.ico 200 
2026-07-25 13:37:57,653 [INFO] Capturing request: https://streamsport365.com/cinema
2026-07-25 13:37:57,713 [INFO] Capturing response: https://teletv5.top/load/yayinlink.php?id=bein-sports-5 200 
2026-07-25 13:37:57,901 [INFO] Capturing response: https://streamsport365.com/cinema 200 
2026-07-25 13:37:58,011 [INFO] Capturing request: https://www.atomsportv510.top/assets/img/player/player_logo_6a5f6c9cb38e0.png
2026-07-25 13:37:58,021 [INFO] Capturing request: https://hlsforever.forgetmoenszo.workers.dev/https://corestream.siteyaptim.live//bein5/tracks-v1a1/mono.m3u8
2026-07-25 13:37:58,129 [INFO] Capturing response: https://www.atomsportv510.top/assets/img/player/player_logo_6a5f6c9cb38e0.png 304 
2026-07-25 13:37:58,131 [INFO] Capturing response: https://hlsforever.forgetmoenszo.workers.dev/https://corestream.siteyaptim.live//bein5/tracks-v1a1/mono.m3u8 200 
2026-07-25 13:37:58,241 [INFO] Capturing request: https://global.siteyaptim.live/bein5/tracks-v1a1/2026/07/25/13/38/14-10000.avif
2026-07-25 13:37:58,490 [INFO] Capturing response: https://global.siteyaptim.live/bein5/tracks-v1a1/2026/07/25/13/38/14-10000.avif 200 
2026-07-25 13:37:58,710 [INFO] Capturing request: https://global.siteyaptim.live/bein5/tracks-v1a1/2026/07/25/13/38/24-10000.avif
2026-07-25 13:37:59,006 [INFO] Capturing response: https://global.siteyaptim.live/bein5/tracks-v1a1/2026/07/25/13/38/24-10000.avif 200 
2026-07-25 13:37:59,219 [INFO] Capturing request: https://global.siteyaptim.live/bein5/tracks-v1a1/2026/07/25/13/38/34-10000.avif
2026-07-25 13:37:59,771 [INFO] Capturing response: https://global.siteyaptim.live/bein5/tracks-v1a1/2026/07/25/13/38/34-10000.avif 200 
2026-07-25 13:38:00,472 [INFO]   ✅ M3U8 bulundu: https://hlsforever.forgetmoenszo.workers.dev/https://corestream.siteyaptim.live//bein5/tracks-v1a1/mono.m3u8
2026-07-25 13:38:01,472 [INFO] 
[6/14]
2026-07-25 13:38:01,473 [INFO] 🔍 beIN Sports Max 1 → https://www.atomsportv510.top/matches?id=bein-sports-max-1
2026-07-25 13:38:01,583 [INFO] Capturing request: https://www.atomsportv510.top/matches?id=bein-sports-max-1
2026-07-25 13:38:01,811 [INFO] Capturing response: https://www.atomsportv510.top/matches?id=bein-sports-max-1 200 
2026-07-25 13:38:01,920 [INFO] Capturing request: https://www.atomsportv510.top/assets/js/clappr.js
2026-07-25 13:38:02,038 [INFO] Capturing response: https://www.atomsportv510.top/assets/js/clappr.js 304 
2026-07-25 13:38:02,092 [INFO] Capturing request: https://streamsport365.com/cinema
2026-07-25 13:38:02,192 [INFO] Capturing request: https://www.atomsportv510.top/favicon.ico
2026-07-25 13:38:02,193 [INFO] Capturing request: https://teletv5.top/load/yayinlink.php?id=bein-sports-max-1
2026-07-25 13:38:02,221 [INFO] Capturing response: https://www.atomsportv510.top/favicon.ico 200 
2026-07-25 13:38:02,345 [INFO] Capturing response: https://streamsport365.com/cinema 200 
2026-07-25 13:38:02,351 [INFO] Capturing response: https://teletv5.top/load/yayinlink.php?id=bein-sports-max-1 200 
2026-07-25 13:38:02,502 [INFO] Capturing request: https://www.atomsportv510.top/assets/img/player/player_logo_6a5f6c9cb38e0.png
2026-07-25 13:38:02,511 [INFO] Capturing request: https://hlsforever.forgetmoenszo.workers.dev/https://corestream.siteyaptim.live//trtspor/tracks-v1a1/mono.m3u8
2026-07-25 13:38:02,619 [INFO] Capturing response: https://www.atomsportv510.top/assets/img/player/player_logo_6a5f6c9cb38e0.png 304 
2026-07-25 13:38:02,621 [INFO] Capturing response: https://hlsforever.forgetmoenszo.workers.dev/https://corestream.siteyaptim.live//trtspor/tracks-v1a1/mono.m3u8 404 
2026-07-25 13:38:05,105 [INFO]   ✅ M3U8 bulundu: https://hlsforever.forgetmoenszo.workers.dev/https://corestream.siteyaptim.live//trtspor/tracks-v1a1/mono.m3u8
2026-07-25 13:38:06,105 [INFO] 
[7/14]
2026-07-25 13:38:06,105 [INFO] 🔍 beIN Sports Max 2 → https://www.atomsportv510.top/matches?id=bein-sports-max-2
2026-07-25 13:38:06,214 [INFO] Capturing request: https://www.atomsportv510.top/matches?id=bein-sports-max-2
2026-07-25 13:38:06,439 [INFO] Capturing response: https://www.atomsportv510.top/matches?id=bein-sports-max-2 200 
2026-07-25 13:38:06,548 [INFO] Capturing request: https://www.atomsportv510.top/assets/js/clappr.js
2026-07-25 13:38:06,665 [INFO] Capturing response: https://www.atomsportv510.top/assets/js/clappr.js 304 
2026-07-25 13:38:06,817 [INFO] Capturing request: https://teletv5.top/load/yayinlink.php?id=bein-sports-max-2
2026-07-25 13:38:06,820 [INFO] Capturing request: https://www.atomsportv510.top/favicon.ico
2026-07-25 13:38:06,852 [INFO] Capturing response: https://www.atomsportv510.top/favicon.ico 200 
2026-07-25 13:38:06,915 [INFO] Capturing request: https://streamsport365.com/cinema
2026-07-25 13:38:07,169 [INFO] Capturing response: https://streamsport365.com/cinema 200 
2026-07-25 13:38:07,749 [INFO] Capturing request: https://android.clients.google.com/c2dm/register3
2026-07-25 13:38:07,784 [INFO] Capturing response: https://teletv5.top/load/yayinlink.php?id=bein-sports-max-2 200 
2026-07-25 13:38:07,818 [INFO] Capturing response: https://android.clients.google.com/c2dm/register3 301 
2026-07-25 13:38:07,895 [INFO] Capturing request: https://www.atomsportv510.top/assets/img/player/player_logo_6a5f6c9cb38e0.png
2026-07-25 13:38:07,907 [INFO] Capturing request: https://hlsforever.forgetmoenszo.workers.dev/https://corestream.siteyaptim.live//trtspor/tracks-v1a1/mono.m3u8
2026-07-25 13:38:08,014 [INFO] Capturing response: https://hlsforever.forgetmoenszo.workers.dev/https://corestream.siteyaptim.live//trtspor/tracks-v1a1/mono.m3u8 404 
2026-07-25 13:38:08,668 [INFO] Capturing response: https://www.atomsportv510.top/assets/img/player/player_logo_6a5f6c9cb38e0.png 304 
2026-07-25 13:38:09,730 [INFO]   ✅ M3U8 bulundu: https://hlsforever.forgetmoenszo.workers.dev/https://corestream.siteyaptim.live//trtspor/tracks-v1a1/mono.m3u8
2026-07-25 13:38:10,730 [INFO] 
[8/14]
2026-07-25 13:38:10,731 [INFO] 🔍 S Sport → https://www.atomsportv510.top/matches?id=s-sport
2026-07-25 13:38:10,839 [INFO] Capturing request: https://www.atomsportv510.top/matches?id=s-sport
2026-07-25 13:38:11,227 [INFO] Capturing response: https://www.atomsportv510.top/matches?id=s-sport 200 
2026-07-25 13:38:11,337 [INFO] Capturing request: https://www.atomsportv510.top/assets/js/clappr.js
2026-07-25 13:38:11,456 [INFO] Capturing response: https://www.atomsportv510.top/assets/js/clappr.js 304 
2026-07-25 13:38:11,506 [INFO] Capturing request: https://streamsport365.com/cinema
2026-07-25 13:38:11,614 [INFO] Capturing request: https://www.atomsportv510.top/favicon.ico
2026-07-25 13:38:11,614 [INFO] Capturing request: https://teletv5.top/load/yayinlink.php?id=s-sport
2026-07-25 13:38:11,642 [INFO] Capturing response: https://www.atomsportv510.top/favicon.ico 200 
2026-07-25 13:38:11,757 [INFO] Capturing response: https://streamsport365.com/cinema 200 
2026-07-25 13:38:11,771 [INFO] Capturing response: https://teletv5.top/load/yayinlink.php?id=s-sport 200 
2026-07-25 13:38:11,922 [INFO] Capturing request: https://www.atomsportv510.top/assets/img/player/player_logo_6a5f6c9cb38e0.png
2026-07-25 13:38:11,931 [INFO] Capturing request: https://hlsforever.forgetmoenszo.workers.dev/https://corestream.siteyaptim.live//s-sport/tracks-v1a1/mono.m3u8
2026-07-25 13:38:12,037 [INFO] Capturing response: https://www.atomsportv510.top/assets/img/player/player_logo_6a5f6c9cb38e0.png 304 
2026-07-25 13:38:12,040 [INFO] Capturing response: https://hlsforever.forgetmoenszo.workers.dev/https://corestream.siteyaptim.live//s-sport/tracks-v1a1/mono.m3u8 200 
2026-07-25 13:38:12,190 [INFO] Capturing request: https://global.siteyaptim.live/s-sport/tracks-v1a1/2026/07/25/13/38/02-05000.avif
2026-07-25 13:38:12,473 [INFO] Capturing response: https://global.siteyaptim.live/s-sport/tracks-v1a1/2026/07/25/13/38/02-05000.avif 200 
2026-07-25 13:38:12,706 [INFO] Capturing request: https://global.siteyaptim.live/s-sport/tracks-v1a1/2026/07/25/13/38/07-05000.avif
2026-07-25 13:38:13,050 [INFO] Capturing response: https://global.siteyaptim.live/s-sport/tracks-v1a1/2026/07/25/13/38/07-05000.avif 200 
2026-07-25 13:38:13,274 [INFO] Capturing request: https://global.siteyaptim.live/s-sport/tracks-v1a1/2026/07/25/13/38/12-05000.avif
2026-07-25 13:38:13,606 [INFO] Capturing response: https://global.siteyaptim.live/s-sport/tracks-v1a1/2026/07/25/13/38/12-05000.avif 200 
2026-07-25 13:38:14,531 [INFO]   ✅ M3U8 bulundu: https://hlsforever.forgetmoenszo.workers.dev/https://corestream.siteyaptim.live//s-sport/tracks-v1a1/mono.m3u8
2026-07-25 13:38:15,532 [INFO] 
[9/14]
2026-07-25 13:38:15,532 [INFO] 🔍 S Sport 2 → https://www.atomsportv510.top/matches?id=s-sport-2
2026-07-25 13:38:15,643 [INFO] Capturing request: https://www.atomsportv510.top/matches?id=s-sport-2
2026-07-25 13:38:15,869 [INFO] Capturing response: https://www.atomsportv510.top/matches?id=s-sport-2 200 
2026-07-25 13:38:15,978 [INFO] Capturing request: https://www.atomsportv510.top/assets/js/clappr.js
2026-07-25 13:38:16,096 [INFO] Capturing response: https://www.atomsportv510.top/assets/js/clappr.js 304 
2026-07-25 13:38:16,248 [INFO] Capturing request: https://teletv5.top/load/yayinlink.php?id=s-sport-2
2026-07-25 13:38:16,249 [INFO] Capturing request: https://www.atomsportv510.top/favicon.ico
2026-07-25 13:38:16,280 [INFO] Capturing response: https://www.atomsportv510.top/favicon.ico 200 
2026-07-25 13:38:16,349 [INFO] Capturing request: https://streamsport365.com/cinema
2026-07-25 13:38:16,406 [INFO] Capturing response: https://teletv5.top/load/yayinlink.php?id=s-sport-2 200 
2026-07-25 13:38:16,596 [INFO] Capturing response: https://streamsport365.com/cinema 200 
2026-07-25 13:38:16,707 [INFO] Capturing request: https://www.atomsportv510.top/assets/img/player/player_logo_6a5f6c9cb38e0.png
2026-07-25 13:38:16,716 [INFO] Capturing request: https://hlsforever.forgetmoenszo.workers.dev/https://corestream.siteyaptim.live//s-sport2/tracks-v1a1/mono.m3u8
2026-07-25 13:38:16,823 [INFO] Capturing response: https://www.atomsportv510.top/assets/img/player/player_logo_6a5f6c9cb38e0.png 304 
2026-07-25 13:38:16,825 [INFO] Capturing response: https://hlsforever.forgetmoenszo.workers.dev/https://corestream.siteyaptim.live//s-sport2/tracks-v1a1/mono.m3u8 200 
2026-07-25 13:38:16,934 [INFO] Capturing request: https://global.siteyaptim.live/s-sport2/tracks-v1a1/2026/07/25/13/38/52-06400.avif
2026-07-25 13:38:17,311 [INFO] Capturing response: https://global.siteyaptim.live/s-sport2/tracks-v1a1/2026/07/25/13/38/52-06400.avif 200 
2026-07-25 13:38:17,564 [INFO] Capturing request: https://global.siteyaptim.live/s-sport2/tracks-v1a1/2026/07/25/13/38/58-06400.avif
2026-07-25 13:38:17,885 [INFO] Capturing response: https://global.siteyaptim.live/s-sport2/tracks-v1a1/2026/07/25/13/38/58-06400.avif 200 
2026-07-25 13:38:18,091 [INFO] Capturing request: https://global.siteyaptim.live/s-sport2/tracks-v1a1/2026/07/25/13/39/04-06400.avif
2026-07-25 13:38:18,472 [INFO] Capturing response: https://global.siteyaptim.live/s-sport2/tracks-v1a1/2026/07/25/13/39/04-06400.avif 200 
2026-07-25 13:38:18,716 [INFO] Capturing request: https://global.siteyaptim.live/s-sport2/tracks-v1a1/2026/07/25/13/39/11-06400.avif
2026-07-25 13:38:19,191 [INFO]   ✅ M3U8 bulundu: https://hlsforever.forgetmoenszo.workers.dev/https://corestream.siteyaptim.live//s-sport2/tracks-v1a1/mono.m3u8
2026-07-25 13:38:19,212 [INFO] Capturing response: https://global.siteyaptim.live/s-sport2/tracks-v1a1/2026/07/25/13/39/11-06400.avif 200 
2026-07-25 13:38:20,192 [INFO] 
[10/14]
2026-07-25 13:38:20,192 [INFO] 🔍 A Spor → https://www.atomsportv510.top/matches?id=a-spor
2026-07-25 13:38:20,303 [INFO] Capturing request: https://www.atomsportv510.top/matches?id=a-spor
2026-07-25 13:38:20,904 [INFO] Capturing response: https://www.atomsportv510.top/matches?id=a-spor 200 
2026-07-25 13:38:21,014 [INFO] Capturing request: https://www.atomsportv510.top/assets/js/clappr.js
2026-07-25 13:38:21,131 [INFO] Capturing response: https://www.atomsportv510.top/assets/js/clappr.js 304 
2026-07-25 13:38:21,187 [INFO] Capturing request: https://streamsport365.com/cinema
2026-07-25 13:38:21,283 [INFO] Capturing request: https://teletv5.top/load/yayinlink.php?id=a-spor
2026-07-25 13:38:21,286 [INFO] Capturing request: https://www.atomsportv510.top/favicon.ico
2026-07-25 13:38:21,317 [INFO] Capturing response: https://www.atomsportv510.top/favicon.ico 200 
2026-07-25 13:38:21,436 [INFO] Capturing response: https://teletv5.top/load/yayinlink.php?id=a-spor 200 
2026-07-25 13:38:21,438 [INFO] Capturing response: https://streamsport365.com/cinema 200 
2026-07-25 13:38:21,587 [INFO] Capturing request: https://www.atomsportv510.top/assets/img/player/player_logo_6a5f6c9cb38e0.png
2026-07-25 13:38:21,596 [INFO] Capturing request: https://hlsforever.forgetmoenszo.workers.dev/https://corestream.siteyaptim.live//aspor/tracks-v1a1/mono.m3u8
2026-07-25 13:38:21,706 [INFO] Capturing response: https://www.atomsportv510.top/assets/img/player/player_logo_6a5f6c9cb38e0.png 304 
2026-07-25 13:38:21,707 [INFO] Capturing response: https://hlsforever.forgetmoenszo.workers.dev/https://corestream.siteyaptim.live//aspor/tracks-v1a1/mono.m3u8 404 
2026-07-25 13:38:24,197 [INFO]   ✅ M3U8 bulundu: https://hlsforever.forgetmoenszo.workers.dev/https://corestream.siteyaptim.live//aspor/tracks-v1a1/mono.m3u8
2026-07-25 13:38:25,197 [INFO] 
[11/14]
2026-07-25 13:38:25,197 [INFO] 🔍 Tivibu Spor 1 → https://www.atomsportv510.top/matches?id=tivibu-spor-1
2026-07-25 13:38:25,305 [INFO] Capturing request: https://www.atomsportv510.top/matches?id=tivibu-spor-1
2026-07-25 13:38:25,532 [INFO] Capturing response: https://www.atomsportv510.top/matches?id=tivibu-spor-1 200 
2026-07-25 13:38:25,641 [INFO] Capturing request: https://www.atomsportv510.top/assets/js/clappr.js
2026-07-25 13:38:25,758 [INFO] Capturing response: https://www.atomsportv510.top/assets/js/clappr.js 304 
2026-07-25 13:38:25,910 [INFO] Capturing request: https://teletv5.top/load/yayinlink.php?id=tivibu-spor-1
2026-07-25 13:38:25,913 [INFO] Capturing request: https://www.atomsportv510.top/favicon.ico
2026-07-25 13:38:25,930 [INFO] Capturing response: https://teletv5.top/load/yayinlink.php?id=tivibu-spor-1 200 
2026-07-25 13:38:25,941 [INFO] Capturing response: https://www.atomsportv510.top/favicon.ico 200 
2026-07-25 13:38:26,008 [INFO] Capturing request: https://streamsport365.com/cinema
2026-07-25 13:38:26,256 [INFO] Capturing response: https://streamsport365.com/cinema 200 
2026-07-25 13:38:36,744 [INFO] Capturing request: https://update.googleapis.com/service/update2/json?cup2key=16:yeu3k9oUI6JTnM0AUglmtj56-fvfvN1DVAYDXvvG2Js&cup2hreq=b8ecee88ad76423dfc6ee119bff36ef07632ddc1228e69cc0c0fff138638fd36
2026-07-25 13:38:36,771 [INFO] Capturing response: https://update.googleapis.com/service/update2/json?cup2key=16:yeu3k9oUI6JTnM0AUglmtj56-fvfvN1DVAYDXvvG2Js&cup2hreq=b8ecee88ad76423dfc6ee119bff36ef07632ddc1228e69cc0c0fff138638fd36 200 
2026-07-25 13:38:36,777 [INFO] Capturing request: http://edgedl.me.gvt1.com/edgedl/diffgen-puffin/gcmjkmgdlgnkkcocmoeiminaijmmjnii/df2a22d5ecc7788c3330ebd5f856b41531c74f412a01ed7453d11284708009fe
2026-07-25 13:38:36,798 [INFO] Capturing response: http://edgedl.me.gvt1.com/edgedl/diffgen-puffin/gcmjkmgdlgnkkcocmoeiminaijmmjnii/df2a22d5ecc7788c3330ebd5f856b41531c74f412a01ed7453d11284708009fe 200 OK
2026-07-25 13:38:36,824 [INFO] Capturing request: https://update.googleapis.com/service/update2/json
2026-07-25 13:38:36,854 [INFO] Capturing response: https://update.googleapis.com/service/update2/json 200 
2026-07-25 13:38:36,899 [INFO] Capturing request: http://edgedl.me.gvt1.com/edgedl/release2/chrome_component/acnrixkoybj45ll6oonedndjqo6a_10672/hfnkpimlhhgieaddgfemjhofmfblmnib_10672_all_jd3fuga46qlng2gcwjiou6ilhi.crx3
2026-07-25 13:38:36,915 [INFO] Capturing response: http://edgedl.me.gvt1.com/edgedl/release2/chrome_component/acnrixkoybj45ll6oonedndjqo6a_10672/hfnkpimlhhgieaddgfemjhofmfblmnib_10672_all_jd3fuga46qlng2gcwjiou6ilhi.crx3 200 OK
2026-07-25 13:38:36,948 [INFO] Capturing request: https://update.googleapis.com/service/update2/json
2026-07-25 13:38:36,971 [INFO] Capturing response: https://update.googleapis.com/service/update2/json 200 
2026-07-25 13:38:55,450 [INFO] Capturing request: https://android.clients.google.com/c2dm/register3
2026-07-25 13:38:55,518 [INFO] Capturing response: https://android.clients.google.com/c2dm/register3 301 
2026-07-25 13:38:59,105 [WARNING]   ❌ Tivibu Spor 1 için M3U8 bulunamadı
2026-07-25 13:39:00,106 [INFO] 
[12/14]
2026-07-25 13:39:00,106 [INFO] 🔍 Tivibu Spor 2 → https://www.atomsportv510.top/matches?id=tivibu-spor-2
2026-07-25 13:39:00,248 [INFO] Capturing request: https://www.atomsportv510.top/matches?id=tivibu-spor-2
2026-07-25 13:39:00,909 [INFO] Capturing response: https://www.atomsportv510.top/matches?id=tivibu-spor-2 200 
2026-07-25 13:39:01,056 [INFO] Capturing request: https://www.atomsportv510.top/assets/js/clappr.js
2026-07-25 13:39:01,182 [INFO] Capturing response: https://www.atomsportv510.top/assets/js/clappr.js 304 
2026-07-25 13:39:01,338 [INFO] Capturing request: https://www.atomsportv510.top/favicon.ico
2026-07-25 13:39:01,372 [INFO] Capturing request: https://teletv5.top/load/yayinlink.php?id=tivibu-spor-2
2026-07-25 13:39:01,374 [INFO] Capturing response: https://www.atomsportv510.top/favicon.ico 200 
2026-07-25 13:39:01,396 [INFO] Capturing response: https://teletv5.top/load/yayinlink.php?id=tivibu-spor-2 200 
2026-07-25 13:39:01,780 [INFO] Capturing request: https://streamsport365.com/cinema
2026-07-25 13:39:02,032 [INFO] Capturing response: https://streamsport365.com/cinema 200 
2026-07-25 13:39:34,485 [WARNING]   ❌ Tivibu Spor 2 için M3U8 bulunamadı
2026-07-25 13:39:35,486 [INFO] 
[13/14]
2026-07-25 13:39:35,486 [INFO] 🔍 Tivibu Spor 3 → https://www.atomsportv510.top/matches?id=tivibu-spor-3
2026-07-25 13:39:35,595 [INFO] Capturing request: https://www.atomsportv510.top/matches?id=tivibu-spor-3
2026-07-25 13:39:35,984 [INFO] Capturing response: https://www.atomsportv510.top/matches?id=tivibu-spor-3 200 
2026-07-25 13:39:36,093 [INFO] Capturing request: https://www.atomsportv510.top/assets/js/clappr.js
2026-07-25 13:39:36,208 [INFO] Capturing response: https://www.atomsportv510.top/assets/js/clappr.js 304 
2026-07-25 13:39:36,359 [INFO] Capturing request: https://teletv5.top/load/yayinlink.php?id=tivibu-spor-3
2026-07-25 13:39:36,362 [INFO] Capturing request: https://www.atomsportv510.top/favicon.ico
2026-07-25 13:39:36,375 [INFO] Capturing response: https://teletv5.top/load/yayinlink.php?id=tivibu-spor-3 200 
2026-07-25 13:39:36,390 [INFO] Capturing response: https://www.atomsportv510.top/favicon.ico 200 
2026-07-25 13:39:36,456 [INFO] Capturing request: https://streamsport365.com/cinema
2026-07-25 13:39:36,710 [INFO] Capturing response: https://streamsport365.com/cinema 200 
2026-07-25 13:40:09,506 [WARNING]   ❌ Tivibu Spor 3 için M3U8 bulunamadı
2026-07-25 13:40:10,507 [INFO] 
[14/14]
2026-07-25 13:40:10,507 [INFO] 🔍 Tivibu Spor 4 → https://www.atomsportv510.top/matches?id=tivibu-spor-4
2026-07-25 13:40:10,619 [INFO] Capturing request: https://www.atomsportv510.top/assets/js/clappr.js
2026-07-25 13:40:10,621 [INFO] Capturing request: https://www.atomsportv510.top/matches?id=tivibu-spor-4
2026-07-25 13:40:10,791 [INFO] Capturing response: https://www.atomsportv510.top/assets/js/clappr.js 200 
2026-07-25 13:40:12,180 [INFO] Capturing response: https://www.atomsportv510.top/matches?id=tivibu-spor-4 200 
2026-07-25 13:40:12,326 [INFO] Capturing request: https://www.atomsportv510.top/assets/js/clappr.js
2026-07-25 13:40:12,440 [INFO] Capturing response: https://www.atomsportv510.top/assets/js/clappr.js 304 
2026-07-25 13:40:12,591 [INFO] Capturing request: https://teletv5.top/load/yayinlink.php?id=tivibu-spor-4
2026-07-25 13:40:12,596 [INFO] Capturing request: https://www.atomsportv510.top/favicon.ico
2026-07-25 13:40:12,634 [INFO] Capturing response: https://www.atomsportv510.top/favicon.ico 200 
2026-07-25 13:40:12,692 [INFO] Capturing request: https://streamsport365.com/cinema
2026-07-25 13:40:12,884 [INFO] Capturing response: https://teletv5.top/load/yayinlink.php?id=tivibu-spor-4 200 
2026-07-25 13:40:12,940 [INFO] Capturing response: https://streamsport365.com/cinema 200 
2026-07-25 13:40:45,743 [WARNING]   ❌ Tivibu Spor 4 için M3U8 bulunamadı
2026-07-25 13:40:46,808 [INFO] ✅ 10 kanal bulundu, playlist.m3u kaydedildi
