2026-08-21 15:34:51,359 [INFO] 🌐 BASE_URL: https://www.atomsportv513.top
2026-08-21 15:34:52,367 [INFO] Başlanıyor... 14 kanal taranacak
2026-08-21 15:34:52,367 [INFO] Using default request storage
2026-08-21 15:34:52,372 [INFO] Created proxy listening on 127.0.0.1:34597
2026-08-21 15:34:53,054 [INFO] Capturing request: http://clients2.google.com/time/1/current?cup2key=10:iOsaEiR8YjpP-b22GMMtVkHXBuTAZmhDQqc67CmO2mE&cup2hreq=e3b0c44298fc1c149afbf4c8996fb92427ae41e4649b934ca495991b7852b855
2026-08-21 15:34:53,091 [INFO] Capturing response: http://clients2.google.com/time/1/current?cup2key=10:iOsaEiR8YjpP-b22GMMtVkHXBuTAZmhDQqc67CmO2mE&cup2hreq=e3b0c44298fc1c149afbf4c8996fb92427ae41e4649b934ca495991b7852b855 200 OK
2026-08-21 15:34:53,301 [INFO] 
[1/14]
2026-08-21 15:34:53,301 [INFO] 🔍 beIN Sports 1 → https://www.atomsportv513.top/matches?id=bein-sports-1
2026-08-21 15:34:53,416 [INFO] Capturing request: https://accounts.google.com/ListAccounts?gpsia=1&source=ChromiumBrowser&json=standard&laf=b64bin
2026-08-21 15:34:53,429 [INFO] Capturing request: https://update.googleapis.com/service/update2/json?cup2key=16:HE3Rbu0X_CUVqCurjV-dbUSiriana2KxK3UKgl85eTY&cup2hreq=77ee4791282144064d17070e12cf4bb2577df198eb4fed6d0a8c3c0f8a85c391
2026-08-21 15:34:53,494 [INFO] Capturing response: https://update.googleapis.com/service/update2/json?cup2key=16:HE3Rbu0X_CUVqCurjV-dbUSiriana2KxK3UKgl85eTY&cup2hreq=77ee4791282144064d17070e12cf4bb2577df198eb4fed6d0a8c3c0f8a85c391 200 
2026-08-21 15:34:53,497 [INFO] Capturing response: https://accounts.google.com/ListAccounts?gpsia=1&source=ChromiumBrowser&json=standard&laf=b64bin 200 
2026-08-21 15:34:53,507 [INFO] Capturing request: https://www.google.com/async/folae?async=_fmt:pb&udm=50&client_locale=en-US&client_country=ZZ
2026-08-21 15:34:53,526 [INFO] Capturing request: https://www.atomsportv513.top/matches?id=bein-sports-1
2026-08-21 15:34:53,544 [INFO] Capturing request: https://update.googleapis.com/service/update2/json?cup2key=16:KqWG6anpQTJHnLghz6NfKV6FVyoCwH4E3a1zvM5U0zU&cup2hreq=d5fc2729a07f0210eb0816a80fbd017c3d18bc6033a5871d2c82c53157468fff
2026-08-21 15:34:53,548 [INFO] Capturing response: https://www.google.com/async/folae?async=_fmt:pb&udm=50&client_locale=en-US&client_country=ZZ 200 
2026-08-21 15:34:53,573 [INFO] Capturing response: https://update.googleapis.com/service/update2/json?cup2key=16:KqWG6anpQTJHnLghz6NfKV6FVyoCwH4E3a1zvM5U0zU&cup2hreq=d5fc2729a07f0210eb0816a80fbd017c3d18bc6033a5871d2c82c53157468fff 200 
2026-08-21 15:34:53,619 [INFO] Capturing request: https://update.googleapis.com/service/update2/json?cup2key=16:vWvS09XxBtIOageJyEViTDa3y4IxdDEvO9moqeLr8RM&cup2hreq=f0085a3754422c8cbf500eaf497b8c4386788f05745fbd936575c177e9b49de2
2026-08-21 15:34:53,647 [INFO] Capturing response: https://update.googleapis.com/service/update2/json?cup2key=16:vWvS09XxBtIOageJyEViTDa3y4IxdDEvO9moqeLr8RM&cup2hreq=f0085a3754422c8cbf500eaf497b8c4386788f05745fbd936575c177e9b49de2 200 
2026-08-21 15:34:53,748 [INFO] Capturing request: https://www.google.com/async/folae?async=_fmt:pb&udm=50&client_locale=en-US&client_country=ZZ
2026-08-21 15:34:53,780 [INFO] Capturing response: https://www.google.com/async/folae?async=_fmt:pb&udm=50&client_locale=en-US&client_country=ZZ 200 
2026-08-21 15:34:54,051 [INFO] Capturing response: https://www.atomsportv513.top/matches?id=bein-sports-1 200 
2026-08-21 15:34:54,268 [INFO] Capturing request: https://cdn.jsdelivr.net/npm/@clappr/player@0.11.16/dist/clappr.min.js
2026-08-21 15:34:54,272 [INFO] Capturing request: https://cdn.jsdelivr.net/npm/level-selector/dist/level-selector.min.js
2026-08-21 15:34:54,275 [INFO] Capturing request: https://cdn.jsdelivr.net/npm/@clappr/hlsjs-playback@1.8.3/dist/hlsjs-playback.min.js
2026-08-21 15:34:54,316 [INFO] Capturing response: https://cdn.jsdelivr.net/npm/level-selector/dist/level-selector.min.js 200 
2026-08-21 15:34:54,320 [INFO] Capturing response: https://cdn.jsdelivr.net/npm/@clappr/player@0.11.16/dist/clappr.min.js 200 
2026-08-21 15:34:54,324 [INFO] Capturing response: https://cdn.jsdelivr.net/npm/@clappr/hlsjs-playback@1.8.3/dist/hlsjs-playback.min.js 200 
2026-08-21 15:34:54,536 [INFO] Capturing request: https://www.atomsportv513.top/favicon.ico
2026-08-21 15:34:54,631 [INFO] Capturing request: https://teletv5.top/load/yayinlink.php?id=bein-sports-1
2026-08-21 15:34:54,650 [INFO] Capturing response: https://www.atomsportv513.top/favicon.ico 200 
2026-08-21 15:34:54,955 [INFO] Capturing response: https://teletv5.top/load/yayinlink.php?id=bein-sports-1 200 
2026-08-21 15:34:55,087 [INFO] Capturing request: https://streamsport365.com/cinema
2026-08-21 15:34:55,369 [INFO] Capturing response: https://streamsport365.com/cinema 200 
2026-08-21 15:34:55,500 [INFO] Capturing request: https://www.atomsportv513.top/assets/img/player/player_logo_6a87a2e2eecc5.png
2026-08-21 15:34:55,548 [INFO] Capturing response: https://www.atomsportv513.top/assets/img/player/player_logo_6a87a2e2eecc5.png 200 
2026-08-21 15:34:55,576 [INFO] Capturing request: https://corestream.siteyaptim.live//beintv/tracks-v1a1/mono.m3u8
2026-08-21 15:34:55,760 [INFO] Capturing response: https://corestream.siteyaptim.live//beintv/tracks-v1a1/mono.m3u8 200 
2026-08-21 15:34:55,986 [INFO] Capturing request: https://global.siteyaptim.live/beintv/tracks-v1a1/2026/08/21/15/34/25-10000.jpg
2026-08-21 15:34:56,378 [INFO] Capturing response: https://global.siteyaptim.live/beintv/tracks-v1a1/2026/08/21/15/34/25-10000.jpg 200 
2026-08-21 15:34:56,531 [INFO] Capturing request: https://android.clients.google.com/checkin
2026-08-21 15:34:56,625 [INFO] Capturing request: https://global.siteyaptim.live/beintv/tracks-v1a1/2026/08/21/15/34/35-10000.jpg
2026-08-21 15:34:56,630 [INFO] Capturing response: https://android.clients.google.com/checkin 200 
2026-08-21 15:34:56,680 [INFO] Capturing request: https://android.clients.google.com/c2dm/register3
2026-08-21 15:34:56,682 [INFO] Capturing request: https://android.clients.google.com/c2dm/register3
2026-08-21 15:34:56,684 [INFO] Capturing request: https://android.clients.google.com/c2dm/register3
2026-08-21 15:34:56,715 [INFO] Capturing response: https://android.clients.google.com/c2dm/register3 301 
2026-08-21 15:34:56,721 [INFO] Capturing response: https://android.clients.google.com/c2dm/register3 200 
2026-08-21 15:34:57,016 [INFO] Capturing response: https://global.siteyaptim.live/beintv/tracks-v1a1/2026/08/21/15/34/35-10000.jpg 200 
2026-08-21 15:34:57,192 [INFO] Capturing request: https://global.siteyaptim.live/beintv/tracks-v1a1/2026/08/21/15/34/45-10000.jpg
2026-08-21 15:34:57,460 [INFO]   ✅ M3U8 bulundu: https://corestream.siteyaptim.live//beintv/tracks-v1a1/mono.m3u8
2026-08-21 15:34:57,619 [INFO] Capturing response: https://android.clients.google.com/c2dm/register3 200 
2026-08-21 15:34:57,902 [INFO] Capturing response: https://global.siteyaptim.live/beintv/tracks-v1a1/2026/08/21/15/34/45-10000.jpg 200 
2026-08-21 15:34:58,460 [INFO] 
[2/14]
2026-08-21 15:34:58,461 [INFO] 🔍 beIN Sports 2 → https://www.atomsportv513.top/matches?id=bein-sports-2
2026-08-21 15:34:58,572 [INFO] Capturing request: https://www.atomsportv513.top/matches?id=bein-sports-2
2026-08-21 15:34:58,777 [INFO] Capturing response: https://www.atomsportv513.top/matches?id=bein-sports-2 200 
2026-08-21 15:34:58,829 [INFO] Capturing request: https://streamsport365.com/cinema
2026-08-21 15:34:58,929 [INFO] Capturing request: https://teletv5.top/load/yayinlink.php?id=bein-sports-2
2026-08-21 15:34:58,930 [INFO] Capturing request: https://www.atomsportv513.top/favicon.ico
2026-08-21 15:34:58,971 [INFO] Capturing response: https://www.atomsportv513.top/favicon.ico 200 
2026-08-21 15:34:59,120 [INFO] Capturing response: https://streamsport365.com/cinema 200 
2026-08-21 15:34:59,281 [INFO] Capturing response: https://teletv5.top/load/yayinlink.php?id=bein-sports-2 200 
2026-08-21 15:34:59,393 [INFO] Capturing request: https://www.atomsportv513.top/assets/img/player/player_logo_6a87a2e2eecc5.png
2026-08-21 15:34:59,401 [INFO] Capturing request: https://corestream.siteyaptim.live//bein2/tracks-v1a1/mono.m3u8
2026-08-21 15:34:59,558 [INFO] Capturing response: https://www.atomsportv513.top/assets/img/player/player_logo_6a87a2e2eecc5.png 304 
2026-08-21 15:34:59,580 [INFO] Capturing response: https://corestream.siteyaptim.live//bein2/tracks-v1a1/mono.m3u8 200 
2026-08-21 15:34:59,689 [INFO] Capturing request: https://global.siteyaptim.live/bein2/tracks-v1a1/2026/08/21/15/34/40-10000.jpg
2026-08-21 15:35:00,317 [INFO] Capturing response: https://global.siteyaptim.live/bein2/tracks-v1a1/2026/08/21/15/34/40-10000.jpg 200 
2026-08-21 15:35:00,626 [INFO] Capturing request: https://global.siteyaptim.live/bein2/tracks-v1a1/2026/08/21/15/34/50-10000.jpg
2026-08-21 15:35:01,605 [INFO] Capturing response: https://global.siteyaptim.live/bein2/tracks-v1a1/2026/08/21/15/34/50-10000.jpg 200 
2026-08-21 15:35:01,852 [INFO]   ✅ M3U8 bulundu: https://corestream.siteyaptim.live//bein2/tracks-v1a1/mono.m3u8
2026-08-21 15:35:01,911 [INFO] Capturing request: https://global.siteyaptim.live/bein2/tracks-v1a1/2026/08/21/15/35/00-10000.jpg
2026-08-21 15:35:02,644 [INFO] Capturing response: https://global.siteyaptim.live/bein2/tracks-v1a1/2026/08/21/15/35/00-10000.jpg 200 
2026-08-21 15:35:02,853 [INFO] 
[3/14]
2026-08-21 15:35:02,853 [INFO] 🔍 beIN Sports 3 → https://www.atomsportv513.top/matches?id=bein-sports-3
2026-08-21 15:35:02,965 [INFO] Capturing request: https://www.atomsportv513.top/matches?id=bein-sports-3
2026-08-21 15:35:03,238 [INFO] Capturing response: https://www.atomsportv513.top/matches?id=bein-sports-3 200 
2026-08-21 15:35:03,475 [INFO] Capturing request: https://teletv5.top/load/yayinlink.php?id=bein-sports-3
2026-08-21 15:35:03,477 [INFO] Capturing request: https://www.atomsportv513.top/favicon.ico
2026-08-21 15:35:03,592 [INFO] Capturing request: https://streamsport365.com/cinema
2026-08-21 15:35:03,598 [INFO] Capturing response: https://www.atomsportv513.top/favicon.ico 200 
2026-08-21 15:35:03,649 [INFO] Capturing response: https://teletv5.top/load/yayinlink.php?id=bein-sports-3 200 
2026-08-21 15:35:03,884 [INFO] Capturing response: https://streamsport365.com/cinema 200 
2026-08-21 15:35:03,995 [INFO] Capturing request: https://www.atomsportv513.top/assets/img/player/player_logo_6a87a2e2eecc5.png
2026-08-21 15:35:04,004 [INFO] Capturing request: https://corestream.siteyaptim.live//bein3/tracks-v1a1/mono.m3u8
2026-08-21 15:35:04,145 [INFO] Capturing response: https://www.atomsportv513.top/assets/img/player/player_logo_6a87a2e2eecc5.png 304 
2026-08-21 15:35:04,181 [INFO] Capturing response: https://corestream.siteyaptim.live//bein3/tracks-v1a1/mono.m3u8 200 
2026-08-21 15:35:04,290 [INFO] Capturing request: https://global.siteyaptim.live/bein3/tracks-v1a1/2026/08/21/15/34/43-10000.jpg
2026-08-21 15:35:04,713 [INFO] Capturing response: https://global.siteyaptim.live/bein3/tracks-v1a1/2026/08/21/15/34/43-10000.jpg 200 
2026-08-21 15:35:04,897 [INFO] Capturing request: https://global.siteyaptim.live/bein3/tracks-v1a1/2026/08/21/15/34/53-10000.jpg
2026-08-21 15:35:05,379 [INFO] Capturing response: https://global.siteyaptim.live/bein3/tracks-v1a1/2026/08/21/15/34/53-10000.jpg 200 
2026-08-21 15:35:05,606 [INFO] Capturing request: https://global.siteyaptim.live/bein3/tracks-v1a1/2026/08/21/15/35/03-10000.jpg
2026-08-21 15:35:06,158 [INFO] Capturing response: https://global.siteyaptim.live/bein3/tracks-v1a1/2026/08/21/15/35/03-10000.jpg 200 
2026-08-21 15:35:06,401 [INFO]   ✅ M3U8 bulundu: https://corestream.siteyaptim.live//bein3/tracks-v1a1/mono.m3u8
2026-08-21 15:35:07,401 [INFO] 
[4/14]
2026-08-21 15:35:07,401 [INFO] 🔍 beIN Sports 4 → https://www.atomsportv513.top/matches?id=bein-sports-4
2026-08-21 15:35:07,512 [INFO] Capturing request: https://www.atomsportv513.top/matches?id=bein-sports-4
2026-08-21 15:35:07,734 [INFO] Capturing response: https://www.atomsportv513.top/matches?id=bein-sports-4 200 
2026-08-21 15:35:07,764 [INFO] Capturing request: https://streamsport365.com/cinema
2026-08-21 15:35:07,863 [INFO] Capturing request: https://teletv5.top/load/yayinlink.php?id=bein-sports-4
2026-08-21 15:35:07,866 [INFO] Capturing request: https://www.atomsportv513.top/favicon.ico
2026-08-21 15:35:07,925 [INFO] Capturing response: https://www.atomsportv513.top/favicon.ico 200 
2026-08-21 15:35:08,043 [INFO] Capturing response: https://streamsport365.com/cinema 200 
2026-08-21 15:35:09,472 [INFO] Capturing response: https://teletv5.top/load/yayinlink.php?id=bein-sports-4 200 
2026-08-21 15:35:09,622 [INFO] Capturing request: https://www.atomsportv513.top/assets/img/player/player_logo_6a87a2e2eecc5.png
2026-08-21 15:35:09,630 [INFO] Capturing request: https://corestream.siteyaptim.live//bein4/tracks-v1a1/mono.m3u8
2026-08-21 15:35:09,741 [INFO] Capturing response: https://www.atomsportv513.top/assets/img/player/player_logo_6a87a2e2eecc5.png 304 
2026-08-21 15:35:09,814 [INFO] Capturing response: https://corestream.siteyaptim.live//bein4/tracks-v1a1/mono.m3u8 200 
2026-08-21 15:35:09,964 [INFO] Capturing request: https://global.siteyaptim.live/bein4/tracks-v1a1/2026/08/21/15/34/50-10000.jpg
2026-08-21 15:35:10,779 [INFO]   ✅ M3U8 bulundu: https://corestream.siteyaptim.live//bein4/tracks-v1a1/mono.m3u8
2026-08-21 15:35:10,790 [INFO] Capturing response: https://global.siteyaptim.live/bein4/tracks-v1a1/2026/08/21/15/34/50-10000.jpg 200 
2026-08-21 15:35:11,092 [INFO] Capturing request: https://global.siteyaptim.live/bein4/tracks-v1a1/2026/08/21/15/35/00-10000.jpg
2026-08-21 15:35:11,742 [INFO] Capturing response: https://global.siteyaptim.live/bein4/tracks-v1a1/2026/08/21/15/35/00-10000.jpg 200 
2026-08-21 15:35:11,780 [INFO] 
[5/14]
2026-08-21 15:35:11,780 [INFO] 🔍 beIN Sports 5 → https://www.atomsportv513.top/matches?id=bein-sports-5
2026-08-21 15:35:11,901 [INFO] Capturing request: https://www.atomsportv513.top/matches?id=bein-sports-5
2026-08-21 15:35:12,049 [INFO] Capturing request: https://global.siteyaptim.live/bein4/tracks-v1a1/2026/08/21/15/35/10-10000.jpg
2026-08-21 15:35:12,128 [INFO] Capturing response: https://www.atomsportv513.top/matches?id=bein-sports-5 200 
2026-08-21 15:35:12,258 [INFO] Capturing request: https://teletv5.top/load/yayinlink.php?id=bein-sports-5
2026-08-21 15:35:12,262 [INFO] Capturing request: https://www.atomsportv513.top/favicon.ico
2026-08-21 15:35:12,347 [INFO] Capturing response: https://www.atomsportv513.top/favicon.ico 200 
2026-08-21 15:35:12,374 [INFO] Capturing request: https://streamsport365.com/cinema
2026-08-21 15:35:12,431 [INFO] Capturing response: https://teletv5.top/load/yayinlink.php?id=bein-sports-5 200 
2026-08-21 15:35:12,663 [INFO] Capturing response: https://streamsport365.com/cinema 200 
2026-08-21 15:35:12,775 [INFO] Capturing request: https://www.atomsportv513.top/assets/img/player/player_logo_6a87a2e2eecc5.png
2026-08-21 15:35:12,787 [INFO] Capturing request: https://corestream.siteyaptim.live//bein5/tracks-v1a1/mono.m3u8
2026-08-21 15:35:12,827 [INFO] Capturing response: https://global.siteyaptim.live/bein4/tracks-v1a1/2026/08/21/15/35/10-10000.jpg 200 
2026-08-21 15:35:12,882 [INFO] 127.0.0.1:41524: ProtocolException("Error in HTTP connection: Http2ZombieException('Connection or stream already dead: 1787326512.881818, False')")
2026-08-21 15:35:12,908 [INFO] Capturing response: https://www.atomsportv513.top/assets/img/player/player_logo_6a87a2e2eecc5.png 304 
2026-08-21 15:35:12,952 [INFO] Capturing response: https://corestream.siteyaptim.live//bein5/tracks-v1a1/mono.m3u8 200 
2026-08-21 15:35:13,101 [INFO] Capturing request: https://global.siteyaptim.live/bein5/tracks-v1a1/2026/08/21/15/34/54-05013.jpg
2026-08-21 15:35:13,388 [INFO] Capturing response: https://global.siteyaptim.live/bein5/tracks-v1a1/2026/08/21/15/34/54-05013.jpg 200 
2026-08-21 15:35:13,501 [INFO] Capturing request: https://global.siteyaptim.live/bein5/tracks-v1a1/2026/08/21/15/34/59-05013.jpg
2026-08-21 15:35:14,011 [INFO] Capturing response: https://global.siteyaptim.live/bein5/tracks-v1a1/2026/08/21/15/34/59-05013.jpg 200 
2026-08-21 15:35:14,164 [INFO] Capturing request: https://global.siteyaptim.live/bein5/tracks-v1a1/2026/08/21/15/35/04-05013.jpg
2026-08-21 15:35:14,335 [INFO] Capturing response: https://global.siteyaptim.live/bein5/tracks-v1a1/2026/08/21/15/35/04-05013.jpg 200 
2026-08-21 15:35:14,485 [INFO] Capturing request: https://global.siteyaptim.live/bein5/tracks-v1a1/2026/08/21/15/35/09-05013.jpg
2026-08-21 15:35:14,652 [INFO] Capturing response: https://global.siteyaptim.live/bein5/tracks-v1a1/2026/08/21/15/35/09-05013.jpg 200 
2026-08-21 15:35:15,182 [INFO]   ✅ M3U8 bulundu: https://corestream.siteyaptim.live//bein5/tracks-v1a1/mono.m3u8
2026-08-21 15:35:16,183 [INFO] 
[6/14]
2026-08-21 15:35:16,183 [INFO] 🔍 beIN Sports Max 1 → https://www.atomsportv513.top/matches?id=bein-sports-max-1
2026-08-21 15:35:16,292 [INFO] Capturing request: https://www.atomsportv513.top/matches?id=bein-sports-max-1
2026-08-21 15:35:16,511 [INFO] Capturing response: https://www.atomsportv513.top/matches?id=bein-sports-max-1 200 
2026-08-21 15:35:16,539 [INFO] Capturing request: https://streamsport365.com/cinema
2026-08-21 15:35:16,638 [INFO] Capturing request: https://teletv5.top/load/yayinlink.php?id=bein-sports-max-1
2026-08-21 15:35:16,643 [INFO] Capturing request: https://www.atomsportv513.top/favicon.ico
2026-08-21 15:35:16,712 [INFO] Capturing response: https://www.atomsportv513.top/favicon.ico 200 
2026-08-21 15:35:16,809 [INFO] Capturing response: https://teletv5.top/load/yayinlink.php?id=bein-sports-max-1 200 
2026-08-21 15:35:16,823 [INFO] Capturing response: https://streamsport365.com/cinema 200 
2026-08-21 15:35:16,933 [INFO] Capturing request: https://www.atomsportv513.top/assets/img/player/player_logo_6a87a2e2eecc5.png
2026-08-21 15:35:16,942 [INFO] Capturing request: https://corestream.siteyaptim.live//beinmax1/tracks-v1a1/mono.m3u8
2026-08-21 15:35:17,061 [INFO] Capturing response: https://www.atomsportv513.top/assets/img/player/player_logo_6a87a2e2eecc5.png 304 
2026-08-21 15:35:17,133 [INFO] Capturing response: https://corestream.siteyaptim.live//beinmax1/tracks-v1a1/mono.m3u8 404 
2026-08-21 15:35:19,255 [INFO] Capturing request: https://corestream.siteyaptim.live//beinmax1/tracks-v1a1/mono.m3u8
2026-08-21 15:35:19,411 [INFO] Capturing response: https://corestream.siteyaptim.live//beinmax1/tracks-v1a1/mono.m3u8 404 
2026-08-21 15:35:19,553 [INFO]   ✅ M3U8 bulundu: https://corestream.siteyaptim.live//beinmax1/tracks-v1a1/mono.m3u8
2026-08-21 15:35:20,553 [INFO] 
[7/14]
2026-08-21 15:35:20,553 [INFO] 🔍 beIN Sports Max 2 → https://www.atomsportv513.top/matches?id=bein-sports-max-2
2026-08-21 15:35:20,661 [INFO] Capturing request: https://www.atomsportv513.top/matches?id=bein-sports-max-2
2026-08-21 15:35:20,876 [INFO] Capturing response: https://www.atomsportv513.top/matches?id=bein-sports-max-2 200 
2026-08-21 15:35:21,021 [INFO] Capturing request: https://www.atomsportv513.top/favicon.ico
2026-08-21 15:35:21,021 [INFO] Capturing request: https://teletv5.top/load/yayinlink.php?id=bein-sports-max-2
2026-08-21 15:35:21,059 [INFO] Capturing response: https://www.atomsportv513.top/favicon.ico 200 
2026-08-21 15:35:21,128 [INFO] Capturing request: https://streamsport365.com/cinema
2026-08-21 15:35:21,412 [INFO] Capturing response: https://streamsport365.com/cinema 200 
2026-08-21 15:35:21,516 [INFO] Capturing response: https://teletv5.top/load/yayinlink.php?id=bein-sports-max-2 200 
2026-08-21 15:35:21,668 [INFO] Capturing request: https://www.atomsportv513.top/assets/img/player/player_logo_6a87a2e2eecc5.png
2026-08-21 15:35:21,677 [INFO] Capturing request: https://corestream.siteyaptim.live//beinmax2/tracks-v1a1/mono.m3u8
2026-08-21 15:35:21,791 [INFO] Capturing response: https://www.atomsportv513.top/assets/img/player/player_logo_6a87a2e2eecc5.png 304 
2026-08-21 15:35:21,860 [INFO] Capturing response: https://corestream.siteyaptim.live//beinmax2/tracks-v1a1/mono.m3u8 404 
2026-08-21 15:35:23,199 [INFO] Capturing request: https://android.clients.google.com/c2dm/register3
2026-08-21 15:35:23,230 [INFO] Capturing response: https://android.clients.google.com/c2dm/register3 301 
2026-08-21 15:35:23,935 [INFO]   ✅ M3U8 bulundu: https://corestream.siteyaptim.live//beinmax2/tracks-v1a1/mono.m3u8
2026-08-21 15:35:23,978 [INFO] Capturing request: https://corestream.siteyaptim.live//beinmax2/tracks-v1a1/mono.m3u8
2026-08-21 15:35:24,131 [INFO] Capturing response: https://corestream.siteyaptim.live//beinmax2/tracks-v1a1/mono.m3u8 404 
2026-08-21 15:35:24,935 [INFO] 
[8/14]
2026-08-21 15:35:24,936 [INFO] 🔍 S Sport → https://www.atomsportv513.top/matches?id=s-sport
2026-08-21 15:35:25,044 [INFO] Capturing request: https://www.atomsportv513.top/matches?id=s-sport
2026-08-21 15:35:25,863 [INFO] Capturing response: https://www.atomsportv513.top/matches?id=s-sport 200 
2026-08-21 15:35:25,894 [INFO] Capturing request: https://streamsport365.com/cinema
2026-08-21 15:35:25,993 [INFO] Capturing request: https://teletv5.top/load/yayinlink.php?id=s-sport
2026-08-21 15:35:25,994 [INFO] Capturing request: https://www.atomsportv513.top/favicon.ico
2026-08-21 15:35:26,078 [INFO] Capturing response: https://www.atomsportv513.top/favicon.ico 200 
2026-08-21 15:35:26,167 [INFO] Capturing response: https://teletv5.top/load/yayinlink.php?id=s-sport 200 
2026-08-21 15:35:26,182 [INFO] Capturing response: https://streamsport365.com/cinema 200 
2026-08-21 15:35:26,291 [INFO] Capturing request: https://www.atomsportv513.top/assets/img/player/player_logo_6a87a2e2eecc5.png
2026-08-21 15:35:26,300 [INFO] Capturing request: https://corestream.siteyaptim.live//s-sport/tracks-v1a1/mono.m3u8
2026-08-21 15:35:26,423 [INFO] Capturing response: https://www.atomsportv513.top/assets/img/player/player_logo_6a87a2e2eecc5.png 304 
2026-08-21 15:35:26,472 [INFO] Capturing response: https://corestream.siteyaptim.live//s-sport/tracks-v1a1/mono.m3u8 200 
2026-08-21 15:35:26,622 [INFO] Capturing request: https://global.siteyaptim.live/s-sport/tracks-v1a1/2026/08/21/15/35/08-10000.jpg
2026-08-21 15:35:26,700 [INFO] Capturing request: https://android.clients.google.com/c2dm/register3
2026-08-21 15:35:27,191 [INFO] Capturing response: https://android.clients.google.com/c2dm/register3 200 
2026-08-21 15:35:27,263 [INFO] Capturing response: https://global.siteyaptim.live/s-sport/tracks-v1a1/2026/08/21/15/35/08-10000.jpg 200 
2026-08-21 15:35:27,519 [INFO] Capturing request: https://global.siteyaptim.live/s-sport/tracks-v1a1/2026/08/21/15/35/18-10000.jpg
2026-08-21 15:35:27,904 [INFO] Capturing response: https://global.siteyaptim.live/s-sport/tracks-v1a1/2026/08/21/15/35/18-10000.jpg 200 
2026-08-21 15:35:28,105 [INFO] Capturing request: https://global.siteyaptim.live/s-sport/tracks-v1a1/2026/08/21/15/35/28-10000.jpg
2026-08-21 15:35:28,851 [INFO] Capturing response: https://global.siteyaptim.live/s-sport/tracks-v1a1/2026/08/21/15/35/28-10000.jpg 200 
2026-08-21 15:35:28,923 [INFO]   ✅ M3U8 bulundu: https://corestream.siteyaptim.live//s-sport/tracks-v1a1/mono.m3u8
2026-08-21 15:35:29,923 [INFO] 
[9/14]
2026-08-21 15:35:29,923 [INFO] 🔍 S Sport 2 → https://www.atomsportv513.top/matches?id=s-sport-2
2026-08-21 15:35:30,033 [INFO] Capturing request: https://www.atomsportv513.top/matches?id=s-sport-2
2026-08-21 15:35:30,258 [INFO] Capturing response: https://www.atomsportv513.top/matches?id=s-sport-2 200 
2026-08-21 15:35:30,394 [INFO] Capturing request: https://teletv5.top/load/yayinlink.php?id=s-sport-2
2026-08-21 15:35:30,396 [INFO] Capturing request: https://www.atomsportv513.top/favicon.ico
2026-08-21 15:35:30,488 [INFO] Capturing response: https://www.atomsportv513.top/favicon.ico 200 
2026-08-21 15:35:30,510 [INFO] Capturing request: https://streamsport365.com/cinema
2026-08-21 15:35:30,568 [INFO] Capturing response: https://teletv5.top/load/yayinlink.php?id=s-sport-2 200 
2026-08-21 15:35:30,786 [INFO] Capturing response: https://streamsport365.com/cinema 200 
2026-08-21 15:35:30,897 [INFO] Capturing request: https://www.atomsportv513.top/assets/img/player/player_logo_6a87a2e2eecc5.png
2026-08-21 15:35:30,907 [INFO] Capturing request: https://corestream.siteyaptim.live//s-sport2/tracks-v1a1/mono.m3u8
2026-08-21 15:35:31,037 [INFO] Capturing response: https://www.atomsportv513.top/assets/img/player/player_logo_6a87a2e2eecc5.png 304 
2026-08-21 15:35:31,077 [INFO] Capturing response: https://corestream.siteyaptim.live//s-sport2/tracks-v1a1/mono.m3u8 200 
2026-08-21 15:35:31,186 [INFO] Capturing request: https://global.siteyaptim.live/s-sport2/tracks-v1a1/2026/08/21/15/35/41-06000.jpg
2026-08-21 15:35:31,619 [INFO] Capturing response: https://global.siteyaptim.live/s-sport2/tracks-v1a1/2026/08/21/15/35/41-06000.jpg 200 
2026-08-21 15:35:31,815 [INFO] Capturing request: https://global.siteyaptim.live/s-sport2/tracks-v1a1/2026/08/21/15/35/47-06000.jpg
2026-08-21 15:35:32,292 [INFO] Capturing response: https://global.siteyaptim.live/s-sport2/tracks-v1a1/2026/08/21/15/35/47-06000.jpg 200 
2026-08-21 15:35:32,532 [INFO] Capturing request: https://global.siteyaptim.live/s-sport2/tracks-v1a1/2026/08/21/15/35/53-06000.jpg
2026-08-21 15:35:32,995 [INFO] Capturing response: https://global.siteyaptim.live/s-sport2/tracks-v1a1/2026/08/21/15/35/53-06000.jpg 200 
2026-08-21 15:35:33,314 [INFO]   ✅ M3U8 bulundu: https://corestream.siteyaptim.live//s-sport2/tracks-v1a1/mono.m3u8
2026-08-21 15:35:34,314 [INFO] 
[10/14]
2026-08-21 15:35:34,315 [INFO] 🔍 A Spor → https://www.atomsportv513.top/matches?id=a-spor
2026-08-21 15:35:34,425 [INFO] Capturing request: https://www.atomsportv513.top/matches?id=a-spor
2026-08-21 15:35:34,685 [INFO] Capturing response: https://www.atomsportv513.top/matches?id=a-spor 200 
2026-08-21 15:35:34,716 [INFO] Capturing request: https://streamsport365.com/cinema
2026-08-21 15:35:34,817 [INFO] Capturing request: https://teletv5.top/load/yayinlink.php?id=a-spor
2026-08-21 15:35:34,821 [INFO] Capturing request: https://www.atomsportv513.top/favicon.ico
2026-08-21 15:35:34,915 [INFO] Capturing response: https://www.atomsportv513.top/favicon.ico 200 
2026-08-21 15:35:34,986 [INFO] Capturing response: https://teletv5.top/load/yayinlink.php?id=a-spor 200 
2026-08-21 15:35:34,994 [INFO] Capturing response: https://streamsport365.com/cinema 200 
2026-08-21 15:35:35,104 [INFO] Capturing request: https://www.atomsportv513.top/assets/img/player/player_logo_6a87a2e2eecc5.png
2026-08-21 15:35:35,113 [INFO] Capturing request: https://corestream.siteyaptim.live//aspor/tracks-v1a1/mono.m3u8
2026-08-21 15:35:35,233 [INFO] Capturing response: https://www.atomsportv513.top/assets/img/player/player_logo_6a87a2e2eecc5.png 304 
2026-08-21 15:35:35,296 [INFO] Capturing response: https://corestream.siteyaptim.live//aspor/tracks-v1a1/mono.m3u8 200 
2026-08-21 15:35:35,446 [INFO] Capturing request: https://global.siteyaptim.live/aspor/tracks-v1a1/2026/08/21/15/35/18-10000.jpg
2026-08-21 15:35:35,974 [INFO] Capturing response: https://global.siteyaptim.live/aspor/tracks-v1a1/2026/08/21/15/35/18-10000.jpg 200 
2026-08-21 15:35:36,232 [INFO] Capturing request: https://global.siteyaptim.live/aspor/tracks-v1a1/2026/08/21/15/35/28-10000.jpg
2026-08-21 15:35:37,095 [INFO] Capturing response: https://global.siteyaptim.live/aspor/tracks-v1a1/2026/08/21/15/35/28-10000.jpg 200 
2026-08-21 15:35:37,392 [INFO] Capturing request: https://global.siteyaptim.live/aspor/tracks-v1a1/2026/08/21/15/35/38-10000.jpg
2026-08-21 15:35:37,739 [INFO]   ✅ M3U8 bulundu: https://corestream.siteyaptim.live//aspor/tracks-v1a1/mono.m3u8
2026-08-21 15:35:37,887 [INFO] Capturing response: https://global.siteyaptim.live/aspor/tracks-v1a1/2026/08/21/15/35/38-10000.jpg 200 
2026-08-21 15:35:38,739 [INFO] 
[11/14]
2026-08-21 15:35:38,739 [INFO] 🔍 Tivibu Spor 1 → https://www.atomsportv513.top/matches?id=tivibu-spor-1
2026-08-21 15:35:38,850 [INFO] Capturing request: https://www.atomsportv513.top/matches?id=tivibu-spor-1
2026-08-21 15:35:39,500 [INFO] Capturing response: https://www.atomsportv513.top/matches?id=tivibu-spor-1 200 
2026-08-21 15:35:39,634 [INFO] Capturing request: https://teletv5.top/load/yayinlink.php?id=tivibu-spor-1
2026-08-21 15:35:39,637 [INFO] Capturing request: https://www.atomsportv513.top/favicon.ico
2026-08-21 15:35:39,706 [INFO] Capturing response: https://www.atomsportv513.top/favicon.ico 200 
2026-08-21 15:35:39,749 [INFO] Capturing request: https://streamsport365.com/cinema
2026-08-21 15:35:39,813 [INFO] Capturing response: https://teletv5.top/load/yayinlink.php?id=tivibu-spor-1 200 
2026-08-21 15:35:40,037 [INFO] Capturing response: https://streamsport365.com/cinema 200 
2026-08-21 15:35:53,050 [INFO] Capturing request: https://update.googleapis.com/service/update2/json?cup2key=16:RYb4xwYNlLTtTuFJ1bhaB9OsMmdgvb_2xyKNVo_CUmI&cup2hreq=31ad6682bdba794d6ad495e64ff689c00c73e34fd7562b4451739880ba790ca8
2026-08-21 15:35:53,077 [INFO] Capturing response: https://update.googleapis.com/service/update2/json?cup2key=16:RYb4xwYNlLTtTuFJ1bhaB9OsMmdgvb_2xyKNVo_CUmI&cup2hreq=31ad6682bdba794d6ad495e64ff689c00c73e34fd7562b4451739880ba790ca8 200 
2026-08-21 15:35:53,083 [INFO] Capturing request: http://edgedl.me.gvt1.com/edgedl/diffgen-puffin/gcmjkmgdlgnkkcocmoeiminaijmmjnii/6ca5bdb9f3e2cd83b7e359729bc6c33c4fe975ec499861d969b3e080320849ff
2026-08-21 15:35:53,101 [INFO] Capturing response: http://edgedl.me.gvt1.com/edgedl/diffgen-puffin/gcmjkmgdlgnkkcocmoeiminaijmmjnii/6ca5bdb9f3e2cd83b7e359729bc6c33c4fe975ec499861d969b3e080320849ff 200 OK
2026-08-21 15:35:53,126 [INFO] Capturing request: https://update.googleapis.com/service/update2/json
2026-08-21 15:35:53,150 [INFO] Capturing response: https://update.googleapis.com/service/update2/json 200 
2026-08-21 15:35:53,195 [INFO] Capturing request: http://edgedl.me.gvt1.com/edgedl/release2/chrome_component/bfpaqytaw66nux4dclnmi5kxb4_10729/hfnkpimlhhgieaddgfemjhofmfblmnib_10729_all_kqm7mrdcv52ig57jclcr7brjdi.crx3
2026-08-21 15:35:53,209 [INFO] Capturing response: http://edgedl.me.gvt1.com/edgedl/release2/chrome_component/bfpaqytaw66nux4dclnmi5kxb4_10729/hfnkpimlhhgieaddgfemjhofmfblmnib_10729_all_kqm7mrdcv52ig57jclcr7brjdi.crx3 200 OK
2026-08-21 15:35:53,240 [INFO] Capturing request: https://update.googleapis.com/service/update2/json
2026-08-21 15:35:53,263 [INFO] Capturing response: https://update.googleapis.com/service/update2/json 200 
2026-08-21 15:36:12,811 [WARNING]   ❌ Tivibu Spor 1 için M3U8 bulunamadı
2026-08-21 15:36:13,811 [INFO] 
[12/14]
2026-08-21 15:36:13,811 [INFO] 🔍 Tivibu Spor 2 → https://www.atomsportv513.top/matches?id=tivibu-spor-2
2026-08-21 15:36:13,987 [INFO] Capturing request: https://www.atomsportv513.top/matches?id=tivibu-spor-2
2026-08-21 15:36:14,598 [INFO] Capturing request: https://android.clients.google.com/c2dm/register3
2026-08-21 15:36:14,633 [INFO] Capturing response: https://android.clients.google.com/c2dm/register3 301 
2026-08-21 15:36:14,688 [INFO] Capturing response: https://www.atomsportv513.top/matches?id=tivibu-spor-2 200 
2026-08-21 15:36:14,853 [INFO] Capturing request: https://www.atomsportv513.top/favicon.ico
2026-08-21 15:36:14,906 [INFO] Capturing request: https://teletv5.top/load/yayinlink.php?id=tivibu-spor-2
2026-08-21 15:36:15,037 [INFO] Capturing response: https://www.atomsportv513.top/favicon.ico 200 
2026-08-21 15:36:15,085 [INFO] Capturing response: https://teletv5.top/load/yayinlink.php?id=tivibu-spor-2 200 
2026-08-21 15:36:15,387 [INFO] Capturing request: https://streamsport365.com/cinema
2026-08-21 15:36:15,689 [INFO] Capturing response: https://streamsport365.com/cinema 200 
2026-08-21 15:36:47,994 [WARNING]   ❌ Tivibu Spor 2 için M3U8 bulunamadı
2026-08-21 15:36:48,994 [INFO] 
[13/14]
2026-08-21 15:36:48,994 [INFO] 🔍 Tivibu Spor 3 → https://www.atomsportv513.top/matches?id=tivibu-spor-3
2026-08-21 15:36:49,103 [INFO] Capturing request: https://www.atomsportv513.top/matches?id=tivibu-spor-3
2026-08-21 15:36:49,448 [INFO] Capturing response: https://www.atomsportv513.top/matches?id=tivibu-spor-3 200 
2026-08-21 15:36:49,584 [INFO] Capturing request: https://www.atomsportv513.top/favicon.ico
2026-08-21 15:36:49,585 [INFO] Capturing request: https://teletv5.top/load/yayinlink.php?id=tivibu-spor-3
2026-08-21 15:36:49,639 [INFO] Capturing response: https://www.atomsportv513.top/favicon.ico 200 
2026-08-21 15:36:49,697 [INFO] Capturing request: https://streamsport365.com/cinema
2026-08-21 15:36:49,765 [INFO] Capturing response: https://teletv5.top/load/yayinlink.php?id=tivibu-spor-3 200 
2026-08-21 15:36:49,979 [INFO] Capturing response: https://streamsport365.com/cinema 200 
2026-08-21 15:37:22,725 [WARNING]   ❌ Tivibu Spor 3 için M3U8 bulunamadı
2026-08-21 15:37:23,725 [INFO] 
[14/14]
2026-08-21 15:37:23,726 [INFO] 🔍 Tivibu Spor 4 → https://www.atomsportv513.top/matches?id=tivibu-spor-4
2026-08-21 15:37:23,835 [INFO] Capturing request: https://www.atomsportv513.top/matches?id=tivibu-spor-4
2026-08-21 15:37:24,196 [INFO] Capturing response: https://www.atomsportv513.top/matches?id=tivibu-spor-4 200 
2026-08-21 15:37:24,333 [INFO] Capturing request: https://www.atomsportv513.top/favicon.ico
2026-08-21 15:37:24,335 [INFO] Capturing request: https://teletv5.top/load/yayinlink.php?id=tivibu-spor-4
2026-08-21 15:37:24,390 [INFO] Capturing response: https://www.atomsportv513.top/favicon.ico 200 
2026-08-21 15:37:24,447 [INFO] Capturing request: https://streamsport365.com/cinema
2026-08-21 15:37:24,513 [INFO] Capturing response: https://teletv5.top/load/yayinlink.php?id=tivibu-spor-4 200 
2026-08-21 15:37:24,722 [INFO] Capturing response: https://streamsport365.com/cinema 200 
2026-08-21 15:37:57,482 [WARNING]   ❌ Tivibu Spor 4 için M3U8 bulunamadı
2026-08-21 15:37:58,550 [INFO] ✅ 10 kanal bulundu, playlist.m3u kaydedildi
