2026-08-08 19:31:14,050 [INFO] 🌐 BASE_URL: https://www.atomsportv512.top
2026-08-08 19:31:15,297 [INFO] Başlanıyor... 14 kanal taranacak
2026-08-08 19:31:15,298 [INFO] Using default request storage
2026-08-08 19:31:15,302 [INFO] Created proxy listening on 127.0.0.1:33487
2026-08-08 19:31:15,994 [INFO] Capturing request: http://clients2.google.com/time/1/current?cup2key=10:S39Mcm6kQTr3PTZWOvJkFiAg8wa3ouoIifYkzCa8njE&cup2hreq=e3b0c44298fc1c149afbf4c8996fb92427ae41e4649b934ca495991b7852b855
2026-08-08 19:31:16,026 [INFO] Capturing response: http://clients2.google.com/time/1/current?cup2key=10:S39Mcm6kQTr3PTZWOvJkFiAg8wa3ouoIifYkzCa8njE&cup2hreq=e3b0c44298fc1c149afbf4c8996fb92427ae41e4649b934ca495991b7852b855 200 OK
2026-08-08 19:31:16,203 [INFO] 
[1/14]
2026-08-08 19:31:16,203 [INFO] 🔍 beIN Sports 1 → https://www.atomsportv512.top/matches?id=bein-sports-1
2026-08-08 19:31:16,326 [INFO] Capturing request: https://accounts.google.com/ListAccounts?gpsia=1&source=ChromiumBrowser&json=standard&laf=b64bin
2026-08-08 19:31:16,327 [INFO] Capturing request: https://update.googleapis.com/service/update2/json?cup2key=16:ABr6aLzKEZrugzko4nkrUJ5omIgBboTQLJ9CwX52CBI&cup2hreq=14c698275c7706dfeef5dc841cab422c6ac2b8699530447e959f58a0a59a4bb0
2026-08-08 19:31:16,412 [INFO] Capturing response: https://update.googleapis.com/service/update2/json?cup2key=16:ABr6aLzKEZrugzko4nkrUJ5omIgBboTQLJ9CwX52CBI&cup2hreq=14c698275c7706dfeef5dc841cab422c6ac2b8699530447e959f58a0a59a4bb0 200 
2026-08-08 19:31:16,416 [INFO] Capturing response: https://accounts.google.com/ListAccounts?gpsia=1&source=ChromiumBrowser&json=standard&laf=b64bin 200 
2026-08-08 19:31:16,419 [INFO] Capturing request: https://www.google.com/async/folae?async=_fmt:pb&udm=50&client_locale=en-US&client_country=ZZ
2026-08-08 19:31:16,423 [INFO] Capturing request: https://www.atomsportv512.top/matches?id=bein-sports-1
2026-08-08 19:31:16,443 [INFO] Capturing response: https://www.google.com/async/folae?async=_fmt:pb&udm=50&client_locale=en-US&client_country=ZZ 200 
2026-08-08 19:31:16,461 [INFO] Capturing request: https://update.googleapis.com/service/update2/json?cup2key=16:HvX8ovzl7R2s61TH58hH1DeTGRBE-0h2ZRRQR4npLAs&cup2hreq=37666e0acd62838e067fa741574e48e4ceefe1ed567b345b2a32189ebec35e9c
2026-08-08 19:31:16,485 [INFO] Capturing response: https://update.googleapis.com/service/update2/json?cup2key=16:HvX8ovzl7R2s61TH58hH1DeTGRBE-0h2ZRRQR4npLAs&cup2hreq=37666e0acd62838e067fa741574e48e4ceefe1ed567b345b2a32189ebec35e9c 200 
2026-08-08 19:31:16,532 [INFO] Capturing request: https://update.googleapis.com/service/update2/json?cup2key=16:zodCCnjL-1DYAC4OnLe565dveWgol9tQOnmrDnde7ds&cup2hreq=e46ce007f6a36c3ca529896ac991eb976b6e6856f460074a51c52e5d8196733b
2026-08-08 19:31:16,555 [INFO] Capturing response: https://update.googleapis.com/service/update2/json?cup2key=16:zodCCnjL-1DYAC4OnLe565dveWgol9tQOnmrDnde7ds&cup2hreq=e46ce007f6a36c3ca529896ac991eb976b6e6856f460074a51c52e5d8196733b 200 
2026-08-08 19:31:16,616 [INFO] Capturing response: https://www.atomsportv512.top/matches?id=bein-sports-1 200 
2026-08-08 19:31:16,661 [INFO] Capturing request: https://www.google.com/async/folae?async=_fmt:pb&udm=50&client_locale=en-US&client_country=ZZ
2026-08-08 19:31:16,683 [INFO] Capturing response: https://www.google.com/async/folae?async=_fmt:pb&udm=50&client_locale=en-US&client_country=ZZ 200 
2026-08-08 19:31:16,822 [INFO] Capturing request: https://cdn.jsdelivr.net/npm/@clappr/player@0.11.16/dist/clappr.min.js
2026-08-08 19:31:16,827 [INFO] Capturing request: https://cdn.jsdelivr.net/npm/@clappr/hlsjs-playback@1.8.3/dist/hlsjs-playback.min.js
2026-08-08 19:31:16,828 [INFO] Capturing request: https://cdn.jsdelivr.net/npm/level-selector/dist/level-selector.min.js
2026-08-08 19:31:16,840 [INFO] Capturing response: https://cdn.jsdelivr.net/npm/level-selector/dist/level-selector.min.js 200 
2026-08-08 19:31:16,854 [INFO] Capturing response: https://cdn.jsdelivr.net/npm/@clappr/player@0.11.16/dist/clappr.min.js 200 
2026-08-08 19:31:16,857 [INFO] Capturing response: https://cdn.jsdelivr.net/npm/@clappr/hlsjs-playback@1.8.3/dist/hlsjs-playback.min.js 200 
2026-08-08 19:31:17,069 [INFO] Capturing request: https://www.atomsportv512.top/favicon.ico
2026-08-08 19:31:17,103 [INFO] Capturing response: https://www.atomsportv512.top/favicon.ico 200 
2026-08-08 19:31:17,125 [INFO] Capturing request: https://teletv5.top/load/yayinlink.php?id=bein-sports-1
2026-08-08 19:31:17,416 [INFO] Capturing response: https://teletv5.top/load/yayinlink.php?id=bein-sports-1 200 
2026-08-08 19:31:17,571 [INFO] Capturing request: https://streamsport365.com/cinema
2026-08-08 19:31:17,826 [INFO] Capturing response: https://streamsport365.com/cinema 200 
2026-08-08 19:31:17,957 [INFO] Capturing request: https://www.atomsportv512.top/assets/img/player/player_logo_6a72b29dbcd89.png
2026-08-08 19:31:17,991 [INFO] Capturing response: https://www.atomsportv512.top/assets/img/player/player_logo_6a72b29dbcd89.png 200 
2026-08-08 19:31:18,130 [INFO] Capturing request: https://corestream.siteyaptim.live//bein1/tracks-v1a1/mono.m3u8
2026-08-08 19:31:18,249 [INFO] Capturing response: https://corestream.siteyaptim.live//bein1/tracks-v1a1/mono.m3u8 200 
2026-08-08 19:31:18,659 [INFO] Capturing request: https://global.siteyaptim.live/bein1/tracks-v1a1/2026/08/08/19/29/07-05000.jpg
2026-08-08 19:31:18,852 [INFO] Capturing response: https://global.siteyaptim.live/bein1/tracks-v1a1/2026/08/08/19/29/07-05000.jpg 200 
2026-08-08 19:31:18,981 [INFO] Capturing request: https://android.clients.google.com/checkin
2026-08-08 19:31:19,075 [INFO] Capturing request: https://global.siteyaptim.live/bein1/tracks-v1a1/2026/08/08/19/29/12-05000.jpg
2026-08-08 19:31:19,079 [INFO] Capturing response: https://android.clients.google.com/checkin 200 
2026-08-08 19:31:19,135 [INFO] Capturing request: https://android.clients.google.com/c2dm/register3
2026-08-08 19:31:19,141 [INFO] Capturing request: https://android.clients.google.com/c2dm/register3
2026-08-08 19:31:19,147 [INFO] Capturing request: https://android.clients.google.com/c2dm/register3
2026-08-08 19:31:19,184 [INFO] Capturing response: https://android.clients.google.com/c2dm/register3 301 
2026-08-08 19:31:19,218 [INFO] Capturing response: https://global.siteyaptim.live/bein1/tracks-v1a1/2026/08/08/19/29/12-05000.jpg 200 
2026-08-08 19:31:19,419 [INFO] Capturing request: https://global.siteyaptim.live/bein1/tracks-v1a1/2026/08/08/19/29/17-05000.jpg
2026-08-08 19:31:19,538 [INFO] Capturing response: https://global.siteyaptim.live/bein1/tracks-v1a1/2026/08/08/19/29/17-05000.jpg 200 
2026-08-08 19:31:19,994 [INFO]   ✅ M3U8 bulundu: https://corestream.siteyaptim.live//bein1/tracks-v1a1/mono.m3u8
2026-08-08 19:31:20,012 [INFO] Capturing response: https://android.clients.google.com/c2dm/register3 200 
2026-08-08 19:31:20,078 [INFO] Capturing response: https://android.clients.google.com/c2dm/register3 200 
2026-08-08 19:31:20,995 [INFO] 
[2/14]
2026-08-08 19:31:20,995 [INFO] 🔍 beIN Sports 2 → https://www.atomsportv512.top/matches?id=bein-sports-2
2026-08-08 19:31:21,106 [INFO] Capturing request: https://www.atomsportv512.top/matches?id=bein-sports-2
2026-08-08 19:31:21,299 [INFO] Capturing response: https://www.atomsportv512.top/matches?id=bein-sports-2 200 
2026-08-08 19:31:21,352 [INFO] Capturing request: https://streamsport365.com/cinema
2026-08-08 19:31:21,453 [INFO] Capturing request: https://teletv5.top/load/yayinlink.php?id=bein-sports-2
2026-08-08 19:31:21,453 [INFO] Capturing request: https://www.atomsportv512.top/favicon.ico
2026-08-08 19:31:21,481 [INFO] Capturing response: https://www.atomsportv512.top/favicon.ico 200 
2026-08-08 19:31:21,611 [INFO] Capturing response: https://streamsport365.com/cinema 200 
2026-08-08 19:31:21,613 [INFO] Capturing response: https://teletv5.top/load/yayinlink.php?id=bein-sports-2 200 
2026-08-08 19:31:21,724 [INFO] Capturing request: https://www.atomsportv512.top/assets/img/player/player_logo_6a72b29dbcd89.png
2026-08-08 19:31:21,733 [INFO] Capturing request: https://corestream.siteyaptim.live//bein2/tracks-v1a1/mono.m3u8
2026-08-08 19:31:21,840 [INFO] Capturing response: https://www.atomsportv512.top/assets/img/player/player_logo_6a72b29dbcd89.png 304 
2026-08-08 19:31:21,850 [INFO] Capturing response: https://corestream.siteyaptim.live//bein2/tracks-v1a1/mono.m3u8 200 
2026-08-08 19:31:21,960 [INFO] Capturing request: https://global.siteyaptim.live/bein2/tracks-v1a1/2026/08/08/19/31/06-05000.jpg
2026-08-08 19:31:22,278 [INFO] Capturing response: https://global.siteyaptim.live/bein2/tracks-v1a1/2026/08/08/19/31/06-05000.jpg 200 
2026-08-08 19:31:22,458 [INFO] Capturing request: https://global.siteyaptim.live/bein2/tracks-v1a1/2026/08/08/19/31/11-05000.jpg
2026-08-08 19:31:22,697 [INFO] Capturing response: https://global.siteyaptim.live/bein2/tracks-v1a1/2026/08/08/19/31/11-05000.jpg 200 
2026-08-08 19:31:22,912 [INFO] Capturing request: https://global.siteyaptim.live/bein2/tracks-v1a1/2026/08/08/19/31/16-05000.jpg
2026-08-08 19:31:23,185 [INFO] Capturing response: https://global.siteyaptim.live/bein2/tracks-v1a1/2026/08/08/19/31/16-05000.jpg 200 
2026-08-08 19:31:24,370 [INFO]   ✅ M3U8 bulundu: https://corestream.siteyaptim.live//bein2/tracks-v1a1/mono.m3u8
2026-08-08 19:31:25,371 [INFO] 
[3/14]
2026-08-08 19:31:25,371 [INFO] 🔍 beIN Sports 3 → https://www.atomsportv512.top/matches?id=bein-sports-3
2026-08-08 19:31:25,481 [INFO] Capturing request: https://www.atomsportv512.top/matches?id=bein-sports-3
2026-08-08 19:31:25,669 [INFO] Capturing response: https://www.atomsportv512.top/matches?id=bein-sports-3 200 
2026-08-08 19:31:25,800 [INFO] Capturing request: https://www.atomsportv512.top/favicon.ico
2026-08-08 19:31:25,802 [INFO] Capturing request: https://teletv5.top/load/yayinlink.php?id=bein-sports-3
2026-08-08 19:31:25,832 [INFO] Capturing response: https://www.atomsportv512.top/favicon.ico 200 
2026-08-08 19:31:25,900 [INFO] Capturing request: https://streamsport365.com/cinema
2026-08-08 19:31:25,956 [INFO] Capturing response: https://teletv5.top/load/yayinlink.php?id=bein-sports-3 200 
2026-08-08 19:31:26,151 [INFO] Capturing response: https://streamsport365.com/cinema 200 
2026-08-08 19:31:26,262 [INFO] Capturing request: https://www.atomsportv512.top/assets/img/player/player_logo_6a72b29dbcd89.png
2026-08-08 19:31:26,272 [INFO] Capturing request: https://corestream.siteyaptim.live//bein3/tracks-v1a1/mono.m3u8
2026-08-08 19:31:26,376 [INFO] Capturing response: https://www.atomsportv512.top/assets/img/player/player_logo_6a72b29dbcd89.png 304 
2026-08-08 19:31:26,385 [INFO] Capturing response: https://corestream.siteyaptim.live//bein3/tracks-v1a1/mono.m3u8 200 
2026-08-08 19:31:26,495 [INFO] Capturing request: https://global.siteyaptim.live/bein3/tracks-v1a1/2026/08/08/19/31/11-05000.jpg
2026-08-08 19:31:26,721 [INFO] Capturing response: https://global.siteyaptim.live/bein3/tracks-v1a1/2026/08/08/19/31/11-05000.jpg 200 
2026-08-08 19:31:26,887 [INFO] Capturing request: https://global.siteyaptim.live/bein3/tracks-v1a1/2026/08/08/19/31/16-05000.jpg
2026-08-08 19:31:27,099 [INFO] Capturing response: https://global.siteyaptim.live/bein3/tracks-v1a1/2026/08/08/19/31/16-05000.jpg 200 
2026-08-08 19:31:27,292 [INFO] Capturing request: https://global.siteyaptim.live/bein3/tracks-v1a1/2026/08/08/19/31/21-05000.jpg
2026-08-08 19:31:27,514 [INFO] Capturing response: https://global.siteyaptim.live/bein3/tracks-v1a1/2026/08/08/19/31/21-05000.jpg 200 
2026-08-08 19:31:28,718 [INFO]   ✅ M3U8 bulundu: https://corestream.siteyaptim.live//bein3/tracks-v1a1/mono.m3u8
2026-08-08 19:31:29,719 [INFO] 
[4/14]
2026-08-08 19:31:29,719 [INFO] 🔍 beIN Sports 4 → https://www.atomsportv512.top/matches?id=bein-sports-4
2026-08-08 19:31:29,828 [INFO] Capturing request: https://www.atomsportv512.top/matches?id=bein-sports-4
2026-08-08 19:31:30,017 [INFO] Capturing response: https://www.atomsportv512.top/matches?id=bein-sports-4 200 
2026-08-08 19:31:30,050 [INFO] Capturing request: https://streamsport365.com/cinema
2026-08-08 19:31:30,150 [INFO] Capturing request: https://www.atomsportv512.top/favicon.ico
2026-08-08 19:31:30,151 [INFO] Capturing request: https://teletv5.top/load/yayinlink.php?id=bein-sports-4
2026-08-08 19:31:30,179 [INFO] Capturing response: https://www.atomsportv512.top/favicon.ico 200 
2026-08-08 19:31:30,299 [INFO] Capturing response: https://streamsport365.com/cinema 200 
2026-08-08 19:31:30,305 [INFO] Capturing response: https://teletv5.top/load/yayinlink.php?id=bein-sports-4 200 
2026-08-08 19:31:30,455 [INFO] Capturing request: https://www.atomsportv512.top/assets/img/player/player_logo_6a72b29dbcd89.png
2026-08-08 19:31:30,464 [INFO] Capturing request: https://corestream.siteyaptim.live//bein4/tracks-v1a1/mono.m3u8
2026-08-08 19:31:30,572 [INFO] Capturing response: https://www.atomsportv512.top/assets/img/player/player_logo_6a72b29dbcd89.png 304 
2026-08-08 19:31:30,587 [INFO] Capturing response: https://corestream.siteyaptim.live//bein4/tracks-v1a1/mono.m3u8 200 
2026-08-08 19:31:30,737 [INFO] Capturing request: https://global.siteyaptim.live/bein4/tracks-v1a1/2026/08/08/19/30/58-10000.jpg
2026-08-08 19:31:31,289 [INFO] Capturing response: https://global.siteyaptim.live/bein4/tracks-v1a1/2026/08/08/19/30/58-10000.jpg 200 
2026-08-08 19:31:31,580 [INFO] Capturing request: https://global.siteyaptim.live/bein4/tracks-v1a1/2026/08/08/19/31/08-10000.jpg
2026-08-08 19:31:32,066 [INFO] Capturing response: https://global.siteyaptim.live/bein4/tracks-v1a1/2026/08/08/19/31/08-10000.jpg 200 
2026-08-08 19:31:32,373 [INFO] Capturing request: https://global.siteyaptim.live/bein4/tracks-v1a1/2026/08/08/19/31/18-10000.jpg
2026-08-08 19:31:32,845 [INFO] Capturing response: https://global.siteyaptim.live/bein4/tracks-v1a1/2026/08/08/19/31/18-10000.jpg 200 
2026-08-08 19:31:33,075 [INFO]   ✅ M3U8 bulundu: https://corestream.siteyaptim.live//bein4/tracks-v1a1/mono.m3u8
2026-08-08 19:31:34,075 [INFO] 
[5/14]
2026-08-08 19:31:34,075 [INFO] 🔍 beIN Sports 5 → https://www.atomsportv512.top/matches?id=bein-sports-5
2026-08-08 19:31:34,188 [INFO] Capturing request: https://www.atomsportv512.top/matches?id=bein-sports-5
2026-08-08 19:31:34,868 [INFO] Capturing response: https://www.atomsportv512.top/matches?id=bein-sports-5 200 
2026-08-08 19:31:35,001 [INFO] Capturing request: https://teletv5.top/load/yayinlink.php?id=bein-sports-5
2026-08-08 19:31:35,002 [INFO] Capturing request: https://www.atomsportv512.top/favicon.ico
2026-08-08 19:31:35,034 [INFO] Capturing response: https://www.atomsportv512.top/favicon.ico 200 
2026-08-08 19:31:35,098 [INFO] Capturing request: https://streamsport365.com/cinema
2026-08-08 19:31:35,352 [INFO] Capturing response: https://streamsport365.com/cinema 200 
2026-08-08 19:31:35,548 [INFO] Capturing response: https://teletv5.top/load/yayinlink.php?id=bein-sports-5 200 
2026-08-08 19:31:35,660 [INFO] Capturing request: https://www.atomsportv512.top/assets/img/player/player_logo_6a72b29dbcd89.png
2026-08-08 19:31:35,669 [INFO] Capturing request: https://corestream.siteyaptim.live//bein5/tracks-v1a1/mono.m3u8
2026-08-08 19:31:35,775 [INFO] Capturing response: https://www.atomsportv512.top/assets/img/player/player_logo_6a72b29dbcd89.png 304 
2026-08-08 19:31:35,786 [INFO] Capturing response: https://corestream.siteyaptim.live//bein5/tracks-v1a1/mono.m3u8 200 
2026-08-08 19:31:35,898 [INFO] Capturing request: https://global.siteyaptim.live/bein5/tracks-v1a1/2026/08/08/19/31/55-10000.jpg
2026-08-08 19:31:36,409 [INFO] Capturing response: https://global.siteyaptim.live/bein5/tracks-v1a1/2026/08/08/19/31/55-10000.jpg 200 
2026-08-08 19:31:36,743 [INFO] Capturing request: https://global.siteyaptim.live/bein5/tracks-v1a1/2026/08/08/19/32/05-10000.jpg
2026-08-08 19:31:37,361 [INFO] Capturing response: https://global.siteyaptim.live/bein5/tracks-v1a1/2026/08/08/19/32/05-10000.jpg 200 
2026-08-08 19:31:37,698 [INFO] Capturing request: https://global.siteyaptim.live/bein5/tracks-v1a1/2026/08/08/19/32/15-10000.jpg
2026-08-08 19:31:37,934 [INFO]   ✅ M3U8 bulundu: https://corestream.siteyaptim.live//bein5/tracks-v1a1/mono.m3u8
2026-08-08 19:31:38,224 [INFO] Capturing response: https://global.siteyaptim.live/bein5/tracks-v1a1/2026/08/08/19/32/15-10000.jpg 200 
2026-08-08 19:31:38,935 [INFO] 
[6/14]
2026-08-08 19:31:38,936 [INFO] 🔍 beIN Sports Max 1 → https://www.atomsportv512.top/matches?id=bein-sports-max-1
2026-08-08 19:31:39,048 [INFO] Capturing request: https://www.atomsportv512.top/matches?id=bein-sports-max-1
2026-08-08 19:31:39,236 [INFO] Capturing response: https://www.atomsportv512.top/matches?id=bein-sports-max-1 200 
2026-08-08 19:31:39,274 [INFO] Capturing request: https://streamsport365.com/cinema
2026-08-08 19:31:39,370 [INFO] Capturing request: https://teletv5.top/load/yayinlink.php?id=bein-sports-max-1
2026-08-08 19:31:39,374 [INFO] Capturing request: https://www.atomsportv512.top/favicon.ico
2026-08-08 19:31:39,403 [INFO] Capturing response: https://www.atomsportv512.top/favicon.ico 200 
2026-08-08 19:31:39,524 [INFO] Capturing response: https://streamsport365.com/cinema 200 
2026-08-08 19:31:39,527 [INFO] Capturing response: https://teletv5.top/load/yayinlink.php?id=bein-sports-max-1 200 
2026-08-08 19:31:39,679 [INFO] Capturing request: https://www.atomsportv512.top/assets/img/player/player_logo_6a72b29dbcd89.png
2026-08-08 19:31:39,690 [INFO] Capturing request: https://corestream.siteyaptim.live//beinmax1/tracks-v1a1/mono.m3u8
2026-08-08 19:31:39,794 [INFO] Capturing response: https://www.atomsportv512.top/assets/img/player/player_logo_6a72b29dbcd89.png 304 
2026-08-08 19:31:39,802 [INFO] Capturing response: https://corestream.siteyaptim.live//beinmax1/tracks-v1a1/mono.m3u8 200 
2026-08-08 19:31:39,952 [INFO] Capturing request: https://global.siteyaptim.live/beinmax1/tracks-v1a1/2026/08/08/19/31/12-10000.jpg
2026-08-08 19:31:40,265 [INFO] Capturing response: https://global.siteyaptim.live/beinmax1/tracks-v1a1/2026/08/08/19/31/12-10000.jpg 200 
2026-08-08 19:31:40,471 [INFO] Capturing request: https://global.siteyaptim.live/beinmax1/tracks-v1a1/2026/08/08/19/31/22-10000.jpg
2026-08-08 19:31:40,789 [INFO] Capturing response: https://global.siteyaptim.live/beinmax1/tracks-v1a1/2026/08/08/19/31/22-10000.jpg 200 
2026-08-08 19:31:41,023 [INFO] Capturing request: https://global.siteyaptim.live/beinmax1/tracks-v1a1/2026/08/08/19/31/32-10000.jpg
2026-08-08 19:31:41,415 [INFO] Capturing response: https://global.siteyaptim.live/beinmax1/tracks-v1a1/2026/08/08/19/31/32-10000.jpg 200 
2026-08-08 19:31:42,125 [INFO] Capturing request: https://android.clients.google.com/c2dm/register3
2026-08-08 19:31:42,156 [INFO] Capturing response: https://android.clients.google.com/c2dm/register3 301 
2026-08-08 19:31:42,295 [INFO]   ✅ M3U8 bulundu: https://corestream.siteyaptim.live//beinmax1/tracks-v1a1/mono.m3u8
2026-08-08 19:31:43,296 [INFO] 
[7/14]
2026-08-08 19:31:43,296 [INFO] 🔍 beIN Sports Max 2 → https://www.atomsportv512.top/matches?id=bein-sports-max-2
2026-08-08 19:31:43,407 [INFO] Capturing request: https://www.atomsportv512.top/matches?id=bein-sports-max-2
2026-08-08 19:31:43,593 [INFO] Capturing response: https://www.atomsportv512.top/matches?id=bein-sports-max-2 200 
2026-08-08 19:31:43,725 [INFO] Capturing request: https://teletv5.top/load/yayinlink.php?id=bein-sports-max-2
2026-08-08 19:31:43,733 [INFO] Capturing request: https://www.atomsportv512.top/favicon.ico
2026-08-08 19:31:43,824 [INFO] Capturing request: https://streamsport365.com/cinema
2026-08-08 19:31:43,886 [INFO] Capturing response: https://teletv5.top/load/yayinlink.php?id=bein-sports-max-2 200 
2026-08-08 19:31:43,892 [INFO] Capturing response: https://www.atomsportv512.top/favicon.ico 200 
2026-08-08 19:31:44,071 [INFO] Capturing response: https://streamsport365.com/cinema 200 
2026-08-08 19:31:44,181 [INFO] Capturing request: https://www.atomsportv512.top/assets/img/player/player_logo_6a72b29dbcd89.png
2026-08-08 19:31:44,191 [INFO] Capturing request: https://corestream.siteyaptim.live//hls/s-sport.m3u8
2026-08-08 19:31:44,301 [INFO] Capturing response: https://www.atomsportv512.top/assets/img/player/player_logo_6a72b29dbcd89.png 304 
2026-08-08 19:31:44,317 [INFO] Capturing response: https://corestream.siteyaptim.live//hls/s-sport.m3u8 404 
2026-08-08 19:31:46,440 [INFO] Capturing request: https://corestream.siteyaptim.live//hls/s-sport.m3u8
2026-08-08 19:31:46,562 [INFO] Capturing response: https://corestream.siteyaptim.live//hls/s-sport.m3u8 404 
2026-08-08 19:31:46,653 [INFO]   ✅ M3U8 bulundu: https://corestream.siteyaptim.live//hls/s-sport.m3u8
2026-08-08 19:31:47,653 [INFO] 
[8/14]
2026-08-08 19:31:47,653 [INFO] 🔍 S Sport → https://www.atomsportv512.top/matches?id=s-sport
2026-08-08 19:31:47,763 [INFO] Capturing request: https://www.atomsportv512.top/matches?id=s-sport
2026-08-08 19:31:47,946 [INFO] Capturing response: https://www.atomsportv512.top/matches?id=s-sport 200 
2026-08-08 19:31:47,980 [INFO] Capturing request: https://streamsport365.com/cinema
2026-08-08 19:31:48,079 [INFO] Capturing request: https://teletv5.top/load/yayinlink.php?id=s-sport
2026-08-08 19:31:48,082 [INFO] Capturing request: https://www.atomsportv512.top/favicon.ico
2026-08-08 19:31:48,096 [INFO] Capturing response: https://teletv5.top/load/yayinlink.php?id=s-sport 200 
2026-08-08 19:31:48,108 [INFO] Capturing response: https://www.atomsportv512.top/favicon.ico 200 
2026-08-08 19:31:48,291 [INFO] Capturing response: https://streamsport365.com/cinema 200 
2026-08-08 19:31:48,402 [INFO] Capturing request: https://www.atomsportv512.top/assets/img/player/player_logo_6a72b29dbcd89.png
2026-08-08 19:31:48,410 [INFO] Capturing request: https://corestream.siteyaptim.live//s-sport/tracks-v1a1/mono.m3u8
2026-08-08 19:31:48,517 [INFO] Capturing response: https://www.atomsportv512.top/assets/img/player/player_logo_6a72b29dbcd89.png 304 
2026-08-08 19:31:48,538 [INFO] Capturing response: https://corestream.siteyaptim.live//s-sport/tracks-v1a1/mono.m3u8 200 
2026-08-08 19:31:48,648 [INFO] Capturing request: https://global.siteyaptim.live/s-sport/tracks-v1a1/2026/08/08/19/31/23-00025.jpg
2026-08-08 19:31:48,766 [INFO] Capturing response: https://global.siteyaptim.live/s-sport/tracks-v1a1/2026/08/08/19/31/23-00025.jpg 200 
2026-08-08 19:31:48,874 [INFO] Capturing request: https://global.siteyaptim.live/s-sport/tracks-v1a1/2026/08/08/19/31/43-07960.jpg
2026-08-08 19:31:49,356 [INFO] Capturing response: https://global.siteyaptim.live/s-sport/tracks-v1a1/2026/08/08/19/31/43-07960.jpg 200 
2026-08-08 19:31:49,729 [INFO] Capturing request: https://global.siteyaptim.live/s-sport/tracks-v1a1/2026/08/08/19/31/23-00025.jpg
2026-08-08 19:31:49,744 [INFO] Capturing response: https://global.siteyaptim.live/s-sport/tracks-v1a1/2026/08/08/19/31/23-00025.jpg 200 
2026-08-08 19:31:49,851 [INFO] Capturing request: https://global.siteyaptim.live/s-sport/tracks-v1a1/2026/08/08/19/31/43-07960.jpg
2026-08-08 19:31:50,184 [INFO] Capturing response: https://global.siteyaptim.live/s-sport/tracks-v1a1/2026/08/08/19/31/43-07960.jpg 200 
2026-08-08 19:31:50,546 [INFO] Capturing request: https://global.siteyaptim.live/s-sport/tracks-v1a1/2026/08/08/19/31/23-00025.jpg
2026-08-08 19:31:50,561 [INFO] Capturing response: https://global.siteyaptim.live/s-sport/tracks-v1a1/2026/08/08/19/31/23-00025.jpg 200 
2026-08-08 19:31:50,667 [INFO] Capturing request: https://global.siteyaptim.live/s-sport/tracks-v1a1/2026/08/08/19/31/43-07960.jpg
2026-08-08 19:31:50,990 [INFO] Capturing response: https://global.siteyaptim.live/s-sport/tracks-v1a1/2026/08/08/19/31/43-07960.jpg 200 
2026-08-08 19:31:51,012 [INFO]   ✅ M3U8 bulundu: https://corestream.siteyaptim.live//s-sport/tracks-v1a1/mono.m3u8
2026-08-08 19:31:52,013 [INFO] 
[9/14]
2026-08-08 19:31:52,013 [INFO] 🔍 S Sport 2 → https://www.atomsportv512.top/matches?id=s-sport-2
2026-08-08 19:31:52,125 [INFO] Capturing request: https://www.atomsportv512.top/matches?id=s-sport-2
2026-08-08 19:31:52,313 [INFO] Capturing response: https://www.atomsportv512.top/matches?id=s-sport-2 200 
2026-08-08 19:31:52,445 [INFO] Capturing request: https://teletv5.top/load/yayinlink.php?id=s-sport-2
2026-08-08 19:31:52,446 [INFO] Capturing request: https://www.atomsportv512.top/favicon.ico
2026-08-08 19:31:52,460 [INFO] Capturing response: https://teletv5.top/load/yayinlink.php?id=s-sport-2 200 
2026-08-08 19:31:52,473 [INFO] Capturing response: https://www.atomsportv512.top/favicon.ico 200 
2026-08-08 19:31:52,542 [INFO] Capturing request: https://streamsport365.com/cinema
2026-08-08 19:31:52,799 [INFO] Capturing response: https://streamsport365.com/cinema 200 
2026-08-08 19:31:52,909 [INFO] Capturing request: https://www.atomsportv512.top/assets/img/player/player_logo_6a72b29dbcd89.png
2026-08-08 19:31:52,917 [INFO] Capturing request: https://corestream.siteyaptim.live//s-sport2/tracks-v1a1/mono.m3u8
2026-08-08 19:31:53,024 [INFO] Capturing response: https://www.atomsportv512.top/assets/img/player/player_logo_6a72b29dbcd89.png 304 
2026-08-08 19:31:53,037 [INFO] Capturing response: https://corestream.siteyaptim.live//s-sport2/tracks-v1a1/mono.m3u8 200 
2026-08-08 19:31:53,146 [INFO] Capturing request: https://global.siteyaptim.live/s-sport2/tracks-v1a1/2026/08/08/19/31/35-10000.jpg
2026-08-08 19:31:53,575 [INFO] Capturing response: https://global.siteyaptim.live/s-sport2/tracks-v1a1/2026/08/08/19/31/35-10000.jpg 200 
2026-08-08 19:31:53,843 [INFO] Capturing request: https://global.siteyaptim.live/s-sport2/tracks-v1a1/2026/08/08/19/31/45-10000.jpg
2026-08-08 19:31:54,249 [INFO] Capturing response: https://global.siteyaptim.live/s-sport2/tracks-v1a1/2026/08/08/19/31/45-10000.jpg 200 
2026-08-08 19:31:54,521 [INFO] Capturing request: https://global.siteyaptim.live/s-sport2/tracks-v1a1/2026/08/08/19/31/55-10000.jpg
2026-08-08 19:31:54,909 [INFO] Capturing response: https://global.siteyaptim.live/s-sport2/tracks-v1a1/2026/08/08/19/31/55-10000.jpg 200 
2026-08-08 19:31:55,368 [INFO]   ✅ M3U8 bulundu: https://corestream.siteyaptim.live//s-sport2/tracks-v1a1/mono.m3u8
2026-08-08 19:31:56,369 [INFO] 
[10/14]
2026-08-08 19:31:56,369 [INFO] 🔍 A Spor → https://www.atomsportv512.top/matches?id=a-spor
2026-08-08 19:31:56,480 [INFO] Capturing request: https://www.atomsportv512.top/matches?id=a-spor
2026-08-08 19:31:56,669 [INFO] Capturing response: https://www.atomsportv512.top/matches?id=a-spor 200 
2026-08-08 19:31:56,702 [INFO] Capturing request: https://streamsport365.com/cinema
2026-08-08 19:31:56,802 [INFO] Capturing request: https://teletv5.top/load/yayinlink.php?id=a-spor
2026-08-08 19:31:56,807 [INFO] Capturing request: https://www.atomsportv512.top/favicon.ico
2026-08-08 19:31:56,832 [INFO] Capturing response: https://www.atomsportv512.top/favicon.ico 200 
2026-08-08 19:31:56,953 [INFO] Capturing response: https://streamsport365.com/cinema 200 
2026-08-08 19:31:56,959 [INFO] Capturing response: https://teletv5.top/load/yayinlink.php?id=a-spor 200 
2026-08-08 19:31:57,109 [INFO] Capturing request: https://www.atomsportv512.top/assets/img/player/player_logo_6a72b29dbcd89.png
2026-08-08 19:31:57,118 [INFO] Capturing request: https://corestream.siteyaptim.live//aspor/tracks-v1a1/mono.m3u8
2026-08-08 19:31:57,224 [INFO] Capturing response: https://www.atomsportv512.top/assets/img/player/player_logo_6a72b29dbcd89.png 304 
2026-08-08 19:31:57,238 [INFO] Capturing response: https://corestream.siteyaptim.live//aspor/tracks-v1a1/mono.m3u8 200 
2026-08-08 19:31:57,387 [INFO] Capturing request: https://global.siteyaptim.live/aspor/tracks-v1a1/2026/08/08/19/32/41-10000.jpg
2026-08-08 19:31:57,854 [INFO] Capturing response: https://global.siteyaptim.live/aspor/tracks-v1a1/2026/08/08/19/32/41-10000.jpg 200 
2026-08-08 19:31:58,181 [INFO] Capturing request: https://global.siteyaptim.live/aspor/tracks-v1a1/2026/08/08/19/32/51-10000.jpg
2026-08-08 19:31:58,540 [INFO] Capturing response: https://global.siteyaptim.live/aspor/tracks-v1a1/2026/08/08/19/32/51-10000.jpg 200 
2026-08-08 19:31:58,803 [INFO] Capturing request: https://global.siteyaptim.live/aspor/tracks-v1a1/2026/08/08/19/33/01-10000.jpg
2026-08-08 19:31:59,296 [INFO] Capturing response: https://global.siteyaptim.live/aspor/tracks-v1a1/2026/08/08/19/33/01-10000.jpg 200 
2026-08-08 19:31:59,725 [INFO]   ✅ M3U8 bulundu: https://corestream.siteyaptim.live//aspor/tracks-v1a1/mono.m3u8
2026-08-08 19:32:00,726 [INFO] 
[11/14]
2026-08-08 19:32:00,726 [INFO] 🔍 Tivibu Spor 1 → https://www.atomsportv512.top/matches?id=tivibu-spor-1
2026-08-08 19:32:00,837 [INFO] Capturing request: https://www.atomsportv512.top/matches?id=tivibu-spor-1
2026-08-08 19:32:01,022 [INFO] Capturing response: https://www.atomsportv512.top/matches?id=tivibu-spor-1 200 
2026-08-08 19:32:01,153 [INFO] Capturing request: https://teletv5.top/load/yayinlink.php?id=tivibu-spor-1
2026-08-08 19:32:01,156 [INFO] Capturing request: https://www.atomsportv512.top/favicon.ico
2026-08-08 19:32:01,169 [INFO] Capturing response: https://teletv5.top/load/yayinlink.php?id=tivibu-spor-1 200 
2026-08-08 19:32:01,186 [INFO] Capturing response: https://www.atomsportv512.top/favicon.ico 200 
2026-08-08 19:32:01,251 [INFO] Capturing request: https://streamsport365.com/cinema
2026-08-08 19:32:01,508 [INFO] Capturing response: https://streamsport365.com/cinema 200 
2026-08-08 19:32:15,986 [INFO] Capturing request: https://update.googleapis.com/service/update2/json?cup2key=16:jasodoEWh1avK234qwHdzZv9oEws2nvEG84JNlQuu1U&cup2hreq=68c1198b10f7b60ca7e74ec99c439f636a78afa0685b20986c7ea5828283959e
2026-08-08 19:32:16,012 [INFO] Capturing response: https://update.googleapis.com/service/update2/json?cup2key=16:jasodoEWh1avK234qwHdzZv9oEws2nvEG84JNlQuu1U&cup2hreq=68c1198b10f7b60ca7e74ec99c439f636a78afa0685b20986c7ea5828283959e 200 
2026-08-08 19:32:16,018 [INFO] Capturing request: http://edgedl.me.gvt1.com/edgedl/diffgen-puffin/gcmjkmgdlgnkkcocmoeiminaijmmjnii/6ca5bdb9f3e2cd83b7e359729bc6c33c4fe975ec499861d969b3e080320849ff
2026-08-08 19:32:16,028 [INFO] Capturing response: http://edgedl.me.gvt1.com/edgedl/diffgen-puffin/gcmjkmgdlgnkkcocmoeiminaijmmjnii/6ca5bdb9f3e2cd83b7e359729bc6c33c4fe975ec499861d969b3e080320849ff 200 OK
2026-08-08 19:32:16,054 [INFO] Capturing request: https://update.googleapis.com/service/update2/json
2026-08-08 19:32:16,077 [INFO] Capturing response: https://update.googleapis.com/service/update2/json 200 
2026-08-08 19:32:16,122 [INFO] Capturing request: http://edgedl.me.gvt1.com/edgedl/release2/chrome_component/accwpdz3a776ets3elxapx7mxpdq_10702/hfnkpimlhhgieaddgfemjhofmfblmnib_10702_all_h2ulgu2ka4h7ycemuz4l4fsm5e.crx3
2026-08-08 19:32:16,134 [INFO] Capturing response: http://edgedl.me.gvt1.com/edgedl/release2/chrome_component/accwpdz3a776ets3elxapx7mxpdq_10702/hfnkpimlhhgieaddgfemjhofmfblmnib_10702_all_h2ulgu2ka4h7ycemuz4l4fsm5e.crx3 200 OK
2026-08-08 19:32:16,168 [INFO] Capturing request: https://update.googleapis.com/service/update2/json
2026-08-08 19:32:16,188 [INFO] Capturing response: https://update.googleapis.com/service/update2/json 200 
2026-08-08 19:32:31,118 [INFO] Capturing request: https://android.clients.google.com/c2dm/register3
2026-08-08 19:32:31,155 [INFO] Capturing response: https://android.clients.google.com/c2dm/register3 301 
2026-08-08 19:32:34,345 [WARNING]   ❌ Tivibu Spor 1 için M3U8 bulunamadı
2026-08-08 19:32:35,346 [INFO] 
[12/14]
2026-08-08 19:32:35,346 [INFO] 🔍 Tivibu Spor 2 → https://www.atomsportv512.top/matches?id=tivibu-spor-2
2026-08-08 19:32:35,488 [INFO] Capturing request: https://www.atomsportv512.top/matches?id=tivibu-spor-2
2026-08-08 19:32:35,678 [INFO] Capturing response: https://www.atomsportv512.top/matches?id=tivibu-spor-2 200 
2026-08-08 19:32:35,842 [INFO] Capturing request: https://www.atomsportv512.top/favicon.ico
2026-08-08 19:32:35,871 [INFO] Capturing response: https://www.atomsportv512.top/favicon.ico 200 
2026-08-08 19:32:35,874 [INFO] Capturing request: https://teletv5.top/load/yayinlink.php?id=tivibu-spor-2
2026-08-08 19:32:35,895 [INFO] Capturing response: https://teletv5.top/load/yayinlink.php?id=tivibu-spor-2 200 
2026-08-08 19:32:36,295 [INFO] Capturing request: https://streamsport365.com/cinema
2026-08-08 19:32:36,549 [INFO] Capturing response: https://streamsport365.com/cinema 200 
2026-08-08 19:33:08,989 [WARNING]   ❌ Tivibu Spor 2 için M3U8 bulunamadı
2026-08-08 19:33:09,990 [INFO] 
[13/14]
2026-08-08 19:33:09,990 [INFO] 🔍 Tivibu Spor 3 → https://www.atomsportv512.top/matches?id=tivibu-spor-3
2026-08-08 19:33:10,099 [INFO] Capturing request: https://www.atomsportv512.top/matches?id=tivibu-spor-3
2026-08-08 19:33:10,428 [INFO] Capturing response: https://www.atomsportv512.top/matches?id=tivibu-spor-3 200 
2026-08-08 19:33:10,566 [INFO] Capturing request: https://teletv5.top/load/yayinlink.php?id=tivibu-spor-3
2026-08-08 19:33:10,568 [INFO] Capturing request: https://www.atomsportv512.top/favicon.ico
2026-08-08 19:33:10,585 [INFO] Capturing response: https://teletv5.top/load/yayinlink.php?id=tivibu-spor-3 200 
2026-08-08 19:33:10,597 [INFO] Capturing response: https://www.atomsportv512.top/favicon.ico 200 
2026-08-08 19:33:10,666 [INFO] Capturing request: https://streamsport365.com/cinema
2026-08-08 19:33:10,917 [INFO] Capturing response: https://streamsport365.com/cinema 200 
2026-08-08 19:33:43,707 [WARNING]   ❌ Tivibu Spor 3 için M3U8 bulunamadı
2026-08-08 19:33:44,707 [INFO] 
[14/14]
2026-08-08 19:33:44,708 [INFO] 🔍 Tivibu Spor 4 → https://www.atomsportv512.top/matches?id=tivibu-spor-4
2026-08-08 19:33:44,835 [INFO] Capturing request: https://www.atomsportv512.top/matches?id=tivibu-spor-4
2026-08-08 19:33:45,159 [INFO] Capturing response: https://www.atomsportv512.top/matches?id=tivibu-spor-4 200 
2026-08-08 19:33:45,295 [INFO] Capturing request: https://teletv5.top/load/yayinlink.php?id=tivibu-spor-4
2026-08-08 19:33:45,298 [INFO] Capturing request: https://www.atomsportv512.top/favicon.ico
2026-08-08 19:33:45,329 [INFO] Capturing response: https://www.atomsportv512.top/favicon.ico 200 
2026-08-08 19:33:45,395 [INFO] Capturing request: https://streamsport365.com/cinema
2026-08-08 19:33:45,590 [INFO] Capturing response: https://teletv5.top/load/yayinlink.php?id=tivibu-spor-4 200 
2026-08-08 19:33:45,640 [INFO] Capturing response: https://streamsport365.com/cinema 200 
2026-08-08 19:34:01,663 [INFO] Capturing request: https://android.clients.google.com/c2dm/register3
2026-08-08 19:34:01,694 [INFO] Capturing response: https://android.clients.google.com/c2dm/register3 301 
2026-08-08 19:34:18,439 [WARNING]   ❌ Tivibu Spor 4 için M3U8 bulunamadı
2026-08-08 19:34:19,505 [INFO] ✅ 10 kanal bulundu, playlist.m3u kaydedildi
