2026-08-24 11:03:12,232 [INFO] 🌐 BASE_URL: https://www.atomsportv513.top
2026-08-24 11:03:13,388 [INFO] Başlanıyor... 14 kanal taranacak
2026-08-24 11:03:13,389 [INFO] Using default request storage
2026-08-24 11:03:13,393 [INFO] Created proxy listening on 127.0.0.1:33489
2026-08-24 11:03:14,029 [INFO] Capturing request: http://clients2.google.com/time/1/current?cup2key=10:sPenK1jnRUQpxJKEX7L9iNNCkjnTBlGSG0xmb7ylak8&cup2hreq=e3b0c44298fc1c149afbf4c8996fb92427ae41e4649b934ca495991b7852b855
2026-08-24 11:03:14,110 [INFO] Capturing response: http://clients2.google.com/time/1/current?cup2key=10:sPenK1jnRUQpxJKEX7L9iNNCkjnTBlGSG0xmb7ylak8&cup2hreq=e3b0c44298fc1c149afbf4c8996fb92427ae41e4649b934ca495991b7852b855 200 OK
2026-08-24 11:03:14,294 [INFO] 
[1/14]
2026-08-24 11:03:14,294 [INFO] 🔍 beIN Sports 1 → https://www.atomsportv513.top/matches?id=bein-sports-1
2026-08-24 11:03:14,414 [INFO] Capturing request: https://accounts.google.com/ListAccounts?gpsia=1&source=ChromiumBrowser&json=standard&laf=b64bin
2026-08-24 11:03:14,425 [INFO] Capturing request: https://update.googleapis.com/service/update2/json?cup2key=16:vz7DDe5Dvc1jZvsS4VEq8fP98iPCqN8LWnqtoRjTRHQ&cup2hreq=bf533099fbc30e1de07c308d827ce318d8f9fbf2e61a675f29aac7f3b80c6ae8
2026-08-24 11:03:14,542 [INFO] Capturing response: https://update.googleapis.com/service/update2/json?cup2key=16:vz7DDe5Dvc1jZvsS4VEq8fP98iPCqN8LWnqtoRjTRHQ&cup2hreq=bf533099fbc30e1de07c308d827ce318d8f9fbf2e61a675f29aac7f3b80c6ae8 200 
2026-08-24 11:03:14,542 [INFO] Capturing request: https://www.google.com/async/folae?async=_fmt:pb&udm=50&client_locale=en-US&client_country=ZZ
2026-08-24 11:03:14,544 [INFO] Capturing request: https://www.atomsportv513.top/matches?id=bein-sports-1
2026-08-24 11:03:14,580 [INFO] Capturing response: https://www.google.com/async/folae?async=_fmt:pb&udm=50&client_locale=en-US&client_country=ZZ 200 
2026-08-24 11:03:14,588 [INFO] Capturing request: https://update.googleapis.com/service/update2/json?cup2key=16:3wmMMIELEkXB6a0-H9xeRZgLFNIyBmkkpObxcvnqTs0&cup2hreq=1920a34d5863c695df78120926c49d0ce7d3052de663a07c9417ccede12b4ae6
2026-08-24 11:03:14,648 [INFO] Capturing response: https://update.googleapis.com/service/update2/json?cup2key=16:3wmMMIELEkXB6a0-H9xeRZgLFNIyBmkkpObxcvnqTs0&cup2hreq=1920a34d5863c695df78120926c49d0ce7d3052de663a07c9417ccede12b4ae6 200 
2026-08-24 11:03:14,694 [INFO] Capturing request: https://update.googleapis.com/service/update2/json?cup2key=16:e0nQ_ZDf7QPmrM82f6W3LgJ07XuEFSc3NUfzBIvT9J8&cup2hreq=04ce717a2d4f855fbbce67a9052d773127d067609a28949744221f5f3fafad8a
2026-08-24 11:03:14,703 [INFO] Capturing response: https://accounts.google.com/ListAccounts?gpsia=1&source=ChromiumBrowser&json=standard&laf=b64bin 200 
2026-08-24 11:03:14,795 [INFO] Capturing response: https://update.googleapis.com/service/update2/json?cup2key=16:e0nQ_ZDf7QPmrM82f6W3LgJ07XuEFSc3NUfzBIvT9J8&cup2hreq=04ce717a2d4f855fbbce67a9052d773127d067609a28949744221f5f3fafad8a 200 
2026-08-24 11:03:15,255 [INFO] Capturing response: https://www.atomsportv513.top/matches?id=bein-sports-1 200 
2026-08-24 11:03:15,489 [INFO] Capturing request: https://cdn.jsdelivr.net/npm/@clappr/player@0.11.16/dist/clappr.min.js
2026-08-24 11:03:15,493 [INFO] Capturing request: https://cdn.jsdelivr.net/npm/level-selector/dist/level-selector.min.js
2026-08-24 11:03:15,494 [INFO] Capturing request: https://cdn.jsdelivr.net/npm/@clappr/hlsjs-playback@1.8.3/dist/hlsjs-playback.min.js
2026-08-24 11:03:15,558 [INFO] Capturing response: https://cdn.jsdelivr.net/npm/level-selector/dist/level-selector.min.js 200 
2026-08-24 11:03:15,681 [INFO] Capturing response: https://cdn.jsdelivr.net/npm/@clappr/player@0.11.16/dist/clappr.min.js 200 
2026-08-24 11:03:15,715 [INFO] Capturing response: https://cdn.jsdelivr.net/npm/@clappr/hlsjs-playback@1.8.3/dist/hlsjs-playback.min.js 200 
2026-08-24 11:03:15,892 [INFO] Capturing request: https://www.atomsportv513.top/favicon.ico
2026-08-24 11:03:15,948 [INFO] Capturing response: https://www.atomsportv513.top/favicon.ico 200 
2026-08-24 11:03:16,205 [INFO] Capturing request: https://teletv5.top/load/yayinlink.php?id=bein-sports-1
2026-08-24 11:03:16,437 [INFO] Capturing request: https://streamsport365.com/cinema
2026-08-24 11:03:16,617 [INFO] Capturing response: https://teletv5.top/load/yayinlink.php?id=bein-sports-1 200 
2026-08-24 11:03:16,756 [INFO] Capturing response: https://streamsport365.com/cinema 200 
2026-08-24 11:03:16,886 [INFO] Capturing request: https://www.atomsportv513.top/assets/img/player/player_logo_6a87a2e2eecc5.png
2026-08-24 11:03:16,957 [INFO] Capturing response: https://www.atomsportv513.top/assets/img/player/player_logo_6a87a2e2eecc5.png 200 
2026-08-24 11:03:17,008 [INFO] Capturing request: https://corestream.siteyaptim.live//beintv/tracks-v1a1/mono.m3u8
2026-08-24 11:03:17,190 [INFO] Capturing response: https://corestream.siteyaptim.live//beintv/tracks-v1a1/mono.m3u8 200 
2026-08-24 11:03:17,667 [INFO] Capturing request: https://global.siteyaptim.live/beintv/tracks-v1a1/2026/08/24/11/03/16-05000.jpg
2026-08-24 11:03:17,778 [INFO] Capturing request: https://android.clients.google.com/checkin
2026-08-24 11:03:17,895 [INFO] Capturing response: https://android.clients.google.com/checkin 200 
2026-08-24 11:03:17,949 [INFO] Capturing request: https://android.clients.google.com/c2dm/register3
2026-08-24 11:03:17,950 [INFO] Capturing request: https://android.clients.google.com/c2dm/register3
2026-08-24 11:03:17,952 [INFO] Capturing request: https://android.clients.google.com/c2dm/register3
2026-08-24 11:03:18,015 [INFO] Capturing response: https://android.clients.google.com/c2dm/register3 301 
2026-08-24 11:03:18,550 [INFO] Capturing response: https://android.clients.google.com/c2dm/register3 200 
2026-08-24 11:03:18,659 [INFO] Capturing response: https://android.clients.google.com/c2dm/register3 200 
2026-08-24 11:03:18,809 [INFO]   ✅ M3U8 bulundu: https://corestream.siteyaptim.live//beintv/tracks-v1a1/mono.m3u8
2026-08-24 11:03:19,127 [INFO] Capturing response: https://global.siteyaptim.live/beintv/tracks-v1a1/2026/08/24/11/03/16-05000.jpg 200 
2026-08-24 11:03:19,361 [INFO] Capturing request: https://global.siteyaptim.live/beintv/tracks-v1a1/2026/08/24/11/03/21-05000.jpg
2026-08-24 11:03:19,809 [INFO] 
[2/14]
2026-08-24 11:03:19,810 [INFO] 🔍 beIN Sports 2 → https://www.atomsportv513.top/matches?id=bein-sports-2
2026-08-24 11:03:19,919 [INFO] Capturing request: https://www.atomsportv513.top/matches?id=bein-sports-2
2026-08-24 11:03:20,172 [INFO] Capturing response: https://www.atomsportv513.top/matches?id=bein-sports-2 200 
2026-08-24 11:03:20,228 [INFO] Capturing request: https://streamsport365.com/cinema
2026-08-24 11:03:20,328 [INFO] Capturing request: https://www.atomsportv513.top/favicon.ico
2026-08-24 11:03:20,329 [INFO] Capturing request: https://teletv5.top/load/yayinlink.php?id=bein-sports-2
2026-08-24 11:03:20,376 [INFO] Capturing response: https://www.atomsportv513.top/favicon.ico 200 
2026-08-24 11:03:20,559 [INFO] Capturing response: https://teletv5.top/load/yayinlink.php?id=bein-sports-2 200 
2026-08-24 11:03:20,563 [INFO] Capturing response: https://streamsport365.com/cinema 200 
2026-08-24 11:03:20,575 [INFO] Capturing response: https://global.siteyaptim.live/beintv/tracks-v1a1/2026/08/24/11/03/21-05000.jpg 200 
2026-08-24 11:03:20,675 [INFO] Capturing request: https://www.atomsportv513.top/assets/img/player/player_logo_6a87a2e2eecc5.png
2026-08-24 11:03:20,687 [INFO] Capturing request: https://corestream.siteyaptim.live//bein2/tracks-v1a1/mono.m3u8
2026-08-24 11:03:20,806 [INFO] Capturing response: https://www.atomsportv513.top/assets/img/player/player_logo_6a87a2e2eecc5.png 304 
2026-08-24 11:03:20,852 [INFO] Capturing response: https://corestream.siteyaptim.live//bein2/tracks-v1a1/mono.m3u8 404 
2026-08-24 11:03:22,980 [INFO] Capturing request: https://corestream.siteyaptim.live//bein2/tracks-v1a1/mono.m3u8
2026-08-24 11:03:23,150 [INFO] Capturing response: https://corestream.siteyaptim.live//bein2/tracks-v1a1/mono.m3u8 404 
2026-08-24 11:03:23,236 [INFO]   ✅ M3U8 bulundu: https://corestream.siteyaptim.live//bein2/tracks-v1a1/mono.m3u8
2026-08-24 11:03:24,237 [INFO] 
[3/14]
2026-08-24 11:03:24,237 [INFO] 🔍 beIN Sports 3 → https://www.atomsportv513.top/matches?id=bein-sports-3
2026-08-24 11:03:24,345 [INFO] Capturing request: https://www.atomsportv513.top/matches?id=bein-sports-3
2026-08-24 11:03:24,688 [INFO] Capturing response: https://www.atomsportv513.top/matches?id=bein-sports-3 200 
2026-08-24 11:03:24,818 [INFO] Capturing request: https://teletv5.top/load/yayinlink.php?id=bein-sports-3
2026-08-24 11:03:24,820 [INFO] Capturing request: https://www.atomsportv513.top/favicon.ico
2026-08-24 11:03:24,866 [INFO] Capturing response: https://www.atomsportv513.top/favicon.ico 200 
2026-08-24 11:03:24,956 [INFO] Capturing request: https://streamsport365.com/cinema
2026-08-24 11:03:25,031 [INFO] Capturing response: https://teletv5.top/load/yayinlink.php?id=bein-sports-3 200 
2026-08-24 11:03:25,291 [INFO] Capturing response: https://streamsport365.com/cinema 200 
2026-08-24 11:03:25,401 [INFO] Capturing request: https://www.atomsportv513.top/assets/img/player/player_logo_6a87a2e2eecc5.png
2026-08-24 11:03:25,411 [INFO] Capturing request: https://corestream.siteyaptim.live//bein3/tracks-v1a1/mono.m3u8
2026-08-24 11:03:25,533 [INFO] Capturing response: https://www.atomsportv513.top/assets/img/player/player_logo_6a87a2e2eecc5.png 304 
2026-08-24 11:03:25,574 [INFO] Capturing response: https://corestream.siteyaptim.live//bein3/tracks-v1a1/mono.m3u8 200 
2026-08-24 11:03:25,723 [INFO] Capturing request: https://global.siteyaptim.live/bein3/tracks-v1a1/2026/08/24/11/02/59-10000.jpg
2026-08-24 11:03:27,057 [INFO] Capturing response: https://global.siteyaptim.live/bein3/tracks-v1a1/2026/08/24/11/02/59-10000.jpg 200 
2026-08-24 11:03:27,272 [INFO] Capturing request: https://global.siteyaptim.live/bein3/tracks-v1a1/2026/08/24/11/03/09-10000.jpg
2026-08-24 11:03:27,732 [INFO]   ✅ M3U8 bulundu: https://corestream.siteyaptim.live//bein3/tracks-v1a1/mono.m3u8
2026-08-24 11:03:28,504 [INFO] Capturing response: https://global.siteyaptim.live/bein3/tracks-v1a1/2026/08/24/11/03/09-10000.jpg 200 
2026-08-24 11:03:28,719 [INFO] Capturing request: https://global.siteyaptim.live/bein3/tracks-v1a1/2026/08/24/11/03/19-10000.jpg
2026-08-24 11:03:28,732 [INFO] 
[4/14]
2026-08-24 11:03:28,732 [INFO] 🔍 beIN Sports 4 → https://www.atomsportv513.top/matches?id=bein-sports-4
2026-08-24 11:03:28,841 [INFO] Capturing request: https://www.atomsportv513.top/matches?id=bein-sports-4
2026-08-24 11:03:29,097 [INFO] Capturing response: https://www.atomsportv513.top/matches?id=bein-sports-4 200 
2026-08-24 11:03:29,129 [INFO] Capturing request: https://streamsport365.com/cinema
2026-08-24 11:03:29,231 [INFO] Capturing request: https://www.atomsportv513.top/favicon.ico
2026-08-24 11:03:29,232 [INFO] Capturing request: https://teletv5.top/load/yayinlink.php?id=bein-sports-4
2026-08-24 11:03:29,276 [INFO] Capturing response: https://www.atomsportv513.top/favicon.ico 200 
2026-08-24 11:03:29,445 [INFO] Capturing response: https://teletv5.top/load/yayinlink.php?id=bein-sports-4 200 
2026-08-24 11:03:29,455 [INFO] Capturing response: https://streamsport365.com/cinema 200 
2026-08-24 11:03:29,596 [INFO] Capturing request: https://www.atomsportv513.top/assets/img/player/player_logo_6a87a2e2eecc5.png
2026-08-24 11:03:29,609 [INFO] Capturing request: https://corestream.siteyaptim.live//bein4/tracks-v1a1/mono.m3u8
2026-08-24 11:03:29,726 [INFO] Capturing response: https://www.atomsportv513.top/assets/img/player/player_logo_6a87a2e2eecc5.png 304 
2026-08-24 11:03:29,799 [INFO] Capturing response: https://corestream.siteyaptim.live//bein4/tracks-v1a1/mono.m3u8 200 
2026-08-24 11:03:29,908 [INFO] Capturing request: https://global.siteyaptim.live/bein4/tracks-v1a1/2026/08/24/11/03/31-10000.jpg
2026-08-24 11:03:30,703 [INFO] Capturing response: https://global.siteyaptim.live/bein3/tracks-v1a1/2026/08/24/11/03/19-10000.jpg 200 
2026-08-24 11:03:32,144 [INFO]   ✅ M3U8 bulundu: https://corestream.siteyaptim.live//bein4/tracks-v1a1/mono.m3u8
2026-08-24 11:03:33,144 [INFO] 
[5/14]
2026-08-24 11:03:33,144 [INFO] 🔍 beIN Sports 5 → https://www.atomsportv513.top/matches?id=bein-sports-5
2026-08-24 11:03:33,252 [INFO] Capturing request: https://www.atomsportv513.top/matches?id=bein-sports-5
2026-08-24 11:03:33,504 [INFO] Capturing response: https://www.atomsportv513.top/matches?id=bein-sports-5 200 
2026-08-24 11:03:33,557 [INFO] Capturing response: https://global.siteyaptim.live/bein4/tracks-v1a1/2026/08/24/11/03/31-10000.jpg 200 
2026-08-24 11:03:33,638 [INFO] Capturing request: https://www.atomsportv513.top/favicon.ico
2026-08-24 11:03:33,639 [INFO] Capturing request: https://teletv5.top/load/yayinlink.php?id=bein-sports-5
2026-08-24 11:03:33,684 [INFO] Capturing response: https://www.atomsportv513.top/favicon.ico 200 
2026-08-24 11:03:33,769 [INFO] Capturing request: https://streamsport365.com/cinema
2026-08-24 11:03:33,856 [INFO] Capturing response: https://teletv5.top/load/yayinlink.php?id=bein-sports-5 200 
2026-08-24 11:03:34,106 [INFO] Capturing response: https://streamsport365.com/cinema 200 
2026-08-24 11:03:34,217 [INFO] Capturing request: https://www.atomsportv513.top/assets/img/player/player_logo_6a87a2e2eecc5.png
2026-08-24 11:03:34,226 [INFO] Capturing request: https://corestream.siteyaptim.live//bein5/tracks-v1a1/mono.m3u8
2026-08-24 11:03:34,347 [INFO] Capturing response: https://www.atomsportv513.top/assets/img/player/player_logo_6a87a2e2eecc5.png 304 
2026-08-24 11:03:34,395 [INFO] Capturing response: https://corestream.siteyaptim.live//bein5/tracks-v1a1/mono.m3u8 200 
2026-08-24 11:03:34,544 [INFO] Capturing request: https://global.siteyaptim.live/bein5/tracks-v1a1/2026/08/24/11/03/54-10000.jpg
2026-08-24 11:03:36,548 [INFO]   ✅ M3U8 bulundu: https://corestream.siteyaptim.live//bein5/tracks-v1a1/mono.m3u8
2026-08-24 11:03:37,548 [INFO] 
[6/14]
2026-08-24 11:03:37,548 [INFO] 🔍 beIN Sports Max 1 → https://www.atomsportv513.top/matches?id=bein-sports-max-1
2026-08-24 11:03:37,628 [INFO] Capturing response: https://global.siteyaptim.live/bein5/tracks-v1a1/2026/08/24/11/03/54-10000.jpg 200 
2026-08-24 11:03:37,657 [INFO] Capturing request: https://www.atomsportv513.top/matches?id=bein-sports-max-1
2026-08-24 11:03:37,913 [INFO] Capturing response: https://www.atomsportv513.top/matches?id=bein-sports-max-1 200 
2026-08-24 11:03:37,954 [INFO] Capturing request: https://streamsport365.com/cinema
2026-08-24 11:03:37,984 [INFO] Capturing request: https://global.siteyaptim.live/bein5/tracks-v1a1/2026/08/24/11/04/04-10000.jpg
2026-08-24 11:03:38,052 [INFO] Capturing request: https://teletv5.top/load/yayinlink.php?id=bein-sports-max-1
2026-08-24 11:03:38,055 [INFO] Capturing request: https://www.atomsportv513.top/favicon.ico
2026-08-24 11:03:38,099 [INFO] Capturing response: https://www.atomsportv513.top/favicon.ico 200 
2026-08-24 11:03:38,268 [INFO] Capturing response: https://teletv5.top/load/yayinlink.php?id=bein-sports-max-1 200 
2026-08-24 11:03:38,288 [INFO] Capturing response: https://streamsport365.com/cinema 200 
2026-08-24 11:03:41,260 [INFO] Capturing response: https://global.siteyaptim.live/bein5/tracks-v1a1/2026/08/24/11/04/04-10000.jpg 200 
2026-08-24 11:03:43,148 [INFO] Capturing request: https://android.clients.google.com/c2dm/register3
2026-08-24 11:03:43,215 [INFO] Capturing response: https://android.clients.google.com/c2dm/register3 301 
2026-08-24 11:04:11,215 [WARNING]   ❌ beIN Sports Max 1 için M3U8 bulunamadı
2026-08-24 11:04:12,216 [INFO] 
[7/14]
2026-08-24 11:04:12,216 [INFO] 🔍 beIN Sports Max 2 → https://www.atomsportv513.top/matches?id=bein-sports-max-2
2026-08-24 11:04:12,324 [INFO] Capturing request: https://www.atomsportv513.top/matches?id=bein-sports-max-2
2026-08-24 11:04:12,776 [INFO] Capturing response: https://www.atomsportv513.top/matches?id=bein-sports-max-2 200 
2026-08-24 11:04:12,910 [INFO] Capturing request: https://teletv5.top/load/yayinlink.php?id=bein-sports-max-2
2026-08-24 11:04:12,911 [INFO] Capturing request: https://www.atomsportv513.top/favicon.ico
2026-08-24 11:04:12,956 [INFO] Capturing response: https://www.atomsportv513.top/favicon.ico 200 
2026-08-24 11:04:13,055 [INFO] Capturing request: https://streamsport365.com/cinema
2026-08-24 11:04:13,126 [INFO] Capturing response: https://teletv5.top/load/yayinlink.php?id=bein-sports-max-2 200 
2026-08-24 11:04:13,380 [INFO] Capturing response: https://streamsport365.com/cinema 200 
2026-08-24 11:04:14,030 [INFO] Capturing request: https://update.googleapis.com/service/update2/json?cup2key=16:B0nijNun1IinUlLqDgDpVwn8TeYES7sAzPDnSL2K21E&cup2hreq=2af3d62d08af6520420fb2d865b319b4e8a6518037614a3fb8c4099ad35aa1ce
2026-08-24 11:04:14,093 [INFO] Capturing response: https://update.googleapis.com/service/update2/json?cup2key=16:B0nijNun1IinUlLqDgDpVwn8TeYES7sAzPDnSL2K21E&cup2hreq=2af3d62d08af6520420fb2d865b319b4e8a6518037614a3fb8c4099ad35aa1ce 200 
2026-08-24 11:04:14,099 [INFO] Capturing request: http://edgedl.me.gvt1.com/edgedl/diffgen-puffin/gcmjkmgdlgnkkcocmoeiminaijmmjnii/6ca5bdb9f3e2cd83b7e359729bc6c33c4fe975ec499861d969b3e080320849ff
2026-08-24 11:04:14,141 [INFO] Capturing response: http://edgedl.me.gvt1.com/edgedl/diffgen-puffin/gcmjkmgdlgnkkcocmoeiminaijmmjnii/6ca5bdb9f3e2cd83b7e359729bc6c33c4fe975ec499861d969b3e080320849ff 200 OK
2026-08-24 11:04:14,165 [INFO] Capturing request: https://update.googleapis.com/service/update2/json
2026-08-24 11:04:14,224 [INFO] Capturing response: https://update.googleapis.com/service/update2/json 200 
2026-08-24 11:04:14,269 [INFO] Capturing request: http://edgedl.me.gvt1.com/edgedl/release2/chrome_component/pii3rvjw74jn5qtrx5a2yp2b6a_10733/hfnkpimlhhgieaddgfemjhofmfblmnib_10733_all_ad75arotihys34voy3hmuznew3va.crx3
2026-08-24 11:04:14,430 [INFO] Capturing response: http://edgedl.me.gvt1.com/edgedl/release2/chrome_component/pii3rvjw74jn5qtrx5a2yp2b6a_10733/hfnkpimlhhgieaddgfemjhofmfblmnib_10733_all_ad75arotihys34voy3hmuznew3va.crx3 200 OK
2026-08-24 11:04:14,455 [INFO] Capturing request: https://update.googleapis.com/service/update2/json
2026-08-24 11:04:14,504 [INFO] Capturing response: https://update.googleapis.com/service/update2/json 200 
2026-08-24 11:04:37,059 [INFO] Capturing request: https://android.clients.google.com/c2dm/register3
2026-08-24 11:04:37,124 [INFO] Capturing response: https://android.clients.google.com/c2dm/register3 301 
2026-08-24 11:04:46,036 [WARNING]   ❌ beIN Sports Max 2 için M3U8 bulunamadı
2026-08-24 11:04:47,037 [INFO] 
[8/14]
2026-08-24 11:04:47,037 [INFO] 🔍 S Sport → https://www.atomsportv513.top/matches?id=s-sport
2026-08-24 11:04:47,216 [INFO] Capturing request: https://www.atomsportv513.top/matches?id=s-sport
2026-08-24 11:04:47,779 [INFO] Capturing response: https://www.atomsportv513.top/matches?id=s-sport 200 
2026-08-24 11:04:47,941 [INFO] Capturing request: https://www.atomsportv513.top/favicon.ico
2026-08-24 11:04:47,995 [INFO] Capturing response: https://www.atomsportv513.top/favicon.ico 200 
2026-08-24 11:04:48,012 [INFO] Capturing request: https://teletv5.top/load/yayinlink.php?id=s-sport
2026-08-24 11:04:48,424 [INFO] Capturing response: https://teletv5.top/load/yayinlink.php?id=s-sport 200 
2026-08-24 11:04:48,497 [INFO] Capturing request: https://streamsport365.com/cinema
2026-08-24 11:04:48,822 [INFO] Capturing response: https://streamsport365.com/cinema 200 
2026-08-24 11:04:48,934 [INFO] Capturing request: https://www.atomsportv513.top/assets/img/player/player_logo_6a87a2e2eecc5.png
2026-08-24 11:04:49,009 [INFO] Capturing request: https://corestream.siteyaptim.live//s-sport/tracks-v1a1/mono.m3u8
2026-08-24 11:04:49,072 [INFO] Capturing response: https://www.atomsportv513.top/assets/img/player/player_logo_6a87a2e2eecc5.png 304 
2026-08-24 11:04:49,186 [INFO] Capturing response: https://corestream.siteyaptim.live//s-sport/tracks-v1a1/mono.m3u8 200 
2026-08-24 11:04:49,395 [INFO] Capturing request: https://global.siteyaptim.live/s-sport/tracks-v1a1/2026/08/24/11/04/32-10000.jpg
2026-08-24 11:04:50,645 [INFO] Capturing response: https://global.siteyaptim.live/s-sport/tracks-v1a1/2026/08/24/11/04/32-10000.jpg 200 
2026-08-24 11:04:50,853 [INFO]   ✅ M3U8 bulundu: https://corestream.siteyaptim.live//s-sport/tracks-v1a1/mono.m3u8
2026-08-24 11:04:50,869 [INFO] Capturing request: https://global.siteyaptim.live/s-sport/tracks-v1a1/2026/08/24/11/04/42-10000.jpg
2026-08-24 11:04:51,853 [INFO] 
[9/14]
2026-08-24 11:04:51,853 [INFO] 🔍 S Sport 2 → https://www.atomsportv513.top/matches?id=s-sport-2
2026-08-24 11:04:51,961 [INFO] Capturing request: https://www.atomsportv513.top/matches?id=s-sport-2
2026-08-24 11:04:52,197 [INFO] Capturing response: https://global.siteyaptim.live/s-sport/tracks-v1a1/2026/08/24/11/04/42-10000.jpg 200 
2026-08-24 11:04:52,416 [INFO] Capturing request: https://global.siteyaptim.live/s-sport/tracks-v1a1/2026/08/24/11/04/52-10000.jpg
2026-08-24 11:04:52,432 [INFO] Capturing response: https://www.atomsportv513.top/matches?id=s-sport-2 200 
2026-08-24 11:04:52,471 [INFO] Capturing request: https://streamsport365.com/cinema
2026-08-24 11:04:52,570 [INFO] Capturing request: https://teletv5.top/load/yayinlink.php?id=s-sport-2
2026-08-24 11:04:52,571 [INFO] Capturing request: https://www.atomsportv513.top/favicon.ico
2026-08-24 11:04:52,626 [INFO] Capturing response: https://www.atomsportv513.top/favicon.ico 200 
2026-08-24 11:04:52,809 [INFO] Capturing response: https://streamsport365.com/cinema 200 
2026-08-24 11:04:52,934 [INFO] Capturing response: https://teletv5.top/load/yayinlink.php?id=s-sport-2 200 
2026-08-24 11:04:53,046 [INFO] Capturing request: https://www.atomsportv513.top/assets/img/player/player_logo_6a87a2e2eecc5.png
2026-08-24 11:04:53,057 [INFO] Capturing request: https://corestream.siteyaptim.live//s-sport2/tracks-v1a1/mono.m3u8
2026-08-24 11:04:53,099 [INFO] Capturing response: https://corestream.siteyaptim.live//s-sport2/tracks-v1a1/mono.m3u8 200 
2026-08-24 11:04:53,175 [INFO] Capturing response: https://www.atomsportv513.top/assets/img/player/player_logo_6a87a2e2eecc5.png 304 
2026-08-24 11:04:53,208 [INFO] Capturing request: https://global.siteyaptim.live/s-sport2/tracks-v1a1/2026/08/24/11/04/42-10000.jpg
2026-08-24 11:04:54,471 [INFO] Capturing response: https://global.siteyaptim.live/s-sport/tracks-v1a1/2026/08/24/11/04/52-10000.jpg 200 
2026-08-24 11:04:54,509 [INFO] 127.0.0.1:55232: ProtocolException("Error in HTTP connection: Http2ZombieException('Connection or stream already dead: 1787569494.5086591, False')")
2026-08-24 11:04:55,488 [INFO]   ✅ M3U8 bulundu: https://corestream.siteyaptim.live//s-sport2/tracks-v1a1/mono.m3u8
2026-08-24 11:04:55,507 [INFO] Capturing response: https://global.siteyaptim.live/s-sport2/tracks-v1a1/2026/08/24/11/04/42-10000.jpg 200 
2026-08-24 11:04:55,719 [INFO] Capturing request: https://global.siteyaptim.live/s-sport2/tracks-v1a1/2026/08/24/11/04/52-10000.jpg
2026-08-24 11:04:56,489 [INFO] 
[10/14]
2026-08-24 11:04:56,489 [INFO] 🔍 A Spor → https://www.atomsportv513.top/matches?id=a-spor
2026-08-24 11:04:56,600 [INFO] Capturing request: https://www.atomsportv513.top/matches?id=a-spor
2026-08-24 11:04:56,832 [INFO] Capturing response: https://www.atomsportv513.top/matches?id=a-spor 200 
2026-08-24 11:04:56,967 [INFO] Capturing request: https://teletv5.top/load/yayinlink.php?id=a-spor
2026-08-24 11:04:56,968 [INFO] Capturing request: https://www.atomsportv513.top/favicon.ico
2026-08-24 11:04:57,013 [INFO] Capturing response: https://www.atomsportv513.top/favicon.ico 200 
2026-08-24 11:04:57,176 [INFO] Capturing response: https://teletv5.top/load/yayinlink.php?id=a-spor 200 
2026-08-24 11:04:57,206 [INFO] Capturing request: https://streamsport365.com/cinema
2026-08-24 11:04:57,479 [INFO] Capturing response: https://global.siteyaptim.live/s-sport2/tracks-v1a1/2026/08/24/11/04/52-10000.jpg 200 
2026-08-24 11:04:57,532 [INFO] 127.0.0.1:55232: ProtocolException("Error in HTTP connection: Http2ZombieException('Connection or stream already dead: 1787569497.532068, False')")
2026-08-24 11:04:57,535 [INFO] Capturing response: https://streamsport365.com/cinema 200 
2026-08-24 11:04:57,645 [INFO] Capturing request: https://www.atomsportv513.top/assets/img/player/player_logo_6a87a2e2eecc5.png
2026-08-24 11:04:57,654 [INFO] Capturing request: https://corestream.siteyaptim.live//aspor/tracks-v1a1/mono.m3u8
2026-08-24 11:04:57,775 [INFO] Capturing response: https://www.atomsportv513.top/assets/img/player/player_logo_6a87a2e2eecc5.png 304 
2026-08-24 11:04:57,862 [INFO] Capturing response: https://corestream.siteyaptim.live//aspor/tracks-v1a1/mono.m3u8 404 
2026-08-24 11:04:59,882 [INFO]   ✅ M3U8 bulundu: https://corestream.siteyaptim.live//aspor/tracks-v1a1/mono.m3u8
2026-08-24 11:04:59,982 [INFO] Capturing request: https://corestream.siteyaptim.live//aspor/tracks-v1a1/mono.m3u8
2026-08-24 11:05:00,171 [INFO] Capturing response: https://corestream.siteyaptim.live//aspor/tracks-v1a1/mono.m3u8 404 
2026-08-24 11:05:00,882 [INFO] 
[11/14]
2026-08-24 11:05:00,882 [INFO] 🔍 Tivibu Spor 1 → https://www.atomsportv513.top/matches?id=tivibu-spor-1
2026-08-24 11:05:00,992 [INFO] Capturing request: https://www.atomsportv513.top/matches?id=tivibu-spor-1
2026-08-24 11:05:01,228 [INFO] Capturing response: https://www.atomsportv513.top/matches?id=tivibu-spor-1 200 
2026-08-24 11:05:01,259 [INFO] Capturing request: https://streamsport365.com/cinema
2026-08-24 11:05:01,359 [INFO] Capturing request: https://teletv5.top/load/yayinlink.php?id=tivibu-spor-1
2026-08-24 11:05:01,362 [INFO] Capturing request: https://www.atomsportv513.top/favicon.ico
2026-08-24 11:05:01,410 [INFO] Capturing response: https://www.atomsportv513.top/favicon.ico 200 
2026-08-24 11:05:01,585 [INFO] Capturing response: https://streamsport365.com/cinema 200 
2026-08-24 11:05:01,899 [INFO] Capturing response: https://teletv5.top/load/yayinlink.php?id=tivibu-spor-1 200 
2026-08-24 11:05:34,470 [WARNING]   ❌ Tivibu Spor 1 için M3U8 bulunamadı
2026-08-24 11:05:35,470 [INFO] 
[12/14]
2026-08-24 11:05:35,470 [INFO] 🔍 Tivibu Spor 2 → https://www.atomsportv513.top/matches?id=tivibu-spor-2
2026-08-24 11:05:35,579 [INFO] Capturing request: https://www.atomsportv513.top/matches?id=tivibu-spor-2
2026-08-24 11:05:35,986 [INFO] Capturing response: https://www.atomsportv513.top/matches?id=tivibu-spor-2 200 
2026-08-24 11:05:36,121 [INFO] Capturing request: https://www.atomsportv513.top/favicon.ico
2026-08-24 11:05:36,122 [INFO] Capturing request: https://teletv5.top/load/yayinlink.php?id=tivibu-spor-2
2026-08-24 11:05:36,169 [INFO] Capturing response: https://www.atomsportv513.top/favicon.ico 200 
2026-08-24 11:05:36,263 [INFO] Capturing request: https://streamsport365.com/cinema
2026-08-24 11:05:36,339 [INFO] Capturing response: https://teletv5.top/load/yayinlink.php?id=tivibu-spor-2 200 
2026-08-24 11:05:36,592 [INFO] Capturing response: https://streamsport365.com/cinema 200 
2026-08-24 11:05:58,729 [INFO] Capturing request: https://android.clients.google.com/c2dm/register3
2026-08-24 11:05:58,795 [INFO] Capturing response: https://android.clients.google.com/c2dm/register3 301 
2026-08-24 11:06:09,227 [WARNING]   ❌ Tivibu Spor 2 için M3U8 bulunamadı
2026-08-24 11:06:10,227 [INFO] 
[13/14]
2026-08-24 11:06:10,227 [INFO] 🔍 Tivibu Spor 3 → https://www.atomsportv513.top/matches?id=tivibu-spor-3
2026-08-24 11:06:10,335 [INFO] Capturing request: https://www.atomsportv513.top/matches?id=tivibu-spor-3
2026-08-24 11:06:10,737 [INFO] Capturing response: https://www.atomsportv513.top/matches?id=tivibu-spor-3 200 
2026-08-24 11:06:10,874 [INFO] Capturing request: https://www.atomsportv513.top/favicon.ico
2026-08-24 11:06:10,876 [INFO] Capturing request: https://teletv5.top/load/yayinlink.php?id=tivibu-spor-3
2026-08-24 11:06:10,913 [INFO] Capturing response: https://teletv5.top/load/yayinlink.php?id=tivibu-spor-3 200 
2026-08-24 11:06:10,925 [INFO] Capturing response: https://www.atomsportv513.top/favicon.ico 200 
2026-08-24 11:06:11,015 [INFO] Capturing request: https://streamsport365.com/cinema
2026-08-24 11:06:11,345 [INFO] Capturing response: https://streamsport365.com/cinema 200 
2026-08-24 11:06:43,973 [WARNING]   ❌ Tivibu Spor 3 için M3U8 bulunamadı
2026-08-24 11:06:44,973 [INFO] 
[14/14]
2026-08-24 11:06:44,974 [INFO] 🔍 Tivibu Spor 4 → https://www.atomsportv513.top/matches?id=tivibu-spor-4
2026-08-24 11:06:45,083 [INFO] Capturing request: https://www.atomsportv513.top/matches?id=tivibu-spor-4
2026-08-24 11:06:45,490 [INFO] Capturing response: https://www.atomsportv513.top/matches?id=tivibu-spor-4 200 
2026-08-24 11:06:45,621 [INFO] Capturing request: https://teletv5.top/load/yayinlink.php?id=tivibu-spor-4
2026-08-24 11:06:45,624 [INFO] Capturing request: https://www.atomsportv513.top/favicon.ico
2026-08-24 11:06:45,656 [INFO] Capturing response: https://teletv5.top/load/yayinlink.php?id=tivibu-spor-4 200 
2026-08-24 11:06:45,672 [INFO] Capturing response: https://www.atomsportv513.top/favicon.ico 200 
2026-08-24 11:06:45,763 [INFO] Capturing request: https://streamsport365.com/cinema
2026-08-24 11:06:46,099 [INFO] Capturing response: https://streamsport365.com/cinema 200 
2026-08-24 11:07:18,727 [WARNING]   ❌ Tivibu Spor 4 için M3U8 bulunamadı
2026-08-24 11:07:19,788 [INFO] ✅ 8 kanal bulundu, playlist.m3u kaydedildi
