2026-08-17 23:48:52,127 [INFO] 🌐 BASE_URL: https://www.atomsportv512.top
2026-08-17 23:48:53,084 [INFO] Başlanıyor... 14 kanal taranacak
2026-08-17 23:48:53,084 [INFO] Using default request storage
2026-08-17 23:48:53,089 [INFO] Created proxy listening on 127.0.0.1:41349
2026-08-17 23:48:53,766 [INFO] Capturing request: http://clients2.google.com/time/1/current?cup2key=10:EvVaQS65-7fbVhoqE7UPgQh6717V5hfxEYbDSG1egWM&cup2hreq=e3b0c44298fc1c149afbf4c8996fb92427ae41e4649b934ca495991b7852b855
2026-08-17 23:48:53,796 [INFO] Capturing response: http://clients2.google.com/time/1/current?cup2key=10:EvVaQS65-7fbVhoqE7UPgQh6717V5hfxEYbDSG1egWM&cup2hreq=e3b0c44298fc1c149afbf4c8996fb92427ae41e4649b934ca495991b7852b855 200 OK
2026-08-17 23:48:54,042 [INFO] 
[1/14]
2026-08-17 23:48:54,045 [INFO] 🔍 beIN Sports 1 → https://www.atomsportv512.top/matches?id=bein-sports-1
2026-08-17 23:48:54,181 [INFO] Capturing request: https://accounts.google.com/ListAccounts?gpsia=1&source=ChromiumBrowser&json=standard&laf=b64bin
2026-08-17 23:48:54,188 [INFO] Capturing request: https://update.googleapis.com/service/update2/json?cup2key=16:CNYEOHOmPJ-mMT6ZYLllo9c5AMffuJCxIhsLHr-KykY&cup2hreq=61305905d183f32618905644db69079853c116281c65146ebb3a68e0eaa31e50
2026-08-17 23:48:54,224 [INFO] Capturing response: https://accounts.google.com/ListAccounts?gpsia=1&source=ChromiumBrowser&json=standard&laf=b64bin 200 
2026-08-17 23:48:54,275 [INFO] Capturing request: https://www.google.com/async/folae?async=_fmt:pb&udm=50&client_locale=en-US&client_country=ZZ
2026-08-17 23:48:54,304 [INFO] Capturing request: https://www.atomsportv512.top/matches?id=bein-sports-1
2026-08-17 23:48:54,307 [INFO] Capturing response: https://www.google.com/async/folae?async=_fmt:pb&udm=50&client_locale=en-US&client_country=ZZ 200 
2026-08-17 23:48:54,315 [INFO] Capturing response: https://update.googleapis.com/service/update2/json?cup2key=16:CNYEOHOmPJ-mMT6ZYLllo9c5AMffuJCxIhsLHr-KykY&cup2hreq=61305905d183f32618905644db69079853c116281c65146ebb3a68e0eaa31e50 200 
2026-08-17 23:48:54,362 [INFO] Capturing request: https://update.googleapis.com/service/update2/json?cup2key=16:YpoKkW7aYlzxecljTIsgaOhBlRksrXHdzpCwjm0lYZs&cup2hreq=586a39e46c06395b85f6c3b7fc3b42e173b1e96dbd5c1d88137628bf2f095fe0
2026-08-17 23:48:54,386 [INFO] Capturing response: https://update.googleapis.com/service/update2/json?cup2key=16:YpoKkW7aYlzxecljTIsgaOhBlRksrXHdzpCwjm0lYZs&cup2hreq=586a39e46c06395b85f6c3b7fc3b42e173b1e96dbd5c1d88137628bf2f095fe0 200 
2026-08-17 23:48:54,433 [INFO] Capturing request: https://update.googleapis.com/service/update2/json?cup2key=16:Dnb3rnMcwyZf9kZtcTEY00MRMGnrCisVCIhYpM7Kj_A&cup2hreq=e08d4abd321e3b8cea6f2c59ce53bd7f39b0015d5f8f84be6d4ca38f31775c9d
2026-08-17 23:48:54,455 [INFO] Capturing response: https://update.googleapis.com/service/update2/json?cup2key=16:Dnb3rnMcwyZf9kZtcTEY00MRMGnrCisVCIhYpM7Kj_A&cup2hreq=e08d4abd321e3b8cea6f2c59ce53bd7f39b0015d5f8f84be6d4ca38f31775c9d 200 
2026-08-17 23:48:54,470 [INFO] Capturing request: https://www.google.com/async/folae?async=_fmt:pb&udm=50&client_locale=en-US&client_country=ZZ
2026-08-17 23:48:54,501 [INFO] Capturing response: https://www.google.com/async/folae?async=_fmt:pb&udm=50&client_locale=en-US&client_country=ZZ 200 
2026-08-17 23:48:54,571 [INFO] Capturing response: https://www.atomsportv512.top/matches?id=bein-sports-1 200 
2026-08-17 23:48:54,778 [INFO] Capturing request: https://cdn.jsdelivr.net/npm/@clappr/player@0.11.16/dist/clappr.min.js
2026-08-17 23:48:54,787 [INFO] Capturing request: https://cdn.jsdelivr.net/npm/level-selector/dist/level-selector.min.js
2026-08-17 23:48:54,788 [INFO] Capturing request: https://cdn.jsdelivr.net/npm/@clappr/hlsjs-playback@1.8.3/dist/hlsjs-playback.min.js
2026-08-17 23:48:54,804 [INFO] Capturing response: https://cdn.jsdelivr.net/npm/level-selector/dist/level-selector.min.js 200 
2026-08-17 23:48:54,833 [INFO] Capturing response: https://cdn.jsdelivr.net/npm/@clappr/player@0.11.16/dist/clappr.min.js 200 
2026-08-17 23:48:54,847 [INFO] Capturing response: https://cdn.jsdelivr.net/npm/@clappr/hlsjs-playback@1.8.3/dist/hlsjs-playback.min.js 200 
2026-08-17 23:48:55,051 [INFO] Capturing request: https://www.atomsportv512.top/favicon.ico
2026-08-17 23:48:55,146 [INFO] Capturing request: https://teletv5.top/load/yayinlink.php?id=bein-sports-1
2026-08-17 23:48:55,186 [INFO] Capturing response: https://teletv5.top/load/yayinlink.php?id=bein-sports-1 200 
2026-08-17 23:48:55,308 [INFO] Capturing response: https://www.atomsportv512.top/favicon.ico 200 
2026-08-17 23:48:55,692 [INFO] Capturing request: https://streamsport365.com/cinema
2026-08-17 23:48:56,060 [INFO] Capturing response: https://streamsport365.com/cinema 200 
2026-08-17 23:48:56,190 [INFO] Capturing request: https://www.atomsportv512.top/assets/img/player/player_logo_6a72b29dbcd89.png
2026-08-17 23:48:56,243 [INFO] Capturing response: https://www.atomsportv512.top/assets/img/player/player_logo_6a72b29dbcd89.png 200 
2026-08-17 23:48:56,269 [INFO] Capturing request: https://corestream.siteyaptim.live//beintv/tracks-v1a1/mono.m3u8
2026-08-17 23:48:56,479 [INFO] Capturing response: https://corestream.siteyaptim.live//beintv/tracks-v1a1/mono.m3u8 200 
2026-08-17 23:48:56,720 [INFO] Capturing request: https://global.siteyaptim.live/beintv/tracks-v1a1/2026/08/17/23/48/46-06000.jpg
2026-08-17 23:48:57,304 [INFO] Capturing response: https://global.siteyaptim.live/beintv/tracks-v1a1/2026/08/17/23/48/46-06000.jpg 200 
2026-08-17 23:48:57,372 [INFO] Capturing request: https://android.clients.google.com/checkin
2026-08-17 23:48:57,448 [INFO] Capturing response: https://android.clients.google.com/checkin 200 
2026-08-17 23:48:57,501 [INFO] Capturing request: https://android.clients.google.com/c2dm/register3
2026-08-17 23:48:57,513 [INFO] Capturing request: https://android.clients.google.com/c2dm/register3
2026-08-17 23:48:57,520 [INFO] Capturing request: https://android.clients.google.com/c2dm/register3
2026-08-17 23:48:57,541 [INFO] Capturing response: https://android.clients.google.com/c2dm/register3 301 
2026-08-17 23:48:57,563 [INFO] Capturing request: https://global.siteyaptim.live/beintv/tracks-v1a1/2026/08/17/23/48/52-06000.jpg
2026-08-17 23:48:57,980 [INFO]   ✅ M3U8 bulundu: https://corestream.siteyaptim.live//beintv/tracks-v1a1/mono.m3u8
2026-08-17 23:48:58,146 [INFO] Capturing response: https://android.clients.google.com/c2dm/register3 200 
2026-08-17 23:48:58,205 [INFO] Capturing response: https://android.clients.google.com/c2dm/register3 200 
2026-08-17 23:48:58,500 [INFO] Capturing response: https://global.siteyaptim.live/beintv/tracks-v1a1/2026/08/17/23/48/52-06000.jpg 200 
2026-08-17 23:48:58,695 [INFO] Capturing request: https://global.siteyaptim.live/beintv/tracks-v1a1/2026/08/17/23/48/58-06000.jpg
2026-08-17 23:48:58,981 [INFO] 
[2/14]
2026-08-17 23:48:58,981 [INFO] 🔍 beIN Sports 2 → https://www.atomsportv512.top/matches?id=bein-sports-2
2026-08-17 23:48:59,098 [INFO] Capturing request: https://www.atomsportv512.top/matches?id=bein-sports-2
2026-08-17 23:48:59,247 [INFO] Capturing response: https://global.siteyaptim.live/beintv/tracks-v1a1/2026/08/17/23/48/58-06000.jpg 200 
2026-08-17 23:48:59,355 [INFO] Capturing response: https://www.atomsportv512.top/matches?id=bein-sports-2 200 
2026-08-17 23:48:59,433 [INFO] Capturing request: https://streamsport365.com/cinema
2026-08-17 23:48:59,532 [INFO] Capturing request: https://teletv5.top/load/yayinlink.php?id=bein-sports-2
2026-08-17 23:48:59,534 [INFO] Capturing request: https://www.atomsportv512.top/favicon.ico
2026-08-17 23:48:59,564 [INFO] Capturing response: https://teletv5.top/load/yayinlink.php?id=bein-sports-2 200 
2026-08-17 23:48:59,582 [INFO] Capturing response: https://www.atomsportv512.top/favicon.ico 200 
2026-08-17 23:48:59,799 [INFO] Capturing response: https://streamsport365.com/cinema 200 
2026-08-17 23:48:59,910 [INFO] Capturing request: https://www.atomsportv512.top/assets/img/player/player_logo_6a72b29dbcd89.png
2026-08-17 23:48:59,920 [INFO] Capturing request: https://corestream.siteyaptim.live//trt-spor/tracks-v1a1/mono.m3u8
2026-08-17 23:49:00,034 [INFO] Capturing response: https://www.atomsportv512.top/assets/img/player/player_logo_6a72b29dbcd89.png 304 
2026-08-17 23:49:00,107 [INFO] Capturing response: https://corestream.siteyaptim.live//trt-spor/tracks-v1a1/mono.m3u8 200 
2026-08-17 23:49:00,217 [INFO] Capturing request: https://global.siteyaptim.live/trt-spor/tracks-v1a1/2026/08/17/23/48/34-10000.jpg
2026-08-17 23:49:01,038 [INFO] Capturing response: https://global.siteyaptim.live/trt-spor/tracks-v1a1/2026/08/17/23/48/34-10000.jpg 200 
2026-08-17 23:49:01,346 [INFO] Capturing request: https://global.siteyaptim.live/trt-spor/tracks-v1a1/2026/08/17/23/48/44-10000.jpg
2026-08-17 23:49:02,152 [INFO] Capturing response: https://global.siteyaptim.live/trt-spor/tracks-v1a1/2026/08/17/23/48/44-10000.jpg 200 
2026-08-17 23:49:02,452 [INFO] Capturing request: https://global.siteyaptim.live/trt-spor/tracks-v1a1/2026/08/17/23/48/54-10000.jpg
2026-08-17 23:49:02,453 [INFO]   ✅ M3U8 bulundu: https://corestream.siteyaptim.live//trt-spor/tracks-v1a1/mono.m3u8
2026-08-17 23:49:03,271 [INFO] Capturing response: https://global.siteyaptim.live/trt-spor/tracks-v1a1/2026/08/17/23/48/54-10000.jpg 200 
2026-08-17 23:49:03,455 [INFO] 
[3/14]
2026-08-17 23:49:03,455 [INFO] 🔍 beIN Sports 3 → https://www.atomsportv512.top/matches?id=bein-sports-3
2026-08-17 23:49:03,570 [INFO] Capturing request: https://www.atomsportv512.top/matches?id=bein-sports-3
2026-08-17 23:49:03,829 [INFO] Capturing response: https://www.atomsportv512.top/matches?id=bein-sports-3 200 
2026-08-17 23:49:03,962 [INFO] Capturing request: https://teletv5.top/load/yayinlink.php?id=bein-sports-3
2026-08-17 23:49:03,963 [INFO] Capturing request: https://www.atomsportv512.top/favicon.ico
2026-08-17 23:49:03,988 [INFO] Capturing response: https://teletv5.top/load/yayinlink.php?id=bein-sports-3 200 
2026-08-17 23:49:04,010 [INFO] Capturing response: https://www.atomsportv512.top/favicon.ico 200 
2026-08-17 23:49:04,118 [INFO] Capturing request: https://streamsport365.com/cinema
2026-08-17 23:49:04,481 [INFO] Capturing response: https://streamsport365.com/cinema 200 
2026-08-17 23:49:04,592 [INFO] Capturing request: https://www.atomsportv512.top/assets/img/player/player_logo_6a72b29dbcd89.png
2026-08-17 23:49:04,602 [INFO] Capturing request: https://corestream.siteyaptim.live//bein3/tracks-v1a1/mono.m3u8
2026-08-17 23:49:04,721 [INFO] Capturing response: https://www.atomsportv512.top/assets/img/player/player_logo_6a72b29dbcd89.png 304 
2026-08-17 23:49:04,787 [INFO] Capturing response: https://corestream.siteyaptim.live//bein3/tracks-v1a1/mono.m3u8 404 
2026-08-17 23:49:06,875 [INFO]   ✅ M3U8 bulundu: https://corestream.siteyaptim.live//bein3/tracks-v1a1/mono.m3u8
2026-08-17 23:49:06,910 [INFO] Capturing request: https://corestream.siteyaptim.live//bein3/tracks-v1a1/mono.m3u8
2026-08-17 23:49:07,084 [INFO] Capturing response: https://corestream.siteyaptim.live//bein3/tracks-v1a1/mono.m3u8 404 
2026-08-17 23:49:07,875 [INFO] 
[4/14]
2026-08-17 23:49:07,875 [INFO] 🔍 beIN Sports 4 → https://www.atomsportv512.top/matches?id=bein-sports-4
2026-08-17 23:49:07,983 [INFO] Capturing request: https://www.atomsportv512.top/matches?id=bein-sports-4
2026-08-17 23:49:08,240 [INFO] Capturing response: https://www.atomsportv512.top/matches?id=bein-sports-4 200 
2026-08-17 23:49:08,269 [INFO] Capturing request: https://streamsport365.com/cinema
2026-08-17 23:49:08,366 [INFO] Capturing request: https://teletv5.top/load/yayinlink.php?id=bein-sports-4
2026-08-17 23:49:08,374 [INFO] Capturing request: https://www.atomsportv512.top/favicon.ico
2026-08-17 23:49:08,394 [INFO] Capturing response: https://teletv5.top/load/yayinlink.php?id=bein-sports-4 200 
2026-08-17 23:49:08,424 [INFO] Capturing response: https://www.atomsportv512.top/favicon.ico 200 
2026-08-17 23:49:08,650 [INFO] Capturing response: https://streamsport365.com/cinema 200 
2026-08-17 23:49:08,760 [INFO] Capturing request: https://www.atomsportv512.top/assets/img/player/player_logo_6a72b29dbcd89.png
2026-08-17 23:49:08,770 [INFO] Capturing request: https://corestream.siteyaptim.live//bein4/tracks-v1a1/mono.m3u8
2026-08-17 23:49:08,882 [INFO] Capturing response: https://www.atomsportv512.top/assets/img/player/player_logo_6a72b29dbcd89.png 304 
2026-08-17 23:49:08,959 [INFO] Capturing response: https://corestream.siteyaptim.live//bein4/tracks-v1a1/mono.m3u8 200 
2026-08-17 23:49:09,069 [INFO] Capturing request: https://global.siteyaptim.live/bein4/tracks-v1a1/2026/08/17/23/48/37-10000.jpg
2026-08-17 23:49:09,678 [INFO] Capturing response: https://global.siteyaptim.live/bein4/tracks-v1a1/2026/08/17/23/48/37-10000.jpg 200 
2026-08-17 23:49:09,918 [INFO] Capturing request: https://global.siteyaptim.live/bein4/tracks-v1a1/2026/08/17/23/48/47-10000.jpg
2026-08-17 23:49:10,436 [INFO] Capturing response: https://global.siteyaptim.live/bein4/tracks-v1a1/2026/08/17/23/48/47-10000.jpg 200 
2026-08-17 23:49:10,663 [INFO] Capturing request: https://global.siteyaptim.live/bein4/tracks-v1a1/2026/08/17/23/48/57-10000.jpg
2026-08-17 23:49:11,133 [INFO] Capturing response: https://global.siteyaptim.live/bein4/tracks-v1a1/2026/08/17/23/48/57-10000.jpg 200 
2026-08-17 23:49:11,293 [INFO]   ✅ M3U8 bulundu: https://corestream.siteyaptim.live//bein4/tracks-v1a1/mono.m3u8
2026-08-17 23:49:12,293 [INFO] 
[5/14]
2026-08-17 23:49:12,294 [INFO] 🔍 beIN Sports 5 → https://www.atomsportv512.top/matches?id=bein-sports-5
2026-08-17 23:49:12,403 [INFO] Capturing request: https://www.atomsportv512.top/matches?id=bein-sports-5
2026-08-17 23:49:12,828 [INFO] Capturing response: https://www.atomsportv512.top/matches?id=bein-sports-5 200 
2026-08-17 23:49:12,958 [INFO] Capturing request: https://teletv5.top/load/yayinlink.php?id=bein-sports-5
2026-08-17 23:49:12,961 [INFO] Capturing request: https://www.atomsportv512.top/favicon.ico
2026-08-17 23:49:13,014 [INFO] Capturing response: https://www.atomsportv512.top/favicon.ico 200 
2026-08-17 23:49:13,117 [INFO] Capturing request: https://streamsport365.com/cinema
2026-08-17 23:49:13,188 [INFO] Capturing response: https://teletv5.top/load/yayinlink.php?id=bein-sports-5 200 
2026-08-17 23:49:13,489 [INFO] Capturing response: https://streamsport365.com/cinema 200 
2026-08-17 23:49:13,599 [INFO] Capturing request: https://www.atomsportv512.top/assets/img/player/player_logo_6a72b29dbcd89.png
2026-08-17 23:49:13,608 [INFO] Capturing request: https://corestream.siteyaptim.live//bein5/tracks-v1a1/mono.m3u8
2026-08-17 23:49:13,721 [INFO] Capturing response: https://www.atomsportv512.top/assets/img/player/player_logo_6a72b29dbcd89.png 304 
2026-08-17 23:49:13,803 [INFO] Capturing response: https://corestream.siteyaptim.live//bein5/tracks-v1a1/mono.m3u8 200 
2026-08-17 23:49:13,912 [INFO] Capturing request: https://global.siteyaptim.live/bein5/tracks-v1a1/2026/08/17/23/49/13-10000.jpg
2026-08-17 23:49:14,112 [INFO] Capturing response: https://global.siteyaptim.live/bein5/tracks-v1a1/2026/08/17/23/49/13-10000.jpg 200 
2026-08-17 23:49:14,225 [INFO] Capturing request: https://global.siteyaptim.live/bein5/tracks-v1a1/2026/08/17/23/49/23-10000.jpg
2026-08-17 23:49:14,421 [INFO] Capturing response: https://global.siteyaptim.live/bein5/tracks-v1a1/2026/08/17/23/49/23-10000.jpg 200 
2026-08-17 23:49:14,570 [INFO] Capturing request: https://global.siteyaptim.live/bein5/tracks-v1a1/2026/08/17/23/49/33-10000.jpg
2026-08-17 23:49:14,761 [INFO] Capturing response: https://global.siteyaptim.live/bein5/tracks-v1a1/2026/08/17/23/49/33-10000.jpg 200 
2026-08-17 23:49:15,874 [INFO]   ✅ M3U8 bulundu: https://corestream.siteyaptim.live//bein5/tracks-v1a1/mono.m3u8
2026-08-17 23:49:16,874 [INFO] 
[6/14]
2026-08-17 23:49:16,874 [INFO] 🔍 beIN Sports Max 1 → https://www.atomsportv512.top/matches?id=bein-sports-max-1
2026-08-17 23:49:16,983 [INFO] Capturing request: https://www.atomsportv512.top/matches?id=bein-sports-max-1
2026-08-17 23:49:17,241 [INFO] Capturing response: https://www.atomsportv512.top/matches?id=bein-sports-max-1 200 
2026-08-17 23:49:17,274 [INFO] Capturing request: https://streamsport365.com/cinema
2026-08-17 23:49:17,374 [INFO] Capturing request: https://teletv5.top/load/yayinlink.php?id=bein-sports-max-1
2026-08-17 23:49:17,375 [INFO] Capturing request: https://www.atomsportv512.top/favicon.ico
2026-08-17 23:49:17,415 [INFO] Capturing response: https://www.atomsportv512.top/favicon.ico 200 
2026-08-17 23:49:17,596 [INFO] Capturing response: https://teletv5.top/load/yayinlink.php?id=bein-sports-max-1 200 
2026-08-17 23:49:17,640 [INFO] Capturing response: https://streamsport365.com/cinema 200 
2026-08-17 23:49:17,750 [INFO] Capturing request: https://www.atomsportv512.top/assets/img/player/player_logo_6a72b29dbcd89.png
2026-08-17 23:49:17,761 [INFO] Capturing request: https://corestream.siteyaptim.live//beinmax1/tracks-v1a1/mono.m3u8
2026-08-17 23:49:17,878 [INFO] Capturing response: https://www.atomsportv512.top/assets/img/player/player_logo_6a72b29dbcd89.png 304 
2026-08-17 23:49:18,253 [INFO] Capturing response: https://corestream.siteyaptim.live//beinmax1/tracks-v1a1/mono.m3u8 200 
2026-08-17 23:49:18,403 [INFO] Capturing request: https://global.siteyaptim.live/beinmax1/tracks-v1a1/2026/08/17/23/49/02-06000.jpg
2026-08-17 23:49:18,953 [INFO] Capturing response: https://global.siteyaptim.live/beinmax1/tracks-v1a1/2026/08/17/23/49/02-06000.jpg 200 
2026-08-17 23:49:19,198 [INFO] Capturing request: https://global.siteyaptim.live/beinmax1/tracks-v1a1/2026/08/17/23/49/08-06000.jpg
2026-08-17 23:49:19,780 [INFO] Capturing response: https://global.siteyaptim.live/beinmax1/tracks-v1a1/2026/08/17/23/49/08-06000.jpg 200 
2026-08-17 23:49:20,024 [INFO] Capturing request: https://global.siteyaptim.live/beinmax1/tracks-v1a1/2026/08/17/23/49/14-06000.jpg
2026-08-17 23:49:20,290 [INFO]   ✅ M3U8 bulundu: https://corestream.siteyaptim.live//beinmax1/tracks-v1a1/mono.m3u8
2026-08-17 23:49:20,555 [INFO] Capturing response: https://global.siteyaptim.live/beinmax1/tracks-v1a1/2026/08/17/23/49/14-06000.jpg 200 
2026-08-17 23:49:21,291 [INFO] 
[7/14]
2026-08-17 23:49:21,291 [INFO] 🔍 beIN Sports Max 2 → https://www.atomsportv512.top/matches?id=bein-sports-max-2
2026-08-17 23:49:21,401 [INFO] Capturing request: https://www.atomsportv512.top/matches?id=bein-sports-max-2
2026-08-17 23:49:21,668 [INFO] Capturing response: https://www.atomsportv512.top/matches?id=bein-sports-max-2 200 
2026-08-17 23:49:21,803 [INFO] Capturing request: https://teletv5.top/load/yayinlink.php?id=bein-sports-max-2
2026-08-17 23:49:21,804 [INFO] Capturing request: https://www.atomsportv512.top/favicon.ico
2026-08-17 23:49:21,860 [INFO] Capturing response: https://www.atomsportv512.top/favicon.ico 200 
2026-08-17 23:49:21,963 [INFO] Capturing request: https://streamsport365.com/cinema
2026-08-17 23:49:22,022 [INFO] Capturing response: https://teletv5.top/load/yayinlink.php?id=bein-sports-max-2 200 
2026-08-17 23:49:22,338 [INFO] Capturing response: https://streamsport365.com/cinema 200 
2026-08-17 23:49:22,448 [INFO] Capturing request: https://www.atomsportv512.top/assets/img/player/player_logo_6a72b29dbcd89.png
2026-08-17 23:49:22,457 [INFO] Capturing request: https://corestream.siteyaptim.live//trt-spor/tracks-v1a1/mono.m3u8
2026-08-17 23:49:22,641 [INFO] Capturing response: https://www.atomsportv512.top/assets/img/player/player_logo_6a72b29dbcd89.png 304 
2026-08-17 23:49:22,643 [INFO] Capturing response: https://corestream.siteyaptim.live//trt-spor/tracks-v1a1/mono.m3u8 200 
2026-08-17 23:49:22,752 [INFO] Capturing request: https://global.siteyaptim.live/trt-spor/tracks-v1a1/2026/08/17/23/48/54-10000.jpg
2026-08-17 23:49:23,427 [INFO] Capturing response: https://global.siteyaptim.live/trt-spor/tracks-v1a1/2026/08/17/23/48/54-10000.jpg 200 
2026-08-17 23:49:23,734 [INFO] Capturing request: https://global.siteyaptim.live/trt-spor/tracks-v1a1/2026/08/17/23/49/04-10000.jpg
2026-08-17 23:49:24,720 [INFO]   ✅ M3U8 bulundu: https://corestream.siteyaptim.live//trt-spor/tracks-v1a1/mono.m3u8
2026-08-17 23:49:24,990 [INFO] Capturing response: https://global.siteyaptim.live/trt-spor/tracks-v1a1/2026/08/17/23/49/04-10000.jpg 200 
2026-08-17 23:49:25,297 [INFO] Capturing request: https://global.siteyaptim.live/trt-spor/tracks-v1a1/2026/08/17/23/49/14-10000.jpg
2026-08-17 23:49:25,720 [INFO] 
[8/14]
2026-08-17 23:49:25,720 [INFO] 🔍 S Sport → https://www.atomsportv512.top/matches?id=s-sport
2026-08-17 23:49:25,839 [INFO] Capturing request: https://www.atomsportv512.top/matches?id=s-sport
2026-08-17 23:49:26,127 [INFO] Capturing response: https://global.siteyaptim.live/trt-spor/tracks-v1a1/2026/08/17/23/49/14-10000.jpg 200 
2026-08-17 23:49:26,276 [INFO] Capturing response: https://www.atomsportv512.top/matches?id=s-sport 200 
2026-08-17 23:49:26,339 [INFO] Capturing request: https://streamsport365.com/cinema
2026-08-17 23:49:26,439 [INFO] Capturing request: https://teletv5.top/load/yayinlink.php?id=s-sport
2026-08-17 23:49:26,441 [INFO] Capturing request: https://www.atomsportv512.top/favicon.ico
2026-08-17 23:49:26,466 [INFO] Capturing response: https://teletv5.top/load/yayinlink.php?id=s-sport 200 
2026-08-17 23:49:26,472 [INFO] Capturing request: https://android.clients.google.com/c2dm/register3
2026-08-17 23:49:26,498 [INFO] Capturing response: https://www.atomsportv512.top/favicon.ico 200 
2026-08-17 23:49:26,509 [INFO] Capturing response: https://android.clients.google.com/c2dm/register3 301 
2026-08-17 23:49:26,707 [INFO] Capturing response: https://streamsport365.com/cinema 200 
2026-08-17 23:49:26,817 [INFO] Capturing request: https://www.atomsportv512.top/assets/img/player/player_logo_6a72b29dbcd89.png
2026-08-17 23:49:26,827 [INFO] Capturing request: https://corestream.siteyaptim.live//s-sport/tracks-v1a1/mono.m3u8
2026-08-17 23:49:26,943 [INFO] Capturing response: https://www.atomsportv512.top/assets/img/player/player_logo_6a72b29dbcd89.png 304 
2026-08-17 23:49:27,014 [INFO] Capturing response: https://corestream.siteyaptim.live//s-sport/tracks-v1a1/mono.m3u8 200 
2026-08-17 23:49:27,164 [INFO] Capturing request: https://global.siteyaptim.live/s-sport/tracks-v1a1/2026/08/17/23/48/58-10000.jpg
2026-08-17 23:49:28,082 [INFO] Capturing response: https://global.siteyaptim.live/s-sport/tracks-v1a1/2026/08/17/23/48/58-10000.jpg 200 
2026-08-17 23:49:28,399 [INFO] Capturing request: https://global.siteyaptim.live/s-sport/tracks-v1a1/2026/08/17/23/49/08-10000.jpg
2026-08-17 23:49:29,030 [INFO] Capturing response: https://global.siteyaptim.live/s-sport/tracks-v1a1/2026/08/17/23/49/08-10000.jpg 200 
2026-08-17 23:49:29,277 [INFO] Capturing request: https://global.siteyaptim.live/s-sport/tracks-v1a1/2026/08/17/23/49/18-10000.jpg
2026-08-17 23:49:29,362 [INFO]   ✅ M3U8 bulundu: https://corestream.siteyaptim.live//s-sport/tracks-v1a1/mono.m3u8
2026-08-17 23:49:29,931 [INFO] Capturing response: https://global.siteyaptim.live/s-sport/tracks-v1a1/2026/08/17/23/49/18-10000.jpg 200 
2026-08-17 23:49:30,189 [INFO] Capturing request: https://global.siteyaptim.live/s-sport/tracks-v1a1/2026/08/17/23/49/28-06920.jpg
2026-08-17 23:49:30,363 [INFO] 
[9/14]
2026-08-17 23:49:30,363 [INFO] 🔍 S Sport 2 → https://www.atomsportv512.top/matches?id=s-sport-2
2026-08-17 23:49:30,476 [INFO] Capturing request: https://www.atomsportv512.top/matches?id=s-sport-2
2026-08-17 23:49:30,738 [INFO] Capturing response: https://www.atomsportv512.top/matches?id=s-sport-2 200 
2026-08-17 23:49:30,787 [INFO] Capturing response: https://global.siteyaptim.live/s-sport/tracks-v1a1/2026/08/17/23/49/28-06920.jpg 200 
2026-08-17 23:49:30,877 [INFO] Capturing request: https://teletv5.top/load/yayinlink.php?id=s-sport-2
2026-08-17 23:49:30,880 [INFO] Capturing request: https://www.atomsportv512.top/favicon.ico
2026-08-17 23:49:30,903 [INFO] Capturing response: https://teletv5.top/load/yayinlink.php?id=s-sport-2 200 
2026-08-17 23:49:30,921 [INFO] Capturing response: https://www.atomsportv512.top/favicon.ico 200 
2026-08-17 23:49:31,035 [INFO] Capturing request: https://streamsport365.com/cinema
2026-08-17 23:49:31,407 [INFO] Capturing response: https://streamsport365.com/cinema 200 
2026-08-17 23:49:31,518 [INFO] Capturing request: https://www.atomsportv512.top/assets/img/player/player_logo_6a72b29dbcd89.png
2026-08-17 23:49:31,527 [INFO] Capturing request: https://corestream.siteyaptim.live//s-sport2/tracks-v1a1/mono.m3u8
2026-08-17 23:49:31,639 [INFO] Capturing response: https://www.atomsportv512.top/assets/img/player/player_logo_6a72b29dbcd89.png 304 
2026-08-17 23:49:31,717 [INFO] Capturing response: https://corestream.siteyaptim.live//s-sport2/tracks-v1a1/mono.m3u8 200 
2026-08-17 23:49:31,827 [INFO] Capturing request: https://global.siteyaptim.live/s-sport2/tracks-v1a1/2026/08/17/23/49/38-10000.jpg
2026-08-17 23:49:32,433 [INFO] Capturing response: https://global.siteyaptim.live/s-sport2/tracks-v1a1/2026/08/17/23/49/38-10000.jpg 200 
2026-08-17 23:49:32,689 [INFO] Capturing request: https://global.siteyaptim.live/s-sport2/tracks-v1a1/2026/08/17/23/49/48-10000.jpg
2026-08-17 23:49:33,431 [INFO] Capturing response: https://global.siteyaptim.live/s-sport2/tracks-v1a1/2026/08/17/23/49/48-10000.jpg 200 
2026-08-17 23:49:33,700 [INFO] Capturing request: https://global.siteyaptim.live/s-sport2/tracks-v1a1/2026/08/17/23/49/58-10000.jpg
2026-08-17 23:49:33,796 [INFO]   ✅ M3U8 bulundu: https://corestream.siteyaptim.live//s-sport2/tracks-v1a1/mono.m3u8
2026-08-17 23:49:34,440 [INFO] Capturing response: https://global.siteyaptim.live/s-sport2/tracks-v1a1/2026/08/17/23/49/58-10000.jpg 200 
2026-08-17 23:49:34,797 [INFO] 
[10/14]
2026-08-17 23:49:34,797 [INFO] 🔍 A Spor → https://www.atomsportv512.top/matches?id=a-spor
2026-08-17 23:49:34,908 [INFO] Capturing request: https://www.atomsportv512.top/matches?id=a-spor
2026-08-17 23:49:35,220 [INFO] Capturing response: https://www.atomsportv512.top/matches?id=a-spor 200 
2026-08-17 23:49:35,252 [INFO] Capturing request: https://streamsport365.com/cinema
2026-08-17 23:49:35,349 [INFO] Capturing request: https://teletv5.top/load/yayinlink.php?id=a-spor
2026-08-17 23:49:35,352 [INFO] Capturing request: https://www.atomsportv512.top/favicon.ico
2026-08-17 23:49:35,403 [INFO] Capturing response: https://www.atomsportv512.top/favicon.ico 200 
2026-08-17 23:49:35,572 [INFO] Capturing response: https://teletv5.top/load/yayinlink.php?id=a-spor 200 
2026-08-17 23:49:35,627 [INFO] Capturing response: https://streamsport365.com/cinema 200 
2026-08-17 23:49:35,737 [INFO] Capturing request: https://www.atomsportv512.top/assets/img/player/player_logo_6a72b29dbcd89.png
2026-08-17 23:49:35,747 [INFO] Capturing request: https://corestream.siteyaptim.live//aspor/tracks-v1a1/mono.m3u8
2026-08-17 23:49:35,860 [INFO] Capturing response: https://www.atomsportv512.top/assets/img/player/player_logo_6a72b29dbcd89.png 304 
2026-08-17 23:49:35,939 [INFO] Capturing response: https://corestream.siteyaptim.live//aspor/tracks-v1a1/mono.m3u8 200 
2026-08-17 23:49:36,089 [INFO] Capturing request: https://global.siteyaptim.live/aspor/tracks-v1a1/2026/08/17/23/49/46-10000.jpg
2026-08-17 23:49:37,500 [INFO] Capturing response: https://global.siteyaptim.live/aspor/tracks-v1a1/2026/08/17/23/49/46-10000.jpg 200 
2026-08-17 23:49:38,044 [INFO] Capturing request: https://global.siteyaptim.live/aspor/tracks-v1a1/2026/08/17/23/49/56-10000.jpg
2026-08-17 23:49:38,271 [INFO]   ✅ M3U8 bulundu: https://corestream.siteyaptim.live//aspor/tracks-v1a1/mono.m3u8
2026-08-17 23:49:38,889 [INFO] Capturing response: https://global.siteyaptim.live/aspor/tracks-v1a1/2026/08/17/23/49/56-10000.jpg 200 
2026-08-17 23:49:39,187 [INFO] Capturing request: https://global.siteyaptim.live/aspor/tracks-v1a1/2026/08/17/23/50/06-10000.jpg
2026-08-17 23:49:39,272 [INFO] 
[11/14]
2026-08-17 23:49:39,272 [INFO] 🔍 Tivibu Spor 1 → https://www.atomsportv512.top/matches?id=tivibu-spor-1
2026-08-17 23:49:39,386 [INFO] Capturing request: https://www.atomsportv512.top/matches?id=tivibu-spor-1
2026-08-17 23:49:39,646 [INFO] Capturing response: https://www.atomsportv512.top/matches?id=tivibu-spor-1 200 
2026-08-17 23:49:39,786 [INFO] Capturing request: https://teletv5.top/load/yayinlink.php?id=tivibu-spor-1
2026-08-17 23:49:39,787 [INFO] Capturing request: https://www.atomsportv512.top/favicon.ico
2026-08-17 23:49:39,815 [INFO] Capturing response: https://teletv5.top/load/yayinlink.php?id=tivibu-spor-1 200 
2026-08-17 23:49:39,834 [INFO] Capturing response: https://www.atomsportv512.top/favicon.ico 200 
2026-08-17 23:49:39,941 [INFO] Capturing request: https://streamsport365.com/cinema
2026-08-17 23:49:40,024 [INFO] Capturing response: https://global.siteyaptim.live/aspor/tracks-v1a1/2026/08/17/23/50/06-10000.jpg 200 
2026-08-17 23:49:40,315 [INFO] Capturing response: https://streamsport365.com/cinema 200 
2026-08-17 23:49:53,761 [INFO] Capturing request: https://update.googleapis.com/service/update2/json?cup2key=16:L-qZaACx4zpfuVseuhEBpKB-vyaHhxhJU9J7Ecx9pnA&cup2hreq=1a585ef42fb1abff41bd78de6b1f278196cb0574d542af2cb32290d0bad0952d
2026-08-17 23:49:53,785 [INFO] Capturing response: https://update.googleapis.com/service/update2/json?cup2key=16:L-qZaACx4zpfuVseuhEBpKB-vyaHhxhJU9J7Ecx9pnA&cup2hreq=1a585ef42fb1abff41bd78de6b1f278196cb0574d542af2cb32290d0bad0952d 200 
2026-08-17 23:49:53,791 [INFO] Capturing request: http://edgedl.me.gvt1.com/edgedl/diffgen-puffin/gcmjkmgdlgnkkcocmoeiminaijmmjnii/6ca5bdb9f3e2cd83b7e359729bc6c33c4fe975ec499861d969b3e080320849ff
2026-08-17 23:49:53,818 [INFO] Capturing response: http://edgedl.me.gvt1.com/edgedl/diffgen-puffin/gcmjkmgdlgnkkcocmoeiminaijmmjnii/6ca5bdb9f3e2cd83b7e359729bc6c33c4fe975ec499861d969b3e080320849ff 200 OK
2026-08-17 23:49:53,843 [INFO] Capturing request: https://update.googleapis.com/service/update2/json
2026-08-17 23:49:53,871 [INFO] Capturing response: https://update.googleapis.com/service/update2/json 200 
2026-08-17 23:49:53,916 [INFO] Capturing request: http://edgedl.me.gvt1.com/edgedl/release2/chrome_component/ahbupgck4emcpzksar35vw2vry_10721/hfnkpimlhhgieaddgfemjhofmfblmnib_10721_all_pt6pg25z4wnzzqbb3wfwtjumra.crx3
2026-08-17 23:49:53,949 [INFO] Capturing response: http://edgedl.me.gvt1.com/edgedl/release2/chrome_component/ahbupgck4emcpzksar35vw2vry_10721/hfnkpimlhhgieaddgfemjhofmfblmnib_10721_all_pt6pg25z4wnzzqbb3wfwtjumra.crx3 200 OK
2026-08-17 23:49:53,980 [INFO] Capturing request: https://update.googleapis.com/service/update2/json
2026-08-17 23:49:54,001 [INFO] Capturing response: https://update.googleapis.com/service/update2/json 200 
2026-08-17 23:50:12,960 [WARNING]   ❌ Tivibu Spor 1 için M3U8 bulunamadı
2026-08-17 23:50:13,960 [INFO] 
[12/14]
2026-08-17 23:50:13,960 [INFO] 🔍 Tivibu Spor 2 → https://www.atomsportv512.top/matches?id=tivibu-spor-2
2026-08-17 23:50:14,115 [INFO] Capturing request: https://www.atomsportv512.top/matches?id=tivibu-spor-2
2026-08-17 23:50:15,106 [INFO] Capturing response: https://www.atomsportv512.top/matches?id=tivibu-spor-2 200 
2026-08-17 23:50:15,272 [INFO] Capturing request: https://www.atomsportv512.top/favicon.ico
2026-08-17 23:50:15,313 [INFO] Capturing request: https://teletv5.top/load/yayinlink.php?id=tivibu-spor-2
2026-08-17 23:50:15,347 [INFO] Capturing response: https://teletv5.top/load/yayinlink.php?id=tivibu-spor-2 200 
2026-08-17 23:50:15,386 [INFO] Capturing response: https://www.atomsportv512.top/favicon.ico 200 
2026-08-17 23:50:15,906 [INFO] Capturing request: https://streamsport365.com/cinema
2026-08-17 23:50:16,264 [INFO] Capturing response: https://streamsport365.com/cinema 200 
2026-08-17 23:50:16,354 [INFO] Capturing request: https://android.clients.google.com/c2dm/register3
2026-08-17 23:50:16,378 [INFO] Capturing response: https://android.clients.google.com/c2dm/register3 301 
2026-08-17 23:50:48,416 [WARNING]   ❌ Tivibu Spor 2 için M3U8 bulunamadı
2026-08-17 23:50:49,416 [INFO] 
[13/14]
2026-08-17 23:50:49,417 [INFO] 🔍 Tivibu Spor 3 → https://www.atomsportv512.top/matches?id=tivibu-spor-3
2026-08-17 23:50:49,526 [INFO] Capturing request: https://www.atomsportv512.top/matches?id=tivibu-spor-3
2026-08-17 23:50:49,985 [INFO] Capturing response: https://www.atomsportv512.top/matches?id=tivibu-spor-3 200 
2026-08-17 23:50:50,116 [INFO] Capturing request: https://teletv5.top/load/yayinlink.php?id=tivibu-spor-3
2026-08-17 23:50:50,122 [INFO] Capturing request: https://www.atomsportv512.top/favicon.ico
2026-08-17 23:50:50,177 [INFO] Capturing response: https://www.atomsportv512.top/favicon.ico 200 
2026-08-17 23:50:50,277 [INFO] Capturing request: https://streamsport365.com/cinema
2026-08-17 23:50:50,335 [INFO] Capturing response: https://teletv5.top/load/yayinlink.php?id=tivibu-spor-3 200 
2026-08-17 23:50:50,656 [INFO] Capturing response: https://streamsport365.com/cinema 200 
2026-08-17 23:51:23,262 [WARNING]   ❌ Tivibu Spor 3 için M3U8 bulunamadı
2026-08-17 23:51:24,262 [INFO] 
[14/14]
2026-08-17 23:51:24,262 [INFO] 🔍 Tivibu Spor 4 → https://www.atomsportv512.top/matches?id=tivibu-spor-4
2026-08-17 23:51:24,370 [INFO] Capturing request: https://www.atomsportv512.top/matches?id=tivibu-spor-4
2026-08-17 23:51:24,847 [INFO] Capturing response: https://www.atomsportv512.top/matches?id=tivibu-spor-4 200 
2026-08-17 23:51:24,986 [INFO] Capturing request: https://teletv5.top/load/yayinlink.php?id=tivibu-spor-4
2026-08-17 23:51:24,988 [INFO] Capturing request: https://www.atomsportv512.top/favicon.ico
2026-08-17 23:51:25,038 [INFO] Capturing response: https://www.atomsportv512.top/favicon.ico 200 
2026-08-17 23:51:25,145 [INFO] Capturing request: https://streamsport365.com/cinema
2026-08-17 23:51:25,262 [INFO] Capturing response: https://teletv5.top/load/yayinlink.php?id=tivibu-spor-4 200 
2026-08-17 23:51:25,515 [INFO] Capturing response: https://streamsport365.com/cinema 200 
2026-08-17 23:51:58,126 [WARNING]   ❌ Tivibu Spor 4 için M3U8 bulunamadı
2026-08-17 23:51:59,192 [INFO] ✅ 10 kanal bulundu, playlist.m3u kaydedildi
