2026-08-20 14:37:32,541 [INFO] 🌐 BASE_URL: https://www.atomsportv512.top
2026-08-20 14:37:34,003 [INFO] Başlanıyor... 14 kanal taranacak
2026-08-20 14:37:34,004 [INFO] Using default request storage
2026-08-20 14:37:34,008 [INFO] Created proxy listening on 127.0.0.1:41863
2026-08-20 14:37:34,706 [INFO] Capturing request: http://clients2.google.com/time/1/current?cup2key=10:ukKlpn6ska9YLQKtyIYc_aNdeQmvLSWjfTFjZ1wlJ80&cup2hreq=e3b0c44298fc1c149afbf4c8996fb92427ae41e4649b934ca495991b7852b855
2026-08-20 14:37:34,739 [INFO] Capturing response: http://clients2.google.com/time/1/current?cup2key=10:ukKlpn6ska9YLQKtyIYc_aNdeQmvLSWjfTFjZ1wlJ80&cup2hreq=e3b0c44298fc1c149afbf4c8996fb92427ae41e4649b934ca495991b7852b855 200 OK
2026-08-20 14:37:34,907 [INFO] 
[1/14]
2026-08-20 14:37:34,907 [INFO] 🔍 beIN Sports 1 → https://www.atomsportv512.top/matches?id=bein-sports-1
2026-08-20 14:37:34,983 [INFO] Capturing request: https://accounts.google.com/ListAccounts?gpsia=1&source=ChromiumBrowser&json=standard&laf=b64bin
2026-08-20 14:37:34,985 [INFO] Capturing request: https://update.googleapis.com/service/update2/json?cup2key=16:kdhKVAhKTUfRCuuHki3Ge4v7sMBjQONgEaGZReIuGGo&cup2hreq=3c3cee1be2f7842c88d89ef8bd6c846b89302d013c90125c6281887fe13dc7ba
2026-08-20 14:37:35,131 [INFO] Capturing response: https://update.googleapis.com/service/update2/json?cup2key=16:kdhKVAhKTUfRCuuHki3Ge4v7sMBjQONgEaGZReIuGGo&cup2hreq=3c3cee1be2f7842c88d89ef8bd6c846b89302d013c90125c6281887fe13dc7ba 200 
2026-08-20 14:37:35,132 [INFO] Capturing request: https://www.google.com/async/folae?async=_fmt:pb&udm=50&client_locale=en-US&client_country=ZZ
2026-08-20 14:37:35,133 [INFO] Capturing request: https://www.atomsportv512.top/matches?id=bein-sports-1
2026-08-20 14:37:35,136 [INFO] Capturing response: https://accounts.google.com/ListAccounts?gpsia=1&source=ChromiumBrowser&json=standard&laf=b64bin 200 
2026-08-20 14:37:35,156 [INFO] Capturing response: https://www.google.com/async/folae?async=_fmt:pb&udm=50&client_locale=en-US&client_country=ZZ 200 
2026-08-20 14:37:35,177 [INFO] Capturing request: https://update.googleapis.com/service/update2/json?cup2key=16:nERkBbwmYZ-a14Le539bKslba3Xybj2Ojzi0hTeWAxs&cup2hreq=e7a6b8a2128efb9600b63b08fae0461827b1aabaaaff5000ce3d4670e262ef7e
2026-08-20 14:37:35,200 [INFO] Capturing response: https://update.googleapis.com/service/update2/json?cup2key=16:nERkBbwmYZ-a14Le539bKslba3Xybj2Ojzi0hTeWAxs&cup2hreq=e7a6b8a2128efb9600b63b08fae0461827b1aabaaaff5000ce3d4670e262ef7e 200 
2026-08-20 14:37:35,248 [INFO] Capturing request: https://update.googleapis.com/service/update2/json?cup2key=16:QoH6VLmqvcTmkEVBdhKr9ClTrLENOk96tkDg5XUX7x4&cup2hreq=34de968f1184ed1f1299d29bf4628fdcf71c252a4b0bd1bceb8471048362c2d5
2026-08-20 14:37:35,272 [INFO] Capturing response: https://update.googleapis.com/service/update2/json?cup2key=16:QoH6VLmqvcTmkEVBdhKr9ClTrLENOk96tkDg5XUX7x4&cup2hreq=34de968f1184ed1f1299d29bf4628fdcf71c252a4b0bd1bceb8471048362c2d5 200 
2026-08-20 14:37:35,382 [INFO] Capturing request: https://www.google.com/async/folae?async=_fmt:pb&udm=50&client_locale=en-US&client_country=ZZ
2026-08-20 14:37:35,405 [INFO] Capturing response: https://www.google.com/async/folae?async=_fmt:pb&udm=50&client_locale=en-US&client_country=ZZ 200 
2026-08-20 14:37:35,676 [INFO] Capturing response: https://www.atomsportv512.top/matches?id=bein-sports-1 200 
2026-08-20 14:37:35,873 [INFO] Capturing request: https://cdn.jsdelivr.net/npm/@clappr/player@0.11.16/dist/clappr.min.js
2026-08-20 14:37:35,876 [INFO] Capturing request: https://cdn.jsdelivr.net/npm/@clappr/hlsjs-playback@1.8.3/dist/hlsjs-playback.min.js
2026-08-20 14:37:35,877 [INFO] Capturing request: https://cdn.jsdelivr.net/npm/level-selector/dist/level-selector.min.js
2026-08-20 14:37:35,888 [INFO] Capturing response: https://cdn.jsdelivr.net/npm/level-selector/dist/level-selector.min.js 200 
2026-08-20 14:37:35,896 [INFO] Capturing response: https://cdn.jsdelivr.net/npm/@clappr/player@0.11.16/dist/clappr.min.js 200 
2026-08-20 14:37:35,900 [INFO] Capturing response: https://cdn.jsdelivr.net/npm/@clappr/hlsjs-playback@1.8.3/dist/hlsjs-playback.min.js 200 
2026-08-20 14:37:36,090 [INFO] Capturing request: https://www.atomsportv512.top/favicon.ico
2026-08-20 14:37:36,131 [INFO] Capturing response: https://www.atomsportv512.top/favicon.ico 200 
2026-08-20 14:37:36,143 [INFO] Capturing request: https://teletv5.top/load/yayinlink.php?id=bein-sports-1
2026-08-20 14:37:36,444 [INFO] Capturing response: https://teletv5.top/load/yayinlink.php?id=bein-sports-1 200 
2026-08-20 14:37:36,550 [INFO] Capturing request: https://streamsport365.com/cinema
2026-08-20 14:37:36,791 [INFO] Capturing response: https://streamsport365.com/cinema 200 
2026-08-20 14:37:36,917 [INFO] Capturing request: https://www.atomsportv512.top/assets/img/player/player_logo_6a72b29dbcd89.png
2026-08-20 14:37:36,955 [INFO] Capturing response: https://www.atomsportv512.top/assets/img/player/player_logo_6a72b29dbcd89.png 200 
2026-08-20 14:37:37,080 [INFO] Capturing request: https://corestream.siteyaptim.live//beintv/tracks-v1a1/mono.m3u8
2026-08-20 14:37:37,204 [INFO] Capturing response: https://corestream.siteyaptim.live//beintv/tracks-v1a1/mono.m3u8 200 
2026-08-20 14:37:37,554 [INFO] Capturing request: https://global.siteyaptim.live/beintv/tracks-v1a1/2026/08/20/14/37/22-06000.jpg
2026-08-20 14:37:37,856 [INFO] Capturing response: https://global.siteyaptim.live/beintv/tracks-v1a1/2026/08/20/14/37/22-06000.jpg 200 
2026-08-20 14:37:37,923 [INFO] Capturing request: https://android.clients.google.com/checkin
2026-08-20 14:37:38,017 [INFO] Capturing response: https://android.clients.google.com/checkin 200 
2026-08-20 14:37:38,072 [INFO] Capturing request: https://android.clients.google.com/c2dm/register3
2026-08-20 14:37:38,073 [INFO] Capturing request: https://android.clients.google.com/c2dm/register3
2026-08-20 14:37:38,074 [INFO] Capturing request: https://android.clients.google.com/c2dm/register3
2026-08-20 14:37:38,094 [INFO] Capturing request: https://global.siteyaptim.live/beintv/tracks-v1a1/2026/08/20/14/37/28-06000.jpg
2026-08-20 14:37:38,118 [INFO] Capturing response: https://android.clients.google.com/c2dm/register3 200 
2026-08-20 14:37:38,123 [INFO] Capturing response: https://android.clients.google.com/c2dm/register3 200 
2026-08-20 14:37:38,125 [INFO] Capturing response: https://android.clients.google.com/c2dm/register3 200 
2026-08-20 14:37:38,443 [INFO] Capturing response: https://global.siteyaptim.live/beintv/tracks-v1a1/2026/08/20/14/37/28-06000.jpg 200 
2026-08-20 14:37:38,643 [INFO] Capturing request: https://global.siteyaptim.live/beintv/tracks-v1a1/2026/08/20/14/37/34-06000.jpg
2026-08-20 14:37:38,873 [INFO] Capturing response: https://global.siteyaptim.live/beintv/tracks-v1a1/2026/08/20/14/37/34-06000.jpg 200 
2026-08-20 14:37:39,010 [INFO]   ✅ M3U8 bulundu: https://corestream.siteyaptim.live//beintv/tracks-v1a1/mono.m3u8
2026-08-20 14:37:40,011 [INFO] 
[2/14]
2026-08-20 14:37:40,011 [INFO] 🔍 beIN Sports 2 → https://www.atomsportv512.top/matches?id=bein-sports-2
2026-08-20 14:37:40,122 [INFO] Capturing request: https://www.atomsportv512.top/matches?id=bein-sports-2
2026-08-20 14:37:40,400 [INFO] Capturing response: https://www.atomsportv512.top/matches?id=bein-sports-2 200 
2026-08-20 14:37:40,442 [INFO] Capturing request: https://streamsport365.com/cinema
2026-08-20 14:37:40,543 [INFO] Capturing request: https://teletv5.top/load/yayinlink.php?id=bein-sports-2
2026-08-20 14:37:40,544 [INFO] Capturing request: https://www.atomsportv512.top/favicon.ico
2026-08-20 14:37:40,580 [INFO] Capturing response: https://www.atomsportv512.top/favicon.ico 200 
2026-08-20 14:37:40,696 [INFO] Capturing response: https://streamsport365.com/cinema 200 
2026-08-20 14:37:40,699 [INFO] Capturing response: https://teletv5.top/load/yayinlink.php?id=bein-sports-2 200 
2026-08-20 14:37:40,810 [INFO] Capturing request: https://www.atomsportv512.top/assets/img/player/player_logo_6a72b29dbcd89.png
2026-08-20 14:37:40,817 [INFO] Capturing request: https://corestream.siteyaptim.live//bein2/tracks-v1a1/mono.m3u8
2026-08-20 14:37:40,926 [INFO] Capturing response: https://www.atomsportv512.top/assets/img/player/player_logo_6a72b29dbcd89.png 304 
2026-08-20 14:37:41,318 [INFO] Capturing response: https://corestream.siteyaptim.live//bein2/tracks-v1a1/mono.m3u8 200 
2026-08-20 14:37:41,427 [INFO] Capturing request: https://global.siteyaptim.live/bein2/tracks-v1a1/2026/08/20/14/37/16-10000.jpg
2026-08-20 14:37:41,758 [INFO] Capturing response: https://global.siteyaptim.live/bein2/tracks-v1a1/2026/08/20/14/37/16-10000.jpg 200 
2026-08-20 14:37:42,028 [INFO] Capturing request: https://global.siteyaptim.live/bein2/tracks-v1a1/2026/08/20/14/37/26-10000.jpg
2026-08-20 14:37:42,279 [INFO] Capturing response: https://global.siteyaptim.live/bein2/tracks-v1a1/2026/08/20/14/37/26-10000.jpg 200 
2026-08-20 14:37:42,540 [INFO] Capturing request: https://global.siteyaptim.live/bein2/tracks-v1a1/2026/08/20/14/37/36-10000.jpg
2026-08-20 14:37:42,844 [INFO] Capturing response: https://global.siteyaptim.live/bein2/tracks-v1a1/2026/08/20/14/37/36-10000.jpg 200 
2026-08-20 14:37:43,462 [INFO]   ✅ M3U8 bulundu: https://corestream.siteyaptim.live//bein2/tracks-v1a1/mono.m3u8
2026-08-20 14:37:44,463 [INFO] 
[3/14]
2026-08-20 14:37:44,463 [INFO] 🔍 beIN Sports 3 → https://www.atomsportv512.top/matches?id=bein-sports-3
2026-08-20 14:37:44,574 [INFO] Capturing request: https://www.atomsportv512.top/matches?id=bein-sports-3
2026-08-20 14:37:44,758 [INFO] Capturing response: https://www.atomsportv512.top/matches?id=bein-sports-3 200 
2026-08-20 14:37:44,900 [INFO] Capturing request: https://teletv5.top/load/yayinlink.php?id=bein-sports-3
2026-08-20 14:37:44,903 [INFO] Capturing request: https://www.atomsportv512.top/favicon.ico
2026-08-20 14:37:44,946 [INFO] Capturing response: https://www.atomsportv512.top/favicon.ico 200 
2026-08-20 14:37:44,996 [INFO] Capturing request: https://streamsport365.com/cinema
2026-08-20 14:37:45,062 [INFO] Capturing response: https://teletv5.top/load/yayinlink.php?id=bein-sports-3 200 
2026-08-20 14:37:45,251 [INFO] Capturing response: https://streamsport365.com/cinema 200 
2026-08-20 14:37:45,361 [INFO] Capturing request: https://www.atomsportv512.top/assets/img/player/player_logo_6a72b29dbcd89.png
2026-08-20 14:37:45,369 [INFO] Capturing request: https://corestream.siteyaptim.live//bein3/tracks-v1a1/mono.m3u8
2026-08-20 14:37:45,477 [INFO] Capturing response: https://www.atomsportv512.top/assets/img/player/player_logo_6a72b29dbcd89.png 304 
2026-08-20 14:37:45,507 [INFO] Capturing response: https://corestream.siteyaptim.live//bein3/tracks-v1a1/mono.m3u8 200 
2026-08-20 14:37:45,621 [INFO] Capturing request: https://global.siteyaptim.live/bein3/tracks-v1a1/2026/08/20/14/37/19-10000.jpg
2026-08-20 14:37:45,874 [INFO] Capturing response: https://global.siteyaptim.live/bein3/tracks-v1a1/2026/08/20/14/37/19-10000.jpg 200 
2026-08-20 14:37:46,084 [INFO] Capturing request: https://global.siteyaptim.live/bein3/tracks-v1a1/2026/08/20/14/37/29-10000.jpg
2026-08-20 14:37:46,444 [INFO] Capturing response: https://global.siteyaptim.live/bein3/tracks-v1a1/2026/08/20/14/37/29-10000.jpg 200 
2026-08-20 14:37:46,639 [INFO] Capturing request: https://global.siteyaptim.live/bein3/tracks-v1a1/2026/08/20/14/37/39-10000.jpg
2026-08-20 14:37:46,975 [INFO] Capturing response: https://global.siteyaptim.live/bein3/tracks-v1a1/2026/08/20/14/37/39-10000.jpg 200 
2026-08-20 14:37:47,820 [INFO]   ✅ M3U8 bulundu: https://corestream.siteyaptim.live//bein3/tracks-v1a1/mono.m3u8
2026-08-20 14:37:48,820 [INFO] 
[4/14]
2026-08-20 14:37:48,820 [INFO] 🔍 beIN Sports 4 → https://www.atomsportv512.top/matches?id=bein-sports-4
2026-08-20 14:37:48,928 [INFO] Capturing request: https://www.atomsportv512.top/matches?id=bein-sports-4
2026-08-20 14:37:49,109 [INFO] Capturing response: https://www.atomsportv512.top/matches?id=bein-sports-4 200 
2026-08-20 14:37:49,135 [INFO] Capturing request: https://streamsport365.com/cinema
2026-08-20 14:37:49,235 [INFO] Capturing request: https://teletv5.top/load/yayinlink.php?id=bein-sports-4
2026-08-20 14:37:49,237 [INFO] Capturing request: https://www.atomsportv512.top/favicon.ico
2026-08-20 14:37:49,270 [INFO] Capturing response: https://www.atomsportv512.top/favicon.ico 200 
2026-08-20 14:37:49,381 [INFO] Capturing response: https://streamsport365.com/cinema 200 
2026-08-20 14:37:49,397 [INFO] Capturing response: https://teletv5.top/load/yayinlink.php?id=bein-sports-4 200 
2026-08-20 14:37:49,548 [INFO] Capturing request: https://www.atomsportv512.top/assets/img/player/player_logo_6a72b29dbcd89.png
2026-08-20 14:37:49,556 [INFO] Capturing request: https://corestream.siteyaptim.live//bein4/tracks-v1a1/mono.m3u8
2026-08-20 14:37:49,664 [INFO] Capturing response: https://www.atomsportv512.top/assets/img/player/player_logo_6a72b29dbcd89.png 304 
2026-08-20 14:37:49,690 [INFO] Capturing response: https://corestream.siteyaptim.live//bein4/tracks-v1a1/mono.m3u8 200 
2026-08-20 14:37:49,840 [INFO] Capturing request: https://global.siteyaptim.live/bein4/tracks-v1a1/2026/08/20/14/37/39-10000.jpg
2026-08-20 14:37:50,094 [INFO] Capturing response: https://global.siteyaptim.live/bein4/tracks-v1a1/2026/08/20/14/37/39-10000.jpg 200 
2026-08-20 14:37:50,270 [INFO] Capturing request: https://global.siteyaptim.live/bein4/tracks-v1a1/2026/08/20/14/37/49-10000.jpg
2026-08-20 14:37:50,851 [INFO] Capturing response: https://global.siteyaptim.live/bein4/tracks-v1a1/2026/08/20/14/37/49-10000.jpg 200 
2026-08-20 14:37:51,052 [INFO] Capturing request: https://global.siteyaptim.live/bein4/tracks-v1a1/2026/08/20/14/37/59-10000.jpg
2026-08-20 14:37:51,569 [INFO] Capturing response: https://global.siteyaptim.live/bein4/tracks-v1a1/2026/08/20/14/37/59-10000.jpg 200 
2026-08-20 14:37:52,150 [INFO]   ✅ M3U8 bulundu: https://corestream.siteyaptim.live//bein4/tracks-v1a1/mono.m3u8
2026-08-20 14:37:53,150 [INFO] 
[5/14]
2026-08-20 14:37:53,150 [INFO] 🔍 beIN Sports 5 → https://www.atomsportv512.top/matches?id=bein-sports-5
2026-08-20 14:37:53,258 [INFO] Capturing request: https://www.atomsportv512.top/matches?id=bein-sports-5
2026-08-20 14:37:53,444 [INFO] Capturing response: https://www.atomsportv512.top/matches?id=bein-sports-5 200 
2026-08-20 14:37:53,574 [INFO] Capturing request: https://teletv5.top/load/yayinlink.php?id=bein-sports-5
2026-08-20 14:37:53,575 [INFO] Capturing request: https://www.atomsportv512.top/favicon.ico
2026-08-20 14:37:53,606 [INFO] Capturing response: https://www.atomsportv512.top/favicon.ico 200 
2026-08-20 14:37:53,673 [INFO] Capturing request: https://streamsport365.com/cinema
2026-08-20 14:37:53,729 [INFO] Capturing response: https://teletv5.top/load/yayinlink.php?id=bein-sports-5 200 
2026-08-20 14:37:53,921 [INFO] Capturing response: https://streamsport365.com/cinema 200 
2026-08-20 14:37:54,031 [INFO] Capturing request: https://www.atomsportv512.top/assets/img/player/player_logo_6a72b29dbcd89.png
2026-08-20 14:37:54,038 [INFO] Capturing request: https://corestream.siteyaptim.live//bein5/tracks-v1a1/mono.m3u8
2026-08-20 14:37:54,146 [INFO] Capturing response: https://www.atomsportv512.top/assets/img/player/player_logo_6a72b29dbcd89.png 304 
2026-08-20 14:37:54,174 [INFO] Capturing response: https://corestream.siteyaptim.live//bein5/tracks-v1a1/mono.m3u8 200 
2026-08-20 14:37:54,283 [INFO] Capturing request: https://global.siteyaptim.live/bein5/tracks-v1a1/2026/08/20/14/37/25-10000.jpg
2026-08-20 14:37:54,783 [INFO] Capturing response: https://global.siteyaptim.live/bein5/tracks-v1a1/2026/08/20/14/37/25-10000.jpg 200 
2026-08-20 14:37:55,025 [INFO] Capturing request: https://global.siteyaptim.live/bein5/tracks-v1a1/2026/08/20/14/37/35-10000.jpg
2026-08-20 14:37:55,343 [INFO] Capturing response: https://global.siteyaptim.live/bein5/tracks-v1a1/2026/08/20/14/37/35-10000.jpg 200 
2026-08-20 14:37:55,571 [INFO] Capturing request: https://global.siteyaptim.live/bein5/tracks-v1a1/2026/08/20/14/37/45-10000.jpg
2026-08-20 14:37:55,896 [INFO] Capturing response: https://global.siteyaptim.live/bein5/tracks-v1a1/2026/08/20/14/37/45-10000.jpg 200 
2026-08-20 14:37:56,488 [INFO]   ✅ M3U8 bulundu: https://corestream.siteyaptim.live//bein5/tracks-v1a1/mono.m3u8
2026-08-20 14:37:57,489 [INFO] 
[6/14]
2026-08-20 14:37:57,489 [INFO] 🔍 beIN Sports Max 1 → https://www.atomsportv512.top/matches?id=bein-sports-max-1
2026-08-20 14:37:57,598 [INFO] Capturing request: https://www.atomsportv512.top/matches?id=bein-sports-max-1
2026-08-20 14:37:57,777 [INFO] Capturing response: https://www.atomsportv512.top/matches?id=bein-sports-max-1 200 
2026-08-20 14:37:57,802 [INFO] Capturing request: https://streamsport365.com/cinema
2026-08-20 14:37:57,901 [INFO] Capturing request: https://teletv5.top/load/yayinlink.php?id=bein-sports-max-1
2026-08-20 14:37:57,904 [INFO] Capturing request: https://www.atomsportv512.top/favicon.ico
2026-08-20 14:37:57,938 [INFO] Capturing response: https://www.atomsportv512.top/favicon.ico 200 
2026-08-20 14:37:58,052 [INFO] Capturing response: https://streamsport365.com/cinema 200 
2026-08-20 14:37:58,056 [INFO] Capturing response: https://teletv5.top/load/yayinlink.php?id=bein-sports-max-1 200 
2026-08-20 14:37:58,208 [INFO] Capturing request: https://www.atomsportv512.top/assets/img/player/player_logo_6a72b29dbcd89.png
2026-08-20 14:37:58,216 [INFO] Capturing request: https://corestream.siteyaptim.live//beinmax1/tracks-v1a1/mono.m3u8
2026-08-20 14:37:58,324 [INFO] Capturing response: https://www.atomsportv512.top/assets/img/player/player_logo_6a72b29dbcd89.png 304 
2026-08-20 14:37:58,364 [INFO] Capturing response: https://corestream.siteyaptim.live//beinmax1/tracks-v1a1/mono.m3u8 404 
2026-08-20 14:38:00,527 [INFO] Capturing request: https://corestream.siteyaptim.live//beinmax1/tracks-v1a1/mono.m3u8
2026-08-20 14:38:00,656 [INFO] Capturing response: https://corestream.siteyaptim.live//beinmax1/tracks-v1a1/mono.m3u8 404 
2026-08-20 14:38:00,813 [INFO]   ✅ M3U8 bulundu: https://corestream.siteyaptim.live//beinmax1/tracks-v1a1/mono.m3u8
2026-08-20 14:38:01,813 [INFO] 
[7/14]
2026-08-20 14:38:01,813 [INFO] 🔍 beIN Sports Max 2 → https://www.atomsportv512.top/matches?id=bein-sports-max-2
2026-08-20 14:38:01,920 [INFO] Capturing request: https://www.atomsportv512.top/matches?id=bein-sports-max-2
2026-08-20 14:38:02,111 [INFO] Capturing response: https://www.atomsportv512.top/matches?id=bein-sports-max-2 200 
2026-08-20 14:38:02,241 [INFO] Capturing request: https://www.atomsportv512.top/favicon.ico
2026-08-20 14:38:02,242 [INFO] Capturing request: https://teletv5.top/load/yayinlink.php?id=bein-sports-max-2
2026-08-20 14:38:02,271 [INFO] Capturing response: https://www.atomsportv512.top/favicon.ico 200 
2026-08-20 14:38:02,298 [INFO] Capturing request: https://android.clients.google.com/c2dm/register3
2026-08-20 14:38:02,338 [INFO] Capturing request: https://streamsport365.com/cinema
2026-08-20 14:38:02,402 [INFO] Capturing response: https://teletv5.top/load/yayinlink.php?id=bein-sports-max-2 200 
2026-08-20 14:38:02,587 [INFO] Capturing response: https://streamsport365.com/cinema 200 
2026-08-20 14:38:02,696 [INFO] Capturing request: https://www.atomsportv512.top/assets/img/player/player_logo_6a72b29dbcd89.png
2026-08-20 14:38:02,704 [INFO] Capturing request: https://corestream.siteyaptim.live//beinmax2/tracks-v1a1/mono.m3u8
2026-08-20 14:38:02,817 [INFO] Capturing response: https://www.atomsportv512.top/assets/img/player/player_logo_6a72b29dbcd89.png 304 
2026-08-20 14:38:02,881 [INFO] Capturing response: https://corestream.siteyaptim.live//beinmax2/tracks-v1a1/mono.m3u8 404 
2026-08-20 14:38:02,992 [INFO] Capturing response: https://android.clients.google.com/c2dm/register3 200 
2026-08-20 14:38:05,038 [INFO] Capturing request: https://corestream.siteyaptim.live//beinmax2/tracks-v1a1/mono.m3u8
2026-08-20 14:38:05,151 [INFO]   ✅ M3U8 bulundu: https://corestream.siteyaptim.live//beinmax2/tracks-v1a1/mono.m3u8
2026-08-20 14:38:05,164 [INFO] Capturing response: https://corestream.siteyaptim.live//beinmax2/tracks-v1a1/mono.m3u8 404 
2026-08-20 14:38:06,151 [INFO] 
[8/14]
2026-08-20 14:38:06,151 [INFO] 🔍 S Sport → https://www.atomsportv512.top/matches?id=s-sport
2026-08-20 14:38:06,258 [INFO] Capturing request: https://www.atomsportv512.top/matches?id=s-sport
2026-08-20 14:38:06,648 [INFO] Capturing response: https://www.atomsportv512.top/matches?id=s-sport 200 
2026-08-20 14:38:06,678 [INFO] Capturing request: https://streamsport365.com/cinema
2026-08-20 14:38:06,776 [INFO] Capturing request: https://teletv5.top/load/yayinlink.php?id=s-sport
2026-08-20 14:38:06,779 [INFO] Capturing request: https://www.atomsportv512.top/favicon.ico
2026-08-20 14:38:06,808 [INFO] Capturing response: https://www.atomsportv512.top/favicon.ico 200 
2026-08-20 14:38:06,887 [INFO] Capturing request: https://android.clients.google.com/c2dm/register3
2026-08-20 14:38:06,929 [INFO] Capturing response: https://streamsport365.com/cinema 200 
2026-08-20 14:38:06,931 [INFO] Capturing response: https://teletv5.top/load/yayinlink.php?id=s-sport 200 
2026-08-20 14:38:06,940 [INFO] Capturing response: https://android.clients.google.com/c2dm/register3 301 
2026-08-20 14:38:07,082 [INFO] Capturing request: https://www.atomsportv512.top/assets/img/player/player_logo_6a72b29dbcd89.png
2026-08-20 14:38:07,091 [INFO] Capturing request: https://corestream.siteyaptim.live//s-sport/tracks-v1a1/mono.m3u8
2026-08-20 14:38:07,196 [INFO] Capturing response: https://www.atomsportv512.top/assets/img/player/player_logo_6a72b29dbcd89.png 304 
2026-08-20 14:38:07,208 [INFO] Capturing response: https://corestream.siteyaptim.live//s-sport/tracks-v1a1/mono.m3u8 200 
2026-08-20 14:38:07,318 [INFO] Capturing request: https://global.siteyaptim.live/s-sport/tracks-v1a1/2026/08/20/14/37/53-05000.jpg
2026-08-20 14:38:07,413 [INFO] Capturing request: https://android.clients.google.com/c2dm/register3
2026-08-20 14:38:07,705 [INFO] Capturing response: https://global.siteyaptim.live/s-sport/tracks-v1a1/2026/08/20/14/37/53-05000.jpg 200 
2026-08-20 14:38:07,858 [INFO] Capturing response: https://android.clients.google.com/c2dm/register3 200 
2026-08-20 14:38:07,899 [INFO] Capturing request: https://global.siteyaptim.live/s-sport/tracks-v1a1/2026/08/20/14/37/58-05000.jpg
2026-08-20 14:38:08,132 [INFO] Capturing response: https://global.siteyaptim.live/s-sport/tracks-v1a1/2026/08/20/14/37/58-05000.jpg 200 
2026-08-20 14:38:08,328 [INFO] Capturing request: https://global.siteyaptim.live/s-sport/tracks-v1a1/2026/08/20/14/38/03-05000.jpg
2026-08-20 14:38:08,618 [INFO] Capturing response: https://global.siteyaptim.live/s-sport/tracks-v1a1/2026/08/20/14/38/03-05000.jpg 200 
2026-08-20 14:38:09,695 [INFO]   ✅ M3U8 bulundu: https://corestream.siteyaptim.live//s-sport/tracks-v1a1/mono.m3u8
2026-08-20 14:38:10,695 [INFO] 
[9/14]
2026-08-20 14:38:10,696 [INFO] 🔍 S Sport 2 → https://www.atomsportv512.top/matches?id=s-sport-2
2026-08-20 14:38:10,804 [INFO] Capturing request: https://www.atomsportv512.top/matches?id=s-sport-2
2026-08-20 14:38:11,135 [INFO] Capturing response: https://www.atomsportv512.top/matches?id=s-sport-2 200 
2026-08-20 14:38:11,260 [INFO] Capturing request: https://teletv5.top/load/yayinlink.php?id=s-sport-2
2026-08-20 14:38:11,264 [INFO] Capturing request: https://www.atomsportv512.top/favicon.ico
2026-08-20 14:38:11,291 [INFO] Capturing response: https://www.atomsportv512.top/favicon.ico 200 
2026-08-20 14:38:11,357 [INFO] Capturing request: https://streamsport365.com/cinema
2026-08-20 14:38:11,419 [INFO] Capturing response: https://teletv5.top/load/yayinlink.php?id=s-sport-2 200 
2026-08-20 14:38:11,609 [INFO] Capturing response: https://streamsport365.com/cinema 200 
2026-08-20 14:38:11,718 [INFO] Capturing request: https://www.atomsportv512.top/assets/img/player/player_logo_6a72b29dbcd89.png
2026-08-20 14:38:11,726 [INFO] Capturing request: https://corestream.siteyaptim.live//s-sport2/tracks-v1a1/mono.m3u8
2026-08-20 14:38:11,834 [INFO] Capturing response: https://www.atomsportv512.top/assets/img/player/player_logo_6a72b29dbcd89.png 304 
2026-08-20 14:38:11,845 [INFO] Capturing response: https://corestream.siteyaptim.live//s-sport2/tracks-v1a1/mono.m3u8 200 
2026-08-20 14:38:11,995 [INFO] Capturing request: https://global.siteyaptim.live/s-sport2/tracks-v1a1/2026/08/20/14/37/57-06000.jpg
2026-08-20 14:38:12,126 [INFO] Capturing response: https://global.siteyaptim.live/s-sport2/tracks-v1a1/2026/08/20/14/37/57-06000.jpg 200 
2026-08-20 14:38:12,309 [INFO] Capturing request: https://global.siteyaptim.live/s-sport2/tracks-v1a1/2026/08/20/14/38/03-06000.jpg
2026-08-20 14:38:12,465 [INFO] Capturing response: https://global.siteyaptim.live/s-sport2/tracks-v1a1/2026/08/20/14/38/03-06000.jpg 200 
2026-08-20 14:38:12,675 [INFO] Capturing request: https://global.siteyaptim.live/s-sport2/tracks-v1a1/2026/08/20/14/38/09-06000.jpg
2026-08-20 14:38:12,821 [INFO] Capturing response: https://global.siteyaptim.live/s-sport2/tracks-v1a1/2026/08/20/14/38/09-06000.jpg 200 
2026-08-20 14:38:14,180 [INFO]   ✅ M3U8 bulundu: https://corestream.siteyaptim.live//s-sport2/tracks-v1a1/mono.m3u8
2026-08-20 14:38:15,180 [INFO] 
[10/14]
2026-08-20 14:38:15,181 [INFO] 🔍 A Spor → https://www.atomsportv512.top/matches?id=a-spor
2026-08-20 14:38:15,289 [INFO] Capturing request: https://www.atomsportv512.top/matches?id=a-spor
2026-08-20 14:38:15,472 [INFO] Capturing response: https://www.atomsportv512.top/matches?id=a-spor 200 
2026-08-20 14:38:15,501 [INFO] Capturing request: https://streamsport365.com/cinema
2026-08-20 14:38:15,599 [INFO] Capturing request: https://teletv5.top/load/yayinlink.php?id=a-spor
2026-08-20 14:38:15,602 [INFO] Capturing request: https://www.atomsportv512.top/favicon.ico
2026-08-20 14:38:15,631 [INFO] Capturing response: https://www.atomsportv512.top/favicon.ico 200 
2026-08-20 14:38:15,753 [INFO] Capturing response: https://teletv5.top/load/yayinlink.php?id=a-spor 200 
2026-08-20 14:38:15,760 [INFO] Capturing response: https://streamsport365.com/cinema 200 
2026-08-20 14:38:15,904 [INFO] Capturing request: https://www.atomsportv512.top/assets/img/player/player_logo_6a72b29dbcd89.png
2026-08-20 14:38:15,911 [INFO] Capturing request: https://corestream.siteyaptim.live//aspor/tracks-v1a1/mono.m3u8
2026-08-20 14:38:16,021 [INFO] Capturing response: https://www.atomsportv512.top/assets/img/player/player_logo_6a72b29dbcd89.png 304 
2026-08-20 14:38:16,042 [INFO] Capturing response: https://corestream.siteyaptim.live//aspor/tracks-v1a1/mono.m3u8 200 
2026-08-20 14:38:16,151 [INFO] Capturing request: https://global.siteyaptim.live/aspor/tracks-v1a1/2026/08/20/14/38/47-10000.jpg
2026-08-20 14:38:17,124 [INFO] Capturing response: https://global.siteyaptim.live/aspor/tracks-v1a1/2026/08/20/14/38/47-10000.jpg 200 
2026-08-20 14:38:17,390 [INFO] Capturing request: https://global.siteyaptim.live/aspor/tracks-v1a1/2026/08/20/14/38/57-10000.jpg
2026-08-20 14:38:18,146 [INFO] Capturing response: https://global.siteyaptim.live/aspor/tracks-v1a1/2026/08/20/14/38/57-10000.jpg 200 
2026-08-20 14:38:18,449 [INFO] Capturing request: https://global.siteyaptim.live/aspor/tracks-v1a1/2026/08/20/14/39/07-10000.jpg
2026-08-20 14:38:18,519 [INFO]   ✅ M3U8 bulundu: https://corestream.siteyaptim.live//aspor/tracks-v1a1/mono.m3u8
2026-08-20 14:38:18,836 [INFO] Capturing response: https://global.siteyaptim.live/aspor/tracks-v1a1/2026/08/20/14/39/07-10000.jpg 200 
2026-08-20 14:38:19,520 [INFO] 
[11/14]
2026-08-20 14:38:19,520 [INFO] 🔍 Tivibu Spor 1 → https://www.atomsportv512.top/matches?id=tivibu-spor-1
2026-08-20 14:38:19,629 [INFO] Capturing request: https://www.atomsportv512.top/matches?id=tivibu-spor-1
2026-08-20 14:38:19,811 [INFO] Capturing response: https://www.atomsportv512.top/matches?id=tivibu-spor-1 200 
2026-08-20 14:38:19,936 [INFO] Capturing request: https://teletv5.top/load/yayinlink.php?id=tivibu-spor-1
2026-08-20 14:38:19,939 [INFO] Capturing request: https://www.atomsportv512.top/favicon.ico
2026-08-20 14:38:19,970 [INFO] Capturing response: https://www.atomsportv512.top/favicon.ico 200 
2026-08-20 14:38:20,032 [INFO] Capturing request: https://streamsport365.com/cinema
2026-08-20 14:38:20,092 [INFO] Capturing response: https://teletv5.top/load/yayinlink.php?id=tivibu-spor-1 200 
2026-08-20 14:38:20,285 [INFO] Capturing response: https://streamsport365.com/cinema 200 
2026-08-20 14:38:34,703 [INFO] Capturing request: https://update.googleapis.com/service/update2/json?cup2key=16:56v53352JXuflqOp5p7d9u4ge-03NN6UrY4aRhF20W8&cup2hreq=85090d70d7032a87dc950a0246acc2b8c99dcf6955c77309a36078b14069e976
2026-08-20 14:38:34,725 [INFO] Capturing response: https://update.googleapis.com/service/update2/json?cup2key=16:56v53352JXuflqOp5p7d9u4ge-03NN6UrY4aRhF20W8&cup2hreq=85090d70d7032a87dc950a0246acc2b8c99dcf6955c77309a36078b14069e976 200 
2026-08-20 14:38:34,731 [INFO] Capturing request: http://edgedl.me.gvt1.com/edgedl/diffgen-puffin/gcmjkmgdlgnkkcocmoeiminaijmmjnii/6ca5bdb9f3e2cd83b7e359729bc6c33c4fe975ec499861d969b3e080320849ff
2026-08-20 14:38:34,744 [INFO] Capturing response: http://edgedl.me.gvt1.com/edgedl/diffgen-puffin/gcmjkmgdlgnkkcocmoeiminaijmmjnii/6ca5bdb9f3e2cd83b7e359729bc6c33c4fe975ec499861d969b3e080320849ff 200 OK
2026-08-20 14:38:34,768 [INFO] Capturing request: https://update.googleapis.com/service/update2/json
2026-08-20 14:38:34,791 [INFO] Capturing response: https://update.googleapis.com/service/update2/json 200 
2026-08-20 14:38:34,835 [INFO] Capturing request: http://edgedl.me.gvt1.com/edgedl/release2/chrome_component/ac3uqjtywtomf4pjcbarw5t4potq_10727/hfnkpimlhhgieaddgfemjhofmfblmnib_10727_all_acnjo3cgdftqo4p24xxw3nm2esdq.crx3
2026-08-20 14:38:34,850 [INFO] Capturing response: http://edgedl.me.gvt1.com/edgedl/release2/chrome_component/ac3uqjtywtomf4pjcbarw5t4potq_10727/hfnkpimlhhgieaddgfemjhofmfblmnib_10727_all_acnjo3cgdftqo4p24xxw3nm2esdq.crx3 200 OK
2026-08-20 14:38:34,874 [INFO] Capturing request: https://update.googleapis.com/service/update2/json
2026-08-20 14:38:34,904 [INFO] Capturing response: https://update.googleapis.com/service/update2/json 200 
2026-08-20 14:38:53,072 [WARNING]   ❌ Tivibu Spor 1 için M3U8 bulunamadı
2026-08-20 14:38:54,073 [INFO] 
[12/14]
2026-08-20 14:38:54,073 [INFO] 🔍 Tivibu Spor 2 → https://www.atomsportv512.top/matches?id=tivibu-spor-2
2026-08-20 14:38:54,212 [INFO] Capturing request: https://www.atomsportv512.top/matches?id=tivibu-spor-2
2026-08-20 14:38:54,686 [INFO] Capturing response: https://www.atomsportv512.top/matches?id=tivibu-spor-2 200 
2026-08-20 14:38:54,846 [INFO] Capturing request: https://www.atomsportv512.top/favicon.ico
2026-08-20 14:38:54,873 [INFO] Capturing request: https://teletv5.top/load/yayinlink.php?id=tivibu-spor-2
2026-08-20 14:38:54,884 [INFO] Capturing response: https://www.atomsportv512.top/favicon.ico 200 
2026-08-20 14:38:55,211 [INFO] Capturing response: https://teletv5.top/load/yayinlink.php?id=tivibu-spor-2 200 
2026-08-20 14:38:55,302 [INFO] Capturing request: https://streamsport365.com/cinema
2026-08-20 14:38:55,550 [INFO] Capturing response: https://streamsport365.com/cinema 200 
2026-08-20 14:38:57,665 [INFO] Capturing request: https://android.clients.google.com/c2dm/register3
2026-08-20 14:38:57,713 [INFO] Capturing response: https://android.clients.google.com/c2dm/register3 301 
2026-08-20 14:39:27,947 [WARNING]   ❌ Tivibu Spor 2 için M3U8 bulunamadı
2026-08-20 14:39:28,948 [INFO] 
[13/14]
2026-08-20 14:39:28,948 [INFO] 🔍 Tivibu Spor 3 → https://www.atomsportv512.top/matches?id=tivibu-spor-3
2026-08-20 14:39:29,056 [INFO] Capturing request: https://www.atomsportv512.top/matches?id=tivibu-spor-3
2026-08-20 14:39:29,395 [INFO] Capturing response: https://www.atomsportv512.top/matches?id=tivibu-spor-3 200 
2026-08-20 14:39:29,523 [INFO] Capturing request: https://teletv5.top/load/yayinlink.php?id=tivibu-spor-3
2026-08-20 14:39:29,526 [INFO] Capturing request: https://www.atomsportv512.top/favicon.ico
2026-08-20 14:39:29,554 [INFO] Capturing response: https://www.atomsportv512.top/favicon.ico 200 
2026-08-20 14:39:29,623 [INFO] Capturing request: https://streamsport365.com/cinema
2026-08-20 14:39:29,689 [INFO] Capturing response: https://teletv5.top/load/yayinlink.php?id=tivibu-spor-3 200 
2026-08-20 14:39:29,869 [INFO] Capturing response: https://streamsport365.com/cinema 200 
2026-08-20 14:40:02,628 [WARNING]   ❌ Tivibu Spor 3 için M3U8 bulunamadı
2026-08-20 14:40:03,628 [INFO] 
[14/14]
2026-08-20 14:40:03,628 [INFO] 🔍 Tivibu Spor 4 → https://www.atomsportv512.top/matches?id=tivibu-spor-4
2026-08-20 14:40:03,735 [INFO] Capturing request: https://www.atomsportv512.top/matches?id=tivibu-spor-4
2026-08-20 14:40:04,907 [INFO] Capturing response: https://www.atomsportv512.top/matches?id=tivibu-spor-4 200 
2026-08-20 14:40:05,035 [INFO] Capturing request: https://teletv5.top/load/yayinlink.php?id=tivibu-spor-4
2026-08-20 14:40:05,039 [INFO] Capturing request: https://www.atomsportv512.top/favicon.ico
2026-08-20 14:40:05,071 [INFO] Capturing response: https://www.atomsportv512.top/favicon.ico 200 
2026-08-20 14:40:05,134 [INFO] Capturing request: https://streamsport365.com/cinema
2026-08-20 14:40:05,203 [INFO] Capturing response: https://teletv5.top/load/yayinlink.php?id=tivibu-spor-4 200 
2026-08-20 14:40:05,389 [INFO] Capturing response: https://streamsport365.com/cinema 200 
2026-08-20 14:40:38,140 [WARNING]   ❌ Tivibu Spor 4 için M3U8 bulunamadı
2026-08-20 14:40:39,203 [INFO] ✅ 10 kanal bulundu, playlist.m3u kaydedildi
