2026-09-20 01:28:26,704 [INFO] 🌐 BASE_URL: https://www.atomsportv514.top
2026-09-20 01:28:27,497 [INFO] Başlanıyor... 14 kanal taranacak
2026-09-20 01:28:27,497 [INFO] Using default request storage
2026-09-20 01:28:27,500 [INFO] Created proxy listening on 127.0.0.1:45225
2026-09-20 01:28:28,197 [INFO] Capturing request: http://clients2.google.com/time/1/current?cup2key=10:TNExHUO1x97zL1FO1SD3hBE-Dzg9s2uqDLdcZJGbEoI&cup2hreq=e3b0c44298fc1c149afbf4c8996fb92427ae41e4649b934ca495991b7852b855
2026-09-20 01:28:28,348 [INFO] Capturing response: http://clients2.google.com/time/1/current?cup2key=10:TNExHUO1x97zL1FO1SD3hBE-Dzg9s2uqDLdcZJGbEoI&cup2hreq=e3b0c44298fc1c149afbf4c8996fb92427ae41e4649b934ca495991b7852b855 200 OK
2026-09-20 01:28:28,462 [INFO] 
[1/14]
2026-09-20 01:28:28,529 [INFO] 🔍 beIN Sports 1 → https://www.atomsportv514.top/matches?id=bein-sports-1
2026-09-20 01:28:28,595 [INFO] Capturing request: https://update.googleapis.com/service/update2/json?cup2key=ML-DSA-44-16:NQSy9zkZq85-oDttd7UQshER-o31PWjaiKnQg_yh5N8&cup2hreq=b7e9feea0dc847a8236cc33e09ef09f89882e5f3960db6a07bb0e2101175af46
2026-09-20 01:28:28,669 [INFO] Capturing response: https://update.googleapis.com/service/update2/json?cup2key=ML-DSA-44-16:NQSy9zkZq85-oDttd7UQshER-o31PWjaiKnQg_yh5N8&cup2hreq=b7e9feea0dc847a8236cc33e09ef09f89882e5f3960db6a07bb0e2101175af46 200 
2026-09-20 01:28:28,676 [INFO] Capturing request: https://accounts.google.com/ListAccounts?gpsia=1&source=ChromiumBrowser&json=standard&laf=b64bin
2026-09-20 01:28:28,712 [INFO] Capturing request: https://www.atomsportv514.top/matches?id=bein-sports-1
2026-09-20 01:28:28,715 [INFO] Capturing request: https://update.googleapis.com/service/update2/json?cup2key=ML-DSA-44-16:7BCozZJDsJbBeKhsxnDwimzqsxM3srSfZ9Ml6UMej10&cup2hreq=c3b6d559ec0b99c84ba0f02c7668a62c19768c9d9d8175e4d6c5cca355f74cbb
2026-09-20 01:28:28,732 [INFO] Capturing response: https://accounts.google.com/ListAccounts?gpsia=1&source=ChromiumBrowser&json=standard&laf=b64bin 200 
2026-09-20 01:28:28,771 [INFO] Capturing response: https://update.googleapis.com/service/update2/json?cup2key=ML-DSA-44-16:7BCozZJDsJbBeKhsxnDwimzqsxM3srSfZ9Ml6UMej10&cup2hreq=c3b6d559ec0b99c84ba0f02c7668a62c19768c9d9d8175e4d6c5cca355f74cbb 200 
2026-09-20 01:28:28,775 [INFO] Capturing request: https://www.google.com/async/folae?async=_fmt:pb&udm=50&client_locale=en-US&client_country=ZZ
2026-09-20 01:28:28,808 [INFO] Capturing response: https://www.google.com/async/folae?async=_fmt:pb&udm=50&client_locale=en-US&client_country=ZZ 200 
2026-09-20 01:28:28,818 [INFO] Capturing request: https://update.googleapis.com/service/update2/json?cup2key=ML-DSA-44-16:-0dYkVpXU-AnGVUR71fekdSTw9Sk6hP-5iKMfAar8BI&cup2hreq=cc302a22c49c9b6edc7fd18494ec18ce4a12cc2819b4db6c31c21914235a72d6
2026-09-20 01:28:28,876 [INFO] Capturing response: https://update.googleapis.com/service/update2/json?cup2key=ML-DSA-44-16:-0dYkVpXU-AnGVUR71fekdSTw9Sk6hP-5iKMfAar8BI&cup2hreq=cc302a22c49c9b6edc7fd18494ec18ce4a12cc2819b4db6c31c21914235a72d6 200 
2026-09-20 01:28:28,950 [INFO] Capturing response: https://www.atomsportv514.top/matches?id=bein-sports-1 200 
2026-09-20 01:28:28,976 [INFO] Capturing request: https://www.google.com/async/folae?async=_fmt:pb&udm=50&client_locale=en-US&client_country=ZZ
2026-09-20 01:28:29,009 [INFO] Capturing response: https://www.google.com/async/folae?async=_fmt:pb&udm=50&client_locale=en-US&client_country=ZZ 200 
2026-09-20 01:28:29,153 [INFO] Capturing request: https://cdn.jsdelivr.net/npm/@clappr/hlsjs-playback@1.8.3/dist/hlsjs-playback.min.js
2026-09-20 01:28:29,165 [INFO] Capturing request: https://cdn.jsdelivr.net/npm/level-selector/dist/level-selector.min.js
2026-09-20 01:28:29,165 [INFO] Capturing request: https://cdn.jsdelivr.net/npm/@clappr/player@0.11.16/dist/clappr.min.js
2026-09-20 01:28:29,192 [INFO] Capturing response: https://cdn.jsdelivr.net/npm/level-selector/dist/level-selector.min.js 200 
2026-09-20 01:28:29,251 [INFO] Capturing response: https://cdn.jsdelivr.net/npm/@clappr/hlsjs-playback@1.8.3/dist/hlsjs-playback.min.js 200 
2026-09-20 01:28:29,369 [INFO] Capturing response: https://cdn.jsdelivr.net/npm/@clappr/player@0.11.16/dist/clappr.min.js 200 
2026-09-20 01:28:29,432 [INFO] Capturing request: https://www.atomsportv514.top/matches?id=bein-sports-1
2026-09-20 01:28:29,533 [INFO] Capturing request: https://www.atomsportv514.top/favicon.ico
2026-09-20 01:28:29,599 [INFO] Capturing response: https://www.atomsportv514.top/favicon.ico 200 
2026-09-20 01:28:29,683 [INFO] Capturing response: https://www.atomsportv514.top/matches?id=bein-sports-1 200 
2026-09-20 01:28:29,826 [INFO] Capturing request: https://teletv5.top/load/yayinlink.php?id=bein-sports-1
2026-09-20 01:28:30,202 [INFO] Capturing response: https://teletv5.top/load/yayinlink.php?id=bein-sports-1 200 
2026-09-20 01:28:30,361 [INFO] Capturing request: https://www.atomsportv514.top/assets/img/player/player_logo_6a87a2e2eecc5.png
2026-09-20 01:28:30,427 [INFO] Capturing response: https://www.atomsportv514.top/assets/img/player/player_logo_6a87a2e2eecc5.png 200 
2026-09-20 01:28:30,469 [INFO] Capturing request: https://ladyboy.yedektv.cfd//beintv/tracks-v1a1/mono.m3u8
2026-09-20 01:28:30,718 [INFO] Capturing response: https://ladyboy.yedektv.cfd//beintv/tracks-v1a1/mono.m3u8 200 
2026-09-20 01:28:30,967 [INFO] Capturing request: https://taylandpompa.yedektv.cfd/beintv/tracks-v1a1/2026/09/20/01/28/07-05050.jpg
2026-09-20 01:28:31,487 [INFO] Capturing request: https://android.clients.google.com/checkin
2026-09-20 01:28:31,646 [INFO] Capturing response: https://android.clients.google.com/checkin 200 
2026-09-20 01:28:31,692 [INFO] Capturing request: https://android.clients.google.com/c2dm/register3
2026-09-20 01:28:31,693 [INFO] Capturing request: https://android.clients.google.com/c2dm/register3
2026-09-20 01:28:31,694 [INFO] Capturing request: https://android.clients.google.com/c2dm/register3
2026-09-20 01:28:31,741 [INFO] Capturing response: https://taylandpompa.yedektv.cfd/beintv/tracks-v1a1/2026/09/20/01/28/07-05050.jpg 200 
2026-09-20 01:28:31,759 [INFO] Capturing response: https://android.clients.google.com/c2dm/register3 200 
2026-09-20 01:28:31,919 [INFO] Capturing request: https://taylandpompa.yedektv.cfd/beintv/tracks-v1a1/2026/09/20/01/28/12-05033.jpg
2026-09-20 01:28:32,138 [INFO] Capturing response: https://android.clients.google.com/c2dm/register3 200 
2026-09-20 01:28:32,397 [INFO] Capturing response: https://android.clients.google.com/c2dm/register3 200 
2026-09-20 01:28:32,445 [INFO]   ✅ M3U8 bulundu: https://ladyboy.yedektv.cfd//beintv/tracks-v1a1/mono.m3u8
2026-09-20 01:28:32,486 [INFO] Capturing response: https://taylandpompa.yedektv.cfd/beintv/tracks-v1a1/2026/09/20/01/28/12-05033.jpg 200 
2026-09-20 01:28:32,651 [INFO] Capturing request: https://taylandpompa.yedektv.cfd/beintv/tracks-v1a1/2026/09/20/01/28/17-05050.jpg
2026-09-20 01:28:33,237 [INFO] Capturing response: https://taylandpompa.yedektv.cfd/beintv/tracks-v1a1/2026/09/20/01/28/17-05050.jpg 200 
2026-09-20 01:28:33,402 [INFO] Capturing request: https://taylandpompa.yedektv.cfd/beintv/tracks-v1a1/2026/09/20/01/28/22-05033.jpg
2026-09-20 01:28:33,445 [INFO] 
[2/14]
2026-09-20 01:28:33,445 [INFO] 🔍 beIN Sports 2 → https://www.atomsportv514.top/matches?id=bein-sports-2
2026-09-20 01:28:33,552 [INFO] Capturing request: https://www.atomsportv514.top/matches?id=bein-sports-2
2026-09-20 01:28:33,784 [INFO] Capturing response: https://www.atomsportv514.top/matches?id=bein-sports-2 200 
2026-09-20 01:28:33,816 [INFO] Capturing request: https://www.atomsportv514.top/matches?id=bein-sports-2
2026-09-20 01:28:33,915 [INFO] Capturing request: https://teletv5.top/load/yayinlink.php?id=bein-sports-2
2026-09-20 01:28:33,916 [INFO] Capturing request: https://www.atomsportv514.top/favicon.ico
2026-09-20 01:28:33,959 [INFO] Capturing response: https://www.atomsportv514.top/favicon.ico 200 
2026-09-20 01:28:33,981 [INFO] Capturing response: https://taylandpompa.yedektv.cfd/beintv/tracks-v1a1/2026/09/20/01/28/22-05033.jpg 200 
2026-09-20 01:28:34,052 [INFO] Capturing response: https://www.atomsportv514.top/matches?id=bein-sports-2 200 
2026-09-20 01:28:34,107 [INFO] Capturing response: https://teletv5.top/load/yayinlink.php?id=bein-sports-2 200 
2026-09-20 01:28:34,215 [INFO] Capturing request: https://www.atomsportv514.top/assets/img/player/player_logo_6a87a2e2eecc5.png
2026-09-20 01:28:34,220 [INFO] Capturing request: https://ladyboy.yedektv.cfd//bein2/tracks-v1a1/mono.m3u8
2026-09-20 01:28:34,340 [INFO] Capturing response: https://www.atomsportv514.top/assets/img/player/player_logo_6a87a2e2eecc5.png 304 
2026-09-20 01:28:34,384 [INFO] Capturing response: https://ladyboy.yedektv.cfd//bein2/tracks-v1a1/mono.m3u8 200 
2026-09-20 01:28:34,490 [INFO] Capturing request: https://taylandpompa.yedektv.cfd/bein2/tracks-v1a1/2026/09/20/01/28/01-10000.jpg
2026-09-20 01:28:36,364 [INFO] Capturing response: https://taylandpompa.yedektv.cfd/bein2/tracks-v1a1/2026/09/20/01/28/01-10000.jpg 200 
2026-09-20 01:28:36,585 [INFO] Capturing request: https://taylandpompa.yedektv.cfd/bein2/tracks-v1a1/2026/09/20/01/28/11-10000.jpg
2026-09-20 01:28:36,823 [INFO]   ✅ M3U8 bulundu: https://ladyboy.yedektv.cfd//bein2/tracks-v1a1/mono.m3u8
2026-09-20 01:28:37,823 [INFO] 
[3/14]
2026-09-20 01:28:37,823 [INFO] 🔍 beIN Sports 3 → https://www.atomsportv514.top/matches?id=bein-sports-3
2026-09-20 01:28:37,930 [INFO] Capturing request: https://www.atomsportv514.top/matches?id=bein-sports-3
2026-09-20 01:28:38,163 [INFO] Capturing response: https://www.atomsportv514.top/matches?id=bein-sports-3 200 
2026-09-20 01:28:38,181 [INFO] Capturing request: https://www.atomsportv514.top/matches?id=bein-sports-3
2026-09-20 01:28:38,280 [INFO] Capturing request: https://teletv5.top/load/yayinlink.php?id=bein-sports-3
2026-09-20 01:28:38,283 [INFO] Capturing request: https://www.atomsportv514.top/favicon.ico
2026-09-20 01:28:38,324 [INFO] Capturing response: https://www.atomsportv514.top/favicon.ico 200 
2026-09-20 01:28:38,354 [INFO] Capturing response: https://taylandpompa.yedektv.cfd/bein2/tracks-v1a1/2026/09/20/01/28/11-10000.jpg 200 
2026-09-20 01:28:38,418 [INFO] Capturing response: https://www.atomsportv514.top/matches?id=bein-sports-3 200 
2026-09-20 01:28:38,487 [INFO] Capturing response: https://teletv5.top/load/yayinlink.php?id=bein-sports-3 200 
2026-09-20 01:28:38,595 [INFO] Capturing request: https://www.atomsportv514.top/assets/img/player/player_logo_6a87a2e2eecc5.png
2026-09-20 01:28:38,601 [INFO] Capturing request: https://ladyboy.yedektv.cfd//bein3/tracks-v1a1/mono.m3u8
2026-09-20 01:28:38,723 [INFO] Capturing response: https://www.atomsportv514.top/assets/img/player/player_logo_6a87a2e2eecc5.png 304 
2026-09-20 01:28:38,754 [INFO] Capturing response: https://ladyboy.yedektv.cfd//bein3/tracks-v1a1/mono.m3u8 200 
2026-09-20 01:28:38,860 [INFO] Capturing request: https://taylandpompa.yedektv.cfd/bein3/tracks-v1a1/2026/09/20/01/28/25-10000.jpg
2026-09-20 01:28:39,915 [INFO] Capturing response: https://taylandpompa.yedektv.cfd/bein3/tracks-v1a1/2026/09/20/01/28/25-10000.jpg 200 
2026-09-20 01:28:40,062 [INFO] Capturing request: https://taylandpompa.yedektv.cfd/bein3/tracks-v1a1/2026/09/20/01/28/35-10000.jpg
2026-09-20 01:28:40,889 [INFO] Capturing response: https://taylandpompa.yedektv.cfd/bein3/tracks-v1a1/2026/09/20/01/28/35-10000.jpg 200 
2026-09-20 01:28:41,067 [INFO] Capturing request: https://taylandpompa.yedektv.cfd/bein3/tracks-v1a1/2026/09/20/01/28/45-10000.jpg
2026-09-20 01:28:41,190 [INFO]   ✅ M3U8 bulundu: https://ladyboy.yedektv.cfd//bein3/tracks-v1a1/mono.m3u8
2026-09-20 01:28:41,908 [INFO] Capturing response: https://taylandpompa.yedektv.cfd/bein3/tracks-v1a1/2026/09/20/01/28/45-10000.jpg 200 
2026-09-20 01:28:42,191 [INFO] 
[4/14]
2026-09-20 01:28:42,191 [INFO] 🔍 beIN Sports 4 → https://www.atomsportv514.top/matches?id=bein-sports-4
2026-09-20 01:28:42,296 [INFO] Capturing request: https://www.atomsportv514.top/matches?id=bein-sports-4
2026-09-20 01:28:42,533 [INFO] Capturing response: https://www.atomsportv514.top/matches?id=bein-sports-4 200 
2026-09-20 01:28:42,552 [INFO] Capturing request: https://www.atomsportv514.top/matches?id=bein-sports-4
2026-09-20 01:28:42,653 [INFO] Capturing request: https://teletv5.top/load/yayinlink.php?id=bein-sports-4
2026-09-20 01:28:42,654 [INFO] Capturing request: https://www.atomsportv514.top/favicon.ico
2026-09-20 01:28:42,693 [INFO] Capturing response: https://www.atomsportv514.top/favicon.ico 200 
2026-09-20 01:28:42,790 [INFO] Capturing response: https://www.atomsportv514.top/matches?id=bein-sports-4 200 
2026-09-20 01:28:42,977 [INFO] Capturing response: https://teletv5.top/load/yayinlink.php?id=bein-sports-4 200 
2026-09-20 01:28:43,124 [INFO] Capturing request: https://www.atomsportv514.top/assets/img/player/player_logo_6a87a2e2eecc5.png
2026-09-20 01:28:43,130 [INFO] Capturing request: https://ladyboy.yedektv.cfd//bein4/tracks-v1a1/mono.m3u8
2026-09-20 01:28:43,253 [INFO] Capturing response: https://www.atomsportv514.top/assets/img/player/player_logo_6a87a2e2eecc5.png 304 
2026-09-20 01:28:43,287 [INFO] Capturing response: https://ladyboy.yedektv.cfd//bein4/tracks-v1a1/mono.m3u8 200 
2026-09-20 01:28:43,434 [INFO] Capturing request: https://taylandpompa.yedektv.cfd/bein4/tracks-v1a1/2026/09/20/01/29/33-06000.jpg
2026-09-20 01:28:44,105 [INFO] Capturing response: https://taylandpompa.yedektv.cfd/bein4/tracks-v1a1/2026/09/20/01/29/33-06000.jpg 200 
2026-09-20 01:28:44,238 [INFO] Capturing request: https://taylandpompa.yedektv.cfd/bein4/tracks-v1a1/2026/09/20/01/29/39-06000.jpg
2026-09-20 01:28:44,969 [INFO] Capturing response: https://taylandpompa.yedektv.cfd/bein4/tracks-v1a1/2026/09/20/01/29/39-06000.jpg 200 
2026-09-20 01:28:45,140 [INFO] Capturing request: https://taylandpompa.yedektv.cfd/bein4/tracks-v1a1/2026/09/20/01/29/45-06000.jpg
2026-09-20 01:28:45,562 [INFO]   ✅ M3U8 bulundu: https://ladyboy.yedektv.cfd//bein4/tracks-v1a1/mono.m3u8
2026-09-20 01:28:45,804 [INFO] Capturing response: https://taylandpompa.yedektv.cfd/bein4/tracks-v1a1/2026/09/20/01/29/45-06000.jpg 200 
2026-09-20 01:28:46,562 [INFO] 
[5/14]
2026-09-20 01:28:46,563 [INFO] 🔍 beIN Sports 5 → https://www.atomsportv514.top/matches?id=bein-sports-5
2026-09-20 01:28:46,669 [INFO] Capturing request: https://www.atomsportv514.top/matches?id=bein-sports-5
2026-09-20 01:28:47,020 [INFO] Capturing response: https://www.atomsportv514.top/matches?id=bein-sports-5 200 
2026-09-20 01:28:47,036 [INFO] Capturing request: https://www.atomsportv514.top/matches?id=bein-sports-5
2026-09-20 01:28:47,135 [INFO] Capturing request: https://teletv5.top/load/yayinlink.php?id=bein-sports-5
2026-09-20 01:28:47,139 [INFO] Capturing request: https://www.atomsportv514.top/favicon.ico
2026-09-20 01:28:47,189 [INFO] Capturing response: https://www.atomsportv514.top/favicon.ico 200 
2026-09-20 01:28:47,282 [INFO] Capturing response: https://www.atomsportv514.top/matches?id=bein-sports-5 200 
2026-09-20 01:28:47,333 [INFO] Capturing response: https://teletv5.top/load/yayinlink.php?id=bein-sports-5 200 
2026-09-20 01:28:47,440 [INFO] Capturing request: https://www.atomsportv514.top/assets/img/player/player_logo_6a87a2e2eecc5.png
2026-09-20 01:28:47,446 [INFO] Capturing request: https://ladyboy.yedektv.cfd//bein5/tracks-v1a1/mono.m3u8
2026-09-20 01:28:47,567 [INFO] Capturing response: https://www.atomsportv514.top/assets/img/player/player_logo_6a87a2e2eecc5.png 304 
2026-09-20 01:28:47,608 [INFO] Capturing response: https://ladyboy.yedektv.cfd//bein5/tracks-v1a1/mono.m3u8 200 
2026-09-20 01:28:47,715 [INFO] Capturing request: https://taylandpompa.yedektv.cfd/bein5/tracks-v1a1/2026/09/20/01/29/34-10000.jpg
2026-09-20 01:28:49,646 [INFO] Capturing response: https://taylandpompa.yedektv.cfd/bein5/tracks-v1a1/2026/09/20/01/29/34-10000.jpg 200 
2026-09-20 01:28:49,867 [INFO] Capturing request: https://taylandpompa.yedektv.cfd/bein5/tracks-v1a1/2026/09/20/01/29/44-10000.jpg
2026-09-20 01:28:50,044 [INFO]   ✅ M3U8 bulundu: https://ladyboy.yedektv.cfd//bein5/tracks-v1a1/mono.m3u8
2026-09-20 01:28:51,044 [INFO] 
[6/14]
2026-09-20 01:28:51,045 [INFO] 🔍 beIN Sports Max 1 → https://www.atomsportv514.top/matches?id=bein-sports-max-1
2026-09-20 01:28:51,151 [INFO] Capturing request: https://www.atomsportv514.top/matches?id=bein-sports-max-1
2026-09-20 01:28:51,388 [INFO] Capturing response: https://www.atomsportv514.top/matches?id=bein-sports-max-1 200 
2026-09-20 01:28:51,405 [INFO] Capturing request: https://www.atomsportv514.top/matches?id=bein-sports-max-1
2026-09-20 01:28:51,503 [INFO] Capturing request: https://teletv5.top/load/yayinlink.php?id=bein-sports-max-1
2026-09-20 01:28:51,506 [INFO] Capturing request: https://www.atomsportv514.top/favicon.ico
2026-09-20 01:28:51,552 [INFO] Capturing response: https://www.atomsportv514.top/favicon.ico 200 
2026-09-20 01:28:51,640 [INFO] Capturing response: https://www.atomsportv514.top/matches?id=bein-sports-max-1 200 
2026-09-20 01:28:51,693 [INFO] Capturing response: https://teletv5.top/load/yayinlink.php?id=bein-sports-max-1 200 
2026-09-20 01:28:51,742 [INFO] Capturing response: https://taylandpompa.yedektv.cfd/bein5/tracks-v1a1/2026/09/20/01/29/44-10000.jpg 200 
2026-09-20 01:28:51,841 [INFO] Capturing request: https://www.atomsportv514.top/assets/img/player/player_logo_6a87a2e2eecc5.png
2026-09-20 01:28:51,849 [INFO] Capturing request: https://ladyboy.yedektv.cfd//beinmax1/tracks-v1a1/mono.m3u8
2026-09-20 01:28:51,973 [INFO] Capturing response: https://www.atomsportv514.top/assets/img/player/player_logo_6a87a2e2eecc5.png 304 
2026-09-20 01:28:52,028 [INFO] Capturing response: https://ladyboy.yedektv.cfd//beinmax1/tracks-v1a1/mono.m3u8 200 
2026-09-20 01:28:52,174 [INFO] Capturing request: https://taylandpompa.yedektv.cfd/beinmax1/tracks-v1a1/2026/09/20/01/28/20-10000.jpg
2026-09-20 01:28:53,898 [INFO] Capturing response: https://taylandpompa.yedektv.cfd/beinmax1/tracks-v1a1/2026/09/20/01/28/20-10000.jpg 200 
2026-09-20 01:28:54,122 [INFO] Capturing request: https://taylandpompa.yedektv.cfd/beinmax1/tracks-v1a1/2026/09/20/01/28/30-05360.jpg
2026-09-20 01:28:54,415 [INFO]   ✅ M3U8 bulundu: https://ladyboy.yedektv.cfd//beinmax1/tracks-v1a1/mono.m3u8
2026-09-20 01:28:55,191 [INFO] Capturing response: https://taylandpompa.yedektv.cfd/beinmax1/tracks-v1a1/2026/09/20/01/28/30-05360.jpg 200 
2026-09-20 01:28:55,371 [INFO] Capturing request: https://taylandpompa.yedektv.cfd/beinmax1/tracks-v1a1/2026/09/20/01/28/35-06000.jpg
2026-09-20 01:28:55,415 [INFO] 
[7/14]
2026-09-20 01:28:55,415 [INFO] 🔍 beIN Sports Max 2 → https://www.atomsportv514.top/matches?id=bein-sports-max-2
2026-09-20 01:28:55,521 [INFO] Capturing request: https://www.atomsportv514.top/matches?id=bein-sports-max-2
2026-09-20 01:28:55,756 [INFO] Capturing response: https://www.atomsportv514.top/matches?id=bein-sports-max-2 200 
2026-09-20 01:28:55,776 [INFO] Capturing request: https://www.atomsportv514.top/matches?id=bein-sports-max-2
2026-09-20 01:28:55,877 [INFO] Capturing request: https://www.atomsportv514.top/favicon.ico
2026-09-20 01:28:55,878 [INFO] Capturing request: https://teletv5.top/load/yayinlink.php?id=bein-sports-max-2
2026-09-20 01:28:55,925 [INFO] Capturing response: https://www.atomsportv514.top/favicon.ico 200 
2026-09-20 01:28:56,027 [INFO] Capturing response: https://www.atomsportv514.top/matches?id=bein-sports-max-2 200 
2026-09-20 01:28:56,084 [INFO] Capturing response: https://teletv5.top/load/yayinlink.php?id=bein-sports-max-2 200 
2026-09-20 01:28:56,191 [INFO] Capturing request: https://www.atomsportv514.top/assets/img/player/player_logo_6a87a2e2eecc5.png
2026-09-20 01:28:56,198 [INFO] Capturing request: https://ladyboy.yedektv.cfd//beinmax2/tracks-v1a1/mono.m3u8
2026-09-20 01:28:56,371 [INFO] Capturing response: https://ladyboy.yedektv.cfd//beinmax2/tracks-v1a1/mono.m3u8 200 
2026-09-20 01:28:56,478 [INFO] Capturing response: https://www.atomsportv514.top/assets/img/player/player_logo_6a87a2e2eecc5.png 304 
2026-09-20 01:28:56,483 [INFO] Capturing request: https://taylandpompa.yedektv.cfd/beinmax2/tracks-v1a1/2026/09/20/01/28/15-07680.jpg
2026-09-20 01:28:57,040 [INFO] Capturing response: https://taylandpompa.yedektv.cfd/beinmax1/tracks-v1a1/2026/09/20/01/28/35-06000.jpg 200 
2026-09-20 01:28:58,783 [INFO]   ✅ M3U8 bulundu: https://ladyboy.yedektv.cfd//beinmax2/tracks-v1a1/mono.m3u8
2026-09-20 01:28:58,995 [INFO] Capturing response: https://taylandpompa.yedektv.cfd/beinmax2/tracks-v1a1/2026/09/20/01/28/15-07680.jpg 200 
2026-09-20 01:28:59,000 [INFO] Capturing request: https://android.clients.google.com/c2dm/register3
2026-09-20 01:28:59,066 [INFO] Capturing response: https://android.clients.google.com/c2dm/register3 301 
2026-09-20 01:28:59,236 [INFO] Capturing request: https://taylandpompa.yedektv.cfd/beinmax2/tracks-v1a1/2026/09/20/01/28/23-07680.jpg
2026-09-20 01:28:59,783 [INFO] 
[8/14]
2026-09-20 01:28:59,783 [INFO] 🔍 S Sport → https://www.atomsportv514.top/matches?id=s-sport
2026-09-20 01:28:59,890 [INFO] Capturing request: https://www.atomsportv514.top/matches?id=s-sport
2026-09-20 01:29:00,128 [INFO] Capturing response: https://www.atomsportv514.top/matches?id=s-sport 200 
2026-09-20 01:29:00,148 [INFO] Capturing request: https://www.atomsportv514.top/matches?id=s-sport
2026-09-20 01:29:00,246 [INFO] Capturing request: https://teletv5.top/load/yayinlink.php?id=s-sport
2026-09-20 01:29:00,251 [INFO] Capturing request: https://www.atomsportv514.top/favicon.ico
2026-09-20 01:29:00,294 [INFO] Capturing response: https://www.atomsportv514.top/favicon.ico 200 
2026-09-20 01:29:00,387 [INFO] Capturing response: https://www.atomsportv514.top/matches?id=s-sport 200 
2026-09-20 01:29:00,435 [INFO] Capturing response: https://teletv5.top/load/yayinlink.php?id=s-sport 200 
2026-09-20 01:29:00,583 [INFO] Capturing request: https://www.atomsportv514.top/assets/img/player/player_logo_6a87a2e2eecc5.png
2026-09-20 01:29:00,590 [INFO] Capturing request: https://ladyboy.yedektv.cfd//s-sport/tracks-v1a1/mono.m3u8
2026-09-20 01:29:00,708 [INFO] Capturing response: https://www.atomsportv514.top/assets/img/player/player_logo_6a87a2e2eecc5.png 304 
2026-09-20 01:29:00,737 [INFO] Capturing response: https://ladyboy.yedektv.cfd//s-sport/tracks-v1a1/mono.m3u8 200 
2026-09-20 01:29:00,884 [INFO] Capturing request: https://taylandpompa.yedektv.cfd/s-sport/tracks-v1a1/2026/09/20/01/29/56-05000.jpg
2026-09-20 01:29:02,319 [INFO] Capturing response: https://taylandpompa.yedektv.cfd/s-sport/tracks-v1a1/2026/09/20/01/29/56-05000.jpg 200 
2026-09-20 01:29:02,493 [INFO] Capturing request: https://taylandpompa.yedektv.cfd/s-sport/tracks-v1a1/2026/09/20/01/30/01-05000.jpg
2026-09-20 01:29:02,684 [INFO] Capturing response: https://taylandpompa.yedektv.cfd/beinmax2/tracks-v1a1/2026/09/20/01/28/23-07680.jpg 200 
2026-09-20 01:29:03,154 [INFO]   ✅ M3U8 bulundu: https://ladyboy.yedektv.cfd//s-sport/tracks-v1a1/mono.m3u8
2026-09-20 01:29:03,372 [INFO] Capturing response: https://taylandpompa.yedektv.cfd/s-sport/tracks-v1a1/2026/09/20/01/30/01-05000.jpg 200 
2026-09-20 01:29:03,505 [INFO] Capturing request: https://taylandpompa.yedektv.cfd/s-sport/tracks-v1a1/2026/09/20/01/30/06-05000.jpg
2026-09-20 01:29:04,155 [INFO] 
[9/14]
2026-09-20 01:29:04,155 [INFO] 🔍 S Sport 2 → https://www.atomsportv514.top/matches?id=s-sport-2
2026-09-20 01:29:04,233 [INFO] Capturing response: https://taylandpompa.yedektv.cfd/s-sport/tracks-v1a1/2026/09/20/01/30/06-05000.jpg 200 
2026-09-20 01:29:04,260 [INFO] Capturing request: https://www.atomsportv514.top/matches?id=s-sport-2
2026-09-20 01:29:04,493 [INFO] Capturing response: https://www.atomsportv514.top/matches?id=s-sport-2 200 
2026-09-20 01:29:04,512 [INFO] Capturing request: https://www.atomsportv514.top/matches?id=s-sport-2
2026-09-20 01:29:04,609 [INFO] Capturing request: https://teletv5.top/load/yayinlink.php?id=s-sport-2
2026-09-20 01:29:04,617 [INFO] Capturing request: https://www.atomsportv514.top/favicon.ico
2026-09-20 01:29:04,661 [INFO] Capturing response: https://www.atomsportv514.top/favicon.ico 200 
2026-09-20 01:29:04,749 [INFO] Capturing response: https://www.atomsportv514.top/matches?id=s-sport-2 200 
2026-09-20 01:29:04,801 [INFO] Capturing response: https://teletv5.top/load/yayinlink.php?id=s-sport-2 200 
2026-09-20 01:29:04,909 [INFO] Capturing request: https://www.atomsportv514.top/assets/img/player/player_logo_6a87a2e2eecc5.png
2026-09-20 01:29:04,915 [INFO] Capturing request: https://ladyboy.yedektv.cfd//s-sport2/tracks-v1a1/mono.m3u8
2026-09-20 01:29:05,033 [INFO] Capturing response: https://www.atomsportv514.top/assets/img/player/player_logo_6a87a2e2eecc5.png 304 
2026-09-20 01:29:05,069 [INFO] Capturing response: https://ladyboy.yedektv.cfd//s-sport2/tracks-v1a1/mono.m3u8 200 
2026-09-20 01:29:05,175 [INFO] Capturing request: https://taylandpompa.yedektv.cfd/s-sport2/tracks-v1a1/2026/09/20/01/28/41-05000.jpg
2026-09-20 01:29:05,346 [INFO] Capturing response: https://taylandpompa.yedektv.cfd/s-sport2/tracks-v1a1/2026/09/20/01/28/41-05000.jpg 404 
2026-09-20 01:29:05,451 [INFO] Capturing request: https://taylandpompa.yedektv.cfd/s-sport2/tracks-v1a1/2026/09/20/01/28/46-03000.jpg
2026-09-20 01:29:05,606 [INFO] Capturing response: https://taylandpompa.yedektv.cfd/s-sport2/tracks-v1a1/2026/09/20/01/28/46-03000.jpg 404 
2026-09-20 01:29:05,751 [INFO] Capturing request: https://taylandpompa.yedektv.cfd/s-sport2/tracks-v1a1/2026/09/20/01/28/49-05020.jpg
2026-09-20 01:29:06,770 [INFO] Capturing response: https://taylandpompa.yedektv.cfd/s-sport2/tracks-v1a1/2026/09/20/01/28/49-05020.jpg 200 
2026-09-20 01:29:06,948 [INFO] Capturing request: https://taylandpompa.yedektv.cfd/s-sport2/tracks-v1a1/2026/09/20/01/28/54-05000.jpg
2026-09-20 01:29:07,526 [INFO]   ✅ M3U8 bulundu: https://ladyboy.yedektv.cfd//s-sport2/tracks-v1a1/mono.m3u8
2026-09-20 01:29:07,930 [INFO] Capturing response: https://taylandpompa.yedektv.cfd/s-sport2/tracks-v1a1/2026/09/20/01/28/54-05000.jpg 200 
2026-09-20 01:29:08,115 [INFO] Capturing request: https://taylandpompa.yedektv.cfd/s-sport2/tracks-v1a1/2026/09/20/01/28/41-05000.jpg
2026-09-20 01:29:08,147 [INFO] Capturing response: https://taylandpompa.yedektv.cfd/s-sport2/tracks-v1a1/2026/09/20/01/28/41-05000.jpg 404 
2026-09-20 01:29:08,291 [INFO] Capturing request: https://taylandpompa.yedektv.cfd/s-sport2/tracks-v1a1/2026/09/20/01/28/46-03000.jpg
2026-09-20 01:29:08,319 [INFO] Capturing response: https://taylandpompa.yedektv.cfd/s-sport2/tracks-v1a1/2026/09/20/01/28/46-03000.jpg 404 
2026-09-20 01:29:08,526 [INFO] 
[10/14]
2026-09-20 01:29:08,527 [INFO] 🔍 A Spor → https://www.atomsportv514.top/matches?id=a-spor
2026-09-20 01:29:08,632 [INFO] Capturing request: https://www.atomsportv514.top/matches?id=a-spor
2026-09-20 01:29:08,867 [INFO] Capturing response: https://www.atomsportv514.top/matches?id=a-spor 200 
2026-09-20 01:29:08,887 [INFO] Capturing request: https://www.atomsportv514.top/matches?id=a-spor
2026-09-20 01:29:08,986 [INFO] Capturing request: https://teletv5.top/load/yayinlink.php?id=a-spor
2026-09-20 01:29:08,989 [INFO] Capturing request: https://www.atomsportv514.top/favicon.ico
2026-09-20 01:29:09,026 [INFO] Capturing response: https://www.atomsportv514.top/favicon.ico 200 
2026-09-20 01:29:09,123 [INFO] Capturing response: https://www.atomsportv514.top/matches?id=a-spor 200 
2026-09-20 01:29:09,180 [INFO] Capturing response: https://teletv5.top/load/yayinlink.php?id=a-spor 200 
2026-09-20 01:29:09,328 [INFO] Capturing request: https://www.atomsportv514.top/assets/img/player/player_logo_6a87a2e2eecc5.png
2026-09-20 01:29:09,334 [INFO] Capturing request: https://ladyboy.yedektv.cfd//aspor/tracks-v1a1/mono.m3u8
2026-09-20 01:29:09,452 [INFO] Capturing response: https://www.atomsportv514.top/assets/img/player/player_logo_6a87a2e2eecc5.png 304 
2026-09-20 01:29:09,492 [INFO] Capturing response: https://ladyboy.yedektv.cfd//aspor/tracks-v1a1/mono.m3u8 200 
2026-09-20 01:29:09,639 [INFO] Capturing request: https://taylandpompa.yedektv.cfd/aspor/tracks-v1a1/2026/09/20/01/29/27-10000.jpg
2026-09-20 01:29:10,679 [INFO] Capturing response: https://taylandpompa.yedektv.cfd/aspor/tracks-v1a1/2026/09/20/01/29/27-10000.jpg 200 
2026-09-20 01:29:10,824 [INFO] Capturing request: https://taylandpompa.yedektv.cfd/aspor/tracks-v1a1/2026/09/20/01/29/37-10000.jpg
2026-09-20 01:29:11,881 [INFO] Capturing response: https://taylandpompa.yedektv.cfd/aspor/tracks-v1a1/2026/09/20/01/29/37-10000.jpg 200 
2026-09-20 01:29:11,900 [INFO]   ✅ M3U8 bulundu: https://ladyboy.yedektv.cfd//aspor/tracks-v1a1/mono.m3u8
2026-09-20 01:29:12,067 [INFO] Capturing request: https://taylandpompa.yedektv.cfd/aspor/tracks-v1a1/2026/09/20/01/29/47-10000.jpg
2026-09-20 01:29:12,900 [INFO] 
[11/14]
2026-09-20 01:29:12,900 [INFO] 🔍 Tivibu Spor 1 → https://www.atomsportv514.top/matches?id=tivibu-spor-1
2026-09-20 01:29:13,006 [INFO] Capturing request: https://www.atomsportv514.top/matches?id=tivibu-spor-1
2026-09-20 01:29:13,127 [INFO] Capturing response: https://taylandpompa.yedektv.cfd/aspor/tracks-v1a1/2026/09/20/01/29/47-10000.jpg 200 
2026-09-20 01:29:13,253 [INFO] Capturing response: https://www.atomsportv514.top/matches?id=tivibu-spor-1 200 
2026-09-20 01:29:13,270 [INFO] Capturing request: https://www.atomsportv514.top/matches?id=tivibu-spor-1
2026-09-20 01:29:13,371 [INFO] Capturing request: https://teletv5.top/load/yayinlink.php?id=tivibu-spor-1
2026-09-20 01:29:13,373 [INFO] Capturing request: https://www.atomsportv514.top/favicon.ico
2026-09-20 01:29:13,415 [INFO] Capturing response: https://www.atomsportv514.top/favicon.ico 200 
2026-09-20 01:29:13,519 [INFO] Capturing response: https://www.atomsportv514.top/matches?id=tivibu-spor-1 200 
2026-09-20 01:29:13,569 [INFO] Capturing response: https://teletv5.top/load/yayinlink.php?id=tivibu-spor-1 200 
2026-09-20 01:29:28,199 [INFO] Capturing request: https://update.googleapis.com/service/update2/json?cup2key=ML-DSA-44-16:FB_h2YDVwdSHE4eb9NAzI_0laauzrG9A3lwv7QY7_rc&cup2hreq=69706ed7949658ffe08d96f837d98bb08109766a96b8c8a5b7b1fe97884d0ced
2026-09-20 01:29:28,258 [INFO] Capturing response: https://update.googleapis.com/service/update2/json?cup2key=ML-DSA-44-16:FB_h2YDVwdSHE4eb9NAzI_0laauzrG9A3lwv7QY7_rc&cup2hreq=69706ed7949658ffe08d96f837d98bb08109766a96b8c8a5b7b1fe97884d0ced 200 
2026-09-20 01:29:28,263 [INFO] Capturing request: http://edgedl.me.gvt1.com/edgedl/diffgen-puffin/gcmjkmgdlgnkkcocmoeiminaijmmjnii/fc1f961a8e1d6f22b29a01eb8f62d27d7f0f928ed1b230dfa8430cc20542c1bf
2026-09-20 01:29:28,312 [INFO] Capturing response: http://edgedl.me.gvt1.com/edgedl/diffgen-puffin/gcmjkmgdlgnkkcocmoeiminaijmmjnii/fc1f961a8e1d6f22b29a01eb8f62d27d7f0f928ed1b230dfa8430cc20542c1bf 200 OK
2026-09-20 01:29:28,332 [INFO] Capturing request: https://update.googleapis.com/service/update2/json
2026-09-20 01:29:28,387 [INFO] Capturing response: https://update.googleapis.com/service/update2/json 200 
2026-09-20 01:29:28,430 [INFO] Capturing request: http://edgedl.me.gvt1.com/edgedl/release2/chrome_component/d7qyfvdqmmpxpe4cpbwx6ssj3u_10787/hfnkpimlhhgieaddgfemjhofmfblmnib_10787_all_acsagsqmbn3d4n3v5lmm5mjtmfrq.crx3
2026-09-20 01:29:28,678 [INFO] Capturing response: http://edgedl.me.gvt1.com/edgedl/release2/chrome_component/d7qyfvdqmmpxpe4cpbwx6ssj3u_10787/hfnkpimlhhgieaddgfemjhofmfblmnib_10787_all_acsagsqmbn3d4n3v5lmm5mjtmfrq.crx3 200 OK
2026-09-20 01:29:28,692 [INFO] Capturing request: https://update.googleapis.com/service/update2/json
2026-09-20 01:29:28,727 [INFO] Capturing response: https://update.googleapis.com/service/update2/json 200 
2026-09-20 01:29:45,426 [INFO] Capturing request: https://android.clients.google.com/c2dm/register3
2026-09-20 01:29:45,487 [INFO] Capturing response: https://android.clients.google.com/c2dm/register3 301 
2026-09-20 01:29:46,408 [WARNING]   ❌ Tivibu Spor 1 için M3U8 bulunamadı
2026-09-20 01:29:47,408 [INFO] 
[12/14]
2026-09-20 01:29:47,408 [INFO] 🔍 Tivibu Spor 2 → https://www.atomsportv514.top/matches?id=tivibu-spor-2
2026-09-20 01:29:47,550 [INFO] Capturing request: https://www.atomsportv514.top/matches?id=tivibu-spor-2
2026-09-20 01:29:48,105 [INFO] Capturing response: https://www.atomsportv514.top/matches?id=tivibu-spor-2 200 
2026-09-20 01:29:48,157 [INFO] Capturing request: https://www.atomsportv514.top/matches?id=tivibu-spor-2
2026-09-20 01:29:48,261 [INFO] Capturing request: https://www.atomsportv514.top/favicon.ico
2026-09-20 01:29:48,310 [INFO] Capturing request: https://teletv5.top/load/yayinlink.php?id=tivibu-spor-2
2026-09-20 01:29:48,318 [INFO] Capturing response: https://www.atomsportv514.top/favicon.ico 200 
2026-09-20 01:29:48,381 [INFO] Capturing response: https://www.atomsportv514.top/matches?id=tivibu-spor-2 200 
2026-09-20 01:29:48,511 [INFO] Capturing response: https://teletv5.top/load/yayinlink.php?id=tivibu-spor-2 200 
2026-09-20 01:30:21,261 [WARNING]   ❌ Tivibu Spor 2 için M3U8 bulunamadı
2026-09-20 01:30:22,261 [INFO] 
[13/14]
2026-09-20 01:30:22,261 [INFO] 🔍 Tivibu Spor 3 → https://www.atomsportv514.top/matches?id=tivibu-spor-3
2026-09-20 01:30:22,369 [INFO] Capturing request: https://www.atomsportv514.top/matches?id=tivibu-spor-3
2026-09-20 01:30:22,743 [INFO] Capturing response: https://www.atomsportv514.top/matches?id=tivibu-spor-3 200 
2026-09-20 01:30:22,763 [INFO] Capturing request: https://www.atomsportv514.top/matches?id=tivibu-spor-3
2026-09-20 01:30:22,861 [INFO] Capturing request: https://teletv5.top/load/yayinlink.php?id=tivibu-spor-3
2026-09-20 01:30:22,865 [INFO] Capturing request: https://www.atomsportv514.top/favicon.ico
2026-09-20 01:30:22,904 [INFO] Capturing response: https://www.atomsportv514.top/favicon.ico 200 
2026-09-20 01:30:22,982 [INFO] Capturing response: https://www.atomsportv514.top/matches?id=tivibu-spor-3 200 
2026-09-20 01:30:23,062 [INFO] Capturing response: https://teletv5.top/load/yayinlink.php?id=tivibu-spor-3 200 
2026-09-20 01:30:55,863 [WARNING]   ❌ Tivibu Spor 3 için M3U8 bulunamadı
2026-09-20 01:30:56,863 [INFO] 
[14/14]
2026-09-20 01:30:56,863 [INFO] 🔍 Tivibu Spor 4 → https://www.atomsportv514.top/matches?id=tivibu-spor-4
2026-09-20 01:30:56,969 [INFO] Capturing request: https://www.atomsportv514.top/matches?id=tivibu-spor-4
2026-09-20 01:30:57,360 [INFO] Capturing response: https://www.atomsportv514.top/matches?id=tivibu-spor-4 200 
2026-09-20 01:30:57,379 [INFO] Capturing request: https://www.atomsportv514.top/matches?id=tivibu-spor-4
2026-09-20 01:30:57,481 [INFO] Capturing request: https://teletv5.top/load/yayinlink.php?id=tivibu-spor-4
2026-09-20 01:30:57,483 [INFO] Capturing request: https://www.atomsportv514.top/favicon.ico
2026-09-20 01:30:57,525 [INFO] Capturing response: https://www.atomsportv514.top/favicon.ico 200 
2026-09-20 01:30:57,599 [INFO] Capturing response: https://www.atomsportv514.top/matches?id=tivibu-spor-4 200 
2026-09-20 01:30:57,682 [INFO] Capturing response: https://teletv5.top/load/yayinlink.php?id=tivibu-spor-4 200 
2026-09-20 01:31:18,191 [INFO] Capturing request: https://android.clients.google.com/c2dm/register3
2026-09-20 01:31:18,273 [INFO] Capturing response: https://android.clients.google.com/c2dm/register3 301 
2026-09-20 01:31:30,484 [WARNING]   ❌ Tivibu Spor 4 için M3U8 bulunamadı
2026-09-20 01:31:31,540 [INFO] ✅ 10 kanal bulundu, playlist.m3u kaydedildi
