2026-08-19 22:26:04,279 [INFO] 🌐 BASE_URL: https://www.atomsportv512.top
2026-08-19 22:26:05,581 [INFO] Başlanıyor... 14 kanal taranacak
2026-08-19 22:26:05,581 [INFO] Using default request storage
2026-08-19 22:26:05,586 [INFO] Created proxy listening on 127.0.0.1:42023
2026-08-19 22:26:06,262 [INFO] Capturing request: http://clients2.google.com/time/1/current?cup2key=10:RaSs8TvdQWJfznqn7gnH-KXwMB-jeRCFrAruFxrsKEM&cup2hreq=e3b0c44298fc1c149afbf4c8996fb92427ae41e4649b934ca495991b7852b855
2026-08-19 22:26:06,309 [INFO] Capturing response: http://clients2.google.com/time/1/current?cup2key=10:RaSs8TvdQWJfznqn7gnH-KXwMB-jeRCFrAruFxrsKEM&cup2hreq=e3b0c44298fc1c149afbf4c8996fb92427ae41e4649b934ca495991b7852b855 200 OK
2026-08-19 22:26:06,556 [INFO] 
[1/14]
2026-08-19 22:26:06,557 [INFO] 🔍 beIN Sports 1 → https://www.atomsportv512.top/matches?id=bein-sports-1
2026-08-19 22:26:06,650 [INFO] Capturing request: https://accounts.google.com/ListAccounts?gpsia=1&source=ChromiumBrowser&json=standard&laf=b64bin
2026-08-19 22:26:06,654 [INFO] Capturing request: https://update.googleapis.com/service/update2/json?cup2key=16:MehW5YsH7MWfK2fSsqOAcTYaRTCfY8CL0M4XA8XvHOk&cup2hreq=29700e3e63c1944cf55c2ed44c2900c45ef7a60578d7646ee95298fabf59fe2d
2026-08-19 22:26:06,755 [INFO] Capturing response: https://update.googleapis.com/service/update2/json?cup2key=16:MehW5YsH7MWfK2fSsqOAcTYaRTCfY8CL0M4XA8XvHOk&cup2hreq=29700e3e63c1944cf55c2ed44c2900c45ef7a60578d7646ee95298fabf59fe2d 200 
2026-08-19 22:26:06,757 [INFO] Capturing request: https://www.google.com/async/folae?async=_fmt:pb&udm=50&client_locale=en-US&client_country=ZZ
2026-08-19 22:26:06,760 [INFO] Capturing response: https://accounts.google.com/ListAccounts?gpsia=1&source=ChromiumBrowser&json=standard&laf=b64bin 200 
2026-08-19 22:26:06,773 [INFO] Capturing request: https://www.atomsportv512.top/matches?id=bein-sports-1
2026-08-19 22:26:06,790 [INFO] Capturing response: https://www.google.com/async/folae?async=_fmt:pb&udm=50&client_locale=en-US&client_country=ZZ 200 
2026-08-19 22:26:06,802 [INFO] Capturing request: https://update.googleapis.com/service/update2/json?cup2key=16:VNatKrCEdlmID-cAo1F5TLc3k-DCegC8raW0BjyscWo&cup2hreq=e4d8626f39a2e89c84fa02e837f1318f7a0a6098bc3be006df82f0134cee2d26
2026-08-19 22:26:06,828 [INFO] Capturing response: https://update.googleapis.com/service/update2/json?cup2key=16:VNatKrCEdlmID-cAo1F5TLc3k-DCegC8raW0BjyscWo&cup2hreq=e4d8626f39a2e89c84fa02e837f1318f7a0a6098bc3be006df82f0134cee2d26 200 
2026-08-19 22:26:06,875 [INFO] Capturing request: https://update.googleapis.com/service/update2/json?cup2key=16:aoTkLGxEC2VTYuTBRS3kWOToXrNFLwLgWwwYni4Zc9E&cup2hreq=0c74d1937fe9ae203f2e68342d5c8867a3c816bb26e8c7b81a7647ffc1d95159
2026-08-19 22:26:06,900 [INFO] Capturing response: https://update.googleapis.com/service/update2/json?cup2key=16:aoTkLGxEC2VTYuTBRS3kWOToXrNFLwLgWwwYni4Zc9E&cup2hreq=0c74d1937fe9ae203f2e68342d5c8867a3c816bb26e8c7b81a7647ffc1d95159 200 
2026-08-19 22:26:07,009 [INFO] Capturing request: https://www.google.com/async/folae?async=_fmt:pb&udm=50&client_locale=en-US&client_country=ZZ
2026-08-19 22:26:07,036 [INFO] Capturing response: https://www.google.com/async/folae?async=_fmt:pb&udm=50&client_locale=en-US&client_country=ZZ 200 
2026-08-19 22:26:07,216 [INFO] Capturing response: https://www.atomsportv512.top/matches?id=bein-sports-1 200 
2026-08-19 22:26:07,418 [INFO] Capturing request: https://cdn.jsdelivr.net/npm/@clappr/player@0.11.16/dist/clappr.min.js
2026-08-19 22:26:07,422 [INFO] Capturing request: https://cdn.jsdelivr.net/npm/level-selector/dist/level-selector.min.js
2026-08-19 22:26:07,422 [INFO] Capturing request: https://cdn.jsdelivr.net/npm/@clappr/hlsjs-playback@1.8.3/dist/hlsjs-playback.min.js
2026-08-19 22:26:07,434 [INFO] Capturing response: https://cdn.jsdelivr.net/npm/level-selector/dist/level-selector.min.js 200 
2026-08-19 22:26:07,455 [INFO] Capturing response: https://cdn.jsdelivr.net/npm/@clappr/player@0.11.16/dist/clappr.min.js 200 
2026-08-19 22:26:07,459 [INFO] Capturing response: https://cdn.jsdelivr.net/npm/@clappr/hlsjs-playback@1.8.3/dist/hlsjs-playback.min.js 200 
2026-08-19 22:26:07,689 [INFO] Capturing request: https://www.atomsportv512.top/favicon.ico
2026-08-19 22:26:07,729 [INFO] Capturing response: https://www.atomsportv512.top/favicon.ico 200 
2026-08-19 22:26:07,741 [INFO] Capturing request: https://teletv5.top/load/yayinlink.php?id=bein-sports-1
2026-08-19 22:26:08,065 [INFO] Capturing response: https://teletv5.top/load/yayinlink.php?id=bein-sports-1 200 
2026-08-19 22:26:08,145 [INFO] Capturing request: https://streamsport365.com/cinema
2026-08-19 22:26:08,395 [INFO] Capturing response: https://streamsport365.com/cinema 200 
2026-08-19 22:26:08,526 [INFO] Capturing request: https://www.atomsportv512.top/assets/img/player/player_logo_6a72b29dbcd89.png
2026-08-19 22:26:08,596 [INFO] Capturing response: https://www.atomsportv512.top/assets/img/player/player_logo_6a72b29dbcd89.png 200 
2026-08-19 22:26:08,758 [INFO] Capturing request: https://corestream.siteyaptim.live//beintv/tracks-v1a1/mono.m3u8
2026-08-19 22:26:08,904 [INFO] Capturing response: https://corestream.siteyaptim.live//beintv/tracks-v1a1/mono.m3u8 200 
2026-08-19 22:26:09,268 [INFO] Capturing request: https://global.siteyaptim.live/beintv/tracks-v1a1/2026/08/19/22/25/46-06000.jpg
2026-08-19 22:26:09,562 [INFO] Capturing request: https://android.clients.google.com/checkin
2026-08-19 22:26:09,651 [INFO] Capturing response: https://global.siteyaptim.live/beintv/tracks-v1a1/2026/08/19/22/25/46-06000.jpg 200 
2026-08-19 22:26:09,663 [INFO] Capturing response: https://android.clients.google.com/checkin 200 
2026-08-19 22:26:09,716 [INFO] Capturing request: https://android.clients.google.com/c2dm/register3
2026-08-19 22:26:09,724 [INFO] Capturing request: https://android.clients.google.com/c2dm/register3
2026-08-19 22:26:09,725 [INFO] Capturing request: https://android.clients.google.com/c2dm/register3
2026-08-19 22:26:09,758 [INFO] Capturing response: https://android.clients.google.com/c2dm/register3 200 
2026-08-19 22:26:09,772 [INFO] Capturing response: https://android.clients.google.com/c2dm/register3 200 
2026-08-19 22:26:09,778 [INFO] Capturing response: https://android.clients.google.com/c2dm/register3 200 
2026-08-19 22:26:09,909 [INFO] Capturing request: https://global.siteyaptim.live/beintv/tracks-v1a1/2026/08/19/22/25/52-06000.jpg
2026-08-19 22:26:10,480 [INFO] Capturing response: https://global.siteyaptim.live/beintv/tracks-v1a1/2026/08/19/22/25/52-06000.jpg 200 
2026-08-19 22:26:10,615 [INFO]   ✅ M3U8 bulundu: https://corestream.siteyaptim.live//beintv/tracks-v1a1/mono.m3u8
2026-08-19 22:26:10,736 [INFO] Capturing request: https://global.siteyaptim.live/beintv/tracks-v1a1/2026/08/19/22/25/58-06000.jpg
2026-08-19 22:26:11,117 [INFO] Capturing response: https://global.siteyaptim.live/beintv/tracks-v1a1/2026/08/19/22/25/58-06000.jpg 200 
2026-08-19 22:26:11,615 [INFO] 
[2/14]
2026-08-19 22:26:11,615 [INFO] 🔍 beIN Sports 2 → https://www.atomsportv512.top/matches?id=bein-sports-2
2026-08-19 22:26:11,728 [INFO] Capturing request: https://www.atomsportv512.top/matches?id=bein-sports-2
2026-08-19 22:26:12,462 [INFO] Capturing response: https://www.atomsportv512.top/matches?id=bein-sports-2 200 
2026-08-19 22:26:12,516 [INFO] Capturing request: https://streamsport365.com/cinema
2026-08-19 22:26:12,611 [INFO] Capturing request: https://teletv5.top/load/yayinlink.php?id=bein-sports-2
2026-08-19 22:26:12,616 [INFO] Capturing request: https://www.atomsportv512.top/favicon.ico
2026-08-19 22:26:12,644 [INFO] Capturing response: https://www.atomsportv512.top/favicon.ico 200 
2026-08-19 22:26:12,769 [INFO] Capturing response: https://streamsport365.com/cinema 200 
2026-08-19 22:26:12,781 [INFO] Capturing response: https://teletv5.top/load/yayinlink.php?id=bein-sports-2 200 
2026-08-19 22:26:12,893 [INFO] Capturing request: https://www.atomsportv512.top/assets/img/player/player_logo_6a72b29dbcd89.png
2026-08-19 22:26:12,901 [INFO] Capturing request: https://corestream.siteyaptim.live//bein2/tracks-v1a1/mono.m3u8
2026-08-19 22:26:13,008 [INFO] Capturing response: https://www.atomsportv512.top/assets/img/player/player_logo_6a72b29dbcd89.png 304 
2026-08-19 22:26:13,035 [INFO] Capturing response: https://corestream.siteyaptim.live//bein2/tracks-v1a1/mono.m3u8 200 
2026-08-19 22:26:13,145 [INFO] Capturing request: https://global.siteyaptim.live/bein2/tracks-v1a1/2026/08/19/22/25/39-10000.jpg
2026-08-19 22:26:13,735 [INFO] Capturing response: https://global.siteyaptim.live/bein2/tracks-v1a1/2026/08/19/22/25/39-10000.jpg 200 
2026-08-19 22:26:14,073 [INFO] Capturing request: https://global.siteyaptim.live/bein2/tracks-v1a1/2026/08/19/22/25/49-10000.jpg
2026-08-19 22:26:14,840 [INFO] Capturing response: https://global.siteyaptim.live/bein2/tracks-v1a1/2026/08/19/22/25/49-10000.jpg 200 
2026-08-19 22:26:15,156 [INFO] Capturing request: https://global.siteyaptim.live/bein2/tracks-v1a1/2026/08/19/22/25/59-10000.jpg
2026-08-19 22:26:15,556 [INFO]   ✅ M3U8 bulundu: https://corestream.siteyaptim.live//bein2/tracks-v1a1/mono.m3u8
2026-08-19 22:26:15,749 [INFO] Capturing response: https://global.siteyaptim.live/bein2/tracks-v1a1/2026/08/19/22/25/59-10000.jpg 200 
2026-08-19 22:26:16,556 [INFO] 
[3/14]
2026-08-19 22:26:16,556 [INFO] 🔍 beIN Sports 3 → https://www.atomsportv512.top/matches?id=bein-sports-3
2026-08-19 22:26:16,669 [INFO] Capturing request: https://www.atomsportv512.top/matches?id=bein-sports-3
2026-08-19 22:26:16,868 [INFO] Capturing response: https://www.atomsportv512.top/matches?id=bein-sports-3 200 
2026-08-19 22:26:17,001 [INFO] Capturing request: https://www.atomsportv512.top/favicon.ico
2026-08-19 22:26:17,002 [INFO] Capturing request: https://teletv5.top/load/yayinlink.php?id=bein-sports-3
2026-08-19 22:26:17,031 [INFO] Capturing response: https://www.atomsportv512.top/favicon.ico 200 
2026-08-19 22:26:17,102 [INFO] Capturing request: https://streamsport365.com/cinema
2026-08-19 22:26:17,176 [INFO] Capturing response: https://teletv5.top/load/yayinlink.php?id=bein-sports-3 200 
2026-08-19 22:26:17,345 [INFO] Capturing response: https://streamsport365.com/cinema 200 
2026-08-19 22:26:17,456 [INFO] Capturing request: https://www.atomsportv512.top/assets/img/player/player_logo_6a72b29dbcd89.png
2026-08-19 22:26:17,467 [INFO] Capturing request: https://corestream.siteyaptim.live//bein3/tracks-v1a1/mono.m3u8
2026-08-19 22:26:17,572 [INFO] Capturing response: https://www.atomsportv512.top/assets/img/player/player_logo_6a72b29dbcd89.png 304 
2026-08-19 22:26:17,588 [INFO] Capturing response: https://corestream.siteyaptim.live//bein3/tracks-v1a1/mono.m3u8 200 
2026-08-19 22:26:17,697 [INFO] Capturing request: https://global.siteyaptim.live/bein3/tracks-v1a1/2026/08/19/22/25/49-10000.jpg
2026-08-19 22:26:18,000 [INFO] Capturing response: https://global.siteyaptim.live/bein3/tracks-v1a1/2026/08/19/22/25/49-10000.jpg 200 
2026-08-19 22:26:18,238 [INFO] Capturing request: https://global.siteyaptim.live/bein3/tracks-v1a1/2026/08/19/22/25/59-10000.jpg
2026-08-19 22:26:18,557 [INFO] Capturing response: https://global.siteyaptim.live/bein3/tracks-v1a1/2026/08/19/22/25/59-10000.jpg 200 
2026-08-19 22:26:18,785 [INFO] Capturing request: https://global.siteyaptim.live/bein3/tracks-v1a1/2026/08/19/22/26/09-10000.jpg
2026-08-19 22:26:19,182 [INFO] Capturing response: https://global.siteyaptim.live/bein3/tracks-v1a1/2026/08/19/22/26/09-10000.jpg 200 
2026-08-19 22:26:19,915 [INFO]   ✅ M3U8 bulundu: https://corestream.siteyaptim.live//bein3/tracks-v1a1/mono.m3u8
2026-08-19 22:26:20,916 [INFO] 
[4/14]
2026-08-19 22:26:20,916 [INFO] 🔍 beIN Sports 4 → https://www.atomsportv512.top/matches?id=bein-sports-4
2026-08-19 22:26:21,025 [INFO] Capturing request: https://www.atomsportv512.top/matches?id=bein-sports-4
2026-08-19 22:26:21,230 [INFO] Capturing response: https://www.atomsportv512.top/matches?id=bein-sports-4 200 
2026-08-19 22:26:21,259 [INFO] Capturing request: https://streamsport365.com/cinema
2026-08-19 22:26:21,356 [INFO] Capturing request: https://teletv5.top/load/yayinlink.php?id=bein-sports-4
2026-08-19 22:26:21,363 [INFO] Capturing request: https://www.atomsportv512.top/favicon.ico
2026-08-19 22:26:21,394 [INFO] Capturing response: https://www.atomsportv512.top/favicon.ico 200 
2026-08-19 22:26:21,511 [INFO] Capturing response: https://streamsport365.com/cinema 200 
2026-08-19 22:26:21,532 [INFO] Capturing response: https://teletv5.top/load/yayinlink.php?id=bein-sports-4 200 
2026-08-19 22:26:21,644 [INFO] Capturing request: https://www.atomsportv512.top/assets/img/player/player_logo_6a72b29dbcd89.png
2026-08-19 22:26:21,655 [INFO] Capturing request: https://corestream.siteyaptim.live//bein4/tracks-v1a1/mono.m3u8
2026-08-19 22:26:21,761 [INFO] Capturing response: https://www.atomsportv512.top/assets/img/player/player_logo_6a72b29dbcd89.png 304 
2026-08-19 22:26:21,782 [INFO] Capturing response: https://corestream.siteyaptim.live//bein4/tracks-v1a1/mono.m3u8 200 
2026-08-19 22:26:21,933 [INFO] Capturing request: https://global.siteyaptim.live/bein4/tracks-v1a1/2026/08/19/22/25/51-10000.jpg
2026-08-19 22:26:22,270 [INFO] Capturing response: https://global.siteyaptim.live/bein4/tracks-v1a1/2026/08/19/22/25/51-10000.jpg 200 
2026-08-19 22:26:22,473 [INFO] Capturing request: https://global.siteyaptim.live/bein4/tracks-v1a1/2026/08/19/22/26/01-10000.jpg
2026-08-19 22:26:22,762 [INFO] Capturing response: https://global.siteyaptim.live/bein4/tracks-v1a1/2026/08/19/22/26/01-10000.jpg 200 
2026-08-19 22:26:22,987 [INFO] Capturing request: https://global.siteyaptim.live/bein4/tracks-v1a1/2026/08/19/22/26/11-10000.jpg
2026-08-19 22:26:23,308 [INFO] Capturing response: https://global.siteyaptim.live/bein4/tracks-v1a1/2026/08/19/22/26/11-10000.jpg 200 
2026-08-19 22:26:24,284 [INFO]   ✅ M3U8 bulundu: https://corestream.siteyaptim.live//bein4/tracks-v1a1/mono.m3u8
2026-08-19 22:26:25,284 [INFO] 
[5/14]
2026-08-19 22:26:25,285 [INFO] 🔍 beIN Sports 5 → https://www.atomsportv512.top/matches?id=bein-sports-5
2026-08-19 22:26:25,394 [INFO] Capturing request: https://www.atomsportv512.top/matches?id=bein-sports-5
2026-08-19 22:26:25,603 [INFO] Capturing response: https://www.atomsportv512.top/matches?id=bein-sports-5 200 
2026-08-19 22:26:25,730 [INFO] Capturing request: https://teletv5.top/load/yayinlink.php?id=bein-sports-5
2026-08-19 22:26:25,734 [INFO] Capturing request: https://www.atomsportv512.top/favicon.ico
2026-08-19 22:26:25,764 [INFO] Capturing response: https://www.atomsportv512.top/favicon.ico 200 
2026-08-19 22:26:25,830 [INFO] Capturing request: https://streamsport365.com/cinema
2026-08-19 22:26:25,902 [INFO] Capturing response: https://teletv5.top/load/yayinlink.php?id=bein-sports-5 200 
2026-08-19 22:26:26,076 [INFO] Capturing response: https://streamsport365.com/cinema 200 
2026-08-19 22:26:26,187 [INFO] Capturing request: https://www.atomsportv512.top/assets/img/player/player_logo_6a72b29dbcd89.png
2026-08-19 22:26:26,197 [INFO] Capturing request: https://corestream.siteyaptim.live//bein5/tracks-v1a1/mono.m3u8
2026-08-19 22:26:26,303 [INFO] Capturing response: https://www.atomsportv512.top/assets/img/player/player_logo_6a72b29dbcd89.png 304 
2026-08-19 22:26:26,323 [INFO] Capturing response: https://corestream.siteyaptim.live//bein5/tracks-v1a1/mono.m3u8 200 
2026-08-19 22:26:26,433 [INFO] Capturing request: https://global.siteyaptim.live/bein5/tracks-v1a1/2026/08/19/22/25/42-10000.jpg
2026-08-19 22:26:27,104 [INFO] Capturing response: https://global.siteyaptim.live/bein5/tracks-v1a1/2026/08/19/22/25/42-10000.jpg 200 
2026-08-19 22:26:27,506 [INFO] Capturing request: https://global.siteyaptim.live/bein5/tracks-v1a1/2026/08/19/22/25/52-08880.jpg
2026-08-19 22:26:28,348 [INFO] Capturing response: https://global.siteyaptim.live/bein5/tracks-v1a1/2026/08/19/22/25/52-08880.jpg 200 
2026-08-19 22:26:28,654 [INFO]   ✅ M3U8 bulundu: https://corestream.siteyaptim.live//bein5/tracks-v1a1/mono.m3u8
2026-08-19 22:26:28,695 [INFO] Capturing request: https://global.siteyaptim.live/bein5/tracks-v1a1/2026/08/19/22/26/01-14400.jpg
2026-08-19 22:26:29,572 [INFO] Capturing response: https://global.siteyaptim.live/bein5/tracks-v1a1/2026/08/19/22/26/01-14400.jpg 200 
2026-08-19 22:26:29,655 [INFO] 
[6/14]
2026-08-19 22:26:29,655 [INFO] 🔍 beIN Sports Max 1 → https://www.atomsportv512.top/matches?id=bein-sports-max-1
2026-08-19 22:26:29,783 [INFO] Capturing request: https://www.atomsportv512.top/matches?id=bein-sports-max-1
2026-08-19 22:26:29,989 [INFO] Capturing response: https://www.atomsportv512.top/matches?id=bein-sports-max-1 200 
2026-08-19 22:26:30,054 [INFO] Capturing request: https://streamsport365.com/cinema
2026-08-19 22:26:30,149 [INFO] Capturing request: https://teletv5.top/load/yayinlink.php?id=bein-sports-max-1
2026-08-19 22:26:30,154 [INFO] Capturing request: https://www.atomsportv512.top/favicon.ico
2026-08-19 22:26:30,189 [INFO] Capturing response: https://www.atomsportv512.top/favicon.ico 200 
2026-08-19 22:26:30,303 [INFO] Capturing response: https://streamsport365.com/cinema 200 
2026-08-19 22:26:30,324 [INFO] Capturing response: https://teletv5.top/load/yayinlink.php?id=bein-sports-max-1 200 
2026-08-19 22:26:30,435 [INFO] Capturing request: https://www.atomsportv512.top/assets/img/player/player_logo_6a72b29dbcd89.png
2026-08-19 22:26:30,447 [INFO] Capturing request: https://corestream.siteyaptim.live//beinmax1/tracks-v1a1/mono.m3u8
2026-08-19 22:26:30,532 [INFO] Capturing request: https://android.clients.google.com/c2dm/register3
2026-08-19 22:26:30,552 [INFO] Capturing response: https://www.atomsportv512.top/assets/img/player/player_logo_6a72b29dbcd89.png 304 
2026-08-19 22:26:30,586 [INFO] Capturing response: https://corestream.siteyaptim.live//beinmax1/tracks-v1a1/mono.m3u8 404 
2026-08-19 22:26:31,276 [INFO] Capturing response: https://android.clients.google.com/c2dm/register3 200 
2026-08-19 22:26:32,749 [INFO] Capturing request: https://corestream.siteyaptim.live//beinmax1/tracks-v1a1/mono.m3u8
2026-08-19 22:26:32,870 [INFO] Capturing response: https://corestream.siteyaptim.live//beinmax1/tracks-v1a1/mono.m3u8 404 
2026-08-19 22:26:33,065 [INFO]   ✅ M3U8 bulundu: https://corestream.siteyaptim.live//beinmax1/tracks-v1a1/mono.m3u8
2026-08-19 22:26:33,898 [INFO] Capturing request: https://android.clients.google.com/c2dm/register3
2026-08-19 22:26:33,952 [INFO] Capturing response: https://android.clients.google.com/c2dm/register3 301 
2026-08-19 22:26:34,065 [INFO] 
[7/14]
2026-08-19 22:26:34,065 [INFO] 🔍 beIN Sports Max 2 → https://www.atomsportv512.top/matches?id=bein-sports-max-2
2026-08-19 22:26:34,173 [INFO] Capturing request: https://www.atomsportv512.top/matches?id=bein-sports-max-2
2026-08-19 22:26:34,376 [INFO] Capturing response: https://www.atomsportv512.top/matches?id=bein-sports-max-2 200 
2026-08-19 22:26:34,508 [INFO] Capturing request: https://teletv5.top/load/yayinlink.php?id=bein-sports-max-2
2026-08-19 22:26:34,518 [INFO] Capturing request: https://www.atomsportv512.top/favicon.ico
2026-08-19 22:26:34,547 [INFO] Capturing response: https://www.atomsportv512.top/favicon.ico 200 
2026-08-19 22:26:34,607 [INFO] Capturing request: https://streamsport365.com/cinema
2026-08-19 22:26:34,687 [INFO] Capturing response: https://teletv5.top/load/yayinlink.php?id=bein-sports-max-2 200 
2026-08-19 22:26:34,861 [INFO] Capturing response: https://streamsport365.com/cinema 200 
2026-08-19 22:26:34,971 [INFO] Capturing request: https://www.atomsportv512.top/assets/img/player/player_logo_6a72b29dbcd89.png
2026-08-19 22:26:34,980 [INFO] Capturing request: https://corestream.siteyaptim.live//beinmax2/tracks-v1a1/mono.m3u8
2026-08-19 22:26:35,089 [INFO] Capturing response: https://www.atomsportv512.top/assets/img/player/player_logo_6a72b29dbcd89.png 304 
2026-08-19 22:26:35,109 [INFO] Capturing response: https://corestream.siteyaptim.live//beinmax2/tracks-v1a1/mono.m3u8 404 
2026-08-19 22:26:36,158 [INFO] Capturing request: https://android.clients.google.com/c2dm/register3
2026-08-19 22:26:36,589 [INFO] Capturing response: https://android.clients.google.com/c2dm/register3 200 
2026-08-19 22:26:37,267 [INFO] Capturing request: https://corestream.siteyaptim.live//beinmax2/tracks-v1a1/mono.m3u8
2026-08-19 22:26:37,390 [INFO] Capturing response: https://corestream.siteyaptim.live//beinmax2/tracks-v1a1/mono.m3u8 404 
2026-08-19 22:26:37,435 [INFO]   ✅ M3U8 bulundu: https://corestream.siteyaptim.live//beinmax2/tracks-v1a1/mono.m3u8
2026-08-19 22:26:38,436 [INFO] 
[8/14]
2026-08-19 22:26:38,436 [INFO] 🔍 S Sport → https://www.atomsportv512.top/matches?id=s-sport
2026-08-19 22:26:38,544 [INFO] Capturing request: https://www.atomsportv512.top/matches?id=s-sport
2026-08-19 22:26:38,885 [INFO] Capturing response: https://www.atomsportv512.top/matches?id=s-sport 200 
2026-08-19 22:26:38,917 [INFO] Capturing request: https://streamsport365.com/cinema
2026-08-19 22:26:39,018 [INFO] Capturing request: https://teletv5.top/load/yayinlink.php?id=s-sport
2026-08-19 22:26:39,020 [INFO] Capturing request: https://www.atomsportv512.top/favicon.ico
2026-08-19 22:26:39,049 [INFO] Capturing response: https://www.atomsportv512.top/favicon.ico 200 
2026-08-19 22:26:39,171 [INFO] Capturing response: https://streamsport365.com/cinema 200 
2026-08-19 22:26:39,196 [INFO] Capturing response: https://teletv5.top/load/yayinlink.php?id=s-sport 200 
2026-08-19 22:26:39,308 [INFO] Capturing request: https://www.atomsportv512.top/assets/img/player/player_logo_6a72b29dbcd89.png
2026-08-19 22:26:39,318 [INFO] Capturing request: https://corestream.siteyaptim.live//s-sport/tracks-v1a1/mono.m3u8
2026-08-19 22:26:39,424 [INFO] Capturing response: https://www.atomsportv512.top/assets/img/player/player_logo_6a72b29dbcd89.png 304 
2026-08-19 22:26:39,446 [INFO] Capturing response: https://corestream.siteyaptim.live//s-sport/tracks-v1a1/mono.m3u8 200 
2026-08-19 22:26:39,556 [INFO] Capturing request: https://global.siteyaptim.live/s-sport/tracks-v1a1/2026/08/19/22/26/22-06000.jpg
2026-08-19 22:26:40,074 [INFO] Capturing response: https://global.siteyaptim.live/s-sport/tracks-v1a1/2026/08/19/22/26/22-06000.jpg 200 
2026-08-19 22:26:40,326 [INFO] Capturing request: https://global.siteyaptim.live/s-sport/tracks-v1a1/2026/08/19/22/26/28-06000.jpg
2026-08-19 22:26:40,727 [INFO] Capturing response: https://global.siteyaptim.live/s-sport/tracks-v1a1/2026/08/19/22/26/28-06000.jpg 200 
2026-08-19 22:26:40,971 [INFO] Capturing request: https://global.siteyaptim.live/s-sport/tracks-v1a1/2026/08/19/22/26/34-06000.jpg
2026-08-19 22:26:41,298 [INFO] Capturing response: https://global.siteyaptim.live/s-sport/tracks-v1a1/2026/08/19/22/26/34-06000.jpg 200 
2026-08-19 22:26:41,935 [INFO]   ✅ M3U8 bulundu: https://corestream.siteyaptim.live//s-sport/tracks-v1a1/mono.m3u8
2026-08-19 22:26:42,936 [INFO] 
[9/14]
2026-08-19 22:26:42,936 [INFO] 🔍 S Sport 2 → https://www.atomsportv512.top/matches?id=s-sport-2
2026-08-19 22:26:43,046 [INFO] Capturing request: https://www.atomsportv512.top/matches?id=s-sport-2
2026-08-19 22:26:43,243 [INFO] Capturing response: https://www.atomsportv512.top/matches?id=s-sport-2 200 
2026-08-19 22:26:43,375 [INFO] Capturing request: https://teletv5.top/load/yayinlink.php?id=s-sport-2
2026-08-19 22:26:43,380 [INFO] Capturing request: https://www.atomsportv512.top/favicon.ico
2026-08-19 22:26:43,410 [INFO] Capturing response: https://www.atomsportv512.top/favicon.ico 200 
2026-08-19 22:26:43,475 [INFO] Capturing request: https://streamsport365.com/cinema
2026-08-19 22:26:43,547 [INFO] Capturing response: https://teletv5.top/load/yayinlink.php?id=s-sport-2 200 
2026-08-19 22:26:43,729 [INFO] Capturing response: https://streamsport365.com/cinema 200 
2026-08-19 22:26:43,840 [INFO] Capturing request: https://www.atomsportv512.top/assets/img/player/player_logo_6a72b29dbcd89.png
2026-08-19 22:26:43,849 [INFO] Capturing request: https://corestream.siteyaptim.live//s-sport2/tracks-v1a1/mono.m3u8
2026-08-19 22:26:43,957 [INFO] Capturing response: https://www.atomsportv512.top/assets/img/player/player_logo_6a72b29dbcd89.png 304 
2026-08-19 22:26:43,974 [INFO] Capturing response: https://corestream.siteyaptim.live//s-sport2/tracks-v1a1/mono.m3u8 200 
2026-08-19 22:26:44,124 [INFO] Capturing request: https://global.siteyaptim.live/s-sport2/tracks-v1a1/2026/08/19/22/26/25-06000.jpg
2026-08-19 22:26:44,399 [INFO] Capturing response: https://global.siteyaptim.live/s-sport2/tracks-v1a1/2026/08/19/22/26/25-06000.jpg 200 
2026-08-19 22:26:44,646 [INFO] Capturing request: https://global.siteyaptim.live/s-sport2/tracks-v1a1/2026/08/19/22/26/31-06000.jpg
2026-08-19 22:26:44,880 [INFO] Capturing response: https://global.siteyaptim.live/s-sport2/tracks-v1a1/2026/08/19/22/26/31-06000.jpg 200 
2026-08-19 22:26:45,107 [INFO] Capturing request: https://global.siteyaptim.live/s-sport2/tracks-v1a1/2026/08/19/22/26/37-06000.jpg
2026-08-19 22:26:45,322 [INFO] Capturing response: https://global.siteyaptim.live/s-sport2/tracks-v1a1/2026/08/19/22/26/37-06000.jpg 200 
2026-08-19 22:26:46,305 [INFO]   ✅ M3U8 bulundu: https://corestream.siteyaptim.live//s-sport2/tracks-v1a1/mono.m3u8
2026-08-19 22:26:47,305 [INFO] 
[10/14]
2026-08-19 22:26:47,305 [INFO] 🔍 A Spor → https://www.atomsportv512.top/matches?id=a-spor
2026-08-19 22:26:47,416 [INFO] Capturing request: https://www.atomsportv512.top/matches?id=a-spor
2026-08-19 22:26:47,620 [INFO] Capturing response: https://www.atomsportv512.top/matches?id=a-spor 200 
2026-08-19 22:26:47,653 [INFO] Capturing request: https://streamsport365.com/cinema
2026-08-19 22:26:47,752 [INFO] Capturing request: https://teletv5.top/load/yayinlink.php?id=a-spor
2026-08-19 22:26:47,754 [INFO] Capturing request: https://www.atomsportv512.top/favicon.ico
2026-08-19 22:26:47,787 [INFO] Capturing response: https://www.atomsportv512.top/favicon.ico 200 
2026-08-19 22:26:47,897 [INFO] Capturing response: https://streamsport365.com/cinema 200 
2026-08-19 22:26:47,927 [INFO] Capturing response: https://teletv5.top/load/yayinlink.php?id=a-spor 200 
2026-08-19 22:26:48,039 [INFO] Capturing request: https://www.atomsportv512.top/assets/img/player/player_logo_6a72b29dbcd89.png
2026-08-19 22:26:48,048 [INFO] Capturing request: https://corestream.siteyaptim.live//aspor/tracks-v1a1/mono.m3u8
2026-08-19 22:26:48,157 [INFO] Capturing response: https://www.atomsportv512.top/assets/img/player/player_logo_6a72b29dbcd89.png 304 
2026-08-19 22:26:48,179 [INFO] Capturing response: https://corestream.siteyaptim.live//aspor/tracks-v1a1/mono.m3u8 200 
2026-08-19 22:26:48,289 [INFO] Capturing request: https://global.siteyaptim.live/aspor/tracks-v1a1/2026/08/19/22/26/13-10000.jpg
2026-08-19 22:26:48,856 [INFO] Capturing response: https://global.siteyaptim.live/aspor/tracks-v1a1/2026/08/19/22/26/13-10000.jpg 200 
2026-08-19 22:26:49,192 [INFO] Capturing request: https://global.siteyaptim.live/aspor/tracks-v1a1/2026/08/19/22/26/23-10000.jpg
2026-08-19 22:26:49,858 [INFO] Capturing response: https://global.siteyaptim.live/aspor/tracks-v1a1/2026/08/19/22/26/23-10000.jpg 200 
2026-08-19 22:26:50,185 [INFO] Capturing request: https://global.siteyaptim.live/aspor/tracks-v1a1/2026/08/19/22/26/33-10000.jpg
2026-08-19 22:26:50,688 [INFO]   ✅ M3U8 bulundu: https://corestream.siteyaptim.live//aspor/tracks-v1a1/mono.m3u8
2026-08-19 22:26:50,741 [INFO] Capturing response: https://global.siteyaptim.live/aspor/tracks-v1a1/2026/08/19/22/26/33-10000.jpg 200 
2026-08-19 22:26:51,688 [INFO] 
[11/14]
2026-08-19 22:26:51,688 [INFO] 🔍 Tivibu Spor 1 → https://www.atomsportv512.top/matches?id=tivibu-spor-1
2026-08-19 22:26:51,801 [INFO] Capturing request: https://www.atomsportv512.top/matches?id=tivibu-spor-1
2026-08-19 22:26:52,006 [INFO] Capturing response: https://www.atomsportv512.top/matches?id=tivibu-spor-1 200 
2026-08-19 22:26:52,138 [INFO] Capturing request: https://teletv5.top/load/yayinlink.php?id=tivibu-spor-1
2026-08-19 22:26:52,140 [INFO] Capturing request: https://www.atomsportv512.top/favicon.ico
2026-08-19 22:26:52,169 [INFO] Capturing response: https://www.atomsportv512.top/favicon.ico 200 
2026-08-19 22:26:52,235 [INFO] Capturing request: https://streamsport365.com/cinema
2026-08-19 22:26:52,310 [INFO] Capturing response: https://teletv5.top/load/yayinlink.php?id=tivibu-spor-1 200 
2026-08-19 22:26:52,489 [INFO] Capturing response: https://streamsport365.com/cinema 200 
2026-08-19 22:27:06,260 [INFO] Capturing request: https://update.googleapis.com/service/update2/json?cup2key=16:a02pwOp7Ayt1xOHit5G2CqeHMbB8Ih7FQop83Bq6nGc&cup2hreq=c3aad382032fa6a8fb515a0505e8bbe5c580996380faed1989ed5aceb50a0222
2026-08-19 22:27:06,286 [INFO] Capturing response: https://update.googleapis.com/service/update2/json?cup2key=16:a02pwOp7Ayt1xOHit5G2CqeHMbB8Ih7FQop83Bq6nGc&cup2hreq=c3aad382032fa6a8fb515a0505e8bbe5c580996380faed1989ed5aceb50a0222 200 
2026-08-19 22:27:06,293 [INFO] Capturing request: http://edgedl.me.gvt1.com/edgedl/diffgen-puffin/gcmjkmgdlgnkkcocmoeiminaijmmjnii/6ca5bdb9f3e2cd83b7e359729bc6c33c4fe975ec499861d969b3e080320849ff
2026-08-19 22:27:06,306 [INFO] Capturing response: http://edgedl.me.gvt1.com/edgedl/diffgen-puffin/gcmjkmgdlgnkkcocmoeiminaijmmjnii/6ca5bdb9f3e2cd83b7e359729bc6c33c4fe975ec499861d969b3e080320849ff 200 OK
2026-08-19 22:27:06,332 [INFO] Capturing request: https://update.googleapis.com/service/update2/json
2026-08-19 22:27:06,356 [INFO] Capturing response: https://update.googleapis.com/service/update2/json 200 
2026-08-19 22:27:06,401 [INFO] Capturing request: http://edgedl.me.gvt1.com/edgedl/release2/chrome_component/adhsnn6ewqhue2k23vlkfrfvjfna_10725/hfnkpimlhhgieaddgfemjhofmfblmnib_10725_all_ha65l26m7x2h5t3sifbdvpwz3m.crx3
2026-08-19 22:27:06,427 [INFO] Capturing response: http://edgedl.me.gvt1.com/edgedl/release2/chrome_component/adhsnn6ewqhue2k23vlkfrfvjfna_10725/hfnkpimlhhgieaddgfemjhofmfblmnib_10725_all_ha65l26m7x2h5t3sifbdvpwz3m.crx3 200 OK
2026-08-19 22:27:06,456 [INFO] Capturing request: https://update.googleapis.com/service/update2/json
2026-08-19 22:27:06,478 [INFO] Capturing response: https://update.googleapis.com/service/update2/json 200 
2026-08-19 22:27:22,428 [INFO] Capturing request: https://android.clients.google.com/c2dm/register3
2026-08-19 22:27:22,476 [INFO] Capturing response: https://android.clients.google.com/c2dm/register3 301 
2026-08-19 22:27:25,335 [WARNING]   ❌ Tivibu Spor 1 için M3U8 bulunamadı
2026-08-19 22:27:26,335 [INFO] 
[12/14]
2026-08-19 22:27:26,335 [INFO] 🔍 Tivibu Spor 2 → https://www.atomsportv512.top/matches?id=tivibu-spor-2
2026-08-19 22:27:26,478 [INFO] Capturing request: https://www.atomsportv512.top/matches?id=tivibu-spor-2
2026-08-19 22:27:26,992 [INFO] Capturing response: https://www.atomsportv512.top/matches?id=tivibu-spor-2 200 
2026-08-19 22:27:27,156 [INFO] Capturing request: https://www.atomsportv512.top/favicon.ico
2026-08-19 22:27:27,193 [INFO] Capturing request: https://teletv5.top/load/yayinlink.php?id=tivibu-spor-2
2026-08-19 22:27:27,202 [INFO] Capturing response: https://www.atomsportv512.top/favicon.ico 200 
2026-08-19 22:27:27,375 [INFO] Capturing response: https://teletv5.top/load/yayinlink.php?id=tivibu-spor-2 200 
2026-08-19 22:27:27,624 [INFO] Capturing request: https://streamsport365.com/cinema
2026-08-19 22:27:27,875 [INFO] Capturing response: https://streamsport365.com/cinema 200 
2026-08-19 22:28:00,299 [WARNING]   ❌ Tivibu Spor 2 için M3U8 bulunamadı
2026-08-19 22:28:01,299 [INFO] 
[13/14]
2026-08-19 22:28:01,300 [INFO] 🔍 Tivibu Spor 3 → https://www.atomsportv512.top/matches?id=tivibu-spor-3
2026-08-19 22:28:01,409 [INFO] Capturing request: https://www.atomsportv512.top/matches?id=tivibu-spor-3
2026-08-19 22:28:01,742 [INFO] Capturing response: https://www.atomsportv512.top/matches?id=tivibu-spor-3 200 
2026-08-19 22:28:01,873 [INFO] Capturing request: https://teletv5.top/load/yayinlink.php?id=tivibu-spor-3
2026-08-19 22:28:01,876 [INFO] Capturing request: https://www.atomsportv512.top/favicon.ico
2026-08-19 22:28:01,910 [INFO] Capturing response: https://www.atomsportv512.top/favicon.ico 200 
2026-08-19 22:28:01,973 [INFO] Capturing request: https://streamsport365.com/cinema
2026-08-19 22:28:02,055 [INFO] Capturing response: https://teletv5.top/load/yayinlink.php?id=tivibu-spor-3 200 
2026-08-19 22:28:02,228 [INFO] Capturing response: https://streamsport365.com/cinema 200 
2026-08-19 22:28:35,026 [WARNING]   ❌ Tivibu Spor 3 için M3U8 bulunamadı
2026-08-19 22:28:36,026 [INFO] 
[14/14]
2026-08-19 22:28:36,026 [INFO] 🔍 Tivibu Spor 4 → https://www.atomsportv512.top/matches?id=tivibu-spor-4
2026-08-19 22:28:36,134 [INFO] Capturing request: https://www.atomsportv512.top/matches?id=tivibu-spor-4
2026-08-19 22:28:36,467 [INFO] Capturing response: https://www.atomsportv512.top/matches?id=tivibu-spor-4 200 
2026-08-19 22:28:36,603 [INFO] Capturing request: https://teletv5.top/load/yayinlink.php?id=tivibu-spor-4
2026-08-19 22:28:36,605 [INFO] Capturing request: https://www.atomsportv512.top/favicon.ico
2026-08-19 22:28:36,636 [INFO] Capturing response: https://www.atomsportv512.top/favicon.ico 200 
2026-08-19 22:28:36,704 [INFO] Capturing request: https://streamsport365.com/cinema
2026-08-19 22:28:36,778 [INFO] Capturing response: https://teletv5.top/load/yayinlink.php?id=tivibu-spor-4 200 
2026-08-19 22:28:36,958 [INFO] Capturing response: https://streamsport365.com/cinema 200 
2026-08-19 22:28:46,201 [INFO] Capturing request: https://android.clients.google.com/c2dm/register3
2026-08-19 22:28:46,243 [INFO] Capturing response: https://android.clients.google.com/c2dm/register3 301 
2026-08-19 22:29:09,747 [WARNING]   ❌ Tivibu Spor 4 için M3U8 bulunamadı
2026-08-19 22:29:10,814 [INFO] ✅ 10 kanal bulundu, playlist.m3u kaydedildi
