2026-09-07 13:20:16,106 [INFO] 🌐 BASE_URL: https://www.atomsportv514.top
2026-09-07 13:20:16,985 [INFO] Başlanıyor... 14 kanal taranacak
2026-09-07 13:20:16,985 [INFO] Using default request storage
2026-09-07 13:20:16,989 [INFO] Created proxy listening on 127.0.0.1:34787
2026-09-07 13:20:17,636 [INFO] Capturing request: http://clients2.google.com/time/1/current?cup2key=10:4QGkOmRuLUfqaPISq2sVGXkIYmO7YgiEvd-GNry4OM0&cup2hreq=e3b0c44298fc1c149afbf4c8996fb92427ae41e4649b934ca495991b7852b855
2026-09-07 13:20:17,705 [INFO] Capturing response: http://clients2.google.com/time/1/current?cup2key=10:4QGkOmRuLUfqaPISq2sVGXkIYmO7YgiEvd-GNry4OM0&cup2hreq=e3b0c44298fc1c149afbf4c8996fb92427ae41e4649b934ca495991b7852b855 200 OK
2026-09-07 13:20:17,862 [INFO] 
[1/14]
2026-09-07 13:20:17,862 [INFO] 🔍 beIN Sports 1 → https://www.atomsportv514.top/matches?id=bein-sports-1
2026-09-07 13:20:18,025 [INFO] Capturing request: https://update.googleapis.com/service/update2/json?cup2key=16:YfDZ9JFH5xrrbiE-g5gZK4FBk-yP3LD_oSRHCTEzx6M&cup2hreq=f0997fcd6516bfce5c1c1c04595aa32f2cd988116bbaa10c820428607a215723
2026-09-07 13:20:18,033 [INFO] Capturing request: https://accounts.google.com/ListAccounts?gpsia=1&source=ChromiumBrowser&json=standard&laf=b64bin
2026-09-07 13:20:18,123 [INFO] Capturing response: https://update.googleapis.com/service/update2/json?cup2key=16:YfDZ9JFH5xrrbiE-g5gZK4FBk-yP3LD_oSRHCTEzx6M&cup2hreq=f0997fcd6516bfce5c1c1c04595aa32f2cd988116bbaa10c820428607a215723 200 
2026-09-07 13:20:18,125 [INFO] Capturing request: https://www.atomsportv514.top/matches?id=bein-sports-1
2026-09-07 13:20:18,127 [INFO] Capturing request: https://www.google.com/async/folae?async=_fmt:pb&udm=50&client_locale=en-US&client_country=ZZ
2026-09-07 13:20:18,130 [INFO] Capturing response: https://accounts.google.com/ListAccounts?gpsia=1&source=ChromiumBrowser&json=standard&laf=b64bin 200 
2026-09-07 13:20:18,165 [INFO] Capturing response: https://www.google.com/async/folae?async=_fmt:pb&udm=50&client_locale=en-US&client_country=ZZ 200 
2026-09-07 13:20:18,171 [INFO] Capturing request: https://update.googleapis.com/service/update2/json?cup2key=16:CwDHApqKmUAPmCB007fw9J1WbQGDCgRoPM13FSbhXDA&cup2hreq=b8ee2cb978f8cdd35b19dc8d7b558fccbdb01e29060791f40bdceae331af1493
2026-09-07 13:20:18,231 [INFO] Capturing response: https://update.googleapis.com/service/update2/json?cup2key=16:CwDHApqKmUAPmCB007fw9J1WbQGDCgRoPM13FSbhXDA&cup2hreq=b8ee2cb978f8cdd35b19dc8d7b558fccbdb01e29060791f40bdceae331af1493 200 
2026-09-07 13:20:18,277 [INFO] Capturing request: https://update.googleapis.com/service/update2/json?cup2key=16:L_zorovM9jUM26BDc8DjYTm21pFAHCpkZxA729W4s4s&cup2hreq=9e330dcd6a0a7e706c06d4f01641d09f51f6d17a4247c3a1a937bd6ffe96dca3
2026-09-07 13:20:18,334 [INFO] Capturing response: https://update.googleapis.com/service/update2/json?cup2key=16:L_zorovM9jUM26BDc8DjYTm21pFAHCpkZxA729W4s4s&cup2hreq=9e330dcd6a0a7e706c06d4f01641d09f51f6d17a4247c3a1a937bd6ffe96dca3 200 
2026-09-07 13:20:18,377 [INFO] Capturing request: https://www.google.com/async/folae?async=_fmt:pb&udm=50&client_locale=en-US&client_country=ZZ
2026-09-07 13:20:18,413 [INFO] Capturing response: https://www.google.com/async/folae?async=_fmt:pb&udm=50&client_locale=en-US&client_country=ZZ 200 
2026-09-07 13:20:19,301 [INFO] Capturing response: https://www.atomsportv514.top/matches?id=bein-sports-1 200 
2026-09-07 13:20:19,551 [INFO] Capturing request: https://cdn.jsdelivr.net/npm/@clappr/player@0.11.16/dist/clappr.min.js
2026-09-07 13:20:19,577 [INFO] Capturing request: https://cdn.jsdelivr.net/npm/level-selector/dist/level-selector.min.js
2026-09-07 13:20:19,578 [INFO] Capturing request: https://cdn.jsdelivr.net/npm/@clappr/hlsjs-playback@1.8.3/dist/hlsjs-playback.min.js
2026-09-07 13:20:19,631 [INFO] Capturing response: https://cdn.jsdelivr.net/npm/level-selector/dist/level-selector.min.js 200 
2026-09-07 13:20:19,716 [INFO] Capturing response: https://cdn.jsdelivr.net/npm/@clappr/player@0.11.16/dist/clappr.min.js 200 
2026-09-07 13:20:19,765 [INFO] Capturing response: https://cdn.jsdelivr.net/npm/@clappr/hlsjs-playback@1.8.3/dist/hlsjs-playback.min.js 200 
2026-09-07 13:20:19,915 [INFO] Capturing request: https://www.atomsportv514.top/favicon.ico
2026-09-07 13:20:19,978 [INFO] Capturing response: https://www.atomsportv514.top/favicon.ico 200 
2026-09-07 13:20:20,050 [INFO] Capturing request: https://teletv5.top/load/yayinlink.php?id=bein-sports-1
2026-09-07 13:20:20,499 [INFO] Capturing response: https://teletv5.top/load/yayinlink.php?id=bein-sports-1 200 
2026-09-07 13:20:20,509 [INFO] Capturing request: https://streamsport365.com/cinema
2026-09-07 13:20:20,834 [INFO] Capturing response: https://streamsport365.com/cinema 200 
2026-09-07 13:20:20,959 [INFO] Capturing request: https://www.atomsportv514.top/assets/img/player/player_logo_6a87a2e2eecc5.png
2026-09-07 13:20:21,024 [INFO] Capturing response: https://www.atomsportv514.top/assets/img/player/player_logo_6a87a2e2eecc5.png 200 
2026-09-07 13:20:21,268 [INFO] Capturing request: https://corestream.ardastream.live//beintv/tracks-v1a1/mono.m3u8
2026-09-07 13:20:21,488 [INFO] Capturing response: https://corestream.ardastream.live//beintv/tracks-v1a1/mono.m3u8 200 
2026-09-07 13:20:21,701 [INFO] Capturing request: https://android.clients.google.com/checkin
2026-09-07 13:20:21,782 [INFO] Capturing request: https://global.ardastream.live/beintv/tracks-v1a1/2026/09/07/13/21/07-06000.jpg
2026-09-07 13:20:21,807 [INFO] Capturing response: https://android.clients.google.com/checkin 200 
2026-09-07 13:20:21,855 [INFO] Capturing request: https://android.clients.google.com/c2dm/register3
2026-09-07 13:20:21,861 [INFO] Capturing request: https://android.clients.google.com/c2dm/register3
2026-09-07 13:20:21,862 [INFO] Capturing request: https://android.clients.google.com/c2dm/register3
2026-09-07 13:20:21,925 [INFO] Capturing response: https://android.clients.google.com/c2dm/register3 301 
2026-09-07 13:20:22,776 [INFO] Capturing response: https://android.clients.google.com/c2dm/register3 200 
2026-09-07 13:20:22,829 [INFO]   ✅ M3U8 bulundu: https://corestream.ardastream.live//beintv/tracks-v1a1/mono.m3u8
2026-09-07 13:20:22,834 [INFO] Capturing response: https://android.clients.google.com/c2dm/register3 200 
2026-09-07 13:20:22,861 [INFO] Capturing response: https://global.ardastream.live/beintv/tracks-v1a1/2026/09/07/13/21/07-06000.jpg 200 
2026-09-07 13:20:23,058 [INFO] Capturing request: https://global.ardastream.live/beintv/tracks-v1a1/2026/09/07/13/21/13-06000.jpg
2026-09-07 13:20:23,830 [INFO] 
[2/14]
2026-09-07 13:20:23,830 [INFO] 🔍 beIN Sports 2 → https://www.atomsportv514.top/matches?id=bein-sports-2
2026-09-07 13:20:23,938 [INFO] Capturing request: https://www.atomsportv514.top/matches?id=bein-sports-2
2026-09-07 13:20:24,029 [INFO] Capturing response: https://global.ardastream.live/beintv/tracks-v1a1/2026/09/07/13/21/13-06000.jpg 200 
2026-09-07 13:20:24,216 [INFO] Capturing request: https://global.ardastream.live/beintv/tracks-v1a1/2026/09/07/13/21/19-06000.jpg
2026-09-07 13:20:24,219 [INFO] Capturing response: https://www.atomsportv514.top/matches?id=bein-sports-2 200 
2026-09-07 13:20:24,258 [INFO] Capturing request: https://streamsport365.com/cinema
2026-09-07 13:20:24,357 [INFO] Capturing request: https://teletv5.top/load/yayinlink.php?id=bein-sports-2
2026-09-07 13:20:24,359 [INFO] Capturing request: https://www.atomsportv514.top/favicon.ico
2026-09-07 13:20:24,405 [INFO] Capturing response: https://www.atomsportv514.top/favicon.ico 200 
2026-09-07 13:20:24,588 [INFO] Capturing response: https://streamsport365.com/cinema 200 
2026-09-07 13:20:24,776 [INFO] Capturing response: https://teletv5.top/load/yayinlink.php?id=bein-sports-2 200 
2026-09-07 13:20:24,888 [INFO] Capturing request: https://www.atomsportv514.top/assets/img/player/player_logo_6a87a2e2eecc5.png
2026-09-07 13:20:24,895 [INFO] Capturing request: https://corestream.ardastream.live//bein2/tracks-v1a1/mono.m3u8
2026-09-07 13:20:25,017 [INFO] Capturing response: https://www.atomsportv514.top/assets/img/player/player_logo_6a87a2e2eecc5.png 304 
2026-09-07 13:20:25,073 [INFO] Capturing response: https://corestream.ardastream.live//bein2/tracks-v1a1/mono.m3u8 200 
2026-09-07 13:20:25,182 [INFO] Capturing request: https://global.ardastream.live/bein2/tracks-v1a1/2026/09/07/13/19/53-14680.jpg
2026-09-07 13:20:25,325 [INFO] Capturing response: https://global.ardastream.live/beintv/tracks-v1a1/2026/09/07/13/21/19-06000.jpg 200 
2026-09-07 13:20:27,271 [INFO]   ✅ M3U8 bulundu: https://corestream.ardastream.live//bein2/tracks-v1a1/mono.m3u8
2026-09-07 13:20:28,272 [INFO] 
[3/14]
2026-09-07 13:20:28,272 [INFO] 🔍 beIN Sports 3 → https://www.atomsportv514.top/matches?id=bein-sports-3
2026-09-07 13:20:28,379 [INFO] Capturing request: https://www.atomsportv514.top/matches?id=bein-sports-3
2026-09-07 13:20:28,657 [INFO] Capturing response: https://www.atomsportv514.top/matches?id=bein-sports-3 200 
2026-09-07 13:20:28,786 [INFO] Capturing request: https://teletv5.top/load/yayinlink.php?id=bein-sports-3
2026-09-07 13:20:28,788 [INFO] Capturing request: https://www.atomsportv514.top/favicon.ico
2026-09-07 13:20:28,839 [INFO] Capturing response: https://www.atomsportv514.top/favicon.ico 200 
2026-09-07 13:20:28,927 [INFO] Capturing request: https://streamsport365.com/cinema
2026-09-07 13:20:29,031 [INFO] Capturing response: https://teletv5.top/load/yayinlink.php?id=bein-sports-3 200 
2026-09-07 13:20:29,255 [INFO] Capturing response: https://streamsport365.com/cinema 200 
2026-09-07 13:20:29,364 [INFO] Capturing request: https://www.atomsportv514.top/assets/img/player/player_logo_6a87a2e2eecc5.png
2026-09-07 13:20:29,371 [INFO] Capturing request: https://corestream.ardastream.live//bein3/tracks-v1a1/mono.m3u8
2026-09-07 13:20:29,493 [INFO] Capturing response: https://www.atomsportv514.top/assets/img/player/player_logo_6a87a2e2eecc5.png 304 
2026-09-07 13:20:29,570 [INFO] Capturing response: https://corestream.ardastream.live//bein3/tracks-v1a1/mono.m3u8 200 
2026-09-07 13:20:29,679 [INFO] Capturing request: https://global.ardastream.live/bein3/tracks-v1a1/2026/09/07/13/20/15-06000.jpg
2026-09-07 13:20:29,849 [INFO] Capturing response: https://global.ardastream.live/bein2/tracks-v1a1/2026/09/07/13/19/53-14680.jpg 200 
2026-09-07 13:20:30,047 [INFO] 127.0.0.1:37990: ProtocolException("Error in HTTP connection: Http2ZombieException('Connection or stream already dead: 1788787229.9477987, False')")
2026-09-07 13:20:31,357 [INFO] Capturing response: https://global.ardastream.live/bein3/tracks-v1a1/2026/09/07/13/20/15-06000.jpg 200 
2026-09-07 13:20:31,575 [INFO] Capturing request: https://global.ardastream.live/bein3/tracks-v1a1/2026/09/07/13/20/21-06000.jpg
2026-09-07 13:20:31,697 [INFO]   ✅ M3U8 bulundu: https://corestream.ardastream.live//bein3/tracks-v1a1/mono.m3u8
2026-09-07 13:20:32,697 [INFO] 
[4/14]
2026-09-07 13:20:32,698 [INFO] 🔍 beIN Sports 4 → https://www.atomsportv514.top/matches?id=bein-sports-4
2026-09-07 13:20:32,805 [INFO] Capturing request: https://www.atomsportv514.top/matches?id=bein-sports-4
2026-09-07 13:20:33,031 [INFO] Capturing response: https://global.ardastream.live/bein3/tracks-v1a1/2026/09/07/13/20/21-06000.jpg 200 
2026-09-07 13:20:33,084 [INFO] Capturing response: https://www.atomsportv514.top/matches?id=bein-sports-4 200 
2026-09-07 13:20:33,113 [INFO] Capturing request: https://streamsport365.com/cinema
2026-09-07 13:20:33,211 [INFO] Capturing request: https://teletv5.top/load/yayinlink.php?id=bein-sports-4
2026-09-07 13:20:33,214 [INFO] Capturing request: https://www.atomsportv514.top/favicon.ico
2026-09-07 13:20:33,263 [INFO] Capturing response: https://www.atomsportv514.top/favicon.ico 200 
2026-09-07 13:20:33,436 [INFO] Capturing response: https://teletv5.top/load/yayinlink.php?id=bein-sports-4 200 
2026-09-07 13:20:33,451 [INFO] Capturing response: https://streamsport365.com/cinema 200 
2026-09-07 13:20:33,586 [INFO] Capturing request: https://www.atomsportv514.top/assets/img/player/player_logo_6a87a2e2eecc5.png
2026-09-07 13:20:33,594 [INFO] Capturing request: https://corestream.ardastream.live//bein4/tracks-v1a1/mono.m3u8
2026-09-07 13:20:33,717 [INFO] Capturing response: https://www.atomsportv514.top/assets/img/player/player_logo_6a87a2e2eecc5.png 304 
2026-09-07 13:20:33,788 [INFO] Capturing response: https://corestream.ardastream.live//bein4/tracks-v1a1/mono.m3u8 200 
2026-09-07 13:20:33,937 [INFO] Capturing request: https://global.ardastream.live/bein4/tracks-v1a1/2026/09/07/13/21/51-06000.jpg
2026-09-07 13:20:34,880 [INFO] Capturing response: https://global.ardastream.live/bein4/tracks-v1a1/2026/09/07/13/21/51-06000.jpg 200 
2026-09-07 13:20:35,028 [INFO] Capturing request: https://global.ardastream.live/bein4/tracks-v1a1/2026/09/07/13/21/57-06000.jpg
2026-09-07 13:20:36,004 [INFO] Capturing response: https://global.ardastream.live/bein4/tracks-v1a1/2026/09/07/13/21/57-06000.jpg 200 
2026-09-07 13:20:36,127 [INFO]   ✅ M3U8 bulundu: https://corestream.ardastream.live//bein4/tracks-v1a1/mono.m3u8
2026-09-07 13:20:36,189 [INFO] Capturing request: https://global.ardastream.live/bein4/tracks-v1a1/2026/09/07/13/22/03-06000.jpg
2026-09-07 13:20:37,127 [INFO] 
[5/14]
2026-09-07 13:20:37,128 [INFO] 🔍 beIN Sports 5 → https://www.atomsportv514.top/matches?id=bein-sports-5
2026-09-07 13:20:37,235 [INFO] Capturing request: https://www.atomsportv514.top/matches?id=bein-sports-5
2026-09-07 13:20:37,512 [INFO] Capturing response: https://www.atomsportv514.top/matches?id=bein-sports-5 200 
2026-09-07 13:20:37,634 [INFO] Capturing request: https://teletv5.top/load/yayinlink.php?id=bein-sports-5
2026-09-07 13:20:37,637 [INFO] Capturing request: https://www.atomsportv514.top/favicon.ico
2026-09-07 13:20:37,683 [INFO] Capturing response: https://www.atomsportv514.top/favicon.ico 200 
2026-09-07 13:20:37,775 [INFO] Capturing request: https://streamsport365.com/cinema
2026-09-07 13:20:37,842 [INFO] Capturing response: https://global.ardastream.live/bein4/tracks-v1a1/2026/09/07/13/22/03-06000.jpg 200 
2026-09-07 13:20:37,862 [INFO] Capturing response: https://teletv5.top/load/yayinlink.php?id=bein-sports-5 200 
2026-09-07 13:20:38,114 [INFO] Capturing response: https://streamsport365.com/cinema 200 
2026-09-07 13:20:38,223 [INFO] Capturing request: https://www.atomsportv514.top/assets/img/player/player_logo_6a87a2e2eecc5.png
2026-09-07 13:20:38,231 [INFO] Capturing request: https://corestream.ardastream.live//bein5/tracks-v1a1/mono.m3u8
2026-09-07 13:20:38,353 [INFO] Capturing response: https://www.atomsportv514.top/assets/img/player/player_logo_6a87a2e2eecc5.png 304 
2026-09-07 13:20:38,425 [INFO] Capturing response: https://corestream.ardastream.live//bein5/tracks-v1a1/mono.m3u8 404 
2026-09-07 13:20:40,545 [INFO] Capturing request: https://corestream.ardastream.live//bein5/tracks-v1a1/mono.m3u8
2026-09-07 13:20:40,547 [INFO]   ✅ M3U8 bulundu: https://corestream.ardastream.live//bein5/tracks-v1a1/mono.m3u8
2026-09-07 13:20:40,719 [INFO] Capturing response: https://corestream.ardastream.live//bein5/tracks-v1a1/mono.m3u8 404 
2026-09-07 13:20:41,547 [INFO] 
[6/14]
2026-09-07 13:20:41,547 [INFO] 🔍 beIN Sports Max 1 → https://www.atomsportv514.top/matches?id=bein-sports-max-1
2026-09-07 13:20:41,655 [INFO] Capturing request: https://www.atomsportv514.top/matches?id=bein-sports-max-1
2026-09-07 13:20:41,935 [INFO] Capturing response: https://www.atomsportv514.top/matches?id=bein-sports-max-1 200 
2026-09-07 13:20:41,962 [INFO] Capturing request: https://streamsport365.com/cinema
2026-09-07 13:20:42,062 [INFO] Capturing request: https://teletv5.top/load/yayinlink.php?id=bein-sports-max-1
2026-09-07 13:20:42,064 [INFO] Capturing request: https://www.atomsportv514.top/favicon.ico
2026-09-07 13:20:42,123 [INFO] Capturing response: https://www.atomsportv514.top/favicon.ico 200 
2026-09-07 13:20:42,288 [INFO] Capturing response: https://teletv5.top/load/yayinlink.php?id=bein-sports-max-1 200 
2026-09-07 13:20:42,293 [INFO] Capturing response: https://streamsport365.com/cinema 200 
2026-09-07 13:20:42,438 [INFO] Capturing request: https://www.atomsportv514.top/assets/img/player/player_logo_6a87a2e2eecc5.png
2026-09-07 13:20:42,444 [INFO] Capturing request: https://corestream.ardastream.live//beinmax1/tracks-v1a1/mono.m3u8
2026-09-07 13:20:42,568 [INFO] Capturing response: https://www.atomsportv514.top/assets/img/player/player_logo_6a87a2e2eecc5.png 304 
2026-09-07 13:20:42,642 [INFO] Capturing response: https://corestream.ardastream.live//beinmax1/tracks-v1a1/mono.m3u8 200 
2026-09-07 13:20:42,750 [INFO] Capturing request: https://global.ardastream.live/beinmax1/tracks-v1a1/2026/09/07/13/20/42-05120.jpg
2026-09-07 13:20:44,508 [INFO] Capturing response: https://global.ardastream.live/beinmax1/tracks-v1a1/2026/09/07/13/20/42-05120.jpg 200 
2026-09-07 13:20:44,737 [INFO] Capturing request: https://global.ardastream.live/beinmax1/tracks-v1a1/2026/09/07/13/20/47-05000.jpg
2026-09-07 13:20:44,972 [INFO]   ✅ M3U8 bulundu: https://corestream.ardastream.live//beinmax1/tracks-v1a1/mono.m3u8
2026-09-07 13:20:45,972 [INFO] 
[7/14]
2026-09-07 13:20:45,972 [INFO] 🔍 beIN Sports Max 2 → https://www.atomsportv514.top/matches?id=bein-sports-max-2
2026-09-07 13:20:46,079 [INFO] Capturing request: https://www.atomsportv514.top/matches?id=bein-sports-max-2
2026-09-07 13:20:46,470 [INFO] Capturing response: https://global.ardastream.live/beinmax1/tracks-v1a1/2026/09/07/13/20/47-05000.jpg 200 
2026-09-07 13:20:46,570 [INFO] Capturing response: https://www.atomsportv514.top/matches?id=bein-sports-max-2 200 
2026-09-07 13:20:46,706 [INFO] Capturing request: https://teletv5.top/load/yayinlink.php?id=bein-sports-max-2
2026-09-07 13:20:46,708 [INFO] Capturing request: https://www.atomsportv514.top/favicon.ico
2026-09-07 13:20:46,756 [INFO] Capturing response: https://www.atomsportv514.top/favicon.ico 200 
2026-09-07 13:20:46,847 [INFO] Capturing request: https://streamsport365.com/cinema
2026-09-07 13:20:46,932 [INFO] Capturing response: https://teletv5.top/load/yayinlink.php?id=bein-sports-max-2 200 
2026-09-07 13:20:47,177 [INFO] Capturing response: https://streamsport365.com/cinema 200 
2026-09-07 13:20:47,286 [INFO] Capturing request: https://www.atomsportv514.top/assets/img/player/player_logo_6a87a2e2eecc5.png
2026-09-07 13:20:47,294 [INFO] Capturing request: https://corestream.ardastream.live//beinmax2/tracks-v1a1/mono.m3u8
2026-09-07 13:20:47,416 [INFO] Capturing response: https://www.atomsportv514.top/assets/img/player/player_logo_6a87a2e2eecc5.png 304 
2026-09-07 13:20:47,476 [INFO] Capturing response: https://corestream.ardastream.live//beinmax2/tracks-v1a1/mono.m3u8 200 
2026-09-07 13:20:47,584 [INFO] Capturing request: https://global.ardastream.live/beinmax2/tracks-v1a1/2026/09/07/13/20/19-10000.jpg
2026-09-07 13:20:49,619 [INFO]   ✅ M3U8 bulundu: https://corestream.ardastream.live//beinmax2/tracks-v1a1/mono.m3u8
2026-09-07 13:20:49,644 [INFO] Capturing request: https://android.clients.google.com/c2dm/register3
2026-09-07 13:20:49,713 [INFO] Capturing response: https://android.clients.google.com/c2dm/register3 301 
2026-09-07 13:20:50,152 [INFO] Capturing response: https://global.ardastream.live/beinmax2/tracks-v1a1/2026/09/07/13/20/19-10000.jpg 200 
2026-09-07 13:20:50,424 [INFO] Capturing request: https://global.ardastream.live/beinmax2/tracks-v1a1/2026/09/07/13/20/29-10000.jpg
2026-09-07 13:20:50,619 [INFO] 
[8/14]
2026-09-07 13:20:50,620 [INFO] 🔍 S Sport → https://www.atomsportv514.top/matches?id=s-sport
2026-09-07 13:20:50,729 [INFO] Capturing request: https://www.atomsportv514.top/matches?id=s-sport
2026-09-07 13:20:51,006 [INFO] Capturing response: https://www.atomsportv514.top/matches?id=s-sport 200 
2026-09-07 13:20:51,030 [INFO] Capturing request: https://streamsport365.com/cinema
2026-09-07 13:20:51,129 [INFO] Capturing request: https://teletv5.top/load/yayinlink.php?id=s-sport
2026-09-07 13:20:51,133 [INFO] Capturing request: https://www.atomsportv514.top/favicon.ico
2026-09-07 13:20:51,193 [INFO] Capturing response: https://www.atomsportv514.top/favicon.ico 200 
2026-09-07 13:20:51,356 [INFO] Capturing response: https://teletv5.top/load/yayinlink.php?id=s-sport 200 
2026-09-07 13:20:51,368 [INFO] Capturing response: https://streamsport365.com/cinema 200 
2026-09-07 13:20:51,506 [INFO] Capturing request: https://www.atomsportv514.top/assets/img/player/player_logo_6a87a2e2eecc5.png
2026-09-07 13:20:51,515 [INFO] Capturing request: https://corestream.ardastream.live//s-sport/tracks-v1a1/mono.m3u8
2026-09-07 13:20:51,635 [INFO] Capturing response: https://www.atomsportv514.top/assets/img/player/player_logo_6a87a2e2eecc5.png 304 
2026-09-07 13:20:51,690 [INFO] Capturing response: https://corestream.ardastream.live//s-sport/tracks-v1a1/mono.m3u8 200 
2026-09-07 13:20:51,839 [INFO] Capturing request: https://global.ardastream.live/s-sport/tracks-v1a1/2026/09/07/13/22/07-05000.jpg
2026-09-07 13:20:53,971 [INFO] Capturing response: https://global.ardastream.live/s-sport/tracks-v1a1/2026/09/07/13/22/07-05000.jpg 200 
2026-09-07 13:20:54,043 [INFO]   ✅ M3U8 bulundu: https://corestream.ardastream.live//s-sport/tracks-v1a1/mono.m3u8
2026-09-07 13:20:54,133 [INFO] Capturing request: https://global.ardastream.live/s-sport/tracks-v1a1/2026/09/07/13/22/12-05000.jpg
2026-09-07 13:20:54,547 [INFO] Capturing response: https://global.ardastream.live/beinmax2/tracks-v1a1/2026/09/07/13/20/29-10000.jpg 200 
2026-09-07 13:20:55,043 [INFO] 
[9/14]
2026-09-07 13:20:55,044 [INFO] 🔍 S Sport 2 → https://www.atomsportv514.top/matches?id=s-sport-2
2026-09-07 13:20:55,150 [INFO] Capturing request: https://www.atomsportv514.top/matches?id=s-sport-2
2026-09-07 13:20:55,428 [INFO] Capturing response: https://www.atomsportv514.top/matches?id=s-sport-2 200 
2026-09-07 13:20:55,552 [INFO] Capturing request: https://teletv5.top/load/yayinlink.php?id=s-sport-2
2026-09-07 13:20:55,554 [INFO] Capturing request: https://www.atomsportv514.top/favicon.ico
2026-09-07 13:20:55,581 [INFO] Capturing response: https://global.ardastream.live/s-sport/tracks-v1a1/2026/09/07/13/22/12-05000.jpg 200 
2026-09-07 13:20:55,603 [INFO] 127.0.0.1:37990: ProtocolException("Error in HTTP connection: Http2ZombieException('Connection or stream already dead: 1788787255.6030166, False')")
2026-09-07 13:20:55,611 [INFO] Capturing response: https://www.atomsportv514.top/favicon.ico 200 
2026-09-07 13:20:55,694 [INFO] Capturing request: https://streamsport365.com/cinema
2026-09-07 13:20:55,781 [INFO] Capturing response: https://teletv5.top/load/yayinlink.php?id=s-sport-2 200 
2026-09-07 13:20:56,020 [INFO] Capturing response: https://streamsport365.com/cinema 200 
2026-09-07 13:20:56,129 [INFO] Capturing request: https://www.atomsportv514.top/assets/img/player/player_logo_6a87a2e2eecc5.png
2026-09-07 13:20:56,137 [INFO] Capturing request: https://corestream.ardastream.live//s-sport2/tracks-v1a1/mono.m3u8
2026-09-07 13:20:56,258 [INFO] Capturing response: https://www.atomsportv514.top/assets/img/player/player_logo_6a87a2e2eecc5.png 304 
2026-09-07 13:20:56,578 [INFO] Capturing response: https://corestream.ardastream.live//s-sport2/tracks-v1a1/mono.m3u8 200 
2026-09-07 13:20:56,691 [INFO] Capturing request: https://global.ardastream.live/s-sport2/tracks-v1a1/2026/09/07/13/21/48-05000.jpg
2026-09-07 13:20:57,882 [INFO] Capturing response: https://global.ardastream.live/s-sport2/tracks-v1a1/2026/09/07/13/21/48-05000.jpg 200 
2026-09-07 13:20:58,048 [INFO] Capturing request: https://global.ardastream.live/s-sport2/tracks-v1a1/2026/09/07/13/21/53-05000.jpg
2026-09-07 13:20:58,466 [INFO]   ✅ M3U8 bulundu: https://corestream.ardastream.live//s-sport2/tracks-v1a1/mono.m3u8
2026-09-07 13:20:59,466 [INFO] 
[10/14]
2026-09-07 13:20:59,466 [INFO] 🔍 A Spor → https://www.atomsportv514.top/matches?id=a-spor
2026-09-07 13:20:59,574 [INFO] Capturing response: https://global.ardastream.live/s-sport2/tracks-v1a1/2026/09/07/13/21/53-05000.jpg 200 
2026-09-07 13:20:59,574 [INFO] Capturing request: https://www.atomsportv514.top/matches?id=a-spor
2026-09-07 13:20:59,778 [INFO] Capturing request: https://global.ardastream.live/s-sport2/tracks-v1a1/2026/09/07/13/21/58-05000.jpg
2026-09-07 13:20:59,852 [INFO] Capturing response: https://www.atomsportv514.top/matches?id=a-spor 200 
2026-09-07 13:20:59,875 [INFO] Capturing request: https://streamsport365.com/cinema
2026-09-07 13:20:59,975 [INFO] Capturing request: https://teletv5.top/load/yayinlink.php?id=a-spor
2026-09-07 13:20:59,980 [INFO] Capturing request: https://www.atomsportv514.top/favicon.ico
2026-09-07 13:21:00,023 [INFO] Capturing response: https://www.atomsportv514.top/favicon.ico 200 
2026-09-07 13:21:00,199 [INFO] Capturing response: https://streamsport365.com/cinema 200 
2026-09-07 13:21:00,203 [INFO] Capturing response: https://teletv5.top/load/yayinlink.php?id=a-spor 200 
2026-09-07 13:21:00,353 [INFO] Capturing request: https://www.atomsportv514.top/assets/img/player/player_logo_6a87a2e2eecc5.png
2026-09-07 13:21:00,361 [INFO] Capturing request: https://corestream.ardastream.live//aspor/tracks-v1a1/mono.m3u8
2026-09-07 13:21:00,485 [INFO] Capturing response: https://www.atomsportv514.top/assets/img/player/player_logo_6a87a2e2eecc5.png 304 
2026-09-07 13:21:00,547 [INFO] Capturing response: https://corestream.ardastream.live//aspor/tracks-v1a1/mono.m3u8 404 
2026-09-07 13:21:01,593 [INFO] Capturing response: https://global.ardastream.live/s-sport2/tracks-v1a1/2026/09/07/13/21/58-05000.jpg 200 
2026-09-07 13:21:02,703 [INFO] Capturing request: https://corestream.ardastream.live//aspor/tracks-v1a1/mono.m3u8
2026-09-07 13:21:02,878 [INFO] Capturing response: https://corestream.ardastream.live//aspor/tracks-v1a1/mono.m3u8 404 
2026-09-07 13:21:02,890 [INFO]   ✅ M3U8 bulundu: https://corestream.ardastream.live//aspor/tracks-v1a1/mono.m3u8
2026-09-07 13:21:03,890 [INFO] 
[11/14]
2026-09-07 13:21:03,890 [INFO] 🔍 Tivibu Spor 1 → https://www.atomsportv514.top/matches?id=tivibu-spor-1
2026-09-07 13:21:03,998 [INFO] Capturing request: https://www.atomsportv514.top/matches?id=tivibu-spor-1
2026-09-07 13:21:04,275 [INFO] Capturing response: https://www.atomsportv514.top/matches?id=tivibu-spor-1 200 
2026-09-07 13:21:04,399 [INFO] Capturing request: https://teletv5.top/load/yayinlink.php?id=tivibu-spor-1
2026-09-07 13:21:04,401 [INFO] Capturing request: https://www.atomsportv514.top/favicon.ico
2026-09-07 13:21:04,448 [INFO] Capturing response: https://www.atomsportv514.top/favicon.ico 200 
2026-09-07 13:21:04,540 [INFO] Capturing request: https://streamsport365.com/cinema
2026-09-07 13:21:04,627 [INFO] Capturing response: https://teletv5.top/load/yayinlink.php?id=tivibu-spor-1 200 
2026-09-07 13:21:04,868 [INFO] Capturing response: https://streamsport365.com/cinema 200 
2026-09-07 13:21:17,621 [INFO] Capturing request: https://update.googleapis.com/service/update2/json?cup2key=16:qXpcD-NxzMKwx_VJJFo96Aq0ANqzq49kbBNxg7pCnx4&cup2hreq=13d1f25573a8598e9fe5db5614f9642fdca8c0a841f90763e141207f98bf2787
2026-09-07 13:21:17,682 [INFO] Capturing response: https://update.googleapis.com/service/update2/json?cup2key=16:qXpcD-NxzMKwx_VJJFo96Aq0ANqzq49kbBNxg7pCnx4&cup2hreq=13d1f25573a8598e9fe5db5614f9642fdca8c0a841f90763e141207f98bf2787 200 
2026-09-07 13:21:17,688 [INFO] Capturing request: http://edgedl.me.gvt1.com/edgedl/diffgen-puffin/gcmjkmgdlgnkkcocmoeiminaijmmjnii/fc1f961a8e1d6f22b29a01eb8f62d27d7f0f928ed1b230dfa8430cc20542c1bf
2026-09-07 13:21:17,741 [INFO] Capturing response: http://edgedl.me.gvt1.com/edgedl/diffgen-puffin/gcmjkmgdlgnkkcocmoeiminaijmmjnii/fc1f961a8e1d6f22b29a01eb8f62d27d7f0f928ed1b230dfa8430cc20542c1bf 200 OK
2026-09-07 13:21:17,764 [INFO] Capturing request: https://update.googleapis.com/service/update2/json
2026-09-07 13:21:17,822 [INFO] Capturing response: https://update.googleapis.com/service/update2/json 200 
2026-09-07 13:21:17,867 [INFO] Capturing request: http://edgedl.me.gvt1.com/edgedl/diffgen-puffin/hfnkpimlhhgieaddgfemjhofmfblmnib/9f5e7c2a0bbcc9f8cc4d4476c2e1954f9b1913a85cb73b23f5bb7baa4b76da77
2026-09-07 13:21:17,934 [INFO] Capturing response: http://edgedl.me.gvt1.com/edgedl/diffgen-puffin/hfnkpimlhhgieaddgfemjhofmfblmnib/9f5e7c2a0bbcc9f8cc4d4476c2e1954f9b1913a85cb73b23f5bb7baa4b76da77 200 OK
2026-09-07 13:21:18,020 [INFO] Capturing request: https://update.googleapis.com/service/update2/json
2026-09-07 13:21:18,078 [INFO] Capturing response: https://update.googleapis.com/service/update2/json 200 
2026-09-07 13:21:37,529 [WARNING]   ❌ Tivibu Spor 1 için M3U8 bulunamadı
2026-09-07 13:21:38,214 [INFO] Capturing request: https://android.clients.google.com/c2dm/register3
2026-09-07 13:21:38,277 [INFO] Capturing response: https://android.clients.google.com/c2dm/register3 301 
2026-09-07 13:21:38,530 [INFO] 
[12/14]
2026-09-07 13:21:38,530 [INFO] 🔍 Tivibu Spor 2 → https://www.atomsportv514.top/matches?id=tivibu-spor-2
2026-09-07 13:21:38,703 [INFO] Capturing request: https://www.atomsportv514.top/matches?id=tivibu-spor-2
2026-09-07 13:21:39,416 [INFO] Capturing response: https://www.atomsportv514.top/matches?id=tivibu-spor-2 200 
2026-09-07 13:21:39,597 [INFO] Capturing request: https://www.atomsportv514.top/favicon.ico
2026-09-07 13:21:39,658 [INFO] Capturing request: https://teletv5.top/load/yayinlink.php?id=tivibu-spor-2
2026-09-07 13:21:39,677 [INFO] Capturing response: https://www.atomsportv514.top/favicon.ico 200 
2026-09-07 13:21:40,134 [INFO] Capturing response: https://teletv5.top/load/yayinlink.php?id=tivibu-spor-2 200 
2026-09-07 13:21:40,168 [INFO] Capturing request: https://streamsport365.com/cinema
2026-09-07 13:21:40,504 [INFO] Capturing response: https://streamsport365.com/cinema 200 
2026-09-07 13:22:12,692 [WARNING]   ❌ Tivibu Spor 2 için M3U8 bulunamadı
2026-09-07 13:22:13,692 [INFO] 
[13/14]
2026-09-07 13:22:13,692 [INFO] 🔍 Tivibu Spor 3 → https://www.atomsportv514.top/matches?id=tivibu-spor-3
2026-09-07 13:22:13,800 [INFO] Capturing request: https://www.atomsportv514.top/matches?id=tivibu-spor-3
2026-09-07 13:22:14,251 [INFO] Capturing response: https://www.atomsportv514.top/matches?id=tivibu-spor-3 200 
2026-09-07 13:22:14,373 [INFO] Capturing request: https://teletv5.top/load/yayinlink.php?id=tivibu-spor-3
2026-09-07 13:22:14,378 [INFO] Capturing request: https://www.atomsportv514.top/favicon.ico
2026-09-07 13:22:14,443 [INFO] Capturing response: https://www.atomsportv514.top/favicon.ico 200 
2026-09-07 13:22:14,511 [INFO] Capturing request: https://streamsport365.com/cinema
2026-09-07 13:22:14,613 [INFO] Capturing response: https://teletv5.top/load/yayinlink.php?id=tivibu-spor-3 200 
2026-09-07 13:22:14,841 [INFO] Capturing response: https://streamsport365.com/cinema 200 
2026-09-07 13:22:47,475 [WARNING]   ❌ Tivibu Spor 3 için M3U8 bulunamadı
2026-09-07 13:22:48,475 [INFO] 
[14/14]
2026-09-07 13:22:48,475 [INFO] 🔍 Tivibu Spor 4 → https://www.atomsportv514.top/matches?id=tivibu-spor-4
2026-09-07 13:22:48,584 [INFO] Capturing request: https://www.atomsportv514.top/matches?id=tivibu-spor-4
2026-09-07 13:22:49,041 [INFO] Capturing response: https://www.atomsportv514.top/matches?id=tivibu-spor-4 200 
2026-09-07 13:22:49,170 [INFO] Capturing request: https://teletv5.top/load/yayinlink.php?id=tivibu-spor-4
2026-09-07 13:22:49,171 [INFO] Capturing request: https://www.atomsportv514.top/favicon.ico
2026-09-07 13:22:49,229 [INFO] Capturing response: https://www.atomsportv514.top/favicon.ico 200 
2026-09-07 13:22:49,308 [INFO] Capturing request: https://streamsport365.com/cinema
2026-09-07 13:22:49,419 [INFO] Capturing response: https://teletv5.top/load/yayinlink.php?id=tivibu-spor-4 200 
2026-09-07 13:22:49,635 [INFO] Capturing response: https://streamsport365.com/cinema 200 
2026-09-07 13:23:22,272 [WARNING]   ❌ Tivibu Spor 4 için M3U8 bulunamadı
2026-09-07 13:23:23,336 [INFO] ✅ 10 kanal bulundu, playlist.m3u kaydedildi
