2026-08-01 20:27:16,510 [INFO] 🌐 BASE_URL: https://www.atomsportv510.top
2026-08-01 20:27:17,214 [INFO] Başlanıyor... 14 kanal taranacak
2026-08-01 20:27:17,214 [INFO] Using default request storage
2026-08-01 20:27:17,218 [INFO] Created proxy listening on 127.0.0.1:40117
2026-08-01 20:27:17,900 [INFO] Capturing request: http://clients2.google.com/time/1/current?cup2key=10:4rWWgch0WDXHkujnWktoV6hyqQreecEA8aqOlzS-I_8&cup2hreq=e3b0c44298fc1c149afbf4c8996fb92427ae41e4649b934ca495991b7852b855
2026-08-01 20:27:17,971 [INFO] Capturing response: http://clients2.google.com/time/1/current?cup2key=10:4rWWgch0WDXHkujnWktoV6hyqQreecEA8aqOlzS-I_8&cup2hreq=e3b0c44298fc1c149afbf4c8996fb92427ae41e4649b934ca495991b7852b855 200 OK
2026-08-01 20:27:18,250 [INFO] 
[1/14]
2026-08-01 20:27:18,250 [INFO] 🔍 beIN Sports 1 → https://www.atomsportv510.top/matches?id=bein-sports-1
2026-08-01 20:27:18,339 [INFO] Capturing request: https://accounts.google.com/ListAccounts?gpsia=1&source=ChromiumBrowser&json=standard&laf=b64bin
2026-08-01 20:27:18,343 [INFO] Capturing request: https://update.googleapis.com/service/update2/json?cup2key=16:pldkvIOd5JCtcZgjIKT-5h7DJIZ-kmhxMLH-XOgeZOE&cup2hreq=713332968086656fecd088440f8ff1d5f55714b243725734480051c6904c1d7b
2026-08-01 20:27:18,392 [INFO] Capturing response: https://update.googleapis.com/service/update2/json?cup2key=16:pldkvIOd5JCtcZgjIKT-5h7DJIZ-kmhxMLH-XOgeZOE&cup2hreq=713332968086656fecd088440f8ff1d5f55714b243725734480051c6904c1d7b 200 
2026-08-01 20:27:18,430 [INFO] Capturing request: https://www.google.com/async/folae?async=_fmt:pb&udm=50&client_locale=en-US&client_country=ZZ
2026-08-01 20:27:18,436 [INFO] Capturing response: https://accounts.google.com/ListAccounts?gpsia=1&source=ChromiumBrowser&json=standard&laf=b64bin 200 
2026-08-01 20:27:18,442 [INFO] Capturing request: https://update.googleapis.com/service/update2/json?cup2key=16:-mVPdgGILt99KRoO26Rfwm2d2h4wJGoLZntXpZSbx_4&cup2hreq=1101238e2a5bec40e65131378f2230f4e7f7ef7d783ee8e4ad8d33bcbdefece3
2026-08-01 20:27:18,452 [INFO] Capturing request: https://www.atomsportv510.top/matches?id=bein-sports-1
2026-08-01 20:27:18,466 [INFO] Capturing response: https://update.googleapis.com/service/update2/json?cup2key=16:-mVPdgGILt99KRoO26Rfwm2d2h4wJGoLZntXpZSbx_4&cup2hreq=1101238e2a5bec40e65131378f2230f4e7f7ef7d783ee8e4ad8d33bcbdefece3 200 
2026-08-01 20:27:18,472 [INFO] Capturing response: https://www.google.com/async/folae?async=_fmt:pb&udm=50&client_locale=en-US&client_country=ZZ 200 
2026-08-01 20:27:18,512 [INFO] Capturing request: https://update.googleapis.com/service/update2/json?cup2key=16:vrpkGF-qk__SOPLFY_zHYKJUeCuK8EA1lfK_XFP7AAk&cup2hreq=fa50140680ea22b3bb104e535adb9793f3d7f68a49107f1bc7e709b8b02b1e3a
2026-08-01 20:27:18,537 [INFO] Capturing response: https://update.googleapis.com/service/update2/json?cup2key=16:vrpkGF-qk__SOPLFY_zHYKJUeCuK8EA1lfK_XFP7AAk&cup2hreq=fa50140680ea22b3bb104e535adb9793f3d7f68a49107f1bc7e709b8b02b1e3a 200 
2026-08-01 20:27:18,682 [INFO] Capturing request: https://www.google.com/async/folae?async=_fmt:pb&udm=50&client_locale=en-US&client_country=ZZ
2026-08-01 20:27:18,715 [INFO] Capturing response: https://www.google.com/async/folae?async=_fmt:pb&udm=50&client_locale=en-US&client_country=ZZ 200 
2026-08-01 20:27:19,195 [INFO] Capturing response: https://www.atomsportv510.top/matches?id=bein-sports-1 200 
2026-08-01 20:27:19,398 [INFO] Capturing request: https://cdn.jsdelivr.net/npm/@clappr/player@0.11.16/dist/clappr.min.js
2026-08-01 20:27:19,402 [INFO] Capturing request: https://cdn.jsdelivr.net/npm/@clappr/hlsjs-playback@1.8.3/dist/hlsjs-playback.min.js
2026-08-01 20:27:19,405 [INFO] Capturing request: https://cdn.jsdelivr.net/npm/level-selector/dist/level-selector.min.js
2026-08-01 20:27:19,425 [INFO] Capturing response: https://cdn.jsdelivr.net/npm/level-selector/dist/level-selector.min.js 200 
2026-08-01 20:27:19,435 [INFO] Capturing response: https://cdn.jsdelivr.net/npm/@clappr/player@0.11.16/dist/clappr.min.js 200 
2026-08-01 20:27:19,439 [INFO] Capturing response: https://cdn.jsdelivr.net/npm/@clappr/hlsjs-playback@1.8.3/dist/hlsjs-playback.min.js 200 
2026-08-01 20:27:19,651 [INFO] Capturing request: https://www.atomsportv510.top/favicon.ico
2026-08-01 20:27:19,718 [INFO] Capturing response: https://www.atomsportv510.top/favicon.ico 200 
2026-08-01 20:27:19,724 [INFO] Capturing request: https://teletv5.top/load/yayinlink.php?id=bein-sports-1
2026-08-01 20:27:20,060 [INFO] Capturing response: https://teletv5.top/load/yayinlink.php?id=bein-sports-1 200 
2026-08-01 20:27:20,240 [INFO] Capturing request: https://streamsport365.com/cinema
2026-08-01 20:27:20,519 [INFO] Capturing response: https://streamsport365.com/cinema 200 
2026-08-01 20:27:20,651 [INFO] Capturing request: https://www.atomsportv510.top/assets/img/player/player_logo_6a5f6c9cb38e0.png
2026-08-01 20:27:20,696 [INFO] Capturing response: https://www.atomsportv510.top/assets/img/player/player_logo_6a5f6c9cb38e0.png 200 
2026-08-01 20:27:21,020 [INFO] Capturing request: https://corestream.siteyaptim.live//bein1/tracks-v1a1/mono.m3u8
2026-08-01 20:27:21,174 [INFO] Capturing response: https://corestream.siteyaptim.live//bein1/tracks-v1a1/mono.m3u8 200 
2026-08-01 20:27:21,521 [INFO] Capturing request: https://global.siteyaptim.live/bein1/tracks-v1a1/2026/08/01/20/27/09-05000.jpg
2026-08-01 20:27:21,676 [INFO] Capturing request: https://android.clients.google.com/checkin
2026-08-01 20:27:21,778 [INFO] Capturing response: https://android.clients.google.com/checkin 200 
2026-08-01 20:27:21,837 [INFO] Capturing request: https://android.clients.google.com/c2dm/register3
2026-08-01 20:27:21,841 [INFO] Capturing request: https://android.clients.google.com/c2dm/register3
2026-08-01 20:27:21,843 [INFO] Capturing request: https://android.clients.google.com/c2dm/register3
2026-08-01 20:27:21,849 [INFO] Capturing response: https://global.siteyaptim.live/bein1/tracks-v1a1/2026/08/01/20/27/09-05000.jpg 200 
2026-08-01 20:27:21,885 [INFO] Capturing response: https://android.clients.google.com/c2dm/register3 200 
2026-08-01 20:27:22,078 [INFO] Capturing request: https://global.siteyaptim.live/bein1/tracks-v1a1/2026/08/01/20/27/14-05000.jpg
2026-08-01 20:27:22,347 [INFO] Capturing response: https://android.clients.google.com/c2dm/register3 200 
2026-08-01 20:27:22,368 [INFO] Capturing response: https://android.clients.google.com/c2dm/register3 200 
2026-08-01 20:27:22,490 [INFO] Capturing response: https://global.siteyaptim.live/bein1/tracks-v1a1/2026/08/01/20/27/14-05000.jpg 200 
2026-08-01 20:27:22,575 [INFO]   ✅ M3U8 bulundu: https://corestream.siteyaptim.live//bein1/tracks-v1a1/mono.m3u8
2026-08-01 20:27:22,702 [INFO] Capturing request: https://global.siteyaptim.live/bein1/tracks-v1a1/2026/08/01/20/27/19-05000.jpg
2026-08-01 20:27:22,986 [INFO] Capturing response: https://global.siteyaptim.live/bein1/tracks-v1a1/2026/08/01/20/27/19-05000.jpg 200 
2026-08-01 20:27:23,576 [INFO] 
[2/14]
2026-08-01 20:27:23,576 [INFO] 🔍 beIN Sports 2 → https://www.atomsportv510.top/matches?id=bein-sports-2
2026-08-01 20:27:23,688 [INFO] Capturing request: https://www.atomsportv510.top/matches?id=bein-sports-2
2026-08-01 20:27:23,946 [INFO] Capturing response: https://www.atomsportv510.top/matches?id=bein-sports-2 200 
2026-08-01 20:27:24,000 [INFO] Capturing request: https://streamsport365.com/cinema
2026-08-01 20:27:24,100 [INFO] Capturing request: https://teletv5.top/load/yayinlink.php?id=bein-sports-2
2026-08-01 20:27:24,101 [INFO] Capturing request: https://www.atomsportv510.top/favicon.ico
2026-08-01 20:27:24,142 [INFO] Capturing response: https://www.atomsportv510.top/favicon.ico 200 
2026-08-01 20:27:24,266 [INFO] Capturing response: https://teletv5.top/load/yayinlink.php?id=bein-sports-2 200 
2026-08-01 20:27:24,271 [INFO] Capturing response: https://streamsport365.com/cinema 200 
2026-08-01 20:27:24,383 [INFO] Capturing request: https://www.atomsportv510.top/assets/img/player/player_logo_6a5f6c9cb38e0.png
2026-08-01 20:27:24,393 [INFO] Capturing request: https://corestream.siteyaptim.live//bein2/tracks-v1a1/mono.m3u8
2026-08-01 20:27:24,501 [INFO] Capturing response: https://www.atomsportv510.top/assets/img/player/player_logo_6a5f6c9cb38e0.png 304 
2026-08-01 20:27:24,519 [INFO] Capturing response: https://corestream.siteyaptim.live//bein2/tracks-v1a1/mono.m3u8 200 
2026-08-01 20:27:24,629 [INFO] Capturing request: https://global.siteyaptim.live/bein2/tracks-v1a1/2026/08/01/20/27/07-09120.jpg
2026-08-01 20:27:24,985 [INFO] Capturing response: https://global.siteyaptim.live/bein2/tracks-v1a1/2026/08/01/20/27/07-09120.jpg 200 
2026-08-01 20:27:25,197 [INFO] Capturing request: https://global.siteyaptim.live/bein2/tracks-v1a1/2026/08/01/20/27/16-05000.jpg
2026-08-01 20:27:25,753 [INFO] Capturing response: https://global.siteyaptim.live/bein2/tracks-v1a1/2026/08/01/20/27/16-05000.jpg 200 
2026-08-01 20:27:25,950 [INFO] Capturing request: https://global.siteyaptim.live/bein2/tracks-v1a1/2026/08/01/20/27/21-05000.jpg
2026-08-01 20:27:26,446 [INFO] Capturing response: https://global.siteyaptim.live/bein2/tracks-v1a1/2026/08/01/20/27/21-05000.jpg 200 
2026-08-01 20:27:26,643 [INFO] Capturing request: https://global.siteyaptim.live/bein2/tracks-v1a1/2026/08/01/20/27/26-05000.jpg
2026-08-01 20:27:27,022 [INFO]   ✅ M3U8 bulundu: https://corestream.siteyaptim.live//bein2/tracks-v1a1/mono.m3u8
2026-08-01 20:27:28,022 [INFO] 
[3/14]
2026-08-01 20:27:28,022 [INFO] 🔍 beIN Sports 3 → https://www.atomsportv510.top/matches?id=bein-sports-3
2026-08-01 20:27:28,135 [INFO] Capturing request: https://www.atomsportv510.top/matches?id=bein-sports-3
2026-08-01 20:27:28,378 [INFO] Capturing response: https://www.atomsportv510.top/matches?id=bein-sports-3 200 
2026-08-01 20:27:28,515 [INFO] Capturing request: https://teletv5.top/load/yayinlink.php?id=bein-sports-3
2026-08-01 20:27:28,517 [INFO] Capturing request: https://www.atomsportv510.top/favicon.ico
2026-08-01 20:27:28,557 [INFO] Capturing response: https://www.atomsportv510.top/favicon.ico 200 
2026-08-01 20:27:28,627 [INFO] Capturing request: https://streamsport365.com/cinema
2026-08-01 20:27:28,679 [INFO] Capturing response: https://teletv5.top/load/yayinlink.php?id=bein-sports-3 200 
2026-08-01 20:27:28,903 [INFO] Capturing response: https://streamsport365.com/cinema 200 
2026-08-01 20:27:29,014 [INFO] Capturing request: https://www.atomsportv510.top/assets/img/player/player_logo_6a5f6c9cb38e0.png
2026-08-01 20:27:29,027 [INFO] Capturing request: https://corestream.siteyaptim.live//bein3/tracks-v1a1/mono.m3u8
2026-08-01 20:27:29,136 [INFO] Capturing response: https://www.atomsportv510.top/assets/img/player/player_logo_6a5f6c9cb38e0.png 304 
2026-08-01 20:27:29,162 [INFO] Capturing response: https://corestream.siteyaptim.live//bein3/tracks-v1a1/mono.m3u8 200 
2026-08-01 20:27:29,272 [INFO] Capturing request: https://global.siteyaptim.live/bein3/tracks-v1a1/2026/08/01/20/26/19-05000.jpg
2026-08-01 20:27:29,540 [INFO] Capturing response: https://global.siteyaptim.live/bein3/tracks-v1a1/2026/08/01/20/26/19-05000.jpg 200 
2026-08-01 20:27:29,747 [INFO] Capturing request: https://global.siteyaptim.live/bein3/tracks-v1a1/2026/08/01/20/26/24-05000.jpg
2026-08-01 20:27:30,062 [INFO] Capturing response: https://global.siteyaptim.live/bein3/tracks-v1a1/2026/08/01/20/26/24-05000.jpg 200 
2026-08-01 20:27:30,274 [INFO] Capturing request: https://global.siteyaptim.live/bein3/tracks-v1a1/2026/08/01/20/26/29-05000.jpg
2026-08-01 20:27:30,558 [INFO] Capturing response: https://global.siteyaptim.live/bein3/tracks-v1a1/2026/08/01/20/26/29-05000.jpg 200 
2026-08-01 20:27:31,438 [INFO]   ✅ M3U8 bulundu: https://corestream.siteyaptim.live//bein3/tracks-v1a1/mono.m3u8
2026-08-01 20:27:32,439 [INFO] 
[4/14]
2026-08-01 20:27:32,439 [INFO] 🔍 beIN Sports 4 → https://www.atomsportv510.top/matches?id=bein-sports-4
2026-08-01 20:27:32,550 [INFO] Capturing request: https://www.atomsportv510.top/matches?id=bein-sports-4
2026-08-01 20:27:32,786 [INFO] Capturing response: https://www.atomsportv510.top/matches?id=bein-sports-4 200 
2026-08-01 20:27:32,820 [INFO] Capturing request: https://streamsport365.com/cinema
2026-08-01 20:27:32,920 [INFO] Capturing request: https://www.atomsportv510.top/favicon.ico
2026-08-01 20:27:32,921 [INFO] Capturing request: https://teletv5.top/load/yayinlink.php?id=bein-sports-4
2026-08-01 20:27:32,997 [INFO] Capturing response: https://www.atomsportv510.top/favicon.ico 200 
2026-08-01 20:27:33,087 [INFO] Capturing response: https://teletv5.top/load/yayinlink.php?id=bein-sports-4 200 
2026-08-01 20:27:33,103 [INFO] Capturing response: https://streamsport365.com/cinema 200 
2026-08-01 20:27:33,239 [INFO] Capturing request: https://www.atomsportv510.top/assets/img/player/player_logo_6a5f6c9cb38e0.png
2026-08-01 20:27:33,249 [INFO] Capturing request: https://corestream.siteyaptim.live//bein4/tracks-v1a1/mono.m3u8
2026-08-01 20:27:33,359 [INFO] Capturing response: https://www.atomsportv510.top/assets/img/player/player_logo_6a5f6c9cb38e0.png 304 
2026-08-01 20:27:33,383 [INFO] Capturing response: https://corestream.siteyaptim.live//bein4/tracks-v1a1/mono.m3u8 200 
2026-08-01 20:27:33,533 [INFO] Capturing request: https://global.siteyaptim.live/bein4/tracks-v1a1/2026/08/01/20/26/53-07260.jpg
2026-08-01 20:27:34,301 [INFO] Capturing response: https://global.siteyaptim.live/bein4/tracks-v1a1/2026/08/01/20/26/53-07260.jpg 200 
2026-08-01 20:27:34,556 [INFO] Capturing request: https://global.siteyaptim.live/bein4/tracks-v1a1/2026/08/01/20/27/00-05000.jpg
2026-08-01 20:27:35,711 [INFO] Capturing response: https://global.siteyaptim.live/bein4/tracks-v1a1/2026/08/01/20/27/00-05000.jpg 200 
2026-08-01 20:27:35,838 [INFO]   ✅ M3U8 bulundu: https://corestream.siteyaptim.live//bein4/tracks-v1a1/mono.m3u8
2026-08-01 20:27:35,927 [INFO] Capturing request: https://global.siteyaptim.live/bein4/tracks-v1a1/2026/08/01/20/27/05-05000.jpg
2026-08-01 20:27:36,201 [INFO] Capturing response: https://global.siteyaptim.live/bein4/tracks-v1a1/2026/08/01/20/27/05-05000.jpg 200 
2026-08-01 20:27:36,838 [INFO] 
[5/14]
2026-08-01 20:27:36,838 [INFO] 🔍 beIN Sports 5 → https://www.atomsportv510.top/matches?id=bein-sports-5
2026-08-01 20:27:36,948 [INFO] Capturing request: https://www.atomsportv510.top/matches?id=bein-sports-5
2026-08-01 20:27:37,179 [INFO] Capturing response: https://www.atomsportv510.top/matches?id=bein-sports-5 200 
2026-08-01 20:27:37,315 [INFO] Capturing request: https://teletv5.top/load/yayinlink.php?id=bein-sports-5
2026-08-01 20:27:37,317 [INFO] Capturing request: https://www.atomsportv510.top/favicon.ico
2026-08-01 20:27:37,361 [INFO] Capturing response: https://www.atomsportv510.top/favicon.ico 200 
2026-08-01 20:27:37,427 [INFO] Capturing request: https://streamsport365.com/cinema
2026-08-01 20:27:37,479 [INFO] Capturing response: https://teletv5.top/load/yayinlink.php?id=bein-sports-5 200 
2026-08-01 20:27:37,695 [INFO] Capturing response: https://streamsport365.com/cinema 200 
2026-08-01 20:27:37,807 [INFO] Capturing request: https://www.atomsportv510.top/assets/img/player/player_logo_6a5f6c9cb38e0.png
2026-08-01 20:27:37,818 [INFO] Capturing request: https://corestream.siteyaptim.live//bein5/tracks-v1a1/mono.m3u8
2026-08-01 20:27:37,926 [INFO] Capturing response: https://www.atomsportv510.top/assets/img/player/player_logo_6a5f6c9cb38e0.png 304 
2026-08-01 20:27:37,959 [INFO] Capturing response: https://corestream.siteyaptim.live//bein5/tracks-v1a1/mono.m3u8 200 
2026-08-01 20:27:38,069 [INFO] Capturing request: https://global.siteyaptim.live/bein5/tracks-v1a1/2026/08/01/20/27/38-06000.jpg
2026-08-01 20:27:38,806 [INFO] Capturing response: https://global.siteyaptim.live/bein5/tracks-v1a1/2026/08/01/20/27/38-06000.jpg 200 
2026-08-01 20:27:39,163 [INFO] Capturing request: https://global.siteyaptim.live/bein5/tracks-v1a1/2026/08/01/20/27/44-06000.jpg
2026-08-01 20:27:39,801 [INFO] Capturing response: https://global.siteyaptim.live/bein5/tracks-v1a1/2026/08/01/20/27/44-06000.jpg 200 
2026-08-01 20:27:40,160 [INFO] Capturing request: https://global.siteyaptim.live/bein5/tracks-v1a1/2026/08/01/20/27/50-06000.jpg
2026-08-01 20:27:40,233 [INFO]   ✅ M3U8 bulundu: https://corestream.siteyaptim.live//bein5/tracks-v1a1/mono.m3u8
2026-08-01 20:27:40,821 [INFO] Capturing response: https://global.siteyaptim.live/bein5/tracks-v1a1/2026/08/01/20/27/50-06000.jpg 200 
2026-08-01 20:27:41,234 [INFO] 
[6/14]
2026-08-01 20:27:41,234 [INFO] 🔍 beIN Sports Max 1 → https://www.atomsportv510.top/matches?id=bein-sports-max-1
2026-08-01 20:27:41,348 [INFO] Capturing request: https://www.atomsportv510.top/matches?id=bein-sports-max-1
2026-08-01 20:27:41,593 [INFO] Capturing response: https://www.atomsportv510.top/matches?id=bein-sports-max-1 200 
2026-08-01 20:27:41,628 [INFO] Capturing request: https://streamsport365.com/cinema
2026-08-01 20:27:41,727 [INFO] Capturing request: https://teletv5.top/load/yayinlink.php?id=bein-sports-max-1
2026-08-01 20:27:41,728 [INFO] Capturing request: https://www.atomsportv510.top/favicon.ico
2026-08-01 20:27:41,769 [INFO] Capturing response: https://www.atomsportv510.top/favicon.ico 200 
2026-08-01 20:27:41,896 [INFO] Capturing response: https://teletv5.top/load/yayinlink.php?id=bein-sports-max-1 200 
2026-08-01 20:27:41,903 [INFO] Capturing response: https://streamsport365.com/cinema 200 
2026-08-01 20:27:42,049 [INFO] Capturing request: https://www.atomsportv510.top/assets/img/player/player_logo_6a5f6c9cb38e0.png
2026-08-01 20:27:42,060 [INFO] Capturing request: https://corestream.siteyaptim.live//trtspor/tracks-v1a1/mono.m3u8
2026-08-01 20:27:42,167 [INFO] Capturing response: https://www.atomsportv510.top/assets/img/player/player_logo_6a5f6c9cb38e0.png 304 
2026-08-01 20:27:42,248 [INFO] Capturing request: https://android.clients.google.com/c2dm/register3
2026-08-01 20:27:42,274 [INFO] Capturing response: https://android.clients.google.com/c2dm/register3 301 
2026-08-01 20:27:43,191 [INFO] Capturing response: https://corestream.siteyaptim.live//trtspor/tracks-v1a1/mono.m3u8 404 
2026-08-01 20:27:44,643 [INFO]   ✅ M3U8 bulundu: https://corestream.siteyaptim.live//trtspor/tracks-v1a1/mono.m3u8
2026-08-01 20:27:45,355 [INFO] Capturing request: https://corestream.siteyaptim.live//trtspor/tracks-v1a1/mono.m3u8
2026-08-01 20:27:45,484 [INFO] Capturing response: https://corestream.siteyaptim.live//trtspor/tracks-v1a1/mono.m3u8 404 
2026-08-01 20:27:45,643 [INFO] 
[7/14]
2026-08-01 20:27:45,643 [INFO] 🔍 beIN Sports Max 2 → https://www.atomsportv510.top/matches?id=bein-sports-max-2
2026-08-01 20:27:45,753 [INFO] Capturing request: https://www.atomsportv510.top/matches?id=bein-sports-max-2
2026-08-01 20:27:45,985 [INFO] Capturing response: https://www.atomsportv510.top/matches?id=bein-sports-max-2 200 
2026-08-01 20:27:46,113 [INFO] Capturing request: https://teletv5.top/load/yayinlink.php?id=bein-sports-max-2
2026-08-01 20:27:46,117 [INFO] Capturing request: https://www.atomsportv510.top/favicon.ico
2026-08-01 20:27:46,158 [INFO] Capturing response: https://www.atomsportv510.top/favicon.ico 200 
2026-08-01 20:27:46,227 [INFO] Capturing request: https://streamsport365.com/cinema
2026-08-01 20:27:46,279 [INFO] Capturing response: https://teletv5.top/load/yayinlink.php?id=bein-sports-max-2 200 
2026-08-01 20:27:46,516 [INFO] Capturing response: https://streamsport365.com/cinema 200 
2026-08-01 20:27:46,628 [INFO] Capturing request: https://www.atomsportv510.top/assets/img/player/player_logo_6a5f6c9cb38e0.png
2026-08-01 20:27:46,638 [INFO] Capturing request: https://corestream.siteyaptim.live//hls/s-sport.m3u8
2026-08-01 20:27:46,750 [INFO] Capturing response: https://www.atomsportv510.top/assets/img/player/player_logo_6a5f6c9cb38e0.png 304 
2026-08-01 20:27:46,785 [INFO] Capturing response: https://corestream.siteyaptim.live//hls/s-sport.m3u8 404 
2026-08-01 20:27:48,903 [INFO] Capturing request: https://corestream.siteyaptim.live//hls/s-sport.m3u8
2026-08-01 20:27:49,030 [INFO]   ✅ M3U8 bulundu: https://corestream.siteyaptim.live//hls/s-sport.m3u8
2026-08-01 20:27:49,034 [INFO] Capturing response: https://corestream.siteyaptim.live//hls/s-sport.m3u8 404 
2026-08-01 20:27:50,030 [INFO] 
[8/14]
2026-08-01 20:27:50,030 [INFO] 🔍 S Sport → https://www.atomsportv510.top/matches?id=s-sport
2026-08-01 20:27:50,140 [INFO] Capturing request: https://www.atomsportv510.top/matches?id=s-sport
2026-08-01 20:27:50,517 [INFO] Capturing response: https://www.atomsportv510.top/matches?id=s-sport 200 
2026-08-01 20:27:50,549 [INFO] Capturing request: https://streamsport365.com/cinema
2026-08-01 20:27:50,650 [INFO] Capturing request: https://teletv5.top/load/yayinlink.php?id=s-sport
2026-08-01 20:27:50,651 [INFO] Capturing request: https://www.atomsportv510.top/favicon.ico
2026-08-01 20:27:50,692 [INFO] Capturing response: https://www.atomsportv510.top/favicon.ico 200 
2026-08-01 20:27:50,829 [INFO] Capturing response: https://teletv5.top/load/yayinlink.php?id=s-sport 200 
2026-08-01 20:27:50,832 [INFO] Capturing response: https://streamsport365.com/cinema 200 
2026-08-01 20:27:50,980 [INFO] Capturing request: https://www.atomsportv510.top/assets/img/player/player_logo_6a5f6c9cb38e0.png
2026-08-01 20:27:50,990 [INFO] Capturing request: https://corestream.siteyaptim.live//s-sport/tracks-v1a1/mono.m3u8
2026-08-01 20:27:51,097 [INFO] Capturing response: https://www.atomsportv510.top/assets/img/player/player_logo_6a5f6c9cb38e0.png 304 
2026-08-01 20:27:51,130 [INFO] Capturing response: https://corestream.siteyaptim.live//s-sport/tracks-v1a1/mono.m3u8 200 
2026-08-01 20:27:51,281 [INFO] Capturing request: https://global.siteyaptim.live/s-sport/tracks-v1a1/2026/08/01/20/28/24-13440.jpg
2026-08-01 20:27:51,698 [INFO] Capturing response: https://global.siteyaptim.live/s-sport/tracks-v1a1/2026/08/01/20/28/24-13440.jpg 200 
2026-08-01 20:27:51,971 [INFO] Capturing request: https://global.siteyaptim.live/s-sport/tracks-v1a1/2026/08/01/20/28/38-13520.jpg
2026-08-01 20:27:52,728 [INFO] Capturing response: https://global.siteyaptim.live/s-sport/tracks-v1a1/2026/08/01/20/28/38-13520.jpg 200 
2026-08-01 20:27:52,992 [INFO] Capturing request: https://global.siteyaptim.live/s-sport/tracks-v1a1/2026/08/01/20/28/52-13520.jpg
2026-08-01 20:27:53,415 [INFO] Capturing response: https://global.siteyaptim.live/s-sport/tracks-v1a1/2026/08/01/20/28/52-13520.jpg 200 
2026-08-01 20:27:53,574 [INFO]   ✅ M3U8 bulundu: https://corestream.siteyaptim.live//s-sport/tracks-v1a1/mono.m3u8
2026-08-01 20:27:53,678 [INFO] Capturing request: https://global.siteyaptim.live/s-sport/tracks-v1a1/2026/08/01/20/29/05-13440.jpg
2026-08-01 20:27:54,211 [INFO] Capturing response: https://global.siteyaptim.live/s-sport/tracks-v1a1/2026/08/01/20/29/05-13440.jpg 200 
2026-08-01 20:27:54,575 [INFO] 
[9/14]
2026-08-01 20:27:54,575 [INFO] 🔍 S Sport 2 → https://www.atomsportv510.top/matches?id=s-sport-2
2026-08-01 20:27:54,687 [INFO] Capturing request: https://www.atomsportv510.top/matches?id=s-sport-2
2026-08-01 20:27:54,919 [INFO] Capturing response: https://www.atomsportv510.top/matches?id=s-sport-2 200 
2026-08-01 20:27:55,002 [INFO] 127.0.0.1:57600: ProtocolException("Error in HTTP connection: Http2ZombieException('Connection or stream already dead: 1785616074.950021, False')")
2026-08-01 20:27:55,051 [INFO] Capturing request: https://teletv5.top/load/yayinlink.php?id=s-sport-2
2026-08-01 20:27:55,055 [INFO] Capturing request: https://www.atomsportv510.top/favicon.ico
2026-08-01 20:27:55,091 [INFO] Capturing response: https://www.atomsportv510.top/favicon.ico 200 
2026-08-01 20:27:55,164 [INFO] Capturing request: https://streamsport365.com/cinema
2026-08-01 20:27:55,218 [INFO] Capturing response: https://teletv5.top/load/yayinlink.php?id=s-sport-2 200 
2026-08-01 20:27:55,450 [INFO] Capturing response: https://streamsport365.com/cinema 200 
2026-08-01 20:27:55,560 [INFO] Capturing request: https://www.atomsportv510.top/assets/img/player/player_logo_6a5f6c9cb38e0.png
2026-08-01 20:27:55,569 [INFO] Capturing request: https://corestream.siteyaptim.live//s-sport-2/tracks-v1a1/mono.m3u8
2026-08-01 20:27:55,683 [INFO] Capturing response: https://www.atomsportv510.top/assets/img/player/player_logo_6a5f6c9cb38e0.png 304 
2026-08-01 20:27:55,698 [INFO] Capturing response: https://corestream.siteyaptim.live//s-sport-2/tracks-v1a1/mono.m3u8 404 
2026-08-01 20:27:57,817 [INFO] Capturing request: https://corestream.siteyaptim.live//s-sport-2/tracks-v1a1/mono.m3u8
2026-08-01 20:27:57,940 [INFO] Capturing response: https://corestream.siteyaptim.live//s-sport-2/tracks-v1a1/mono.m3u8 404 
2026-08-01 20:27:57,967 [INFO]   ✅ M3U8 bulundu: https://corestream.siteyaptim.live//s-sport-2/tracks-v1a1/mono.m3u8
2026-08-01 20:27:58,967 [INFO] 
[10/14]
2026-08-01 20:27:58,967 [INFO] 🔍 A Spor → https://www.atomsportv510.top/matches?id=a-spor
2026-08-01 20:27:59,076 [INFO] Capturing request: https://www.atomsportv510.top/matches?id=a-spor
2026-08-01 20:27:59,305 [INFO] Capturing response: https://www.atomsportv510.top/matches?id=a-spor 200 
2026-08-01 20:27:59,342 [INFO] Capturing request: https://streamsport365.com/cinema
2026-08-01 20:27:59,437 [INFO] Capturing request: https://teletv5.top/load/yayinlink.php?id=a-spor
2026-08-01 20:27:59,443 [INFO] Capturing request: https://www.atomsportv510.top/favicon.ico
2026-08-01 20:27:59,481 [INFO] Capturing response: https://www.atomsportv510.top/favicon.ico 200 
2026-08-01 20:27:59,603 [INFO] Capturing response: https://teletv5.top/load/yayinlink.php?id=a-spor 200 
2026-08-01 20:27:59,618 [INFO] Capturing response: https://streamsport365.com/cinema 200 
2026-08-01 20:27:59,757 [INFO] Capturing request: https://www.atomsportv510.top/assets/img/player/player_logo_6a5f6c9cb38e0.png
2026-08-01 20:27:59,768 [INFO] Capturing request: https://corestream.siteyaptim.live//aspor/tracks-v1a1/mono.m3u8
2026-08-01 20:27:59,876 [INFO] Capturing response: https://www.atomsportv510.top/assets/img/player/player_logo_6a5f6c9cb38e0.png 304 
2026-08-01 20:27:59,904 [INFO] Capturing response: https://corestream.siteyaptim.live//aspor/tracks-v1a1/mono.m3u8 404 
2026-08-01 20:28:02,023 [INFO] Capturing request: https://corestream.siteyaptim.live//aspor/tracks-v1a1/mono.m3u8
2026-08-01 20:28:02,159 [INFO] Capturing response: https://corestream.siteyaptim.live//aspor/tracks-v1a1/mono.m3u8 404 
2026-08-01 20:28:02,355 [INFO]   ✅ M3U8 bulundu: https://corestream.siteyaptim.live//aspor/tracks-v1a1/mono.m3u8
2026-08-01 20:28:03,355 [INFO] 
[11/14]
2026-08-01 20:28:03,355 [INFO] 🔍 Tivibu Spor 1 → https://www.atomsportv510.top/matches?id=tivibu-spor-1
2026-08-01 20:28:03,464 [INFO] Capturing request: https://www.atomsportv510.top/matches?id=tivibu-spor-1
2026-08-01 20:28:03,698 [INFO] Capturing response: https://www.atomsportv510.top/matches?id=tivibu-spor-1 200 
2026-08-01 20:28:03,851 [INFO] Capturing request: https://teletv5.top/load/yayinlink.php?id=tivibu-spor-1
2026-08-01 20:28:03,853 [INFO] Capturing request: https://www.atomsportv510.top/favicon.ico
2026-08-01 20:28:03,891 [INFO] Capturing response: https://www.atomsportv510.top/favicon.ico 200 
2026-08-01 20:28:03,965 [INFO] Capturing request: https://streamsport365.com/cinema
2026-08-01 20:28:04,024 [INFO] Capturing response: https://teletv5.top/load/yayinlink.php?id=tivibu-spor-1 200 
2026-08-01 20:28:04,237 [INFO] Capturing response: https://streamsport365.com/cinema 200 
2026-08-01 20:28:17,894 [INFO] Capturing request: https://update.googleapis.com/service/update2/json?cup2key=16:PvR1RE2rTKNlCw3tkweb-d5rUE269p0-GiVn32QnijA&cup2hreq=2479310bafb3ce7891baf36593a3df8712da366b8cfa8aae5432c5498b22c86b
2026-08-01 20:28:17,923 [INFO] Capturing response: https://update.googleapis.com/service/update2/json?cup2key=16:PvR1RE2rTKNlCw3tkweb-d5rUE269p0-GiVn32QnijA&cup2hreq=2479310bafb3ce7891baf36593a3df8712da366b8cfa8aae5432c5498b22c86b 200 
2026-08-01 20:28:17,930 [INFO] Capturing request: http://edgedl.me.gvt1.com/edgedl/diffgen-puffin/gcmjkmgdlgnkkcocmoeiminaijmmjnii/6ca5bdb9f3e2cd83b7e359729bc6c33c4fe975ec499861d969b3e080320849ff
2026-08-01 20:28:17,956 [INFO] Capturing response: http://edgedl.me.gvt1.com/edgedl/diffgen-puffin/gcmjkmgdlgnkkcocmoeiminaijmmjnii/6ca5bdb9f3e2cd83b7e359729bc6c33c4fe975ec499861d969b3e080320849ff 200 OK
2026-08-01 20:28:17,985 [INFO] Capturing request: https://update.googleapis.com/service/update2/json
2026-08-01 20:28:18,009 [INFO] Capturing response: https://update.googleapis.com/service/update2/json 200 
2026-08-01 20:28:18,054 [INFO] Capturing request: http://edgedl.me.gvt1.com/edgedl/release2/chrome_component/hdr2s6jkcotgbko254lno42icy_10688/hfnkpimlhhgieaddgfemjhofmfblmnib_10688_all_acg7nsjaymn5fajawbdsambsfzsa.crx3
2026-08-01 20:28:18,067 [INFO] Capturing response: http://edgedl.me.gvt1.com/edgedl/release2/chrome_component/hdr2s6jkcotgbko254lno42icy_10688/hfnkpimlhhgieaddgfemjhofmfblmnib_10688_all_acg7nsjaymn5fajawbdsambsfzsa.crx3 200 OK
2026-08-01 20:28:18,098 [INFO] Capturing request: https://update.googleapis.com/service/update2/json
2026-08-01 20:28:18,122 [INFO] Capturing response: https://update.googleapis.com/service/update2/json 200 
2026-08-01 20:28:35,937 [INFO] Capturing request: https://android.clients.google.com/c2dm/register3
2026-08-01 20:28:35,964 [INFO] Capturing response: https://android.clients.google.com/c2dm/register3 301 
2026-08-01 20:28:37,047 [WARNING]   ❌ Tivibu Spor 1 için M3U8 bulunamadı
2026-08-01 20:28:38,047 [INFO] 
[12/14]
2026-08-01 20:28:38,047 [INFO] 🔍 Tivibu Spor 2 → https://www.atomsportv510.top/matches?id=tivibu-spor-2
2026-08-01 20:28:38,193 [INFO] Capturing request: https://www.atomsportv510.top/matches?id=tivibu-spor-2
2026-08-01 20:28:39,101 [INFO] Capturing response: https://www.atomsportv510.top/matches?id=tivibu-spor-2 200 
2026-08-01 20:28:39,263 [INFO] Capturing request: https://www.atomsportv510.top/favicon.ico
2026-08-01 20:28:39,300 [INFO] Capturing response: https://www.atomsportv510.top/favicon.ico 200 
2026-08-01 20:28:39,305 [INFO] Capturing request: https://teletv5.top/load/yayinlink.php?id=tivibu-spor-2
2026-08-01 20:28:39,474 [INFO] Capturing response: https://teletv5.top/load/yayinlink.php?id=tivibu-spor-2 200 
2026-08-01 20:28:39,857 [INFO] Capturing request: https://streamsport365.com/cinema
2026-08-01 20:28:40,130 [INFO] Capturing response: https://streamsport365.com/cinema 200 
2026-08-01 20:29:12,418 [WARNING]   ❌ Tivibu Spor 2 için M3U8 bulunamadı
2026-08-01 20:29:13,418 [INFO] 
[13/14]
2026-08-01 20:29:13,418 [INFO] 🔍 Tivibu Spor 3 → https://www.atomsportv510.top/matches?id=tivibu-spor-3
2026-08-01 20:29:13,529 [INFO] Capturing request: https://www.atomsportv510.top/matches?id=tivibu-spor-3
2026-08-01 20:29:13,967 [INFO] Capturing response: https://www.atomsportv510.top/matches?id=tivibu-spor-3 200 
2026-08-01 20:29:14,104 [INFO] Capturing request: https://teletv5.top/load/yayinlink.php?id=tivibu-spor-3
2026-08-01 20:29:14,107 [INFO] Capturing request: https://www.atomsportv510.top/favicon.ico
2026-08-01 20:29:14,139 [INFO] Capturing response: https://www.atomsportv510.top/favicon.ico 200 
2026-08-01 20:29:14,218 [INFO] Capturing request: https://streamsport365.com/cinema
2026-08-01 20:29:14,279 [INFO] Capturing response: https://teletv5.top/load/yayinlink.php?id=tivibu-spor-3 200 
2026-08-01 20:29:14,491 [INFO] Capturing response: https://streamsport365.com/cinema 200 
2026-08-01 20:29:47,266 [WARNING]   ❌ Tivibu Spor 3 için M3U8 bulunamadı
2026-08-01 20:29:48,266 [INFO] 
[14/14]
2026-08-01 20:29:48,266 [INFO] 🔍 Tivibu Spor 4 → https://www.atomsportv510.top/matches?id=tivibu-spor-4
2026-08-01 20:29:48,376 [INFO] Capturing request: https://www.atomsportv510.top/matches?id=tivibu-spor-4
2026-08-01 20:29:48,753 [INFO] Capturing response: https://www.atomsportv510.top/matches?id=tivibu-spor-4 200 
2026-08-01 20:29:48,891 [INFO] Capturing request: https://teletv5.top/load/yayinlink.php?id=tivibu-spor-4
2026-08-01 20:29:48,893 [INFO] Capturing request: https://www.atomsportv510.top/favicon.ico
2026-08-01 20:29:48,935 [INFO] Capturing response: https://www.atomsportv510.top/favicon.ico 200 
2026-08-01 20:29:49,001 [INFO] Capturing request: https://streamsport365.com/cinema
2026-08-01 20:29:49,056 [INFO] Capturing response: https://teletv5.top/load/yayinlink.php?id=tivibu-spor-4 200 
2026-08-01 20:29:49,279 [INFO] Capturing response: https://streamsport365.com/cinema 200 
2026-08-01 20:30:22,044 [WARNING]   ❌ Tivibu Spor 4 için M3U8 bulunamadı
2026-08-01 20:30:23,111 [INFO] ✅ 10 kanal bulundu, playlist.m3u kaydedildi
