2026-08-09 23:32:25,649 [INFO] 🌐 BASE_URL: https://www.atomsportv512.top
2026-08-09 23:32:26,560 [INFO] Başlanıyor... 14 kanal taranacak
2026-08-09 23:32:26,561 [INFO] Using default request storage
2026-08-09 23:32:26,565 [INFO] Created proxy listening on 127.0.0.1:36103
2026-08-09 23:32:27,245 [INFO] Capturing request: http://clients2.google.com/time/1/current?cup2key=10:b954Gh9ooiCvm5Uzs1TDDzIEwKxZ21QphVrgbL2Zjb8&cup2hreq=e3b0c44298fc1c149afbf4c8996fb92427ae41e4649b934ca495991b7852b855
2026-08-09 23:32:27,282 [INFO] Capturing response: http://clients2.google.com/time/1/current?cup2key=10:b954Gh9ooiCvm5Uzs1TDDzIEwKxZ21QphVrgbL2Zjb8&cup2hreq=e3b0c44298fc1c149afbf4c8996fb92427ae41e4649b934ca495991b7852b855 200 OK
2026-08-09 23:32:27,485 [INFO] 
[1/14]
2026-08-09 23:32:27,485 [INFO] 🔍 beIN Sports 1 → https://www.atomsportv512.top/matches?id=bein-sports-1
2026-08-09 23:32:27,608 [INFO] Capturing request: https://update.googleapis.com/service/update2/json?cup2key=16:YkrTFd5NZmOErsNVZ7FtqG2yjEjp-Zavp7SLPg01mJE&cup2hreq=ba0276ec54b0e9df438bd55de2f6e85dc7f35e522f6d9c3c5b558337b28801db
2026-08-09 23:32:27,619 [INFO] Capturing request: https://accounts.google.com/ListAccounts?gpsia=1&source=ChromiumBrowser&json=standard&laf=b64bin
2026-08-09 23:32:27,663 [INFO] Capturing response: https://accounts.google.com/ListAccounts?gpsia=1&source=ChromiumBrowser&json=standard&laf=b64bin 200 
2026-08-09 23:32:27,708 [INFO] Capturing request: https://www.google.com/async/folae?async=_fmt:pb&udm=50&client_locale=en-US&client_country=ZZ
2026-08-09 23:32:27,718 [INFO] Capturing request: https://www.atomsportv512.top/matches?id=bein-sports-1
2026-08-09 23:32:27,733 [INFO] Capturing response: https://www.google.com/async/folae?async=_fmt:pb&udm=50&client_locale=en-US&client_country=ZZ 200 
2026-08-09 23:32:27,740 [INFO] Capturing response: https://update.googleapis.com/service/update2/json?cup2key=16:YkrTFd5NZmOErsNVZ7FtqG2yjEjp-Zavp7SLPg01mJE&cup2hreq=ba0276ec54b0e9df438bd55de2f6e85dc7f35e522f6d9c3c5b558337b28801db 200 
2026-08-09 23:32:27,788 [INFO] Capturing request: https://update.googleapis.com/service/update2/json?cup2key=16:taBnsyzvW1kvTReOK9ButR7J_GJvwHRLBAj1kZAIrnA&cup2hreq=d8ddf0d6392510508fe2b5eda963b53244ab1ca087a7548f9d204a6a01602e99
2026-08-09 23:32:27,814 [INFO] Capturing response: https://update.googleapis.com/service/update2/json?cup2key=16:taBnsyzvW1kvTReOK9ButR7J_GJvwHRLBAj1kZAIrnA&cup2hreq=d8ddf0d6392510508fe2b5eda963b53244ab1ca087a7548f9d204a6a01602e99 200 
2026-08-09 23:32:27,860 [INFO] Capturing request: https://update.googleapis.com/service/update2/json?cup2key=16:DaeDDtmxe7L9s-lbIlk_gnCjipsZBmoCEeejwRj0xoY&cup2hreq=e5754b7504baf53b41c8d9fb469f87f7fed74f9a93070a986ecdab55ace30fe3
2026-08-09 23:32:27,885 [INFO] Capturing response: https://update.googleapis.com/service/update2/json?cup2key=16:DaeDDtmxe7L9s-lbIlk_gnCjipsZBmoCEeejwRj0xoY&cup2hreq=e5754b7504baf53b41c8d9fb469f87f7fed74f9a93070a986ecdab55ace30fe3 200 
2026-08-09 23:32:27,912 [INFO] Capturing request: https://www.google.com/async/folae?async=_fmt:pb&udm=50&client_locale=en-US&client_country=ZZ
2026-08-09 23:32:27,934 [INFO] Capturing response: https://www.google.com/async/folae?async=_fmt:pb&udm=50&client_locale=en-US&client_country=ZZ 200 
2026-08-09 23:32:28,229 [INFO] Capturing response: https://www.atomsportv512.top/matches?id=bein-sports-1 200 
2026-08-09 23:32:28,441 [INFO] Capturing request: https://cdn.jsdelivr.net/npm/@clappr/player@0.11.16/dist/clappr.min.js
2026-08-09 23:32:28,443 [INFO] Capturing request: https://cdn.jsdelivr.net/npm/@clappr/hlsjs-playback@1.8.3/dist/hlsjs-playback.min.js
2026-08-09 23:32:28,446 [INFO] Capturing request: https://cdn.jsdelivr.net/npm/level-selector/dist/level-selector.min.js
2026-08-09 23:32:28,475 [INFO] Capturing response: https://cdn.jsdelivr.net/npm/@clappr/player@0.11.16/dist/clappr.min.js 200 
2026-08-09 23:32:28,559 [INFO] Capturing response: https://cdn.jsdelivr.net/npm/level-selector/dist/level-selector.min.js 200 
2026-08-09 23:32:28,577 [INFO] Capturing response: https://cdn.jsdelivr.net/npm/@clappr/hlsjs-playback@1.8.3/dist/hlsjs-playback.min.js 200 
2026-08-09 23:32:28,747 [INFO] Capturing request: https://www.atomsportv512.top/favicon.ico
2026-08-09 23:32:28,783 [INFO] Capturing response: https://www.atomsportv512.top/favicon.ico 200 
2026-08-09 23:32:28,804 [INFO] Capturing request: https://teletv5.top/load/yayinlink.php?id=bein-sports-1
2026-08-09 23:32:28,830 [INFO] Capturing response: https://teletv5.top/load/yayinlink.php?id=bein-sports-1 200 
2026-08-09 23:32:29,244 [INFO] Capturing request: https://streamsport365.com/cinema
2026-08-09 23:32:29,490 [INFO] Capturing response: https://streamsport365.com/cinema 200 
2026-08-09 23:32:29,622 [INFO] Capturing request: https://www.atomsportv512.top/assets/img/player/player_logo_6a72b29dbcd89.png
2026-08-09 23:32:29,661 [INFO] Capturing response: https://www.atomsportv512.top/assets/img/player/player_logo_6a72b29dbcd89.png 200 
2026-08-09 23:32:29,684 [INFO] Capturing request: https://corestream.siteyaptim.live//bein1/tracks-v1a1/mono.m3u8
2026-08-09 23:32:29,808 [INFO] Capturing response: https://corestream.siteyaptim.live//bein1/tracks-v1a1/mono.m3u8 200 
2026-08-09 23:32:30,015 [INFO] Capturing request: https://global.siteyaptim.live/bein1/tracks-v1a1/2026/08/09/23/32/13-06000.jpg
2026-08-09 23:32:30,249 [INFO] Capturing response: https://global.siteyaptim.live/bein1/tracks-v1a1/2026/08/09/23/32/13-06000.jpg 200 
2026-08-09 23:32:30,498 [INFO] Capturing request: https://global.siteyaptim.live/bein1/tracks-v1a1/2026/08/09/23/32/19-06000.jpg
2026-08-09 23:32:30,705 [INFO] Capturing request: https://android.clients.google.com/checkin
2026-08-09 23:32:30,745 [INFO] Capturing response: https://global.siteyaptim.live/bein1/tracks-v1a1/2026/08/09/23/32/19-06000.jpg 200 
2026-08-09 23:32:30,792 [INFO] Capturing response: https://android.clients.google.com/checkin 200 
2026-08-09 23:32:30,846 [INFO] Capturing request: https://android.clients.google.com/c2dm/register3
2026-08-09 23:32:30,851 [INFO] Capturing request: https://android.clients.google.com/c2dm/register3
2026-08-09 23:32:30,853 [INFO] Capturing request: https://android.clients.google.com/c2dm/register3
2026-08-09 23:32:30,890 [INFO] Capturing response: https://android.clients.google.com/c2dm/register3 301 
2026-08-09 23:32:30,958 [INFO] Capturing request: https://global.siteyaptim.live/bein1/tracks-v1a1/2026/08/09/23/32/25-06000.jpg
2026-08-09 23:32:31,194 [INFO] Capturing response: https://android.clients.google.com/c2dm/register3 200 
2026-08-09 23:32:31,255 [INFO] Capturing response: https://android.clients.google.com/c2dm/register3 200 
2026-08-09 23:32:31,259 [INFO] Capturing response: https://global.siteyaptim.live/bein1/tracks-v1a1/2026/08/09/23/32/25-06000.jpg 200 
2026-08-09 23:32:31,681 [INFO]   ✅ M3U8 bulundu: https://corestream.siteyaptim.live//bein1/tracks-v1a1/mono.m3u8
2026-08-09 23:32:32,682 [INFO] 
[2/14]
2026-08-09 23:32:32,682 [INFO] 🔍 beIN Sports 2 → https://www.atomsportv512.top/matches?id=bein-sports-2
2026-08-09 23:32:32,794 [INFO] Capturing request: https://www.atomsportv512.top/matches?id=bein-sports-2
2026-08-09 23:32:32,970 [INFO] Capturing response: https://www.atomsportv512.top/matches?id=bein-sports-2 200 
2026-08-09 23:32:33,025 [INFO] Capturing request: https://streamsport365.com/cinema
2026-08-09 23:32:33,122 [INFO] Capturing request: https://teletv5.top/load/yayinlink.php?id=bein-sports-2
2026-08-09 23:32:33,125 [INFO] Capturing request: https://www.atomsportv512.top/favicon.ico
2026-08-09 23:32:33,137 [INFO] Capturing response: https://teletv5.top/load/yayinlink.php?id=bein-sports-2 200 
2026-08-09 23:32:33,149 [INFO] Capturing response: https://www.atomsportv512.top/favicon.ico 200 
2026-08-09 23:32:33,271 [INFO] Capturing response: https://streamsport365.com/cinema 200 
2026-08-09 23:32:33,383 [INFO] Capturing request: https://www.atomsportv512.top/assets/img/player/player_logo_6a72b29dbcd89.png
2026-08-09 23:32:33,392 [INFO] Capturing request: https://corestream.siteyaptim.live//bein2/tracks-v1a1/mono.m3u8
2026-08-09 23:32:33,499 [INFO] Capturing response: https://www.atomsportv512.top/assets/img/player/player_logo_6a72b29dbcd89.png 304 
2026-08-09 23:32:33,507 [INFO] Capturing response: https://corestream.siteyaptim.live//bein2/tracks-v1a1/mono.m3u8 200 
2026-08-09 23:32:33,617 [INFO] Capturing request: https://global.siteyaptim.live/bein2/tracks-v1a1/2026/08/09/23/32/27-05000.jpg
2026-08-09 23:32:33,888 [INFO] Capturing response: https://global.siteyaptim.live/bein2/tracks-v1a1/2026/08/09/23/32/27-05000.jpg 200 
2026-08-09 23:32:34,119 [INFO] Capturing request: https://global.siteyaptim.live/bein2/tracks-v1a1/2026/08/09/23/32/32-05000.jpg
2026-08-09 23:32:34,394 [INFO] Capturing response: https://global.siteyaptim.live/bein2/tracks-v1a1/2026/08/09/23/32/32-05000.jpg 200 
2026-08-09 23:32:34,614 [INFO] Capturing request: https://global.siteyaptim.live/bein2/tracks-v1a1/2026/08/09/23/32/37-07240.jpg
2026-08-09 23:32:35,171 [INFO] Capturing response: https://global.siteyaptim.live/bein2/tracks-v1a1/2026/08/09/23/32/37-07240.jpg 200 
2026-08-09 23:32:35,421 [INFO] Capturing request: https://global.siteyaptim.live/bein2/tracks-v1a1/2026/08/09/23/32/45-05000.jpg
2026-08-09 23:32:35,767 [INFO] Capturing response: https://global.siteyaptim.live/bein2/tracks-v1a1/2026/08/09/23/32/45-05000.jpg 200 
2026-08-09 23:32:36,048 [INFO]   ✅ M3U8 bulundu: https://corestream.siteyaptim.live//bein2/tracks-v1a1/mono.m3u8
2026-08-09 23:32:37,049 [INFO] 
[3/14]
2026-08-09 23:32:37,049 [INFO] 🔍 beIN Sports 3 → https://www.atomsportv512.top/matches?id=bein-sports-3
2026-08-09 23:32:37,161 [INFO] Capturing request: https://www.atomsportv512.top/matches?id=bein-sports-3
2026-08-09 23:32:37,356 [INFO] Capturing response: https://www.atomsportv512.top/matches?id=bein-sports-3 200 
2026-08-09 23:32:37,491 [INFO] Capturing request: https://teletv5.top/load/yayinlink.php?id=bein-sports-3
2026-08-09 23:32:37,491 [INFO] Capturing request: https://www.atomsportv512.top/favicon.ico
2026-08-09 23:32:37,507 [INFO] Capturing response: https://teletv5.top/load/yayinlink.php?id=bein-sports-3 200 
2026-08-09 23:32:37,519 [INFO] Capturing response: https://www.atomsportv512.top/favicon.ico 200 
2026-08-09 23:32:37,586 [INFO] Capturing request: https://streamsport365.com/cinema
2026-08-09 23:32:37,831 [INFO] Capturing response: https://streamsport365.com/cinema 200 
2026-08-09 23:32:37,942 [INFO] Capturing request: https://www.atomsportv512.top/assets/img/player/player_logo_6a72b29dbcd89.png
2026-08-09 23:32:37,951 [INFO] Capturing request: https://corestream.siteyaptim.live//bein3/tracks-v1a1/mono.m3u8
2026-08-09 23:32:38,055 [INFO] Capturing response: https://www.atomsportv512.top/assets/img/player/player_logo_6a72b29dbcd89.png 304 
2026-08-09 23:32:38,071 [INFO] Capturing response: https://corestream.siteyaptim.live//bein3/tracks-v1a1/mono.m3u8 200 
2026-08-09 23:32:38,182 [INFO] Capturing request: https://global.siteyaptim.live/bein3/tracks-v1a1/2026/08/09/23/32/38-05000.jpg
2026-08-09 23:32:38,729 [INFO] Capturing response: https://global.siteyaptim.live/bein3/tracks-v1a1/2026/08/09/23/32/38-05000.jpg 200 
2026-08-09 23:32:38,957 [INFO] Capturing request: https://global.siteyaptim.live/bein3/tracks-v1a1/2026/08/09/23/32/43-05480.jpg
2026-08-09 23:32:39,251 [INFO] Capturing response: https://global.siteyaptim.live/bein3/tracks-v1a1/2026/08/09/23/32/43-05480.jpg 200 
2026-08-09 23:32:39,481 [INFO] Capturing request: https://global.siteyaptim.live/bein3/tracks-v1a1/2026/08/09/23/32/48-05000.jpg
2026-08-09 23:32:39,716 [INFO] Capturing response: https://global.siteyaptim.live/bein3/tracks-v1a1/2026/08/09/23/32/48-05000.jpg 200 
2026-08-09 23:32:39,915 [INFO] Capturing request: https://global.siteyaptim.live/bein3/tracks-v1a1/2026/08/09/23/32/53-05000.jpg
2026-08-09 23:32:40,325 [INFO] Capturing response: https://global.siteyaptim.live/bein3/tracks-v1a1/2026/08/09/23/32/53-05000.jpg 200 
2026-08-09 23:32:40,411 [INFO]   ✅ M3U8 bulundu: https://corestream.siteyaptim.live//bein3/tracks-v1a1/mono.m3u8
2026-08-09 23:32:41,412 [INFO] 
[4/14]
2026-08-09 23:32:41,412 [INFO] 🔍 beIN Sports 4 → https://www.atomsportv512.top/matches?id=bein-sports-4
2026-08-09 23:32:41,523 [INFO] Capturing request: https://www.atomsportv512.top/matches?id=bein-sports-4
2026-08-09 23:32:41,700 [INFO] Capturing response: https://www.atomsportv512.top/matches?id=bein-sports-4 200 
2026-08-09 23:32:41,734 [INFO] Capturing request: https://streamsport365.com/cinema
2026-08-09 23:32:41,834 [INFO] Capturing request: https://teletv5.top/load/yayinlink.php?id=bein-sports-4
2026-08-09 23:32:41,848 [INFO] Capturing request: https://www.atomsportv512.top/favicon.ico
2026-08-09 23:32:41,852 [INFO] Capturing response: https://teletv5.top/load/yayinlink.php?id=bein-sports-4 200 
2026-08-09 23:32:41,874 [INFO] Capturing response: https://www.atomsportv512.top/favicon.ico 200 
2026-08-09 23:32:41,982 [INFO] Capturing response: https://streamsport365.com/cinema 200 
2026-08-09 23:32:42,094 [INFO] Capturing request: https://www.atomsportv512.top/assets/img/player/player_logo_6a72b29dbcd89.png
2026-08-09 23:32:42,104 [INFO] Capturing request: https://corestream.siteyaptim.live//bein4/tracks-v1a1/mono.m3u8
2026-08-09 23:32:42,208 [INFO] Capturing response: https://www.atomsportv512.top/assets/img/player/player_logo_6a72b29dbcd89.png 304 
2026-08-09 23:32:42,223 [INFO] Capturing response: https://corestream.siteyaptim.live//bein4/tracks-v1a1/mono.m3u8 200 
2026-08-09 23:32:42,374 [INFO] Capturing request: https://global.siteyaptim.live/bein4/tracks-v1a1/2026/08/09/23/33/56-06240.jpg
2026-08-09 23:32:42,882 [INFO] Capturing response: https://global.siteyaptim.live/bein4/tracks-v1a1/2026/08/09/23/33/56-06240.jpg 200 
2026-08-09 23:32:43,121 [INFO] Capturing request: https://global.siteyaptim.live/bein4/tracks-v1a1/2026/08/09/23/34/03-05000.jpg
2026-08-09 23:32:43,373 [INFO] Capturing response: https://global.siteyaptim.live/bein4/tracks-v1a1/2026/08/09/23/34/03-05000.jpg 200 
2026-08-09 23:32:43,580 [INFO] Capturing request: https://global.siteyaptim.live/bein4/tracks-v1a1/2026/08/09/23/34/08-05000.jpg
2026-08-09 23:32:43,862 [INFO] Capturing response: https://global.siteyaptim.live/bein4/tracks-v1a1/2026/08/09/23/34/08-05000.jpg 200 
2026-08-09 23:32:44,075 [INFO] Capturing request: https://global.siteyaptim.live/bein4/tracks-v1a1/2026/08/09/23/34/13-05000.jpg
2026-08-09 23:32:44,547 [INFO] Capturing response: https://global.siteyaptim.live/bein4/tracks-v1a1/2026/08/09/23/34/13-05000.jpg 200 
2026-08-09 23:32:44,772 [INFO]   ✅ M3U8 bulundu: https://corestream.siteyaptim.live//bein4/tracks-v1a1/mono.m3u8
2026-08-09 23:32:45,773 [INFO] 
[5/14]
2026-08-09 23:32:45,773 [INFO] 🔍 beIN Sports 5 → https://www.atomsportv512.top/matches?id=bein-sports-5
2026-08-09 23:32:45,885 [INFO] Capturing request: https://www.atomsportv512.top/matches?id=bein-sports-5
2026-08-09 23:32:46,060 [INFO] Capturing response: https://www.atomsportv512.top/matches?id=bein-sports-5 200 
2026-08-09 23:32:46,193 [INFO] Capturing request: https://teletv5.top/load/yayinlink.php?id=bein-sports-5
2026-08-09 23:32:46,195 [INFO] Capturing request: https://www.atomsportv512.top/favicon.ico
2026-08-09 23:32:46,223 [INFO] Capturing response: https://www.atomsportv512.top/favicon.ico 200 
2026-08-09 23:32:46,293 [INFO] Capturing request: https://streamsport365.com/cinema
2026-08-09 23:32:46,464 [INFO] Capturing response: https://teletv5.top/load/yayinlink.php?id=bein-sports-5 200 
2026-08-09 23:32:46,544 [INFO] Capturing response: https://streamsport365.com/cinema 200 
2026-08-09 23:32:46,655 [INFO] Capturing request: https://www.atomsportv512.top/assets/img/player/player_logo_6a72b29dbcd89.png
2026-08-09 23:32:46,665 [INFO] Capturing request: https://corestream.siteyaptim.live//bein5/tracks-v1a1/mono.m3u8
2026-08-09 23:32:46,769 [INFO] Capturing response: https://www.atomsportv512.top/assets/img/player/player_logo_6a72b29dbcd89.png 304 
2026-08-09 23:32:46,791 [INFO] Capturing response: https://corestream.siteyaptim.live//bein5/tracks-v1a1/mono.m3u8 200 
2026-08-09 23:32:46,901 [INFO] Capturing request: https://global.siteyaptim.live/bein5/tracks-v1a1/2026/08/09/23/34/20-06000.jpg
2026-08-09 23:32:47,877 [INFO] Capturing response: https://global.siteyaptim.live/bein5/tracks-v1a1/2026/08/09/23/34/20-06000.jpg 200 
2026-08-09 23:32:48,258 [INFO] Capturing request: https://global.siteyaptim.live/bein5/tracks-v1a1/2026/08/09/23/34/26-06000.jpg
2026-08-09 23:32:48,869 [INFO] Capturing response: https://global.siteyaptim.live/bein5/tracks-v1a1/2026/08/09/23/34/26-06000.jpg 200 
2026-08-09 23:32:49,155 [INFO]   ✅ M3U8 bulundu: https://corestream.siteyaptim.live//bein5/tracks-v1a1/mono.m3u8
2026-08-09 23:32:49,234 [INFO] Capturing request: https://global.siteyaptim.live/bein5/tracks-v1a1/2026/08/09/23/34/32-06000.jpg
2026-08-09 23:32:49,932 [INFO] Capturing response: https://global.siteyaptim.live/bein5/tracks-v1a1/2026/08/09/23/34/32-06000.jpg 200 
2026-08-09 23:32:50,156 [INFO] 
[6/14]
2026-08-09 23:32:50,156 [INFO] 🔍 beIN Sports Max 1 → https://www.atomsportv512.top/matches?id=bein-sports-max-1
2026-08-09 23:32:50,300 [INFO] Capturing request: https://www.atomsportv512.top/matches?id=bein-sports-max-1
2026-08-09 23:32:50,936 [INFO] Capturing response: https://www.atomsportv512.top/matches?id=bein-sports-max-1 200 
2026-08-09 23:32:50,970 [INFO] Capturing request: https://streamsport365.com/cinema
2026-08-09 23:32:51,065 [INFO] Capturing request: https://teletv5.top/load/yayinlink.php?id=bein-sports-max-1
2026-08-09 23:32:51,071 [INFO] Capturing request: https://www.atomsportv512.top/favicon.ico
2026-08-09 23:32:51,105 [INFO] Capturing response: https://www.atomsportv512.top/favicon.ico 200 
2026-08-09 23:32:51,215 [INFO] Capturing response: https://teletv5.top/load/yayinlink.php?id=bein-sports-max-1 200 
2026-08-09 23:32:51,218 [INFO] Capturing response: https://streamsport365.com/cinema 200 
2026-08-09 23:32:51,369 [INFO] Capturing request: https://www.atomsportv512.top/assets/img/player/player_logo_6a72b29dbcd89.png
2026-08-09 23:32:51,380 [INFO] Capturing request: https://corestream.siteyaptim.live//beinmax1/tracks-v1a1/mono.m3u8
2026-08-09 23:32:51,484 [INFO] Capturing response: https://www.atomsportv512.top/assets/img/player/player_logo_6a72b29dbcd89.png 304 
2026-08-09 23:32:51,500 [INFO] Capturing response: https://corestream.siteyaptim.live//beinmax1/tracks-v1a1/mono.m3u8 200 
2026-08-09 23:32:51,652 [INFO] Capturing request: https://global.siteyaptim.live/beinmax1/tracks-v1a1/2026/08/09/23/32/42-05000.jpg
2026-08-09 23:32:52,215 [INFO] Capturing response: https://global.siteyaptim.live/beinmax1/tracks-v1a1/2026/08/09/23/32/42-05000.jpg 200 
2026-08-09 23:32:52,476 [INFO] Capturing request: https://global.siteyaptim.live/beinmax1/tracks-v1a1/2026/08/09/23/32/47-05000.jpg
2026-08-09 23:32:53,046 [INFO] Capturing response: https://global.siteyaptim.live/beinmax1/tracks-v1a1/2026/08/09/23/32/47-05000.jpg 200 
2026-08-09 23:32:53,290 [INFO] Capturing request: https://global.siteyaptim.live/beinmax1/tracks-v1a1/2026/08/09/23/32/52-05000.jpg
2026-08-09 23:32:53,840 [INFO] Capturing response: https://global.siteyaptim.live/beinmax1/tracks-v1a1/2026/08/09/23/32/52-05000.jpg 200 
2026-08-09 23:32:53,994 [INFO]   ✅ M3U8 bulundu: https://corestream.siteyaptim.live//beinmax1/tracks-v1a1/mono.m3u8
2026-08-09 23:32:54,994 [INFO] 
[7/14]
2026-08-09 23:32:54,994 [INFO] 🔍 beIN Sports Max 2 → https://www.atomsportv512.top/matches?id=bein-sports-max-2
2026-08-09 23:32:55,105 [INFO] Capturing request: https://www.atomsportv512.top/matches?id=bein-sports-max-2
2026-08-09 23:32:55,280 [INFO] Capturing response: https://www.atomsportv512.top/matches?id=bein-sports-max-2 200 
2026-08-09 23:32:55,412 [INFO] Capturing request: https://teletv5.top/load/yayinlink.php?id=bein-sports-max-2
2026-08-09 23:32:55,416 [INFO] Capturing request: https://www.atomsportv512.top/favicon.ico
2026-08-09 23:32:55,440 [INFO] Capturing response: https://www.atomsportv512.top/favicon.ico 200 
2026-08-09 23:32:55,513 [INFO] Capturing request: https://streamsport365.com/cinema
2026-08-09 23:32:55,558 [INFO] Capturing response: https://teletv5.top/load/yayinlink.php?id=bein-sports-max-2 200 
2026-08-09 23:32:55,765 [INFO] Capturing response: https://streamsport365.com/cinema 200 
2026-08-09 23:32:55,876 [INFO] Capturing request: https://www.atomsportv512.top/assets/img/player/player_logo_6a72b29dbcd89.png
2026-08-09 23:32:55,886 [INFO] Capturing request: https://corestream.siteyaptim.live//hls/s-sport.m3u8
2026-08-09 23:32:55,992 [INFO] Capturing response: https://www.atomsportv512.top/assets/img/player/player_logo_6a72b29dbcd89.png 304 
2026-08-09 23:32:56,008 [INFO] Capturing response: https://corestream.siteyaptim.live//hls/s-sport.m3u8 404 
2026-08-09 23:32:58,132 [INFO] Capturing request: https://corestream.siteyaptim.live//hls/s-sport.m3u8
2026-08-09 23:32:58,246 [INFO] Capturing response: https://corestream.siteyaptim.live//hls/s-sport.m3u8 404 
2026-08-09 23:32:58,328 [INFO]   ✅ M3U8 bulundu: https://corestream.siteyaptim.live//hls/s-sport.m3u8
2026-08-09 23:32:59,092 [INFO] Capturing request: https://android.clients.google.com/c2dm/register3
2026-08-09 23:32:59,124 [INFO] Capturing response: https://android.clients.google.com/c2dm/register3 301 
2026-08-09 23:32:59,328 [INFO] 
[8/14]
2026-08-09 23:32:59,329 [INFO] 🔍 S Sport → https://www.atomsportv512.top/matches?id=s-sport
2026-08-09 23:32:59,437 [INFO] Capturing request: https://www.atomsportv512.top/matches?id=s-sport
2026-08-09 23:32:59,743 [INFO] Capturing response: https://www.atomsportv512.top/matches?id=s-sport 200 
2026-08-09 23:32:59,774 [INFO] Capturing request: https://streamsport365.com/cinema
2026-08-09 23:32:59,875 [INFO] Capturing request: https://teletv5.top/load/yayinlink.php?id=s-sport
2026-08-09 23:32:59,879 [INFO] Capturing request: https://www.atomsportv512.top/favicon.ico
2026-08-09 23:32:59,909 [INFO] Capturing response: https://www.atomsportv512.top/favicon.ico 200 
2026-08-09 23:33:00,022 [INFO] Capturing response: https://teletv5.top/load/yayinlink.php?id=s-sport 200 
2026-08-09 23:33:00,026 [INFO] Capturing response: https://streamsport365.com/cinema 200 
2026-08-09 23:33:00,176 [INFO] Capturing request: https://www.atomsportv512.top/assets/img/player/player_logo_6a72b29dbcd89.png
2026-08-09 23:33:00,185 [INFO] Capturing request: https://corestream.siteyaptim.live//s-sport/tracks-v1a1/mono.m3u8
2026-08-09 23:33:00,292 [INFO] Capturing response: https://www.atomsportv512.top/assets/img/player/player_logo_6a72b29dbcd89.png 304 
2026-08-09 23:33:00,304 [INFO] Capturing response: https://corestream.siteyaptim.live//s-sport/tracks-v1a1/mono.m3u8 200 
2026-08-09 23:33:00,413 [INFO] Capturing request: https://global.siteyaptim.live/s-sport/tracks-v1a1/2026/08/09/23/33/22-06000.jpg
2026-08-09 23:33:00,811 [INFO] Capturing response: https://global.siteyaptim.live/s-sport/tracks-v1a1/2026/08/09/23/33/22-06000.jpg 200 
2026-08-09 23:33:01,067 [INFO] Capturing request: https://global.siteyaptim.live/s-sport/tracks-v1a1/2026/08/09/23/33/28-06000.jpg
2026-08-09 23:33:01,760 [INFO] Capturing response: https://global.siteyaptim.live/s-sport/tracks-v1a1/2026/08/09/23/33/28-06000.jpg 200 
2026-08-09 23:33:02,031 [INFO] Capturing request: https://global.siteyaptim.live/s-sport/tracks-v1a1/2026/08/09/23/33/34-06000.jpg
2026-08-09 23:33:02,501 [INFO] Capturing response: https://global.siteyaptim.live/s-sport/tracks-v1a1/2026/08/09/23/33/34-06000.jpg 200 
2026-08-09 23:33:02,808 [INFO]   ✅ M3U8 bulundu: https://corestream.siteyaptim.live//s-sport/tracks-v1a1/mono.m3u8
2026-08-09 23:33:03,808 [INFO] 
[9/14]
2026-08-09 23:33:03,808 [INFO] 🔍 S Sport 2 → https://www.atomsportv512.top/matches?id=s-sport-2
2026-08-09 23:33:03,919 [INFO] Capturing request: https://www.atomsportv512.top/matches?id=s-sport-2
2026-08-09 23:33:04,095 [INFO] Capturing response: https://www.atomsportv512.top/matches?id=s-sport-2 200 
2026-08-09 23:33:04,225 [INFO] Capturing request: https://teletv5.top/load/yayinlink.php?id=s-sport-2
2026-08-09 23:33:04,228 [INFO] Capturing request: https://www.atomsportv512.top/favicon.ico
2026-08-09 23:33:04,254 [INFO] Capturing response: https://www.atomsportv512.top/favicon.ico 200 
2026-08-09 23:33:04,323 [INFO] Capturing request: https://streamsport365.com/cinema
2026-08-09 23:33:04,373 [INFO] Capturing response: https://teletv5.top/load/yayinlink.php?id=s-sport-2 200 
2026-08-09 23:33:04,575 [INFO] Capturing response: https://streamsport365.com/cinema 200 
2026-08-09 23:33:04,685 [INFO] Capturing request: https://www.atomsportv512.top/assets/img/player/player_logo_6a72b29dbcd89.png
2026-08-09 23:33:04,695 [INFO] Capturing request: https://corestream.siteyaptim.live//s-sport2/tracks-v1a1/mono.m3u8
2026-08-09 23:33:04,801 [INFO] Capturing response: https://www.atomsportv512.top/assets/img/player/player_logo_6a72b29dbcd89.png 304 
2026-08-09 23:33:04,819 [INFO] Capturing response: https://corestream.siteyaptim.live//s-sport2/tracks-v1a1/mono.m3u8 200 
2026-08-09 23:33:04,929 [INFO] Capturing request: https://global.siteyaptim.live/s-sport2/tracks-v1a1/2026/08/09/23/34/31-10000.jpg
2026-08-09 23:33:05,291 [INFO] Capturing response: https://global.siteyaptim.live/s-sport2/tracks-v1a1/2026/08/09/23/34/31-10000.jpg 200 
2026-08-09 23:33:05,532 [INFO] Capturing request: https://global.siteyaptim.live/s-sport2/tracks-v1a1/2026/08/09/23/34/41-10000.jpg
2026-08-09 23:33:06,202 [INFO] Capturing response: https://global.siteyaptim.live/s-sport2/tracks-v1a1/2026/08/09/23/34/41-10000.jpg 200 
2026-08-09 23:33:06,475 [INFO] Capturing request: https://global.siteyaptim.live/s-sport2/tracks-v1a1/2026/08/09/23/34/51-10000.jpg
2026-08-09 23:33:06,918 [INFO] Capturing response: https://global.siteyaptim.live/s-sport2/tracks-v1a1/2026/08/09/23/34/51-10000.jpg 200 
2026-08-09 23:33:07,150 [INFO]   ✅ M3U8 bulundu: https://corestream.siteyaptim.live//s-sport2/tracks-v1a1/mono.m3u8
2026-08-09 23:33:08,150 [INFO] 
[10/14]
2026-08-09 23:33:08,150 [INFO] 🔍 A Spor → https://www.atomsportv512.top/matches?id=a-spor
2026-08-09 23:33:08,261 [INFO] Capturing request: https://www.atomsportv512.top/matches?id=a-spor
2026-08-09 23:33:08,446 [INFO] Capturing response: https://www.atomsportv512.top/matches?id=a-spor 200 
2026-08-09 23:33:08,482 [INFO] Capturing request: https://streamsport365.com/cinema
2026-08-09 23:33:08,579 [INFO] Capturing request: https://teletv5.top/load/yayinlink.php?id=a-spor
2026-08-09 23:33:08,584 [INFO] Capturing request: https://www.atomsportv512.top/favicon.ico
2026-08-09 23:33:08,615 [INFO] Capturing response: https://www.atomsportv512.top/favicon.ico 200 
2026-08-09 23:33:08,726 [INFO] Capturing response: https://teletv5.top/load/yayinlink.php?id=a-spor 200 
2026-08-09 23:33:08,728 [INFO] Capturing response: https://streamsport365.com/cinema 200 
2026-08-09 23:33:08,878 [INFO] Capturing request: https://www.atomsportv512.top/assets/img/player/player_logo_6a72b29dbcd89.png
2026-08-09 23:33:08,888 [INFO] Capturing request: https://corestream.siteyaptim.live//aspor/tracks-v1a1/mono.m3u8
2026-08-09 23:33:08,996 [INFO] Capturing response: https://www.atomsportv512.top/assets/img/player/player_logo_6a72b29dbcd89.png 304 
2026-08-09 23:33:09,005 [INFO] Capturing response: https://corestream.siteyaptim.live//aspor/tracks-v1a1/mono.m3u8 200 
2026-08-09 23:33:09,155 [INFO] Capturing request: https://global.siteyaptim.live/aspor/tracks-v1a1/2026/08/09/23/33/12-10000.jpg
2026-08-09 23:33:09,625 [INFO] Capturing response: https://global.siteyaptim.live/aspor/tracks-v1a1/2026/08/09/23/33/12-10000.jpg 200 
2026-08-09 23:33:09,940 [INFO] Capturing request: https://global.siteyaptim.live/aspor/tracks-v1a1/2026/08/09/23/33/22-10000.jpg
2026-08-09 23:33:10,767 [INFO] Capturing response: https://global.siteyaptim.live/aspor/tracks-v1a1/2026/08/09/23/33/22-10000.jpg 200 
2026-08-09 23:33:11,081 [INFO] Capturing request: https://global.siteyaptim.live/aspor/tracks-v1a1/2026/08/09/23/33/32-10000.jpg
2026-08-09 23:33:11,501 [INFO]   ✅ M3U8 bulundu: https://corestream.siteyaptim.live//aspor/tracks-v1a1/mono.m3u8
2026-08-09 23:33:11,668 [INFO] Capturing response: https://global.siteyaptim.live/aspor/tracks-v1a1/2026/08/09/23/33/32-10000.jpg 200 
2026-08-09 23:33:12,501 [INFO] 
[11/14]
2026-08-09 23:33:12,502 [INFO] 🔍 Tivibu Spor 1 → https://www.atomsportv512.top/matches?id=tivibu-spor-1
2026-08-09 23:33:12,613 [INFO] Capturing request: https://www.atomsportv512.top/matches?id=tivibu-spor-1
2026-08-09 23:33:12,792 [INFO] Capturing response: https://www.atomsportv512.top/matches?id=tivibu-spor-1 200 
2026-08-09 23:33:12,926 [INFO] Capturing request: https://teletv5.top/load/yayinlink.php?id=tivibu-spor-1
2026-08-09 23:33:12,928 [INFO] Capturing request: https://www.atomsportv512.top/favicon.ico
2026-08-09 23:33:12,961 [INFO] Capturing response: https://www.atomsportv512.top/favicon.ico 200 
2026-08-09 23:33:13,024 [INFO] Capturing request: https://streamsport365.com/cinema
2026-08-09 23:33:13,075 [INFO] Capturing response: https://teletv5.top/load/yayinlink.php?id=tivibu-spor-1 200 
2026-08-09 23:33:13,267 [INFO] Capturing response: https://streamsport365.com/cinema 200 
2026-08-09 23:33:27,249 [INFO] Capturing request: https://update.googleapis.com/service/update2/json?cup2key=16:W3p9rVURfb7zRUlEAanzJls0NgUp32RRMtNEWWPTHZk&cup2hreq=ee4e6f6aa9f2fe5a672fb852a212a3d5850948c06995a4ce0ad894a9da34bbbd
2026-08-09 23:33:27,277 [INFO] Capturing response: https://update.googleapis.com/service/update2/json?cup2key=16:W3p9rVURfb7zRUlEAanzJls0NgUp32RRMtNEWWPTHZk&cup2hreq=ee4e6f6aa9f2fe5a672fb852a212a3d5850948c06995a4ce0ad894a9da34bbbd 200 
2026-08-09 23:33:27,283 [INFO] Capturing request: http://edgedl.me.gvt1.com/edgedl/diffgen-puffin/gcmjkmgdlgnkkcocmoeiminaijmmjnii/6ca5bdb9f3e2cd83b7e359729bc6c33c4fe975ec499861d969b3e080320849ff
2026-08-09 23:33:27,297 [INFO] Capturing response: http://edgedl.me.gvt1.com/edgedl/diffgen-puffin/gcmjkmgdlgnkkcocmoeiminaijmmjnii/6ca5bdb9f3e2cd83b7e359729bc6c33c4fe975ec499861d969b3e080320849ff 200 OK
2026-08-09 23:33:27,325 [INFO] Capturing request: https://update.googleapis.com/service/update2/json
2026-08-09 23:33:27,350 [INFO] Capturing response: https://update.googleapis.com/service/update2/json 200 
2026-08-09 23:33:27,395 [INFO] Capturing request: http://edgedl.me.gvt1.com/edgedl/release2/chrome_component/acz5l6nb2g7cwdypgleggzjoavza_10705/hfnkpimlhhgieaddgfemjhofmfblmnib_10705_all_ad5qxc7yxetqnh34sfgonyuhxeiq.crx3
2026-08-09 23:33:27,413 [INFO] Capturing response: http://edgedl.me.gvt1.com/edgedl/release2/chrome_component/acz5l6nb2g7cwdypgleggzjoavza_10705/hfnkpimlhhgieaddgfemjhofmfblmnib_10705_all_ad5qxc7yxetqnh34sfgonyuhxeiq.crx3 200 OK
2026-08-09 23:33:27,444 [INFO] Capturing request: https://update.googleapis.com/service/update2/json
2026-08-09 23:33:27,468 [INFO] Capturing response: https://update.googleapis.com/service/update2/json 200 
2026-08-09 23:33:46,130 [WARNING]   ❌ Tivibu Spor 1 için M3U8 bulunamadı
2026-08-09 23:33:47,130 [INFO] 
[12/14]
2026-08-09 23:33:47,130 [INFO] 🔍 Tivibu Spor 2 → https://www.atomsportv512.top/matches?id=tivibu-spor-2
2026-08-09 23:33:47,275 [INFO] Capturing request: https://www.atomsportv512.top/matches?id=tivibu-spor-2
2026-08-09 23:33:47,698 [INFO] Capturing response: https://www.atomsportv512.top/matches?id=tivibu-spor-2 200 
2026-08-09 23:33:47,861 [INFO] Capturing request: https://www.atomsportv512.top/favicon.ico
2026-08-09 23:33:47,894 [INFO] Capturing response: https://www.atomsportv512.top/favicon.ico 200 
2026-08-09 23:33:47,897 [INFO] Capturing request: https://teletv5.top/load/yayinlink.php?id=tivibu-spor-2
2026-08-09 23:33:48,047 [INFO] Capturing response: https://teletv5.top/load/yayinlink.php?id=tivibu-spor-2 200 
2026-08-09 23:33:48,331 [INFO] Capturing request: https://streamsport365.com/cinema
2026-08-09 23:33:48,577 [INFO] Capturing response: https://streamsport365.com/cinema 200 
2026-08-09 23:33:51,453 [INFO] Capturing request: https://android.clients.google.com/c2dm/register3
2026-08-09 23:33:51,513 [INFO] Capturing response: https://android.clients.google.com/c2dm/register3 301 
2026-08-09 23:34:21,021 [WARNING]   ❌ Tivibu Spor 2 için M3U8 bulunamadı
2026-08-09 23:34:22,022 [INFO] 
[13/14]
2026-08-09 23:34:22,022 [INFO] 🔍 Tivibu Spor 3 → https://www.atomsportv512.top/matches?id=tivibu-spor-3
2026-08-09 23:34:22,131 [INFO] Capturing request: https://www.atomsportv512.top/matches?id=tivibu-spor-3
2026-08-09 23:34:22,437 [INFO] Capturing response: https://www.atomsportv512.top/matches?id=tivibu-spor-3 200 
2026-08-09 23:34:22,573 [INFO] Capturing request: https://teletv5.top/load/yayinlink.php?id=tivibu-spor-3
2026-08-09 23:34:22,573 [INFO] Capturing request: https://www.atomsportv512.top/favicon.ico
2026-08-09 23:34:22,589 [INFO] Capturing response: https://teletv5.top/load/yayinlink.php?id=tivibu-spor-3 200 
2026-08-09 23:34:22,600 [INFO] Capturing response: https://www.atomsportv512.top/favicon.ico 200 
2026-08-09 23:34:22,669 [INFO] Capturing request: https://streamsport365.com/cinema
2026-08-09 23:34:22,915 [INFO] Capturing response: https://streamsport365.com/cinema 200 
2026-08-09 23:34:55,738 [WARNING]   ❌ Tivibu Spor 3 için M3U8 bulunamadı
2026-08-09 23:34:56,738 [INFO] 
[14/14]
2026-08-09 23:34:56,738 [INFO] 🔍 Tivibu Spor 4 → https://www.atomsportv512.top/matches?id=tivibu-spor-4
2026-08-09 23:34:56,848 [INFO] Capturing request: https://www.atomsportv512.top/matches?id=tivibu-spor-4
2026-08-09 23:34:57,158 [INFO] Capturing response: https://www.atomsportv512.top/matches?id=tivibu-spor-4 200 
2026-08-09 23:34:57,293 [INFO] Capturing request: https://teletv5.top/load/yayinlink.php?id=tivibu-spor-4
2026-08-09 23:34:57,296 [INFO] Capturing request: https://www.atomsportv512.top/favicon.ico
2026-08-09 23:34:57,331 [INFO] Capturing response: https://www.atomsportv512.top/favicon.ico 200 
2026-08-09 23:34:57,390 [INFO] Capturing request: https://streamsport365.com/cinema
2026-08-09 23:34:57,447 [INFO] Capturing response: https://teletv5.top/load/yayinlink.php?id=tivibu-spor-4 200 
2026-08-09 23:34:57,640 [INFO] Capturing response: https://streamsport365.com/cinema 200 
2026-08-09 23:35:14,665 [INFO] Capturing request: https://android.clients.google.com/c2dm/register3
2026-08-09 23:35:14,721 [INFO] Capturing response: https://android.clients.google.com/c2dm/register3 301 
2026-08-09 23:35:30,461 [WARNING]   ❌ Tivibu Spor 4 için M3U8 bulunamadı
2026-08-09 23:35:31,528 [INFO] ✅ 10 kanal bulundu, playlist.m3u kaydedildi
