2026-08-25 11:57:42,198 [INFO] 🌐 BASE_URL: https://www.atomsportv513.top
2026-08-25 11:57:43,804 [INFO] Başlanıyor... 14 kanal taranacak
2026-08-25 11:57:43,804 [INFO] Using default request storage
2026-08-25 11:57:43,808 [INFO] Created proxy listening on 127.0.0.1:37001
2026-08-25 11:57:44,496 [INFO] Capturing request: http://clients2.google.com/time/1/current?cup2key=10:0dTndQn3-fhqs3IduLelJOP6j-w6ptCbm42VWqY9vuM&cup2hreq=e3b0c44298fc1c149afbf4c8996fb92427ae41e4649b934ca495991b7852b855
2026-08-25 11:57:44,564 [INFO] Capturing response: http://clients2.google.com/time/1/current?cup2key=10:0dTndQn3-fhqs3IduLelJOP6j-w6ptCbm42VWqY9vuM&cup2hreq=e3b0c44298fc1c149afbf4c8996fb92427ae41e4649b934ca495991b7852b855 200 OK
2026-08-25 11:57:44,736 [INFO] 
[1/14]
2026-08-25 11:57:44,736 [INFO] 🔍 beIN Sports 1 → https://www.atomsportv513.top/matches?id=bein-sports-1
2026-08-25 11:57:44,797 [INFO] Capturing request: https://accounts.google.com/ListAccounts?gpsia=1&source=ChromiumBrowser&json=standard&laf=b64bin
2026-08-25 11:57:44,804 [INFO] Capturing request: https://update.googleapis.com/service/update2/json?cup2key=16:RqjLwnOPPdVhQe5OeG26MJiAF5A-HMZ7nAZloHLMiBk&cup2hreq=1c648c768c1bde6a207232951107ccc36356f9677b7f66cb0383609c7788f1a3
2026-08-25 11:57:44,876 [INFO] Capturing response: https://update.googleapis.com/service/update2/json?cup2key=16:RqjLwnOPPdVhQe5OeG26MJiAF5A-HMZ7nAZloHLMiBk&cup2hreq=1c648c768c1bde6a207232951107ccc36356f9677b7f66cb0383609c7788f1a3 200 
2026-08-25 11:57:44,888 [INFO] Capturing request: https://www.google.com/async/folae?async=_fmt:pb&udm=50&client_locale=en-US&client_country=ZZ
2026-08-25 11:57:44,890 [INFO] Capturing response: https://accounts.google.com/ListAccounts?gpsia=1&source=ChromiumBrowser&json=standard&laf=b64bin 200 
2026-08-25 11:57:44,914 [INFO] Capturing response: https://www.google.com/async/folae?async=_fmt:pb&udm=50&client_locale=en-US&client_country=ZZ 200 
2026-08-25 11:57:44,923 [INFO] Capturing request: https://update.googleapis.com/service/update2/json?cup2key=16:hPLtGfs1xu2phDoohgTwilpgudmHBWFYjfsAHhJOIEY&cup2hreq=83acab67d0eabe94ab5b0dea65824706d13d4de76507e50d814f0814f5022e76
2026-08-25 11:57:44,928 [INFO] Capturing request: https://www.atomsportv513.top/matches?id=bein-sports-1
2026-08-25 11:57:44,978 [INFO] Capturing response: https://update.googleapis.com/service/update2/json?cup2key=16:hPLtGfs1xu2phDoohgTwilpgudmHBWFYjfsAHhJOIEY&cup2hreq=83acab67d0eabe94ab5b0dea65824706d13d4de76507e50d814f0814f5022e76 200 
2026-08-25 11:57:45,024 [INFO] Capturing request: https://update.googleapis.com/service/update2/json?cup2key=16:vPO58iA9jLjKsZMp7cD2i_n9EGqd8ulugelBhaiqtWs&cup2hreq=578dfbf0562bb379fd101f01efe11e14584c691a525cae75ff3d39b3d674b5b3
2026-08-25 11:57:45,080 [INFO] Capturing response: https://update.googleapis.com/service/update2/json?cup2key=16:vPO58iA9jLjKsZMp7cD2i_n9EGqd8ulugelBhaiqtWs&cup2hreq=578dfbf0562bb379fd101f01efe11e14584c691a525cae75ff3d39b3d674b5b3 200 
2026-08-25 11:57:45,136 [INFO] Capturing request: https://www.google.com/async/folae?async=_fmt:pb&udm=50&client_locale=en-US&client_country=ZZ
2026-08-25 11:57:45,161 [INFO] Capturing response: https://www.google.com/async/folae?async=_fmt:pb&udm=50&client_locale=en-US&client_country=ZZ 200 
2026-08-25 11:57:45,758 [INFO] Capturing response: https://www.atomsportv513.top/matches?id=bein-sports-1 200 
2026-08-25 11:57:45,978 [INFO] Capturing request: https://cdn.jsdelivr.net/npm/@clappr/player@0.11.16/dist/clappr.min.js
2026-08-25 11:57:45,982 [INFO] Capturing request: https://cdn.jsdelivr.net/npm/level-selector/dist/level-selector.min.js
2026-08-25 11:57:45,984 [INFO] Capturing request: https://cdn.jsdelivr.net/npm/@clappr/hlsjs-playback@1.8.3/dist/hlsjs-playback.min.js
2026-08-25 11:57:46,021 [INFO] Capturing response: https://cdn.jsdelivr.net/npm/level-selector/dist/level-selector.min.js 200 
2026-08-25 11:57:46,085 [INFO] Capturing response: https://cdn.jsdelivr.net/npm/@clappr/player@0.11.16/dist/clappr.min.js 200 
2026-08-25 11:57:46,102 [INFO] Capturing response: https://cdn.jsdelivr.net/npm/@clappr/hlsjs-playback@1.8.3/dist/hlsjs-playback.min.js 200 
2026-08-25 11:57:46,286 [INFO] Capturing request: https://www.atomsportv513.top/favicon.ico
2026-08-25 11:57:46,332 [INFO] Capturing response: https://www.atomsportv513.top/favicon.ico 200 
2026-08-25 11:57:46,353 [INFO] Capturing request: https://teletv5.top/load/yayinlink.php?id=bein-sports-1
2026-08-25 11:57:46,799 [INFO] Capturing response: https://teletv5.top/load/yayinlink.php?id=bein-sports-1 200 
2026-08-25 11:57:46,830 [INFO] Capturing request: https://streamsport365.com/cinema
2026-08-25 11:57:47,159 [INFO] Capturing response: https://streamsport365.com/cinema 200 
2026-08-25 11:57:47,287 [INFO] Capturing request: https://www.atomsportv513.top/assets/img/player/player_logo_6a87a2e2eecc5.png
2026-08-25 11:57:47,362 [INFO] Capturing response: https://www.atomsportv513.top/assets/img/player/player_logo_6a87a2e2eecc5.png 200 
2026-08-25 11:57:47,368 [INFO] Capturing request: https://corestream.siteyaptim.live//beintv/tracks-v1a1/mono.m3u8
2026-08-25 11:57:47,583 [INFO] Capturing response: https://corestream.siteyaptim.live//beintv/tracks-v1a1/mono.m3u8 200 
2026-08-25 11:57:47,811 [INFO] Capturing request: https://global.siteyaptim.live/beintv/tracks-v1a1/2026/08/25/11/57/24-05000.jpg
2026-08-25 11:57:48,003 [INFO] Capturing request: https://android.clients.google.com/checkin
2026-08-25 11:57:48,114 [INFO] Capturing response: https://android.clients.google.com/checkin 200 
2026-08-25 11:57:48,166 [INFO] Capturing request: https://android.clients.google.com/c2dm/register3
2026-08-25 11:57:48,168 [INFO] Capturing request: https://android.clients.google.com/c2dm/register3
2026-08-25 11:57:48,169 [INFO] Capturing request: https://android.clients.google.com/c2dm/register3
2026-08-25 11:57:48,248 [INFO] Capturing response: https://android.clients.google.com/c2dm/register3 301 
2026-08-25 11:57:48,532 [INFO] Capturing response: https://global.siteyaptim.live/beintv/tracks-v1a1/2026/08/25/11/57/24-05000.jpg 200 
2026-08-25 11:57:48,750 [INFO] Capturing request: https://global.siteyaptim.live/beintv/tracks-v1a1/2026/08/25/11/57/29-05000.jpg
2026-08-25 11:57:48,756 [INFO] Capturing response: https://android.clients.google.com/c2dm/register3 200 
2026-08-25 11:57:48,919 [INFO] Capturing response: https://android.clients.google.com/c2dm/register3 200 
2026-08-25 11:57:49,201 [INFO]   ✅ M3U8 bulundu: https://corestream.siteyaptim.live//beintv/tracks-v1a1/mono.m3u8
2026-08-25 11:57:49,737 [INFO] Capturing response: https://global.siteyaptim.live/beintv/tracks-v1a1/2026/08/25/11/57/29-05000.jpg 200 
2026-08-25 11:57:49,941 [INFO] Capturing request: https://global.siteyaptim.live/beintv/tracks-v1a1/2026/08/25/11/57/34-05000.jpg
2026-08-25 11:57:50,202 [INFO] 
[2/14]
2026-08-25 11:57:50,202 [INFO] 🔍 beIN Sports 2 → https://www.atomsportv513.top/matches?id=bein-sports-2
2026-08-25 11:57:50,311 [INFO] Capturing request: https://www.atomsportv513.top/matches?id=bein-sports-2
2026-08-25 11:57:50,586 [INFO] Capturing response: https://www.atomsportv513.top/matches?id=bein-sports-2 200 
2026-08-25 11:57:50,631 [INFO] Capturing request: https://streamsport365.com/cinema
2026-08-25 11:57:50,736 [INFO] Capturing request: https://teletv5.top/load/yayinlink.php?id=bein-sports-2
2026-08-25 11:57:50,737 [INFO] Capturing request: https://www.atomsportv513.top/favicon.ico
2026-08-25 11:57:50,776 [INFO] Capturing response: https://www.atomsportv513.top/favicon.ico 200 
2026-08-25 11:57:50,962 [INFO] Capturing response: https://teletv5.top/load/yayinlink.php?id=bein-sports-2 200 
2026-08-25 11:57:50,965 [INFO] Capturing response: https://streamsport365.com/cinema 200 
2026-08-25 11:57:51,020 [INFO] Capturing response: https://global.siteyaptim.live/beintv/tracks-v1a1/2026/08/25/11/57/34-05000.jpg 200 
2026-08-25 11:57:51,075 [INFO] Capturing request: https://www.atomsportv513.top/assets/img/player/player_logo_6a87a2e2eecc5.png
2026-08-25 11:57:51,085 [INFO] Capturing request: https://corestream.siteyaptim.live//bein2/tracks-v1a1/mono.m3u8
2026-08-25 11:57:51,198 [INFO] Capturing response: https://www.atomsportv513.top/assets/img/player/player_logo_6a87a2e2eecc5.png 304 
2026-08-25 11:57:51,282 [INFO] Capturing response: https://corestream.siteyaptim.live//bein2/tracks-v1a1/mono.m3u8 200 
2026-08-25 11:57:51,391 [INFO] Capturing request: https://global.siteyaptim.live/bein2/tracks-v1a1/2026/08/25/11/57/27-05760.jpg
2026-08-25 11:57:52,073 [INFO] Capturing response: https://global.siteyaptim.live/bein2/tracks-v1a1/2026/08/25/11/57/27-05760.jpg 200 
2026-08-25 11:57:52,278 [INFO] Capturing request: https://global.siteyaptim.live/bein2/tracks-v1a1/2026/08/25/11/57/33-05760.jpg
2026-08-25 11:57:53,112 [INFO] Capturing response: https://global.siteyaptim.live/bein2/tracks-v1a1/2026/08/25/11/57/33-05760.jpg 200 
2026-08-25 11:57:53,314 [INFO] Capturing request: https://global.siteyaptim.live/bein2/tracks-v1a1/2026/08/25/11/57/38-05760.jpg
2026-08-25 11:57:53,647 [INFO]   ✅ M3U8 bulundu: https://corestream.siteyaptim.live//bein2/tracks-v1a1/mono.m3u8
2026-08-25 11:57:54,005 [INFO] Capturing response: https://global.siteyaptim.live/bein2/tracks-v1a1/2026/08/25/11/57/38-05760.jpg 200 
2026-08-25 11:57:54,204 [INFO] Capturing request: https://global.siteyaptim.live/bein2/tracks-v1a1/2026/08/25/11/57/44-05759.jpg
2026-08-25 11:57:54,648 [INFO] 
[3/14]
2026-08-25 11:57:54,648 [INFO] 🔍 beIN Sports 3 → https://www.atomsportv513.top/matches?id=bein-sports-3
2026-08-25 11:57:54,756 [INFO] Capturing request: https://www.atomsportv513.top/matches?id=bein-sports-3
2026-08-25 11:57:54,898 [INFO] Capturing response: https://global.siteyaptim.live/bein2/tracks-v1a1/2026/08/25/11/57/44-05759.jpg 200 
2026-08-25 11:57:55,032 [INFO] Capturing response: https://www.atomsportv513.top/matches?id=bein-sports-3 200 
2026-08-25 11:57:55,158 [INFO] Capturing request: https://teletv5.top/load/yayinlink.php?id=bein-sports-3
2026-08-25 11:57:55,161 [INFO] Capturing request: https://www.atomsportv513.top/favicon.ico
2026-08-25 11:57:55,199 [INFO] Capturing response: https://www.atomsportv513.top/favicon.ico 200 
2026-08-25 11:57:55,298 [INFO] Capturing request: https://streamsport365.com/cinema
2026-08-25 11:57:55,380 [INFO] Capturing response: https://teletv5.top/load/yayinlink.php?id=bein-sports-3 200 
2026-08-25 11:57:55,637 [INFO] Capturing response: https://streamsport365.com/cinema 200 
2026-08-25 11:57:55,747 [INFO] Capturing request: https://www.atomsportv513.top/assets/img/player/player_logo_6a87a2e2eecc5.png
2026-08-25 11:57:55,756 [INFO] Capturing request: https://corestream.siteyaptim.live//bein3/tracks-v1a1/mono.m3u8
2026-08-25 11:57:55,876 [INFO] Capturing response: https://www.atomsportv513.top/assets/img/player/player_logo_6a87a2e2eecc5.png 304 
2026-08-25 11:57:55,950 [INFO] Capturing response: https://corestream.siteyaptim.live//bein3/tracks-v1a1/mono.m3u8 200 
2026-08-25 11:57:56,060 [INFO] Capturing request: https://global.siteyaptim.live/bein3/tracks-v1a1/2026/08/25/11/57/36-05760.jpg
2026-08-25 11:57:56,595 [INFO] Capturing response: https://global.siteyaptim.live/bein3/tracks-v1a1/2026/08/25/11/57/36-05760.jpg 200 
2026-08-25 11:57:56,803 [INFO] Capturing request: https://global.siteyaptim.live/bein3/tracks-v1a1/2026/08/25/11/57/42-05760.jpg
2026-08-25 11:57:57,313 [INFO] Capturing response: https://global.siteyaptim.live/bein3/tracks-v1a1/2026/08/25/11/57/42-05760.jpg 200 
2026-08-25 11:57:57,509 [INFO] Capturing request: https://global.siteyaptim.live/bein3/tracks-v1a1/2026/08/25/11/57/48-05760.jpg
2026-08-25 11:57:58,026 [INFO] Capturing response: https://global.siteyaptim.live/bein3/tracks-v1a1/2026/08/25/11/57/48-05760.jpg 200 
2026-08-25 11:57:58,077 [INFO]   ✅ M3U8 bulundu: https://corestream.siteyaptim.live//bein3/tracks-v1a1/mono.m3u8
2026-08-25 11:57:58,230 [INFO] Capturing request: https://global.siteyaptim.live/bein3/tracks-v1a1/2026/08/25/11/57/54-05759.jpg
2026-08-25 11:57:58,753 [INFO] Capturing response: https://global.siteyaptim.live/bein3/tracks-v1a1/2026/08/25/11/57/54-05759.jpg 200 
2026-08-25 11:57:59,078 [INFO] 
[4/14]
2026-08-25 11:57:59,078 [INFO] 🔍 beIN Sports 4 → https://www.atomsportv513.top/matches?id=bein-sports-4
2026-08-25 11:57:59,186 [INFO] Capturing request: https://www.atomsportv513.top/matches?id=bein-sports-4
2026-08-25 11:57:59,474 [INFO] Capturing response: https://www.atomsportv513.top/matches?id=bein-sports-4 200 
2026-08-25 11:57:59,506 [INFO] Capturing request: https://streamsport365.com/cinema
2026-08-25 11:57:59,605 [INFO] Capturing request: https://teletv5.top/load/yayinlink.php?id=bein-sports-4
2026-08-25 11:57:59,607 [INFO] Capturing request: https://www.atomsportv513.top/favicon.ico
2026-08-25 11:57:59,644 [INFO] Capturing response: https://www.atomsportv513.top/favicon.ico 200 
2026-08-25 11:57:59,826 [INFO] Capturing response: https://teletv5.top/load/yayinlink.php?id=bein-sports-4 200 
2026-08-25 11:58:00,394 [INFO] Capturing response: https://streamsport365.com/cinema 200 
2026-08-25 11:58:00,504 [INFO] Capturing request: https://www.atomsportv513.top/assets/img/player/player_logo_6a87a2e2eecc5.png
2026-08-25 11:58:00,512 [INFO] Capturing request: https://corestream.siteyaptim.live//bein4/tracks-v1a1/mono.m3u8
2026-08-25 11:58:00,628 [INFO] Capturing response: https://www.atomsportv513.top/assets/img/player/player_logo_6a87a2e2eecc5.png 304 
2026-08-25 11:58:00,868 [INFO] Capturing response: https://corestream.siteyaptim.live//bein4/tracks-v1a1/mono.m3u8 200 
2026-08-25 11:58:01,017 [INFO] Capturing request: https://global.siteyaptim.live/bein4/tracks-v1a1/2026/08/25/11/58/23-10000.jpg
2026-08-25 11:58:02,515 [INFO]   ✅ M3U8 bulundu: https://corestream.siteyaptim.live//bein4/tracks-v1a1/mono.m3u8
2026-08-25 11:58:02,722 [INFO] Capturing response: https://global.siteyaptim.live/bein4/tracks-v1a1/2026/08/25/11/58/23-10000.jpg 200 
2026-08-25 11:58:03,079 [INFO] Capturing request: https://global.siteyaptim.live/bein4/tracks-v1a1/2026/08/25/11/58/33-10000.jpg
2026-08-25 11:58:03,515 [INFO] 
[5/14]
2026-08-25 11:58:03,515 [INFO] 🔍 beIN Sports 5 → https://www.atomsportv513.top/matches?id=bein-sports-5
2026-08-25 11:58:03,624 [INFO] Capturing request: https://www.atomsportv513.top/matches?id=bein-sports-5
2026-08-25 11:58:03,899 [INFO] Capturing response: https://www.atomsportv513.top/matches?id=bein-sports-5 200 
2026-08-25 11:58:04,031 [INFO] Capturing request: https://teletv5.top/load/yayinlink.php?id=bein-sports-5
2026-08-25 11:58:04,037 [INFO] Capturing request: https://www.atomsportv513.top/favicon.ico
2026-08-25 11:58:04,077 [INFO] Capturing response: https://www.atomsportv513.top/favicon.ico 200 
2026-08-25 11:58:04,175 [INFO] Capturing request: https://streamsport365.com/cinema
2026-08-25 11:58:04,258 [INFO] Capturing response: https://teletv5.top/load/yayinlink.php?id=bein-sports-5 200 
2026-08-25 11:58:04,509 [INFO] Capturing response: https://streamsport365.com/cinema 200 
2026-08-25 11:58:04,621 [INFO] Capturing request: https://www.atomsportv513.top/assets/img/player/player_logo_6a87a2e2eecc5.png
2026-08-25 11:58:04,632 [INFO] Capturing request: https://corestream.siteyaptim.live//bein5/tracks-v1a1/mono.m3u8
2026-08-25 11:58:04,743 [INFO] Capturing response: https://www.atomsportv513.top/assets/img/player/player_logo_6a87a2e2eecc5.png 304 
2026-08-25 11:58:04,767 [INFO] Capturing response: https://global.siteyaptim.live/bein4/tracks-v1a1/2026/08/25/11/58/33-10000.jpg 200 
2026-08-25 11:58:04,856 [INFO] 127.0.0.1:35592: ProtocolException("Error in HTTP connection: Http2ZombieException('Connection or stream already dead: 1787659084.8557408, False')")
2026-08-25 11:58:04,857 [INFO] Capturing response: https://corestream.siteyaptim.live//bein5/tracks-v1a1/mono.m3u8 200 
2026-08-25 11:58:04,967 [INFO] Capturing request: https://global.siteyaptim.live/bein5/tracks-v1a1/2026/08/25/11/57/59-05759.jpg
2026-08-25 11:58:05,681 [INFO] Capturing response: https://global.siteyaptim.live/bein5/tracks-v1a1/2026/08/25/11/57/59-05759.jpg 200 
2026-08-25 11:58:05,849 [INFO] Capturing request: https://global.siteyaptim.live/bein5/tracks-v1a1/2026/08/25/11/58/05-05760.jpg
2026-08-25 11:58:06,648 [INFO] Capturing response: https://global.siteyaptim.live/bein5/tracks-v1a1/2026/08/25/11/58/05-05760.jpg 200 
2026-08-25 11:58:06,849 [INFO] Capturing request: https://global.siteyaptim.live/bein5/tracks-v1a1/2026/08/25/11/58/11-05760.jpg
2026-08-25 11:58:06,949 [INFO]   ✅ M3U8 bulundu: https://corestream.siteyaptim.live//bein5/tracks-v1a1/mono.m3u8
2026-08-25 11:58:07,525 [INFO] Capturing response: https://global.siteyaptim.live/bein5/tracks-v1a1/2026/08/25/11/58/11-05760.jpg 200 
2026-08-25 11:58:07,725 [INFO] Capturing request: https://global.siteyaptim.live/bein5/tracks-v1a1/2026/08/25/11/58/17-05760.jpg
2026-08-25 11:58:07,949 [INFO] 
[6/14]
2026-08-25 11:58:07,949 [INFO] 🔍 beIN Sports Max 1 → https://www.atomsportv513.top/matches?id=bein-sports-max-1
2026-08-25 11:58:08,058 [INFO] Capturing request: https://www.atomsportv513.top/matches?id=bein-sports-max-1
2026-08-25 11:58:08,334 [INFO] Capturing response: https://www.atomsportv513.top/matches?id=bein-sports-max-1 200 
2026-08-25 11:58:08,380 [INFO] Capturing request: https://streamsport365.com/cinema
2026-08-25 11:58:08,437 [INFO] Capturing response: https://global.siteyaptim.live/bein5/tracks-v1a1/2026/08/25/11/58/17-05760.jpg 200 
2026-08-25 11:58:08,460 [INFO] 127.0.0.1:35592: ProtocolException("Error in HTTP connection: Http2ZombieException('Connection or stream already dead: 1787659088.4600413, False')")
2026-08-25 11:58:08,480 [INFO] Capturing request: https://teletv5.top/load/yayinlink.php?id=bein-sports-max-1
2026-08-25 11:58:08,483 [INFO] Capturing request: https://www.atomsportv513.top/favicon.ico
2026-08-25 11:58:08,525 [INFO] Capturing response: https://www.atomsportv513.top/favicon.ico 200 
2026-08-25 11:58:08,701 [INFO] Capturing response: https://teletv5.top/load/yayinlink.php?id=bein-sports-max-1 200 
2026-08-25 11:58:08,714 [INFO] Capturing response: https://streamsport365.com/cinema 200 
2026-08-25 11:58:17,329 [INFO] Capturing request: https://android.clients.google.com/c2dm/register3
2026-08-25 11:58:17,391 [INFO] Capturing response: https://android.clients.google.com/c2dm/register3 301 
2026-08-25 11:58:41,588 [WARNING]   ❌ beIN Sports Max 1 için M3U8 bulunamadı
2026-08-25 11:58:42,589 [INFO] 
[7/14]
2026-08-25 11:58:42,589 [INFO] 🔍 beIN Sports Max 2 → https://www.atomsportv513.top/matches?id=bein-sports-max-2
2026-08-25 11:58:42,697 [INFO] Capturing request: https://www.atomsportv513.top/matches?id=bein-sports-max-2
2026-08-25 11:58:43,189 [INFO] Capturing response: https://www.atomsportv513.top/matches?id=bein-sports-max-2 200 
2026-08-25 11:58:43,318 [INFO] Capturing request: https://teletv5.top/load/yayinlink.php?id=bein-sports-max-2
2026-08-25 11:58:43,320 [INFO] Capturing request: https://www.atomsportv513.top/favicon.ico
2026-08-25 11:58:43,362 [INFO] Capturing response: https://www.atomsportv513.top/favicon.ico 200 
2026-08-25 11:58:43,457 [INFO] Capturing request: https://streamsport365.com/cinema
2026-08-25 11:58:43,542 [INFO] Capturing response: https://teletv5.top/load/yayinlink.php?id=bein-sports-max-2 200 
2026-08-25 11:58:43,809 [INFO] Capturing response: https://streamsport365.com/cinema 200 
2026-08-25 11:58:44,500 [INFO] Capturing request: https://update.googleapis.com/service/update2/json?cup2key=16:V5VJeTEXci1IyOwz_DfiNF1WsjCSLz6Llms7g70TA1A&cup2hreq=8dfcca21f6c72f8ccfa76564892d5c200b1238ad6f036c8dd17a65624d198586
2026-08-25 11:58:44,557 [INFO] Capturing response: https://update.googleapis.com/service/update2/json?cup2key=16:V5VJeTEXci1IyOwz_DfiNF1WsjCSLz6Llms7g70TA1A&cup2hreq=8dfcca21f6c72f8ccfa76564892d5c200b1238ad6f036c8dd17a65624d198586 200 
2026-08-25 11:58:44,563 [INFO] Capturing request: http://edgedl.me.gvt1.com/edgedl/diffgen-puffin/gcmjkmgdlgnkkcocmoeiminaijmmjnii/6ca5bdb9f3e2cd83b7e359729bc6c33c4fe975ec499861d969b3e080320849ff
2026-08-25 11:58:44,584 [INFO] Capturing response: http://edgedl.me.gvt1.com/edgedl/diffgen-puffin/gcmjkmgdlgnkkcocmoeiminaijmmjnii/6ca5bdb9f3e2cd83b7e359729bc6c33c4fe975ec499861d969b3e080320849ff 200 OK
2026-08-25 11:58:44,606 [INFO] Capturing request: https://update.googleapis.com/service/update2/json
2026-08-25 11:58:44,660 [INFO] Capturing response: https://update.googleapis.com/service/update2/json 200 
2026-08-25 11:58:44,705 [INFO] Capturing request: http://edgedl.me.gvt1.com/edgedl/release2/chrome_component/egviyvpj42qwjfff7i5nzq3fna_10735/hfnkpimlhhgieaddgfemjhofmfblmnib_10735_all_k2cfxfedm3gbpe7fhe3jfdpbtm.crx3
2026-08-25 11:58:44,720 [INFO] Capturing response: http://edgedl.me.gvt1.com/edgedl/release2/chrome_component/egviyvpj42qwjfff7i5nzq3fna_10735/hfnkpimlhhgieaddgfemjhofmfblmnib_10735_all_k2cfxfedm3gbpe7fhe3jfdpbtm.crx3 200 OK
2026-08-25 11:58:44,742 [INFO] Capturing request: https://update.googleapis.com/service/update2/json
2026-08-25 11:58:44,786 [INFO] Capturing response: https://update.googleapis.com/service/update2/json 200 
2026-08-25 11:59:14,485 [INFO] Capturing request: https://android.clients.google.com/c2dm/register3
2026-08-25 11:59:14,546 [INFO] Capturing response: https://android.clients.google.com/c2dm/register3 301 
2026-08-25 11:59:16,429 [WARNING]   ❌ beIN Sports Max 2 için M3U8 bulunamadı
2026-08-25 11:59:17,430 [INFO] 
[8/14]
2026-08-25 11:59:17,430 [INFO] 🔍 S Sport → https://www.atomsportv513.top/matches?id=s-sport
2026-08-25 11:59:17,579 [INFO] Capturing request: https://www.atomsportv513.top/matches?id=s-sport
2026-08-25 11:59:18,241 [INFO] Capturing response: https://www.atomsportv513.top/matches?id=s-sport 200 
2026-08-25 11:59:18,402 [INFO] Capturing request: https://www.atomsportv513.top/favicon.ico
2026-08-25 11:59:18,447 [INFO] Capturing request: https://teletv5.top/load/yayinlink.php?id=s-sport
2026-08-25 11:59:18,472 [INFO] Capturing response: https://www.atomsportv513.top/favicon.ico 200 
2026-08-25 11:59:18,677 [INFO] Capturing response: https://teletv5.top/load/yayinlink.php?id=s-sport 200 
2026-08-25 11:59:18,911 [INFO] Capturing request: https://streamsport365.com/cinema
2026-08-25 11:59:19,235 [INFO] Capturing response: https://streamsport365.com/cinema 200 
2026-08-25 11:59:19,347 [INFO] Capturing request: https://www.atomsportv513.top/assets/img/player/player_logo_6a87a2e2eecc5.png
2026-08-25 11:59:19,397 [INFO] Capturing request: https://corestream.siteyaptim.live//s-sport/tracks-v1a1/mono.m3u8
2026-08-25 11:59:19,482 [INFO] Capturing response: https://www.atomsportv513.top/assets/img/player/player_logo_6a87a2e2eecc5.png 304 
2026-08-25 11:59:19,679 [INFO] Capturing response: https://corestream.siteyaptim.live//s-sport/tracks-v1a1/mono.m3u8 200 
2026-08-25 11:59:19,868 [INFO] Capturing request: https://global.siteyaptim.live/s-sport/tracks-v1a1/2026/08/25/12/00/30-05000.jpg
2026-08-25 11:59:20,772 [INFO] Capturing response: https://global.siteyaptim.live/s-sport/tracks-v1a1/2026/08/25/12/00/30-05000.jpg 200 
2026-08-25 11:59:20,951 [INFO] Capturing request: https://global.siteyaptim.live/s-sport/tracks-v1a1/2026/08/25/12/00/35-05000.jpg
2026-08-25 11:59:21,314 [INFO]   ✅ M3U8 bulundu: https://corestream.siteyaptim.live//s-sport/tracks-v1a1/mono.m3u8
2026-08-25 11:59:21,793 [INFO] Capturing response: https://global.siteyaptim.live/s-sport/tracks-v1a1/2026/08/25/12/00/35-05000.jpg 200 
2026-08-25 11:59:22,014 [INFO] Capturing request: https://global.siteyaptim.live/s-sport/tracks-v1a1/2026/08/25/12/00/40-05000.jpg
2026-08-25 11:59:22,314 [INFO] 
[9/14]
2026-08-25 11:59:22,314 [INFO] 🔍 S Sport 2 → https://www.atomsportv513.top/matches?id=s-sport-2
2026-08-25 11:59:22,422 [INFO] Capturing request: https://www.atomsportv513.top/matches?id=s-sport-2
2026-08-25 11:59:22,692 [INFO] Capturing response: https://www.atomsportv513.top/matches?id=s-sport-2 200 
2026-08-25 11:59:22,723 [INFO] Capturing request: https://streamsport365.com/cinema
2026-08-25 11:59:22,822 [INFO] Capturing request: https://teletv5.top/load/yayinlink.php?id=s-sport-2
2026-08-25 11:59:22,824 [INFO] Capturing request: https://www.atomsportv513.top/favicon.ico
2026-08-25 11:59:22,904 [INFO] Capturing response: https://www.atomsportv513.top/favicon.ico 200 
2026-08-25 11:59:23,046 [INFO] Capturing response: https://streamsport365.com/cinema 200 
2026-08-25 11:59:23,051 [INFO] Capturing response: https://teletv5.top/load/yayinlink.php?id=s-sport-2 200 
2026-08-25 11:59:23,162 [INFO] Capturing request: https://www.atomsportv513.top/assets/img/player/player_logo_6a87a2e2eecc5.png
2026-08-25 11:59:23,172 [INFO] Capturing request: https://corestream.siteyaptim.live//s-sport2/tracks-v1a1/mono.m3u8
2026-08-25 11:59:23,291 [INFO] Capturing response: https://www.atomsportv513.top/assets/img/player/player_logo_6a87a2e2eecc5.png 304 
2026-08-25 11:59:23,447 [INFO] Capturing response: https://corestream.siteyaptim.live//s-sport2/tracks-v1a1/mono.m3u8 200 
2026-08-25 11:59:23,557 [INFO] Capturing request: https://global.siteyaptim.live/s-sport2/tracks-v1a1/2026/08/25/11/59/05-05000.jpg
2026-08-25 11:59:23,596 [INFO] Capturing response: https://global.siteyaptim.live/s-sport/tracks-v1a1/2026/08/25/12/00/40-05000.jpg 200 
2026-08-25 11:59:24,380 [INFO] Capturing response: https://global.siteyaptim.live/s-sport2/tracks-v1a1/2026/08/25/11/59/05-05000.jpg 200 
2026-08-25 11:59:24,561 [INFO] Capturing request: https://global.siteyaptim.live/s-sport2/tracks-v1a1/2026/08/25/11/59/10-05000.jpg
2026-08-25 11:59:25,475 [INFO] Capturing response: https://global.siteyaptim.live/s-sport2/tracks-v1a1/2026/08/25/11/59/10-05000.jpg 200 
2026-08-25 11:59:25,710 [INFO] Capturing request: https://global.siteyaptim.live/s-sport2/tracks-v1a1/2026/08/25/11/59/15-05000.jpg
2026-08-25 11:59:25,737 [INFO]   ✅ M3U8 bulundu: https://corestream.siteyaptim.live//s-sport2/tracks-v1a1/mono.m3u8
2026-08-25 11:59:26,596 [INFO] Capturing response: https://global.siteyaptim.live/s-sport2/tracks-v1a1/2026/08/25/11/59/15-05000.jpg 200 
2026-08-25 11:59:26,738 [INFO] 
[10/14]
2026-08-25 11:59:26,738 [INFO] 🔍 A Spor → https://www.atomsportv513.top/matches?id=a-spor
2026-08-25 11:59:26,846 [INFO] Capturing request: https://www.atomsportv513.top/matches?id=a-spor
2026-08-25 11:59:27,116 [INFO] Capturing response: https://www.atomsportv513.top/matches?id=a-spor 200 
2026-08-25 11:59:27,248 [INFO] Capturing request: https://teletv5.top/load/yayinlink.php?id=a-spor
2026-08-25 11:59:27,256 [INFO] Capturing request: https://www.atomsportv513.top/favicon.ico
2026-08-25 11:59:27,307 [INFO] Capturing response: https://www.atomsportv513.top/favicon.ico 200 
2026-08-25 11:59:27,383 [INFO] Capturing request: https://streamsport365.com/cinema
2026-08-25 11:59:27,474 [INFO] Capturing response: https://teletv5.top/load/yayinlink.php?id=a-spor 200 
2026-08-25 11:59:27,707 [INFO] Capturing response: https://streamsport365.com/cinema 200 
2026-08-25 11:59:27,817 [INFO] Capturing request: https://www.atomsportv513.top/assets/img/player/player_logo_6a87a2e2eecc5.png
2026-08-25 11:59:27,826 [INFO] Capturing request: https://corestream.siteyaptim.live//aspor/tracks-v1a1/mono.m3u8
2026-08-25 11:59:27,942 [INFO] Capturing response: https://www.atomsportv513.top/assets/img/player/player_logo_6a87a2e2eecc5.png 304 
2026-08-25 11:59:28,164 [INFO] Capturing response: https://corestream.siteyaptim.live//aspor/tracks-v1a1/mono.m3u8 200 
2026-08-25 11:59:28,274 [INFO] Capturing request: https://global.siteyaptim.live/aspor/tracks-v1a1/2026/08/25/11/59/00-10000.jpg
2026-08-25 11:59:29,358 [INFO] Capturing response: https://global.siteyaptim.live/aspor/tracks-v1a1/2026/08/25/11/59/00-10000.jpg 200 
2026-08-25 11:59:29,613 [INFO] Capturing request: https://global.siteyaptim.live/aspor/tracks-v1a1/2026/08/25/11/59/10-10000.jpg
2026-08-25 11:59:30,172 [INFO]   ✅ M3U8 bulundu: https://corestream.siteyaptim.live//aspor/tracks-v1a1/mono.m3u8
2026-08-25 11:59:30,800 [INFO] Capturing response: https://global.siteyaptim.live/aspor/tracks-v1a1/2026/08/25/11/59/10-10000.jpg 200 
2026-08-25 11:59:31,051 [INFO] Capturing request: https://global.siteyaptim.live/aspor/tracks-v1a1/2026/08/25/11/59/20-10000.jpg
2026-08-25 11:59:31,172 [INFO] 
[11/14]
2026-08-25 11:59:31,172 [INFO] 🔍 Tivibu Spor 1 → https://www.atomsportv513.top/matches?id=tivibu-spor-1
2026-08-25 11:59:31,282 [INFO] Capturing request: https://www.atomsportv513.top/matches?id=tivibu-spor-1
2026-08-25 11:59:31,553 [INFO] Capturing response: https://www.atomsportv513.top/matches?id=tivibu-spor-1 200 
2026-08-25 11:59:31,583 [INFO] Capturing request: https://streamsport365.com/cinema
2026-08-25 11:59:31,690 [INFO] Capturing request: https://teletv5.top/load/yayinlink.php?id=tivibu-spor-1
2026-08-25 11:59:31,692 [INFO] Capturing request: https://www.atomsportv513.top/favicon.ico
2026-08-25 11:59:31,743 [INFO] Capturing response: https://www.atomsportv513.top/favicon.ico 200 
2026-08-25 11:59:31,914 [INFO] Capturing response: https://streamsport365.com/cinema 200 
2026-08-25 11:59:31,922 [INFO] Capturing response: https://teletv5.top/load/yayinlink.php?id=tivibu-spor-1 200 
2026-08-25 11:59:32,167 [INFO] Capturing response: https://global.siteyaptim.live/aspor/tracks-v1a1/2026/08/25/11/59/20-10000.jpg 200 
2026-08-25 12:00:04,778 [WARNING]   ❌ Tivibu Spor 1 için M3U8 bulunamadı
2026-08-25 12:00:05,779 [INFO] 
[12/14]
2026-08-25 12:00:05,779 [INFO] 🔍 Tivibu Spor 2 → https://www.atomsportv513.top/matches?id=tivibu-spor-2
2026-08-25 12:00:05,887 [INFO] Capturing request: https://www.atomsportv513.top/matches?id=tivibu-spor-2
2026-08-25 12:00:06,372 [INFO] Capturing response: https://www.atomsportv513.top/matches?id=tivibu-spor-2 200 
2026-08-25 12:00:06,505 [INFO] Capturing request: https://teletv5.top/load/yayinlink.php?id=tivibu-spor-2
2026-08-25 12:00:06,506 [INFO] Capturing request: https://www.atomsportv513.top/favicon.ico
2026-08-25 12:00:06,561 [INFO] Capturing response: https://www.atomsportv513.top/favicon.ico 200 
2026-08-25 12:00:06,640 [INFO] Capturing request: https://streamsport365.com/cinema
2026-08-25 12:00:06,752 [INFO] Capturing response: https://teletv5.top/load/yayinlink.php?id=tivibu-spor-2 200 
2026-08-25 12:00:06,968 [INFO] Capturing response: https://streamsport365.com/cinema 200 
2026-08-25 12:00:39,598 [WARNING]   ❌ Tivibu Spor 2 için M3U8 bulunamadı
2026-08-25 12:00:40,599 [INFO] 
[13/14]
2026-08-25 12:00:40,599 [INFO] 🔍 Tivibu Spor 3 → https://www.atomsportv513.top/matches?id=tivibu-spor-3
2026-08-25 12:00:40,706 [INFO] Capturing request: https://www.atomsportv513.top/matches?id=tivibu-spor-3
2026-08-25 12:00:41,195 [INFO] Capturing response: https://www.atomsportv513.top/matches?id=tivibu-spor-3 200 
2026-08-25 12:00:41,362 [INFO] Capturing request: https://www.atomsportv513.top/favicon.ico
2026-08-25 12:00:41,363 [INFO] Capturing request: https://teletv5.top/load/yayinlink.php?id=tivibu-spor-3
2026-08-25 12:00:41,414 [INFO] Capturing response: https://www.atomsportv513.top/favicon.ico 200 
2026-08-25 12:00:41,499 [INFO] Capturing request: https://streamsport365.com/cinema
2026-08-25 12:00:41,588 [INFO] Capturing response: https://teletv5.top/load/yayinlink.php?id=tivibu-spor-3 200 
2026-08-25 12:00:41,826 [INFO] Capturing response: https://streamsport365.com/cinema 200 
2026-08-25 12:01:09,997 [INFO] Capturing request: https://android.clients.google.com/c2dm/register3
2026-08-25 12:01:10,061 [INFO] Capturing response: https://android.clients.google.com/c2dm/register3 429 
2026-08-25 12:01:14,454 [WARNING]   ❌ Tivibu Spor 3 için M3U8 bulunamadı
2026-08-25 12:01:15,454 [INFO] 
[14/14]
2026-08-25 12:01:15,454 [INFO] 🔍 Tivibu Spor 4 → https://www.atomsportv513.top/matches?id=tivibu-spor-4
2026-08-25 12:01:15,587 [INFO] Capturing request: https://www.atomsportv513.top/matches?id=tivibu-spor-4
2026-08-25 12:01:16,126 [INFO] Capturing response: https://www.atomsportv513.top/matches?id=tivibu-spor-4 200 
2026-08-25 12:01:16,253 [INFO] Capturing request: https://teletv5.top/load/yayinlink.php?id=tivibu-spor-4
2026-08-25 12:01:16,255 [INFO] Capturing request: https://www.atomsportv513.top/favicon.ico
2026-08-25 12:01:16,320 [INFO] Capturing response: https://www.atomsportv513.top/favicon.ico 200 
2026-08-25 12:01:16,390 [INFO] Capturing request: https://streamsport365.com/cinema
2026-08-25 12:01:16,498 [INFO] Capturing response: https://teletv5.top/load/yayinlink.php?id=tivibu-spor-4 200 
2026-08-25 12:01:16,716 [INFO] Capturing response: https://streamsport365.com/cinema 200 
2026-08-25 12:01:49,346 [WARNING]   ❌ Tivibu Spor 4 için M3U8 bulunamadı
2026-08-25 12:01:50,405 [INFO] ✅ 8 kanal bulundu, playlist.m3u kaydedildi
