2026-10-08 14:25:22,854 [INFO] 🌐 BASE_URL: https://www.atomsportv516.top
2026-10-08 14:25:23,915 [INFO] Başlanıyor... 14 kanal taranacak
2026-10-08 14:25:23,915 [INFO] Using default request storage
2026-10-08 14:25:23,920 [INFO] Created proxy listening on 127.0.0.1:37027
2026-10-08 14:25:24,666 [INFO] Capturing request: http://clients2.google.com/time/1/current?cup2key=10:lcXvQY0aJOCH6ivP-UwzKCNeUhY3uvSGhr8Y2AGHsmQ&cup2hreq=e3b0c44298fc1c149afbf4c8996fb92427ae41e4649b934ca495991b7852b855
2026-10-08 14:25:24,723 [INFO] Capturing response: http://clients2.google.com/time/1/current?cup2key=10:lcXvQY0aJOCH6ivP-UwzKCNeUhY3uvSGhr8Y2AGHsmQ&cup2hreq=e3b0c44298fc1c149afbf4c8996fb92427ae41e4649b934ca495991b7852b855 200 OK
2026-10-08 14:25:24,828 [INFO] 
[1/14]
2026-10-08 14:25:24,828 [INFO] 🔍 beIN Sports 1 → https://www.atomsportv516.top/matches?id=bein-sports-1
2026-10-08 14:25:24,991 [INFO] Capturing request: https://accounts.google.com/ListAccounts?gpsia=1&source=ChromiumBrowser&json=standard&laf=b64bin
2026-10-08 14:25:25,004 [INFO] Capturing request: https://update.googleapis.com/service/update2/json?cup2key=ML-DSA-44-16:IttZOhrcMZyVBg0htix75rfcBO8Jhm4NZYN0y48wQ-Q&cup2hreq=a1a98eeb60975a2839b3d8978ee5604d26145b085a3641cdb797de41085e3a3c
2026-10-08 14:25:25,059 [INFO] Capturing response: https://update.googleapis.com/service/update2/json?cup2key=ML-DSA-44-16:IttZOhrcMZyVBg0htix75rfcBO8Jhm4NZYN0y48wQ-Q&cup2hreq=a1a98eeb60975a2839b3d8978ee5604d26145b085a3641cdb797de41085e3a3c 200 
2026-10-08 14:25:25,073 [INFO] Capturing response: https://accounts.google.com/ListAccounts?gpsia=1&source=ChromiumBrowser&json=standard&laf=b64bin 200 
2026-10-08 14:25:25,085 [INFO] Capturing request: https://www.google.com/async/folae?async=_fmt:pb&udm=50&client_locale=en-US&client_country=ZZ
2026-10-08 14:25:25,108 [INFO] Capturing response: https://www.google.com/async/folae?async=_fmt:pb&udm=50&client_locale=en-US&client_country=ZZ 200 
2026-10-08 14:25:25,109 [INFO] Capturing request: https://www.atomsportv516.top/matches?id=bein-sports-1
2026-10-08 14:25:25,116 [INFO] Capturing request: https://update.googleapis.com/service/update2/json?cup2key=ML-DSA-44-16:sutpPKIA76at13eEvIybKkw3xhXWDz3pOoOhFCqU5_c&cup2hreq=228b6cde68f855d2549905791528b4cc8565bd9fcec1eace5c56502f65728a56
2026-10-08 14:25:25,142 [INFO] Capturing response: https://update.googleapis.com/service/update2/json?cup2key=ML-DSA-44-16:sutpPKIA76at13eEvIybKkw3xhXWDz3pOoOhFCqU5_c&cup2hreq=228b6cde68f855d2549905791528b4cc8565bd9fcec1eace5c56502f65728a56 200 
2026-10-08 14:25:25,194 [INFO] Capturing request: https://update.googleapis.com/service/update2/json?cup2key=ML-DSA-44-16:TS3-jVgfBkKnEGOGeebsIX2V8hWUU2mK5CqYyXskdJs&cup2hreq=d22b0999d5807d35f6617d237032732f24c1c5dd4aea7eb3239676999b2aa670
2026-10-08 14:25:25,225 [INFO] Capturing response: https://update.googleapis.com/service/update2/json?cup2key=ML-DSA-44-16:TS3-jVgfBkKnEGOGeebsIX2V8hWUU2mK5CqYyXskdJs&cup2hreq=d22b0999d5807d35f6617d237032732f24c1c5dd4aea7eb3239676999b2aa670 200 
2026-10-08 14:25:25,231 [INFO] Capturing request: https://redirector.gvt1.com/edgedl/chrome/dict/en-us-10-2.bdic
2026-10-08 14:25:25,248 [INFO] Capturing response: https://redirector.gvt1.com/edgedl/chrome/dict/en-us-10-2.bdic 302 
2026-10-08 14:25:25,290 [INFO] Capturing request: https://r5---sn-p5qlsn7d.gvt1.com/edgedl/chrome/dict/en-us-10-2.bdic?cms_redirect=yes&met=1791469525,&mh=N5&mip=20.119.103.8&mm=28&mn=sn-p5qlsn7d&ms=nvh&mt=1791469222&mv=m&mvi=5&pl=22&rmhost=r4---sn-p5qlsn7d.gvt1.com&rms=nvh,nvh&shardbypass=sd&smhost=r2---sn-qjp5q5-5h.gvt1.com
2026-10-08 14:25:25,304 [INFO] Capturing response: https://r5---sn-p5qlsn7d.gvt1.com/edgedl/chrome/dict/en-us-10-2.bdic?cms_redirect=yes&met=1791469525,&mh=N5&mip=20.119.103.8&mm=28&mn=sn-p5qlsn7d&ms=nvh&mt=1791469222&mv=m&mvi=5&pl=22&rmhost=r4---sn-p5qlsn7d.gvt1.com&rms=nvh,nvh&shardbypass=sd&smhost=r2---sn-qjp5q5-5h.gvt1.com 200 OK
2026-10-08 14:25:25,322 [INFO] Capturing request: https://www.google.com/async/folae?async=_fmt:pb&udm=50&client_locale=en-US&client_country=ZZ
2026-10-08 14:25:25,347 [INFO] Capturing response: https://www.google.com/async/folae?async=_fmt:pb&udm=50&client_locale=en-US&client_country=ZZ 200 
2026-10-08 14:25:25,685 [INFO] Capturing response: https://www.atomsportv516.top/matches?id=bein-sports-1 200 
2026-10-08 14:25:25,915 [INFO] Capturing request: https://cdn.jsdelivr.net/npm/@clappr/player@0.11.16/dist/clappr.min.js
2026-10-08 14:25:25,916 [INFO] Capturing request: https://static.cloudflareinsights.com/beacon.min.js/v4bc70e2c01a94c73b74392e4234840661791215815920
2026-10-08 14:25:25,919 [INFO] Capturing request: https://cdn.jsdelivr.net/npm/@clappr/hlsjs-playback@1.8.3/dist/hlsjs-playback.min.js
2026-10-08 14:25:25,920 [INFO] Capturing request: https://cdn.jsdelivr.net/npm/level-selector/dist/level-selector.min.js
2026-10-08 14:25:25,945 [INFO] Capturing response: https://cdn.jsdelivr.net/npm/level-selector/dist/level-selector.min.js 200 
2026-10-08 14:25:25,958 [INFO] Capturing response: https://static.cloudflareinsights.com/beacon.min.js/v4bc70e2c01a94c73b74392e4234840661791215815920 200 
2026-10-08 14:25:25,973 [INFO] Capturing response: https://cdn.jsdelivr.net/npm/@clappr/player@0.11.16/dist/clappr.min.js 200 
2026-10-08 14:25:25,978 [INFO] Capturing response: https://cdn.jsdelivr.net/npm/@clappr/hlsjs-playback@1.8.3/dist/hlsjs-playback.min.js 200 
2026-10-08 14:25:26,137 [INFO] Capturing request: https://www.atomsportv516.top/cdn-cgi/rum?
2026-10-08 14:25:26,242 [INFO] Capturing request: https://www.atomsportv516.top/favicon.ico
2026-10-08 14:25:26,262 [INFO] Capturing response: https://www.atomsportv516.top/cdn-cgi/rum? 204 
2026-10-08 14:25:26,320 [INFO] Capturing request: https://teletv5.top/load/yayinlink.php?id=bein-sports-1
2026-10-08 14:25:26,339 [INFO] Capturing response: https://www.atomsportv516.top/favicon.ico 200 
2026-10-08 14:25:26,662 [INFO] Capturing response: https://teletv5.top/load/yayinlink.php?id=bein-sports-1 200 
2026-10-08 14:25:26,742 [INFO] Capturing request: https://streamsport365.com/cinema
2026-10-08 14:25:26,988 [INFO] Capturing response: https://streamsport365.com/cinema 200 
2026-10-08 14:25:27,123 [INFO] Capturing request: https://www.atomsportv516.top/assets/img/player/player_logo_6a87a2e2eecc5.png
2026-10-08 14:25:27,184 [INFO] Capturing response: https://www.atomsportv516.top/assets/img/player/player_logo_6a87a2e2eecc5.png 200 
2026-10-08 14:25:27,375 [INFO] Capturing request: https://ladyboy.yedektv.cfd//s-sport2/tracks-v1a1/mono.m3u8
2026-10-08 14:25:27,428 [INFO] Capturing response: https://ladyboy.yedektv.cfd//s-sport2/tracks-v1a1/mono.m3u8 200 
2026-10-08 14:25:27,656 [INFO] Capturing request: https://taylandpompa.yedektv.cfd/s-sport2/tracks-v1a1/2026/10/08/14/26/29-06000.jpg
2026-10-08 14:25:28,123 [INFO] Capturing request: https://android.clients.google.com/checkin
2026-10-08 14:25:28,226 [INFO] Capturing response: https://android.clients.google.com/checkin 200 
2026-10-08 14:25:28,282 [INFO] Capturing request: https://android.clients.google.com/c2dm/register3
2026-10-08 14:25:28,285 [INFO] Capturing request: https://android.clients.google.com/c2dm/register3
2026-10-08 14:25:28,288 [INFO] Capturing request: https://android.clients.google.com/c2dm/register3
2026-10-08 14:25:28,356 [INFO] Capturing response: https://android.clients.google.com/c2dm/register3 301 
2026-10-08 14:25:28,499 [INFO] Capturing response: https://taylandpompa.yedektv.cfd/s-sport2/tracks-v1a1/2026/10/08/14/26/29-06000.jpg 200 
2026-10-08 14:25:28,759 [INFO] Capturing request: https://taylandpompa.yedektv.cfd/s-sport2/tracks-v1a1/2026/10/08/14/26/35-06000.jpg
2026-10-08 14:25:29,054 [INFO] Capturing response: https://android.clients.google.com/c2dm/register3 200 
2026-10-08 14:25:29,105 [INFO] Capturing response: https://android.clients.google.com/c2dm/register3 200 
2026-10-08 14:25:29,162 [INFO]   ✅ M3U8 bulundu: https://ladyboy.yedektv.cfd//s-sport2/tracks-v1a1/mono.m3u8
2026-10-08 14:25:29,253 [INFO] Capturing response: https://taylandpompa.yedektv.cfd/s-sport2/tracks-v1a1/2026/10/08/14/26/35-06000.jpg 200 
2026-10-08 14:25:29,451 [INFO] Capturing request: https://taylandpompa.yedektv.cfd/s-sport2/tracks-v1a1/2026/10/08/14/26/41-06000.jpg
2026-10-08 14:25:30,124 [INFO] Capturing response: https://taylandpompa.yedektv.cfd/s-sport2/tracks-v1a1/2026/10/08/14/26/41-06000.jpg 200 
2026-10-08 14:25:30,162 [INFO] 
[2/14]
2026-10-08 14:25:30,163 [INFO] 🔍 beIN Sports 2 → https://www.atomsportv516.top/matches?id=bein-sports-2
2026-10-08 14:25:30,310 [INFO] Capturing request: https://www.atomsportv516.top/matches?id=bein-sports-2
2026-10-08 14:25:30,508 [INFO] Capturing response: https://www.atomsportv516.top/matches?id=bein-sports-2 200 
2026-10-08 14:25:30,518 [INFO] Capturing request: https://www.atomsportv516.top/cdn-cgi/rum?
2026-10-08 14:25:30,561 [INFO] Capturing request: https://www.atomsportv516.top/cdn-cgi/rum?
2026-10-08 14:25:30,562 [INFO] Capturing request: https://streamsport365.com/cinema
2026-10-08 14:25:30,639 [INFO] Capturing response: https://www.atomsportv516.top/cdn-cgi/rum? 204 
2026-10-08 14:25:30,658 [INFO] Capturing request: https://teletv5.top/load/yayinlink.php?id=bein-sports-2
2026-10-08 14:25:30,665 [INFO] Capturing request: https://www.atomsportv516.top/favicon.ico
2026-10-08 14:25:30,724 [INFO] Capturing response: https://www.atomsportv516.top/cdn-cgi/rum? 204 
2026-10-08 14:25:30,740 [INFO] Capturing response: https://www.atomsportv516.top/favicon.ico 200 
2026-10-08 14:25:30,814 [INFO] Capturing response: https://streamsport365.com/cinema 200 
2026-10-08 14:25:30,821 [INFO] Capturing response: https://teletv5.top/load/yayinlink.php?id=bein-sports-2 200 
2026-10-08 14:25:30,932 [INFO] Capturing request: https://www.atomsportv516.top/assets/img/player/player_logo_6a87a2e2eecc5.png
2026-10-08 14:25:30,941 [INFO] Capturing request: https://ladyboy.yedektv.cfd//bein2/tracks-v1a1/mono.m3u8
2026-10-08 14:25:31,075 [INFO] Capturing response: https://ladyboy.yedektv.cfd//bein2/tracks-v1a1/mono.m3u8 200 
2026-10-08 14:25:31,184 [INFO] Capturing request: https://taylandpompa.yedektv.cfd/bein2/tracks-v1a1/2026/10/08/14/24/55-05000.jpg
2026-10-08 14:25:31,282 [INFO] Capturing response: https://www.atomsportv516.top/assets/img/player/player_logo_6a87a2e2eecc5.png 304 
2026-10-08 14:25:31,805 [INFO] Capturing response: https://taylandpompa.yedektv.cfd/bein2/tracks-v1a1/2026/10/08/14/24/55-05000.jpg 200 
2026-10-08 14:25:32,037 [INFO] Capturing request: https://taylandpompa.yedektv.cfd/bein2/tracks-v1a1/2026/10/08/14/25/00-05000.jpg
2026-10-08 14:25:32,617 [INFO] Capturing response: https://taylandpompa.yedektv.cfd/bein2/tracks-v1a1/2026/10/08/14/25/00-05000.jpg 200 
2026-10-08 14:25:32,840 [INFO] Capturing request: https://taylandpompa.yedektv.cfd/bein2/tracks-v1a1/2026/10/08/14/25/05-05000.jpg
2026-10-08 14:25:33,433 [INFO] Capturing response: https://taylandpompa.yedektv.cfd/bein2/tracks-v1a1/2026/10/08/14/25/05-05000.jpg 200 
2026-10-08 14:25:33,586 [INFO]   ✅ M3U8 bulundu: https://ladyboy.yedektv.cfd//bein2/tracks-v1a1/mono.m3u8
2026-10-08 14:25:34,587 [INFO] 
[3/14]
2026-10-08 14:25:34,587 [INFO] 🔍 beIN Sports 3 → https://www.atomsportv516.top/matches?id=bein-sports-3
2026-10-08 14:25:34,699 [INFO] Capturing request: https://www.atomsportv516.top/matches?id=bein-sports-3
2026-10-08 14:25:34,896 [INFO] Capturing response: https://www.atomsportv516.top/matches?id=bein-sports-3 200 
2026-10-08 14:25:34,905 [INFO] Capturing request: https://www.atomsportv516.top/cdn-cgi/rum?
2026-10-08 14:25:34,931 [INFO] Capturing request: https://www.atomsportv516.top/cdn-cgi/rum?
2026-10-08 14:25:35,032 [INFO] Capturing request: https://teletv5.top/load/yayinlink.php?id=bein-sports-3
2026-10-08 14:25:35,035 [INFO] Capturing response: https://www.atomsportv516.top/cdn-cgi/rum? 204 
2026-10-08 14:25:35,035 [INFO] Capturing request: https://www.atomsportv516.top/favicon.ico
2026-10-08 14:25:35,093 [INFO] Capturing response: https://www.atomsportv516.top/cdn-cgi/rum? 204 
2026-10-08 14:25:35,104 [INFO] Capturing response: https://www.atomsportv516.top/favicon.ico 200 
2026-10-08 14:25:35,131 [INFO] Capturing request: https://streamsport365.com/cinema
2026-10-08 14:25:35,214 [INFO] Capturing response: https://teletv5.top/load/yayinlink.php?id=bein-sports-3 200 
2026-10-08 14:25:35,392 [INFO] Capturing response: https://streamsport365.com/cinema 200 
2026-10-08 14:25:35,504 [INFO] Capturing request: https://www.atomsportv516.top/assets/img/player/player_logo_6a87a2e2eecc5.png
2026-10-08 14:25:35,514 [INFO] Capturing request: https://ladyboy.yedektv.cfd//bein3/tracks-v1a1/mono.m3u8
2026-10-08 14:25:35,642 [INFO] Capturing response: https://www.atomsportv516.top/assets/img/player/player_logo_6a87a2e2eecc5.png 304 
2026-10-08 14:25:35,688 [INFO] Capturing response: https://ladyboy.yedektv.cfd//bein3/tracks-v1a1/mono.m3u8 200 
2026-10-08 14:25:35,797 [INFO] Capturing request: https://taylandpompa.yedektv.cfd/bein3/tracks-v1a1/2026/10/08/14/25/29-05000.jpg
2026-10-08 14:25:36,472 [INFO] Capturing response: https://taylandpompa.yedektv.cfd/bein3/tracks-v1a1/2026/10/08/14/25/29-05000.jpg 200 
2026-10-08 14:25:36,700 [INFO] Capturing request: https://taylandpompa.yedektv.cfd/bein3/tracks-v1a1/2026/10/08/14/25/34-05000.jpg
2026-10-08 14:25:37,223 [INFO] Capturing response: https://taylandpompa.yedektv.cfd/bein3/tracks-v1a1/2026/10/08/14/25/34-05000.jpg 200 
2026-10-08 14:25:37,439 [INFO] Capturing request: https://taylandpompa.yedektv.cfd/bein3/tracks-v1a1/2026/10/08/14/25/39-05000.jpg
2026-10-08 14:25:37,951 [INFO]   ✅ M3U8 bulundu: https://ladyboy.yedektv.cfd//bein3/tracks-v1a1/mono.m3u8
2026-10-08 14:25:37,983 [INFO] Capturing response: https://taylandpompa.yedektv.cfd/bein3/tracks-v1a1/2026/10/08/14/25/39-05000.jpg 200 
2026-10-08 14:25:38,951 [INFO] 
[4/14]
2026-10-08 14:25:38,952 [INFO] 🔍 beIN Sports 4 → https://www.atomsportv516.top/matches?id=bein-sports-4
2026-10-08 14:25:39,063 [INFO] Capturing request: https://www.atomsportv516.top/matches?id=bein-sports-4
2026-10-08 14:25:39,259 [INFO] Capturing response: https://www.atomsportv516.top/matches?id=bein-sports-4 200 
2026-10-08 14:25:39,268 [INFO] Capturing request: https://www.atomsportv516.top/cdn-cgi/rum?
2026-10-08 14:25:39,286 [INFO] Capturing request: https://streamsport365.com/cinema
2026-10-08 14:25:39,296 [INFO] Capturing request: https://www.atomsportv516.top/cdn-cgi/rum?
2026-10-08 14:25:39,393 [INFO] Capturing request: https://teletv5.top/load/yayinlink.php?id=bein-sports-4
2026-10-08 14:25:39,399 [INFO] Capturing request: https://www.atomsportv516.top/favicon.ico
2026-10-08 14:25:39,401 [INFO] Capturing response: https://www.atomsportv516.top/cdn-cgi/rum? 204 
2026-10-08 14:25:39,443 [INFO] Capturing response: https://www.atomsportv516.top/favicon.ico 200 
2026-10-08 14:25:39,457 [INFO] Capturing response: https://www.atomsportv516.top/cdn-cgi/rum? 204 
2026-10-08 14:25:39,547 [INFO] Capturing response: https://streamsport365.com/cinema 200 
2026-10-08 14:25:39,555 [INFO] Capturing response: https://teletv5.top/load/yayinlink.php?id=bein-sports-4 200 
2026-10-08 14:25:39,705 [INFO] Capturing request: https://www.atomsportv516.top/assets/img/player/player_logo_6a87a2e2eecc5.png
2026-10-08 14:25:39,714 [INFO] Capturing request: https://ladyboy.yedektv.cfd//bein4/tracks-v1a1/mono.m3u8
2026-10-08 14:25:39,832 [INFO] Capturing response: https://www.atomsportv516.top/assets/img/player/player_logo_6a87a2e2eecc5.png 304 
2026-10-08 14:25:39,887 [INFO] Capturing response: https://ladyboy.yedektv.cfd//bein4/tracks-v1a1/mono.m3u8 200 
2026-10-08 14:25:40,037 [INFO] Capturing request: https://taylandpompa.yedektv.cfd/bein4/tracks-v1a1/2026/10/08/14/25/36-05000.jpg
2026-10-08 14:25:40,570 [INFO] Capturing response: https://taylandpompa.yedektv.cfd/bein4/tracks-v1a1/2026/10/08/14/25/36-05000.jpg 200 
2026-10-08 14:25:40,753 [INFO] Capturing request: https://taylandpompa.yedektv.cfd/bein4/tracks-v1a1/2026/10/08/14/25/41-05000.jpg
2026-10-08 14:25:41,336 [INFO] Capturing response: https://taylandpompa.yedektv.cfd/bein4/tracks-v1a1/2026/10/08/14/25/41-05000.jpg 200 
2026-10-08 14:25:41,548 [INFO] Capturing request: https://taylandpompa.yedektv.cfd/bein4/tracks-v1a1/2026/10/08/14/25/46-05000.jpg
2026-10-08 14:25:42,105 [INFO] Capturing response: https://taylandpompa.yedektv.cfd/bein4/tracks-v1a1/2026/10/08/14/25/46-05000.jpg 200 
2026-10-08 14:25:42,311 [INFO]   ✅ M3U8 bulundu: https://ladyboy.yedektv.cfd//bein4/tracks-v1a1/mono.m3u8
2026-10-08 14:25:43,312 [INFO] 
[5/14]
2026-10-08 14:25:43,312 [INFO] 🔍 beIN Sports 5 → https://www.atomsportv516.top/matches?id=bein-sports-5
2026-10-08 14:25:43,422 [INFO] Capturing request: https://www.atomsportv516.top/matches?id=bein-sports-5
2026-10-08 14:25:43,620 [INFO] Capturing response: https://www.atomsportv516.top/matches?id=bein-sports-5 200 
2026-10-08 14:25:43,630 [INFO] Capturing request: https://www.atomsportv516.top/cdn-cgi/rum?
2026-10-08 14:25:43,657 [INFO] Capturing request: https://www.atomsportv516.top/cdn-cgi/rum?
2026-10-08 14:25:43,753 [INFO] Capturing request: https://teletv5.top/load/yayinlink.php?id=bein-sports-5
2026-10-08 14:25:43,757 [INFO] Capturing response: https://www.atomsportv516.top/cdn-cgi/rum? 204 
2026-10-08 14:25:43,760 [INFO] Capturing request: https://www.atomsportv516.top/favicon.ico
2026-10-08 14:25:43,817 [INFO] Capturing response: https://www.atomsportv516.top/favicon.ico 200 
2026-10-08 14:25:43,819 [INFO] Capturing response: https://www.atomsportv516.top/cdn-cgi/rum? 204 
2026-10-08 14:25:43,853 [INFO] Capturing request: https://streamsport365.com/cinema
2026-10-08 14:25:43,923 [INFO] Capturing response: https://teletv5.top/load/yayinlink.php?id=bein-sports-5 200 
2026-10-08 14:25:44,099 [INFO] Capturing response: https://streamsport365.com/cinema 200 
2026-10-08 14:25:44,211 [INFO] Capturing request: https://www.atomsportv516.top/assets/img/player/player_logo_6a87a2e2eecc5.png
2026-10-08 14:25:44,220 [INFO] Capturing request: https://ladyboy.yedektv.cfd//bein5/tracks-v1a1/mono.m3u8
2026-10-08 14:25:44,340 [INFO] Capturing response: https://www.atomsportv516.top/assets/img/player/player_logo_6a87a2e2eecc5.png 304 
2026-10-08 14:25:44,372 [INFO] Capturing response: https://ladyboy.yedektv.cfd//bein5/tracks-v1a1/mono.m3u8 200 
2026-10-08 14:25:44,482 [INFO] Capturing request: https://taylandpompa.yedektv.cfd/bein5/tracks-v1a1/2026/10/08/14/24/23-05000.jpg
2026-10-08 14:25:45,466 [INFO] Capturing response: https://taylandpompa.yedektv.cfd/bein5/tracks-v1a1/2026/10/08/14/24/23-05000.jpg 200 
2026-10-08 14:25:45,745 [INFO] Capturing request: https://taylandpompa.yedektv.cfd/bein5/tracks-v1a1/2026/10/08/14/24/28-05000.jpg
2026-10-08 14:25:46,623 [INFO] Capturing response: https://taylandpompa.yedektv.cfd/bein5/tracks-v1a1/2026/10/08/14/24/28-05000.jpg 200 
2026-10-08 14:25:46,712 [INFO]   ✅ M3U8 bulundu: https://ladyboy.yedektv.cfd//bein5/tracks-v1a1/mono.m3u8
2026-10-08 14:25:46,916 [INFO] Capturing request: https://taylandpompa.yedektv.cfd/bein5/tracks-v1a1/2026/10/08/14/24/33-05000.jpg
2026-10-08 14:25:47,713 [INFO] 
[6/14]
2026-10-08 14:25:47,713 [INFO] 🔍 beIN Sports Max 1 → https://www.atomsportv516.top/matches?id=bein-sports-max-1
2026-10-08 14:25:47,798 [INFO] Capturing response: https://taylandpompa.yedektv.cfd/bein5/tracks-v1a1/2026/10/08/14/24/33-05000.jpg 200 
2026-10-08 14:25:47,824 [INFO] Capturing request: https://www.atomsportv516.top/matches?id=bein-sports-max-1
2026-10-08 14:25:48,021 [INFO] Capturing response: https://www.atomsportv516.top/matches?id=bein-sports-max-1 200 
2026-10-08 14:25:48,030 [INFO] Capturing request: https://www.atomsportv516.top/cdn-cgi/rum?
2026-10-08 14:25:48,056 [INFO] Capturing request: https://streamsport365.com/cinema
2026-10-08 14:25:48,060 [INFO] Capturing request: https://www.atomsportv516.top/cdn-cgi/rum?
2026-10-08 14:25:48,157 [INFO] Capturing request: https://teletv5.top/load/yayinlink.php?id=bein-sports-max-1
2026-10-08 14:25:48,158 [INFO] Capturing response: https://www.atomsportv516.top/cdn-cgi/rum? 204 
2026-10-08 14:25:48,163 [INFO] Capturing request: https://www.atomsportv516.top/favicon.ico
2026-10-08 14:25:48,223 [INFO] Capturing response: https://www.atomsportv516.top/cdn-cgi/rum? 204 
2026-10-08 14:25:48,232 [INFO] Capturing response: https://www.atomsportv516.top/favicon.ico 200 
2026-10-08 14:25:48,309 [INFO] Capturing response: https://streamsport365.com/cinema 200 
2026-10-08 14:25:48,328 [INFO] Capturing response: https://teletv5.top/load/yayinlink.php?id=bein-sports-max-1 200 
2026-10-08 14:25:48,479 [INFO] Capturing request: https://www.atomsportv516.top/assets/img/player/player_logo_6a87a2e2eecc5.png
2026-10-08 14:25:48,488 [INFO] Capturing request: https://ladyboy.yedektv.cfd//beinmax1/tracks-v1a1/mono.m3u8
2026-10-08 14:25:48,608 [INFO] Capturing response: https://www.atomsportv516.top/assets/img/player/player_logo_6a87a2e2eecc5.png 304 
2026-10-08 14:25:48,660 [INFO] Capturing response: https://ladyboy.yedektv.cfd//beinmax1/tracks-v1a1/mono.m3u8 404 
2026-10-08 14:25:50,828 [INFO] Capturing request: https://ladyboy.yedektv.cfd//beinmax1/tracks-v1a1/mono.m3u8
2026-10-08 14:25:50,955 [INFO] Capturing response: https://ladyboy.yedektv.cfd//beinmax1/tracks-v1a1/mono.m3u8 404 
2026-10-08 14:25:51,070 [INFO]   ✅ M3U8 bulundu: https://ladyboy.yedektv.cfd//beinmax1/tracks-v1a1/mono.m3u8
2026-10-08 14:25:52,070 [INFO] 
[7/14]
2026-10-08 14:25:52,070 [INFO] 🔍 beIN Sports Max 2 → https://www.atomsportv516.top/matches?id=bein-sports-max-2
2026-10-08 14:25:52,180 [INFO] Capturing request: https://www.atomsportv516.top/matches?id=bein-sports-max-2
2026-10-08 14:25:52,385 [INFO] Capturing response: https://www.atomsportv516.top/matches?id=bein-sports-max-2 200 
2026-10-08 14:25:52,393 [INFO] Capturing request: https://www.atomsportv516.top/cdn-cgi/rum?
2026-10-08 14:25:52,417 [INFO] Capturing request: https://www.atomsportv516.top/cdn-cgi/rum?
2026-10-08 14:25:52,513 [INFO] Capturing request: https://teletv5.top/load/yayinlink.php?id=bein-sports-max-2
2026-10-08 14:25:52,520 [INFO] Capturing response: https://www.atomsportv516.top/cdn-cgi/rum? 204 
2026-10-08 14:25:52,520 [INFO] Capturing request: https://www.atomsportv516.top/favicon.ico
2026-10-08 14:25:52,580 [INFO] Capturing response: https://www.atomsportv516.top/cdn-cgi/rum? 204 
2026-10-08 14:25:52,584 [INFO] Capturing response: https://www.atomsportv516.top/favicon.ico 200 
2026-10-08 14:25:52,611 [INFO] Capturing request: https://streamsport365.com/cinema
2026-10-08 14:25:52,683 [INFO] Capturing response: https://teletv5.top/load/yayinlink.php?id=bein-sports-max-2 200 
2026-10-08 14:25:52,856 [INFO] Capturing response: https://streamsport365.com/cinema 200 
2026-10-08 14:25:52,966 [INFO] Capturing request: https://www.atomsportv516.top/assets/img/player/player_logo_6a87a2e2eecc5.png
2026-10-08 14:25:52,974 [INFO] Capturing request: https://ladyboy.yedektv.cfd//beinmax2/tracks-v1a1/mono.m3u8
2026-10-08 14:25:53,088 [INFO] Capturing response: https://www.atomsportv516.top/assets/img/player/player_logo_6a87a2e2eecc5.png 304 
2026-10-08 14:25:53,123 [INFO] Capturing response: https://ladyboy.yedektv.cfd//beinmax2/tracks-v1a1/mono.m3u8 404 
2026-10-08 14:25:55,282 [INFO] Capturing request: https://ladyboy.yedektv.cfd//beinmax2/tracks-v1a1/mono.m3u8
2026-10-08 14:25:55,424 [INFO] Capturing response: https://ladyboy.yedektv.cfd//beinmax2/tracks-v1a1/mono.m3u8 404 
2026-10-08 14:25:55,428 [INFO]   ✅ M3U8 bulundu: https://ladyboy.yedektv.cfd//beinmax2/tracks-v1a1/mono.m3u8
2026-10-08 14:25:56,428 [INFO] 
[8/14]
2026-10-08 14:25:56,428 [INFO] 🔍 S Sport → https://www.atomsportv516.top/matches?id=s-sport
2026-10-08 14:25:56,538 [INFO] Capturing request: https://www.atomsportv516.top/matches?id=s-sport
2026-10-08 14:25:56,862 [INFO] Capturing response: https://www.atomsportv516.top/matches?id=s-sport 200 
2026-10-08 14:25:56,871 [INFO] Capturing request: https://www.atomsportv516.top/cdn-cgi/rum?
2026-10-08 14:25:56,899 [INFO] Capturing request: https://streamsport365.com/cinema
2026-10-08 14:25:56,905 [INFO] Capturing request: https://www.atomsportv516.top/cdn-cgi/rum?
2026-10-08 14:25:56,999 [INFO] Capturing response: https://www.atomsportv516.top/cdn-cgi/rum? 204 
2026-10-08 14:25:57,000 [INFO] Capturing request: https://teletv5.top/load/yayinlink.php?id=s-sport
2026-10-08 14:25:57,005 [INFO] Capturing request: https://www.atomsportv516.top/favicon.ico
2026-10-08 14:25:57,068 [INFO] Capturing response: https://www.atomsportv516.top/cdn-cgi/rum? 204 
2026-10-08 14:25:57,070 [INFO] Capturing response: https://www.atomsportv516.top/favicon.ico 200 
2026-10-08 14:25:57,156 [INFO] Capturing response: https://streamsport365.com/cinema 200 
2026-10-08 14:25:57,161 [INFO] Capturing response: https://teletv5.top/load/yayinlink.php?id=s-sport 200 
2026-10-08 14:25:57,313 [INFO] Capturing request: https://www.atomsportv516.top/assets/img/player/player_logo_6a87a2e2eecc5.png
2026-10-08 14:25:57,322 [INFO] Capturing request: https://ladyboy.yedektv.cfd//s-sport/tracks-v1a1/mono.m3u8
2026-10-08 14:25:57,339 [INFO] Capturing response: https://ladyboy.yedektv.cfd//s-sport/tracks-v1a1/mono.m3u8 451 
2026-10-08 14:25:57,438 [INFO] Capturing response: https://www.atomsportv516.top/assets/img/player/player_logo_6a87a2e2eecc5.png 304 
2026-10-08 14:25:57,461 [INFO] Capturing request: https://android.clients.google.com/c2dm/register3
2026-10-08 14:25:57,497 [INFO] Capturing response: https://android.clients.google.com/c2dm/register3 301 
2026-10-08 14:25:59,458 [INFO] Capturing request: https://ladyboy.yedektv.cfd//s-sport/tracks-v1a1/mono.m3u8
2026-10-08 14:25:59,472 [INFO] Capturing response: https://ladyboy.yedektv.cfd//s-sport/tracks-v1a1/mono.m3u8 451 
2026-10-08 14:25:59,913 [INFO]   ✅ M3U8 bulundu: https://ladyboy.yedektv.cfd//s-sport/tracks-v1a1/mono.m3u8
2026-10-08 14:26:00,913 [INFO] 
[9/14]
2026-10-08 14:26:00,914 [INFO] 🔍 S Sport 2 → https://www.atomsportv516.top/matches?id=s-sport-2
2026-10-08 14:26:01,023 [INFO] Capturing request: https://www.atomsportv516.top/matches?id=s-sport-2
2026-10-08 14:26:01,218 [INFO] Capturing response: https://www.atomsportv516.top/matches?id=s-sport-2 200 
2026-10-08 14:26:01,227 [INFO] Capturing request: https://www.atomsportv516.top/cdn-cgi/rum?
2026-10-08 14:26:01,257 [INFO] Capturing request: https://www.atomsportv516.top/cdn-cgi/rum?
2026-10-08 14:26:01,353 [INFO] Capturing request: https://teletv5.top/load/yayinlink.php?id=s-sport-2
2026-10-08 14:26:01,355 [INFO] Capturing response: https://www.atomsportv516.top/cdn-cgi/rum? 204 
2026-10-08 14:26:01,359 [INFO] Capturing request: https://www.atomsportv516.top/favicon.ico
2026-10-08 14:26:01,407 [INFO] Capturing response: https://www.atomsportv516.top/favicon.ico 200 
2026-10-08 14:26:01,419 [INFO] Capturing response: https://www.atomsportv516.top/cdn-cgi/rum? 204 
2026-10-08 14:26:01,455 [INFO] Capturing request: https://streamsport365.com/cinema
2026-10-08 14:26:01,530 [INFO] Capturing response: https://teletv5.top/load/yayinlink.php?id=s-sport-2 200 
2026-10-08 14:26:01,704 [INFO] Capturing response: https://streamsport365.com/cinema 200 
2026-10-08 14:26:01,814 [INFO] Capturing request: https://www.atomsportv516.top/assets/img/player/player_logo_6a87a2e2eecc5.png
2026-10-08 14:26:01,824 [INFO] Capturing request: https://ladyboy.yedektv.cfd//s-sport2/tracks-v1a1/mono.m3u8
2026-10-08 14:26:01,940 [INFO] Capturing response: https://www.atomsportv516.top/assets/img/player/player_logo_6a87a2e2eecc5.png 304 
2026-10-08 14:26:01,946 [INFO] Capturing response: https://ladyboy.yedektv.cfd//s-sport2/tracks-v1a1/mono.m3u8 200 
2026-10-08 14:26:02,058 [INFO] Capturing request: https://taylandpompa.yedektv.cfd/s-sport2/tracks-v1a1/2026/10/08/14/27/05-06000.jpg
2026-10-08 14:26:02,508 [INFO] Capturing response: https://taylandpompa.yedektv.cfd/s-sport2/tracks-v1a1/2026/10/08/14/27/05-06000.jpg 200 
2026-10-08 14:26:02,723 [INFO] Capturing request: https://taylandpompa.yedektv.cfd/s-sport2/tracks-v1a1/2026/10/08/14/27/11-06000.jpg
2026-10-08 14:26:03,150 [INFO] Capturing response: https://taylandpompa.yedektv.cfd/s-sport2/tracks-v1a1/2026/10/08/14/27/11-06000.jpg 200 
2026-10-08 14:26:03,365 [INFO] Capturing request: https://taylandpompa.yedektv.cfd/s-sport2/tracks-v1a1/2026/10/08/14/27/17-06000.jpg
2026-10-08 14:26:04,215 [INFO] Capturing response: https://taylandpompa.yedektv.cfd/s-sport2/tracks-v1a1/2026/10/08/14/27/17-06000.jpg 200 
2026-10-08 14:26:04,282 [INFO]   ✅ M3U8 bulundu: https://ladyboy.yedektv.cfd//s-sport2/tracks-v1a1/mono.m3u8
2026-10-08 14:26:05,283 [INFO] 
[10/14]
2026-10-08 14:26:05,283 [INFO] 🔍 A Spor → https://www.atomsportv516.top/matches?id=a-spor
2026-10-08 14:26:05,395 [INFO] Capturing request: https://www.atomsportv516.top/matches?id=a-spor
2026-10-08 14:26:05,597 [INFO] Capturing response: https://www.atomsportv516.top/matches?id=a-spor 200 
2026-10-08 14:26:05,606 [INFO] Capturing request: https://www.atomsportv516.top/cdn-cgi/rum?
2026-10-08 14:26:05,635 [INFO] Capturing request: https://streamsport365.com/cinema
2026-10-08 14:26:05,639 [INFO] Capturing request: https://www.atomsportv516.top/cdn-cgi/rum?
2026-10-08 14:26:05,726 [INFO] Capturing response: https://www.atomsportv516.top/cdn-cgi/rum? 204 
2026-10-08 14:26:05,734 [INFO] Capturing request: https://teletv5.top/load/yayinlink.php?id=a-spor
2026-10-08 14:26:05,740 [INFO] Capturing request: https://www.atomsportv516.top/favicon.ico
2026-10-08 14:26:05,791 [INFO] Capturing response: https://www.atomsportv516.top/favicon.ico 200 
2026-10-08 14:26:05,801 [INFO] Capturing response: https://www.atomsportv516.top/cdn-cgi/rum? 204 
2026-10-08 14:26:05,882 [INFO] Capturing response: https://streamsport365.com/cinema 200 
2026-10-08 14:26:05,910 [INFO] Capturing response: https://teletv5.top/load/yayinlink.php?id=a-spor 200 
2026-10-08 14:26:06,062 [INFO] Capturing request: https://www.atomsportv516.top/assets/img/player/player_logo_6a87a2e2eecc5.png
2026-10-08 14:26:06,071 [INFO] Capturing request: https://ladyboy.yedektv.cfd//aspor/tracks-v1a1/mono.m3u8
2026-10-08 14:26:06,187 [INFO] Capturing response: https://www.atomsportv516.top/assets/img/player/player_logo_6a87a2e2eecc5.png 304 
2026-10-08 14:26:06,234 [INFO] Capturing response: https://ladyboy.yedektv.cfd//aspor/tracks-v1a1/mono.m3u8 200 
2026-10-08 14:26:06,343 [INFO] Capturing request: https://taylandpompa.yedektv.cfd/aspor/tracks-v1a1/2026/10/08/14/26/17-10023.jpg
2026-10-08 14:26:06,889 [INFO] Capturing response: https://taylandpompa.yedektv.cfd/aspor/tracks-v1a1/2026/10/08/14/26/17-10023.jpg 200 
2026-10-08 14:26:07,128 [INFO] Capturing request: https://taylandpompa.yedektv.cfd/aspor/tracks-v1a1/2026/10/08/14/26/27-10023.jpg
2026-10-08 14:26:07,695 [INFO] Capturing response: https://taylandpompa.yedektv.cfd/aspor/tracks-v1a1/2026/10/08/14/26/27-10023.jpg 200 
2026-10-08 14:26:07,914 [INFO] Capturing request: https://taylandpompa.yedektv.cfd/aspor/tracks-v1a1/2026/10/08/14/26/37-10023.jpg
2026-10-08 14:26:08,479 [INFO] Capturing response: https://taylandpompa.yedektv.cfd/aspor/tracks-v1a1/2026/10/08/14/26/37-10023.jpg 200 
2026-10-08 14:26:08,656 [INFO]   ✅ M3U8 bulundu: https://ladyboy.yedektv.cfd//aspor/tracks-v1a1/mono.m3u8
2026-10-08 14:26:08,690 [INFO] Capturing request: https://taylandpompa.yedektv.cfd/aspor/tracks-v1a1/2026/10/08/14/26/47-10023.jpg
2026-10-08 14:26:09,216 [INFO] Capturing response: https://taylandpompa.yedektv.cfd/aspor/tracks-v1a1/2026/10/08/14/26/47-10023.jpg 200 
2026-10-08 14:26:09,656 [INFO] 
[11/14]
2026-10-08 14:26:09,656 [INFO] 🔍 Tivibu Spor 1 → https://www.atomsportv516.top/matches?id=tivibu-spor-1
2026-10-08 14:26:09,767 [INFO] Capturing request: https://www.atomsportv516.top/matches?id=tivibu-spor-1
2026-10-08 14:26:09,976 [INFO] Capturing response: https://www.atomsportv516.top/matches?id=tivibu-spor-1 200 
2026-10-08 14:26:09,985 [INFO] Capturing request: https://www.atomsportv516.top/cdn-cgi/rum?
2026-10-08 14:26:10,010 [INFO] Capturing request: https://www.atomsportv516.top/cdn-cgi/rum?
2026-10-08 14:26:10,102 [INFO] Capturing request: https://teletv5.top/load/yayinlink.php?id=tivibu-spor-1
2026-10-08 14:26:10,114 [INFO] Capturing request: https://www.atomsportv516.top/favicon.ico
2026-10-08 14:26:10,116 [INFO] Capturing response: https://www.atomsportv516.top/cdn-cgi/rum? 204 
2026-10-08 14:26:10,172 [INFO] Capturing response: https://www.atomsportv516.top/cdn-cgi/rum? 204 
2026-10-08 14:26:10,180 [INFO] Capturing response: https://www.atomsportv516.top/favicon.ico 200 
2026-10-08 14:26:10,203 [INFO] Capturing request: https://streamsport365.com/cinema
2026-10-08 14:26:10,278 [INFO] Capturing response: https://teletv5.top/load/yayinlink.php?id=tivibu-spor-1 200 
2026-10-08 14:26:10,461 [INFO] Capturing response: https://streamsport365.com/cinema 200 
2026-10-08 14:26:24,670 [INFO] Capturing request: https://update.googleapis.com/service/update2/json?cup2key=ML-DSA-44-16:k7vESIqVI2IW9rLNNTrCUNriE-rQFHNex1vFcrTF8YY&cup2hreq=c0eeaa6aaee902e2eb0a48aba7202114adc368285ef17c6098246914b1adcb4b
2026-10-08 14:26:24,700 [INFO] Capturing response: https://update.googleapis.com/service/update2/json?cup2key=ML-DSA-44-16:k7vESIqVI2IW9rLNNTrCUNriE-rQFHNex1vFcrTF8YY&cup2hreq=c0eeaa6aaee902e2eb0a48aba7202114adc368285ef17c6098246914b1adcb4b 200 
2026-10-08 14:26:24,709 [INFO] Capturing request: http://edgedl.me.gvt1.com/edgedl/diffgen-puffin/gcmjkmgdlgnkkcocmoeiminaijmmjnii/93d241e87603e2aac20e9e6ab2a12f1dd352be0faabae7597f3872f3267db430
2026-10-08 14:26:24,723 [INFO] Capturing response: http://edgedl.me.gvt1.com/edgedl/diffgen-puffin/gcmjkmgdlgnkkcocmoeiminaijmmjnii/93d241e87603e2aac20e9e6ab2a12f1dd352be0faabae7597f3872f3267db430 200 OK
2026-10-08 14:26:24,749 [INFO] Capturing request: https://update.googleapis.com/service/update2/json
2026-10-08 14:26:24,773 [INFO] Capturing response: https://update.googleapis.com/service/update2/json 200 
2026-10-08 14:26:24,817 [INFO] Capturing request: http://edgedl.me.gvt1.com/edgedl/diffgen-puffin/hfnkpimlhhgieaddgfemjhofmfblmnib/e7593df784670baa25dfee3499a313cee11795344d5bd583704b49a781217084
2026-10-08 14:26:24,830 [INFO] Capturing response: http://edgedl.me.gvt1.com/edgedl/diffgen-puffin/hfnkpimlhhgieaddgfemjhofmfblmnib/e7593df784670baa25dfee3499a313cee11795344d5bd583704b49a781217084 200 OK
2026-10-08 14:26:24,925 [INFO] Capturing request: https://update.googleapis.com/service/update2/json
2026-10-08 14:26:24,950 [INFO] Capturing response: https://update.googleapis.com/service/update2/json 200 
2026-10-08 14:26:42,019 [INFO] Capturing request: https://android.clients.google.com/c2dm/register3
2026-10-08 14:26:42,058 [INFO] Capturing response: https://android.clients.google.com/c2dm/register3 301 
2026-10-08 14:26:43,311 [WARNING]   ❌ Tivibu Spor 1 için M3U8 bulunamadı
2026-10-08 14:26:44,311 [INFO] 
[12/14]
2026-10-08 14:26:44,311 [INFO] 🔍 Tivibu Spor 2 → https://www.atomsportv516.top/matches?id=tivibu-spor-2
2026-10-08 14:26:44,473 [INFO] Capturing request: https://www.atomsportv516.top/matches?id=tivibu-spor-2
2026-10-08 14:26:44,814 [INFO] Capturing response: https://www.atomsportv516.top/matches?id=tivibu-spor-2 200 
2026-10-08 14:26:44,824 [INFO] Capturing request: https://www.atomsportv516.top/cdn-cgi/rum?
2026-10-08 14:26:44,853 [INFO] Capturing request: https://www.atomsportv516.top/cdn-cgi/rum?
2026-10-08 14:26:44,948 [INFO] Capturing response: https://www.atomsportv516.top/cdn-cgi/rum? 204 
2026-10-08 14:26:44,959 [INFO] Capturing request: https://www.atomsportv516.top/favicon.ico
2026-10-08 14:26:45,013 [INFO] Capturing request: https://teletv5.top/load/yayinlink.php?id=tivibu-spor-2
2026-10-08 14:26:45,016 [INFO] Capturing response: https://www.atomsportv516.top/favicon.ico 200 
2026-10-08 14:26:45,018 [INFO] Capturing response: https://www.atomsportv516.top/cdn-cgi/rum? 204 
2026-10-08 14:26:45,371 [INFO] Capturing response: https://teletv5.top/load/yayinlink.php?id=tivibu-spor-2 200 
2026-10-08 14:26:45,419 [INFO] Capturing request: https://streamsport365.com/cinema
2026-10-08 14:26:45,674 [INFO] Capturing response: https://streamsport365.com/cinema 200 
2026-10-08 14:27:18,111 [WARNING]   ❌ Tivibu Spor 2 için M3U8 bulunamadı
2026-10-08 14:27:19,111 [INFO] 
[13/14]
2026-10-08 14:27:19,111 [INFO] 🔍 Tivibu Spor 3 → https://www.atomsportv516.top/matches?id=tivibu-spor-3
2026-10-08 14:27:19,221 [INFO] Capturing request: https://www.atomsportv516.top/matches?id=tivibu-spor-3
2026-10-08 14:27:19,561 [INFO] Capturing response: https://www.atomsportv516.top/matches?id=tivibu-spor-3 200 
2026-10-08 14:27:19,570 [INFO] Capturing request: https://www.atomsportv516.top/cdn-cgi/rum?
2026-10-08 14:27:19,599 [INFO] Capturing request: https://www.atomsportv516.top/cdn-cgi/rum?
2026-10-08 14:27:19,694 [INFO] Capturing request: https://teletv5.top/load/yayinlink.php?id=tivibu-spor-3
2026-10-08 14:27:19,701 [INFO] Capturing response: https://www.atomsportv516.top/cdn-cgi/rum? 204 
2026-10-08 14:27:19,704 [INFO] Capturing request: https://www.atomsportv516.top/favicon.ico
2026-10-08 14:27:19,756 [INFO] Capturing response: https://www.atomsportv516.top/favicon.ico 200 
2026-10-08 14:27:19,762 [INFO] Capturing response: https://www.atomsportv516.top/cdn-cgi/rum? 204 
2026-10-08 14:27:19,798 [INFO] Capturing request: https://streamsport365.com/cinema
2026-10-08 14:27:19,872 [INFO] Capturing response: https://teletv5.top/load/yayinlink.php?id=tivibu-spor-3 200 
2026-10-08 14:27:20,041 [INFO] Capturing response: https://streamsport365.com/cinema 200 
2026-10-08 14:27:52,854 [WARNING]   ❌ Tivibu Spor 3 için M3U8 bulunamadı
2026-10-08 14:27:53,855 [INFO] 
[14/14]
2026-10-08 14:27:53,855 [INFO] 🔍 Tivibu Spor 4 → https://www.atomsportv516.top/matches?id=tivibu-spor-4
2026-10-08 14:27:53,969 [INFO] Capturing request: https://www.atomsportv516.top/matches?id=tivibu-spor-4
2026-10-08 14:27:54,309 [INFO] Capturing response: https://www.atomsportv516.top/matches?id=tivibu-spor-4 200 
2026-10-08 14:27:54,320 [INFO] Capturing request: https://www.atomsportv516.top/cdn-cgi/rum?
2026-10-08 14:27:54,346 [INFO] Capturing request: https://www.atomsportv516.top/cdn-cgi/rum?
2026-10-08 14:27:54,439 [INFO] Capturing request: https://teletv5.top/load/yayinlink.php?id=tivibu-spor-4
2026-10-08 14:27:54,446 [INFO] Capturing response: https://www.atomsportv516.top/cdn-cgi/rum? 204 
2026-10-08 14:27:54,447 [INFO] Capturing request: https://www.atomsportv516.top/favicon.ico
2026-10-08 14:27:54,499 [INFO] Capturing response: https://www.atomsportv516.top/favicon.ico 200 
2026-10-08 14:27:54,507 [INFO] Capturing response: https://www.atomsportv516.top/cdn-cgi/rum? 204 
2026-10-08 14:27:54,540 [INFO] Capturing request: https://streamsport365.com/cinema
2026-10-08 14:27:54,609 [INFO] Capturing response: https://teletv5.top/load/yayinlink.php?id=tivibu-spor-4 200 
2026-10-08 14:27:54,793 [INFO] Capturing response: https://streamsport365.com/cinema 200 
2026-10-08 14:28:13,751 [INFO] Capturing request: https://android.clients.google.com/c2dm/register3
2026-10-08 14:28:13,808 [INFO] Capturing response: https://android.clients.google.com/c2dm/register3 301 
2026-10-08 14:28:27,603 [WARNING]   ❌ Tivibu Spor 4 için M3U8 bulunamadı
2026-10-08 14:28:28,678 [INFO] ✅ 10 kanal bulundu, playlist.m3u kaydedildi
