2026-08-15 05:52:38,651 [INFO] 🌐 BASE_URL: https://www.atomsportv512.top
2026-08-15 05:52:39,667 [INFO] Başlanıyor... 14 kanal taranacak
2026-08-15 05:52:39,668 [INFO] Using default request storage
2026-08-15 05:52:39,671 [INFO] Created proxy listening on 127.0.0.1:37459
2026-08-15 05:52:40,288 [INFO] Capturing request: http://clients2.google.com/time/1/current?cup2key=10:wKqhc7iJHV_uxQ3TXkkQo1d8Pf-hOqX_QPyHlj-WpHg&cup2hreq=e3b0c44298fc1c149afbf4c8996fb92427ae41e4649b934ca495991b7852b855
2026-08-15 05:52:40,385 [INFO] Capturing response: http://clients2.google.com/time/1/current?cup2key=10:wKqhc7iJHV_uxQ3TXkkQo1d8Pf-hOqX_QPyHlj-WpHg&cup2hreq=e3b0c44298fc1c149afbf4c8996fb92427ae41e4649b934ca495991b7852b855 200 OK
2026-08-15 05:52:40,478 [INFO] 
[1/14]
2026-08-15 05:52:40,478 [INFO] 🔍 beIN Sports 1 → https://www.atomsportv512.top/matches?id=bein-sports-1
2026-08-15 05:52:40,586 [INFO] Capturing request: https://update.googleapis.com/service/update2/json?cup2key=16:I5qIQ-VnvdmJVd8TgZdBUCK-TzdAFzMQIEspMaoUxVw&cup2hreq=0a5ef34b390e8a4e8c5d4cddde508c5c4e8c2d2d85b82d0449788b856961361b
2026-08-15 05:52:40,590 [INFO] Capturing request: https://accounts.google.com/ListAccounts?gpsia=1&source=ChromiumBrowser&json=standard&laf=b64bin
2026-08-15 05:52:40,661 [INFO] Capturing response: https://update.googleapis.com/service/update2/json?cup2key=16:I5qIQ-VnvdmJVd8TgZdBUCK-TzdAFzMQIEspMaoUxVw&cup2hreq=0a5ef34b390e8a4e8c5d4cddde508c5c4e8c2d2d85b82d0449788b856961361b 200 
2026-08-15 05:52:40,664 [INFO] Capturing response: https://accounts.google.com/ListAccounts?gpsia=1&source=ChromiumBrowser&json=standard&laf=b64bin 200 
2026-08-15 05:52:40,677 [INFO] Capturing request: https://www.atomsportv512.top/matches?id=bein-sports-1
2026-08-15 05:52:40,678 [INFO] Capturing request: https://www.google.com/async/folae?async=_fmt:pb&udm=50&client_locale=en-US&client_country=ZZ
2026-08-15 05:52:40,711 [INFO] Capturing response: https://www.google.com/async/folae?async=_fmt:pb&udm=50&client_locale=en-US&client_country=ZZ 200 
2026-08-15 05:52:40,711 [INFO] Capturing request: https://update.googleapis.com/service/update2/json?cup2key=16:c_QbbfGIFET7Q6tUWzJg08DiQZ2dHXMVfDvgia1x9SQ&cup2hreq=db6580dd6422404a80fa89ebf91a8dfac262d9985e84d1e1abdcc3d8c76f165e
2026-08-15 05:52:40,779 [INFO] Capturing response: https://update.googleapis.com/service/update2/json?cup2key=16:c_QbbfGIFET7Q6tUWzJg08DiQZ2dHXMVfDvgia1x9SQ&cup2hreq=db6580dd6422404a80fa89ebf91a8dfac262d9985e84d1e1abdcc3d8c76f165e 200 
2026-08-15 05:52:40,826 [INFO] Capturing request: https://update.googleapis.com/service/update2/json?cup2key=16:wK1qLwP0-0GYyPoDK72Jfz_GTrzVLss8vWCEpwQhYvU&cup2hreq=e6648d60aa6ecce81e47bca9748261c4817a3c5cf9d029d081edea97f2107c80
2026-08-15 05:52:40,891 [INFO] Capturing response: https://update.googleapis.com/service/update2/json?cup2key=16:wK1qLwP0-0GYyPoDK72Jfz_GTrzVLss8vWCEpwQhYvU&cup2hreq=e6648d60aa6ecce81e47bca9748261c4817a3c5cf9d029d081edea97f2107c80 200 
2026-08-15 05:52:40,910 [INFO] Capturing request: https://www.google.com/async/folae?async=_fmt:pb&udm=50&client_locale=en-US&client_country=ZZ
2026-08-15 05:52:40,930 [INFO] Capturing response: https://www.atomsportv512.top/matches?id=bein-sports-1 200 
2026-08-15 05:52:40,942 [INFO] Capturing response: https://www.google.com/async/folae?async=_fmt:pb&udm=50&client_locale=en-US&client_country=ZZ 200 
2026-08-15 05:52:41,151 [INFO] Capturing request: https://cdn.jsdelivr.net/npm/@clappr/player@0.11.16/dist/clappr.min.js
2026-08-15 05:52:41,177 [INFO] Capturing request: https://cdn.jsdelivr.net/npm/level-selector/dist/level-selector.min.js
2026-08-15 05:52:41,179 [INFO] Capturing request: https://cdn.jsdelivr.net/npm/@clappr/hlsjs-playback@1.8.3/dist/hlsjs-playback.min.js
2026-08-15 05:52:41,220 [INFO] Capturing response: https://cdn.jsdelivr.net/npm/level-selector/dist/level-selector.min.js 200 
2026-08-15 05:52:41,264 [INFO] Capturing response: https://cdn.jsdelivr.net/npm/@clappr/player@0.11.16/dist/clappr.min.js 200 
2026-08-15 05:52:41,275 [INFO] Capturing response: https://cdn.jsdelivr.net/npm/@clappr/hlsjs-playback@1.8.3/dist/hlsjs-playback.min.js 200 
2026-08-15 05:52:41,461 [INFO] Capturing request: https://www.atomsportv512.top/favicon.ico
2026-08-15 05:52:41,603 [INFO] Capturing response: https://www.atomsportv512.top/favicon.ico 200 
2026-08-15 05:52:41,616 [INFO] Capturing request: https://teletv5.top/load/yayinlink.php?id=bein-sports-1
2026-08-15 05:52:42,030 [INFO] Capturing response: https://teletv5.top/load/yayinlink.php?id=bein-sports-1 200 
2026-08-15 05:52:42,077 [INFO] Capturing request: https://streamsport365.com/cinema
2026-08-15 05:52:42,371 [INFO] Capturing response: https://streamsport365.com/cinema 200 
2026-08-15 05:52:42,498 [INFO] Capturing request: https://www.atomsportv512.top/assets/img/player/player_logo_6a72b29dbcd89.png
2026-08-15 05:52:42,555 [INFO] Capturing response: https://www.atomsportv512.top/assets/img/player/player_logo_6a72b29dbcd89.png 200 
2026-08-15 05:52:42,589 [INFO] Capturing request: https://corestream.siteyaptim.live//beintv/tracks-v1a1/mono.m3u8
2026-08-15 05:52:42,796 [INFO] Capturing response: https://corestream.siteyaptim.live//beintv/tracks-v1a1/mono.m3u8 404 
2026-08-15 05:52:43,319 [INFO] Capturing request: https://android.clients.google.com/checkin
2026-08-15 05:52:43,415 [INFO] Capturing response: https://android.clients.google.com/checkin 200 
2026-08-15 05:52:43,464 [INFO] Capturing request: https://android.clients.google.com/c2dm/register3
2026-08-15 05:52:43,466 [INFO] Capturing request: https://android.clients.google.com/c2dm/register3
2026-08-15 05:52:43,467 [INFO] Capturing request: https://android.clients.google.com/c2dm/register3
2026-08-15 05:52:43,524 [INFO] Capturing response: https://android.clients.google.com/c2dm/register3 301 
2026-08-15 05:52:43,534 [INFO] Capturing response: https://android.clients.google.com/c2dm/register3 200 
2026-08-15 05:52:43,537 [INFO] Capturing response: https://android.clients.google.com/c2dm/register3 200 
2026-08-15 05:52:44,373 [INFO]   ✅ M3U8 bulundu: https://corestream.siteyaptim.live//beintv/tracks-v1a1/mono.m3u8
2026-08-15 05:52:44,959 [INFO] Capturing request: https://corestream.siteyaptim.live//beintv/tracks-v1a1/mono.m3u8
2026-08-15 05:52:45,117 [INFO] Capturing response: https://corestream.siteyaptim.live//beintv/tracks-v1a1/mono.m3u8 404 
2026-08-15 05:52:45,374 [INFO] 
[2/14]
2026-08-15 05:52:45,374 [INFO] 🔍 beIN Sports 2 → https://www.atomsportv512.top/matches?id=bein-sports-2
2026-08-15 05:52:45,484 [INFO] Capturing request: https://www.atomsportv512.top/matches?id=bein-sports-2
2026-08-15 05:52:45,715 [INFO] Capturing response: https://www.atomsportv512.top/matches?id=bein-sports-2 200 
2026-08-15 05:52:45,762 [INFO] Capturing request: https://streamsport365.com/cinema
2026-08-15 05:52:45,862 [INFO] Capturing request: https://teletv5.top/load/yayinlink.php?id=bein-sports-2
2026-08-15 05:52:45,863 [INFO] Capturing request: https://www.atomsportv512.top/favicon.ico
2026-08-15 05:52:45,908 [INFO] Capturing response: https://www.atomsportv512.top/favicon.ico 200 
2026-08-15 05:52:46,039 [INFO] Capturing response: https://teletv5.top/load/yayinlink.php?id=bein-sports-2 200 
2026-08-15 05:52:46,063 [INFO] Capturing response: https://streamsport365.com/cinema 200 
2026-08-15 05:52:46,172 [INFO] Capturing request: https://www.atomsportv512.top/assets/img/player/player_logo_6a72b29dbcd89.png
2026-08-15 05:52:46,180 [INFO] Capturing request: https://corestream.siteyaptim.live//bein2/tracks-v1a1/mono.m3u8
2026-08-15 05:52:46,301 [INFO] Capturing response: https://www.atomsportv512.top/assets/img/player/player_logo_6a72b29dbcd89.png 304 
2026-08-15 05:52:46,341 [INFO] Capturing response: https://corestream.siteyaptim.live//bein2/tracks-v1a1/mono.m3u8 200 
2026-08-15 05:52:46,533 [INFO] Capturing request: https://global.siteyaptim.live/bein2/tracks-v1a1/2026/08/15/05/52/14-10000.jpg
2026-08-15 05:52:47,663 [INFO] Capturing response: https://global.siteyaptim.live/bein2/tracks-v1a1/2026/08/15/05/52/14-10000.jpg 200 
2026-08-15 05:52:47,945 [INFO] Capturing request: https://global.siteyaptim.live/bein2/tracks-v1a1/2026/08/15/05/52/24-01281.jpg
2026-08-15 05:52:48,219 [INFO] Capturing response: https://global.siteyaptim.live/bein2/tracks-v1a1/2026/08/15/05/52/24-01281.jpg 200 
2026-08-15 05:52:48,349 [INFO] Capturing request: https://global.siteyaptim.live/bein2/tracks-v1a1/2026/08/15/05/52/25-10000.jpg
2026-08-15 05:52:48,776 [INFO]   ✅ M3U8 bulundu: https://corestream.siteyaptim.live//bein2/tracks-v1a1/mono.m3u8
2026-08-15 05:52:49,364 [INFO] Capturing response: https://global.siteyaptim.live/bein2/tracks-v1a1/2026/08/15/05/52/25-10000.jpg 200 
2026-08-15 05:52:49,634 [INFO] Capturing request: https://global.siteyaptim.live/bein2/tracks-v1a1/2026/08/15/05/52/35-10000.jpg
2026-08-15 05:52:49,777 [INFO] 
[3/14]
2026-08-15 05:52:49,777 [INFO] 🔍 beIN Sports 3 → https://www.atomsportv512.top/matches?id=bein-sports-3
2026-08-15 05:52:49,886 [INFO] Capturing request: https://www.atomsportv512.top/matches?id=bein-sports-3
2026-08-15 05:52:50,116 [INFO] Capturing response: https://www.atomsportv512.top/matches?id=bein-sports-3 200 
2026-08-15 05:52:50,248 [INFO] Capturing request: https://www.atomsportv512.top/favicon.ico
2026-08-15 05:52:50,250 [INFO] Capturing request: https://teletv5.top/load/yayinlink.php?id=bein-sports-3
2026-08-15 05:52:50,303 [INFO] Capturing response: https://www.atomsportv512.top/favicon.ico 200 
2026-08-15 05:52:50,375 [INFO] Capturing request: https://streamsport365.com/cinema
2026-08-15 05:52:50,437 [INFO] Capturing response: https://teletv5.top/load/yayinlink.php?id=bein-sports-3 200 
2026-08-15 05:52:50,667 [INFO] Capturing response: https://global.siteyaptim.live/bein2/tracks-v1a1/2026/08/15/05/52/35-10000.jpg 200 
2026-08-15 05:52:50,690 [INFO] Capturing response: https://streamsport365.com/cinema 200 
2026-08-15 05:52:50,803 [INFO] Capturing request: https://www.atomsportv512.top/assets/img/player/player_logo_6a72b29dbcd89.png
2026-08-15 05:52:50,813 [INFO] Capturing request: https://corestream.siteyaptim.live//bein3/tracks-v1a1/mono.m3u8
2026-08-15 05:52:50,935 [INFO] Capturing response: https://www.atomsportv512.top/assets/img/player/player_logo_6a72b29dbcd89.png 304 
2026-08-15 05:52:50,973 [INFO] Capturing response: https://corestream.siteyaptim.live//bein3/tracks-v1a1/mono.m3u8 200 
2026-08-15 05:52:51,082 [INFO] Capturing request: https://global.siteyaptim.live/bein3/tracks-v1a1/2026/08/15/05/52/21-10000.jpg
2026-08-15 05:52:51,503 [INFO] Capturing response: https://global.siteyaptim.live/bein3/tracks-v1a1/2026/08/15/05/52/21-10000.jpg 200 
2026-08-15 05:52:51,701 [INFO] Capturing request: https://global.siteyaptim.live/bein3/tracks-v1a1/2026/08/15/05/52/31-10000.jpg
2026-08-15 05:52:52,280 [INFO] Capturing response: https://global.siteyaptim.live/bein3/tracks-v1a1/2026/08/15/05/52/31-10000.jpg 200 
2026-08-15 05:52:52,495 [INFO] Capturing request: https://global.siteyaptim.live/bein3/tracks-v1a1/2026/08/15/05/52/41-10000.jpg
2026-08-15 05:52:53,100 [INFO] Capturing response: https://global.siteyaptim.live/bein3/tracks-v1a1/2026/08/15/05/52/41-10000.jpg 200 
2026-08-15 05:52:53,174 [INFO]   ✅ M3U8 bulundu: https://corestream.siteyaptim.live//bein3/tracks-v1a1/mono.m3u8
2026-08-15 05:52:54,174 [INFO] 
[4/14]
2026-08-15 05:52:54,174 [INFO] 🔍 beIN Sports 4 → https://www.atomsportv512.top/matches?id=bein-sports-4
2026-08-15 05:52:54,282 [INFO] Capturing request: https://www.atomsportv512.top/matches?id=bein-sports-4
2026-08-15 05:52:54,513 [INFO] Capturing response: https://www.atomsportv512.top/matches?id=bein-sports-4 200 
2026-08-15 05:52:54,542 [INFO] Capturing request: https://streamsport365.com/cinema
2026-08-15 05:52:54,641 [INFO] Capturing request: https://teletv5.top/load/yayinlink.php?id=bein-sports-4
2026-08-15 05:52:54,646 [INFO] Capturing request: https://www.atomsportv512.top/favicon.ico
2026-08-15 05:52:54,694 [INFO] Capturing response: https://www.atomsportv512.top/favicon.ico 200 
2026-08-15 05:52:54,820 [INFO] Capturing response: https://teletv5.top/load/yayinlink.php?id=bein-sports-4 200 
2026-08-15 05:52:54,848 [INFO] Capturing response: https://streamsport365.com/cinema 200 
2026-08-15 05:52:54,971 [INFO] Capturing request: https://www.atomsportv512.top/assets/img/player/player_logo_6a72b29dbcd89.png
2026-08-15 05:52:54,979 [INFO] Capturing request: https://corestream.siteyaptim.live//bein4/tracks-v1a1/mono.m3u8
2026-08-15 05:52:55,096 [INFO] Capturing response: https://www.atomsportv512.top/assets/img/player/player_logo_6a72b29dbcd89.png 304 
2026-08-15 05:52:55,152 [INFO] Capturing response: https://corestream.siteyaptim.live//bein4/tracks-v1a1/mono.m3u8 404 
2026-08-15 05:52:57,310 [INFO] Capturing request: https://corestream.siteyaptim.live//bein4/tracks-v1a1/mono.m3u8
2026-08-15 05:52:57,458 [INFO] Capturing response: https://corestream.siteyaptim.live//bein4/tracks-v1a1/mono.m3u8 404 
2026-08-15 05:52:57,554 [INFO]   ✅ M3U8 bulundu: https://corestream.siteyaptim.live//bein4/tracks-v1a1/mono.m3u8
2026-08-15 05:52:58,555 [INFO] 
[5/14]
2026-08-15 05:52:58,555 [INFO] 🔍 beIN Sports 5 → https://www.atomsportv512.top/matches?id=bein-sports-5
2026-08-15 05:52:58,662 [INFO] Capturing request: https://www.atomsportv512.top/matches?id=bein-sports-5
2026-08-15 05:52:59,168 [INFO] Capturing response: https://www.atomsportv512.top/matches?id=bein-sports-5 200 
2026-08-15 05:52:59,289 [INFO] Capturing request: https://teletv5.top/load/yayinlink.php?id=bein-sports-5
2026-08-15 05:52:59,294 [INFO] Capturing request: https://www.atomsportv512.top/favicon.ico
2026-08-15 05:52:59,341 [INFO] Capturing response: https://www.atomsportv512.top/favicon.ico 200 
2026-08-15 05:52:59,420 [INFO] Capturing request: https://streamsport365.com/cinema
2026-08-15 05:52:59,652 [INFO] Capturing response: https://teletv5.top/load/yayinlink.php?id=bein-sports-5 200 
2026-08-15 05:52:59,721 [INFO] Capturing response: https://streamsport365.com/cinema 200 
2026-08-15 05:52:59,830 [INFO] Capturing request: https://www.atomsportv512.top/assets/img/player/player_logo_6a72b29dbcd89.png
2026-08-15 05:52:59,840 [INFO] Capturing request: https://corestream.siteyaptim.live//bein5/tracks-v1a1/mono.m3u8
2026-08-15 05:52:59,960 [INFO] Capturing response: https://www.atomsportv512.top/assets/img/player/player_logo_6a72b29dbcd89.png 304 
2026-08-15 05:52:59,998 [INFO] Capturing response: https://corestream.siteyaptim.live//bein5/tracks-v1a1/mono.m3u8 200 
2026-08-15 05:53:00,147 [INFO] Capturing request: https://global.siteyaptim.live/bein5/tracks-v1a1/2026/08/15/05/52/49-06120.jpg
2026-08-15 05:53:01,024 [INFO] Capturing response: https://global.siteyaptim.live/bein5/tracks-v1a1/2026/08/15/05/52/49-06120.jpg 200 
2026-08-15 05:53:01,281 [INFO] Capturing request: https://global.siteyaptim.live/bein5/tracks-v1a1/2026/08/15/05/52/55-05080.jpg
2026-08-15 05:53:02,028 [INFO] Capturing response: https://global.siteyaptim.live/bein5/tracks-v1a1/2026/08/15/05/52/55-05080.jpg 200 
2026-08-15 05:53:02,213 [INFO]   ✅ M3U8 bulundu: https://corestream.siteyaptim.live//bein5/tracks-v1a1/mono.m3u8
2026-08-15 05:53:02,256 [INFO] Capturing request: https://global.siteyaptim.live/bein5/tracks-v1a1/2026/08/15/05/53/00-09480.jpg
2026-08-15 05:53:03,213 [INFO] 
[6/14]
2026-08-15 05:53:03,214 [INFO] 🔍 beIN Sports Max 1 → https://www.atomsportv512.top/matches?id=bein-sports-max-1
2026-08-15 05:53:03,321 [INFO] Capturing request: https://www.atomsportv512.top/matches?id=bein-sports-max-1
2026-08-15 05:53:03,518 [INFO] Capturing response: https://global.siteyaptim.live/bein5/tracks-v1a1/2026/08/15/05/53/00-09480.jpg 200 
2026-08-15 05:53:03,552 [INFO] Capturing response: https://www.atomsportv512.top/matches?id=bein-sports-max-1 200 
2026-08-15 05:53:03,592 [INFO] Capturing request: https://streamsport365.com/cinema
2026-08-15 05:53:03,694 [INFO] Capturing request: https://www.atomsportv512.top/favicon.ico
2026-08-15 05:53:03,694 [INFO] Capturing request: https://teletv5.top/load/yayinlink.php?id=bein-sports-max-1
2026-08-15 05:53:03,760 [INFO] Capturing response: https://www.atomsportv512.top/favicon.ico 200 
2026-08-15 05:53:03,873 [INFO] Capturing response: https://teletv5.top/load/yayinlink.php?id=bein-sports-max-1 200 
2026-08-15 05:53:03,899 [INFO] Capturing response: https://streamsport365.com/cinema 200 
2026-08-15 05:53:04,024 [INFO] Capturing request: https://www.atomsportv512.top/assets/img/player/player_logo_6a72b29dbcd89.png
2026-08-15 05:53:04,033 [INFO] Capturing request: https://corestream.siteyaptim.live//beinmax1/tracks-v1a1/mono.m3u8
2026-08-15 05:53:04,149 [INFO] Capturing response: https://www.atomsportv512.top/assets/img/player/player_logo_6a72b29dbcd89.png 304 
2026-08-15 05:53:04,213 [INFO] Capturing response: https://corestream.siteyaptim.live//beinmax1/tracks-v1a1/mono.m3u8 404 
2026-08-15 05:53:05,134 [INFO] Capturing request: https://android.clients.google.com/c2dm/register3
2026-08-15 05:53:05,603 [INFO] Capturing response: https://android.clients.google.com/c2dm/register3 200 
2026-08-15 05:53:06,330 [INFO] Capturing request: https://corestream.siteyaptim.live//beinmax1/tracks-v1a1/mono.m3u8
2026-08-15 05:53:06,488 [INFO] Capturing response: https://corestream.siteyaptim.live//beinmax1/tracks-v1a1/mono.m3u8 404 
2026-08-15 05:53:06,601 [INFO]   ✅ M3U8 bulundu: https://corestream.siteyaptim.live//beinmax1/tracks-v1a1/mono.m3u8
2026-08-15 05:53:07,602 [INFO] 
[7/14]
2026-08-15 05:53:07,602 [INFO] 🔍 beIN Sports Max 2 → https://www.atomsportv512.top/matches?id=bein-sports-max-2
2026-08-15 05:53:07,709 [INFO] Capturing request: https://www.atomsportv512.top/matches?id=bein-sports-max-2
2026-08-15 05:53:07,955 [INFO] Capturing response: https://www.atomsportv512.top/matches?id=bein-sports-max-2 200 
2026-08-15 05:53:08,081 [INFO] Capturing request: https://teletv5.top/load/yayinlink.php?id=bein-sports-max-2
2026-08-15 05:53:08,083 [INFO] Capturing request: https://www.atomsportv512.top/favicon.ico
2026-08-15 05:53:08,143 [INFO] Capturing response: https://www.atomsportv512.top/favicon.ico 200 
2026-08-15 05:53:08,207 [INFO] Capturing request: https://streamsport365.com/cinema
2026-08-15 05:53:08,259 [INFO] Capturing response: https://teletv5.top/load/yayinlink.php?id=bein-sports-max-2 200 
2026-08-15 05:53:08,512 [INFO] Capturing response: https://streamsport365.com/cinema 200 
2026-08-15 05:53:08,621 [INFO] Capturing request: https://www.atomsportv512.top/assets/img/player/player_logo_6a72b29dbcd89.png
2026-08-15 05:53:08,630 [INFO] Capturing request: https://corestream.siteyaptim.live//hls/s-sport.m3u8
2026-08-15 05:53:08,782 [INFO] Capturing request: https://android.clients.google.com/c2dm/register3
2026-08-15 05:53:08,790 [INFO] Capturing response: https://corestream.siteyaptim.live//hls/s-sport.m3u8 404 
2026-08-15 05:53:08,948 [INFO] Capturing response: https://www.atomsportv512.top/assets/img/player/player_logo_6a72b29dbcd89.png 304 
2026-08-15 05:53:09,173 [INFO] Capturing response: https://android.clients.google.com/c2dm/register3 200 
2026-08-15 05:53:10,908 [INFO] Capturing request: https://corestream.siteyaptim.live//hls/s-sport.m3u8
2026-08-15 05:53:10,994 [INFO]   ✅ M3U8 bulundu: https://corestream.siteyaptim.live//hls/s-sport.m3u8
2026-08-15 05:53:11,066 [INFO] Capturing response: https://corestream.siteyaptim.live//hls/s-sport.m3u8 404 
2026-08-15 05:53:11,994 [INFO] 
[8/14]
2026-08-15 05:53:11,994 [INFO] 🔍 S Sport → https://www.atomsportv512.top/matches?id=s-sport
2026-08-15 05:53:12,101 [INFO] Capturing request: https://www.atomsportv512.top/matches?id=s-sport
2026-08-15 05:53:12,345 [INFO] Capturing response: https://www.atomsportv512.top/matches?id=s-sport 200 
2026-08-15 05:53:12,377 [INFO] Capturing request: https://streamsport365.com/cinema
2026-08-15 05:53:12,478 [INFO] Capturing request: https://teletv5.top/load/yayinlink.php?id=s-sport
2026-08-15 05:53:12,478 [INFO] Capturing request: https://www.atomsportv512.top/favicon.ico
2026-08-15 05:53:12,530 [INFO] Capturing response: https://www.atomsportv512.top/favicon.ico 200 
2026-08-15 05:53:12,656 [INFO] Capturing response: https://teletv5.top/load/yayinlink.php?id=s-sport 200 
2026-08-15 05:53:12,684 [INFO] Capturing response: https://streamsport365.com/cinema 200 
2026-08-15 05:53:12,807 [INFO] Capturing request: https://www.atomsportv512.top/assets/img/player/player_logo_6a72b29dbcd89.png
2026-08-15 05:53:12,815 [INFO] Capturing request: https://corestream.siteyaptim.live//s-sport/tracks-v1a1/mono.m3u8
2026-08-15 05:53:12,932 [INFO] Capturing response: https://www.atomsportv512.top/assets/img/player/player_logo_6a72b29dbcd89.png 304 
2026-08-15 05:53:12,968 [INFO] Capturing response: https://corestream.siteyaptim.live//s-sport/tracks-v1a1/mono.m3u8 200 
2026-08-15 05:53:13,116 [INFO] Capturing request: https://global.siteyaptim.live/s-sport/tracks-v1a1/2026/08/15/05/54/33-05000.jpg
2026-08-15 05:53:13,507 [INFO] Capturing request: https://android.clients.google.com/c2dm/register3
2026-08-15 05:53:13,566 [INFO] Capturing response: https://android.clients.google.com/c2dm/register3 301 
2026-08-15 05:53:13,786 [INFO] Capturing response: https://global.siteyaptim.live/s-sport/tracks-v1a1/2026/08/15/05/54/33-05000.jpg 200 
2026-08-15 05:53:13,993 [INFO] Capturing request: https://global.siteyaptim.live/s-sport/tracks-v1a1/2026/08/15/05/54/38-05000.jpg
2026-08-15 05:53:14,464 [INFO] Capturing response: https://global.siteyaptim.live/s-sport/tracks-v1a1/2026/08/15/05/54/38-05000.jpg 200 
2026-08-15 05:53:14,655 [INFO] Capturing request: https://global.siteyaptim.live/s-sport/tracks-v1a1/2026/08/15/05/54/43-05000.jpg
2026-08-15 05:53:15,188 [INFO] Capturing response: https://global.siteyaptim.live/s-sport/tracks-v1a1/2026/08/15/05/54/43-05000.jpg 200 
2026-08-15 05:53:15,394 [INFO]   ✅ M3U8 bulundu: https://corestream.siteyaptim.live//s-sport/tracks-v1a1/mono.m3u8
2026-08-15 05:53:16,394 [INFO] 
[9/14]
2026-08-15 05:53:16,394 [INFO] 🔍 S Sport 2 → https://www.atomsportv512.top/matches?id=s-sport-2
2026-08-15 05:53:16,502 [INFO] Capturing request: https://www.atomsportv512.top/matches?id=s-sport-2
2026-08-15 05:53:16,738 [INFO] Capturing response: https://www.atomsportv512.top/matches?id=s-sport-2 200 
2026-08-15 05:53:16,867 [INFO] Capturing request: https://teletv5.top/load/yayinlink.php?id=s-sport-2
2026-08-15 05:53:16,868 [INFO] Capturing request: https://www.atomsportv512.top/favicon.ico
2026-08-15 05:53:16,911 [INFO] Capturing response: https://www.atomsportv512.top/favicon.ico 200 
2026-08-15 05:53:16,993 [INFO] Capturing request: https://streamsport365.com/cinema
2026-08-15 05:53:17,056 [INFO] Capturing response: https://teletv5.top/load/yayinlink.php?id=s-sport-2 200 
2026-08-15 05:53:17,300 [INFO] Capturing response: https://streamsport365.com/cinema 200 
2026-08-15 05:53:17,410 [INFO] Capturing request: https://www.atomsportv512.top/assets/img/player/player_logo_6a72b29dbcd89.png
2026-08-15 05:53:17,418 [INFO] Capturing request: https://corestream.siteyaptim.live//s-sport2/tracks-v1a1/mono.m3u8
2026-08-15 05:53:17,535 [INFO] Capturing response: https://www.atomsportv512.top/assets/img/player/player_logo_6a72b29dbcd89.png 304 
2026-08-15 05:53:17,581 [INFO] Capturing response: https://corestream.siteyaptim.live//s-sport2/tracks-v1a1/mono.m3u8 200 
2026-08-15 05:53:17,691 [INFO] Capturing request: https://global.siteyaptim.live/s-sport2/tracks-v1a1/2026/08/15/05/52/49-10000.jpg
2026-08-15 05:53:18,591 [INFO] Capturing response: https://global.siteyaptim.live/s-sport2/tracks-v1a1/2026/08/15/05/52/49-10000.jpg 200 
2026-08-15 05:53:18,838 [INFO] Capturing request: https://global.siteyaptim.live/s-sport2/tracks-v1a1/2026/08/15/05/52/59-10000.jpg
2026-08-15 05:53:19,660 [INFO] Capturing response: https://global.siteyaptim.live/s-sport2/tracks-v1a1/2026/08/15/05/52/59-10000.jpg 200 
2026-08-15 05:53:19,781 [INFO]   ✅ M3U8 bulundu: https://corestream.siteyaptim.live//s-sport2/tracks-v1a1/mono.m3u8
2026-08-15 05:53:19,901 [INFO] Capturing request: https://global.siteyaptim.live/s-sport2/tracks-v1a1/2026/08/15/05/53/09-10000.jpg
2026-08-15 05:53:20,565 [INFO] Capturing response: https://global.siteyaptim.live/s-sport2/tracks-v1a1/2026/08/15/05/53/09-10000.jpg 200 
2026-08-15 05:53:20,781 [INFO] 
[10/14]
2026-08-15 05:53:20,781 [INFO] 🔍 A Spor → https://www.atomsportv512.top/matches?id=a-spor
2026-08-15 05:53:20,891 [INFO] Capturing request: https://www.atomsportv512.top/matches?id=a-spor
2026-08-15 05:53:21,125 [INFO] Capturing response: https://www.atomsportv512.top/matches?id=a-spor 200 
2026-08-15 05:53:21,154 [INFO] Capturing request: https://streamsport365.com/cinema
2026-08-15 05:53:21,251 [INFO] Capturing request: https://teletv5.top/load/yayinlink.php?id=a-spor
2026-08-15 05:53:21,254 [INFO] Capturing request: https://www.atomsportv512.top/favicon.ico
2026-08-15 05:53:21,307 [INFO] Capturing response: https://www.atomsportv512.top/favicon.ico 200 
2026-08-15 05:53:21,436 [INFO] Capturing response: https://teletv5.top/load/yayinlink.php?id=a-spor 200 
2026-08-15 05:53:21,466 [INFO] Capturing response: https://streamsport365.com/cinema 200 
2026-08-15 05:53:21,587 [INFO] Capturing request: https://www.atomsportv512.top/assets/img/player/player_logo_6a72b29dbcd89.png
2026-08-15 05:53:21,595 [INFO] Capturing request: https://corestream.siteyaptim.live//aspor/tracks-v1a1/mono.m3u8
2026-08-15 05:53:21,714 [INFO] Capturing response: https://www.atomsportv512.top/assets/img/player/player_logo_6a72b29dbcd89.png 304 
2026-08-15 05:53:21,765 [INFO] Capturing response: https://corestream.siteyaptim.live//aspor/tracks-v1a1/mono.m3u8 200 
2026-08-15 05:53:21,914 [INFO] Capturing request: https://global.siteyaptim.live/aspor/tracks-v1a1/2026/08/15/05/52/50-10000.jpg
2026-08-15 05:53:22,895 [INFO] Capturing response: https://global.siteyaptim.live/aspor/tracks-v1a1/2026/08/15/05/52/50-10000.jpg 200 
2026-08-15 05:53:23,164 [INFO] Capturing request: https://global.siteyaptim.live/aspor/tracks-v1a1/2026/08/15/05/53/00-10000.jpg
2026-08-15 05:53:24,170 [INFO]   ✅ M3U8 bulundu: https://corestream.siteyaptim.live//aspor/tracks-v1a1/mono.m3u8
2026-08-15 05:53:24,281 [INFO] Capturing response: https://global.siteyaptim.live/aspor/tracks-v1a1/2026/08/15/05/53/00-10000.jpg 200 
2026-08-15 05:53:24,539 [INFO] Capturing request: https://global.siteyaptim.live/aspor/tracks-v1a1/2026/08/15/05/53/10-10000.jpg
2026-08-15 05:53:25,171 [INFO] 
[11/14]
2026-08-15 05:53:25,171 [INFO] 🔍 Tivibu Spor 1 → https://www.atomsportv512.top/matches?id=tivibu-spor-1
2026-08-15 05:53:25,278 [INFO] Capturing request: https://www.atomsportv512.top/matches?id=tivibu-spor-1
2026-08-15 05:53:25,514 [INFO] Capturing response: https://www.atomsportv512.top/matches?id=tivibu-spor-1 200 
2026-08-15 05:53:25,595 [INFO] Capturing response: https://global.siteyaptim.live/aspor/tracks-v1a1/2026/08/15/05/53/10-10000.jpg 200 
2026-08-15 05:53:25,648 [INFO] Capturing request: https://teletv5.top/load/yayinlink.php?id=tivibu-spor-1
2026-08-15 05:53:25,654 [INFO] Capturing request: https://www.atomsportv512.top/favicon.ico
2026-08-15 05:53:25,657 [INFO] 127.0.0.1:39056: ProtocolException("Error in HTTP connection: Http2ZombieException('Connection or stream already dead: 1786773205.6565275, False')")
2026-08-15 05:53:25,707 [INFO] Capturing response: https://www.atomsportv512.top/favicon.ico 200 
2026-08-15 05:53:25,778 [INFO] Capturing request: https://streamsport365.com/cinema
2026-08-15 05:53:25,829 [INFO] Capturing response: https://teletv5.top/load/yayinlink.php?id=tivibu-spor-1 200 
2026-08-15 05:53:26,083 [INFO] Capturing response: https://streamsport365.com/cinema 200 
2026-08-15 05:53:40,293 [INFO] Capturing request: https://update.googleapis.com/service/update2/json?cup2key=16:1eE16SqeRZyukYWQbcRz1PtobXvE1ZMW-GkJKfeSGhM&cup2hreq=c3b1d96b2e9ec8cbc95d28bb6daed7cf8093d527dca38d1aa5cfb671a3d4b38e
2026-08-15 05:53:40,361 [INFO] Capturing response: https://update.googleapis.com/service/update2/json?cup2key=16:1eE16SqeRZyukYWQbcRz1PtobXvE1ZMW-GkJKfeSGhM&cup2hreq=c3b1d96b2e9ec8cbc95d28bb6daed7cf8093d527dca38d1aa5cfb671a3d4b38e 200 
2026-08-15 05:53:40,367 [INFO] Capturing request: http://edgedl.me.gvt1.com/edgedl/diffgen-puffin/gcmjkmgdlgnkkcocmoeiminaijmmjnii/6ca5bdb9f3e2cd83b7e359729bc6c33c4fe975ec499861d969b3e080320849ff
2026-08-15 05:53:40,465 [INFO] Capturing response: http://edgedl.me.gvt1.com/edgedl/diffgen-puffin/gcmjkmgdlgnkkcocmoeiminaijmmjnii/6ca5bdb9f3e2cd83b7e359729bc6c33c4fe975ec499861d969b3e080320849ff 200 OK
2026-08-15 05:53:40,486 [INFO] Capturing request: https://update.googleapis.com/service/update2/json
2026-08-15 05:53:40,552 [INFO] Capturing response: https://update.googleapis.com/service/update2/json 200 
2026-08-15 05:53:40,596 [INFO] Capturing request: http://edgedl.me.gvt1.com/edgedl/release2/chrome_component/htidue532nggj2exjn6cgbxxu4_10715/hfnkpimlhhgieaddgfemjhofmfblmnib_10715_all_bnc6f7owvr4xmoyiuqukecf7d4.crx3
2026-08-15 05:53:40,731 [INFO] Capturing response: http://edgedl.me.gvt1.com/edgedl/release2/chrome_component/htidue532nggj2exjn6cgbxxu4_10715/hfnkpimlhhgieaddgfemjhofmfblmnib_10715_all_bnc6f7owvr4xmoyiuqukecf7d4.crx3 200 OK
2026-08-15 05:53:40,755 [INFO] Capturing request: https://update.googleapis.com/service/update2/json
2026-08-15 05:53:40,795 [INFO] Capturing response: https://update.googleapis.com/service/update2/json 200 
2026-08-15 05:53:58,783 [WARNING]   ❌ Tivibu Spor 1 için M3U8 bulunamadı
2026-08-15 05:53:59,783 [INFO] 
[12/14]
2026-08-15 05:53:59,783 [INFO] 🔍 Tivibu Spor 2 → https://www.atomsportv512.top/matches?id=tivibu-spor-2
2026-08-15 05:53:59,929 [INFO] Capturing request: https://www.atomsportv512.top/matches?id=tivibu-spor-2
2026-08-15 05:54:00,341 [INFO] Capturing response: https://www.atomsportv512.top/matches?id=tivibu-spor-2 200 
2026-08-15 05:54:00,508 [INFO] Capturing request: https://www.atomsportv512.top/favicon.ico
2026-08-15 05:54:00,539 [INFO] Capturing request: https://teletv5.top/load/yayinlink.php?id=tivibu-spor-2
2026-08-15 05:54:00,567 [INFO] Capturing response: https://www.atomsportv512.top/favicon.ico 200 
2026-08-15 05:54:00,725 [INFO] Capturing response: https://teletv5.top/load/yayinlink.php?id=tivibu-spor-2 200 
2026-08-15 05:54:01,019 [INFO] Capturing request: https://streamsport365.com/cinema
2026-08-15 05:54:01,313 [INFO] Capturing response: https://streamsport365.com/cinema 200 
2026-08-15 05:54:01,807 [INFO] Capturing request: https://android.clients.google.com/c2dm/register3
2026-08-15 05:54:01,861 [INFO] Capturing response: https://android.clients.google.com/c2dm/register3 301 
2026-08-15 05:54:33,595 [WARNING]   ❌ Tivibu Spor 2 için M3U8 bulunamadı
2026-08-15 05:54:34,595 [INFO] 
[13/14]
2026-08-15 05:54:34,596 [INFO] 🔍 Tivibu Spor 3 → https://www.atomsportv512.top/matches?id=tivibu-spor-3
2026-08-15 05:54:34,704 [INFO] Capturing request: https://www.atomsportv512.top/matches?id=tivibu-spor-3
2026-08-15 05:54:35,100 [INFO] Capturing response: https://www.atomsportv512.top/matches?id=tivibu-spor-3 200 
2026-08-15 05:54:35,228 [INFO] Capturing request: https://teletv5.top/load/yayinlink.php?id=tivibu-spor-3
2026-08-15 05:54:35,231 [INFO] Capturing request: https://www.atomsportv512.top/favicon.ico
2026-08-15 05:54:35,285 [INFO] Capturing response: https://www.atomsportv512.top/favicon.ico 200 
2026-08-15 05:54:35,355 [INFO] Capturing request: https://streamsport365.com/cinema
2026-08-15 05:54:35,409 [INFO] Capturing response: https://teletv5.top/load/yayinlink.php?id=tivibu-spor-3 200 
2026-08-15 05:54:35,654 [INFO] Capturing response: https://streamsport365.com/cinema 200 
2026-08-15 05:55:08,320 [WARNING]   ❌ Tivibu Spor 3 için M3U8 bulunamadı
2026-08-15 05:55:09,320 [INFO] 
[14/14]
2026-08-15 05:55:09,321 [INFO] 🔍 Tivibu Spor 4 → https://www.atomsportv512.top/matches?id=tivibu-spor-4
2026-08-15 05:55:09,428 [INFO] Capturing request: https://www.atomsportv512.top/matches?id=tivibu-spor-4
2026-08-15 05:55:09,823 [INFO] Capturing response: https://www.atomsportv512.top/matches?id=tivibu-spor-4 200 
2026-08-15 05:55:09,955 [INFO] Capturing request: https://teletv5.top/load/yayinlink.php?id=tivibu-spor-4
2026-08-15 05:55:09,957 [INFO] Capturing request: https://www.atomsportv512.top/favicon.ico
2026-08-15 05:55:10,007 [INFO] Capturing response: https://www.atomsportv512.top/favicon.ico 200 
2026-08-15 05:55:10,079 [INFO] Capturing request: https://streamsport365.com/cinema
2026-08-15 05:55:10,136 [INFO] Capturing response: https://teletv5.top/load/yayinlink.php?id=tivibu-spor-4 200 
2026-08-15 05:55:10,390 [INFO] Capturing response: https://streamsport365.com/cinema 200 
2026-08-15 05:55:40,598 [INFO] Capturing request: https://android.clients.google.com/c2dm/register3
2026-08-15 05:55:40,663 [INFO] Capturing response: https://android.clients.google.com/c2dm/register3 301 
2026-08-15 05:55:43,046 [WARNING]   ❌ Tivibu Spor 4 için M3U8 bulunamadı
2026-08-15 05:55:44,110 [INFO] ✅ 10 kanal bulundu, playlist.m3u kaydedildi
