2026-09-30 21:16:47,142 [INFO] 🌐 BASE_URL: https://www.atomsportv515.top
2026-09-30 21:16:48,065 [INFO] Başlanıyor... 14 kanal taranacak
2026-09-30 21:16:48,065 [INFO] Using default request storage
2026-09-30 21:16:48,068 [INFO] Created proxy listening on 127.0.0.1:42507
2026-09-30 21:16:48,918 [INFO] Capturing request: http://clients2.google.com/time/1/current?cup2key=10:1fMxi-bKe9Sa8GzKjeynylR2nwM3cJc7SffgdQnZXUI&cup2hreq=e3b0c44298fc1c149afbf4c8996fb92427ae41e4649b934ca495991b7852b855
2026-09-30 21:16:48,986 [INFO] Capturing response: http://clients2.google.com/time/1/current?cup2key=10:1fMxi-bKe9Sa8GzKjeynylR2nwM3cJc7SffgdQnZXUI&cup2hreq=e3b0c44298fc1c149afbf4c8996fb92427ae41e4649b934ca495991b7852b855 200 OK
2026-09-30 21:16:49,218 [INFO] 
[1/14]
2026-09-30 21:16:49,218 [INFO] 🔍 beIN Sports 1 → https://www.atomsportv515.top/matches?id=bein-sports-1
2026-09-30 21:16:49,471 [INFO] Capturing request: https://update.googleapis.com/service/update2/json?cup2key=ML-DSA-44-16:4S_YLEn3oRjfPXIi_-9FPAzRkez0_Nv_MaTzXTnwukM&cup2hreq=c23901fa4b9e1eabaee6bcab0d6704ebb72a5607656b80e79c17e1315c5d0fb1
2026-09-30 21:16:49,543 [INFO] Capturing response: https://update.googleapis.com/service/update2/json?cup2key=ML-DSA-44-16:4S_YLEn3oRjfPXIi_-9FPAzRkez0_Nv_MaTzXTnwukM&cup2hreq=c23901fa4b9e1eabaee6bcab0d6704ebb72a5607656b80e79c17e1315c5d0fb1 200 
2026-09-30 21:16:49,587 [INFO] Capturing request: https://accounts.google.com/ListAccounts?gpsia=1&source=ChromiumBrowser&json=standard&laf=b64bin
2026-09-30 21:16:49,593 [INFO] Capturing request: https://update.googleapis.com/service/update2/json?cup2key=ML-DSA-44-16:F5ZbuciVMfy50venrhkMNAyXmQcrEr-2yOylDv21d-8&cup2hreq=5962254e30866ba0500a3f05b45b11b0ac44370ccf0b730d7b464f934494216f
2026-09-30 21:16:49,625 [INFO] Capturing response: https://accounts.google.com/ListAccounts?gpsia=1&source=ChromiumBrowser&json=standard&laf=b64bin 200 
2026-09-30 21:16:49,646 [INFO] Capturing response: https://update.googleapis.com/service/update2/json?cup2key=ML-DSA-44-16:F5ZbuciVMfy50venrhkMNAyXmQcrEr-2yOylDv21d-8&cup2hreq=5962254e30866ba0500a3f05b45b11b0ac44370ccf0b730d7b464f934494216f 200 
2026-09-30 21:16:49,693 [INFO] Capturing request: https://update.googleapis.com/service/update2/json?cup2key=ML-DSA-44-16:Q1qMQccXBqK8ewBwjdyfve2vmbmZsovmpY-vyhKex70&cup2hreq=47767b13120b1aacc980e9e07ac0918787ed1250fa82ce6474f554910c90535b
2026-09-30 21:16:49,704 [INFO] Capturing request: https://www.google.com/async/folae?async=_fmt:pb&udm=50&client_locale=en-US&client_country=ZZ
2026-09-30 21:16:49,706 [INFO] Capturing request: https://www.atomsportv515.top/matches?id=bein-sports-1
2026-09-30 21:16:49,746 [INFO] Capturing response: https://update.googleapis.com/service/update2/json?cup2key=ML-DSA-44-16:Q1qMQccXBqK8ewBwjdyfve2vmbmZsovmpY-vyhKex70&cup2hreq=47767b13120b1aacc980e9e07ac0918787ed1250fa82ce6474f554910c90535b 200 
2026-09-30 21:16:49,750 [INFO] Capturing response: https://www.google.com/async/folae?async=_fmt:pb&udm=50&client_locale=en-US&client_country=ZZ 200 
2026-09-30 21:16:49,871 [INFO] Capturing request: https://www.google.com/async/folae?async=_fmt:pb&udm=50&client_locale=en-US&client_country=ZZ
2026-09-30 21:16:49,918 [INFO] Capturing response: https://www.google.com/async/folae?async=_fmt:pb&udm=50&client_locale=en-US&client_country=ZZ 200 
2026-09-30 21:16:50,315 [INFO] Capturing response: https://www.atomsportv515.top/matches?id=bein-sports-1 200 
2026-09-30 21:16:50,567 [INFO] Capturing request: https://cdn.jsdelivr.net/npm/@clappr/player@0.11.16/dist/clappr.min.js
2026-09-30 21:16:50,575 [INFO] Capturing request: https://cdn.jsdelivr.net/npm/@clappr/hlsjs-playback@1.8.3/dist/hlsjs-playback.min.js
2026-09-30 21:16:50,576 [INFO] Capturing request: https://cdn.jsdelivr.net/npm/level-selector/dist/level-selector.min.js
2026-09-30 21:16:50,608 [INFO] Capturing response: https://cdn.jsdelivr.net/npm/level-selector/dist/level-selector.min.js 200 
2026-09-30 21:16:50,707 [INFO] Capturing response: https://cdn.jsdelivr.net/npm/@clappr/player@0.11.16/dist/clappr.min.js 200 
2026-09-30 21:16:50,717 [INFO] Capturing response: https://cdn.jsdelivr.net/npm/@clappr/hlsjs-playback@1.8.3/dist/hlsjs-playback.min.js 200 
2026-09-30 21:16:50,930 [INFO] Capturing request: https://www.atomsportv515.top/favicon.ico
2026-09-30 21:16:50,998 [INFO] Capturing response: https://www.atomsportv515.top/favicon.ico 200 
2026-09-30 21:16:51,076 [INFO] Capturing request: https://teletv5.top/load/yayinlink.php?id=bein-sports-1
2026-09-30 21:16:51,435 [INFO] Capturing request: https://streamsport365.com/cinema
2026-09-30 21:16:51,473 [INFO] Capturing response: https://teletv5.top/load/yayinlink.php?id=bein-sports-1 200 
2026-09-30 21:16:51,718 [INFO] Capturing response: https://streamsport365.com/cinema 200 
2026-09-30 21:16:51,848 [INFO] Capturing request: https://www.atomsportv515.top/assets/img/player/player_logo_6a87a2e2eecc5.png
2026-09-30 21:16:51,928 [INFO] Capturing response: https://www.atomsportv515.top/assets/img/player/player_logo_6a87a2e2eecc5.png 200 
2026-09-30 21:16:51,973 [INFO] Capturing request: https://ladyboy.yedektv.cfd//s-sport/tracks-v1a1/mono.m3u8
2026-09-30 21:16:52,169 [INFO] Capturing response: https://ladyboy.yedektv.cfd//s-sport/tracks-v1a1/mono.m3u8 200 
2026-09-30 21:16:52,424 [INFO] Capturing request: https://d3323gwjvb8d3t.cloudfront.net/s-sport/tracks-v1a1/2026/09/30/21/17/46-05000.jpg
2026-09-30 21:16:52,685 [INFO] Capturing request: https://android.clients.google.com/checkin
2026-09-30 21:16:52,788 [INFO] Capturing response: https://android.clients.google.com/checkin 200 
2026-09-30 21:16:52,839 [INFO] Capturing request: https://android.clients.google.com/c2dm/register3
2026-09-30 21:16:52,841 [INFO] Capturing request: https://android.clients.google.com/c2dm/register3
2026-09-30 21:16:52,847 [INFO] Capturing request: https://android.clients.google.com/c2dm/register3
2026-09-30 21:16:52,922 [INFO] Capturing response: https://android.clients.google.com/c2dm/register3 200 
2026-09-30 21:16:52,928 [INFO] Capturing response: https://android.clients.google.com/c2dm/register3 200 
2026-09-30 21:16:52,930 [INFO] Capturing response: https://android.clients.google.com/c2dm/register3 200 
2026-09-30 21:16:53,024 [INFO] Capturing response: https://d3323gwjvb8d3t.cloudfront.net/s-sport/tracks-v1a1/2026/09/30/21/17/46-05000.jpg 200 
2026-09-30 21:16:53,236 [INFO] Capturing request: https://d3323gwjvb8d3t.cloudfront.net/s-sport/tracks-v1a1/2026/09/30/21/17/51-05000.jpg
2026-09-30 21:16:53,822 [INFO] Capturing response: https://d3323gwjvb8d3t.cloudfront.net/s-sport/tracks-v1a1/2026/09/30/21/17/51-05000.jpg 200 
2026-09-30 21:16:53,870 [INFO]   ✅ M3U8 bulundu: https://ladyboy.yedektv.cfd//s-sport/tracks-v1a1/mono.m3u8
2026-09-30 21:16:54,032 [INFO] Capturing request: https://d3323gwjvb8d3t.cloudfront.net/s-sport/tracks-v1a1/2026/09/30/21/17/56-05000.jpg
2026-09-30 21:16:54,669 [INFO] Capturing response: https://d3323gwjvb8d3t.cloudfront.net/s-sport/tracks-v1a1/2026/09/30/21/17/56-05000.jpg 200 
2026-09-30 21:16:54,871 [INFO] 
[2/14]
2026-09-30 21:16:54,871 [INFO] 🔍 beIN Sports 2 → https://www.atomsportv515.top/matches?id=bein-sports-2
2026-09-30 21:16:54,981 [INFO] Capturing request: https://www.atomsportv515.top/matches?id=bein-sports-2
2026-09-30 21:16:55,192 [INFO] Capturing response: https://www.atomsportv515.top/matches?id=bein-sports-2 200 
2026-09-30 21:16:55,234 [INFO] Capturing request: https://streamsport365.com/cinema
2026-09-30 21:16:55,332 [INFO] Capturing request: https://teletv5.top/load/yayinlink.php?id=bein-sports-2
2026-09-30 21:16:55,334 [INFO] Capturing request: https://www.atomsportv515.top/favicon.ico
2026-09-30 21:16:55,387 [INFO] Capturing response: https://www.atomsportv515.top/favicon.ico 200 
2026-09-30 21:16:55,530 [INFO] Capturing response: https://streamsport365.com/cinema 200 
2026-09-30 21:16:55,998 [INFO] Capturing response: https://teletv5.top/load/yayinlink.php?id=bein-sports-2 200 
2026-09-30 21:16:56,109 [INFO] Capturing request: https://www.atomsportv515.top/assets/img/player/player_logo_6a87a2e2eecc5.png
2026-09-30 21:16:56,117 [INFO] Capturing request: https://ladyboy.yedektv.cfd//bein2/tracks-v1a1/mono.m3u8
2026-09-30 21:16:56,251 [INFO] Capturing response: https://www.atomsportv515.top/assets/img/player/player_logo_6a87a2e2eecc5.png 304 
2026-09-30 21:16:56,303 [INFO] Capturing response: https://ladyboy.yedektv.cfd//bein2/tracks-v1a1/mono.m3u8 200 
2026-09-30 21:16:56,411 [INFO] Capturing request: https://d3323gwjvb8d3t.cloudfront.net/bein2/tracks-v1a1/2026/09/30/21/16/35-10000.jpg
2026-09-30 21:16:57,606 [INFO] Capturing response: https://d3323gwjvb8d3t.cloudfront.net/bein2/tracks-v1a1/2026/09/30/21/16/35-10000.jpg 200 
2026-09-30 21:16:57,872 [INFO] Capturing request: https://d3323gwjvb8d3t.cloudfront.net/bein2/tracks-v1a1/2026/09/30/21/16/45-10000.jpg
2026-09-30 21:16:58,249 [INFO]   ✅ M3U8 bulundu: https://ladyboy.yedektv.cfd//bein2/tracks-v1a1/mono.m3u8
2026-09-30 21:16:59,008 [INFO] Capturing response: https://d3323gwjvb8d3t.cloudfront.net/bein2/tracks-v1a1/2026/09/30/21/16/45-10000.jpg 200 
2026-09-30 21:16:59,249 [INFO] 
[3/14]
2026-09-30 21:16:59,249 [INFO] 🔍 beIN Sports 3 → https://www.atomsportv515.top/matches?id=bein-sports-3
2026-09-30 21:16:59,262 [INFO] Capturing request: https://d3323gwjvb8d3t.cloudfront.net/bein2/tracks-v1a1/2026/09/30/21/16/55-10000.jpg
2026-09-30 21:16:59,358 [INFO] Capturing request: https://www.atomsportv515.top/matches?id=bein-sports-3
2026-09-30 21:16:59,574 [INFO] Capturing response: https://www.atomsportv515.top/matches?id=bein-sports-3 200 
2026-09-30 21:16:59,702 [INFO] Capturing request: https://www.atomsportv515.top/favicon.ico
2026-09-30 21:16:59,702 [INFO] Capturing request: https://teletv5.top/load/yayinlink.php?id=bein-sports-3
2026-09-30 21:16:59,754 [INFO] Capturing response: https://www.atomsportv515.top/favicon.ico 200 
2026-09-30 21:16:59,819 [INFO] Capturing request: https://streamsport365.com/cinema
2026-09-30 21:16:59,898 [INFO] Capturing response: https://teletv5.top/load/yayinlink.php?id=bein-sports-3 200 
2026-09-30 21:17:00,107 [INFO] Capturing response: https://streamsport365.com/cinema 200 
2026-09-30 21:17:00,220 [INFO] Capturing request: https://www.atomsportv515.top/assets/img/player/player_logo_6a87a2e2eecc5.png
2026-09-30 21:17:00,229 [INFO] Capturing request: https://ladyboy.yedektv.cfd//bein3/tracks-v1a1/mono.m3u8
2026-09-30 21:17:00,357 [INFO] Capturing response: https://www.atomsportv515.top/assets/img/player/player_logo_6a87a2e2eecc5.png 304 
2026-09-30 21:17:00,372 [INFO] Capturing response: https://ladyboy.yedektv.cfd//bein3/tracks-v1a1/mono.m3u8 200 
2026-09-30 21:17:00,481 [INFO] Capturing request: https://d3323gwjvb8d3t.cloudfront.net/bein3/tracks-v1a1/2026/09/30/21/16/37-06000.jpg
2026-09-30 21:17:00,570 [INFO] Capturing response: https://d3323gwjvb8d3t.cloudfront.net/bein2/tracks-v1a1/2026/09/30/21/16/55-10000.jpg 200 
2026-09-30 21:17:01,120 [INFO] Capturing response: https://d3323gwjvb8d3t.cloudfront.net/bein3/tracks-v1a1/2026/09/30/21/16/37-06000.jpg 200 
2026-09-30 21:17:01,323 [INFO] Capturing request: https://d3323gwjvb8d3t.cloudfront.net/bein3/tracks-v1a1/2026/09/30/21/16/43-06000.jpg
2026-09-30 21:17:01,871 [INFO] Capturing response: https://d3323gwjvb8d3t.cloudfront.net/bein3/tracks-v1a1/2026/09/30/21/16/43-06000.jpg 200 
2026-09-30 21:17:02,068 [INFO] Capturing request: https://d3323gwjvb8d3t.cloudfront.net/bein3/tracks-v1a1/2026/09/30/21/16/49-06000.jpg
2026-09-30 21:17:02,640 [INFO]   ✅ M3U8 bulundu: https://ladyboy.yedektv.cfd//bein3/tracks-v1a1/mono.m3u8
2026-09-30 21:17:02,778 [INFO] Capturing response: https://d3323gwjvb8d3t.cloudfront.net/bein3/tracks-v1a1/2026/09/30/21/16/49-06000.jpg 200 
2026-09-30 21:17:03,641 [INFO] 
[4/14]
2026-09-30 21:17:03,641 [INFO] 🔍 beIN Sports 4 → https://www.atomsportv515.top/matches?id=bein-sports-4
2026-09-30 21:17:03,753 [INFO] Capturing request: https://www.atomsportv515.top/matches?id=bein-sports-4
2026-09-30 21:17:03,964 [INFO] Capturing response: https://www.atomsportv515.top/matches?id=bein-sports-4 200 
2026-09-30 21:17:03,992 [INFO] Capturing request: https://streamsport365.com/cinema
2026-09-30 21:17:04,085 [INFO] Capturing request: https://teletv5.top/load/yayinlink.php?id=bein-sports-4
2026-09-30 21:17:04,095 [INFO] Capturing request: https://www.atomsportv515.top/favicon.ico
2026-09-30 21:17:04,156 [INFO] Capturing response: https://www.atomsportv515.top/favicon.ico 200 
2026-09-30 21:17:04,271 [INFO] Capturing response: https://teletv5.top/load/yayinlink.php?id=bein-sports-4 200 
2026-09-30 21:17:04,278 [INFO] Capturing response: https://streamsport365.com/cinema 200 
2026-09-30 21:17:04,389 [INFO] Capturing request: https://www.atomsportv515.top/assets/img/player/player_logo_6a87a2e2eecc5.png
2026-09-30 21:17:04,398 [INFO] Capturing request: https://ladyboy.yedektv.cfd//bein4/tracks-v1a1/mono.m3u8
2026-09-30 21:17:04,527 [INFO] Capturing response: https://www.atomsportv515.top/assets/img/player/player_logo_6a87a2e2eecc5.png 304 
2026-09-30 21:17:04,572 [INFO] Capturing response: https://ladyboy.yedektv.cfd//bein4/tracks-v1a1/mono.m3u8 200 
2026-09-30 21:17:04,721 [INFO] Capturing request: https://d3323gwjvb8d3t.cloudfront.net/bein4/tracks-v1a1/2026/09/30/21/16/45-10000.jpg
2026-09-30 21:17:06,022 [INFO] Capturing response: https://d3323gwjvb8d3t.cloudfront.net/bein4/tracks-v1a1/2026/09/30/21/16/45-10000.jpg 200 
2026-09-30 21:17:06,308 [INFO] Capturing request: https://d3323gwjvb8d3t.cloudfront.net/bein4/tracks-v1a1/2026/09/30/21/16/55-10000.jpg
2026-09-30 21:17:07,010 [INFO]   ✅ M3U8 bulundu: https://ladyboy.yedektv.cfd//bein4/tracks-v1a1/mono.m3u8
2026-09-30 21:17:07,615 [INFO] Capturing response: https://d3323gwjvb8d3t.cloudfront.net/bein4/tracks-v1a1/2026/09/30/21/16/55-10000.jpg 200 
2026-09-30 21:17:07,880 [INFO] Capturing request: https://d3323gwjvb8d3t.cloudfront.net/bein4/tracks-v1a1/2026/09/30/21/17/05-10000.jpg
2026-09-30 21:17:08,011 [INFO] 
[5/14]
2026-09-30 21:17:08,011 [INFO] 🔍 beIN Sports 5 → https://www.atomsportv515.top/matches?id=bein-sports-5
2026-09-30 21:17:08,127 [INFO] Capturing request: https://www.atomsportv515.top/matches?id=bein-sports-5
2026-09-30 21:17:08,357 [INFO] Capturing response: https://www.atomsportv515.top/matches?id=bein-sports-5 200 
2026-09-30 21:17:08,488 [INFO] Capturing request: https://www.atomsportv515.top/favicon.ico
2026-09-30 21:17:08,492 [INFO] Capturing request: https://teletv5.top/load/yayinlink.php?id=bein-sports-5
2026-09-30 21:17:08,540 [INFO] Capturing response: https://www.atomsportv515.top/favicon.ico 200 
2026-09-30 21:17:08,607 [INFO] Capturing request: https://streamsport365.com/cinema
2026-09-30 21:17:08,676 [INFO] Capturing response: https://teletv5.top/load/yayinlink.php?id=bein-sports-5 200 
2026-09-30 21:17:08,895 [INFO] Capturing response: https://streamsport365.com/cinema 200 
2026-09-30 21:17:09,005 [INFO] Capturing request: https://www.atomsportv515.top/assets/img/player/player_logo_6a87a2e2eecc5.png
2026-09-30 21:17:09,013 [INFO] Capturing request: https://ladyboy.yedektv.cfd//bein5/tracks-v1a1/mono.m3u8
2026-09-30 21:17:09,180 [INFO] Capturing response: https://ladyboy.yedektv.cfd//bein5/tracks-v1a1/mono.m3u8 404 
2026-09-30 21:17:09,197 [INFO] Capturing response: https://www.atomsportv515.top/assets/img/player/player_logo_6a87a2e2eecc5.png 304 
2026-09-30 21:17:09,259 [INFO] Capturing response: https://d3323gwjvb8d3t.cloudfront.net/bein4/tracks-v1a1/2026/09/30/21/17/05-10000.jpg 200 
2026-09-30 21:17:09,284 [INFO] 127.0.0.1:51608: ProtocolException("Error in HTTP connection: Http2ZombieException('Connection or stream already dead: 1790803029.2830653, False')")
2026-09-30 21:17:11,307 [INFO] Capturing request: https://ladyboy.yedektv.cfd//bein5/tracks-v1a1/mono.m3u8
2026-09-30 21:17:11,403 [INFO]   ✅ M3U8 bulundu: https://ladyboy.yedektv.cfd//bein5/tracks-v1a1/mono.m3u8
2026-09-30 21:17:11,471 [INFO] Capturing response: https://ladyboy.yedektv.cfd//bein5/tracks-v1a1/mono.m3u8 404 
2026-09-30 21:17:12,403 [INFO] 
[6/14]
2026-09-30 21:17:12,403 [INFO] 🔍 beIN Sports Max 1 → https://www.atomsportv515.top/matches?id=bein-sports-max-1
2026-09-30 21:17:12,511 [INFO] Capturing request: https://www.atomsportv515.top/matches?id=bein-sports-max-1
2026-09-30 21:17:12,720 [INFO] Capturing response: https://www.atomsportv515.top/matches?id=bein-sports-max-1 200 
2026-09-30 21:17:12,747 [INFO] Capturing request: https://streamsport365.com/cinema
2026-09-30 21:17:12,849 [INFO] Capturing request: https://teletv5.top/load/yayinlink.php?id=bein-sports-max-1
2026-09-30 21:17:12,850 [INFO] Capturing request: https://www.atomsportv515.top/favicon.ico
2026-09-30 21:17:12,918 [INFO] Capturing response: https://www.atomsportv515.top/favicon.ico 200 
2026-09-30 21:17:13,040 [INFO] Capturing response: https://teletv5.top/load/yayinlink.php?id=bein-sports-max-1 200 
2026-09-30 21:17:13,043 [INFO] Capturing response: https://streamsport365.com/cinema 200 
2026-09-30 21:17:13,152 [INFO] Capturing request: https://www.atomsportv515.top/assets/img/player/player_logo_6a87a2e2eecc5.png
2026-09-30 21:17:13,159 [INFO] Capturing request: https://ladyboy.yedektv.cfd//beinmax1/tracks-v1a1/mono.m3u8
2026-09-30 21:17:13,288 [INFO] Capturing response: https://www.atomsportv515.top/assets/img/player/player_logo_6a87a2e2eecc5.png 304 
2026-09-30 21:17:13,346 [INFO] Capturing response: https://ladyboy.yedektv.cfd//beinmax1/tracks-v1a1/mono.m3u8 404 
2026-09-30 21:17:13,648 [INFO] Capturing request: https://android.clients.google.com/c2dm/register3
2026-09-30 21:17:13,715 [INFO] Capturing response: https://android.clients.google.com/c2dm/register3 301 
2026-09-30 21:17:14,179 [INFO] Capturing request: https://android.clients.google.com/c2dm/register3
2026-09-30 21:17:14,959 [INFO] Capturing response: https://android.clients.google.com/c2dm/register3 200 
2026-09-30 21:17:15,465 [INFO] Capturing request: https://ladyboy.yedektv.cfd//beinmax1/tracks-v1a1/mono.m3u8
2026-09-30 21:17:15,627 [INFO] Capturing response: https://ladyboy.yedektv.cfd//beinmax1/tracks-v1a1/mono.m3u8 404 
2026-09-30 21:17:15,759 [INFO]   ✅ M3U8 bulundu: https://ladyboy.yedektv.cfd//beinmax1/tracks-v1a1/mono.m3u8
2026-09-30 21:17:16,760 [INFO] 
[7/14]
2026-09-30 21:17:16,760 [INFO] 🔍 beIN Sports Max 2 → https://www.atomsportv515.top/matches?id=bein-sports-max-2
2026-09-30 21:17:16,859 [INFO] Capturing request: https://android.clients.google.com/c2dm/register3
2026-09-30 21:17:16,868 [INFO] Capturing request: https://www.atomsportv515.top/matches?id=bein-sports-max-2
2026-09-30 21:17:17,214 [INFO] Capturing response: https://www.atomsportv515.top/matches?id=bein-sports-max-2 200 
2026-09-30 21:17:17,337 [INFO] Capturing request: https://www.atomsportv515.top/favicon.ico
2026-09-30 21:17:17,339 [INFO] Capturing request: https://teletv5.top/load/yayinlink.php?id=bein-sports-max-2
2026-09-30 21:17:17,370 [INFO] Capturing response: https://android.clients.google.com/c2dm/register3 200 
2026-09-30 21:17:17,391 [INFO] Capturing response: https://www.atomsportv515.top/favicon.ico 200 
2026-09-30 21:17:17,456 [INFO] Capturing request: https://streamsport365.com/cinema
2026-09-30 21:17:17,531 [INFO] Capturing response: https://teletv5.top/load/yayinlink.php?id=bein-sports-max-2 200 
2026-09-30 21:17:17,738 [INFO] Capturing response: https://streamsport365.com/cinema 200 
2026-09-30 21:17:17,848 [INFO] Capturing request: https://www.atomsportv515.top/assets/img/player/player_logo_6a87a2e2eecc5.png
2026-09-30 21:17:17,856 [INFO] Capturing request: https://ladyboy.yedektv.cfd//beinmax2/tracks-v1a1/mono.m3u8
2026-09-30 21:17:17,985 [INFO] Capturing response: https://www.atomsportv515.top/assets/img/player/player_logo_6a87a2e2eecc5.png 304 
2026-09-30 21:17:18,043 [INFO] Capturing response: https://ladyboy.yedektv.cfd//beinmax2/tracks-v1a1/mono.m3u8 404 
2026-09-30 21:17:20,203 [INFO] Capturing request: https://ladyboy.yedektv.cfd//beinmax2/tracks-v1a1/mono.m3u8
2026-09-30 21:17:20,251 [INFO]   ✅ M3U8 bulundu: https://ladyboy.yedektv.cfd//beinmax2/tracks-v1a1/mono.m3u8
2026-09-30 21:17:20,372 [INFO] Capturing response: https://ladyboy.yedektv.cfd//beinmax2/tracks-v1a1/mono.m3u8 404 
2026-09-30 21:17:21,251 [INFO] 
[8/14]
2026-09-30 21:17:21,251 [INFO] 🔍 S Sport → https://www.atomsportv515.top/matches?id=s-sport
2026-09-30 21:17:21,359 [INFO] Capturing request: https://www.atomsportv515.top/matches?id=s-sport
2026-09-30 21:17:21,845 [INFO] Capturing response: https://www.atomsportv515.top/matches?id=s-sport 200 
2026-09-30 21:17:21,866 [INFO] Capturing request: https://streamsport365.com/cinema
2026-09-30 21:17:21,967 [INFO] Capturing request: https://teletv5.top/load/yayinlink.php?id=s-sport
2026-09-30 21:17:21,971 [INFO] Capturing request: https://www.atomsportv515.top/favicon.ico
2026-09-30 21:17:22,023 [INFO] Capturing response: https://www.atomsportv515.top/favicon.ico 200 
2026-09-30 21:17:22,157 [INFO] Capturing response: https://streamsport365.com/cinema 200 
2026-09-30 21:17:22,163 [INFO] Capturing response: https://teletv5.top/load/yayinlink.php?id=s-sport 200 
2026-09-30 21:17:22,273 [INFO] Capturing request: https://www.atomsportv515.top/assets/img/player/player_logo_6a87a2e2eecc5.png
2026-09-30 21:17:22,280 [INFO] Capturing request: https://ladyboy.yedektv.cfd//s-sport/tracks-v1a1/mono.m3u8
2026-09-30 21:17:22,409 [INFO] Capturing response: https://www.atomsportv515.top/assets/img/player/player_logo_6a87a2e2eecc5.png 304 
2026-09-30 21:17:22,418 [INFO] Capturing response: https://ladyboy.yedektv.cfd//s-sport/tracks-v1a1/mono.m3u8 200 
2026-09-30 21:17:22,528 [INFO] Capturing request: https://d3323gwjvb8d3t.cloudfront.net/s-sport/tracks-v1a1/2026/09/30/21/18/21-05000.jpg
2026-09-30 21:17:23,138 [INFO] Capturing response: https://d3323gwjvb8d3t.cloudfront.net/s-sport/tracks-v1a1/2026/09/30/21/18/21-05000.jpg 200 
2026-09-30 21:17:23,347 [INFO] Capturing request: https://d3323gwjvb8d3t.cloudfront.net/s-sport/tracks-v1a1/2026/09/30/21/18/26-05000.jpg
2026-09-30 21:17:23,970 [INFO] Capturing response: https://d3323gwjvb8d3t.cloudfront.net/s-sport/tracks-v1a1/2026/09/30/21/18/26-05000.jpg 200 
2026-09-30 21:17:24,182 [INFO] Capturing request: https://d3323gwjvb8d3t.cloudfront.net/s-sport/tracks-v1a1/2026/09/30/21/18/31-05000.jpg
2026-09-30 21:17:24,888 [INFO]   ✅ M3U8 bulundu: https://ladyboy.yedektv.cfd//s-sport/tracks-v1a1/mono.m3u8
2026-09-30 21:17:24,921 [INFO] Capturing response: https://d3323gwjvb8d3t.cloudfront.net/s-sport/tracks-v1a1/2026/09/30/21/18/31-05000.jpg 200 
2026-09-30 21:17:25,889 [INFO] 
[9/14]
2026-09-30 21:17:25,889 [INFO] 🔍 S Sport 2 → https://www.atomsportv515.top/matches?id=s-sport-2
2026-09-30 21:17:25,998 [INFO] Capturing request: https://www.atomsportv515.top/matches?id=s-sport-2
2026-09-30 21:17:26,208 [INFO] Capturing response: https://www.atomsportv515.top/matches?id=s-sport-2 200 
2026-09-30 21:17:26,331 [INFO] Capturing request: https://teletv5.top/load/yayinlink.php?id=s-sport-2
2026-09-30 21:17:26,334 [INFO] Capturing request: https://www.atomsportv515.top/favicon.ico
2026-09-30 21:17:26,399 [INFO] Capturing response: https://www.atomsportv515.top/favicon.ico 200 
2026-09-30 21:17:26,451 [INFO] Capturing request: https://streamsport365.com/cinema
2026-09-30 21:17:26,526 [INFO] Capturing response: https://teletv5.top/load/yayinlink.php?id=s-sport-2 200 
2026-09-30 21:17:26,747 [INFO] Capturing response: https://streamsport365.com/cinema 200 
2026-09-30 21:17:26,856 [INFO] Capturing request: https://www.atomsportv515.top/assets/img/player/player_logo_6a87a2e2eecc5.png
2026-09-30 21:17:26,864 [INFO] Capturing request: https://ladyboy.yedektv.cfd//s-sport2/tracks-v1a1/mono.m3u8
2026-09-30 21:17:26,994 [INFO] Capturing response: https://www.atomsportv515.top/assets/img/player/player_logo_6a87a2e2eecc5.png 304 
2026-09-30 21:17:27,046 [INFO] Capturing response: https://ladyboy.yedektv.cfd//s-sport2/tracks-v1a1/mono.m3u8 200 
2026-09-30 21:17:27,195 [INFO] Capturing request: https://d3323gwjvb8d3t.cloudfront.net/s-sport2/tracks-v1a1/2026/09/30/21/17/31-06400.jpg
2026-09-30 21:17:29,246 [INFO]   ✅ M3U8 bulundu: https://ladyboy.yedektv.cfd//s-sport2/tracks-v1a1/mono.m3u8
2026-09-30 21:17:29,584 [INFO] Capturing response: https://d3323gwjvb8d3t.cloudfront.net/s-sport2/tracks-v1a1/2026/09/30/21/17/31-06400.jpg 200 
2026-09-30 21:17:29,869 [INFO] Capturing request: https://d3323gwjvb8d3t.cloudfront.net/s-sport2/tracks-v1a1/2026/09/30/21/17/38-06400.jpg
2026-09-30 21:17:30,247 [INFO] 
[10/14]
2026-09-30 21:17:30,247 [INFO] 🔍 A Spor → https://www.atomsportv515.top/matches?id=a-spor
2026-09-30 21:17:30,355 [INFO] Capturing request: https://www.atomsportv515.top/matches?id=a-spor
2026-09-30 21:17:30,565 [INFO] Capturing response: https://www.atomsportv515.top/matches?id=a-spor 200 
2026-09-30 21:17:30,595 [INFO] Capturing request: https://streamsport365.com/cinema
2026-09-30 21:17:30,700 [INFO] Capturing request: https://teletv5.top/load/yayinlink.php?id=a-spor
2026-09-30 21:17:30,701 [INFO] Capturing request: https://www.atomsportv515.top/favicon.ico
2026-09-30 21:17:30,754 [INFO] Capturing response: https://www.atomsportv515.top/favicon.ico 200 
2026-09-30 21:17:30,892 [INFO] Capturing response: https://teletv5.top/load/yayinlink.php?id=a-spor 200 
2026-09-30 21:17:30,894 [INFO] Capturing response: https://streamsport365.com/cinema 200 
2026-09-30 21:17:31,003 [INFO] Capturing request: https://www.atomsportv515.top/assets/img/player/player_logo_6a87a2e2eecc5.png
2026-09-30 21:17:31,012 [INFO] Capturing request: https://ladyboy.yedektv.cfd//aspor/tracks-v1a1/mono.m3u8
2026-09-30 21:17:31,140 [INFO] Capturing response: https://www.atomsportv515.top/assets/img/player/player_logo_6a87a2e2eecc5.png 304 
2026-09-30 21:17:31,177 [INFO] Capturing response: https://ladyboy.yedektv.cfd//aspor/tracks-v1a1/mono.m3u8 200 
2026-09-30 21:17:31,286 [INFO] Capturing request: https://d3323gwjvb8d3t.cloudfront.net/aspor/tracks-v1a1/2026/09/30/21/18/53-06000.jpg
2026-09-30 21:17:31,388 [INFO] Capturing response: https://d3323gwjvb8d3t.cloudfront.net/s-sport2/tracks-v1a1/2026/09/30/21/17/38-06400.jpg 200 
2026-09-30 21:17:32,354 [INFO] Capturing response: https://d3323gwjvb8d3t.cloudfront.net/aspor/tracks-v1a1/2026/09/30/21/18/53-06000.jpg 200 
2026-09-30 21:17:32,587 [INFO] Capturing request: https://d3323gwjvb8d3t.cloudfront.net/aspor/tracks-v1a1/2026/09/30/21/18/59-06000.jpg
2026-09-30 21:17:33,615 [INFO]   ✅ M3U8 bulundu: https://ladyboy.yedektv.cfd//aspor/tracks-v1a1/mono.m3u8
2026-09-30 21:17:33,805 [INFO] Capturing response: https://d3323gwjvb8d3t.cloudfront.net/aspor/tracks-v1a1/2026/09/30/21/18/59-06000.jpg 200 
2026-09-30 21:17:34,036 [INFO] Capturing request: https://d3323gwjvb8d3t.cloudfront.net/aspor/tracks-v1a1/2026/09/30/21/19/05-06000.jpg
2026-09-30 21:17:34,615 [INFO] 
[11/14]
2026-09-30 21:17:34,615 [INFO] 🔍 Tivibu Spor 1 → https://www.atomsportv515.top/matches?id=tivibu-spor-1
2026-09-30 21:17:34,726 [INFO] Capturing request: https://www.atomsportv515.top/matches?id=tivibu-spor-1
2026-09-30 21:17:34,945 [INFO] Capturing response: https://www.atomsportv515.top/matches?id=tivibu-spor-1 200 
2026-09-30 21:17:35,072 [INFO] Capturing request: https://teletv5.top/load/yayinlink.php?id=tivibu-spor-1
2026-09-30 21:17:35,072 [INFO] Capturing request: https://www.atomsportv515.top/favicon.ico
2026-09-30 21:17:35,124 [INFO] Capturing response: https://d3323gwjvb8d3t.cloudfront.net/aspor/tracks-v1a1/2026/09/30/21/19/05-06000.jpg 200 
2026-09-30 21:17:35,127 [INFO] Capturing response: https://www.atomsportv515.top/favicon.ico 200 
2026-09-30 21:17:35,195 [INFO] Capturing request: https://streamsport365.com/cinema
2026-09-30 21:17:35,256 [INFO] Capturing response: https://teletv5.top/load/yayinlink.php?id=tivibu-spor-1 200 
2026-09-30 21:17:35,481 [INFO] Capturing response: https://streamsport365.com/cinema 200 
2026-09-30 21:17:48,923 [INFO] Capturing request: https://update.googleapis.com/service/update2/json?cup2key=ML-DSA-44-16:QOb2M9r_BXFH_13ISHlz5zNFiGAB4u82M6Cir-2Miv8&cup2hreq=5034de6ce3810e3ce430bb08764573414e8e2c4d913f325c9a2242555d77b139
2026-09-30 21:17:48,988 [INFO] Capturing response: https://update.googleapis.com/service/update2/json?cup2key=ML-DSA-44-16:QOb2M9r_BXFH_13ISHlz5zNFiGAB4u82M6Cir-2Miv8&cup2hreq=5034de6ce3810e3ce430bb08764573414e8e2c4d913f325c9a2242555d77b139 200 
2026-09-30 21:17:48,996 [INFO] Capturing request: http://edgedl.me.gvt1.com/edgedl/diffgen-puffin/gcmjkmgdlgnkkcocmoeiminaijmmjnii/93d241e87603e2aac20e9e6ab2a12f1dd352be0faabae7597f3872f3267db430
2026-09-30 21:17:49,046 [INFO] Capturing response: http://edgedl.me.gvt1.com/edgedl/diffgen-puffin/gcmjkmgdlgnkkcocmoeiminaijmmjnii/93d241e87603e2aac20e9e6ab2a12f1dd352be0faabae7597f3872f3267db430 200 OK
2026-09-30 21:17:49,068 [INFO] Capturing request: https://update.googleapis.com/service/update2/json
2026-09-30 21:17:49,118 [INFO] Capturing response: https://update.googleapis.com/service/update2/json 200 
2026-09-30 21:17:49,161 [INFO] Capturing request: http://edgedl.me.gvt1.com/edgedl/release2/chrome_component/dh7bue3dg52kfoojj6n4pug4hm_10811/hfnkpimlhhgieaddgfemjhofmfblmnib_10811_all_aclfihvx25zw3ielcfmqgh6vm4qa.crx3
2026-09-30 21:17:49,229 [INFO] Capturing response: http://edgedl.me.gvt1.com/edgedl/release2/chrome_component/dh7bue3dg52kfoojj6n4pug4hm_10811/hfnkpimlhhgieaddgfemjhofmfblmnib_10811_all_aclfihvx25zw3ielcfmqgh6vm4qa.crx3 200 OK
2026-09-30 21:17:49,249 [INFO] Capturing request: https://update.googleapis.com/service/update2/json
2026-09-30 21:17:49,282 [INFO] Capturing response: https://update.googleapis.com/service/update2/json 200 
2026-09-30 21:17:54,658 [INFO] Capturing request: https://android.clients.google.com/c2dm/register3
2026-09-30 21:17:54,718 [INFO] Capturing response: https://android.clients.google.com/c2dm/register3 301 
2026-09-30 21:18:08,274 [WARNING]   ❌ Tivibu Spor 1 için M3U8 bulunamadı
2026-09-30 21:18:09,274 [INFO] 
[12/14]
2026-09-30 21:18:09,274 [INFO] 🔍 Tivibu Spor 2 → https://www.atomsportv515.top/matches?id=tivibu-spor-2
2026-09-30 21:18:09,452 [INFO] Capturing request: https://www.atomsportv515.top/matches?id=tivibu-spor-2
2026-09-30 21:18:10,028 [INFO] Capturing response: https://www.atomsportv515.top/matches?id=tivibu-spor-2 200 
2026-09-30 21:18:10,192 [INFO] Capturing request: https://www.atomsportv515.top/favicon.ico
2026-09-30 21:18:10,275 [INFO] Capturing request: https://teletv5.top/load/yayinlink.php?id=tivibu-spor-2
2026-09-30 21:18:10,324 [INFO] Capturing response: https://www.atomsportv515.top/favicon.ico 200 
2026-09-30 21:18:10,497 [INFO] Capturing response: https://teletv5.top/load/yayinlink.php?id=tivibu-spor-2 200 
2026-09-30 21:18:10,692 [INFO] Capturing request: https://streamsport365.com/cinema
2026-09-30 21:18:10,970 [INFO] Capturing response: https://streamsport365.com/cinema 200 
2026-09-30 21:18:43,376 [WARNING]   ❌ Tivibu Spor 2 için M3U8 bulunamadı
2026-09-30 21:18:44,376 [INFO] 
[13/14]
2026-09-30 21:18:44,377 [INFO] 🔍 Tivibu Spor 3 → https://www.atomsportv515.top/matches?id=tivibu-spor-3
2026-09-30 21:18:44,488 [INFO] Capturing request: https://www.atomsportv515.top/matches?id=tivibu-spor-3
2026-09-30 21:18:44,866 [INFO] Capturing response: https://www.atomsportv515.top/matches?id=tivibu-spor-3 200 
2026-09-30 21:18:44,993 [INFO] Capturing request: https://teletv5.top/load/yayinlink.php?id=tivibu-spor-3
2026-09-30 21:18:44,995 [INFO] Capturing request: https://www.atomsportv515.top/favicon.ico
2026-09-30 21:18:45,053 [INFO] Capturing response: https://www.atomsportv515.top/favicon.ico 200 
2026-09-30 21:18:45,111 [INFO] Capturing request: https://streamsport365.com/cinema
2026-09-30 21:18:45,257 [INFO] Capturing response: https://teletv5.top/load/yayinlink.php?id=tivibu-spor-3 200 
2026-09-30 21:18:45,407 [INFO] Capturing response: https://streamsport365.com/cinema 200 
2026-09-30 21:19:18,190 [WARNING]   ❌ Tivibu Spor 3 için M3U8 bulunamadı
2026-09-30 21:19:19,191 [INFO] 
[14/14]
2026-09-30 21:19:19,191 [INFO] 🔍 Tivibu Spor 4 → https://www.atomsportv515.top/matches?id=tivibu-spor-4
2026-09-30 21:19:19,306 [INFO] Capturing request: https://www.atomsportv515.top/matches?id=tivibu-spor-4
2026-09-30 21:19:19,687 [INFO] Capturing response: https://www.atomsportv515.top/matches?id=tivibu-spor-4 200 
2026-09-30 21:19:19,811 [INFO] Capturing request: https://teletv5.top/load/yayinlink.php?id=tivibu-spor-4
2026-09-30 21:19:19,813 [INFO] Capturing request: https://www.atomsportv515.top/favicon.ico
2026-09-30 21:19:19,858 [INFO] Capturing response: https://www.atomsportv515.top/favicon.ico 200 
2026-09-30 21:19:19,929 [INFO] Capturing request: https://streamsport365.com/cinema
2026-09-30 21:19:20,005 [INFO] Capturing response: https://teletv5.top/load/yayinlink.php?id=tivibu-spor-4 200 
2026-09-30 21:19:20,224 [INFO] Capturing response: https://streamsport365.com/cinema 200 
2026-09-30 21:19:36,994 [INFO] Capturing request: https://android.clients.google.com/c2dm/register3
2026-09-30 21:19:37,057 [INFO] Capturing response: https://android.clients.google.com/c2dm/register3 301 
2026-09-30 21:19:52,993 [WARNING]   ❌ Tivibu Spor 4 için M3U8 bulunamadı
2026-09-30 21:19:54,098 [INFO] ✅ 10 kanal bulundu, playlist.m3u kaydedildi
