2026-08-23 07:34:27,697 [INFO] 🌐 BASE_URL: https://www.atomsportv513.top
2026-08-23 07:34:28,768 [INFO] Başlanıyor... 14 kanal taranacak
2026-08-23 07:34:28,768 [INFO] Using default request storage
2026-08-23 07:34:28,773 [INFO] Created proxy listening on 127.0.0.1:43365
2026-08-23 07:34:29,433 [INFO] Capturing request: http://clients2.google.com/time/1/current?cup2key=10:IYcIyJnYrHg6sqasMdgij_G7V1iFQGDOR91fac0mI4k&cup2hreq=e3b0c44298fc1c149afbf4c8996fb92427ae41e4649b934ca495991b7852b855
2026-08-23 07:34:29,465 [INFO] Capturing response: http://clients2.google.com/time/1/current?cup2key=10:IYcIyJnYrHg6sqasMdgij_G7V1iFQGDOR91fac0mI4k&cup2hreq=e3b0c44298fc1c149afbf4c8996fb92427ae41e4649b934ca495991b7852b855 200 OK
2026-08-23 07:34:29,705 [INFO] 
[1/14]
2026-08-23 07:34:29,705 [INFO] 🔍 beIN Sports 1 → https://www.atomsportv513.top/matches?id=bein-sports-1
2026-08-23 07:34:29,803 [INFO] Capturing request: https://accounts.google.com/ListAccounts?gpsia=1&source=ChromiumBrowser&json=standard&laf=b64bin
2026-08-23 07:34:29,805 [INFO] Capturing request: https://update.googleapis.com/service/update2/json?cup2key=16:bwdZts4EuZktSz-YIKclrgp-J07-pu4LISsBEf0tSxY&cup2hreq=50ea8a9bedeaae1a0484e22d105b10259a1db1fe5a22d31aa36184b6a8069c70
2026-08-23 07:34:29,862 [INFO] Capturing response: https://update.googleapis.com/service/update2/json?cup2key=16:bwdZts4EuZktSz-YIKclrgp-J07-pu4LISsBEf0tSxY&cup2hreq=50ea8a9bedeaae1a0484e22d105b10259a1db1fe5a22d31aa36184b6a8069c70 200 
2026-08-23 07:34:29,868 [INFO] Capturing response: https://accounts.google.com/ListAccounts?gpsia=1&source=ChromiumBrowser&json=standard&laf=b64bin 200 
2026-08-23 07:34:29,913 [INFO] Capturing request: https://update.googleapis.com/service/update2/json?cup2key=16:ezZT5sItIXfVtOEQX5CsZ7siUUFx-0aCQ50i1hI13Lc&cup2hreq=8002131227ff67903e3a35faba7077750fcc5d56377629b56e9a98b4693c5a1c
2026-08-23 07:34:29,914 [INFO] Capturing request: https://www.google.com/async/folae?async=_fmt:pb&udm=50&client_locale=en-US&client_country=ZZ
2026-08-23 07:34:29,934 [INFO] Capturing response: https://www.google.com/async/folae?async=_fmt:pb&udm=50&client_locale=en-US&client_country=ZZ 200 
2026-08-23 07:34:29,936 [INFO] Capturing request: https://www.atomsportv513.top/matches?id=bein-sports-1
2026-08-23 07:34:29,943 [INFO] Capturing response: https://update.googleapis.com/service/update2/json?cup2key=16:ezZT5sItIXfVtOEQX5CsZ7siUUFx-0aCQ50i1hI13Lc&cup2hreq=8002131227ff67903e3a35faba7077750fcc5d56377629b56e9a98b4693c5a1c 200 
2026-08-23 07:34:29,990 [INFO] Capturing request: https://update.googleapis.com/service/update2/json?cup2key=16:VeTx7CJkwXYZTljNr06_roLLaliGlrhn5P2jo4eNcb4&cup2hreq=9de4b3bb4a7e83eff672bf3c5fa46595f66d420c2fa46a2cc810041cec8ce3e3
2026-08-23 07:34:30,016 [INFO] Capturing response: https://update.googleapis.com/service/update2/json?cup2key=16:VeTx7CJkwXYZTljNr06_roLLaliGlrhn5P2jo4eNcb4&cup2hreq=9de4b3bb4a7e83eff672bf3c5fa46595f66d420c2fa46a2cc810041cec8ce3e3 200 
2026-08-23 07:34:30,117 [INFO] Capturing request: https://www.google.com/async/folae?async=_fmt:pb&udm=50&client_locale=en-US&client_country=ZZ
2026-08-23 07:34:30,122 [INFO] Capturing response: https://www.atomsportv513.top/matches?id=bein-sports-1 200 
2026-08-23 07:34:30,138 [INFO] Capturing response: https://www.google.com/async/folae?async=_fmt:pb&udm=50&client_locale=en-US&client_country=ZZ 200 
2026-08-23 07:34:30,339 [INFO] Capturing request: https://cdn.jsdelivr.net/npm/@clappr/player@0.11.16/dist/clappr.min.js
2026-08-23 07:34:30,344 [INFO] Capturing request: https://cdn.jsdelivr.net/npm/@clappr/hlsjs-playback@1.8.3/dist/hlsjs-playback.min.js
2026-08-23 07:34:30,345 [INFO] Capturing request: https://cdn.jsdelivr.net/npm/level-selector/dist/level-selector.min.js
2026-08-23 07:34:30,361 [INFO] Capturing response: https://cdn.jsdelivr.net/npm/level-selector/dist/level-selector.min.js 200 
2026-08-23 07:34:30,374 [INFO] Capturing response: https://cdn.jsdelivr.net/npm/@clappr/player@0.11.16/dist/clappr.min.js 200 
2026-08-23 07:34:30,377 [INFO] Capturing response: https://cdn.jsdelivr.net/npm/@clappr/hlsjs-playback@1.8.3/dist/hlsjs-playback.min.js 200 
2026-08-23 07:34:30,586 [INFO] Capturing request: https://www.atomsportv513.top/favicon.ico
2026-08-23 07:34:30,622 [INFO] Capturing response: https://www.atomsportv513.top/favicon.ico 200 
2026-08-23 07:34:30,897 [INFO] Capturing request: https://teletv5.top/load/yayinlink.php?id=bein-sports-1
2026-08-23 07:34:30,917 [INFO] Capturing response: https://teletv5.top/load/yayinlink.php?id=bein-sports-1 200 
2026-08-23 07:34:31,085 [INFO] Capturing request: https://streamsport365.com/cinema
2026-08-23 07:34:31,334 [INFO] Capturing response: https://streamsport365.com/cinema 200 
2026-08-23 07:34:31,465 [INFO] Capturing request: https://www.atomsportv513.top/assets/img/player/player_logo_6a87a2e2eecc5.png
2026-08-23 07:34:31,500 [INFO] Capturing response: https://www.atomsportv513.top/assets/img/player/player_logo_6a87a2e2eecc5.png 200 
2026-08-23 07:34:31,523 [INFO] Capturing request: https://corestream.siteyaptim.live//beintv/tracks-v1a1/mono.m3u8
2026-08-23 07:34:31,647 [INFO] Capturing response: https://corestream.siteyaptim.live//beintv/tracks-v1a1/mono.m3u8 200 
2026-08-23 07:34:31,851 [INFO] Capturing request: https://global.siteyaptim.live/beintv/tracks-v1a1/2026/08/23/07/35/23-05000.jpg
2026-08-23 07:34:32,118 [INFO] Capturing response: https://global.siteyaptim.live/beintv/tracks-v1a1/2026/08/23/07/35/23-05000.jpg 200 
2026-08-23 07:34:32,348 [INFO] Capturing request: https://global.siteyaptim.live/beintv/tracks-v1a1/2026/08/23/07/35/28-05000.jpg
2026-08-23 07:34:32,673 [INFO] Capturing response: https://global.siteyaptim.live/beintv/tracks-v1a1/2026/08/23/07/35/28-05000.jpg 200 
2026-08-23 07:34:32,677 [INFO] Capturing request: https://android.clients.google.com/checkin
2026-08-23 07:34:32,798 [INFO] Capturing response: https://android.clients.google.com/checkin 200 
2026-08-23 07:34:32,850 [INFO] Capturing request: https://android.clients.google.com/c2dm/register3
2026-08-23 07:34:32,852 [INFO] Capturing request: https://android.clients.google.com/c2dm/register3
2026-08-23 07:34:32,853 [INFO] Capturing request: https://android.clients.google.com/c2dm/register3
2026-08-23 07:34:32,893 [INFO] Capturing response: https://android.clients.google.com/c2dm/register3 301 
2026-08-23 07:34:32,900 [INFO] Capturing request: https://global.siteyaptim.live/beintv/tracks-v1a1/2026/08/23/07/35/33-05000.jpg
2026-08-23 07:34:33,170 [INFO] Capturing response: https://global.siteyaptim.live/beintv/tracks-v1a1/2026/08/23/07/35/33-05000.jpg 200 
2026-08-23 07:34:33,544 [INFO]   ✅ M3U8 bulundu: https://corestream.siteyaptim.live//beintv/tracks-v1a1/mono.m3u8
2026-08-23 07:34:33,695 [INFO] Capturing response: https://android.clients.google.com/c2dm/register3 200 
2026-08-23 07:34:33,858 [INFO] Capturing response: https://android.clients.google.com/c2dm/register3 200 
2026-08-23 07:34:34,545 [INFO] 
[2/14]
2026-08-23 07:34:34,545 [INFO] 🔍 beIN Sports 2 → https://www.atomsportv513.top/matches?id=bein-sports-2
2026-08-23 07:34:34,657 [INFO] Capturing request: https://www.atomsportv513.top/matches?id=bein-sports-2
2026-08-23 07:34:34,838 [INFO] Capturing response: https://www.atomsportv513.top/matches?id=bein-sports-2 200 
2026-08-23 07:34:34,887 [INFO] Capturing request: https://streamsport365.com/cinema
2026-08-23 07:34:34,982 [INFO] Capturing request: https://teletv5.top/load/yayinlink.php?id=bein-sports-2
2026-08-23 07:34:34,989 [INFO] Capturing request: https://www.atomsportv513.top/favicon.ico
2026-08-23 07:34:34,999 [INFO] Capturing response: https://teletv5.top/load/yayinlink.php?id=bein-sports-2 200 
2026-08-23 07:34:35,017 [INFO] Capturing response: https://www.atomsportv513.top/favicon.ico 200 
2026-08-23 07:34:35,134 [INFO] Capturing response: https://streamsport365.com/cinema 200 
2026-08-23 07:34:35,245 [INFO] Capturing request: https://www.atomsportv513.top/assets/img/player/player_logo_6a87a2e2eecc5.png
2026-08-23 07:34:35,255 [INFO] Capturing request: https://corestream.siteyaptim.live//bein2/tracks-v1a1/mono.m3u8
2026-08-23 07:34:35,359 [INFO] Capturing response: https://www.atomsportv513.top/assets/img/player/player_logo_6a87a2e2eecc5.png 304 
2026-08-23 07:34:35,379 [INFO] Capturing response: https://corestream.siteyaptim.live//bein2/tracks-v1a1/mono.m3u8 200 
2026-08-23 07:34:35,488 [INFO] Capturing request: https://global.siteyaptim.live/bein2/tracks-v1a1/2026/08/23/07/34/08-10000.jpg
2026-08-23 07:34:35,980 [INFO] Capturing response: https://global.siteyaptim.live/bein2/tracks-v1a1/2026/08/23/07/34/08-10000.jpg 200 
2026-08-23 07:34:36,298 [INFO] Capturing request: https://global.siteyaptim.live/bein2/tracks-v1a1/2026/08/23/07/34/18-10000.jpg
2026-08-23 07:34:36,836 [INFO] Capturing response: https://global.siteyaptim.live/bein2/tracks-v1a1/2026/08/23/07/34/18-10000.jpg 200 
2026-08-23 07:34:37,144 [INFO] Capturing request: https://global.siteyaptim.live/bein2/tracks-v1a1/2026/08/23/07/34/28-10000.jpg
2026-08-23 07:34:37,748 [INFO] Capturing response: https://global.siteyaptim.live/bein2/tracks-v1a1/2026/08/23/07/34/28-10000.jpg 200 
2026-08-23 07:34:37,915 [INFO]   ✅ M3U8 bulundu: https://corestream.siteyaptim.live//bein2/tracks-v1a1/mono.m3u8
2026-08-23 07:34:38,917 [INFO] 
[3/14]
2026-08-23 07:34:38,917 [INFO] 🔍 beIN Sports 3 → https://www.atomsportv513.top/matches?id=bein-sports-3
2026-08-23 07:34:39,028 [INFO] Capturing request: https://www.atomsportv513.top/matches?id=bein-sports-3
2026-08-23 07:34:39,206 [INFO] Capturing response: https://www.atomsportv513.top/matches?id=bein-sports-3 200 
2026-08-23 07:34:39,335 [INFO] Capturing request: https://teletv5.top/load/yayinlink.php?id=bein-sports-3
2026-08-23 07:34:39,336 [INFO] Capturing request: https://www.atomsportv513.top/favicon.ico
2026-08-23 07:34:39,352 [INFO] Capturing response: https://teletv5.top/load/yayinlink.php?id=bein-sports-3 200 
2026-08-23 07:34:39,364 [INFO] Capturing response: https://www.atomsportv513.top/favicon.ico 200 
2026-08-23 07:34:39,431 [INFO] Capturing request: https://streamsport365.com/cinema
2026-08-23 07:34:39,674 [INFO] Capturing response: https://streamsport365.com/cinema 200 
2026-08-23 07:34:39,785 [INFO] Capturing request: https://www.atomsportv513.top/assets/img/player/player_logo_6a87a2e2eecc5.png
2026-08-23 07:34:39,798 [INFO] Capturing request: https://corestream.siteyaptim.live//bein3/tracks-v1a1/mono.m3u8
2026-08-23 07:34:39,897 [INFO] Capturing response: https://www.atomsportv513.top/assets/img/player/player_logo_6a87a2e2eecc5.png 304 
2026-08-23 07:34:39,920 [INFO] Capturing response: https://corestream.siteyaptim.live//bein3/tracks-v1a1/mono.m3u8 200 
2026-08-23 07:34:40,029 [INFO] Capturing request: https://global.siteyaptim.live/bein3/tracks-v1a1/2026/08/23/07/34/22-10000.jpg
2026-08-23 07:34:40,345 [INFO] Capturing response: https://global.siteyaptim.live/bein3/tracks-v1a1/2026/08/23/07/34/22-10000.jpg 200 
2026-08-23 07:34:40,554 [INFO] Capturing request: https://global.siteyaptim.live/bein3/tracks-v1a1/2026/08/23/07/34/32-10000.jpg
2026-08-23 07:34:40,876 [INFO] Capturing response: https://global.siteyaptim.live/bein3/tracks-v1a1/2026/08/23/07/34/32-10000.jpg 200 
2026-08-23 07:34:41,105 [INFO] Capturing request: https://global.siteyaptim.live/bein3/tracks-v1a1/2026/08/23/07/34/42-10000.jpg
2026-08-23 07:34:41,455 [INFO] Capturing response: https://global.siteyaptim.live/bein3/tracks-v1a1/2026/08/23/07/34/42-10000.jpg 200 
2026-08-23 07:34:42,279 [INFO]   ✅ M3U8 bulundu: https://corestream.siteyaptim.live//bein3/tracks-v1a1/mono.m3u8
2026-08-23 07:34:43,280 [INFO] 
[4/14]
2026-08-23 07:34:43,280 [INFO] 🔍 beIN Sports 4 → https://www.atomsportv513.top/matches?id=bein-sports-4
2026-08-23 07:34:43,389 [INFO] Capturing request: https://www.atomsportv513.top/matches?id=bein-sports-4
2026-08-23 07:34:43,565 [INFO] Capturing response: https://www.atomsportv513.top/matches?id=bein-sports-4 200 
2026-08-23 07:34:43,595 [INFO] Capturing request: https://streamsport365.com/cinema
2026-08-23 07:34:43,691 [INFO] Capturing request: https://teletv5.top/load/yayinlink.php?id=bein-sports-4
2026-08-23 07:34:43,693 [INFO] Capturing request: https://www.atomsportv513.top/favicon.ico
2026-08-23 07:34:43,708 [INFO] Capturing response: https://teletv5.top/load/yayinlink.php?id=bein-sports-4 200 
2026-08-23 07:34:43,718 [INFO] Capturing response: https://www.atomsportv513.top/favicon.ico 200 
2026-08-23 07:34:43,837 [INFO] Capturing response: https://streamsport365.com/cinema 200 
2026-08-23 07:34:43,947 [INFO] Capturing request: https://www.atomsportv513.top/assets/img/player/player_logo_6a87a2e2eecc5.png
2026-08-23 07:34:43,957 [INFO] Capturing request: https://corestream.siteyaptim.live//bein4/tracks-v1a1/mono.m3u8
2026-08-23 07:34:44,063 [INFO] Capturing response: https://www.atomsportv513.top/assets/img/player/player_logo_6a87a2e2eecc5.png 304 
2026-08-23 07:34:44,083 [INFO] Capturing response: https://corestream.siteyaptim.live//bein4/tracks-v1a1/mono.m3u8 200 
2026-08-23 07:34:44,234 [INFO] Capturing request: https://global.siteyaptim.live/bein4/tracks-v1a1/2026/08/23/07/34/23-10000.jpg
2026-08-23 07:34:44,570 [INFO] Capturing response: https://global.siteyaptim.live/bein4/tracks-v1a1/2026/08/23/07/34/23-10000.jpg 200 
2026-08-23 07:34:44,763 [INFO] Capturing request: https://global.siteyaptim.live/bein4/tracks-v1a1/2026/08/23/07/34/33-10000.jpg
2026-08-23 07:34:45,120 [INFO] Capturing response: https://global.siteyaptim.live/bein4/tracks-v1a1/2026/08/23/07/34/33-10000.jpg 200 
2026-08-23 07:34:45,356 [INFO] Capturing request: https://global.siteyaptim.live/bein4/tracks-v1a1/2026/08/23/07/34/43-10000.jpg
2026-08-23 07:34:45,680 [INFO] Capturing response: https://global.siteyaptim.live/bein4/tracks-v1a1/2026/08/23/07/34/43-10000.jpg 200 
2026-08-23 07:34:46,623 [INFO]   ✅ M3U8 bulundu: https://corestream.siteyaptim.live//bein4/tracks-v1a1/mono.m3u8
2026-08-23 07:34:47,623 [INFO] 
[5/14]
2026-08-23 07:34:47,623 [INFO] 🔍 beIN Sports 5 → https://www.atomsportv513.top/matches?id=bein-sports-5
2026-08-23 07:34:47,732 [INFO] Capturing request: https://www.atomsportv513.top/matches?id=bein-sports-5
2026-08-23 07:34:47,912 [INFO] Capturing response: https://www.atomsportv513.top/matches?id=bein-sports-5 200 
2026-08-23 07:34:48,041 [INFO] Capturing request: https://teletv5.top/load/yayinlink.php?id=bein-sports-5
2026-08-23 07:34:48,043 [INFO] Capturing request: https://www.atomsportv513.top/favicon.ico
2026-08-23 07:34:48,070 [INFO] Capturing response: https://www.atomsportv513.top/favicon.ico 200 
2026-08-23 07:34:48,139 [INFO] Capturing request: https://streamsport365.com/cinema
2026-08-23 07:34:48,393 [INFO] Capturing response: https://streamsport365.com/cinema 200 
2026-08-23 07:34:48,660 [INFO] Capturing response: https://teletv5.top/load/yayinlink.php?id=bein-sports-5 200 
2026-08-23 07:34:48,772 [INFO] Capturing request: https://www.atomsportv513.top/assets/img/player/player_logo_6a87a2e2eecc5.png
2026-08-23 07:34:48,780 [INFO] Capturing request: https://corestream.siteyaptim.live//bein5/tracks-v1a1/mono.m3u8
2026-08-23 07:34:48,886 [INFO] Capturing response: https://www.atomsportv513.top/assets/img/player/player_logo_6a87a2e2eecc5.png 304 
2026-08-23 07:34:48,908 [INFO] Capturing response: https://corestream.siteyaptim.live//bein5/tracks-v1a1/mono.m3u8 200 
2026-08-23 07:34:49,018 [INFO] Capturing request: https://global.siteyaptim.live/bein5/tracks-v1a1/2026/08/23/07/34/50-10000.jpg
2026-08-23 07:34:49,514 [INFO] Capturing response: https://global.siteyaptim.live/bein5/tracks-v1a1/2026/08/23/07/34/50-10000.jpg 200 
2026-08-23 07:34:49,844 [INFO] Capturing request: https://global.siteyaptim.live/bein5/tracks-v1a1/2026/08/23/07/35/00-10000.jpg
2026-08-23 07:34:50,775 [INFO] Capturing response: https://global.siteyaptim.live/bein5/tracks-v1a1/2026/08/23/07/35/00-10000.jpg 200 
2026-08-23 07:34:50,971 [INFO]   ✅ M3U8 bulundu: https://corestream.siteyaptim.live//bein5/tracks-v1a1/mono.m3u8
2026-08-23 07:34:51,090 [INFO] Capturing request: https://global.siteyaptim.live/bein5/tracks-v1a1/2026/08/23/07/35/10-06760.jpg
2026-08-23 07:34:51,547 [INFO] Capturing response: https://global.siteyaptim.live/bein5/tracks-v1a1/2026/08/23/07/35/10-06760.jpg 200 
2026-08-23 07:34:51,811 [INFO] Capturing request: https://global.siteyaptim.live/bein5/tracks-v1a1/2026/08/23/07/35/17-08800.jpg
2026-08-23 07:34:51,971 [INFO] 
[6/14]
2026-08-23 07:34:51,972 [INFO] 🔍 beIN Sports Max 1 → https://www.atomsportv513.top/matches?id=bein-sports-max-1
2026-08-23 07:34:52,088 [INFO] Capturing request: https://www.atomsportv513.top/matches?id=bein-sports-max-1
2026-08-23 07:34:52,383 [INFO] Capturing response: https://global.siteyaptim.live/bein5/tracks-v1a1/2026/08/23/07/35/17-08800.jpg 200 
2026-08-23 07:34:52,406 [INFO] Capturing response: https://www.atomsportv513.top/matches?id=bein-sports-max-1 200 
2026-08-23 07:34:52,447 [INFO] Capturing request: https://streamsport365.com/cinema
2026-08-23 07:34:52,546 [INFO] Capturing request: https://teletv5.top/load/yayinlink.php?id=bein-sports-max-1
2026-08-23 07:34:52,548 [INFO] Capturing request: https://www.atomsportv513.top/favicon.ico
2026-08-23 07:34:52,574 [INFO] Capturing response: https://www.atomsportv513.top/favicon.ico 200 
2026-08-23 07:34:52,701 [INFO] Capturing response: https://streamsport365.com/cinema 200 
2026-08-23 07:34:52,706 [INFO] Capturing response: https://teletv5.top/load/yayinlink.php?id=bein-sports-max-1 200 
2026-08-23 07:34:59,576 [INFO] Capturing request: https://android.clients.google.com/c2dm/register3
2026-08-23 07:34:59,618 [INFO] Capturing response: https://android.clients.google.com/c2dm/register3 301 
2026-08-23 07:35:25,708 [WARNING]   ❌ beIN Sports Max 1 için M3U8 bulunamadı
2026-08-23 07:35:26,709 [INFO] 
[7/14]
2026-08-23 07:35:26,709 [INFO] 🔍 beIN Sports Max 2 → https://www.atomsportv513.top/matches?id=bein-sports-max-2
2026-08-23 07:35:26,817 [INFO] Capturing request: https://www.atomsportv513.top/matches?id=bein-sports-max-2
2026-08-23 07:35:27,132 [INFO] Capturing response: https://www.atomsportv513.top/matches?id=bein-sports-max-2 200 
2026-08-23 07:35:27,263 [INFO] Capturing request: https://www.atomsportv513.top/favicon.ico
2026-08-23 07:35:27,264 [INFO] Capturing request: https://teletv5.top/load/yayinlink.php?id=bein-sports-max-2
2026-08-23 07:35:27,289 [INFO] Capturing response: https://www.atomsportv513.top/favicon.ico 200 
2026-08-23 07:35:27,360 [INFO] Capturing request: https://streamsport365.com/cinema
2026-08-23 07:35:27,428 [INFO] Capturing response: https://teletv5.top/load/yayinlink.php?id=bein-sports-max-2 200 
2026-08-23 07:35:27,603 [INFO] Capturing response: https://streamsport365.com/cinema 200 
2026-08-23 07:35:29,435 [INFO] Capturing request: https://update.googleapis.com/service/update2/json?cup2key=16:qaYI3UIe5gZyTbxftxCysU0PQbq1Ixf6zJs_1O-EVxY&cup2hreq=72f4260a5566c3da40e0948aed8bf23281a47c723993ad08c7b7f8054fad0c82
2026-08-23 07:35:29,461 [INFO] Capturing response: https://update.googleapis.com/service/update2/json?cup2key=16:qaYI3UIe5gZyTbxftxCysU0PQbq1Ixf6zJs_1O-EVxY&cup2hreq=72f4260a5566c3da40e0948aed8bf23281a47c723993ad08c7b7f8054fad0c82 200 
2026-08-23 07:35:29,467 [INFO] Capturing request: http://edgedl.me.gvt1.com/edgedl/diffgen-puffin/gcmjkmgdlgnkkcocmoeiminaijmmjnii/6ca5bdb9f3e2cd83b7e359729bc6c33c4fe975ec499861d969b3e080320849ff
2026-08-23 07:35:29,479 [INFO] Capturing response: http://edgedl.me.gvt1.com/edgedl/diffgen-puffin/gcmjkmgdlgnkkcocmoeiminaijmmjnii/6ca5bdb9f3e2cd83b7e359729bc6c33c4fe975ec499861d969b3e080320849ff 200 OK
2026-08-23 07:35:29,503 [INFO] Capturing request: https://update.googleapis.com/service/update2/json
2026-08-23 07:35:29,525 [INFO] Capturing response: https://update.googleapis.com/service/update2/json 200 
2026-08-23 07:35:29,569 [INFO] Capturing request: http://edgedl.me.gvt1.com/edgedl/release2/chrome_component/pii3rvjw74jn5qtrx5a2yp2b6a_10733/hfnkpimlhhgieaddgfemjhofmfblmnib_10733_all_ad75arotihys34voy3hmuznew3va.crx3
2026-08-23 07:35:29,584 [INFO] Capturing response: http://edgedl.me.gvt1.com/edgedl/release2/chrome_component/pii3rvjw74jn5qtrx5a2yp2b6a_10733/hfnkpimlhhgieaddgfemjhofmfblmnib_10733_all_ad75arotihys34voy3hmuznew3va.crx3 200 OK
2026-08-23 07:35:29,614 [INFO] Capturing request: https://update.googleapis.com/service/update2/json
2026-08-23 07:35:29,636 [INFO] Capturing response: https://update.googleapis.com/service/update2/json 200 
2026-08-23 07:35:50,261 [INFO] Capturing request: https://android.clients.google.com/c2dm/register3
2026-08-23 07:35:50,313 [INFO] Capturing response: https://android.clients.google.com/c2dm/register3 301 
2026-08-23 07:36:00,415 [WARNING]   ❌ beIN Sports Max 2 için M3U8 bulunamadı
2026-08-23 07:36:01,415 [INFO] 
[8/14]
2026-08-23 07:36:01,416 [INFO] 🔍 S Sport → https://www.atomsportv513.top/matches?id=s-sport
2026-08-23 07:36:01,558 [INFO] Capturing request: https://www.atomsportv513.top/matches?id=s-sport
2026-08-23 07:36:01,876 [INFO] Capturing response: https://www.atomsportv513.top/matches?id=s-sport 200 
2026-08-23 07:36:02,040 [INFO] Capturing request: https://www.atomsportv513.top/favicon.ico
2026-08-23 07:36:02,072 [INFO] Capturing response: https://www.atomsportv513.top/favicon.ico 200 
2026-08-23 07:36:02,073 [INFO] Capturing request: https://teletv5.top/load/yayinlink.php?id=s-sport
2026-08-23 07:36:02,108 [INFO] Capturing response: https://teletv5.top/load/yayinlink.php?id=s-sport 200 
2026-08-23 07:36:02,541 [INFO] Capturing request: https://streamsport365.com/cinema
2026-08-23 07:36:02,782 [INFO] Capturing response: https://streamsport365.com/cinema 200 
2026-08-23 07:36:02,894 [INFO] Capturing request: https://www.atomsportv513.top/assets/img/player/player_logo_6a87a2e2eecc5.png
2026-08-23 07:36:02,937 [INFO] Capturing request: https://corestream.siteyaptim.live//s-sport/tracks-v1a1/mono.m3u8
2026-08-23 07:36:03,010 [INFO] Capturing response: https://www.atomsportv513.top/assets/img/player/player_logo_6a87a2e2eecc5.png 304 
2026-08-23 07:36:03,594 [INFO] Capturing response: https://corestream.siteyaptim.live//s-sport/tracks-v1a1/mono.m3u8 200 
2026-08-23 07:36:03,777 [INFO] Capturing request: https://global.siteyaptim.live/s-sport/tracks-v1a1/2026/08/23/07/35/54-05000.jpg
2026-08-23 07:36:04,361 [INFO] Capturing response: https://global.siteyaptim.live/s-sport/tracks-v1a1/2026/08/23/07/35/54-05000.jpg 200 
2026-08-23 07:36:04,615 [INFO] Capturing request: https://global.siteyaptim.live/s-sport/tracks-v1a1/2026/08/23/07/35/59-05000.jpg
2026-08-23 07:36:04,922 [INFO] Capturing response: https://global.siteyaptim.live/s-sport/tracks-v1a1/2026/08/23/07/35/59-05000.jpg 200 
2026-08-23 07:36:04,957 [INFO]   ✅ M3U8 bulundu: https://corestream.siteyaptim.live//s-sport/tracks-v1a1/mono.m3u8
2026-08-23 07:36:05,166 [INFO] Capturing request: https://global.siteyaptim.live/s-sport/tracks-v1a1/2026/08/23/07/36/04-05000.jpg
2026-08-23 07:36:05,546 [INFO] Capturing response: https://global.siteyaptim.live/s-sport/tracks-v1a1/2026/08/23/07/36/04-05000.jpg 200 
2026-08-23 07:36:05,957 [INFO] 
[9/14]
2026-08-23 07:36:05,958 [INFO] 🔍 S Sport 2 → https://www.atomsportv513.top/matches?id=s-sport-2
2026-08-23 07:36:06,069 [INFO] Capturing request: https://www.atomsportv513.top/matches?id=s-sport-2
2026-08-23 07:36:06,254 [INFO] Capturing response: https://www.atomsportv513.top/matches?id=s-sport-2 200 
2026-08-23 07:36:06,285 [INFO] Capturing request: https://streamsport365.com/cinema
2026-08-23 07:36:06,383 [INFO] Capturing request: https://teletv5.top/load/yayinlink.php?id=s-sport-2
2026-08-23 07:36:06,391 [INFO] Capturing request: https://www.atomsportv513.top/favicon.ico
2026-08-23 07:36:06,402 [INFO] Capturing response: https://teletv5.top/load/yayinlink.php?id=s-sport-2 200 
2026-08-23 07:36:06,418 [INFO] Capturing response: https://www.atomsportv513.top/favicon.ico 200 
2026-08-23 07:36:06,539 [INFO] Capturing response: https://streamsport365.com/cinema 200 
2026-08-23 07:36:06,649 [INFO] Capturing request: https://www.atomsportv513.top/assets/img/player/player_logo_6a87a2e2eecc5.png
2026-08-23 07:36:06,659 [INFO] Capturing request: https://corestream.siteyaptim.live//s-sport2/tracks-v1a1/mono.m3u8
2026-08-23 07:36:06,767 [INFO] Capturing response: https://www.atomsportv513.top/assets/img/player/player_logo_6a87a2e2eecc5.png 304 
2026-08-23 07:36:06,781 [INFO] Capturing response: https://corestream.siteyaptim.live//s-sport2/tracks-v1a1/mono.m3u8 200 
2026-08-23 07:36:06,890 [INFO] Capturing request: https://global.siteyaptim.live/s-sport2/tracks-v1a1/2026/08/23/07/37/32-06000.jpg
2026-08-23 07:36:07,232 [INFO] Capturing response: https://global.siteyaptim.live/s-sport2/tracks-v1a1/2026/08/23/07/37/32-06000.jpg 200 
2026-08-23 07:36:07,544 [INFO] Capturing request: https://global.siteyaptim.live/s-sport2/tracks-v1a1/2026/08/23/07/37/38-06000.jpg
2026-08-23 07:36:07,918 [INFO] Capturing response: https://global.siteyaptim.live/s-sport2/tracks-v1a1/2026/08/23/07/37/38-06000.jpg 200 
2026-08-23 07:36:08,218 [INFO] Capturing request: https://global.siteyaptim.live/s-sport2/tracks-v1a1/2026/08/23/07/37/44-06000.jpg
2026-08-23 07:36:08,603 [INFO] Capturing response: https://global.siteyaptim.live/s-sport2/tracks-v1a1/2026/08/23/07/37/44-06000.jpg 200 
2026-08-23 07:36:09,319 [INFO]   ✅ M3U8 bulundu: https://corestream.siteyaptim.live//s-sport2/tracks-v1a1/mono.m3u8
2026-08-23 07:36:10,320 [INFO] 
[10/14]
2026-08-23 07:36:10,320 [INFO] 🔍 A Spor → https://www.atomsportv513.top/matches?id=a-spor
2026-08-23 07:36:10,430 [INFO] Capturing request: https://www.atomsportv513.top/matches?id=a-spor
2026-08-23 07:36:10,640 [INFO] Capturing response: https://www.atomsportv513.top/matches?id=a-spor 200 
2026-08-23 07:36:10,768 [INFO] Capturing request: https://teletv5.top/load/yayinlink.php?id=a-spor
2026-08-23 07:36:10,773 [INFO] Capturing request: https://www.atomsportv513.top/favicon.ico
2026-08-23 07:36:10,796 [INFO] Capturing response: https://www.atomsportv513.top/favicon.ico 200 
2026-08-23 07:36:10,867 [INFO] Capturing request: https://streamsport365.com/cinema
2026-08-23 07:36:11,102 [INFO] Capturing response: https://teletv5.top/load/yayinlink.php?id=a-spor 200 
2026-08-23 07:36:11,133 [INFO] Capturing response: https://streamsport365.com/cinema 200 
2026-08-23 07:36:11,242 [INFO] Capturing request: https://www.atomsportv513.top/assets/img/player/player_logo_6a87a2e2eecc5.png
2026-08-23 07:36:11,254 [INFO] Capturing request: https://corestream.siteyaptim.live//aspor/tracks-v1a1/mono.m3u8
2026-08-23 07:36:11,354 [INFO] Capturing response: https://www.atomsportv513.top/assets/img/player/player_logo_6a87a2e2eecc5.png 304 
2026-08-23 07:36:11,386 [INFO] Capturing response: https://corestream.siteyaptim.live//aspor/tracks-v1a1/mono.m3u8 404 
2026-08-23 07:36:13,512 [INFO] Capturing request: https://corestream.siteyaptim.live//aspor/tracks-v1a1/mono.m3u8
2026-08-23 07:36:13,628 [INFO] Capturing response: https://corestream.siteyaptim.live//aspor/tracks-v1a1/mono.m3u8 404 
2026-08-23 07:36:13,686 [INFO]   ✅ M3U8 bulundu: https://corestream.siteyaptim.live//aspor/tracks-v1a1/mono.m3u8
2026-08-23 07:36:14,686 [INFO] 
[11/14]
2026-08-23 07:36:14,686 [INFO] 🔍 Tivibu Spor 1 → https://www.atomsportv513.top/matches?id=tivibu-spor-1
2026-08-23 07:36:14,794 [INFO] Capturing request: https://www.atomsportv513.top/matches?id=tivibu-spor-1
2026-08-23 07:36:14,972 [INFO] Capturing response: https://www.atomsportv513.top/matches?id=tivibu-spor-1 200 
2026-08-23 07:36:15,001 [INFO] Capturing request: https://streamsport365.com/cinema
2026-08-23 07:36:15,103 [INFO] Capturing request: https://teletv5.top/load/yayinlink.php?id=tivibu-spor-1
2026-08-23 07:36:15,104 [INFO] Capturing request: https://www.atomsportv513.top/favicon.ico
2026-08-23 07:36:15,121 [INFO] Capturing response: https://teletv5.top/load/yayinlink.php?id=tivibu-spor-1 200 
2026-08-23 07:36:15,159 [INFO] Capturing response: https://www.atomsportv513.top/favicon.ico 200 
2026-08-23 07:36:15,250 [INFO] Capturing response: https://streamsport365.com/cinema 200 
2026-08-23 07:36:48,232 [WARNING]   ❌ Tivibu Spor 1 için M3U8 bulunamadı
2026-08-23 07:36:49,233 [INFO] 
[12/14]
2026-08-23 07:36:49,233 [INFO] 🔍 Tivibu Spor 2 → https://www.atomsportv513.top/matches?id=tivibu-spor-2
2026-08-23 07:36:49,341 [INFO] Capturing request: https://www.atomsportv513.top/matches?id=tivibu-spor-2
2026-08-23 07:36:49,657 [INFO] Capturing response: https://www.atomsportv513.top/matches?id=tivibu-spor-2 200 
2026-08-23 07:36:49,789 [INFO] Capturing request: https://teletv5.top/load/yayinlink.php?id=tivibu-spor-2
2026-08-23 07:36:49,792 [INFO] Capturing request: https://www.atomsportv513.top/favicon.ico
2026-08-23 07:36:49,824 [INFO] Capturing response: https://www.atomsportv513.top/favicon.ico 200 
2026-08-23 07:36:49,886 [INFO] Capturing request: https://streamsport365.com/cinema
2026-08-23 07:36:50,067 [INFO] Capturing response: https://teletv5.top/load/yayinlink.php?id=tivibu-spor-2 200 
2026-08-23 07:36:50,130 [INFO] Capturing response: https://streamsport365.com/cinema 200 
2026-08-23 07:37:22,924 [WARNING]   ❌ Tivibu Spor 2 için M3U8 bulunamadı
2026-08-23 07:37:23,924 [INFO] 
[13/14]
2026-08-23 07:37:23,924 [INFO] 🔍 Tivibu Spor 3 → https://www.atomsportv513.top/matches?id=tivibu-spor-3
2026-08-23 07:37:24,033 [INFO] Capturing request: https://www.atomsportv513.top/matches?id=tivibu-spor-3
2026-08-23 07:37:24,347 [INFO] Capturing response: https://www.atomsportv513.top/matches?id=tivibu-spor-3 200 
2026-08-23 07:37:24,478 [INFO] Capturing request: https://teletv5.top/load/yayinlink.php?id=tivibu-spor-3
2026-08-23 07:37:24,481 [INFO] Capturing request: https://www.atomsportv513.top/favicon.ico
2026-08-23 07:37:24,506 [INFO] Capturing response: https://www.atomsportv513.top/favicon.ico 200 
2026-08-23 07:37:24,578 [INFO] Capturing request: https://streamsport365.com/cinema
2026-08-23 07:37:24,652 [INFO] Capturing response: https://teletv5.top/load/yayinlink.php?id=tivibu-spor-3 200 
2026-08-23 07:37:24,822 [INFO] Capturing response: https://streamsport365.com/cinema 200 
2026-08-23 07:37:40,206 [INFO] Capturing request: https://android.clients.google.com/c2dm/register3
2026-08-23 07:37:40,254 [INFO] Capturing response: https://android.clients.google.com/c2dm/register3 301 
2026-08-23 07:37:57,618 [WARNING]   ❌ Tivibu Spor 3 için M3U8 bulunamadı
2026-08-23 07:37:58,618 [INFO] 
[14/14]
2026-08-23 07:37:58,618 [INFO] 🔍 Tivibu Spor 4 → https://www.atomsportv513.top/matches?id=tivibu-spor-4
2026-08-23 07:37:58,726 [INFO] Capturing request: https://www.atomsportv513.top/matches?id=tivibu-spor-4
2026-08-23 07:37:59,114 [INFO] Capturing response: https://www.atomsportv513.top/matches?id=tivibu-spor-4 200 
2026-08-23 07:37:59,250 [INFO] Capturing request: https://teletv5.top/load/yayinlink.php?id=tivibu-spor-4
2026-08-23 07:37:59,254 [INFO] Capturing request: https://www.atomsportv513.top/favicon.ico
2026-08-23 07:37:59,278 [INFO] Capturing response: https://www.atomsportv513.top/favicon.ico 200 
2026-08-23 07:37:59,350 [INFO] Capturing request: https://streamsport365.com/cinema
2026-08-23 07:37:59,421 [INFO] Capturing response: https://teletv5.top/load/yayinlink.php?id=tivibu-spor-4 200 
2026-08-23 07:37:59,600 [INFO] Capturing response: https://streamsport365.com/cinema 200 
2026-08-23 07:38:32,396 [WARNING]   ❌ Tivibu Spor 4 için M3U8 bulunamadı
2026-08-23 07:38:33,464 [INFO] ✅ 8 kanal bulundu, playlist.m3u kaydedildi
