2026-08-06 00:07:35,469 [INFO] 🌐 BASE_URL: https://www.atomsportv512.top
2026-08-06 00:07:36,123 [INFO] Başlanıyor... 14 kanal taranacak
2026-08-06 00:07:36,123 [INFO] Using default request storage
2026-08-06 00:07:36,128 [INFO] Created proxy listening on 127.0.0.1:44991
2026-08-06 00:07:36,821 [INFO] Capturing request: http://clients2.google.com/time/1/current?cup2key=10:cKmb9R4t9pHalZIMGQ4g-tV1wmVGw-LqqtGlFArSbNk&cup2hreq=e3b0c44298fc1c149afbf4c8996fb92427ae41e4649b934ca495991b7852b855
2026-08-06 00:07:36,947 [INFO] Capturing response: http://clients2.google.com/time/1/current?cup2key=10:cKmb9R4t9pHalZIMGQ4g-tV1wmVGw-LqqtGlFArSbNk&cup2hreq=e3b0c44298fc1c149afbf4c8996fb92427ae41e4649b934ca495991b7852b855 200 OK
2026-08-06 00:07:37,039 [INFO] 
[1/14]
2026-08-06 00:07:37,043 [INFO] 🔍 beIN Sports 1 → https://www.atomsportv512.top/matches?id=bein-sports-1
2026-08-06 00:07:37,160 [INFO] Capturing request: https://accounts.google.com/ListAccounts?gpsia=1&source=ChromiumBrowser&json=standard&laf=b64bin
2026-08-06 00:07:37,162 [INFO] Capturing request: https://update.googleapis.com/service/update2/json?cup2key=16:kVs_s5NsX1vK9QYIVlMw9WRNdvaIWT8kgZxd1pgg3EM&cup2hreq=79ff4977e36993dd2b0308dbb9a28c29843cd3cd94acdd838564f74121931418
2026-08-06 00:07:37,236 [INFO] Capturing response: https://accounts.google.com/ListAccounts?gpsia=1&source=ChromiumBrowser&json=standard&laf=b64bin 200 
2026-08-06 00:07:37,240 [INFO] Capturing response: https://update.googleapis.com/service/update2/json?cup2key=16:kVs_s5NsX1vK9QYIVlMw9WRNdvaIWT8kgZxd1pgg3EM&cup2hreq=79ff4977e36993dd2b0308dbb9a28c29843cd3cd94acdd838564f74121931418 200 
2026-08-06 00:07:37,251 [INFO] Capturing request: https://www.google.com/async/folae?async=_fmt:pb&udm=50&client_locale=en-US&client_country=ZZ
2026-08-06 00:07:37,266 [INFO] Capturing request: https://www.atomsportv512.top/matches?id=bein-sports-1
2026-08-06 00:07:37,288 [INFO] Capturing request: https://update.googleapis.com/service/update2/json?cup2key=16:7yhaFw8g7ssKWZK_MxyEWb4BugNUzl07WvU3K9k_mVY&cup2hreq=6834eceebd59749cc73d13016076b63417fe5c699c48835e11708a2500bcdf67
2026-08-06 00:07:37,292 [INFO] Capturing response: https://www.google.com/async/folae?async=_fmt:pb&udm=50&client_locale=en-US&client_country=ZZ 200 
2026-08-06 00:07:37,352 [INFO] Capturing response: https://update.googleapis.com/service/update2/json?cup2key=16:7yhaFw8g7ssKWZK_MxyEWb4BugNUzl07WvU3K9k_mVY&cup2hreq=6834eceebd59749cc73d13016076b63417fe5c699c48835e11708a2500bcdf67 200 
2026-08-06 00:07:37,398 [INFO] Capturing request: https://update.googleapis.com/service/update2/json?cup2key=16:UZsuO3UDl4kNl6HQtjP2cs6aTpfiX42AJnDKnJuAGJI&cup2hreq=52d5d825f89ccc8f85832762028ff2b7984b7c5fda818488ec0aba8211744eaa
2026-08-06 00:07:37,460 [INFO] Capturing response: https://update.googleapis.com/service/update2/json?cup2key=16:UZsuO3UDl4kNl6HQtjP2cs6aTpfiX42AJnDKnJuAGJI&cup2hreq=52d5d825f89ccc8f85832762028ff2b7984b7c5fda818488ec0aba8211744eaa 200 
2026-08-06 00:07:37,484 [INFO] Capturing request: https://www.google.com/async/folae?async=_fmt:pb&udm=50&client_locale=en-US&client_country=ZZ
2026-08-06 00:07:37,522 [INFO] Capturing response: https://www.google.com/async/folae?async=_fmt:pb&udm=50&client_locale=en-US&client_country=ZZ 200 
2026-08-06 00:07:37,772 [INFO] Capturing response: https://www.atomsportv512.top/matches?id=bein-sports-1 200 
2026-08-06 00:07:38,000 [INFO] Capturing request: https://cdn.jsdelivr.net/npm/@clappr/player@0.11.16/dist/clappr.min.js
2026-08-06 00:07:38,015 [INFO] Capturing request: https://cdn.jsdelivr.net/npm/level-selector/dist/level-selector.min.js
2026-08-06 00:07:38,015 [INFO] Capturing request: https://cdn.jsdelivr.net/npm/@clappr/hlsjs-playback@1.8.3/dist/hlsjs-playback.min.js
2026-08-06 00:07:38,062 [INFO] Capturing response: https://cdn.jsdelivr.net/npm/level-selector/dist/level-selector.min.js 200 
2026-08-06 00:07:38,159 [INFO] Capturing response: https://cdn.jsdelivr.net/npm/@clappr/player@0.11.16/dist/clappr.min.js 200 
2026-08-06 00:07:38,187 [INFO] Capturing response: https://cdn.jsdelivr.net/npm/@clappr/hlsjs-playback@1.8.3/dist/hlsjs-playback.min.js 200 
2026-08-06 00:07:38,366 [INFO] Capturing request: https://www.atomsportv512.top/favicon.ico
2026-08-06 00:07:38,427 [INFO] Capturing response: https://www.atomsportv512.top/favicon.ico 200 
2026-08-06 00:07:38,473 [INFO] Capturing request: https://teletv5.top/load/yayinlink.php?id=bein-sports-1
2026-08-06 00:07:38,804 [INFO] Capturing response: https://teletv5.top/load/yayinlink.php?id=bein-sports-1 200 
2026-08-06 00:07:38,962 [INFO] Capturing request: https://streamsport365.com/cinema
2026-08-06 00:07:39,254 [INFO] Capturing response: https://streamsport365.com/cinema 200 
2026-08-06 00:07:39,385 [INFO] Capturing request: https://www.atomsportv512.top/assets/img/player/player_logo_6a72b29dbcd89.png
2026-08-06 00:07:39,454 [INFO] Capturing response: https://www.atomsportv512.top/assets/img/player/player_logo_6a72b29dbcd89.png 200 
2026-08-06 00:07:39,502 [INFO] Capturing request: https://corestream.siteyaptim.live//telegramardaspor/tracks-v1a1/mono.m3u8
2026-08-06 00:07:39,651 [INFO] Capturing response: https://corestream.siteyaptim.live//telegramardaspor/tracks-v1a1/mono.m3u8 200 
2026-08-06 00:07:39,906 [INFO] Capturing request: https://global.siteyaptim.live/telegramardaspor/tracks-v1a1/2026/08/06/00/07/47-06000.jpg
2026-08-06 00:07:40,501 [INFO] Capturing request: https://android.clients.google.com/checkin
2026-08-06 00:07:40,608 [INFO] Capturing response: https://android.clients.google.com/checkin 200 
2026-08-06 00:07:40,660 [INFO] Capturing request: https://android.clients.google.com/c2dm/register3
2026-08-06 00:07:40,662 [INFO] Capturing request: https://android.clients.google.com/c2dm/register3
2026-08-06 00:07:40,663 [INFO] Capturing request: https://android.clients.google.com/c2dm/register3
2026-08-06 00:07:40,714 [INFO] Capturing response: https://android.clients.google.com/c2dm/register3 301 
2026-08-06 00:07:40,725 [INFO] Capturing response: https://android.clients.google.com/c2dm/register3 200 
2026-08-06 00:07:40,964 [INFO] Capturing response: https://global.siteyaptim.live/telegramardaspor/tracks-v1a1/2026/08/06/00/07/47-06000.jpg 200 
2026-08-06 00:07:41,207 [INFO] Capturing request: https://global.siteyaptim.live/telegramardaspor/tracks-v1a1/2026/08/06/00/07/53-06000.jpg
2026-08-06 00:07:41,294 [INFO]   ✅ M3U8 bulundu: https://corestream.siteyaptim.live//telegramardaspor/tracks-v1a1/mono.m3u8
2026-08-06 00:07:41,503 [INFO] Capturing response: https://android.clients.google.com/c2dm/register3 200 
2026-08-06 00:07:42,295 [INFO] 
[2/14]
2026-08-06 00:07:42,295 [INFO] 🔍 beIN Sports 2 → https://www.atomsportv512.top/matches?id=bein-sports-2
2026-08-06 00:07:42,320 [INFO] Capturing response: https://global.siteyaptim.live/telegramardaspor/tracks-v1a1/2026/08/06/00/07/53-06000.jpg 200 
2026-08-06 00:07:42,407 [INFO] Capturing request: https://www.atomsportv512.top/matches?id=bein-sports-2
2026-08-06 00:07:42,522 [INFO] Capturing request: https://global.siteyaptim.live/telegramardaspor/tracks-v1a1/2026/08/06/00/07/59-06000.jpg
2026-08-06 00:07:42,616 [INFO] Capturing response: https://www.atomsportv512.top/matches?id=bein-sports-2 200 
2026-08-06 00:07:42,671 [INFO] Capturing request: https://streamsport365.com/cinema
2026-08-06 00:07:42,768 [INFO] Capturing request: https://teletv5.top/load/yayinlink.php?id=bein-sports-2
2026-08-06 00:07:42,770 [INFO] Capturing request: https://www.atomsportv512.top/favicon.ico
2026-08-06 00:07:42,816 [INFO] Capturing response: https://www.atomsportv512.top/favicon.ico 200 
2026-08-06 00:07:42,943 [INFO] Capturing response: https://teletv5.top/load/yayinlink.php?id=bein-sports-2 200 
2026-08-06 00:07:42,980 [INFO] Capturing response: https://streamsport365.com/cinema 200 
2026-08-06 00:07:43,094 [INFO] Capturing request: https://www.atomsportv512.top/assets/img/player/player_logo_6a72b29dbcd89.png
2026-08-06 00:07:43,106 [INFO] Capturing request: https://corestream.siteyaptim.live//bein2/tracks-v1a1/mono.m3u8
2026-08-06 00:07:43,223 [INFO] Capturing response: https://www.atomsportv512.top/assets/img/player/player_logo_6a72b29dbcd89.png 304 
2026-08-06 00:07:43,250 [INFO] Capturing response: https://corestream.siteyaptim.live//bein2/tracks-v1a1/mono.m3u8 200 
2026-08-06 00:07:43,356 [INFO] Capturing response: https://global.siteyaptim.live/telegramardaspor/tracks-v1a1/2026/08/06/00/07/59-06000.jpg 200 
2026-08-06 00:07:43,360 [INFO] Capturing request: https://global.siteyaptim.live/bein2/tracks-v1a1/2026/08/06/00/07/34-05000.jpg
2026-08-06 00:07:44,050 [INFO] Capturing response: https://global.siteyaptim.live/bein2/tracks-v1a1/2026/08/06/00/07/34-05000.jpg 200 
2026-08-06 00:07:44,245 [INFO] Capturing request: https://global.siteyaptim.live/bein2/tracks-v1a1/2026/08/06/00/07/39-05000.jpg
2026-08-06 00:07:44,830 [INFO] Capturing response: https://global.siteyaptim.live/bein2/tracks-v1a1/2026/08/06/00/07/39-05000.jpg 200 
2026-08-06 00:07:45,022 [INFO] Capturing request: https://global.siteyaptim.live/bein2/tracks-v1a1/2026/08/06/00/07/44-05000.jpg
2026-08-06 00:07:45,604 [INFO] Capturing response: https://global.siteyaptim.live/bein2/tracks-v1a1/2026/08/06/00/07/44-05000.jpg 200 
2026-08-06 00:07:45,688 [INFO]   ✅ M3U8 bulundu: https://corestream.siteyaptim.live//bein2/tracks-v1a1/mono.m3u8
2026-08-06 00:07:46,689 [INFO] 
[3/14]
2026-08-06 00:07:46,689 [INFO] 🔍 beIN Sports 3 → https://www.atomsportv512.top/matches?id=bein-sports-3
2026-08-06 00:07:46,799 [INFO] Capturing request: https://www.atomsportv512.top/matches?id=bein-sports-3
2026-08-06 00:07:47,013 [INFO] Capturing response: https://www.atomsportv512.top/matches?id=bein-sports-3 200 
2026-08-06 00:07:47,145 [INFO] Capturing request: https://teletv5.top/load/yayinlink.php?id=bein-sports-3
2026-08-06 00:07:47,149 [INFO] Capturing request: https://www.atomsportv512.top/favicon.ico
2026-08-06 00:07:47,197 [INFO] Capturing response: https://www.atomsportv512.top/favicon.ico 200 
2026-08-06 00:07:47,271 [INFO] Capturing request: https://streamsport365.com/cinema
2026-08-06 00:07:47,321 [INFO] Capturing response: https://teletv5.top/load/yayinlink.php?id=bein-sports-3 200 
2026-08-06 00:07:47,574 [INFO] Capturing response: https://streamsport365.com/cinema 200 
2026-08-06 00:07:47,684 [INFO] Capturing request: https://www.atomsportv512.top/assets/img/player/player_logo_6a72b29dbcd89.png
2026-08-06 00:07:47,693 [INFO] Capturing request: https://corestream.siteyaptim.live//bein3/tracks-v1a1/mono.m3u8
2026-08-06 00:07:47,814 [INFO] Capturing response: https://www.atomsportv512.top/assets/img/player/player_logo_6a72b29dbcd89.png 304 
2026-08-06 00:07:47,836 [INFO] Capturing response: https://corestream.siteyaptim.live//bein3/tracks-v1a1/mono.m3u8 200 
2026-08-06 00:07:47,945 [INFO] Capturing request: https://global.siteyaptim.live/bein3/tracks-v1a1/2026/08/06/00/07/01-05000.jpg
2026-08-06 00:07:48,584 [INFO] Capturing response: https://global.siteyaptim.live/bein3/tracks-v1a1/2026/08/06/00/07/01-05000.jpg 200 
2026-08-06 00:07:48,747 [INFO] Capturing request: https://global.siteyaptim.live/bein3/tracks-v1a1/2026/08/06/00/07/06-05000.jpg
2026-08-06 00:07:49,476 [INFO] Capturing response: https://global.siteyaptim.live/bein3/tracks-v1a1/2026/08/06/00/07/06-05000.jpg 200 
2026-08-06 00:07:49,681 [INFO] Capturing request: https://global.siteyaptim.live/bein3/tracks-v1a1/2026/08/06/00/07/11-05000.jpg
2026-08-06 00:07:50,071 [INFO]   ✅ M3U8 bulundu: https://corestream.siteyaptim.live//bein3/tracks-v1a1/mono.m3u8
2026-08-06 00:07:50,348 [INFO] Capturing response: https://global.siteyaptim.live/bein3/tracks-v1a1/2026/08/06/00/07/11-05000.jpg 200 
2026-08-06 00:07:51,071 [INFO] 
[4/14]
2026-08-06 00:07:51,071 [INFO] 🔍 beIN Sports 4 → https://www.atomsportv512.top/matches?id=bein-sports-4
2026-08-06 00:07:51,180 [INFO] Capturing request: https://www.atomsportv512.top/matches?id=bein-sports-4
2026-08-06 00:07:51,392 [INFO] Capturing response: https://www.atomsportv512.top/matches?id=bein-sports-4 200 
2026-08-06 00:07:51,427 [INFO] Capturing request: https://streamsport365.com/cinema
2026-08-06 00:07:51,527 [INFO] Capturing request: https://teletv5.top/load/yayinlink.php?id=bein-sports-4
2026-08-06 00:07:51,529 [INFO] Capturing request: https://www.atomsportv512.top/favicon.ico
2026-08-06 00:07:51,573 [INFO] Capturing response: https://www.atomsportv512.top/favicon.ico 200 
2026-08-06 00:07:51,703 [INFO] Capturing response: https://teletv5.top/load/yayinlink.php?id=bein-sports-4 200 
2026-08-06 00:07:51,731 [INFO] Capturing response: https://streamsport365.com/cinema 200 
2026-08-06 00:07:51,854 [INFO] Capturing request: https://www.atomsportv512.top/assets/img/player/player_logo_6a72b29dbcd89.png
2026-08-06 00:07:51,862 [INFO] Capturing request: https://corestream.siteyaptim.live//bein4/tracks-v1a1/mono.m3u8
2026-08-06 00:07:51,985 [INFO] Capturing response: https://www.atomsportv512.top/assets/img/player/player_logo_6a72b29dbcd89.png 304 
2026-08-06 00:07:52,006 [INFO] Capturing response: https://corestream.siteyaptim.live//bein4/tracks-v1a1/mono.m3u8 200 
2026-08-06 00:07:52,155 [INFO] Capturing request: https://global.siteyaptim.live/bein4/tracks-v1a1/2026/08/06/00/06/29-08120.jpg
2026-08-06 00:07:52,997 [INFO] Capturing response: https://global.siteyaptim.live/bein4/tracks-v1a1/2026/08/06/00/06/29-08120.jpg 200 
2026-08-06 00:07:53,190 [INFO] Capturing request: https://global.siteyaptim.live/bein4/tracks-v1a1/2026/08/06/00/06/37-05820.jpg
2026-08-06 00:07:53,657 [INFO] Capturing response: https://global.siteyaptim.live/bein4/tracks-v1a1/2026/08/06/00/06/37-05820.jpg 200 
2026-08-06 00:07:53,838 [INFO] Capturing request: https://global.siteyaptim.live/bein4/tracks-v1a1/2026/08/06/00/06/42-06560.jpg
2026-08-06 00:07:54,442 [INFO]   ✅ M3U8 bulundu: https://corestream.siteyaptim.live//bein4/tracks-v1a1/mono.m3u8
2026-08-06 00:07:54,830 [INFO] Capturing response: https://global.siteyaptim.live/bein4/tracks-v1a1/2026/08/06/00/06/42-06560.jpg 200 
2026-08-06 00:07:55,036 [INFO] Capturing request: https://global.siteyaptim.live/bein4/tracks-v1a1/2026/08/06/00/06/49-09280.jpg
2026-08-06 00:07:55,443 [INFO] 
[5/14]
2026-08-06 00:07:55,443 [INFO] 🔍 beIN Sports 5 → https://www.atomsportv512.top/matches?id=bein-sports-5
2026-08-06 00:07:55,554 [INFO] Capturing request: https://www.atomsportv512.top/matches?id=bein-sports-5
2026-08-06 00:07:55,767 [INFO] Capturing response: https://www.atomsportv512.top/matches?id=bein-sports-5 200 
2026-08-06 00:07:55,896 [INFO] Capturing request: https://teletv5.top/load/yayinlink.php?id=bein-sports-5
2026-08-06 00:07:55,900 [INFO] Capturing request: https://www.atomsportv512.top/favicon.ico
2026-08-06 00:07:55,944 [INFO] Capturing response: https://www.atomsportv512.top/favicon.ico 200 
2026-08-06 00:07:56,002 [INFO] Capturing response: https://global.siteyaptim.live/bein4/tracks-v1a1/2026/08/06/00/06/49-09280.jpg 200 
2026-08-06 00:07:56,026 [INFO] Capturing request: https://streamsport365.com/cinema
2026-08-06 00:07:56,329 [INFO] Capturing response: https://streamsport365.com/cinema 200 
2026-08-06 00:07:56,456 [INFO] Capturing response: https://teletv5.top/load/yayinlink.php?id=bein-sports-5 200 
2026-08-06 00:07:56,567 [INFO] Capturing request: https://www.atomsportv512.top/assets/img/player/player_logo_6a72b29dbcd89.png
2026-08-06 00:07:56,579 [INFO] Capturing request: https://corestream.siteyaptim.live//bein5/tracks-v1a1/mono.m3u8
2026-08-06 00:07:56,697 [INFO] Capturing response: https://www.atomsportv512.top/assets/img/player/player_logo_6a72b29dbcd89.png 304 
2026-08-06 00:07:56,730 [INFO] Capturing response: https://corestream.siteyaptim.live//bein5/tracks-v1a1/mono.m3u8 200 
2026-08-06 00:07:56,839 [INFO] Capturing request: https://global.siteyaptim.live/bein5/tracks-v1a1/2026/08/06/00/08/05-10000.jpg
2026-08-06 00:07:58,814 [INFO]   ✅ M3U8 bulundu: https://corestream.siteyaptim.live//bein5/tracks-v1a1/mono.m3u8
2026-08-06 00:07:59,213 [INFO] Capturing response: https://global.siteyaptim.live/bein5/tracks-v1a1/2026/08/06/00/08/05-10000.jpg 200 
2026-08-06 00:07:59,620 [INFO] Capturing request: https://global.siteyaptim.live/bein5/tracks-v1a1/2026/08/06/00/08/15-10000.jpg
2026-08-06 00:07:59,814 [INFO] 
[6/14]
2026-08-06 00:07:59,814 [INFO] 🔍 beIN Sports Max 1 → https://www.atomsportv512.top/matches?id=bein-sports-max-1
2026-08-06 00:07:59,924 [INFO] Capturing request: https://www.atomsportv512.top/matches?id=bein-sports-max-1
2026-08-06 00:08:00,157 [INFO] Capturing response: https://www.atomsportv512.top/matches?id=bein-sports-max-1 200 
2026-08-06 00:08:00,190 [INFO] Capturing request: https://streamsport365.com/cinema
2026-08-06 00:08:00,290 [INFO] Capturing request: https://teletv5.top/load/yayinlink.php?id=bein-sports-max-1
2026-08-06 00:08:00,296 [INFO] Capturing request: https://www.atomsportv512.top/favicon.ico
2026-08-06 00:08:00,339 [INFO] Capturing response: https://www.atomsportv512.top/favicon.ico 200 
2026-08-06 00:08:00,465 [INFO] Capturing response: https://teletv5.top/load/yayinlink.php?id=bein-sports-max-1 200 
2026-08-06 00:08:00,506 [INFO] Capturing response: https://streamsport365.com/cinema 200 
2026-08-06 00:08:00,618 [INFO] Capturing request: https://www.atomsportv512.top/assets/img/player/player_logo_6a72b29dbcd89.png
2026-08-06 00:08:00,627 [INFO] Capturing request: https://corestream.siteyaptim.live//trtspor/tracks-v1a1/mono.m3u8
2026-08-06 00:08:00,749 [INFO] Capturing response: https://www.atomsportv512.top/assets/img/player/player_logo_6a72b29dbcd89.png 304 
2026-08-06 00:08:00,785 [INFO] Capturing response: https://corestream.siteyaptim.live//trtspor/tracks-v1a1/mono.m3u8 404 
2026-08-06 00:08:01,982 [INFO] Capturing response: https://global.siteyaptim.live/bein5/tracks-v1a1/2026/08/06/00/08/15-10000.jpg 200 
2026-08-06 00:08:02,950 [INFO] Capturing request: https://corestream.siteyaptim.live//trtspor/tracks-v1a1/mono.m3u8
2026-08-06 00:08:03,087 [INFO] Capturing response: https://corestream.siteyaptim.live//trtspor/tracks-v1a1/mono.m3u8 404 
2026-08-06 00:08:03,203 [INFO]   ✅ M3U8 bulundu: https://corestream.siteyaptim.live//trtspor/tracks-v1a1/mono.m3u8
2026-08-06 00:08:04,203 [INFO] 
[7/14]
2026-08-06 00:08:04,203 [INFO] 🔍 beIN Sports Max 2 → https://www.atomsportv512.top/matches?id=bein-sports-max-2
2026-08-06 00:08:04,312 [INFO] Capturing request: https://www.atomsportv512.top/matches?id=bein-sports-max-2
2026-08-06 00:08:04,521 [INFO] Capturing response: https://www.atomsportv512.top/matches?id=bein-sports-max-2 200 
2026-08-06 00:08:04,650 [INFO] Capturing request: https://teletv5.top/load/yayinlink.php?id=bein-sports-max-2
2026-08-06 00:08:04,651 [INFO] Capturing request: https://www.atomsportv512.top/favicon.ico
2026-08-06 00:08:04,695 [INFO] Capturing response: https://www.atomsportv512.top/favicon.ico 200 
2026-08-06 00:08:04,774 [INFO] Capturing request: https://streamsport365.com/cinema
2026-08-06 00:08:04,834 [INFO] Capturing response: https://teletv5.top/load/yayinlink.php?id=bein-sports-max-2 200 
2026-08-06 00:08:05,083 [INFO] Capturing response: https://streamsport365.com/cinema 200 
2026-08-06 00:08:05,193 [INFO] Capturing request: https://www.atomsportv512.top/assets/img/player/player_logo_6a72b29dbcd89.png
2026-08-06 00:08:05,202 [INFO] Capturing request: https://corestream.siteyaptim.live//hls/s-sport.m3u8
2026-08-06 00:08:05,324 [INFO] Capturing response: https://www.atomsportv512.top/assets/img/player/player_logo_6a72b29dbcd89.png 304 
2026-08-06 00:08:05,577 [INFO] Capturing response: https://corestream.siteyaptim.live//hls/s-sport.m3u8 404 
2026-08-06 00:08:07,564 [INFO]   ✅ M3U8 bulundu: https://corestream.siteyaptim.live//hls/s-sport.m3u8
2026-08-06 00:08:07,737 [INFO] Capturing request: https://corestream.siteyaptim.live//hls/s-sport.m3u8
2026-08-06 00:08:08,121 [INFO] Capturing response: https://corestream.siteyaptim.live//hls/s-sport.m3u8 404 
2026-08-06 00:08:08,564 [INFO] 
[8/14]
2026-08-06 00:08:08,564 [INFO] 🔍 S Sport → https://www.atomsportv512.top/matches?id=s-sport
2026-08-06 00:08:08,673 [INFO] Capturing request: https://www.atomsportv512.top/matches?id=s-sport
2026-08-06 00:08:09,022 [INFO] Capturing response: https://www.atomsportv512.top/matches?id=s-sport 200 
2026-08-06 00:08:09,051 [INFO] Capturing request: https://streamsport365.com/cinema
2026-08-06 00:08:09,150 [INFO] Capturing request: https://teletv5.top/load/yayinlink.php?id=s-sport
2026-08-06 00:08:09,152 [INFO] Capturing request: https://www.atomsportv512.top/favicon.ico
2026-08-06 00:08:09,198 [INFO] Capturing response: https://www.atomsportv512.top/favicon.ico 200 
2026-08-06 00:08:09,247 [INFO] Capturing request: https://android.clients.google.com/c2dm/register3
2026-08-06 00:08:09,323 [INFO] Capturing response: https://teletv5.top/load/yayinlink.php?id=s-sport 200 
2026-08-06 00:08:09,362 [INFO] Capturing response: https://streamsport365.com/cinema 200 
2026-08-06 00:08:09,474 [INFO] Capturing request: https://www.atomsportv512.top/assets/img/player/player_logo_6a72b29dbcd89.png
2026-08-06 00:08:09,485 [INFO] Capturing request: https://corestream.siteyaptim.live//s-sport/tracks-v1a1/mono.m3u8
2026-08-06 00:08:09,605 [INFO] Capturing response: https://www.atomsportv512.top/assets/img/player/player_logo_6a72b29dbcd89.png 304 
2026-08-06 00:08:09,631 [INFO] Capturing response: https://corestream.siteyaptim.live//s-sport/tracks-v1a1/mono.m3u8 200 
2026-08-06 00:08:09,725 [INFO] Capturing response: https://android.clients.google.com/c2dm/register3 200 
2026-08-06 00:08:09,781 [INFO] Capturing request: https://global.siteyaptim.live/s-sport/tracks-v1a1/2026/08/06/00/08/00-06000.jpg
2026-08-06 00:08:10,131 [INFO] Capturing request: https://android.clients.google.com/c2dm/register3
2026-08-06 00:08:10,194 [INFO] Capturing response: https://android.clients.google.com/c2dm/register3 301 
2026-08-06 00:08:10,905 [INFO] Capturing response: https://global.siteyaptim.live/s-sport/tracks-v1a1/2026/08/06/00/08/00-06000.jpg 200 
2026-08-06 00:08:11,150 [INFO] Capturing request: https://global.siteyaptim.live/s-sport/tracks-v1a1/2026/08/06/00/08/06-06000.jpg
2026-08-06 00:08:12,083 [INFO]   ✅ M3U8 bulundu: https://corestream.siteyaptim.live//s-sport/tracks-v1a1/mono.m3u8
2026-08-06 00:08:12,271 [INFO] Capturing response: https://global.siteyaptim.live/s-sport/tracks-v1a1/2026/08/06/00/08/06-06000.jpg 200 
2026-08-06 00:08:12,501 [INFO] Capturing request: https://global.siteyaptim.live/s-sport/tracks-v1a1/2026/08/06/00/08/12-06000.jpg
2026-08-06 00:08:13,083 [INFO] 
[9/14]
2026-08-06 00:08:13,083 [INFO] 🔍 S Sport 2 → https://www.atomsportv512.top/matches?id=s-sport-2
2026-08-06 00:08:13,195 [INFO] Capturing request: https://www.atomsportv512.top/matches?id=s-sport-2
2026-08-06 00:08:13,408 [INFO] Capturing response: https://www.atomsportv512.top/matches?id=s-sport-2 200 
2026-08-06 00:08:13,452 [INFO] Capturing response: https://global.siteyaptim.live/s-sport/tracks-v1a1/2026/08/06/00/08/12-06000.jpg 200 
2026-08-06 00:08:13,546 [INFO] Capturing request: https://www.atomsportv512.top/favicon.ico
2026-08-06 00:08:13,547 [INFO] Capturing request: https://teletv5.top/load/yayinlink.php?id=s-sport-2
2026-08-06 00:08:13,591 [INFO] Capturing response: https://www.atomsportv512.top/favicon.ico 200 
2026-08-06 00:08:13,674 [INFO] Capturing request: https://streamsport365.com/cinema
2026-08-06 00:08:13,721 [INFO] Capturing response: https://teletv5.top/load/yayinlink.php?id=s-sport-2 200 
2026-08-06 00:08:13,974 [INFO] Capturing response: https://streamsport365.com/cinema 200 
2026-08-06 00:08:14,084 [INFO] Capturing request: https://www.atomsportv512.top/assets/img/player/player_logo_6a72b29dbcd89.png
2026-08-06 00:08:14,093 [INFO] Capturing request: https://corestream.siteyaptim.live//s-sport2/tracks-v1a1/mono.m3u8
2026-08-06 00:08:14,214 [INFO] Capturing response: https://www.atomsportv512.top/assets/img/player/player_logo_6a72b29dbcd89.png 304 
2026-08-06 00:08:14,255 [INFO] Capturing response: https://corestream.siteyaptim.live//s-sport2/tracks-v1a1/mono.m3u8 404 
2026-08-06 00:08:16,372 [INFO] Capturing request: https://corestream.siteyaptim.live//s-sport2/tracks-v1a1/mono.m3u8
2026-08-06 00:08:16,456 [INFO]   ✅ M3U8 bulundu: https://corestream.siteyaptim.live//s-sport2/tracks-v1a1/mono.m3u8
2026-08-06 00:08:16,515 [INFO] Capturing response: https://corestream.siteyaptim.live//s-sport2/tracks-v1a1/mono.m3u8 404 
2026-08-06 00:08:17,456 [INFO] 
[10/14]
2026-08-06 00:08:17,457 [INFO] 🔍 A Spor → https://www.atomsportv512.top/matches?id=a-spor
2026-08-06 00:08:17,565 [INFO] Capturing request: https://www.atomsportv512.top/matches?id=a-spor
2026-08-06 00:08:17,776 [INFO] Capturing response: https://www.atomsportv512.top/matches?id=a-spor 200 
2026-08-06 00:08:17,809 [INFO] Capturing request: https://streamsport365.com/cinema
2026-08-06 00:08:17,908 [INFO] Capturing request: https://teletv5.top/load/yayinlink.php?id=a-spor
2026-08-06 00:08:17,911 [INFO] Capturing request: https://www.atomsportv512.top/favicon.ico
2026-08-06 00:08:17,958 [INFO] Capturing response: https://www.atomsportv512.top/favicon.ico 200 
2026-08-06 00:08:18,080 [INFO] Capturing response: https://teletv5.top/load/yayinlink.php?id=a-spor 200 
2026-08-06 00:08:18,108 [INFO] Capturing response: https://streamsport365.com/cinema 200 
2026-08-06 00:08:18,230 [INFO] Capturing request: https://www.atomsportv512.top/assets/img/player/player_logo_6a72b29dbcd89.png
2026-08-06 00:08:18,239 [INFO] Capturing request: https://corestream.siteyaptim.live//aspor/tracks-v1a1/mono.m3u8
2026-08-06 00:08:18,361 [INFO] Capturing response: https://www.atomsportv512.top/assets/img/player/player_logo_6a72b29dbcd89.png 304 
2026-08-06 00:08:18,390 [INFO] Capturing response: https://corestream.siteyaptim.live//aspor/tracks-v1a1/mono.m3u8 404 
2026-08-06 00:08:20,507 [INFO] Capturing request: https://corestream.siteyaptim.live//aspor/tracks-v1a1/mono.m3u8
2026-08-06 00:08:20,648 [INFO] Capturing response: https://corestream.siteyaptim.live//aspor/tracks-v1a1/mono.m3u8 404 
2026-08-06 00:08:20,819 [INFO]   ✅ M3U8 bulundu: https://corestream.siteyaptim.live//aspor/tracks-v1a1/mono.m3u8
2026-08-06 00:08:21,820 [INFO] 
[11/14]
2026-08-06 00:08:21,820 [INFO] 🔍 Tivibu Spor 1 → https://www.atomsportv512.top/matches?id=tivibu-spor-1
2026-08-06 00:08:21,928 [INFO] Capturing request: https://www.atomsportv512.top/matches?id=tivibu-spor-1
2026-08-06 00:08:22,147 [INFO] Capturing response: https://www.atomsportv512.top/matches?id=tivibu-spor-1 200 
2026-08-06 00:08:22,274 [INFO] Capturing request: https://teletv5.top/load/yayinlink.php?id=tivibu-spor-1
2026-08-06 00:08:22,276 [INFO] Capturing request: https://www.atomsportv512.top/favicon.ico
2026-08-06 00:08:22,322 [INFO] Capturing response: https://www.atomsportv512.top/favicon.ico 200 
2026-08-06 00:08:22,399 [INFO] Capturing request: https://streamsport365.com/cinema
2026-08-06 00:08:22,495 [INFO] Capturing response: https://teletv5.top/load/yayinlink.php?id=tivibu-spor-1 200 
2026-08-06 00:08:22,697 [INFO] Capturing response: https://streamsport365.com/cinema 200 
2026-08-06 00:08:36,803 [INFO] Capturing request: https://update.googleapis.com/service/update2/json?cup2key=16:pWhRzaeJS7tIFF4XCBem6ppdYJ0zQInw-CX6gbgLXDY&cup2hreq=98921068a09f90d21650f657527ff7dee910c158077d2c39e8ca54b5608a1c23
2026-08-06 00:08:36,869 [INFO] Capturing response: https://update.googleapis.com/service/update2/json?cup2key=16:pWhRzaeJS7tIFF4XCBem6ppdYJ0zQInw-CX6gbgLXDY&cup2hreq=98921068a09f90d21650f657527ff7dee910c158077d2c39e8ca54b5608a1c23 200 
2026-08-06 00:08:36,876 [INFO] Capturing request: http://edgedl.me.gvt1.com/edgedl/diffgen-puffin/gcmjkmgdlgnkkcocmoeiminaijmmjnii/6ca5bdb9f3e2cd83b7e359729bc6c33c4fe975ec499861d969b3e080320849ff
2026-08-06 00:08:36,931 [INFO] Capturing response: http://edgedl.me.gvt1.com/edgedl/diffgen-puffin/gcmjkmgdlgnkkcocmoeiminaijmmjnii/6ca5bdb9f3e2cd83b7e359729bc6c33c4fe975ec499861d969b3e080320849ff 200 OK
2026-08-06 00:08:36,956 [INFO] Capturing request: https://update.googleapis.com/service/update2/json
2026-08-06 00:08:37,018 [INFO] Capturing response: https://update.googleapis.com/service/update2/json 200 
2026-08-06 00:08:37,063 [INFO] Capturing request: http://edgedl.me.gvt1.com/edgedl/release2/chrome_component/acylg2lsqt2wlpkzdiomwiisqn4a_10697/hfnkpimlhhgieaddgfemjhofmfblmnib_10697_all_obgp4xs2p6hfcgpg35hplluvjy.crx3
2026-08-06 00:08:37,140 [INFO] Capturing response: http://edgedl.me.gvt1.com/edgedl/release2/chrome_component/acylg2lsqt2wlpkzdiomwiisqn4a_10697/hfnkpimlhhgieaddgfemjhofmfblmnib_10697_all_obgp4xs2p6hfcgpg35hplluvjy.crx3 200 OK
2026-08-06 00:08:37,171 [INFO] Capturing request: https://update.googleapis.com/service/update2/json
2026-08-06 00:08:37,210 [INFO] Capturing response: https://update.googleapis.com/service/update2/json 200 
2026-08-06 00:08:55,451 [WARNING]   ❌ Tivibu Spor 1 için M3U8 bulunamadı
2026-08-06 00:08:56,451 [INFO] 
[12/14]
2026-08-06 00:08:56,451 [INFO] 🔍 Tivibu Spor 2 → https://www.atomsportv512.top/matches?id=tivibu-spor-2
2026-08-06 00:08:56,613 [INFO] Capturing request: https://www.atomsportv512.top/matches?id=tivibu-spor-2
2026-08-06 00:08:57,085 [INFO] Capturing response: https://www.atomsportv512.top/matches?id=tivibu-spor-2 200 
2026-08-06 00:08:57,248 [INFO] Capturing request: https://www.atomsportv512.top/favicon.ico
2026-08-06 00:08:57,306 [INFO] Capturing request: https://teletv5.top/load/yayinlink.php?id=tivibu-spor-2
2026-08-06 00:08:57,314 [INFO] Capturing response: https://www.atomsportv512.top/favicon.ico 200 
2026-08-06 00:08:57,481 [INFO] Capturing response: https://teletv5.top/load/yayinlink.php?id=tivibu-spor-2 200 
2026-08-06 00:08:57,719 [INFO] Capturing request: https://streamsport365.com/cinema
2026-08-06 00:08:58,017 [INFO] Capturing response: https://streamsport365.com/cinema 200 
2026-08-06 00:09:05,820 [INFO] Capturing request: https://android.clients.google.com/c2dm/register3
2026-08-06 00:09:05,884 [INFO] Capturing response: https://android.clients.google.com/c2dm/register3 301 
2026-08-06 00:09:30,385 [WARNING]   ❌ Tivibu Spor 2 için M3U8 bulunamadı
2026-08-06 00:09:31,386 [INFO] 
[13/14]
2026-08-06 00:09:31,386 [INFO] 🔍 Tivibu Spor 3 → https://www.atomsportv512.top/matches?id=tivibu-spor-3
2026-08-06 00:09:31,494 [INFO] Capturing request: https://www.atomsportv512.top/matches?id=tivibu-spor-3
2026-08-06 00:09:31,858 [INFO] Capturing response: https://www.atomsportv512.top/matches?id=tivibu-spor-3 200 
2026-08-06 00:09:31,988 [INFO] Capturing request: https://teletv5.top/load/yayinlink.php?id=tivibu-spor-3
2026-08-06 00:09:31,994 [INFO] Capturing request: https://www.atomsportv512.top/favicon.ico
2026-08-06 00:09:32,054 [INFO] Capturing response: https://www.atomsportv512.top/favicon.ico 200 
2026-08-06 00:09:32,115 [INFO] Capturing request: https://streamsport365.com/cinema
2026-08-06 00:09:32,168 [INFO] Capturing response: https://teletv5.top/load/yayinlink.php?id=tivibu-spor-3 200 
2026-08-06 00:09:32,424 [INFO] Capturing response: https://streamsport365.com/cinema 200 
2026-08-06 00:10:05,132 [WARNING]   ❌ Tivibu Spor 3 için M3U8 bulunamadı
2026-08-06 00:10:06,132 [INFO] 
[14/14]
2026-08-06 00:10:06,132 [INFO] 🔍 Tivibu Spor 4 → https://www.atomsportv512.top/matches?id=tivibu-spor-4
2026-08-06 00:10:06,242 [INFO] Capturing request: https://www.atomsportv512.top/matches?id=tivibu-spor-4
2026-08-06 00:10:06,698 [INFO] Capturing response: https://www.atomsportv512.top/matches?id=tivibu-spor-4 200 
2026-08-06 00:10:06,832 [INFO] Capturing request: https://teletv5.top/load/yayinlink.php?id=tivibu-spor-4
2026-08-06 00:10:06,833 [INFO] Capturing request: https://www.atomsportv512.top/favicon.ico
2026-08-06 00:10:06,896 [INFO] Capturing response: https://www.atomsportv512.top/favicon.ico 200 
2026-08-06 00:10:06,956 [INFO] Capturing request: https://streamsport365.com/cinema
2026-08-06 00:10:07,009 [INFO] Capturing response: https://teletv5.top/load/yayinlink.php?id=tivibu-spor-4 200 
2026-08-06 00:10:07,258 [INFO] Capturing response: https://streamsport365.com/cinema 200 
2026-08-06 00:10:39,967 [WARNING]   ❌ Tivibu Spor 4 için M3U8 bulunamadı
2026-08-06 00:10:41,035 [INFO] ✅ 10 kanal bulundu, playlist.m3u kaydedildi
