2026-08-22 15:22:11,816 [INFO] 🌐 BASE_URL: https://www.atomsportv513.top
2026-08-22 15:22:12,772 [INFO] Başlanıyor... 14 kanal taranacak
2026-08-22 15:22:12,772 [INFO] Using default request storage
2026-08-22 15:22:12,777 [INFO] Created proxy listening on 127.0.0.1:40123
2026-08-22 15:22:13,464 [INFO] Capturing request: http://clients2.google.com/time/1/current?cup2key=10:7iOvXLcdTlIGhqD989g7KpkKlpWNibhYBYxTTBz1nvY&cup2hreq=e3b0c44298fc1c149afbf4c8996fb92427ae41e4649b934ca495991b7852b855
2026-08-22 15:22:13,518 [INFO] Capturing response: http://clients2.google.com/time/1/current?cup2key=10:7iOvXLcdTlIGhqD989g7KpkKlpWNibhYBYxTTBz1nvY&cup2hreq=e3b0c44298fc1c149afbf4c8996fb92427ae41e4649b934ca495991b7852b855 200 OK
2026-08-22 15:22:13,721 [INFO] 
[1/14]
2026-08-22 15:22:13,722 [INFO] 🔍 beIN Sports 1 → https://www.atomsportv513.top/matches?id=bein-sports-1
2026-08-22 15:22:13,830 [INFO] Capturing request: https://update.googleapis.com/service/update2/json?cup2key=16:x2lMb7OCaWUsn-0vIV_4nLUub6I6YdXFhe2x9qDA69M&cup2hreq=6d971e4b2b7824befe84fb2382a3bfc94c249fd54c320a9221c70e3dfd7bdc32
2026-08-22 15:22:13,831 [INFO] Capturing request: https://accounts.google.com/ListAccounts?gpsia=1&source=ChromiumBrowser&json=standard&laf=b64bin
2026-08-22 15:22:13,891 [INFO] Capturing response: https://update.googleapis.com/service/update2/json?cup2key=16:x2lMb7OCaWUsn-0vIV_4nLUub6I6YdXFhe2x9qDA69M&cup2hreq=6d971e4b2b7824befe84fb2382a3bfc94c249fd54c320a9221c70e3dfd7bdc32 200 
2026-08-22 15:22:13,919 [INFO] Capturing request: https://www.google.com/async/folae?async=_fmt:pb&udm=50&client_locale=en-US&client_country=ZZ
2026-08-22 15:22:13,939 [INFO] Capturing request: https://update.googleapis.com/service/update2/json?cup2key=16:zYRjV3nMCy_J6I7C_PK8ZRZI2RX0lY3CepxYnRPHJaM&cup2hreq=935c6c1f15907d141de23bd804428131abaaf85c543e4caaea6648bb680fc265
2026-08-22 15:22:13,947 [INFO] Capturing response: https://accounts.google.com/ListAccounts?gpsia=1&source=ChromiumBrowser&json=standard&laf=b64bin 200 
2026-08-22 15:22:13,957 [INFO] Capturing response: https://www.google.com/async/folae?async=_fmt:pb&udm=50&client_locale=en-US&client_country=ZZ 200 
2026-08-22 15:22:13,961 [INFO] Capturing request: https://www.atomsportv513.top/matches?id=bein-sports-1
2026-08-22 15:22:13,966 [INFO] Capturing response: https://update.googleapis.com/service/update2/json?cup2key=16:zYRjV3nMCy_J6I7C_PK8ZRZI2RX0lY3CepxYnRPHJaM&cup2hreq=935c6c1f15907d141de23bd804428131abaaf85c543e4caaea6648bb680fc265 200 
2026-08-22 15:22:14,013 [INFO] Capturing request: https://update.googleapis.com/service/update2/json?cup2key=16:awGD89KjUAXu8lTQo806A49owcbRdIRHRJdwCJkjstA&cup2hreq=4392c56494a0fe95a71e78241bcf71e24c04cde300249192d2bd3650f53cca92
2026-08-22 15:22:14,040 [INFO] Capturing response: https://update.googleapis.com/service/update2/json?cup2key=16:awGD89KjUAXu8lTQo806A49owcbRdIRHRJdwCJkjstA&cup2hreq=4392c56494a0fe95a71e78241bcf71e24c04cde300249192d2bd3650f53cca92 200 
2026-08-22 15:22:14,194 [INFO] Capturing request: https://www.google.com/async/folae?async=_fmt:pb&udm=50&client_locale=en-US&client_country=ZZ
2026-08-22 15:22:14,237 [INFO] Capturing response: https://www.google.com/async/folae?async=_fmt:pb&udm=50&client_locale=en-US&client_country=ZZ 200 
2026-08-22 15:22:14,620 [INFO] Capturing response: https://www.atomsportv513.top/matches?id=bein-sports-1 200 
2026-08-22 15:22:14,833 [INFO] Capturing request: https://cdn.jsdelivr.net/npm/@clappr/player@0.11.16/dist/clappr.min.js
2026-08-22 15:22:14,837 [INFO] Capturing request: https://cdn.jsdelivr.net/npm/level-selector/dist/level-selector.min.js
2026-08-22 15:22:14,839 [INFO] Capturing request: https://cdn.jsdelivr.net/npm/@clappr/hlsjs-playback@1.8.3/dist/hlsjs-playback.min.js
2026-08-22 15:22:14,852 [INFO] Capturing response: https://cdn.jsdelivr.net/npm/level-selector/dist/level-selector.min.js 200 
2026-08-22 15:22:14,865 [INFO] Capturing response: https://cdn.jsdelivr.net/npm/@clappr/player@0.11.16/dist/clappr.min.js 200 
2026-08-22 15:22:14,966 [INFO] Capturing response: https://cdn.jsdelivr.net/npm/@clappr/hlsjs-playback@1.8.3/dist/hlsjs-playback.min.js 200 
2026-08-22 15:22:15,133 [INFO] Capturing request: https://www.atomsportv513.top/favicon.ico
2026-08-22 15:22:15,184 [INFO] Capturing response: https://www.atomsportv513.top/favicon.ico 200 
2026-08-22 15:22:15,385 [INFO] Capturing request: https://teletv5.top/load/yayinlink.php?id=bein-sports-1
2026-08-22 15:22:15,774 [INFO] Capturing request: https://streamsport365.com/cinema
2026-08-22 15:22:15,832 [INFO] Capturing response: https://teletv5.top/load/yayinlink.php?id=bein-sports-1 200 
2026-08-22 15:22:16,122 [INFO] Capturing response: https://streamsport365.com/cinema 200 
2026-08-22 15:22:16,253 [INFO] Capturing request: https://www.atomsportv513.top/assets/img/player/player_logo_6a87a2e2eecc5.png
2026-08-22 15:22:16,292 [INFO] Capturing response: https://www.atomsportv513.top/assets/img/player/player_logo_6a87a2e2eecc5.png 200 
2026-08-22 15:22:16,321 [INFO] Capturing request: https://corestream.siteyaptim.live//beintv/tracks-v1a1/mono.m3u8
2026-08-22 15:22:16,501 [INFO] Capturing response: https://corestream.siteyaptim.live//beintv/tracks-v1a1/mono.m3u8 200 
2026-08-22 15:22:16,858 [INFO] Capturing request: https://global.siteyaptim.live/beintv/tracks-v1a1/2026/08/22/15/21/50-10000.jpg
2026-08-22 15:22:17,000 [INFO] Capturing request: https://android.clients.google.com/checkin
2026-08-22 15:22:17,097 [INFO] Capturing response: https://android.clients.google.com/checkin 200 
2026-08-22 15:22:17,149 [INFO] Capturing request: https://android.clients.google.com/c2dm/register3
2026-08-22 15:22:17,150 [INFO] Capturing request: https://android.clients.google.com/c2dm/register3
2026-08-22 15:22:17,153 [INFO] Capturing request: https://android.clients.google.com/c2dm/register3
2026-08-22 15:22:17,202 [INFO] Capturing response: https://android.clients.google.com/c2dm/register3 301 
2026-08-22 15:22:17,937 [INFO] Capturing response: https://android.clients.google.com/c2dm/register3 200 
2026-08-22 15:22:18,006 [INFO] Capturing response: https://global.siteyaptim.live/beintv/tracks-v1a1/2026/08/22/15/21/50-10000.jpg 200 
2026-08-22 15:22:18,075 [INFO]   ✅ M3U8 bulundu: https://corestream.siteyaptim.live//beintv/tracks-v1a1/mono.m3u8
2026-08-22 15:22:18,114 [INFO] Capturing response: https://android.clients.google.com/c2dm/register3 200 
2026-08-22 15:22:18,303 [INFO] Capturing request: https://global.siteyaptim.live/beintv/tracks-v1a1/2026/08/22/15/22/00-10000.jpg
2026-08-22 15:22:18,859 [INFO] Capturing response: https://global.siteyaptim.live/beintv/tracks-v1a1/2026/08/22/15/22/00-10000.jpg 200 
2026-08-22 15:22:19,076 [INFO] 
[2/14]
2026-08-22 15:22:19,076 [INFO] 🔍 beIN Sports 2 → https://www.atomsportv513.top/matches?id=bein-sports-2
2026-08-22 15:22:19,136 [INFO] Capturing request: https://global.siteyaptim.live/beintv/tracks-v1a1/2026/08/22/15/22/10-10000.jpg
2026-08-22 15:22:19,188 [INFO] Capturing request: https://www.atomsportv513.top/matches?id=bein-sports-2
2026-08-22 15:22:19,449 [INFO] Capturing response: https://www.atomsportv513.top/matches?id=bein-sports-2 200 
2026-08-22 15:22:19,522 [INFO] Capturing request: https://streamsport365.com/cinema
2026-08-22 15:22:19,623 [INFO] Capturing request: https://teletv5.top/load/yayinlink.php?id=bein-sports-2
2026-08-22 15:22:19,623 [INFO] Capturing request: https://www.atomsportv513.top/favicon.ico
2026-08-22 15:22:19,646 [INFO] Capturing response: https://global.siteyaptim.live/beintv/tracks-v1a1/2026/08/22/15/22/10-10000.jpg 200 
2026-08-22 15:22:19,657 [INFO] Capturing response: https://www.atomsportv513.top/favicon.ico 200 
2026-08-22 15:22:19,852 [INFO] Capturing response: https://teletv5.top/load/yayinlink.php?id=bein-sports-2 200 
2026-08-22 15:22:19,892 [INFO] Capturing response: https://streamsport365.com/cinema 200 
2026-08-22 15:22:20,004 [INFO] Capturing request: https://www.atomsportv513.top/assets/img/player/player_logo_6a87a2e2eecc5.png
2026-08-22 15:22:20,014 [INFO] Capturing request: https://corestream.siteyaptim.live//bein2/tracks-v1a1/mono.m3u8
2026-08-22 15:22:20,120 [INFO] Capturing response: https://www.atomsportv513.top/assets/img/player/player_logo_6a87a2e2eecc5.png 304 
2026-08-22 15:22:20,202 [INFO] Capturing response: https://corestream.siteyaptim.live//bein2/tracks-v1a1/mono.m3u8 200 
2026-08-22 15:22:20,312 [INFO] Capturing request: https://global.siteyaptim.live/bein2/tracks-v1a1/2026/08/22/15/21/52-10000.jpg
2026-08-22 15:22:20,716 [INFO] Capturing response: https://global.siteyaptim.live/bein2/tracks-v1a1/2026/08/22/15/21/52-10000.jpg 200 
2026-08-22 15:22:20,911 [INFO] Capturing request: https://global.siteyaptim.live/bein2/tracks-v1a1/2026/08/22/15/22/02-10000.jpg
2026-08-22 15:22:21,333 [INFO] Capturing response: https://global.siteyaptim.live/bein2/tracks-v1a1/2026/08/22/15/22/02-10000.jpg 200 
2026-08-22 15:22:21,572 [INFO] Capturing request: https://global.siteyaptim.live/bein2/tracks-v1a1/2026/08/22/15/22/12-10000.jpg
2026-08-22 15:22:22,008 [INFO] Capturing response: https://global.siteyaptim.live/bein2/tracks-v1a1/2026/08/22/15/22/12-10000.jpg 200 
2026-08-22 15:22:22,545 [INFO]   ✅ M3U8 bulundu: https://corestream.siteyaptim.live//bein2/tracks-v1a1/mono.m3u8
2026-08-22 15:22:23,546 [INFO] 
[3/14]
2026-08-22 15:22:23,546 [INFO] 🔍 beIN Sports 3 → https://www.atomsportv513.top/matches?id=bein-sports-3
2026-08-22 15:22:23,658 [INFO] Capturing request: https://www.atomsportv513.top/matches?id=bein-sports-3
2026-08-22 15:22:23,914 [INFO] Capturing response: https://www.atomsportv513.top/matches?id=bein-sports-3 200 
2026-08-22 15:22:24,045 [INFO] Capturing request: https://www.atomsportv513.top/favicon.ico
2026-08-22 15:22:24,046 [INFO] Capturing request: https://teletv5.top/load/yayinlink.php?id=bein-sports-3
2026-08-22 15:22:24,074 [INFO] Capturing response: https://www.atomsportv513.top/favicon.ico 200 
2026-08-22 15:22:24,198 [INFO] Capturing request: https://streamsport365.com/cinema
2026-08-22 15:22:24,277 [INFO] Capturing response: https://teletv5.top/load/yayinlink.php?id=bein-sports-3 200 
2026-08-22 15:22:24,558 [INFO] Capturing response: https://streamsport365.com/cinema 200 
2026-08-22 15:22:24,670 [INFO] Capturing request: https://www.atomsportv513.top/assets/img/player/player_logo_6a87a2e2eecc5.png
2026-08-22 15:22:24,680 [INFO] Capturing request: https://corestream.siteyaptim.live//bein3/tracks-v1a1/mono.m3u8
2026-08-22 15:22:24,787 [INFO] Capturing response: https://www.atomsportv513.top/assets/img/player/player_logo_6a87a2e2eecc5.png 304 
2026-08-22 15:22:24,866 [INFO] Capturing response: https://corestream.siteyaptim.live//bein3/tracks-v1a1/mono.m3u8 200 
2026-08-22 15:22:24,976 [INFO] Capturing request: https://global.siteyaptim.live/bein3/tracks-v1a1/2026/08/22/15/21/50-10000.jpg
2026-08-22 15:22:25,314 [INFO] Capturing response: https://global.siteyaptim.live/bein3/tracks-v1a1/2026/08/22/15/21/50-10000.jpg 200 
2026-08-22 15:22:25,602 [INFO] Capturing request: https://global.siteyaptim.live/bein3/tracks-v1a1/2026/08/22/15/22/00-10000.jpg
2026-08-22 15:22:25,921 [INFO] Capturing response: https://global.siteyaptim.live/bein3/tracks-v1a1/2026/08/22/15/22/00-10000.jpg 200 
2026-08-22 15:22:26,205 [INFO] Capturing request: https://global.siteyaptim.live/bein3/tracks-v1a1/2026/08/22/15/22/10-10000.jpg
2026-08-22 15:22:26,517 [INFO] Capturing response: https://global.siteyaptim.live/bein3/tracks-v1a1/2026/08/22/15/22/10-10000.jpg 200 
2026-08-22 15:22:26,967 [INFO]   ✅ M3U8 bulundu: https://corestream.siteyaptim.live//bein3/tracks-v1a1/mono.m3u8
2026-08-22 15:22:27,968 [INFO] 
[4/14]
2026-08-22 15:22:27,968 [INFO] 🔍 beIN Sports 4 → https://www.atomsportv513.top/matches?id=bein-sports-4
2026-08-22 15:22:28,080 [INFO] Capturing request: https://www.atomsportv513.top/matches?id=bein-sports-4
2026-08-22 15:22:28,334 [INFO] Capturing response: https://www.atomsportv513.top/matches?id=bein-sports-4 200 
2026-08-22 15:22:28,370 [INFO] Capturing request: https://streamsport365.com/cinema
2026-08-22 15:22:28,471 [INFO] Capturing request: https://www.atomsportv513.top/favicon.ico
2026-08-22 15:22:28,474 [INFO] Capturing request: https://teletv5.top/load/yayinlink.php?id=bein-sports-4
2026-08-22 15:22:28,504 [INFO] Capturing response: https://www.atomsportv513.top/favicon.ico 200 
2026-08-22 15:22:28,702 [INFO] Capturing response: https://teletv5.top/load/yayinlink.php?id=bein-sports-4 200 
2026-08-22 15:22:28,736 [INFO] Capturing response: https://streamsport365.com/cinema 200 
2026-08-22 15:22:28,853 [INFO] Capturing request: https://www.atomsportv513.top/assets/img/player/player_logo_6a87a2e2eecc5.png
2026-08-22 15:22:28,863 [INFO] Capturing request: https://corestream.siteyaptim.live//bein4/tracks-v1a1/mono.m3u8
2026-08-22 15:22:28,971 [INFO] Capturing response: https://www.atomsportv513.top/assets/img/player/player_logo_6a87a2e2eecc5.png 304 
2026-08-22 15:22:29,079 [INFO] Capturing response: https://corestream.siteyaptim.live//bein4/tracks-v1a1/mono.m3u8 200 
2026-08-22 15:22:29,229 [INFO] Capturing request: https://global.siteyaptim.live/bein4/tracks-v1a1/2026/08/22/15/21/53-10000.jpg
2026-08-22 15:22:29,908 [INFO] Capturing response: https://global.siteyaptim.live/bein4/tracks-v1a1/2026/08/22/15/21/53-10000.jpg 200 
2026-08-22 15:22:30,267 [INFO] Capturing request: https://global.siteyaptim.live/bein4/tracks-v1a1/2026/08/22/15/22/03-10000.jpg
2026-08-22 15:22:31,053 [INFO] Capturing response: https://global.siteyaptim.live/bein4/tracks-v1a1/2026/08/22/15/22/03-10000.jpg 200 
2026-08-22 15:22:31,390 [INFO]   ✅ M3U8 bulundu: https://corestream.siteyaptim.live//bein4/tracks-v1a1/mono.m3u8
2026-08-22 15:22:31,405 [INFO] Capturing request: https://global.siteyaptim.live/bein4/tracks-v1a1/2026/08/22/15/22/13-10000.jpg
2026-08-22 15:22:32,071 [INFO] Capturing response: https://global.siteyaptim.live/bein4/tracks-v1a1/2026/08/22/15/22/13-10000.jpg 200 
2026-08-22 15:22:32,391 [INFO] 
[5/14]
2026-08-22 15:22:32,391 [INFO] 🔍 beIN Sports 5 → https://www.atomsportv513.top/matches?id=bein-sports-5
2026-08-22 15:22:32,503 [INFO] Capturing request: https://www.atomsportv513.top/matches?id=bein-sports-5
2026-08-22 15:22:32,763 [INFO] Capturing response: https://www.atomsportv513.top/matches?id=bein-sports-5 200 
2026-08-22 15:22:32,902 [INFO] Capturing request: https://teletv5.top/load/yayinlink.php?id=bein-sports-5
2026-08-22 15:22:32,903 [INFO] Capturing request: https://www.atomsportv513.top/favicon.ico
2026-08-22 15:22:32,933 [INFO] Capturing response: https://www.atomsportv513.top/favicon.ico 200 
2026-08-22 15:22:33,054 [INFO] Capturing request: https://streamsport365.com/cinema
2026-08-22 15:22:33,132 [INFO] Capturing response: https://teletv5.top/load/yayinlink.php?id=bein-sports-5 200 
2026-08-22 15:22:33,415 [INFO] Capturing response: https://streamsport365.com/cinema 200 
2026-08-22 15:22:33,526 [INFO] Capturing request: https://www.atomsportv513.top/assets/img/player/player_logo_6a87a2e2eecc5.png
2026-08-22 15:22:33,538 [INFO] Capturing request: https://corestream.siteyaptim.live//bein5/tracks-v1a1/mono.m3u8
2026-08-22 15:22:33,642 [INFO] Capturing response: https://www.atomsportv513.top/assets/img/player/player_logo_6a87a2e2eecc5.png 304 
2026-08-22 15:22:33,717 [INFO] Capturing response: https://corestream.siteyaptim.live//bein5/tracks-v1a1/mono.m3u8 200 
2026-08-22 15:22:33,828 [INFO] Capturing request: https://global.siteyaptim.live/bein5/tracks-v1a1/2026/08/22/15/22/00-10000.jpg
2026-08-22 15:22:34,475 [INFO] Capturing response: https://global.siteyaptim.live/bein5/tracks-v1a1/2026/08/22/15/22/00-10000.jpg 200 
2026-08-22 15:22:34,865 [INFO] Capturing request: https://global.siteyaptim.live/bein5/tracks-v1a1/2026/08/22/15/22/10-10000.jpg
2026-08-22 15:22:35,738 [INFO] Capturing response: https://global.siteyaptim.live/bein5/tracks-v1a1/2026/08/22/15/22/10-10000.jpg 200 
2026-08-22 15:22:35,836 [INFO]   ✅ M3U8 bulundu: https://corestream.siteyaptim.live//bein5/tracks-v1a1/mono.m3u8
2026-08-22 15:22:36,123 [INFO] Capturing request: https://global.siteyaptim.live/bein5/tracks-v1a1/2026/08/22/15/22/20-10000.jpg
2026-08-22 15:22:36,838 [INFO] 
[6/14]
2026-08-22 15:22:36,838 [INFO] 🔍 beIN Sports Max 1 → https://www.atomsportv513.top/matches?id=bein-sports-max-1
2026-08-22 15:22:36,974 [INFO] Capturing request: https://www.atomsportv513.top/matches?id=bein-sports-max-1
2026-08-22 15:22:37,034 [INFO] Capturing response: https://global.siteyaptim.live/bein5/tracks-v1a1/2026/08/22/15/22/20-10000.jpg 200 
2026-08-22 15:22:37,230 [INFO] Capturing response: https://www.atomsportv513.top/matches?id=bein-sports-max-1 200 
2026-08-22 15:22:37,261 [INFO] Capturing request: https://streamsport365.com/cinema
2026-08-22 15:22:37,361 [INFO] Capturing request: https://www.atomsportv513.top/favicon.ico
2026-08-22 15:22:37,362 [INFO] Capturing request: https://teletv5.top/load/yayinlink.php?id=bein-sports-max-1
2026-08-22 15:22:37,395 [INFO] Capturing response: https://www.atomsportv513.top/favicon.ico 200 
2026-08-22 15:22:37,595 [INFO] Capturing response: https://teletv5.top/load/yayinlink.php?id=bein-sports-max-1 200 
2026-08-22 15:22:37,624 [INFO] Capturing response: https://streamsport365.com/cinema 200 
2026-08-22 15:22:37,749 [INFO] Capturing request: https://www.atomsportv513.top/assets/img/player/player_logo_6a87a2e2eecc5.png
2026-08-22 15:22:37,759 [INFO] Capturing request: https://corestream.siteyaptim.live//beinmax1/tracks-v1a1/mono.m3u8
2026-08-22 15:22:37,864 [INFO] Capturing response: https://www.atomsportv513.top/assets/img/player/player_logo_6a87a2e2eecc5.png 304 
2026-08-22 15:22:37,948 [INFO] Capturing response: https://corestream.siteyaptim.live//beinmax1/tracks-v1a1/mono.m3u8 404 
2026-08-22 15:22:40,111 [INFO] Capturing request: https://corestream.siteyaptim.live//beinmax1/tracks-v1a1/mono.m3u8
2026-08-22 15:22:40,276 [INFO]   ✅ M3U8 bulundu: https://corestream.siteyaptim.live//beinmax1/tracks-v1a1/mono.m3u8
2026-08-22 15:22:40,295 [INFO] Capturing response: https://corestream.siteyaptim.live//beinmax1/tracks-v1a1/mono.m3u8 404 
2026-08-22 15:22:41,276 [INFO] 
[7/14]
2026-08-22 15:22:41,276 [INFO] 🔍 beIN Sports Max 2 → https://www.atomsportv513.top/matches?id=bein-sports-max-2
2026-08-22 15:22:41,384 [INFO] Capturing request: https://www.atomsportv513.top/matches?id=bein-sports-max-2
2026-08-22 15:22:41,641 [INFO] Capturing response: https://www.atomsportv513.top/matches?id=bein-sports-max-2 200 
2026-08-22 15:22:41,777 [INFO] Capturing request: https://www.atomsportv513.top/favicon.ico
2026-08-22 15:22:41,778 [INFO] Capturing request: https://teletv5.top/load/yayinlink.php?id=bein-sports-max-2
2026-08-22 15:22:41,812 [INFO] Capturing response: https://www.atomsportv513.top/favicon.ico 200 
2026-08-22 15:22:41,930 [INFO] Capturing request: https://streamsport365.com/cinema
2026-08-22 15:22:42,014 [INFO] Capturing response: https://teletv5.top/load/yayinlink.php?id=bein-sports-max-2 200 
2026-08-22 15:22:42,295 [INFO] Capturing response: https://streamsport365.com/cinema 200 
2026-08-22 15:22:42,407 [INFO] Capturing request: https://www.atomsportv513.top/assets/img/player/player_logo_6a87a2e2eecc5.png
2026-08-22 15:22:42,416 [INFO] Capturing request: https://corestream.siteyaptim.live//beinmax2/tracks-v1a1/mono.m3u8
2026-08-22 15:22:42,522 [INFO] Capturing response: https://www.atomsportv513.top/assets/img/player/player_logo_6a87a2e2eecc5.png 304 
2026-08-22 15:22:42,605 [INFO] Capturing response: https://corestream.siteyaptim.live//beinmax2/tracks-v1a1/mono.m3u8 200 
2026-08-22 15:22:42,756 [INFO] Capturing request: https://global.siteyaptim.live/beinmax2/tracks-v1a1/2026/08/22/15/22/16-10000.jpg
2026-08-22 15:22:43,315 [INFO] Capturing response: https://global.siteyaptim.live/beinmax2/tracks-v1a1/2026/08/22/15/22/16-10000.jpg 200 
2026-08-22 15:22:43,639 [INFO] Capturing request: https://global.siteyaptim.live/beinmax2/tracks-v1a1/2026/08/22/15/22/26-10000.jpg
2026-08-22 15:22:44,381 [INFO] Capturing response: https://global.siteyaptim.live/beinmax2/tracks-v1a1/2026/08/22/15/22/26-10000.jpg 200 
2026-08-22 15:22:44,701 [INFO]   ✅ M3U8 bulundu: https://corestream.siteyaptim.live//beinmax2/tracks-v1a1/mono.m3u8
2026-08-22 15:22:44,712 [INFO] Capturing request: https://global.siteyaptim.live/beinmax2/tracks-v1a1/2026/08/22/15/22/36-10000.jpg
2026-08-22 15:22:45,293 [INFO] Capturing response: https://global.siteyaptim.live/beinmax2/tracks-v1a1/2026/08/22/15/22/36-10000.jpg 200 
2026-08-22 15:22:45,335 [INFO] Capturing request: https://android.clients.google.com/c2dm/register3
2026-08-22 15:22:45,394 [INFO] Capturing response: https://android.clients.google.com/c2dm/register3 301 
2026-08-22 15:22:45,702 [INFO] 
[8/14]
2026-08-22 15:22:45,702 [INFO] 🔍 S Sport → https://www.atomsportv513.top/matches?id=s-sport
2026-08-22 15:22:45,815 [INFO] Capturing request: https://www.atomsportv513.top/matches?id=s-sport
2026-08-22 15:22:46,296 [INFO] Capturing response: https://www.atomsportv513.top/matches?id=s-sport 200 
2026-08-22 15:22:46,330 [INFO] Capturing request: https://streamsport365.com/cinema
2026-08-22 15:22:46,430 [INFO] Capturing request: https://teletv5.top/load/yayinlink.php?id=s-sport
2026-08-22 15:22:46,431 [INFO] Capturing request: https://www.atomsportv513.top/favicon.ico
2026-08-22 15:22:46,465 [INFO] Capturing response: https://www.atomsportv513.top/favicon.ico 200 
2026-08-22 15:22:46,653 [INFO] Capturing response: https://teletv5.top/load/yayinlink.php?id=s-sport 200 
2026-08-22 15:22:46,685 [INFO] Capturing response: https://streamsport365.com/cinema 200 
2026-08-22 15:22:46,806 [INFO] Capturing request: https://www.atomsportv513.top/assets/img/player/player_logo_6a87a2e2eecc5.png
2026-08-22 15:22:46,820 [INFO] Capturing request: https://corestream.siteyaptim.live//s-sport/tracks-v1a1/mono.m3u8
2026-08-22 15:22:46,924 [INFO] Capturing response: https://www.atomsportv513.top/assets/img/player/player_logo_6a87a2e2eecc5.png 304 
2026-08-22 15:22:46,999 [INFO] Capturing response: https://corestream.siteyaptim.live//s-sport/tracks-v1a1/mono.m3u8 200 
2026-08-22 15:22:47,110 [INFO] Capturing request: https://global.siteyaptim.live/s-sport/tracks-v1a1/2026/08/22/15/23/36-10000.jpg
2026-08-22 15:22:47,705 [INFO] Capturing response: https://global.siteyaptim.live/s-sport/tracks-v1a1/2026/08/22/15/23/36-10000.jpg 200 
2026-08-22 15:22:47,992 [INFO] Capturing request: https://global.siteyaptim.live/s-sport/tracks-v1a1/2026/08/22/15/23/46-10000.jpg
2026-08-22 15:22:48,510 [INFO] Capturing response: https://global.siteyaptim.live/s-sport/tracks-v1a1/2026/08/22/15/23/46-10000.jpg 200 
2026-08-22 15:22:48,789 [INFO] Capturing request: https://global.siteyaptim.live/s-sport/tracks-v1a1/2026/08/22/15/23/56-10000.jpg
2026-08-22 15:22:49,339 [INFO] Capturing response: https://global.siteyaptim.live/s-sport/tracks-v1a1/2026/08/22/15/23/56-10000.jpg 200 
2026-08-22 15:22:49,361 [INFO]   ✅ M3U8 bulundu: https://corestream.siteyaptim.live//s-sport/tracks-v1a1/mono.m3u8
2026-08-22 15:22:50,361 [INFO] 
[9/14]
2026-08-22 15:22:50,362 [INFO] 🔍 S Sport 2 → https://www.atomsportv513.top/matches?id=s-sport-2
2026-08-22 15:22:50,474 [INFO] Capturing request: https://www.atomsportv513.top/matches?id=s-sport-2
2026-08-22 15:22:50,730 [INFO] Capturing response: https://www.atomsportv513.top/matches?id=s-sport-2 200 
2026-08-22 15:22:50,869 [INFO] Capturing request: https://teletv5.top/load/yayinlink.php?id=s-sport-2
2026-08-22 15:22:50,871 [INFO] Capturing request: https://www.atomsportv513.top/favicon.ico
2026-08-22 15:22:50,910 [INFO] Capturing response: https://www.atomsportv513.top/favicon.ico 200 
2026-08-22 15:22:51,024 [INFO] Capturing request: https://streamsport365.com/cinema
2026-08-22 15:22:51,099 [INFO] Capturing response: https://teletv5.top/load/yayinlink.php?id=s-sport-2 200 
2026-08-22 15:22:51,393 [INFO] Capturing response: https://streamsport365.com/cinema 200 
2026-08-22 15:22:51,505 [INFO] Capturing request: https://www.atomsportv513.top/assets/img/player/player_logo_6a87a2e2eecc5.png
2026-08-22 15:22:51,516 [INFO] Capturing request: https://corestream.siteyaptim.live//s-sport2/tracks-v1a1/mono.m3u8
2026-08-22 15:22:51,621 [INFO] Capturing response: https://www.atomsportv513.top/assets/img/player/player_logo_6a87a2e2eecc5.png 304 
2026-08-22 15:22:51,705 [INFO] Capturing response: https://corestream.siteyaptim.live//s-sport2/tracks-v1a1/mono.m3u8 200 
2026-08-22 15:22:51,855 [INFO] Capturing request: https://global.siteyaptim.live/s-sport2/tracks-v1a1/2026/08/22/15/22/13-06000.jpg
2026-08-22 15:22:52,534 [INFO] Capturing response: https://global.siteyaptim.live/s-sport2/tracks-v1a1/2026/08/22/15/22/13-06000.jpg 200 
2026-08-22 15:22:52,840 [INFO] Capturing request: https://global.siteyaptim.live/s-sport2/tracks-v1a1/2026/08/22/15/22/19-06000.jpg
2026-08-22 15:22:53,497 [INFO] Capturing response: https://global.siteyaptim.live/s-sport2/tracks-v1a1/2026/08/22/15/22/19-06000.jpg 200 
2026-08-22 15:22:53,795 [INFO]   ✅ M3U8 bulundu: https://corestream.siteyaptim.live//s-sport2/tracks-v1a1/mono.m3u8
2026-08-22 15:22:53,803 [INFO] Capturing request: https://global.siteyaptim.live/s-sport2/tracks-v1a1/2026/08/22/15/22/25-06000.jpg
2026-08-22 15:22:54,346 [INFO] Capturing response: https://global.siteyaptim.live/s-sport2/tracks-v1a1/2026/08/22/15/22/25-06000.jpg 200 
2026-08-22 15:22:54,795 [INFO] 
[10/14]
2026-08-22 15:22:54,795 [INFO] 🔍 A Spor → https://www.atomsportv513.top/matches?id=a-spor
2026-08-22 15:22:54,907 [INFO] Capturing request: https://www.atomsportv513.top/matches?id=a-spor
2026-08-22 15:22:55,168 [INFO] Capturing response: https://www.atomsportv513.top/matches?id=a-spor 200 
2026-08-22 15:22:55,207 [INFO] Capturing request: https://streamsport365.com/cinema
2026-08-22 15:22:55,308 [INFO] Capturing request: https://teletv5.top/load/yayinlink.php?id=a-spor
2026-08-22 15:22:55,312 [INFO] Capturing request: https://www.atomsportv513.top/favicon.ico
2026-08-22 15:22:55,344 [INFO] Capturing response: https://www.atomsportv513.top/favicon.ico 200 
2026-08-22 15:22:55,539 [INFO] Capturing response: https://teletv5.top/load/yayinlink.php?id=a-spor 200 
2026-08-22 15:22:55,571 [INFO] Capturing response: https://streamsport365.com/cinema 200 
2026-08-22 15:22:55,690 [INFO] Capturing request: https://www.atomsportv513.top/assets/img/player/player_logo_6a87a2e2eecc5.png
2026-08-22 15:22:55,700 [INFO] Capturing request: https://corestream.siteyaptim.live//aspor/tracks-v1a1/mono.m3u8
2026-08-22 15:22:55,805 [INFO] Capturing response: https://www.atomsportv513.top/assets/img/player/player_logo_6a87a2e2eecc5.png 304 
2026-08-22 15:22:55,890 [INFO] Capturing response: https://corestream.siteyaptim.live//aspor/tracks-v1a1/mono.m3u8 200 
2026-08-22 15:22:56,001 [INFO] Capturing request: https://global.siteyaptim.live/aspor/tracks-v1a1/2026/08/22/15/23/12-10000.jpg
2026-08-22 15:22:57,564 [INFO] Capturing response: https://global.siteyaptim.live/aspor/tracks-v1a1/2026/08/22/15/23/12-10000.jpg 200 
2026-08-22 15:22:57,874 [INFO] Capturing request: https://global.siteyaptim.live/aspor/tracks-v1a1/2026/08/22/15/23/22-10000.jpg
2026-08-22 15:22:58,227 [INFO]   ✅ M3U8 bulundu: https://corestream.siteyaptim.live//aspor/tracks-v1a1/mono.m3u8
2026-08-22 15:22:58,509 [INFO] Capturing response: https://global.siteyaptim.live/aspor/tracks-v1a1/2026/08/22/15/23/22-10000.jpg 200 
2026-08-22 15:22:58,807 [INFO] Capturing request: https://global.siteyaptim.live/aspor/tracks-v1a1/2026/08/22/15/23/32-10000.jpg
2026-08-22 15:22:59,228 [INFO] 
[11/14]
2026-08-22 15:22:59,228 [INFO] 🔍 Tivibu Spor 1 → https://www.atomsportv513.top/matches?id=tivibu-spor-1
2026-08-22 15:22:59,364 [INFO] Capturing request: https://www.atomsportv513.top/matches?id=tivibu-spor-1
2026-08-22 15:22:59,494 [INFO] Capturing response: https://global.siteyaptim.live/aspor/tracks-v1a1/2026/08/22/15/23/32-10000.jpg 200 
2026-08-22 15:22:59,627 [INFO] Capturing response: https://www.atomsportv513.top/matches?id=tivibu-spor-1 200 
2026-08-22 15:22:59,760 [INFO] Capturing request: https://teletv5.top/load/yayinlink.php?id=tivibu-spor-1
2026-08-22 15:22:59,763 [INFO] Capturing request: https://www.atomsportv513.top/favicon.ico
2026-08-22 15:22:59,794 [INFO] Capturing response: https://www.atomsportv513.top/favicon.ico 200 
2026-08-22 15:22:59,916 [INFO] Capturing request: https://streamsport365.com/cinema
2026-08-22 15:22:59,989 [INFO] Capturing response: https://teletv5.top/load/yayinlink.php?id=tivibu-spor-1 200 
2026-08-22 15:23:00,304 [INFO] Capturing response: https://streamsport365.com/cinema 200 
2026-08-22 15:23:13,445 [INFO] Capturing request: https://update.googleapis.com/service/update2/json?cup2key=16:-V8_H9k67ClL_Ut2CiJygwKJTJpm92pN3f0Vk3k2tqE&cup2hreq=2dd8c2821ec4132e96d2cb58158110172d6334b25f914666425b3735c3927607
2026-08-22 15:23:13,475 [INFO] Capturing response: https://update.googleapis.com/service/update2/json?cup2key=16:-V8_H9k67ClL_Ut2CiJygwKJTJpm92pN3f0Vk3k2tqE&cup2hreq=2dd8c2821ec4132e96d2cb58158110172d6334b25f914666425b3735c3927607 200 
2026-08-22 15:23:13,483 [INFO] Capturing request: http://edgedl.me.gvt1.com/edgedl/diffgen-puffin/gcmjkmgdlgnkkcocmoeiminaijmmjnii/6ca5bdb9f3e2cd83b7e359729bc6c33c4fe975ec499861d969b3e080320849ff
2026-08-22 15:23:13,516 [INFO] Capturing response: http://edgedl.me.gvt1.com/edgedl/diffgen-puffin/gcmjkmgdlgnkkcocmoeiminaijmmjnii/6ca5bdb9f3e2cd83b7e359729bc6c33c4fe975ec499861d969b3e080320849ff 200 OK
2026-08-22 15:23:13,543 [INFO] Capturing request: https://update.googleapis.com/service/update2/json
2026-08-22 15:23:13,569 [INFO] Capturing response: https://update.googleapis.com/service/update2/json 200 
2026-08-22 15:23:13,614 [INFO] Capturing request: http://edgedl.me.gvt1.com/edgedl/release2/chrome_component/lqmv43mnell6xhvz3ejb5abade_10731/hfnkpimlhhgieaddgfemjhofmfblmnib_10731_all_adrzxndsw6jkd7v4wjf5i4pg6dra.crx3
2026-08-22 15:23:13,631 [INFO] Capturing response: http://edgedl.me.gvt1.com/edgedl/release2/chrome_component/lqmv43mnell6xhvz3ejb5abade_10731/hfnkpimlhhgieaddgfemjhofmfblmnib_10731_all_adrzxndsw6jkd7v4wjf5i4pg6dra.crx3 200 OK
2026-08-22 15:23:13,661 [INFO] Capturing request: https://update.googleapis.com/service/update2/json
2026-08-22 15:23:13,688 [INFO] Capturing response: https://update.googleapis.com/service/update2/json 200 
2026-08-22 15:23:32,955 [WARNING]   ❌ Tivibu Spor 1 için M3U8 bulunamadı
2026-08-22 15:23:33,955 [INFO] 
[12/14]
2026-08-22 15:23:33,956 [INFO] 🔍 Tivibu Spor 2 → https://www.atomsportv513.top/matches?id=tivibu-spor-2
2026-08-22 15:23:34,115 [INFO] Capturing request: https://www.atomsportv513.top/matches?id=tivibu-spor-2
2026-08-22 15:23:34,370 [INFO] Capturing response: https://www.atomsportv513.top/matches?id=tivibu-spor-2 200 
2026-08-22 15:23:34,539 [INFO] Capturing request: https://www.atomsportv513.top/favicon.ico
2026-08-22 15:23:34,571 [INFO] Capturing request: https://teletv5.top/load/yayinlink.php?id=tivibu-spor-2
2026-08-22 15:23:34,577 [INFO] Capturing response: https://www.atomsportv513.top/favicon.ico 200 
2026-08-22 15:23:35,025 [INFO] Capturing response: https://teletv5.top/load/yayinlink.php?id=tivibu-spor-2 200 
2026-08-22 15:23:35,223 [INFO] Capturing request: https://streamsport365.com/cinema
2026-08-22 15:23:35,572 [INFO] Capturing response: https://streamsport365.com/cinema 200 
2026-08-22 15:23:36,051 [INFO] Capturing request: https://android.clients.google.com/c2dm/register3
2026-08-22 15:23:36,107 [INFO] Capturing response: https://android.clients.google.com/c2dm/register3 301 
2026-08-22 15:24:07,701 [WARNING]   ❌ Tivibu Spor 2 için M3U8 bulunamadı
2026-08-22 15:24:08,701 [INFO] 
[13/14]
2026-08-22 15:24:08,701 [INFO] 🔍 Tivibu Spor 3 → https://www.atomsportv513.top/matches?id=tivibu-spor-3
2026-08-22 15:24:08,811 [INFO] Capturing request: https://www.atomsportv513.top/matches?id=tivibu-spor-3
2026-08-22 15:24:09,263 [INFO] Capturing response: https://www.atomsportv513.top/matches?id=tivibu-spor-3 200 
2026-08-22 15:24:09,400 [INFO] Capturing request: https://teletv5.top/load/yayinlink.php?id=tivibu-spor-3
2026-08-22 15:24:09,401 [INFO] Capturing request: https://www.atomsportv513.top/favicon.ico
2026-08-22 15:24:09,418 [INFO] Capturing response: https://teletv5.top/load/yayinlink.php?id=tivibu-spor-3 200 
2026-08-22 15:24:09,437 [INFO] Capturing response: https://www.atomsportv513.top/favicon.ico 200 
2026-08-22 15:24:09,551 [INFO] Capturing request: https://streamsport365.com/cinema
2026-08-22 15:24:09,905 [INFO] Capturing response: https://streamsport365.com/cinema 200 
2026-08-22 15:24:42,558 [WARNING]   ❌ Tivibu Spor 3 için M3U8 bulunamadı
2026-08-22 15:24:43,558 [INFO] 
[14/14]
2026-08-22 15:24:43,559 [INFO] 🔍 Tivibu Spor 4 → https://www.atomsportv513.top/matches?id=tivibu-spor-4
2026-08-22 15:24:43,668 [INFO] Capturing request: https://www.atomsportv513.top/matches?id=tivibu-spor-4
2026-08-22 15:24:44,117 [INFO] Capturing response: https://www.atomsportv513.top/matches?id=tivibu-spor-4 200 
2026-08-22 15:24:44,254 [INFO] Capturing request: https://teletv5.top/load/yayinlink.php?id=tivibu-spor-4
2026-08-22 15:24:44,256 [INFO] Capturing request: https://www.atomsportv513.top/favicon.ico
2026-08-22 15:24:44,291 [INFO] Capturing response: https://www.atomsportv513.top/favicon.ico 200 
2026-08-22 15:24:44,406 [INFO] Capturing request: https://streamsport365.com/cinema
2026-08-22 15:24:44,480 [INFO] Capturing response: https://teletv5.top/load/yayinlink.php?id=tivibu-spor-4 200 
2026-08-22 15:24:44,759 [INFO] Capturing response: https://streamsport365.com/cinema 200 
2026-08-22 15:25:08,820 [INFO] Capturing request: https://android.clients.google.com/c2dm/register3
2026-08-22 15:25:08,937 [INFO] Capturing response: https://android.clients.google.com/c2dm/register3 301 
2026-08-22 15:25:17,416 [WARNING]   ❌ Tivibu Spor 4 için M3U8 bulunamadı
2026-08-22 15:25:18,484 [INFO] ✅ 10 kanal bulundu, playlist.m3u kaydedildi
