2026-09-28 01:55:41,115 [INFO] 🌐 BASE_URL: https://www.atomsportv515.top
2026-09-28 01:55:42,011 [INFO] Başlanıyor... 14 kanal taranacak
2026-09-28 01:55:42,011 [INFO] Using default request storage
2026-09-28 01:55:42,016 [INFO] Created proxy listening on 127.0.0.1:43997
2026-09-28 01:55:42,695 [INFO] Capturing request: http://clients2.google.com/time/1/current?cup2key=10:_f6aCEgZuk8Y8S0JN6Qjpc-GLP6_LwB_1VmJ22RpDkc&cup2hreq=e3b0c44298fc1c149afbf4c8996fb92427ae41e4649b934ca495991b7852b855
2026-09-28 01:55:42,753 [INFO] Capturing response: http://clients2.google.com/time/1/current?cup2key=10:_f6aCEgZuk8Y8S0JN6Qjpc-GLP6_LwB_1VmJ22RpDkc&cup2hreq=e3b0c44298fc1c149afbf4c8996fb92427ae41e4649b934ca495991b7852b855 200 OK
2026-09-28 01:55:43,004 [INFO] 
[1/14]
2026-09-28 01:55:43,004 [INFO] 🔍 beIN Sports 1 → https://www.atomsportv515.top/matches?id=bein-sports-1
2026-09-28 01:55:43,044 [INFO] Capturing request: https://accounts.google.com/ListAccounts?gpsia=1&source=ChromiumBrowser&json=standard&laf=b64bin
2026-09-28 01:55:43,062 [INFO] Capturing request: https://update.googleapis.com/service/update2/json?cup2key=ML-DSA-44-16:Rh1fzK669EJ78SFz-bIRNLloCI_zeYxFbiE8HHsXmbY&cup2hreq=c9c63268bdd3618dab14bf2783b30c89ec3b74ef1b4b201aefc6e55e6623658c
2026-09-28 01:55:43,179 [INFO] Capturing response: https://accounts.google.com/ListAccounts?gpsia=1&source=ChromiumBrowser&json=standard&laf=b64bin 200 
2026-09-28 01:55:43,183 [INFO] Capturing request: https://www.google.com/async/folae?async=_fmt:pb&udm=50&client_locale=en-US&client_country=ZZ
2026-09-28 01:55:43,211 [INFO] Capturing response: https://www.google.com/async/folae?async=_fmt:pb&udm=50&client_locale=en-US&client_country=ZZ 200 
2026-09-28 01:55:43,217 [INFO] Capturing response: https://update.googleapis.com/service/update2/json?cup2key=ML-DSA-44-16:Rh1fzK669EJ78SFz-bIRNLloCI_zeYxFbiE8HHsXmbY&cup2hreq=c9c63268bdd3618dab14bf2783b30c89ec3b74ef1b4b201aefc6e55e6623658c 200 
2026-09-28 01:55:43,268 [INFO] Capturing request: https://update.googleapis.com/service/update2/json?cup2key=ML-DSA-44-16:qmzgJMjVNzYirdBAA_Zmwb0Lk6OdvV1OsAiQJVIEM5A&cup2hreq=f751a47d9d14dd6e57a416a3d028c754b4e5344d46fd12c5ba2f592ef42ec52e
2026-09-28 01:55:43,292 [INFO] Capturing request: https://www.atomsportv515.top/matches?id=bein-sports-1
2026-09-28 01:55:43,326 [INFO] Capturing response: https://update.googleapis.com/service/update2/json?cup2key=ML-DSA-44-16:qmzgJMjVNzYirdBAA_Zmwb0Lk6OdvV1OsAiQJVIEM5A&cup2hreq=f751a47d9d14dd6e57a416a3d028c754b4e5344d46fd12c5ba2f592ef42ec52e 200 
2026-09-28 01:55:43,376 [INFO] Capturing request: https://update.googleapis.com/service/update2/json?cup2key=ML-DSA-44-16:UBoq-3RrQrpRayiOOSrDUwtqAl6-GEHIjb_Vg65ZIbI&cup2hreq=d310169be77ef33a90ea13c62d91a28653b99cd086b8d4834a9e32fef5c74c5b
2026-09-28 01:55:43,434 [INFO] Capturing request: https://www.google.com/async/folae?async=_fmt:pb&udm=50&client_locale=en-US&client_country=ZZ
2026-09-28 01:55:43,436 [INFO] Capturing response: https://update.googleapis.com/service/update2/json?cup2key=ML-DSA-44-16:UBoq-3RrQrpRayiOOSrDUwtqAl6-GEHIjb_Vg65ZIbI&cup2hreq=d310169be77ef33a90ea13c62d91a28653b99cd086b8d4834a9e32fef5c74c5b 200 
2026-09-28 01:55:43,463 [INFO] Capturing response: https://www.google.com/async/folae?async=_fmt:pb&udm=50&client_locale=en-US&client_country=ZZ 200 
2026-09-28 01:55:43,569 [INFO] Capturing response: https://www.atomsportv515.top/matches?id=bein-sports-1 200 
2026-09-28 01:55:43,805 [INFO] Capturing request: https://cdn.jsdelivr.net/npm/@clappr/player@0.11.16/dist/clappr.min.js
2026-09-28 01:55:43,808 [INFO] Capturing request: https://cdn.jsdelivr.net/npm/@clappr/hlsjs-playback@1.8.3/dist/hlsjs-playback.min.js
2026-09-28 01:55:43,810 [INFO] Capturing request: https://cdn.jsdelivr.net/npm/level-selector/dist/level-selector.min.js
2026-09-28 01:55:43,858 [INFO] Capturing response: https://cdn.jsdelivr.net/npm/level-selector/dist/level-selector.min.js 200 
2026-09-28 01:55:43,903 [INFO] Capturing response: https://cdn.jsdelivr.net/npm/@clappr/player@0.11.16/dist/clappr.min.js 200 
2026-09-28 01:55:43,928 [INFO] Capturing response: https://cdn.jsdelivr.net/npm/@clappr/hlsjs-playback@1.8.3/dist/hlsjs-playback.min.js 200 
2026-09-28 01:55:44,171 [INFO] Capturing request: https://www.atomsportv515.top/favicon.ico
2026-09-28 01:55:44,233 [INFO] Capturing response: https://www.atomsportv515.top/favicon.ico 200 
2026-09-28 01:55:44,323 [INFO] Capturing request: https://teletv5.top/load/yayinlink.php?id=bein-sports-1
2026-09-28 01:55:44,702 [INFO] Capturing request: https://streamsport365.com/cinema
2026-09-28 01:55:44,818 [INFO] Capturing response: https://teletv5.top/load/yayinlink.php?id=bein-sports-1 200 
2026-09-28 01:55:45,020 [INFO] Capturing response: https://streamsport365.com/cinema 200 
2026-09-28 01:55:45,151 [INFO] Capturing request: https://www.atomsportv515.top/assets/img/player/player_logo_6a87a2e2eecc5.png
2026-09-28 01:55:45,228 [INFO] Capturing response: https://www.atomsportv515.top/assets/img/player/player_logo_6a87a2e2eecc5.png 200 
2026-09-28 01:55:45,309 [INFO] Capturing request: https://ladyboy.yedektv.cfd//beintv/tracks-v1a1/mono.m3u8
2026-09-28 01:55:45,575 [INFO] Capturing response: https://ladyboy.yedektv.cfd//beintv/tracks-v1a1/mono.m3u8 200 
2026-09-28 01:55:45,848 [INFO] Capturing request: https://taylandpompa.yedektv.cfd/beintv/tracks-v1a1/2026/09/28/01/55/26-06000.jpg
2026-09-28 01:55:45,994 [INFO] Capturing request: https://android.clients.google.com/checkin
2026-09-28 01:55:46,140 [INFO] Capturing response: https://android.clients.google.com/checkin 200 
2026-09-28 01:55:46,192 [INFO] Capturing request: https://android.clients.google.com/c2dm/register3
2026-09-28 01:55:46,196 [INFO] Capturing request: https://android.clients.google.com/c2dm/register3
2026-09-28 01:55:46,200 [INFO] Capturing request: https://android.clients.google.com/c2dm/register3
2026-09-28 01:55:46,256 [INFO] Capturing response: https://android.clients.google.com/c2dm/register3 301 
2026-09-28 01:55:47,093 [INFO]   ✅ M3U8 bulundu: https://ladyboy.yedektv.cfd//beintv/tracks-v1a1/mono.m3u8
2026-09-28 01:55:47,142 [INFO] Capturing response: https://android.clients.google.com/c2dm/register3 200 
2026-09-28 01:55:47,188 [INFO] Capturing response: https://android.clients.google.com/c2dm/register3 200 
2026-09-28 01:55:48,093 [INFO] 
[2/14]
2026-09-28 01:55:48,094 [INFO] 🔍 beIN Sports 2 → https://www.atomsportv515.top/matches?id=bein-sports-2
2026-09-28 01:55:48,203 [INFO] Capturing request: https://www.atomsportv515.top/matches?id=bein-sports-2
2026-09-28 01:55:48,246 [INFO] Capturing response: https://taylandpompa.yedektv.cfd/beintv/tracks-v1a1/2026/09/28/01/55/26-06000.jpg 200 
2026-09-28 01:55:48,479 [INFO] Capturing response: https://www.atomsportv515.top/matches?id=bein-sports-2 200 
2026-09-28 01:55:48,550 [INFO] Capturing request: https://streamsport365.com/cinema
2026-09-28 01:55:48,551 [INFO] Capturing request: https://taylandpompa.yedektv.cfd/beintv/tracks-v1a1/2026/09/28/01/55/32-06000.jpg
2026-09-28 01:55:48,651 [INFO] Capturing request: https://teletv5.top/load/yayinlink.php?id=bein-sports-2
2026-09-28 01:55:48,654 [INFO] Capturing request: https://www.atomsportv515.top/favicon.ico
2026-09-28 01:55:48,705 [INFO] Capturing response: https://www.atomsportv515.top/favicon.ico 200 
2026-09-28 01:55:48,875 [INFO] Capturing response: https://streamsport365.com/cinema 200 
2026-09-28 01:55:48,897 [INFO] Capturing response: https://teletv5.top/load/yayinlink.php?id=bein-sports-2 200 
2026-09-28 01:55:49,011 [INFO] Capturing request: https://www.atomsportv515.top/assets/img/player/player_logo_6a87a2e2eecc5.png
2026-09-28 01:55:49,018 [INFO] Capturing request: https://ladyboy.yedektv.cfd//bein2/tracks-v1a1/mono.m3u8
2026-09-28 01:55:49,143 [INFO] Capturing response: https://www.atomsportv515.top/assets/img/player/player_logo_6a87a2e2eecc5.png 304 
2026-09-28 01:55:49,244 [INFO] Capturing response: https://ladyboy.yedektv.cfd//bein2/tracks-v1a1/mono.m3u8 200 
2026-09-28 01:55:49,353 [INFO] Capturing request: https://taylandpompa.yedektv.cfd/bein2/tracks-v1a1/2026/09/28/01/55/21-10000.jpg
2026-09-28 01:55:51,568 [INFO]   ✅ M3U8 bulundu: https://ladyboy.yedektv.cfd//bein2/tracks-v1a1/mono.m3u8
2026-09-28 01:55:52,105 [INFO] Capturing response: https://taylandpompa.yedektv.cfd/beintv/tracks-v1a1/2026/09/28/01/55/32-06000.jpg 200 
2026-09-28 01:55:52,568 [INFO] 
[3/14]
2026-09-28 01:55:52,568 [INFO] 🔍 beIN Sports 3 → https://www.atomsportv515.top/matches?id=bein-sports-3
2026-09-28 01:55:52,678 [INFO] Capturing request: https://www.atomsportv515.top/matches?id=bein-sports-3
2026-09-28 01:55:52,996 [INFO] Capturing response: https://www.atomsportv515.top/matches?id=bein-sports-3 200 
2026-09-28 01:55:53,121 [INFO] Capturing request: https://teletv5.top/load/yayinlink.php?id=bein-sports-3
2026-09-28 01:55:53,126 [INFO] Capturing request: https://www.atomsportv515.top/favicon.ico
2026-09-28 01:55:53,176 [INFO] Capturing response: https://www.atomsportv515.top/favicon.ico 200 
2026-09-28 01:55:53,263 [INFO] Capturing request: https://streamsport365.com/cinema
2026-09-28 01:55:53,366 [INFO] Capturing response: https://teletv5.top/load/yayinlink.php?id=bein-sports-3 200 
2026-09-28 01:55:53,520 [INFO] Capturing response: https://taylandpompa.yedektv.cfd/bein2/tracks-v1a1/2026/09/28/01/55/21-10000.jpg 200 
2026-09-28 01:55:53,578 [INFO] 127.0.0.1:54428: ProtocolException("Error in HTTP connection: Http2ZombieException('Connection or stream already dead: 1790560553.5782845, False')")
2026-09-28 01:55:53,586 [INFO] Capturing response: https://streamsport365.com/cinema 200 
2026-09-28 01:55:53,697 [INFO] Capturing request: https://www.atomsportv515.top/assets/img/player/player_logo_6a87a2e2eecc5.png
2026-09-28 01:55:53,707 [INFO] Capturing request: https://ladyboy.yedektv.cfd//bein3/tracks-v1a1/mono.m3u8
2026-09-28 01:55:53,830 [INFO] Capturing response: https://www.atomsportv515.top/assets/img/player/player_logo_6a87a2e2eecc5.png 304 
2026-09-28 01:55:53,923 [INFO] Capturing response: https://ladyboy.yedektv.cfd//bein3/tracks-v1a1/mono.m3u8 200 
2026-09-28 01:55:54,032 [INFO] Capturing request: https://taylandpompa.yedektv.cfd/bein3/tracks-v1a1/2026/09/28/01/57/00-05000.jpg
2026-09-28 01:55:55,295 [INFO] Capturing response: https://taylandpompa.yedektv.cfd/bein3/tracks-v1a1/2026/09/28/01/57/00-05000.jpg 200 
2026-09-28 01:55:55,534 [INFO] Capturing request: https://taylandpompa.yedektv.cfd/bein3/tracks-v1a1/2026/09/28/01/57/05-05000.jpg
2026-09-28 01:55:56,044 [INFO]   ✅ M3U8 bulundu: https://ladyboy.yedektv.cfd//bein3/tracks-v1a1/mono.m3u8
2026-09-28 01:55:56,741 [INFO] Capturing response: https://taylandpompa.yedektv.cfd/bein3/tracks-v1a1/2026/09/28/01/57/05-05000.jpg 200 
2026-09-28 01:55:56,959 [INFO] Capturing request: https://taylandpompa.yedektv.cfd/bein3/tracks-v1a1/2026/09/28/01/57/10-05000.jpg
2026-09-28 01:55:57,045 [INFO] 
[4/14]
2026-09-28 01:55:57,045 [INFO] 🔍 beIN Sports 4 → https://www.atomsportv515.top/matches?id=bein-sports-4
2026-09-28 01:55:57,155 [INFO] Capturing request: https://www.atomsportv515.top/matches?id=bein-sports-4
2026-09-28 01:55:57,431 [INFO] Capturing response: https://www.atomsportv515.top/matches?id=bein-sports-4 200 
2026-09-28 01:55:57,468 [INFO] Capturing request: https://streamsport365.com/cinema
2026-09-28 01:55:57,568 [INFO] Capturing request: https://teletv5.top/load/yayinlink.php?id=bein-sports-4
2026-09-28 01:55:57,569 [INFO] Capturing request: https://www.atomsportv515.top/favicon.ico
2026-09-28 01:55:57,625 [INFO] Capturing response: https://www.atomsportv515.top/favicon.ico 200 
2026-09-28 01:55:57,790 [INFO] Capturing response: https://streamsport365.com/cinema 200 
2026-09-28 01:55:57,949 [INFO] Capturing response: https://teletv5.top/load/yayinlink.php?id=bein-sports-4 200 
2026-09-28 01:55:58,100 [INFO] Capturing request: https://www.atomsportv515.top/assets/img/player/player_logo_6a87a2e2eecc5.png
2026-09-28 01:55:58,110 [INFO] Capturing request: https://ladyboy.yedektv.cfd//bein4/tracks-v1a1/mono.m3u8
2026-09-28 01:55:58,236 [INFO] Capturing response: https://www.atomsportv515.top/assets/img/player/player_logo_6a87a2e2eecc5.png 304 
2026-09-28 01:55:58,332 [INFO] Capturing response: https://ladyboy.yedektv.cfd//bein4/tracks-v1a1/mono.m3u8 200 
2026-09-28 01:55:58,395 [INFO] Capturing response: https://taylandpompa.yedektv.cfd/bein3/tracks-v1a1/2026/09/28/01/57/10-05000.jpg 200 
2026-09-28 01:55:58,481 [INFO] Capturing request: https://taylandpompa.yedektv.cfd/bein4/tracks-v1a1/2026/09/28/01/55/35-10000.jpg
2026-09-28 01:56:00,477 [INFO]   ✅ M3U8 bulundu: https://ladyboy.yedektv.cfd//bein4/tracks-v1a1/mono.m3u8
2026-09-28 01:56:01,477 [INFO] 
[5/14]
2026-09-28 01:56:01,477 [INFO] 🔍 beIN Sports 5 → https://www.atomsportv515.top/matches?id=bein-sports-5
2026-09-28 01:56:01,587 [INFO] Capturing request: https://www.atomsportv515.top/matches?id=bein-sports-5
2026-09-28 01:56:01,861 [INFO] Capturing response: https://www.atomsportv515.top/matches?id=bein-sports-5 200 
2026-09-28 01:56:01,864 [INFO] Capturing response: https://taylandpompa.yedektv.cfd/bein4/tracks-v1a1/2026/09/28/01/55/35-10000.jpg 200 
2026-09-28 01:56:02,002 [INFO] Capturing request: https://teletv5.top/load/yayinlink.php?id=bein-sports-5
2026-09-28 01:56:02,006 [INFO] Capturing request: https://www.atomsportv515.top/favicon.ico
2026-09-28 01:56:02,055 [INFO] Capturing response: https://www.atomsportv515.top/favicon.ico 200 
2026-09-28 01:56:02,146 [INFO] Capturing request: https://streamsport365.com/cinema
2026-09-28 01:56:02,258 [INFO] Capturing response: https://teletv5.top/load/yayinlink.php?id=bein-sports-5 200 
2026-09-28 01:56:02,479 [INFO] Capturing response: https://streamsport365.com/cinema 200 
2026-09-28 01:56:02,589 [INFO] Capturing request: https://www.atomsportv515.top/assets/img/player/player_logo_6a87a2e2eecc5.png
2026-09-28 01:56:02,598 [INFO] Capturing request: https://ladyboy.yedektv.cfd//bein5/tracks-v1a1/mono.m3u8
2026-09-28 01:56:02,725 [INFO] Capturing response: https://www.atomsportv515.top/assets/img/player/player_logo_6a87a2e2eecc5.png 304 
2026-09-28 01:56:02,823 [INFO] Capturing response: https://ladyboy.yedektv.cfd//bein5/tracks-v1a1/mono.m3u8 404 
2026-09-28 01:56:04,919 [INFO]   ✅ M3U8 bulundu: https://ladyboy.yedektv.cfd//bein5/tracks-v1a1/mono.m3u8
2026-09-28 01:56:04,952 [INFO] Capturing request: https://ladyboy.yedektv.cfd//bein5/tracks-v1a1/mono.m3u8
2026-09-28 01:56:05,170 [INFO] Capturing response: https://ladyboy.yedektv.cfd//bein5/tracks-v1a1/mono.m3u8 404 
2026-09-28 01:56:05,920 [INFO] 
[6/14]
2026-09-28 01:56:05,920 [INFO] 🔍 beIN Sports Max 1 → https://www.atomsportv515.top/matches?id=bein-sports-max-1
2026-09-28 01:56:06,030 [INFO] Capturing request: https://www.atomsportv515.top/matches?id=bein-sports-max-1
2026-09-28 01:56:06,307 [INFO] Capturing response: https://www.atomsportv515.top/matches?id=bein-sports-max-1 200 
2026-09-28 01:56:06,334 [INFO] Capturing request: https://streamsport365.com/cinema
2026-09-28 01:56:06,436 [INFO] Capturing request: https://www.atomsportv515.top/favicon.ico
2026-09-28 01:56:06,438 [INFO] Capturing request: https://teletv5.top/load/yayinlink.php?id=bein-sports-max-1
2026-09-28 01:56:06,491 [INFO] Capturing response: https://www.atomsportv515.top/favicon.ico 200 
2026-09-28 01:56:06,686 [INFO] Capturing response: https://streamsport365.com/cinema 200 
2026-09-28 01:56:06,692 [INFO] Capturing response: https://teletv5.top/load/yayinlink.php?id=bein-sports-max-1 200 
2026-09-28 01:56:06,843 [INFO] Capturing request: https://www.atomsportv515.top/assets/img/player/player_logo_6a87a2e2eecc5.png
2026-09-28 01:56:06,852 [INFO] Capturing request: https://ladyboy.yedektv.cfd//beinmax1/tracks-v1a1/mono.m3u8
2026-09-28 01:56:06,976 [INFO] Capturing response: https://www.atomsportv515.top/assets/img/player/player_logo_6a87a2e2eecc5.png 304 
2026-09-28 01:56:07,100 [INFO] Capturing response: https://ladyboy.yedektv.cfd//beinmax1/tracks-v1a1/mono.m3u8 404 
2026-09-28 01:56:08,290 [INFO] Capturing request: https://android.clients.google.com/c2dm/register3
2026-09-28 01:56:08,350 [INFO] Capturing response: https://android.clients.google.com/c2dm/register3 301 
2026-09-28 01:56:09,218 [INFO] Capturing request: https://ladyboy.yedektv.cfd//beinmax1/tracks-v1a1/mono.m3u8
2026-09-28 01:56:09,349 [INFO]   ✅ M3U8 bulundu: https://ladyboy.yedektv.cfd//beinmax1/tracks-v1a1/mono.m3u8
2026-09-28 01:56:09,442 [INFO] Capturing response: https://ladyboy.yedektv.cfd//beinmax1/tracks-v1a1/mono.m3u8 404 
2026-09-28 01:56:10,349 [INFO] 
[7/14]
2026-09-28 01:56:10,349 [INFO] 🔍 beIN Sports Max 2 → https://www.atomsportv515.top/matches?id=bein-sports-max-2
2026-09-28 01:56:10,459 [INFO] Capturing request: https://www.atomsportv515.top/matches?id=bein-sports-max-2
2026-09-28 01:56:10,934 [INFO] Capturing response: https://www.atomsportv515.top/matches?id=bein-sports-max-2 200 
2026-09-28 01:56:11,065 [INFO] Capturing request: https://www.atomsportv515.top/favicon.ico
2026-09-28 01:56:11,066 [INFO] Capturing request: https://teletv5.top/load/yayinlink.php?id=bein-sports-max-2
2026-09-28 01:56:11,115 [INFO] Capturing response: https://www.atomsportv515.top/favicon.ico 200 
2026-09-28 01:56:11,204 [INFO] Capturing request: https://streamsport365.com/cinema
2026-09-28 01:56:11,329 [INFO] Capturing response: https://teletv5.top/load/yayinlink.php?id=bein-sports-max-2 200 
2026-09-28 01:56:11,524 [INFO] Capturing response: https://streamsport365.com/cinema 200 
2026-09-28 01:56:11,634 [INFO] Capturing request: https://www.atomsportv515.top/assets/img/player/player_logo_6a87a2e2eecc5.png
2026-09-28 01:56:11,643 [INFO] Capturing request: https://ladyboy.yedektv.cfd//beinmax2/tracks-v1a1/mono.m3u8
2026-09-28 01:56:11,764 [INFO] Capturing response: https://www.atomsportv515.top/assets/img/player/player_logo_6a87a2e2eecc5.png 304 
2026-09-28 01:56:11,888 [INFO] Capturing response: https://ladyboy.yedektv.cfd//beinmax2/tracks-v1a1/mono.m3u8 404 
2026-09-28 01:56:13,976 [INFO]   ✅ M3U8 bulundu: https://ladyboy.yedektv.cfd//beinmax2/tracks-v1a1/mono.m3u8
2026-09-28 01:56:14,048 [INFO] Capturing request: https://ladyboy.yedektv.cfd//beinmax2/tracks-v1a1/mono.m3u8
2026-09-28 01:56:14,257 [INFO] Capturing response: https://ladyboy.yedektv.cfd//beinmax2/tracks-v1a1/mono.m3u8 404 
2026-09-28 01:56:14,977 [INFO] 
[8/14]
2026-09-28 01:56:14,977 [INFO] 🔍 S Sport → https://www.atomsportv515.top/matches?id=s-sport
2026-09-28 01:56:15,085 [INFO] Capturing request: https://www.atomsportv515.top/matches?id=s-sport
2026-09-28 01:56:15,368 [INFO] Capturing response: https://www.atomsportv515.top/matches?id=s-sport 200 
2026-09-28 01:56:15,396 [INFO] Capturing request: https://streamsport365.com/cinema
2026-09-28 01:56:15,495 [INFO] Capturing request: https://teletv5.top/load/yayinlink.php?id=s-sport
2026-09-28 01:56:15,497 [INFO] Capturing request: https://www.atomsportv515.top/favicon.ico
2026-09-28 01:56:15,546 [INFO] Capturing response: https://www.atomsportv515.top/favicon.ico 200 
2026-09-28 01:56:15,737 [INFO] Capturing response: https://streamsport365.com/cinema 200 
2026-09-28 01:56:15,739 [INFO] Capturing response: https://teletv5.top/load/yayinlink.php?id=s-sport 200 
2026-09-28 01:56:15,890 [INFO] Capturing request: https://www.atomsportv515.top/assets/img/player/player_logo_6a87a2e2eecc5.png
2026-09-28 01:56:15,899 [INFO] Capturing request: https://ladyboy.yedektv.cfd//s-sport/tracks-v1a1/mono.m3u8
2026-09-28 01:56:16,021 [INFO] Capturing response: https://www.atomsportv515.top/assets/img/player/player_logo_6a87a2e2eecc5.png 304 
2026-09-28 01:56:16,119 [INFO] Capturing response: https://ladyboy.yedektv.cfd//s-sport/tracks-v1a1/mono.m3u8 200 
2026-09-28 01:56:16,229 [INFO] Capturing request: https://taylandpompa.yedektv.cfd/s-sport/tracks-v1a1/2026/09/28/01/55/47-05600.jpg
2026-09-28 01:56:16,833 [INFO] Capturing response: https://taylandpompa.yedektv.cfd/s-sport/tracks-v1a1/2026/09/28/01/55/47-05600.jpg 200 
2026-09-28 01:56:17,002 [INFO] Capturing request: https://taylandpompa.yedektv.cfd/s-sport/tracks-v1a1/2026/09/28/01/55/53-05600.jpg
2026-09-28 01:56:17,447 [INFO] Capturing response: https://taylandpompa.yedektv.cfd/s-sport/tracks-v1a1/2026/09/28/01/55/53-05600.jpg 200 
2026-09-28 01:56:17,612 [INFO] Capturing request: https://taylandpompa.yedektv.cfd/s-sport/tracks-v1a1/2026/09/28/01/55/59-05600.jpg
2026-09-28 01:56:18,018 [INFO] Capturing response: https://taylandpompa.yedektv.cfd/s-sport/tracks-v1a1/2026/09/28/01/55/59-05600.jpg 200 
2026-09-28 01:56:18,181 [INFO] Capturing request: https://taylandpompa.yedektv.cfd/s-sport/tracks-v1a1/2026/09/28/01/56/04-05600.jpg
2026-09-28 01:56:18,417 [INFO]   ✅ M3U8 bulundu: https://ladyboy.yedektv.cfd//s-sport/tracks-v1a1/mono.m3u8
2026-09-28 01:56:18,625 [INFO] Capturing response: https://taylandpompa.yedektv.cfd/s-sport/tracks-v1a1/2026/09/28/01/56/04-05600.jpg 200 
2026-09-28 01:56:19,417 [INFO] 
[9/14]
2026-09-28 01:56:19,417 [INFO] 🔍 S Sport 2 → https://www.atomsportv515.top/matches?id=s-sport-2
2026-09-28 01:56:19,526 [INFO] Capturing request: https://www.atomsportv515.top/matches?id=s-sport-2
2026-09-28 01:56:19,801 [INFO] Capturing response: https://www.atomsportv515.top/matches?id=s-sport-2 200 
2026-09-28 01:56:19,928 [INFO] Capturing request: https://teletv5.top/load/yayinlink.php?id=s-sport-2
2026-09-28 01:56:19,933 [INFO] Capturing request: https://www.atomsportv515.top/favicon.ico
2026-09-28 01:56:19,994 [INFO] Capturing response: https://www.atomsportv515.top/favicon.ico 200 
2026-09-28 01:56:20,068 [INFO] Capturing request: https://streamsport365.com/cinema
2026-09-28 01:56:20,181 [INFO] Capturing response: https://teletv5.top/load/yayinlink.php?id=s-sport-2 200 
2026-09-28 01:56:20,401 [INFO] Capturing response: https://streamsport365.com/cinema 200 
2026-09-28 01:56:20,513 [INFO] Capturing request: https://www.atomsportv515.top/assets/img/player/player_logo_6a87a2e2eecc5.png
2026-09-28 01:56:20,524 [INFO] Capturing request: https://ladyboy.yedektv.cfd//s-sport2/tracks-v1a1/mono.m3u8
2026-09-28 01:56:20,643 [INFO] Capturing response: https://www.atomsportv515.top/assets/img/player/player_logo_6a87a2e2eecc5.png 304 
2026-09-28 01:56:20,751 [INFO] Capturing response: https://ladyboy.yedektv.cfd//s-sport2/tracks-v1a1/mono.m3u8 200 
2026-09-28 01:56:20,903 [INFO] Capturing request: https://taylandpompa.yedektv.cfd/s-sport2/tracks-v1a1/2026/09/28/01/57/29-06400.jpg
2026-09-28 01:56:22,130 [INFO] Capturing response: https://taylandpompa.yedektv.cfd/s-sport2/tracks-v1a1/2026/09/28/01/57/29-06400.jpg 200 
2026-09-28 01:56:22,361 [INFO] Capturing request: https://taylandpompa.yedektv.cfd/s-sport2/tracks-v1a1/2026/09/28/01/57/35-06400.jpg
2026-09-28 01:56:22,845 [INFO]   ✅ M3U8 bulundu: https://ladyboy.yedektv.cfd//s-sport2/tracks-v1a1/mono.m3u8
2026-09-28 01:56:23,553 [INFO] Capturing response: https://taylandpompa.yedektv.cfd/s-sport2/tracks-v1a1/2026/09/28/01/57/35-06400.jpg 200 
2026-09-28 01:56:23,766 [INFO] Capturing request: https://taylandpompa.yedektv.cfd/s-sport2/tracks-v1a1/2026/09/28/01/57/41-06400.jpg
2026-09-28 01:56:23,846 [INFO] 
[10/14]
2026-09-28 01:56:23,846 [INFO] 🔍 A Spor → https://www.atomsportv515.top/matches?id=a-spor
2026-09-28 01:56:23,955 [INFO] Capturing request: https://www.atomsportv515.top/matches?id=a-spor
2026-09-28 01:56:24,650 [INFO] Capturing response: https://www.atomsportv515.top/matches?id=a-spor 200 
2026-09-28 01:56:24,683 [INFO] Capturing request: https://streamsport365.com/cinema
2026-09-28 01:56:24,781 [INFO] Capturing request: https://teletv5.top/load/yayinlink.php?id=a-spor
2026-09-28 01:56:24,787 [INFO] Capturing request: https://www.atomsportv515.top/favicon.ico
2026-09-28 01:56:24,835 [INFO] Capturing response: https://www.atomsportv515.top/favicon.ico 200 
2026-09-28 01:56:25,012 [INFO] Capturing response: https://streamsport365.com/cinema 200 
2026-09-28 01:56:25,033 [INFO] Capturing response: https://teletv5.top/load/yayinlink.php?id=a-spor 200 
2026-09-28 01:56:25,069 [INFO] Capturing response: https://taylandpompa.yedektv.cfd/s-sport2/tracks-v1a1/2026/09/28/01/57/41-06400.jpg 200 
2026-09-28 01:56:25,188 [INFO] Capturing request: https://www.atomsportv515.top/assets/img/player/player_logo_6a87a2e2eecc5.png
2026-09-28 01:56:25,202 [INFO] Capturing request: https://ladyboy.yedektv.cfd//aspor/tracks-v1a1/mono.m3u8
2026-09-28 01:56:25,321 [INFO] Capturing response: https://www.atomsportv515.top/assets/img/player/player_logo_6a87a2e2eecc5.png 304 
2026-09-28 01:56:25,408 [INFO] Capturing response: https://ladyboy.yedektv.cfd//aspor/tracks-v1a1/mono.m3u8 200 
2026-09-28 01:56:25,518 [INFO] Capturing request: https://taylandpompa.yedektv.cfd/aspor/tracks-v1a1/2026/09/28/01/56/24-05760.jpg
2026-09-28 01:56:27,696 [INFO]   ✅ M3U8 bulundu: https://ladyboy.yedektv.cfd//aspor/tracks-v1a1/mono.m3u8
2026-09-28 01:56:28,696 [INFO] 
[11/14]
2026-09-28 01:56:28,698 [INFO] 🔍 Tivibu Spor 1 → https://www.atomsportv515.top/matches?id=tivibu-spor-1
2026-09-28 01:56:28,807 [INFO] Capturing request: https://www.atomsportv515.top/matches?id=tivibu-spor-1
2026-09-28 01:56:29,081 [INFO] Capturing response: https://www.atomsportv515.top/matches?id=tivibu-spor-1 200 
2026-09-28 01:56:29,216 [INFO] Capturing request: https://www.atomsportv515.top/favicon.ico
2026-09-28 01:56:29,216 [INFO] Capturing request: https://teletv5.top/load/yayinlink.php?id=tivibu-spor-1
2026-09-28 01:56:29,265 [INFO] Capturing response: https://www.atomsportv515.top/favicon.ico 200 
2026-09-28 01:56:29,356 [INFO] Capturing request: https://streamsport365.com/cinema
2026-09-28 01:56:29,445 [INFO] Capturing response: https://taylandpompa.yedektv.cfd/aspor/tracks-v1a1/2026/09/28/01/56/24-05760.jpg 200 
2026-09-28 01:56:29,472 [INFO] Capturing response: https://teletv5.top/load/yayinlink.php?id=tivibu-spor-1 200 
2026-09-28 01:56:29,680 [INFO] Capturing response: https://streamsport365.com/cinema 200 
2026-09-28 01:56:29,734 [INFO] 127.0.0.1:54428: ProtocolException("Error in HTTP connection: Http2ZombieException('Connection or stream already dead: 1790560589.634772, False')")
2026-09-28 01:56:42,698 [INFO] Capturing request: https://update.googleapis.com/service/update2/json?cup2key=ML-DSA-44-16:n6H40e-H_-gHicV_OuDLuh4FkU2CvujXf8x2sW5NVYI&cup2hreq=631c29a19ba6dc5d3c899cfd156c49999ec1a52d89f122ad6164a30c10ce429c
2026-09-28 01:56:42,754 [INFO] Capturing response: https://update.googleapis.com/service/update2/json?cup2key=ML-DSA-44-16:n6H40e-H_-gHicV_OuDLuh4FkU2CvujXf8x2sW5NVYI&cup2hreq=631c29a19ba6dc5d3c899cfd156c49999ec1a52d89f122ad6164a30c10ce429c 200 
2026-09-28 01:56:42,764 [INFO] Capturing request: http://edgedl.me.gvt1.com/edgedl/diffgen-puffin/gcmjkmgdlgnkkcocmoeiminaijmmjnii/93d241e87603e2aac20e9e6ab2a12f1dd352be0faabae7597f3872f3267db430
2026-09-28 01:56:42,777 [INFO] Capturing response: http://edgedl.me.gvt1.com/edgedl/diffgen-puffin/gcmjkmgdlgnkkcocmoeiminaijmmjnii/93d241e87603e2aac20e9e6ab2a12f1dd352be0faabae7597f3872f3267db430 200 OK
2026-09-28 01:56:42,803 [INFO] Capturing request: https://update.googleapis.com/service/update2/json
2026-09-28 01:56:42,857 [INFO] Capturing response: https://update.googleapis.com/service/update2/json 200 
2026-09-28 01:56:42,902 [INFO] Capturing request: http://edgedl.me.gvt1.com/edgedl/release2/chrome_component/grihay6bxonbqw3rxj7w62v7hy_10804/hfnkpimlhhgieaddgfemjhofmfblmnib_10804_all_f2n56qw4otudwhtyaotviowjgi.crx3
2026-09-28 01:56:42,920 [INFO] Capturing response: http://edgedl.me.gvt1.com/edgedl/release2/chrome_component/grihay6bxonbqw3rxj7w62v7hy_10804/hfnkpimlhhgieaddgfemjhofmfblmnib_10804_all_f2n56qw4otudwhtyaotviowjgi.crx3 200 OK
2026-09-28 01:56:42,952 [INFO] Capturing request: https://update.googleapis.com/service/update2/json
2026-09-28 01:56:42,993 [INFO] Capturing response: https://update.googleapis.com/service/update2/json 200 
2026-09-28 01:57:02,416 [WARNING]   ❌ Tivibu Spor 1 için M3U8 bulunamadı
2026-09-28 01:57:03,416 [INFO] 
[12/14]
2026-09-28 01:57:03,416 [INFO] 🔍 Tivibu Spor 2 → https://www.atomsportv515.top/matches?id=tivibu-spor-2
2026-09-28 01:57:03,596 [INFO] Capturing request: https://www.atomsportv515.top/matches?id=tivibu-spor-2
2026-09-28 01:57:04,377 [INFO] Capturing response: https://www.atomsportv515.top/matches?id=tivibu-spor-2 200 
2026-09-28 01:57:04,541 [INFO] Capturing request: https://www.atomsportv515.top/favicon.ico
2026-09-28 01:57:04,599 [INFO] Capturing request: https://teletv5.top/load/yayinlink.php?id=tivibu-spor-2
2026-09-28 01:57:04,607 [INFO] Capturing response: https://www.atomsportv515.top/favicon.ico 200 
2026-09-28 01:57:05,071 [INFO] Capturing request: https://streamsport365.com/cinema
2026-09-28 01:57:05,109 [INFO] Capturing response: https://teletv5.top/load/yayinlink.php?id=tivibu-spor-2 200 
2026-09-28 01:57:05,390 [INFO] Capturing response: https://streamsport365.com/cinema 200 
2026-09-28 01:57:06,943 [INFO] Capturing request: https://android.clients.google.com/c2dm/register3
2026-09-28 01:57:07,010 [INFO] Capturing response: https://android.clients.google.com/c2dm/register3 301 
2026-09-28 01:57:37,701 [WARNING]   ❌ Tivibu Spor 2 için M3U8 bulunamadı
2026-09-28 01:57:38,701 [INFO] 
[13/14]
2026-09-28 01:57:38,701 [INFO] 🔍 Tivibu Spor 3 → https://www.atomsportv515.top/matches?id=tivibu-spor-3
2026-09-28 01:57:38,811 [INFO] Capturing request: https://www.atomsportv515.top/matches?id=tivibu-spor-3
2026-09-28 01:57:39,330 [INFO] Capturing response: https://www.atomsportv515.top/matches?id=tivibu-spor-3 200 
2026-09-28 01:57:39,460 [INFO] Capturing request: https://www.atomsportv515.top/favicon.ico
2026-09-28 01:57:39,460 [INFO] Capturing request: https://teletv5.top/load/yayinlink.php?id=tivibu-spor-3
2026-09-28 01:57:39,520 [INFO] Capturing response: https://www.atomsportv515.top/favicon.ico 200 
2026-09-28 01:57:39,595 [INFO] Capturing request: https://streamsport365.com/cinema
2026-09-28 01:57:39,723 [INFO] Capturing response: https://teletv5.top/load/yayinlink.php?id=tivibu-spor-3 200 
2026-09-28 01:57:39,917 [INFO] Capturing response: https://streamsport365.com/cinema 200 
2026-09-28 01:58:12,618 [WARNING]   ❌ Tivibu Spor 3 için M3U8 bulunamadı
2026-09-28 01:58:13,618 [INFO] 
[14/14]
2026-09-28 01:58:13,618 [INFO] 🔍 Tivibu Spor 4 → https://www.atomsportv515.top/matches?id=tivibu-spor-4
2026-09-28 01:58:13,727 [INFO] Capturing request: https://www.atomsportv515.top/matches?id=tivibu-spor-4
2026-09-28 01:58:14,217 [INFO] Capturing response: https://www.atomsportv515.top/matches?id=tivibu-spor-4 200 
2026-09-28 01:58:14,349 [INFO] Capturing request: https://teletv5.top/load/yayinlink.php?id=tivibu-spor-4
2026-09-28 01:58:14,351 [INFO] Capturing request: https://www.atomsportv515.top/favicon.ico
2026-09-28 01:58:14,408 [INFO] Capturing response: https://www.atomsportv515.top/favicon.ico 200 
2026-09-28 01:58:14,488 [INFO] Capturing request: https://streamsport365.com/cinema
2026-09-28 01:58:14,591 [INFO] Capturing response: https://teletv5.top/load/yayinlink.php?id=tivibu-spor-4 200 
2026-09-28 01:58:14,817 [INFO] Capturing response: https://streamsport365.com/cinema 200 
2026-09-28 01:58:47,507 [WARNING]   ❌ Tivibu Spor 4 için M3U8 bulunamadı
2026-09-28 01:58:48,584 [INFO] ✅ 10 kanal bulundu, playlist.m3u kaydedildi
