2026-08-22 11:47:53,002 [INFO] 🌐 BASE_URL: https://www.atomsportv513.top
2026-08-22 11:47:54,174 [INFO] Başlanıyor... 14 kanal taranacak
2026-08-22 11:47:54,174 [INFO] Using default request storage
2026-08-22 11:47:54,179 [INFO] Created proxy listening on 127.0.0.1:44637
2026-08-22 11:47:54,857 [INFO] Capturing request: http://clients2.google.com/time/1/current?cup2key=10:dmXO0EhFGs8kK2u3eDx4ixsinEDCP2YqRpEyDgU_B7k&cup2hreq=e3b0c44298fc1c149afbf4c8996fb92427ae41e4649b934ca495991b7852b855
2026-08-22 11:47:54,904 [INFO] Capturing response: http://clients2.google.com/time/1/current?cup2key=10:dmXO0EhFGs8kK2u3eDx4ixsinEDCP2YqRpEyDgU_B7k&cup2hreq=e3b0c44298fc1c149afbf4c8996fb92427ae41e4649b934ca495991b7852b855 200 OK
2026-08-22 11:47:55,183 [INFO] 
[1/14]
2026-08-22 11:47:55,183 [INFO] 🔍 beIN Sports 1 → https://www.atomsportv513.top/matches?id=bein-sports-1
2026-08-22 11:47:55,228 [INFO] Capturing request: https://accounts.google.com/ListAccounts?gpsia=1&source=ChromiumBrowser&json=standard&laf=b64bin
2026-08-22 11:47:55,246 [INFO] Capturing request: https://update.googleapis.com/service/update2/json?cup2key=16:TeTkimV0AElQUXgZmGGo6qF_ONqAdYnssjhrIvK-NqU&cup2hreq=2b5bbf3b0958502192a9ecfd5a664fb61b6d178b715c0fd35c6265470fd55bab
2026-08-22 11:47:55,320 [INFO] Capturing response: https://accounts.google.com/ListAccounts?gpsia=1&source=ChromiumBrowser&json=standard&laf=b64bin 200 
2026-08-22 11:47:55,323 [INFO] Capturing request: https://www.google.com/async/folae?async=_fmt:pb&udm=50&client_locale=en-US&client_country=ZZ
2026-08-22 11:47:55,350 [INFO] Capturing response: https://www.google.com/async/folae?async=_fmt:pb&udm=50&client_locale=en-US&client_country=ZZ 200 
2026-08-22 11:47:55,383 [INFO] Capturing response: https://update.googleapis.com/service/update2/json?cup2key=16:TeTkimV0AElQUXgZmGGo6qF_ONqAdYnssjhrIvK-NqU&cup2hreq=2b5bbf3b0958502192a9ecfd5a664fb61b6d178b715c0fd35c6265470fd55bab 200 
2026-08-22 11:47:55,430 [INFO] Capturing request: https://www.atomsportv513.top/matches?id=bein-sports-1
2026-08-22 11:47:55,434 [INFO] Capturing request: https://update.googleapis.com/service/update2/json?cup2key=16:kb5tLJO1EHukYPmXn6h2rNZoylAG4PBuEYO9_nxWdi0&cup2hreq=4ec53c9c5a2facda85f6eb866e7e11879f4275642d2211780183705eae4ca77c
2026-08-22 11:47:55,467 [INFO] Capturing response: https://update.googleapis.com/service/update2/json?cup2key=16:kb5tLJO1EHukYPmXn6h2rNZoylAG4PBuEYO9_nxWdi0&cup2hreq=4ec53c9c5a2facda85f6eb866e7e11879f4275642d2211780183705eae4ca77c 200 
2026-08-22 11:47:55,512 [INFO] Capturing request: https://update.googleapis.com/service/update2/json?cup2key=16:ZLysYx6QQxnLSLKuUzaKdiCdgxXKFQiwsj3AkyE-Z9Q&cup2hreq=1f972c6602c1fd9d4ce23d3e47c45511cb1fa14cfdd40cbdc2cd2bb815393ee7
2026-08-22 11:47:55,544 [INFO] Capturing response: https://update.googleapis.com/service/update2/json?cup2key=16:ZLysYx6QQxnLSLKuUzaKdiCdgxXKFQiwsj3AkyE-Z9Q&cup2hreq=1f972c6602c1fd9d4ce23d3e47c45511cb1fa14cfdd40cbdc2cd2bb815393ee7 200 
2026-08-22 11:47:55,569 [INFO] Capturing request: https://www.google.com/async/folae?async=_fmt:pb&udm=50&client_locale=en-US&client_country=ZZ
2026-08-22 11:47:55,593 [INFO] Capturing response: https://www.google.com/async/folae?async=_fmt:pb&udm=50&client_locale=en-US&client_country=ZZ 200 
2026-08-22 11:47:55,849 [INFO] Capturing response: https://www.atomsportv513.top/matches?id=bein-sports-1 200 
2026-08-22 11:47:56,067 [INFO] Capturing request: https://cdn.jsdelivr.net/npm/@clappr/player@0.11.16/dist/clappr.min.js
2026-08-22 11:47:56,068 [INFO] Capturing request: https://cdn.jsdelivr.net/npm/@clappr/hlsjs-playback@1.8.3/dist/hlsjs-playback.min.js
2026-08-22 11:47:56,070 [INFO] Capturing request: https://cdn.jsdelivr.net/npm/level-selector/dist/level-selector.min.js
2026-08-22 11:47:56,107 [INFO] Capturing response: https://cdn.jsdelivr.net/npm/level-selector/dist/level-selector.min.js 200 
2026-08-22 11:47:56,139 [INFO] Capturing response: https://cdn.jsdelivr.net/npm/@clappr/player@0.11.16/dist/clappr.min.js 200 
2026-08-22 11:47:56,153 [INFO] Capturing response: https://cdn.jsdelivr.net/npm/@clappr/hlsjs-playback@1.8.3/dist/hlsjs-playback.min.js 200 
2026-08-22 11:47:56,355 [INFO] Capturing request: https://www.atomsportv513.top/favicon.ico
2026-08-22 11:47:56,396 [INFO] Capturing response: https://www.atomsportv513.top/favicon.ico 200 
2026-08-22 11:47:56,664 [INFO] Capturing request: https://teletv5.top/load/yayinlink.php?id=bein-sports-1
2026-08-22 11:47:56,695 [INFO] Capturing response: https://teletv5.top/load/yayinlink.php?id=bein-sports-1 200 
2026-08-22 11:47:56,782 [INFO] Capturing request: https://streamsport365.com/cinema
2026-08-22 11:47:57,026 [INFO] Capturing response: https://streamsport365.com/cinema 200 
2026-08-22 11:47:57,158 [INFO] Capturing request: https://www.atomsportv513.top/assets/img/player/player_logo_6a87a2e2eecc5.png
2026-08-22 11:47:57,200 [INFO] Capturing response: https://www.atomsportv513.top/assets/img/player/player_logo_6a87a2e2eecc5.png 200 
2026-08-22 11:47:57,227 [INFO] Capturing request: https://corestream.siteyaptim.live//beintv/tracks-v1a1/mono.m3u8
2026-08-22 11:47:57,356 [INFO] Capturing response: https://corestream.siteyaptim.live//beintv/tracks-v1a1/mono.m3u8 200 
2026-08-22 11:47:57,690 [INFO] Capturing request: https://global.siteyaptim.live/beintv/tracks-v1a1/2026/08/22/11/47/28-10000.jpg
2026-08-22 11:47:58,108 [INFO] Capturing response: https://global.siteyaptim.live/beintv/tracks-v1a1/2026/08/22/11/47/28-10000.jpg 200 
2026-08-22 11:47:58,169 [INFO] Capturing request: https://android.clients.google.com/checkin
2026-08-22 11:47:58,335 [INFO] Capturing request: https://global.siteyaptim.live/beintv/tracks-v1a1/2026/08/22/11/47/38-10000.jpg
2026-08-22 11:47:58,386 [INFO] Capturing response: https://android.clients.google.com/checkin 200 
2026-08-22 11:47:58,438 [INFO] Capturing request: https://android.clients.google.com/c2dm/register3
2026-08-22 11:47:58,439 [INFO] Capturing request: https://android.clients.google.com/c2dm/register3
2026-08-22 11:47:58,441 [INFO] Capturing request: https://android.clients.google.com/c2dm/register3
2026-08-22 11:47:58,499 [INFO] Capturing response: https://android.clients.google.com/c2dm/register3 200 
2026-08-22 11:47:58,508 [INFO] Capturing response: https://android.clients.google.com/c2dm/register3 200 
2026-08-22 11:47:58,512 [INFO] Capturing response: https://android.clients.google.com/c2dm/register3 200 
2026-08-22 11:47:58,777 [INFO] Capturing response: https://global.siteyaptim.live/beintv/tracks-v1a1/2026/08/22/11/47/38-10000.jpg 200 
2026-08-22 11:47:58,991 [INFO] Capturing request: https://global.siteyaptim.live/beintv/tracks-v1a1/2026/08/22/11/47/48-10000.jpg
2026-08-22 11:47:59,284 [INFO]   ✅ M3U8 bulundu: https://corestream.siteyaptim.live//beintv/tracks-v1a1/mono.m3u8
2026-08-22 11:47:59,592 [INFO] Capturing response: https://global.siteyaptim.live/beintv/tracks-v1a1/2026/08/22/11/47/48-10000.jpg 200 
2026-08-22 11:48:00,285 [INFO] 
[2/14]
2026-08-22 11:48:00,285 [INFO] 🔍 beIN Sports 2 → https://www.atomsportv513.top/matches?id=bein-sports-2
2026-08-22 11:48:00,397 [INFO] Capturing request: https://www.atomsportv513.top/matches?id=bein-sports-2
2026-08-22 11:48:00,588 [INFO] Capturing response: https://www.atomsportv513.top/matches?id=bein-sports-2 200 
2026-08-22 11:48:00,644 [INFO] Capturing request: https://streamsport365.com/cinema
2026-08-22 11:48:00,744 [INFO] Capturing request: https://teletv5.top/load/yayinlink.php?id=bein-sports-2
2026-08-22 11:48:00,745 [INFO] Capturing request: https://www.atomsportv513.top/favicon.ico
2026-08-22 11:48:00,763 [INFO] Capturing response: https://teletv5.top/load/yayinlink.php?id=bein-sports-2 200 
2026-08-22 11:48:00,775 [INFO] Capturing response: https://www.atomsportv513.top/favicon.ico 200 
2026-08-22 11:48:00,895 [INFO] Capturing response: https://streamsport365.com/cinema 200 
2026-08-22 11:48:01,006 [INFO] Capturing request: https://www.atomsportv513.top/assets/img/player/player_logo_6a87a2e2eecc5.png
2026-08-22 11:48:01,016 [INFO] Capturing request: https://corestream.siteyaptim.live//bein2/tracks-v1a1/mono.m3u8
2026-08-22 11:48:01,035 [INFO] Capturing response: https://corestream.siteyaptim.live//bein2/tracks-v1a1/mono.m3u8 200 
2026-08-22 11:48:01,126 [INFO] Capturing response: https://www.atomsportv513.top/assets/img/player/player_logo_6a87a2e2eecc5.png 304 
2026-08-22 11:48:01,143 [INFO] Capturing request: https://global.siteyaptim.live/bein2/tracks-v1a1/2026/08/22/11/47/34-10000.jpg
2026-08-22 11:48:01,885 [INFO] Capturing response: https://global.siteyaptim.live/bein2/tracks-v1a1/2026/08/22/11/47/34-10000.jpg 200 
2026-08-22 11:48:02,179 [INFO] Capturing request: https://global.siteyaptim.live/bein2/tracks-v1a1/2026/08/22/11/47/44-10000.jpg
2026-08-22 11:48:03,025 [INFO] Capturing response: https://global.siteyaptim.live/bein2/tracks-v1a1/2026/08/22/11/47/44-10000.jpg 200 
2026-08-22 11:48:03,336 [INFO] Capturing request: https://global.siteyaptim.live/bein2/tracks-v1a1/2026/08/22/11/47/54-10000.jpg
2026-08-22 11:48:03,669 [INFO]   ✅ M3U8 bulundu: https://corestream.siteyaptim.live//bein2/tracks-v1a1/mono.m3u8
2026-08-22 11:48:04,148 [INFO] Capturing response: https://global.siteyaptim.live/bein2/tracks-v1a1/2026/08/22/11/47/54-10000.jpg 200 
2026-08-22 11:48:04,670 [INFO] 
[3/14]
2026-08-22 11:48:04,670 [INFO] 🔍 beIN Sports 3 → https://www.atomsportv513.top/matches?id=bein-sports-3
2026-08-22 11:48:04,783 [INFO] Capturing request: https://www.atomsportv513.top/matches?id=bein-sports-3
2026-08-22 11:48:04,958 [INFO] Capturing response: https://www.atomsportv513.top/matches?id=bein-sports-3 200 
2026-08-22 11:48:05,089 [INFO] Capturing request: https://teletv5.top/load/yayinlink.php?id=bein-sports-3
2026-08-22 11:48:05,092 [INFO] Capturing request: https://www.atomsportv513.top/favicon.ico
2026-08-22 11:48:05,108 [INFO] Capturing response: https://teletv5.top/load/yayinlink.php?id=bein-sports-3 200 
2026-08-22 11:48:05,122 [INFO] Capturing response: https://www.atomsportv513.top/favicon.ico 200 
2026-08-22 11:48:05,186 [INFO] Capturing request: https://streamsport365.com/cinema
2026-08-22 11:48:05,434 [INFO] Capturing response: https://streamsport365.com/cinema 200 
2026-08-22 11:48:05,544 [INFO] Capturing request: https://www.atomsportv513.top/assets/img/player/player_logo_6a87a2e2eecc5.png
2026-08-22 11:48:05,556 [INFO] Capturing request: https://corestream.siteyaptim.live//bein3/tracks-v1a1/mono.m3u8
2026-08-22 11:48:05,669 [INFO] Capturing response: https://www.atomsportv513.top/assets/img/player/player_logo_6a87a2e2eecc5.png 304 
2026-08-22 11:48:05,673 [INFO] Capturing response: https://corestream.siteyaptim.live//bein3/tracks-v1a1/mono.m3u8 200 
2026-08-22 11:48:05,782 [INFO] Capturing request: https://global.siteyaptim.live/bein3/tracks-v1a1/2026/08/22/11/47/51-06000.jpg
2026-08-22 11:48:06,184 [INFO] Capturing response: https://global.siteyaptim.live/bein3/tracks-v1a1/2026/08/22/11/47/51-06000.jpg 200 
2026-08-22 11:48:06,377 [INFO] Capturing request: https://global.siteyaptim.live/bein3/tracks-v1a1/2026/08/22/11/47/57-06000.jpg
2026-08-22 11:48:06,709 [INFO] Capturing response: https://global.siteyaptim.live/bein3/tracks-v1a1/2026/08/22/11/47/57-06000.jpg 200 
2026-08-22 11:48:06,919 [INFO] Capturing request: https://global.siteyaptim.live/bein3/tracks-v1a1/2026/08/22/11/48/03-06000.jpg
2026-08-22 11:48:07,315 [INFO] Capturing response: https://global.siteyaptim.live/bein3/tracks-v1a1/2026/08/22/11/48/03-06000.jpg 200 
2026-08-22 11:48:08,011 [INFO]   ✅ M3U8 bulundu: https://corestream.siteyaptim.live//bein3/tracks-v1a1/mono.m3u8
2026-08-22 11:48:09,011 [INFO] 
[4/14]
2026-08-22 11:48:09,011 [INFO] 🔍 beIN Sports 4 → https://www.atomsportv513.top/matches?id=bein-sports-4
2026-08-22 11:48:09,121 [INFO] Capturing request: https://www.atomsportv513.top/matches?id=bein-sports-4
2026-08-22 11:48:09,303 [INFO] Capturing response: https://www.atomsportv513.top/matches?id=bein-sports-4 200 
2026-08-22 11:48:09,338 [INFO] Capturing request: https://streamsport365.com/cinema
2026-08-22 11:48:09,439 [INFO] Capturing request: https://teletv5.top/load/yayinlink.php?id=bein-sports-4
2026-08-22 11:48:09,441 [INFO] Capturing request: https://www.atomsportv513.top/favicon.ico
2026-08-22 11:48:09,457 [INFO] Capturing response: https://teletv5.top/load/yayinlink.php?id=bein-sports-4 200 
2026-08-22 11:48:09,470 [INFO] Capturing response: https://www.atomsportv513.top/favicon.ico 200 
2026-08-22 11:48:09,581 [INFO] Capturing response: https://streamsport365.com/cinema 200 
2026-08-22 11:48:09,692 [INFO] Capturing request: https://www.atomsportv513.top/assets/img/player/player_logo_6a87a2e2eecc5.png
2026-08-22 11:48:09,701 [INFO] Capturing request: https://corestream.siteyaptim.live//bein4/tracks-v1a1/mono.m3u8
2026-08-22 11:48:09,813 [INFO] Capturing response: https://www.atomsportv513.top/assets/img/player/player_logo_6a87a2e2eecc5.png 304 
2026-08-22 11:48:09,829 [INFO] Capturing response: https://corestream.siteyaptim.live//bein4/tracks-v1a1/mono.m3u8 200 
2026-08-22 11:48:09,979 [INFO] Capturing request: https://global.siteyaptim.live/bein4/tracks-v1a1/2026/08/22/11/47/45-10000.jpg
2026-08-22 11:48:10,478 [INFO] Capturing response: https://global.siteyaptim.live/bein4/tracks-v1a1/2026/08/22/11/47/45-10000.jpg 200 
2026-08-22 11:48:10,670 [INFO] Capturing request: https://global.siteyaptim.live/bein4/tracks-v1a1/2026/08/22/11/47/55-10000.jpg
2026-08-22 11:48:11,109 [INFO] Capturing response: https://global.siteyaptim.live/bein4/tracks-v1a1/2026/08/22/11/47/55-10000.jpg 200 
2026-08-22 11:48:11,319 [INFO] Capturing request: https://global.siteyaptim.live/bein4/tracks-v1a1/2026/08/22/11/48/05-10000.jpg
2026-08-22 11:48:11,814 [INFO] Capturing response: https://global.siteyaptim.live/bein4/tracks-v1a1/2026/08/22/11/48/05-10000.jpg 200 
2026-08-22 11:48:12,356 [INFO]   ✅ M3U8 bulundu: https://corestream.siteyaptim.live//bein4/tracks-v1a1/mono.m3u8
2026-08-22 11:48:13,357 [INFO] 
[5/14]
2026-08-22 11:48:13,357 [INFO] 🔍 beIN Sports 5 → https://www.atomsportv513.top/matches?id=bein-sports-5
2026-08-22 11:48:13,466 [INFO] Capturing request: https://www.atomsportv513.top/matches?id=bein-sports-5
2026-08-22 11:48:13,742 [INFO] Capturing response: https://www.atomsportv513.top/matches?id=bein-sports-5 200 
2026-08-22 11:48:13,872 [INFO] Capturing request: https://teletv5.top/load/yayinlink.php?id=bein-sports-5
2026-08-22 11:48:13,873 [INFO] Capturing request: https://www.atomsportv513.top/favicon.ico
2026-08-22 11:48:13,907 [INFO] Capturing response: https://www.atomsportv513.top/favicon.ico 200 
2026-08-22 11:48:13,970 [INFO] Capturing request: https://streamsport365.com/cinema
2026-08-22 11:48:14,214 [INFO] Capturing response: https://streamsport365.com/cinema 200 
2026-08-22 11:48:14,309 [INFO] Capturing response: https://teletv5.top/load/yayinlink.php?id=bein-sports-5 200 
2026-08-22 11:48:14,421 [INFO] Capturing request: https://www.atomsportv513.top/assets/img/player/player_logo_6a87a2e2eecc5.png
2026-08-22 11:48:14,432 [INFO] Capturing request: https://corestream.siteyaptim.live//bein5/tracks-v1a1/mono.m3u8
2026-08-22 11:48:14,539 [INFO] Capturing response: https://www.atomsportv513.top/assets/img/player/player_logo_6a87a2e2eecc5.png 304 
2026-08-22 11:48:14,563 [INFO] Capturing response: https://corestream.siteyaptim.live//bein5/tracks-v1a1/mono.m3u8 200 
2026-08-22 11:48:14,673 [INFO] Capturing request: https://global.siteyaptim.live/bein5/tracks-v1a1/2026/08/22/11/48/17-06880.jpg
2026-08-22 11:48:15,411 [INFO] Capturing response: https://global.siteyaptim.live/bein5/tracks-v1a1/2026/08/22/11/48/17-06880.jpg 200 
2026-08-22 11:48:15,695 [INFO] Capturing request: https://global.siteyaptim.live/bein5/tracks-v1a1/2026/08/22/11/48/24-06400.jpg
2026-08-22 11:48:16,459 [INFO] Capturing response: https://global.siteyaptim.live/bein5/tracks-v1a1/2026/08/22/11/48/24-06400.jpg 200 
2026-08-22 11:48:16,734 [INFO] Capturing request: https://global.siteyaptim.live/bein5/tracks-v1a1/2026/08/22/11/48/30-13320.jpg
2026-08-22 11:48:16,788 [INFO]   ✅ M3U8 bulundu: https://corestream.siteyaptim.live//bein5/tracks-v1a1/mono.m3u8
2026-08-22 11:48:17,789 [INFO] 
[6/14]
2026-08-22 11:48:17,789 [INFO] 🔍 beIN Sports Max 1 → https://www.atomsportv513.top/matches?id=bein-sports-max-1
2026-08-22 11:48:17,904 [INFO] Capturing request: https://www.atomsportv513.top/matches?id=bein-sports-max-1
2026-08-22 11:48:18,085 [INFO] Capturing response: https://www.atomsportv513.top/matches?id=bein-sports-max-1 200 
2026-08-22 11:48:18,150 [INFO] Capturing request: https://streamsport365.com/cinema
2026-08-22 11:48:18,153 [INFO] Capturing response: https://global.siteyaptim.live/bein5/tracks-v1a1/2026/08/22/11/48/30-13320.jpg 200 
2026-08-22 11:48:18,251 [INFO] Capturing request: https://www.atomsportv513.top/favicon.ico
2026-08-22 11:48:18,252 [INFO] Capturing request: https://teletv5.top/load/yayinlink.php?id=bein-sports-max-1
2026-08-22 11:48:18,260 [INFO] 127.0.0.1:52924: ProtocolException("Error in HTTP connection: Http2ZombieException('Connection or stream already dead: 1787399298.2597284, False')")
2026-08-22 11:48:18,271 [INFO] Capturing response: https://teletv5.top/load/yayinlink.php?id=bein-sports-max-1 200 
2026-08-22 11:48:18,281 [INFO] Capturing response: https://www.atomsportv513.top/favicon.ico 200 
2026-08-22 11:48:18,396 [INFO] Capturing response: https://streamsport365.com/cinema 200 
2026-08-22 11:48:18,506 [INFO] Capturing request: https://www.atomsportv513.top/assets/img/player/player_logo_6a87a2e2eecc5.png
2026-08-22 11:48:18,515 [INFO] Capturing request: https://corestream.siteyaptim.live//beinmax1/tracks-v1a1/mono.m3u8
2026-08-22 11:48:18,625 [INFO] Capturing response: https://www.atomsportv513.top/assets/img/player/player_logo_6a87a2e2eecc5.png 304 
2026-08-22 11:48:18,640 [INFO] Capturing response: https://corestream.siteyaptim.live//beinmax1/tracks-v1a1/mono.m3u8 404 
2026-08-22 11:48:20,111 [INFO] Capturing request: https://android.clients.google.com/c2dm/register3
2026-08-22 11:48:20,172 [INFO] Capturing response: https://android.clients.google.com/c2dm/register3 301 
2026-08-22 11:48:20,803 [INFO] Capturing request: https://corestream.siteyaptim.live//beinmax1/tracks-v1a1/mono.m3u8
2026-08-22 11:48:20,927 [INFO] Capturing response: https://corestream.siteyaptim.live//beinmax1/tracks-v1a1/mono.m3u8 404 
2026-08-22 11:48:21,159 [INFO]   ✅ M3U8 bulundu: https://corestream.siteyaptim.live//beinmax1/tracks-v1a1/mono.m3u8
2026-08-22 11:48:21,467 [INFO] Capturing request: https://android.clients.google.com/c2dm/register3
2026-08-22 11:48:22,075 [INFO] Capturing response: https://android.clients.google.com/c2dm/register3 200 
2026-08-22 11:48:22,159 [INFO] 
[7/14]
2026-08-22 11:48:22,160 [INFO] 🔍 beIN Sports Max 2 → https://www.atomsportv513.top/matches?id=bein-sports-max-2
2026-08-22 11:48:22,268 [INFO] Capturing request: https://www.atomsportv513.top/matches?id=bein-sports-max-2
2026-08-22 11:48:22,452 [INFO] Capturing response: https://www.atomsportv513.top/matches?id=bein-sports-max-2 200 
2026-08-22 11:48:22,585 [INFO] Capturing request: https://teletv5.top/load/yayinlink.php?id=bein-sports-max-2
2026-08-22 11:48:22,586 [INFO] Capturing request: https://www.atomsportv513.top/favicon.ico
2026-08-22 11:48:22,604 [INFO] Capturing response: https://teletv5.top/load/yayinlink.php?id=bein-sports-max-2 200 
2026-08-22 11:48:22,619 [INFO] Capturing response: https://www.atomsportv513.top/favicon.ico 200 
2026-08-22 11:48:22,682 [INFO] Capturing request: https://streamsport365.com/cinema
2026-08-22 11:48:22,922 [INFO] Capturing response: https://streamsport365.com/cinema 200 
2026-08-22 11:48:23,033 [INFO] Capturing request: https://www.atomsportv513.top/assets/img/player/player_logo_6a87a2e2eecc5.png
2026-08-22 11:48:23,044 [INFO] Capturing request: https://corestream.siteyaptim.live//beinmax2/tracks-v1a1/mono.m3u8
2026-08-22 11:48:23,150 [INFO] Capturing response: https://www.atomsportv513.top/assets/img/player/player_logo_6a87a2e2eecc5.png 304 
2026-08-22 11:48:23,176 [INFO] Capturing response: https://corestream.siteyaptim.live//beinmax2/tracks-v1a1/mono.m3u8 404 
2026-08-22 11:48:25,335 [INFO] Capturing request: https://corestream.siteyaptim.live//beinmax2/tracks-v1a1/mono.m3u8
2026-08-22 11:48:25,459 [INFO] Capturing response: https://corestream.siteyaptim.live//beinmax2/tracks-v1a1/mono.m3u8 404 
2026-08-22 11:48:25,498 [INFO]   ✅ M3U8 bulundu: https://corestream.siteyaptim.live//beinmax2/tracks-v1a1/mono.m3u8
2026-08-22 11:48:26,498 [INFO] 
[8/14]
2026-08-22 11:48:26,498 [INFO] 🔍 S Sport → https://www.atomsportv513.top/matches?id=s-sport
2026-08-22 11:48:26,606 [INFO] Capturing request: https://www.atomsportv513.top/matches?id=s-sport
2026-08-22 11:48:26,919 [INFO] Capturing response: https://www.atomsportv513.top/matches?id=s-sport 200 
2026-08-22 11:48:26,953 [INFO] Capturing request: https://streamsport365.com/cinema
2026-08-22 11:48:27,052 [INFO] Capturing request: https://teletv5.top/load/yayinlink.php?id=s-sport
2026-08-22 11:48:27,054 [INFO] Capturing request: https://www.atomsportv513.top/favicon.ico
2026-08-22 11:48:27,070 [INFO] Capturing response: https://teletv5.top/load/yayinlink.php?id=s-sport 200 
2026-08-22 11:48:27,085 [INFO] Capturing response: https://www.atomsportv513.top/favicon.ico 200 
2026-08-22 11:48:27,204 [INFO] Capturing response: https://streamsport365.com/cinema 200 
2026-08-22 11:48:27,314 [INFO] Capturing request: https://www.atomsportv513.top/assets/img/player/player_logo_6a87a2e2eecc5.png
2026-08-22 11:48:27,323 [INFO] Capturing request: https://corestream.siteyaptim.live//s-sport/tracks-v1a1/mono.m3u8
2026-08-22 11:48:27,356 [INFO] Capturing request: https://android.clients.google.com/c2dm/register3
2026-08-22 11:48:27,434 [INFO] Capturing response: https://www.atomsportv513.top/assets/img/player/player_logo_6a87a2e2eecc5.png 304 
2026-08-22 11:48:27,442 [INFO] Capturing response: https://corestream.siteyaptim.live//s-sport/tracks-v1a1/mono.m3u8 200 
2026-08-22 11:48:27,551 [INFO] Capturing request: https://global.siteyaptim.live/s-sport/tracks-v1a1/2026/08/22/11/49/29-05000.jpg
2026-08-22 11:48:27,801 [INFO] Capturing response: https://android.clients.google.com/c2dm/register3 200 
2026-08-22 11:48:28,081 [INFO] Capturing response: https://global.siteyaptim.live/s-sport/tracks-v1a1/2026/08/22/11/49/29-05000.jpg 200 
2026-08-22 11:48:28,317 [INFO] Capturing request: https://global.siteyaptim.live/s-sport/tracks-v1a1/2026/08/22/11/49/34-05000.jpg
2026-08-22 11:48:28,833 [INFO] Capturing response: https://global.siteyaptim.live/s-sport/tracks-v1a1/2026/08/22/11/49/34-05000.jpg 200 
2026-08-22 11:48:29,059 [INFO] Capturing request: https://global.siteyaptim.live/s-sport/tracks-v1a1/2026/08/22/11/49/39-05000.jpg
2026-08-22 11:48:29,579 [INFO] Capturing response: https://global.siteyaptim.live/s-sport/tracks-v1a1/2026/08/22/11/49/39-05000.jpg 200 
2026-08-22 11:48:29,970 [INFO]   ✅ M3U8 bulundu: https://corestream.siteyaptim.live//s-sport/tracks-v1a1/mono.m3u8
2026-08-22 11:48:30,970 [INFO] 
[9/14]
2026-08-22 11:48:30,970 [INFO] 🔍 S Sport 2 → https://www.atomsportv513.top/matches?id=s-sport-2
2026-08-22 11:48:31,080 [INFO] Capturing request: https://www.atomsportv513.top/matches?id=s-sport-2
2026-08-22 11:48:31,264 [INFO] Capturing response: https://www.atomsportv513.top/matches?id=s-sport-2 200 
2026-08-22 11:48:31,397 [INFO] Capturing request: https://teletv5.top/load/yayinlink.php?id=s-sport-2
2026-08-22 11:48:31,398 [INFO] Capturing request: https://www.atomsportv513.top/favicon.ico
2026-08-22 11:48:31,415 [INFO] Capturing response: https://teletv5.top/load/yayinlink.php?id=s-sport-2 200 
2026-08-22 11:48:31,431 [INFO] Capturing response: https://www.atomsportv513.top/favicon.ico 200 
2026-08-22 11:48:31,491 [INFO] Capturing request: https://streamsport365.com/cinema
2026-08-22 11:48:31,739 [INFO] Capturing response: https://streamsport365.com/cinema 200 
2026-08-22 11:48:31,850 [INFO] Capturing request: https://www.atomsportv513.top/assets/img/player/player_logo_6a87a2e2eecc5.png
2026-08-22 11:48:31,859 [INFO] Capturing request: https://corestream.siteyaptim.live//s-sport2/tracks-v1a1/mono.m3u8
2026-08-22 11:48:31,970 [INFO] Capturing response: https://www.atomsportv513.top/assets/img/player/player_logo_6a87a2e2eecc5.png 304 
2026-08-22 11:48:31,973 [INFO] Capturing response: https://corestream.siteyaptim.live//s-sport2/tracks-v1a1/mono.m3u8 200 
2026-08-22 11:48:32,123 [INFO] Capturing request: https://global.siteyaptim.live/s-sport2/tracks-v1a1/2026/08/22/11/49/29-05000.jpg
2026-08-22 11:48:32,336 [INFO] Capturing response: https://global.siteyaptim.live/s-sport2/tracks-v1a1/2026/08/22/11/49/29-05000.jpg 200 
2026-08-22 11:48:32,487 [INFO] Capturing request: https://global.siteyaptim.live/s-sport2/tracks-v1a1/2026/08/22/11/49/34-05000.jpg
2026-08-22 11:48:32,662 [INFO] Capturing response: https://global.siteyaptim.live/s-sport2/tracks-v1a1/2026/08/22/11/49/34-05000.jpg 200 
2026-08-22 11:48:32,844 [INFO] Capturing request: https://global.siteyaptim.live/s-sport2/tracks-v1a1/2026/08/22/11/49/39-05000.jpg
2026-08-22 11:48:33,060 [INFO] Capturing response: https://global.siteyaptim.live/s-sport2/tracks-v1a1/2026/08/22/11/49/39-05000.jpg 200 
2026-08-22 11:48:34,315 [INFO]   ✅ M3U8 bulundu: https://corestream.siteyaptim.live//s-sport2/tracks-v1a1/mono.m3u8
2026-08-22 11:48:35,315 [INFO] 
[10/14]
2026-08-22 11:48:35,315 [INFO] 🔍 A Spor → https://www.atomsportv513.top/matches?id=a-spor
2026-08-22 11:48:35,424 [INFO] Capturing request: https://www.atomsportv513.top/matches?id=a-spor
2026-08-22 11:48:35,612 [INFO] Capturing response: https://www.atomsportv513.top/matches?id=a-spor 200 
2026-08-22 11:48:35,642 [INFO] Capturing request: https://streamsport365.com/cinema
2026-08-22 11:48:35,742 [INFO] Capturing request: https://teletv5.top/load/yayinlink.php?id=a-spor
2026-08-22 11:48:35,747 [INFO] Capturing request: https://www.atomsportv513.top/favicon.ico
2026-08-22 11:48:35,777 [INFO] Capturing response: https://www.atomsportv513.top/favicon.ico 200 
2026-08-22 11:48:35,889 [INFO] Capturing response: https://streamsport365.com/cinema 200 
2026-08-22 11:48:35,896 [INFO] Capturing response: https://teletv5.top/load/yayinlink.php?id=a-spor 200 
2026-08-22 11:48:36,046 [INFO] Capturing request: https://www.atomsportv513.top/assets/img/player/player_logo_6a87a2e2eecc5.png
2026-08-22 11:48:36,055 [INFO] Capturing request: https://corestream.siteyaptim.live//aspor/tracks-v1a1/mono.m3u8
2026-08-22 11:48:36,167 [INFO] Capturing response: https://www.atomsportv513.top/assets/img/player/player_logo_6a87a2e2eecc5.png 304 
2026-08-22 11:48:36,183 [INFO] Capturing response: https://corestream.siteyaptim.live//aspor/tracks-v1a1/mono.m3u8 200 
2026-08-22 11:48:36,292 [INFO] Capturing request: https://global.siteyaptim.live/aspor/tracks-v1a1/2026/08/22/11/48/12-10000.jpg
2026-08-22 11:48:37,041 [INFO] Capturing response: https://global.siteyaptim.live/aspor/tracks-v1a1/2026/08/22/11/48/12-10000.jpg 200 
2026-08-22 11:48:37,309 [INFO] Capturing request: https://global.siteyaptim.live/aspor/tracks-v1a1/2026/08/22/11/48/22-10000.jpg
2026-08-22 11:48:38,376 [INFO] Capturing response: https://global.siteyaptim.live/aspor/tracks-v1a1/2026/08/22/11/48/22-10000.jpg 200 
2026-08-22 11:48:38,663 [INFO]   ✅ M3U8 bulundu: https://corestream.siteyaptim.live//aspor/tracks-v1a1/mono.m3u8
2026-08-22 11:48:38,669 [INFO] Capturing request: https://global.siteyaptim.live/aspor/tracks-v1a1/2026/08/22/11/48/32-10000.jpg
2026-08-22 11:48:39,561 [INFO] Capturing response: https://global.siteyaptim.live/aspor/tracks-v1a1/2026/08/22/11/48/32-10000.jpg 200 
2026-08-22 11:48:39,663 [INFO] 
[11/14]
2026-08-22 11:48:39,664 [INFO] 🔍 Tivibu Spor 1 → https://www.atomsportv513.top/matches?id=tivibu-spor-1
2026-08-22 11:48:39,782 [INFO] Capturing request: https://www.atomsportv513.top/matches?id=tivibu-spor-1
2026-08-22 11:48:39,970 [INFO] Capturing response: https://www.atomsportv513.top/matches?id=tivibu-spor-1 200 
2026-08-22 11:48:40,100 [INFO] Capturing request: https://teletv5.top/load/yayinlink.php?id=tivibu-spor-1
2026-08-22 11:48:40,103 [INFO] Capturing request: https://www.atomsportv513.top/favicon.ico
2026-08-22 11:48:40,132 [INFO] Capturing response: https://www.atomsportv513.top/favicon.ico 200 
2026-08-22 11:48:40,199 [INFO] Capturing request: https://streamsport365.com/cinema
2026-08-22 11:48:40,247 [INFO] Capturing response: https://teletv5.top/load/yayinlink.php?id=tivibu-spor-1 200 
2026-08-22 11:48:40,440 [INFO] Capturing response: https://streamsport365.com/cinema 200 
2026-08-22 11:48:54,858 [INFO] Capturing request: https://update.googleapis.com/service/update2/json?cup2key=16:scDlw6-ORJJ2DgjI2O9mSMh1mlzOmck5qg1SK9_pzyM&cup2hreq=dc2a92b398830b9f3557d4e615a8663050f85f67470b33310bb246c01d7d1a0a
2026-08-22 11:48:54,892 [INFO] Capturing response: https://update.googleapis.com/service/update2/json?cup2key=16:scDlw6-ORJJ2DgjI2O9mSMh1mlzOmck5qg1SK9_pzyM&cup2hreq=dc2a92b398830b9f3557d4e615a8663050f85f67470b33310bb246c01d7d1a0a 200 
2026-08-22 11:48:54,899 [INFO] Capturing request: http://edgedl.me.gvt1.com/edgedl/diffgen-puffin/gcmjkmgdlgnkkcocmoeiminaijmmjnii/6ca5bdb9f3e2cd83b7e359729bc6c33c4fe975ec499861d969b3e080320849ff
2026-08-22 11:48:54,941 [INFO] Capturing response: http://edgedl.me.gvt1.com/edgedl/diffgen-puffin/gcmjkmgdlgnkkcocmoeiminaijmmjnii/6ca5bdb9f3e2cd83b7e359729bc6c33c4fe975ec499861d969b3e080320849ff 200 OK
2026-08-22 11:48:54,967 [INFO] Capturing request: https://update.googleapis.com/service/update2/json
2026-08-22 11:48:54,998 [INFO] Capturing response: https://update.googleapis.com/service/update2/json 200 
2026-08-22 11:48:55,042 [INFO] Capturing request: http://edgedl.me.gvt1.com/edgedl/release2/chrome_component/lqmv43mnell6xhvz3ejb5abade_10731/hfnkpimlhhgieaddgfemjhofmfblmnib_10731_all_adrzxndsw6jkd7v4wjf5i4pg6dra.crx3
2026-08-22 11:48:55,080 [INFO] Capturing response: http://edgedl.me.gvt1.com/edgedl/release2/chrome_component/lqmv43mnell6xhvz3ejb5abade_10731/hfnkpimlhhgieaddgfemjhofmfblmnib_10731_all_adrzxndsw6jkd7v4wjf5i4pg6dra.crx3 200 OK
2026-08-22 11:48:55,112 [INFO] Capturing request: https://update.googleapis.com/service/update2/json
2026-08-22 11:48:55,138 [INFO] Capturing response: https://update.googleapis.com/service/update2/json 200 
2026-08-22 11:49:09,449 [INFO] Capturing request: https://android.clients.google.com/c2dm/register3
2026-08-22 11:49:09,506 [INFO] Capturing response: https://android.clients.google.com/c2dm/register3 301 
2026-08-22 11:49:13,309 [WARNING]   ❌ Tivibu Spor 1 için M3U8 bulunamadı
2026-08-22 11:49:14,309 [INFO] 
[12/14]
2026-08-22 11:49:14,309 [INFO] 🔍 Tivibu Spor 2 → https://www.atomsportv513.top/matches?id=tivibu-spor-2
2026-08-22 11:49:14,460 [INFO] Capturing request: https://www.atomsportv513.top/matches?id=tivibu-spor-2
2026-08-22 11:49:15,433 [INFO] Capturing response: https://www.atomsportv513.top/matches?id=tivibu-spor-2 200 
2026-08-22 11:49:15,597 [INFO] Capturing request: https://www.atomsportv513.top/favicon.ico
2026-08-22 11:49:15,637 [INFO] Capturing request: https://teletv5.top/load/yayinlink.php?id=tivibu-spor-2
2026-08-22 11:49:15,639 [INFO] Capturing response: https://www.atomsportv513.top/favicon.ico 200 
2026-08-22 11:49:15,950 [INFO] Capturing response: https://teletv5.top/load/yayinlink.php?id=tivibu-spor-2 200 
2026-08-22 11:49:16,025 [INFO] Capturing request: https://streamsport365.com/cinema
2026-08-22 11:49:16,271 [INFO] Capturing response: https://streamsport365.com/cinema 200 
2026-08-22 11:49:48,735 [WARNING]   ❌ Tivibu Spor 2 için M3U8 bulunamadı
2026-08-22 11:49:49,735 [INFO] 
[13/14]
2026-08-22 11:49:49,736 [INFO] 🔍 Tivibu Spor 3 → https://www.atomsportv513.top/matches?id=tivibu-spor-3
2026-08-22 11:49:49,844 [INFO] Capturing request: https://www.atomsportv513.top/matches?id=tivibu-spor-3
2026-08-22 11:49:50,760 [INFO] Capturing response: https://www.atomsportv513.top/matches?id=tivibu-spor-3 200 
2026-08-22 11:49:50,892 [INFO] Capturing request: https://teletv5.top/load/yayinlink.php?id=tivibu-spor-3
2026-08-22 11:49:50,897 [INFO] Capturing request: https://www.atomsportv513.top/favicon.ico
2026-08-22 11:49:50,928 [INFO] Capturing response: https://www.atomsportv513.top/favicon.ico 200 
2026-08-22 11:49:50,992 [INFO] Capturing request: https://streamsport365.com/cinema
2026-08-22 11:49:51,234 [INFO] Capturing response: https://streamsport365.com/cinema 200 
2026-08-22 11:49:51,510 [INFO] Capturing response: https://teletv5.top/load/yayinlink.php?id=tivibu-spor-3 200 
2026-08-22 11:50:24,034 [WARNING]   ❌ Tivibu Spor 3 için M3U8 bulunamadı
2026-08-22 11:50:25,034 [INFO] 
[14/14]
2026-08-22 11:50:25,034 [INFO] 🔍 Tivibu Spor 4 → https://www.atomsportv513.top/matches?id=tivibu-spor-4
2026-08-22 11:50:25,144 [INFO] Capturing request: https://www.atomsportv513.top/matches?id=tivibu-spor-4
2026-08-22 11:50:25,455 [INFO] Capturing response: https://www.atomsportv513.top/matches?id=tivibu-spor-4 200 
2026-08-22 11:50:25,588 [INFO] Capturing request: https://teletv5.top/load/yayinlink.php?id=tivibu-spor-4
2026-08-22 11:50:25,590 [INFO] Capturing request: https://www.atomsportv513.top/favicon.ico
2026-08-22 11:50:25,622 [INFO] Capturing response: https://www.atomsportv513.top/favicon.ico 200 
2026-08-22 11:50:25,684 [INFO] Capturing request: https://streamsport365.com/cinema
2026-08-22 11:50:25,843 [INFO] Capturing response: https://teletv5.top/load/yayinlink.php?id=tivibu-spor-4 200 
2026-08-22 11:50:25,929 [INFO] Capturing response: https://streamsport365.com/cinema 200 
2026-08-22 11:50:52,437 [INFO] Capturing request: https://android.clients.google.com/c2dm/register3
2026-08-22 11:50:52,484 [INFO] Capturing response: https://android.clients.google.com/c2dm/register3 301 
2026-08-22 11:50:58,729 [WARNING]   ❌ Tivibu Spor 4 için M3U8 bulunamadı
2026-08-22 11:50:59,796 [INFO] ✅ 10 kanal bulundu, playlist.m3u kaydedildi
