2026-08-23 19:48:44,989 [INFO] 🌐 BASE_URL: https://www.atomsportv513.top
2026-08-23 19:48:45,947 [INFO] Başlanıyor... 14 kanal taranacak
2026-08-23 19:48:45,947 [INFO] Using default request storage
2026-08-23 19:48:45,952 [INFO] Created proxy listening on 127.0.0.1:44829
2026-08-23 19:48:46,638 [INFO] Capturing request: http://clients2.google.com/time/1/current?cup2key=10:91r7K3f2mLAQd05w3Ii0SEtJ3FThnMhB9JDIStwIAnY&cup2hreq=e3b0c44298fc1c149afbf4c8996fb92427ae41e4649b934ca495991b7852b855
2026-08-23 19:48:46,675 [INFO] Capturing response: http://clients2.google.com/time/1/current?cup2key=10:91r7K3f2mLAQd05w3Ii0SEtJ3FThnMhB9JDIStwIAnY&cup2hreq=e3b0c44298fc1c149afbf4c8996fb92427ae41e4649b934ca495991b7852b855 200 OK
2026-08-23 19:48:46,948 [INFO] 
[1/14]
2026-08-23 19:48:46,950 [INFO] 🔍 beIN Sports 1 → https://www.atomsportv513.top/matches?id=bein-sports-1
2026-08-23 19:48:47,000 [INFO] Capturing request: https://update.googleapis.com/service/update2/json?cup2key=16:UQtCOJM5p5F4FVPh-BX1y5DMbAkaOzFlvdVZCWtFot4&cup2hreq=fe21796fdd46eb128a55afd32960ff556c06a03de082dd28669f53afe0385e4b
2026-08-23 19:48:47,014 [INFO] Capturing request: https://accounts.google.com/ListAccounts?gpsia=1&source=ChromiumBrowser&json=standard&laf=b64bin
2026-08-23 19:48:47,063 [INFO] Capturing response: https://update.googleapis.com/service/update2/json?cup2key=16:UQtCOJM5p5F4FVPh-BX1y5DMbAkaOzFlvdVZCWtFot4&cup2hreq=fe21796fdd46eb128a55afd32960ff556c06a03de082dd28669f53afe0385e4b 200 
2026-08-23 19:48:47,071 [INFO] Capturing response: https://accounts.google.com/ListAccounts?gpsia=1&source=ChromiumBrowser&json=standard&laf=b64bin 200 
2026-08-23 19:48:47,112 [INFO] Capturing request: https://update.googleapis.com/service/update2/json?cup2key=16:Sm_o5PPlzgiML40tQwvyma_0rmCFfuJuYw9yEjqzrdg&cup2hreq=1eee86e3fbd472fc1f423a2004a379dee4254f262cbd15e6ac6ef5389212cd1b
2026-08-23 19:48:47,114 [INFO] Capturing request: https://www.google.com/async/folae?async=_fmt:pb&udm=50&client_locale=en-US&client_country=ZZ
2026-08-23 19:48:47,140 [INFO] Capturing response: https://update.googleapis.com/service/update2/json?cup2key=16:Sm_o5PPlzgiML40tQwvyma_0rmCFfuJuYw9yEjqzrdg&cup2hreq=1eee86e3fbd472fc1f423a2004a379dee4254f262cbd15e6ac6ef5389212cd1b 200 
2026-08-23 19:48:47,144 [INFO] Capturing response: https://www.google.com/async/folae?async=_fmt:pb&udm=50&client_locale=en-US&client_country=ZZ 200 
2026-08-23 19:48:47,174 [INFO] Capturing request: https://www.atomsportv513.top/matches?id=bein-sports-1
2026-08-23 19:48:47,187 [INFO] Capturing request: https://update.googleapis.com/service/update2/json?cup2key=16:MkQeUPxhiJiW7WnGosaokWcdhzI79ybt38UyMii2ZV8&cup2hreq=2ac61f01cb174c805d56899994307d029e6addadb098b2edd4961f4d4dbb7954
2026-08-23 19:48:47,211 [INFO] Capturing response: https://update.googleapis.com/service/update2/json?cup2key=16:MkQeUPxhiJiW7WnGosaokWcdhzI79ybt38UyMii2ZV8&cup2hreq=2ac61f01cb174c805d56899994307d029e6addadb098b2edd4961f4d4dbb7954 200 
2026-08-23 19:48:47,322 [INFO] Capturing request: https://www.google.com/async/folae?async=_fmt:pb&udm=50&client_locale=en-US&client_country=ZZ
2026-08-23 19:48:47,343 [INFO] Capturing response: https://www.google.com/async/folae?async=_fmt:pb&udm=50&client_locale=en-US&client_country=ZZ 200 
2026-08-23 19:48:47,496 [INFO] Capturing response: https://www.atomsportv513.top/matches?id=bein-sports-1 200 
2026-08-23 19:48:47,721 [INFO] Capturing request: https://cdn.jsdelivr.net/npm/@clappr/player@0.11.16/dist/clappr.min.js
2026-08-23 19:48:47,721 [INFO] Capturing request: https://cdn.jsdelivr.net/npm/level-selector/dist/level-selector.min.js
2026-08-23 19:48:47,724 [INFO] Capturing request: https://cdn.jsdelivr.net/npm/@clappr/hlsjs-playback@1.8.3/dist/hlsjs-playback.min.js
2026-08-23 19:48:47,746 [INFO] Capturing response: https://cdn.jsdelivr.net/npm/level-selector/dist/level-selector.min.js 200 
2026-08-23 19:48:47,763 [INFO] Capturing response: https://cdn.jsdelivr.net/npm/@clappr/player@0.11.16/dist/clappr.min.js 200 
2026-08-23 19:48:47,769 [INFO] Capturing response: https://cdn.jsdelivr.net/npm/@clappr/hlsjs-playback@1.8.3/dist/hlsjs-playback.min.js 200 
2026-08-23 19:48:47,980 [INFO] Capturing request: https://www.atomsportv513.top/favicon.ico
2026-08-23 19:48:48,013 [INFO] Capturing response: https://www.atomsportv513.top/favicon.ico 200 
2026-08-23 19:48:48,284 [INFO] Capturing request: https://teletv5.top/load/yayinlink.php?id=bein-sports-1
2026-08-23 19:48:48,467 [INFO] Capturing request: https://streamsport365.com/cinema
2026-08-23 19:48:48,596 [INFO] Capturing response: https://teletv5.top/load/yayinlink.php?id=bein-sports-1 200 
2026-08-23 19:48:48,721 [INFO] Capturing response: https://streamsport365.com/cinema 200 
2026-08-23 19:48:48,851 [INFO] Capturing request: https://www.atomsportv513.top/assets/img/player/player_logo_6a87a2e2eecc5.png
2026-08-23 19:48:48,881 [INFO] Capturing response: https://www.atomsportv513.top/assets/img/player/player_logo_6a87a2e2eecc5.png 200 
2026-08-23 19:48:48,905 [INFO] Capturing request: https://corestream.siteyaptim.live//beintv/tracks-v1a1/mono.m3u8
2026-08-23 19:48:48,925 [INFO] Capturing response: https://corestream.siteyaptim.live//beintv/tracks-v1a1/mono.m3u8 200 
2026-08-23 19:48:49,217 [INFO] Capturing request: https://d19sdpl8wh1y78.cloudfront.net/beintv/tracks-v1a1/2026/08/23/19/48/46-05000.jpg
2026-08-23 19:48:49,354 [INFO] Capturing response: https://d19sdpl8wh1y78.cloudfront.net/beintv/tracks-v1a1/2026/08/23/19/48/46-05000.jpg 200 
2026-08-23 19:48:49,569 [INFO] Capturing request: https://d19sdpl8wh1y78.cloudfront.net/beintv/tracks-v1a1/2026/08/23/19/48/51-05000.jpg
2026-08-23 19:48:49,693 [INFO] Capturing response: https://d19sdpl8wh1y78.cloudfront.net/beintv/tracks-v1a1/2026/08/23/19/48/51-05000.jpg 200 
2026-08-23 19:48:49,835 [INFO] Capturing request: https://android.clients.google.com/checkin
2026-08-23 19:48:49,905 [INFO] Capturing request: https://d19sdpl8wh1y78.cloudfront.net/beintv/tracks-v1a1/2026/08/23/19/48/56-05000.jpg
2026-08-23 19:48:49,963 [INFO] Capturing response: https://android.clients.google.com/checkin 200 
2026-08-23 19:48:50,018 [INFO] Capturing request: https://android.clients.google.com/c2dm/register3
2026-08-23 19:48:50,021 [INFO] Capturing request: https://android.clients.google.com/c2dm/register3
2026-08-23 19:48:50,024 [INFO] Capturing request: https://android.clients.google.com/c2dm/register3
2026-08-23 19:48:50,068 [INFO] Capturing response: https://android.clients.google.com/c2dm/register3 301 
2026-08-23 19:48:50,085 [INFO] Capturing response: https://d19sdpl8wh1y78.cloudfront.net/beintv/tracks-v1a1/2026/08/23/19/48/56-05000.jpg 200 
2026-08-23 19:48:50,702 [INFO] Capturing response: https://android.clients.google.com/c2dm/register3 200 
2026-08-23 19:48:50,780 [INFO] Capturing response: https://android.clients.google.com/c2dm/register3 200 
2026-08-23 19:48:50,908 [INFO]   ✅ M3U8 bulundu: https://corestream.siteyaptim.live//beintv/tracks-v1a1/mono.m3u8
2026-08-23 19:48:51,909 [INFO] 
[2/14]
2026-08-23 19:48:51,909 [INFO] 🔍 beIN Sports 2 → https://www.atomsportv513.top/matches?id=bein-sports-2
2026-08-23 19:48:52,020 [INFO] Capturing request: https://www.atomsportv513.top/matches?id=bein-sports-2
2026-08-23 19:48:52,213 [INFO] Capturing response: https://www.atomsportv513.top/matches?id=bein-sports-2 200 
2026-08-23 19:48:52,269 [INFO] Capturing request: https://streamsport365.com/cinema
2026-08-23 19:48:52,369 [INFO] Capturing request: https://www.atomsportv513.top/favicon.ico
2026-08-23 19:48:52,370 [INFO] Capturing request: https://teletv5.top/load/yayinlink.php?id=bein-sports-2
2026-08-23 19:48:52,396 [INFO] Capturing response: https://www.atomsportv513.top/favicon.ico 200 
2026-08-23 19:48:52,516 [INFO] Capturing response: https://streamsport365.com/cinema 200 
2026-08-23 19:48:52,528 [INFO] Capturing response: https://teletv5.top/load/yayinlink.php?id=bein-sports-2 200 
2026-08-23 19:48:52,640 [INFO] Capturing request: https://www.atomsportv513.top/assets/img/player/player_logo_6a87a2e2eecc5.png
2026-08-23 19:48:52,649 [INFO] Capturing request: https://corestream.siteyaptim.live//bein2/tracks-v1a1/mono.m3u8
2026-08-23 19:48:52,755 [INFO] Capturing response: https://www.atomsportv513.top/assets/img/player/player_logo_6a87a2e2eecc5.png 304 
2026-08-23 19:48:52,761 [INFO] Capturing response: https://corestream.siteyaptim.live//bein2/tracks-v1a1/mono.m3u8 200 
2026-08-23 19:48:52,872 [INFO] Capturing request: https://d19sdpl8wh1y78.cloudfront.net/bein2/tracks-v1a1/2026/08/23/19/48/54-08000.jpg
2026-08-23 19:48:53,050 [INFO] Capturing response: https://d19sdpl8wh1y78.cloudfront.net/bein2/tracks-v1a1/2026/08/23/19/48/54-08000.jpg 200 
2026-08-23 19:48:53,239 [INFO] Capturing request: https://d19sdpl8wh1y78.cloudfront.net/bein2/tracks-v1a1/2026/08/23/19/49/02-08000.jpg
2026-08-23 19:48:53,393 [INFO] Capturing response: https://d19sdpl8wh1y78.cloudfront.net/bein2/tracks-v1a1/2026/08/23/19/49/02-08000.jpg 200 
2026-08-23 19:48:53,593 [INFO] Capturing request: https://d19sdpl8wh1y78.cloudfront.net/bein2/tracks-v1a1/2026/08/23/19/49/10-08000.jpg
2026-08-23 19:48:53,786 [INFO] Capturing response: https://d19sdpl8wh1y78.cloudfront.net/bein2/tracks-v1a1/2026/08/23/19/49/10-08000.jpg 200 
2026-08-23 19:48:55,289 [INFO]   ✅ M3U8 bulundu: https://corestream.siteyaptim.live//bein2/tracks-v1a1/mono.m3u8
2026-08-23 19:48:56,289 [INFO] 
[3/14]
2026-08-23 19:48:56,290 [INFO] 🔍 beIN Sports 3 → https://www.atomsportv513.top/matches?id=bein-sports-3
2026-08-23 19:48:56,400 [INFO] Capturing request: https://www.atomsportv513.top/matches?id=bein-sports-3
2026-08-23 19:48:56,568 [INFO] Capturing response: https://www.atomsportv513.top/matches?id=bein-sports-3 200 
2026-08-23 19:48:56,697 [INFO] Capturing request: https://teletv5.top/load/yayinlink.php?id=bein-sports-3
2026-08-23 19:48:56,701 [INFO] Capturing request: https://www.atomsportv513.top/favicon.ico
2026-08-23 19:48:56,734 [INFO] Capturing response: https://www.atomsportv513.top/favicon.ico 200 
2026-08-23 19:48:56,791 [INFO] Capturing request: https://streamsport365.com/cinema
2026-08-23 19:48:56,965 [INFO] Capturing response: https://teletv5.top/load/yayinlink.php?id=bein-sports-3 200 
2026-08-23 19:48:57,028 [INFO] Capturing response: https://streamsport365.com/cinema 200 
2026-08-23 19:48:57,138 [INFO] Capturing request: https://www.atomsportv513.top/assets/img/player/player_logo_6a87a2e2eecc5.png
2026-08-23 19:48:57,148 [INFO] Capturing request: https://corestream.siteyaptim.live//bein3/tracks-v1a1/mono.m3u8
2026-08-23 19:48:57,254 [INFO] Capturing response: https://www.atomsportv513.top/assets/img/player/player_logo_6a87a2e2eecc5.png 304 
2026-08-23 19:48:57,283 [INFO] Capturing response: https://corestream.siteyaptim.live//bein3/tracks-v1a1/mono.m3u8 200 
2026-08-23 19:48:57,393 [INFO] Capturing request: https://d19sdpl8wh1y78.cloudfront.net/bein3/tracks-v1a1/2026/08/23/19/48/38-10000.jpg
2026-08-23 19:48:57,564 [INFO] Capturing response: https://d19sdpl8wh1y78.cloudfront.net/bein3/tracks-v1a1/2026/08/23/19/48/38-10000.jpg 200 
2026-08-23 19:48:57,748 [INFO] Capturing request: https://d19sdpl8wh1y78.cloudfront.net/bein3/tracks-v1a1/2026/08/23/19/48/48-10000.jpg
2026-08-23 19:48:57,884 [INFO] Capturing response: https://d19sdpl8wh1y78.cloudfront.net/bein3/tracks-v1a1/2026/08/23/19/48/48-10000.jpg 200 
2026-08-23 19:48:58,079 [INFO] Capturing request: https://d19sdpl8wh1y78.cloudfront.net/bein3/tracks-v1a1/2026/08/23/19/48/58-10000.jpg
2026-08-23 19:48:58,448 [INFO] Capturing response: https://d19sdpl8wh1y78.cloudfront.net/bein3/tracks-v1a1/2026/08/23/19/48/58-10000.jpg 200 
2026-08-23 19:48:59,628 [INFO]   ✅ M3U8 bulundu: https://corestream.siteyaptim.live//bein3/tracks-v1a1/mono.m3u8
2026-08-23 19:49:00,629 [INFO] 
[4/14]
2026-08-23 19:49:00,629 [INFO] 🔍 beIN Sports 4 → https://www.atomsportv513.top/matches?id=bein-sports-4
2026-08-23 19:49:00,739 [INFO] Capturing request: https://www.atomsportv513.top/matches?id=bein-sports-4
2026-08-23 19:49:00,906 [INFO] Capturing response: https://www.atomsportv513.top/matches?id=bein-sports-4 200 
2026-08-23 19:49:00,943 [INFO] Capturing request: https://streamsport365.com/cinema
2026-08-23 19:49:01,043 [INFO] Capturing request: https://www.atomsportv513.top/favicon.ico
2026-08-23 19:49:01,045 [INFO] Capturing request: https://teletv5.top/load/yayinlink.php?id=bein-sports-4
2026-08-23 19:49:01,076 [INFO] Capturing response: https://www.atomsportv513.top/favicon.ico 200 
2026-08-23 19:49:01,192 [INFO] Capturing response: https://streamsport365.com/cinema 200 
2026-08-23 19:49:01,215 [INFO] Capturing response: https://teletv5.top/load/yayinlink.php?id=bein-sports-4 200 
2026-08-23 19:49:01,367 [INFO] Capturing request: https://www.atomsportv513.top/assets/img/player/player_logo_6a87a2e2eecc5.png
2026-08-23 19:49:01,377 [INFO] Capturing request: https://corestream.siteyaptim.live//bein4/tracks-v1a1/mono.m3u8
2026-08-23 19:49:01,481 [INFO] Capturing response: https://www.atomsportv513.top/assets/img/player/player_logo_6a87a2e2eecc5.png 304 
2026-08-23 19:49:01,502 [INFO] Capturing response: https://corestream.siteyaptim.live//bein4/tracks-v1a1/mono.m3u8 200 
2026-08-23 19:49:01,652 [INFO] Capturing request: https://d19sdpl8wh1y78.cloudfront.net/bein4/tracks-v1a1/2026/08/23/19/48/34-10000.jpg
2026-08-23 19:49:02,433 [INFO] Capturing response: https://d19sdpl8wh1y78.cloudfront.net/bein4/tracks-v1a1/2026/08/23/19/48/34-10000.jpg 200 
2026-08-23 19:49:02,793 [INFO] Capturing request: https://d19sdpl8wh1y78.cloudfront.net/bein4/tracks-v1a1/2026/08/23/19/48/44-10000.jpg
2026-08-23 19:49:03,573 [INFO] Capturing response: https://d19sdpl8wh1y78.cloudfront.net/bein4/tracks-v1a1/2026/08/23/19/48/44-10000.jpg 200 
2026-08-23 19:49:03,911 [INFO] Capturing request: https://d19sdpl8wh1y78.cloudfront.net/bein4/tracks-v1a1/2026/08/23/19/48/54-10000.jpg
2026-08-23 19:49:03,968 [INFO]   ✅ M3U8 bulundu: https://corestream.siteyaptim.live//bein4/tracks-v1a1/mono.m3u8
2026-08-23 19:49:04,743 [INFO] Capturing response: https://d19sdpl8wh1y78.cloudfront.net/bein4/tracks-v1a1/2026/08/23/19/48/54-10000.jpg 200 
2026-08-23 19:49:04,969 [INFO] 
[5/14]
2026-08-23 19:49:04,969 [INFO] 🔍 beIN Sports 5 → https://www.atomsportv513.top/matches?id=bein-sports-5
2026-08-23 19:49:05,081 [INFO] Capturing request: https://www.atomsportv513.top/matches?id=bein-sports-5
2026-08-23 19:49:05,248 [INFO] Capturing response: https://www.atomsportv513.top/matches?id=bein-sports-5 200 
2026-08-23 19:49:05,380 [INFO] Capturing request: https://teletv5.top/load/yayinlink.php?id=bein-sports-5
2026-08-23 19:49:05,381 [INFO] Capturing request: https://www.atomsportv513.top/favicon.ico
2026-08-23 19:49:05,410 [INFO] Capturing response: https://www.atomsportv513.top/favicon.ico 200 
2026-08-23 19:49:05,474 [INFO] Capturing request: https://streamsport365.com/cinema
2026-08-23 19:49:05,550 [INFO] Capturing response: https://teletv5.top/load/yayinlink.php?id=bein-sports-5 200 
2026-08-23 19:49:05,719 [INFO] Capturing response: https://streamsport365.com/cinema 200 
2026-08-23 19:49:05,830 [INFO] Capturing request: https://www.atomsportv513.top/assets/img/player/player_logo_6a87a2e2eecc5.png
2026-08-23 19:49:05,840 [INFO] Capturing request: https://corestream.siteyaptim.live//bein5/tracks-v1a1/mono.m3u8
2026-08-23 19:49:05,944 [INFO] Capturing response: https://www.atomsportv513.top/assets/img/player/player_logo_6a87a2e2eecc5.png 304 
2026-08-23 19:49:05,975 [INFO] Capturing response: https://corestream.siteyaptim.live//bein5/tracks-v1a1/mono.m3u8 200 
2026-08-23 19:49:06,084 [INFO] Capturing request: https://d19sdpl8wh1y78.cloudfront.net/bein5/tracks-v1a1/2026/08/23/19/48/12-10000.jpg
2026-08-23 19:49:06,782 [INFO] Capturing response: https://d19sdpl8wh1y78.cloudfront.net/bein5/tracks-v1a1/2026/08/23/19/48/12-10000.jpg 200 
2026-08-23 19:49:07,134 [INFO] Capturing request: https://d19sdpl8wh1y78.cloudfront.net/bein5/tracks-v1a1/2026/08/23/19/48/22-14840.jpg
2026-08-23 19:49:08,087 [INFO] Capturing response: https://d19sdpl8wh1y78.cloudfront.net/bein5/tracks-v1a1/2026/08/23/19/48/22-14840.jpg 200 
2026-08-23 19:49:08,307 [INFO]   ✅ M3U8 bulundu: https://corestream.siteyaptim.live//bein5/tracks-v1a1/mono.m3u8
2026-08-23 19:49:08,620 [INFO] Capturing request: https://d19sdpl8wh1y78.cloudfront.net/bein5/tracks-v1a1/2026/08/23/19/48/37-08960.jpg
2026-08-23 19:49:09,274 [INFO] Capturing response: https://d19sdpl8wh1y78.cloudfront.net/bein5/tracks-v1a1/2026/08/23/19/48/37-08960.jpg 200 
2026-08-23 19:49:09,308 [INFO] 
[6/14]
2026-08-23 19:49:09,309 [INFO] 🔍 beIN Sports Max 1 → https://www.atomsportv513.top/matches?id=bein-sports-max-1
2026-08-23 19:49:09,439 [INFO] Capturing request: https://www.atomsportv513.top/matches?id=bein-sports-max-1
2026-08-23 19:49:09,605 [INFO] Capturing response: https://www.atomsportv513.top/matches?id=bein-sports-max-1 200 
2026-08-23 19:49:09,636 [INFO] Capturing request: https://streamsport365.com/cinema
2026-08-23 19:49:09,735 [INFO] Capturing request: https://teletv5.top/load/yayinlink.php?id=bein-sports-max-1
2026-08-23 19:49:09,738 [INFO] Capturing request: https://www.atomsportv513.top/favicon.ico
2026-08-23 19:49:09,770 [INFO] Capturing response: https://www.atomsportv513.top/favicon.ico 200 
2026-08-23 19:49:09,887 [INFO] Capturing response: https://streamsport365.com/cinema 200 
2026-08-23 19:49:09,897 [INFO] Capturing response: https://teletv5.top/load/yayinlink.php?id=bein-sports-max-1 200 
2026-08-23 19:49:15,849 [INFO] Capturing request: https://android.clients.google.com/c2dm/register3
2026-08-23 19:49:15,893 [INFO] Capturing response: https://android.clients.google.com/c2dm/register3 301 
2026-08-23 19:49:42,905 [WARNING]   ❌ beIN Sports Max 1 için M3U8 bulunamadı
2026-08-23 19:49:43,905 [INFO] 
[7/14]
2026-08-23 19:49:43,905 [INFO] 🔍 beIN Sports Max 2 → https://www.atomsportv513.top/matches?id=bein-sports-max-2
2026-08-23 19:49:44,014 [INFO] Capturing request: https://www.atomsportv513.top/matches?id=bein-sports-max-2
2026-08-23 19:49:44,917 [INFO] Capturing response: https://www.atomsportv513.top/matches?id=bein-sports-max-2 200 
2026-08-23 19:49:45,054 [INFO] Capturing request: https://teletv5.top/load/yayinlink.php?id=bein-sports-max-2
2026-08-23 19:49:45,055 [INFO] Capturing request: https://www.atomsportv513.top/favicon.ico
2026-08-23 19:49:45,084 [INFO] Capturing response: https://www.atomsportv513.top/favicon.ico 200 
2026-08-23 19:49:45,151 [INFO] Capturing request: https://streamsport365.com/cinema
2026-08-23 19:49:45,389 [INFO] Capturing response: https://streamsport365.com/cinema 200 
2026-08-23 19:49:45,485 [INFO] Capturing response: https://teletv5.top/load/yayinlink.php?id=bein-sports-max-2 200 
2026-08-23 19:49:46,638 [INFO] Capturing request: https://update.googleapis.com/service/update2/json?cup2key=16:WUsww0OCT7KRs2aSjY5kbWjQmpwYAPb6cOfdWulMs5U&cup2hreq=44b005b0603a0041573cb18896fa50ab6fdd346d42dd8b22d0b1381d4e044709
2026-08-23 19:49:46,665 [INFO] Capturing response: https://update.googleapis.com/service/update2/json?cup2key=16:WUsww0OCT7KRs2aSjY5kbWjQmpwYAPb6cOfdWulMs5U&cup2hreq=44b005b0603a0041573cb18896fa50ab6fdd346d42dd8b22d0b1381d4e044709 200 
2026-08-23 19:49:46,671 [INFO] Capturing request: http://edgedl.me.gvt1.com/edgedl/diffgen-puffin/gcmjkmgdlgnkkcocmoeiminaijmmjnii/6ca5bdb9f3e2cd83b7e359729bc6c33c4fe975ec499861d969b3e080320849ff
2026-08-23 19:49:46,702 [INFO] Capturing response: http://edgedl.me.gvt1.com/edgedl/diffgen-puffin/gcmjkmgdlgnkkcocmoeiminaijmmjnii/6ca5bdb9f3e2cd83b7e359729bc6c33c4fe975ec499861d969b3e080320849ff 200 OK
2026-08-23 19:49:46,732 [INFO] Capturing request: https://update.googleapis.com/service/update2/json
2026-08-23 19:49:46,754 [INFO] Capturing response: https://update.googleapis.com/service/update2/json 200 
2026-08-23 19:49:46,799 [INFO] Capturing request: http://edgedl.me.gvt1.com/edgedl/release2/chrome_component/pii3rvjw74jn5qtrx5a2yp2b6a_10733/hfnkpimlhhgieaddgfemjhofmfblmnib_10733_all_ad75arotihys34voy3hmuznew3va.crx3
2026-08-23 19:49:46,822 [INFO] Capturing response: http://edgedl.me.gvt1.com/edgedl/release2/chrome_component/pii3rvjw74jn5qtrx5a2yp2b6a_10733/hfnkpimlhhgieaddgfemjhofmfblmnib_10733_all_ad75arotihys34voy3hmuznew3va.crx3 200 OK
2026-08-23 19:49:46,855 [INFO] Capturing request: https://update.googleapis.com/service/update2/json
2026-08-23 19:49:46,876 [INFO] Capturing response: https://update.googleapis.com/service/update2/json 200 
2026-08-23 19:49:59,139 [INFO] Capturing request: https://android.clients.google.com/c2dm/register3
2026-08-23 19:49:59,189 [INFO] Capturing response: https://android.clients.google.com/c2dm/register3 301 
2026-08-23 19:50:18,215 [WARNING]   ❌ beIN Sports Max 2 için M3U8 bulunamadı
2026-08-23 19:50:19,215 [INFO] 
[8/14]
2026-08-23 19:50:19,215 [INFO] 🔍 S Sport → https://www.atomsportv513.top/matches?id=s-sport
2026-08-23 19:50:19,373 [INFO] Capturing request: https://www.atomsportv513.top/matches?id=s-sport
2026-08-23 19:50:19,894 [INFO] Capturing response: https://www.atomsportv513.top/matches?id=s-sport 200 
2026-08-23 19:50:20,054 [INFO] Capturing request: https://www.atomsportv513.top/favicon.ico
2026-08-23 19:50:20,088 [INFO] Capturing response: https://www.atomsportv513.top/favicon.ico 200 
2026-08-23 19:50:20,090 [INFO] Capturing request: https://teletv5.top/load/yayinlink.php?id=s-sport
2026-08-23 19:50:20,262 [INFO] Capturing response: https://teletv5.top/load/yayinlink.php?id=s-sport 200 
2026-08-23 19:50:20,502 [INFO] Capturing request: https://streamsport365.com/cinema
2026-08-23 19:50:20,807 [INFO] Capturing response: https://streamsport365.com/cinema 200 
2026-08-23 19:50:20,918 [INFO] Capturing request: https://www.atomsportv513.top/assets/img/player/player_logo_6a87a2e2eecc5.png
2026-08-23 19:50:20,963 [INFO] Capturing request: https://corestream.siteyaptim.live//s-sport/tracks-v1a1/mono.m3u8
2026-08-23 19:50:20,982 [INFO] Capturing response: https://corestream.siteyaptim.live//s-sport/tracks-v1a1/mono.m3u8 200 
2026-08-23 19:50:21,038 [INFO] Capturing response: https://www.atomsportv513.top/assets/img/player/player_logo_6a87a2e2eecc5.png 304 
2026-08-23 19:50:21,276 [INFO] Capturing request: https://d19sdpl8wh1y78.cloudfront.net/s-sport/tracks-v1a1/2026/08/23/19/51/28-05000.jpg
2026-08-23 19:50:21,448 [INFO] Capturing response: https://d19sdpl8wh1y78.cloudfront.net/s-sport/tracks-v1a1/2026/08/23/19/51/28-05000.jpg 200 
2026-08-23 19:50:21,687 [INFO] Capturing request: https://d19sdpl8wh1y78.cloudfront.net/s-sport/tracks-v1a1/2026/08/23/19/51/33-05000.jpg
2026-08-23 19:50:21,855 [INFO] Capturing response: https://d19sdpl8wh1y78.cloudfront.net/s-sport/tracks-v1a1/2026/08/23/19/51/33-05000.jpg 200 
2026-08-23 19:50:22,086 [INFO] Capturing request: https://d19sdpl8wh1y78.cloudfront.net/s-sport/tracks-v1a1/2026/08/23/19/51/38-05000.jpg
2026-08-23 19:50:22,259 [INFO] Capturing response: https://d19sdpl8wh1y78.cloudfront.net/s-sport/tracks-v1a1/2026/08/23/19/51/38-05000.jpg 200 
2026-08-23 19:50:22,997 [INFO]   ✅ M3U8 bulundu: https://corestream.siteyaptim.live//s-sport/tracks-v1a1/mono.m3u8
2026-08-23 19:50:23,997 [INFO] 
[9/14]
2026-08-23 19:50:23,998 [INFO] 🔍 S Sport 2 → https://www.atomsportv513.top/matches?id=s-sport-2
2026-08-23 19:50:24,108 [INFO] Capturing request: https://www.atomsportv513.top/matches?id=s-sport-2
2026-08-23 19:50:24,571 [INFO] Capturing response: https://www.atomsportv513.top/matches?id=s-sport-2 200 
2026-08-23 19:50:24,608 [INFO] Capturing request: https://streamsport365.com/cinema
2026-08-23 19:50:24,709 [INFO] Capturing request: https://teletv5.top/load/yayinlink.php?id=s-sport-2
2026-08-23 19:50:24,709 [INFO] Capturing request: https://www.atomsportv513.top/favicon.ico
2026-08-23 19:50:24,736 [INFO] Capturing response: https://www.atomsportv513.top/favicon.ico 200 
2026-08-23 19:50:24,851 [INFO] Capturing response: https://streamsport365.com/cinema 200 
2026-08-23 19:50:24,943 [INFO] Capturing response: https://teletv5.top/load/yayinlink.php?id=s-sport-2 200 
2026-08-23 19:50:25,055 [INFO] Capturing request: https://www.atomsportv513.top/assets/img/player/player_logo_6a87a2e2eecc5.png
2026-08-23 19:50:25,065 [INFO] Capturing request: https://corestream.siteyaptim.live//s-sport2/tracks-v1a1/mono.m3u8
2026-08-23 19:50:25,169 [INFO] Capturing response: https://www.atomsportv513.top/assets/img/player/player_logo_6a87a2e2eecc5.png 304 
2026-08-23 19:50:25,176 [INFO] Capturing response: https://corestream.siteyaptim.live//s-sport2/tracks-v1a1/mono.m3u8 200 
2026-08-23 19:50:25,285 [INFO] Capturing request: https://d19sdpl8wh1y78.cloudfront.net/s-sport2/tracks-v1a1/2026/08/23/19/50/04-06000.jpg
2026-08-23 19:50:25,582 [INFO] Capturing response: https://d19sdpl8wh1y78.cloudfront.net/s-sport2/tracks-v1a1/2026/08/23/19/50/04-06000.jpg 200 
2026-08-23 19:50:25,866 [INFO] Capturing request: https://d19sdpl8wh1y78.cloudfront.net/s-sport2/tracks-v1a1/2026/08/23/19/50/10-06000.jpg
2026-08-23 19:50:26,202 [INFO] Capturing response: https://d19sdpl8wh1y78.cloudfront.net/s-sport2/tracks-v1a1/2026/08/23/19/50/10-06000.jpg 200 
2026-08-23 19:50:26,499 [INFO] Capturing request: https://d19sdpl8wh1y78.cloudfront.net/s-sport2/tracks-v1a1/2026/08/23/19/50/16-06000.jpg
2026-08-23 19:50:26,856 [INFO] Capturing response: https://d19sdpl8wh1y78.cloudfront.net/s-sport2/tracks-v1a1/2026/08/23/19/50/16-06000.jpg 200 
2026-08-23 19:50:27,631 [INFO]   ✅ M3U8 bulundu: https://corestream.siteyaptim.live//s-sport2/tracks-v1a1/mono.m3u8
2026-08-23 19:50:28,631 [INFO] 
[10/14]
2026-08-23 19:50:28,631 [INFO] 🔍 A Spor → https://www.atomsportv513.top/matches?id=a-spor
2026-08-23 19:50:28,743 [INFO] Capturing request: https://www.atomsportv513.top/matches?id=a-spor
2026-08-23 19:50:28,915 [INFO] Capturing response: https://www.atomsportv513.top/matches?id=a-spor 200 
2026-08-23 19:50:29,047 [INFO] Capturing request: https://teletv5.top/load/yayinlink.php?id=a-spor
2026-08-23 19:50:29,052 [INFO] Capturing request: https://www.atomsportv513.top/favicon.ico
2026-08-23 19:50:29,080 [INFO] Capturing response: https://www.atomsportv513.top/favicon.ico 200 
2026-08-23 19:50:29,150 [INFO] Capturing request: https://streamsport365.com/cinema
2026-08-23 19:50:29,211 [INFO] Capturing response: https://teletv5.top/load/yayinlink.php?id=a-spor 200 
2026-08-23 19:50:29,401 [INFO] Capturing response: https://streamsport365.com/cinema 200 
2026-08-23 19:50:29,510 [INFO] Capturing request: https://www.atomsportv513.top/assets/img/player/player_logo_6a87a2e2eecc5.png
2026-08-23 19:50:29,520 [INFO] Capturing request: https://corestream.siteyaptim.live//aspor/tracks-v1a1/mono.m3u8
2026-08-23 19:50:29,626 [INFO] Capturing response: https://www.atomsportv513.top/assets/img/player/player_logo_6a87a2e2eecc5.png 304 
2026-08-23 19:50:29,649 [INFO] Capturing response: https://corestream.siteyaptim.live//aspor/tracks-v1a1/mono.m3u8 404 
2026-08-23 19:50:31,773 [INFO] Capturing request: https://corestream.siteyaptim.live//aspor/tracks-v1a1/mono.m3u8
2026-08-23 19:50:31,894 [INFO] Capturing response: https://corestream.siteyaptim.live//aspor/tracks-v1a1/mono.m3u8 404 
2026-08-23 19:50:31,968 [INFO]   ✅ M3U8 bulundu: https://corestream.siteyaptim.live//aspor/tracks-v1a1/mono.m3u8
2026-08-23 19:50:32,969 [INFO] 
[11/14]
2026-08-23 19:50:32,969 [INFO] 🔍 Tivibu Spor 1 → https://www.atomsportv513.top/matches?id=tivibu-spor-1
2026-08-23 19:50:33,077 [INFO] Capturing request: https://www.atomsportv513.top/matches?id=tivibu-spor-1
2026-08-23 19:50:33,249 [INFO] Capturing response: https://www.atomsportv513.top/matches?id=tivibu-spor-1 200 
2026-08-23 19:50:33,282 [INFO] Capturing request: https://streamsport365.com/cinema
2026-08-23 19:50:33,380 [INFO] Capturing request: https://teletv5.top/load/yayinlink.php?id=tivibu-spor-1
2026-08-23 19:50:33,384 [INFO] Capturing request: https://www.atomsportv513.top/favicon.ico
2026-08-23 19:50:33,412 [INFO] Capturing response: https://www.atomsportv513.top/favicon.ico 200 
2026-08-23 19:50:33,530 [INFO] Capturing response: https://streamsport365.com/cinema 200 
2026-08-23 19:50:33,543 [INFO] Capturing response: https://teletv5.top/load/yayinlink.php?id=tivibu-spor-1 200 
2026-08-23 19:51:06,525 [WARNING]   ❌ Tivibu Spor 1 için M3U8 bulunamadı
2026-08-23 19:51:07,526 [INFO] 
[12/14]
2026-08-23 19:51:07,526 [INFO] 🔍 Tivibu Spor 2 → https://www.atomsportv513.top/matches?id=tivibu-spor-2
2026-08-23 19:51:07,636 [INFO] Capturing request: https://www.atomsportv513.top/matches?id=tivibu-spor-2
2026-08-23 19:51:07,938 [INFO] Capturing response: https://www.atomsportv513.top/matches?id=tivibu-spor-2 200 
2026-08-23 19:51:08,076 [INFO] Capturing request: https://teletv5.top/load/yayinlink.php?id=tivibu-spor-2
2026-08-23 19:51:08,082 [INFO] Capturing request: https://www.atomsportv513.top/favicon.ico
2026-08-23 19:51:08,093 [INFO] Capturing response: https://teletv5.top/load/yayinlink.php?id=tivibu-spor-2 200 
2026-08-23 19:51:08,108 [INFO] Capturing response: https://www.atomsportv513.top/favicon.ico 200 
2026-08-23 19:51:08,172 [INFO] Capturing request: https://streamsport365.com/cinema
2026-08-23 19:51:08,411 [INFO] Capturing response: https://streamsport365.com/cinema 200 
2026-08-23 19:51:41,226 [WARNING]   ❌ Tivibu Spor 2 için M3U8 bulunamadı
2026-08-23 19:51:42,226 [INFO] 
[13/14]
2026-08-23 19:51:42,227 [INFO] 🔍 Tivibu Spor 3 → https://www.atomsportv513.top/matches?id=tivibu-spor-3
2026-08-23 19:51:42,335 [INFO] Capturing request: https://www.atomsportv513.top/matches?id=tivibu-spor-3
2026-08-23 19:51:42,637 [INFO] Capturing response: https://www.atomsportv513.top/matches?id=tivibu-spor-3 200 
2026-08-23 19:51:42,772 [INFO] Capturing request: https://teletv5.top/load/yayinlink.php?id=tivibu-spor-3
2026-08-23 19:51:42,775 [INFO] Capturing request: https://www.atomsportv513.top/favicon.ico
2026-08-23 19:51:42,788 [INFO] Capturing response: https://teletv5.top/load/yayinlink.php?id=tivibu-spor-3 200 
2026-08-23 19:51:42,805 [INFO] Capturing response: https://www.atomsportv513.top/favicon.ico 200 
2026-08-23 19:51:42,869 [INFO] Capturing request: https://streamsport365.com/cinema
2026-08-23 19:51:43,109 [INFO] Capturing response: https://streamsport365.com/cinema 200 
2026-08-23 19:51:50,007 [INFO] Capturing request: https://android.clients.google.com/c2dm/register3
2026-08-23 19:51:50,055 [INFO] Capturing response: https://android.clients.google.com/c2dm/register3 301 
2026-08-23 19:52:15,920 [WARNING]   ❌ Tivibu Spor 3 için M3U8 bulunamadı
2026-08-23 19:52:16,920 [INFO] 
[14/14]
2026-08-23 19:52:16,920 [INFO] 🔍 Tivibu Spor 4 → https://www.atomsportv513.top/matches?id=tivibu-spor-4
2026-08-23 19:52:17,029 [INFO] Capturing request: https://www.atomsportv513.top/matches?id=tivibu-spor-4
2026-08-23 19:52:17,431 [INFO] Capturing response: https://www.atomsportv513.top/matches?id=tivibu-spor-4 200 
2026-08-23 19:52:17,571 [INFO] Capturing request: https://teletv5.top/load/yayinlink.php?id=tivibu-spor-4
2026-08-23 19:52:17,572 [INFO] Capturing request: https://www.atomsportv513.top/favicon.ico
2026-08-23 19:52:17,608 [INFO] Capturing response: https://www.atomsportv513.top/favicon.ico 200 
2026-08-23 19:52:17,665 [INFO] Capturing request: https://streamsport365.com/cinema
2026-08-23 19:52:17,847 [INFO] Capturing response: https://teletv5.top/load/yayinlink.php?id=tivibu-spor-4 200 
2026-08-23 19:52:17,918 [INFO] Capturing response: https://streamsport365.com/cinema 200 
2026-08-23 19:52:50,716 [WARNING]   ❌ Tivibu Spor 4 için M3U8 bulunamadı
2026-08-23 19:52:51,782 [INFO] ✅ 8 kanal bulundu, playlist.m3u kaydedildi
