2026-08-09 19:34:51,443 [INFO] 🌐 BASE_URL: https://www.atomsportv512.top
2026-08-09 19:34:52,485 [INFO] Başlanıyor... 14 kanal taranacak
2026-08-09 19:34:52,485 [INFO] Using default request storage
2026-08-09 19:34:52,490 [INFO] Created proxy listening on 127.0.0.1:44823
2026-08-09 19:34:53,193 [INFO] Capturing request: http://clients2.google.com/time/1/current?cup2key=10:RURruTBwwacrvCtKU9BGedW3P4DmZJ6D7UZgykh8cgw&cup2hreq=e3b0c44298fc1c149afbf4c8996fb92427ae41e4649b934ca495991b7852b855
2026-08-09 19:34:53,232 [INFO] Capturing response: http://clients2.google.com/time/1/current?cup2key=10:RURruTBwwacrvCtKU9BGedW3P4DmZJ6D7UZgykh8cgw&cup2hreq=e3b0c44298fc1c149afbf4c8996fb92427ae41e4649b934ca495991b7852b855 200 OK
2026-08-09 19:34:53,389 [INFO] 
[1/14]
2026-08-09 19:34:53,393 [INFO] 🔍 beIN Sports 1 → https://www.atomsportv512.top/matches?id=bein-sports-1
2026-08-09 19:34:53,501 [INFO] Capturing request: https://update.googleapis.com/service/update2/json?cup2key=16:w39nf4QFiUqHGdeG-1Q1k8BnHeNDAGVwV0WYA240KuI&cup2hreq=6c1e90700e27f6169cfa28ba7e71b0ffabc4fb4eafa270ab60cc61e19eea16d7
2026-08-09 19:34:53,506 [INFO] Capturing request: https://accounts.google.com/ListAccounts?gpsia=1&source=ChromiumBrowser&json=standard&laf=b64bin
2026-08-09 19:34:53,551 [INFO] Capturing response: https://update.googleapis.com/service/update2/json?cup2key=16:w39nf4QFiUqHGdeG-1Q1k8BnHeNDAGVwV0WYA240KuI&cup2hreq=6c1e90700e27f6169cfa28ba7e71b0ffabc4fb4eafa270ab60cc61e19eea16d7 200 
2026-08-09 19:34:53,594 [INFO] Capturing request: https://www.google.com/async/folae?async=_fmt:pb&udm=50&client_locale=en-US&client_country=ZZ
2026-08-09 19:34:53,600 [INFO] Capturing request: https://www.atomsportv512.top/matches?id=bein-sports-1
2026-08-09 19:34:53,602 [INFO] Capturing request: https://update.googleapis.com/service/update2/json?cup2key=16:or2ztgGemiBrSuDKv9PrvXRHLwEnimT6UUv9xYpqL7A&cup2hreq=d43e297aa542eb35490a5fadcfd29129fe7b91a5d329149f91821d1649e4cdb6
2026-08-09 19:34:53,631 [INFO] Capturing response: https://accounts.google.com/ListAccounts?gpsia=1&source=ChromiumBrowser&json=standard&laf=b64bin 200 
2026-08-09 19:34:53,635 [INFO] Capturing response: https://www.google.com/async/folae?async=_fmt:pb&udm=50&client_locale=en-US&client_country=ZZ 200 
2026-08-09 19:34:53,636 [INFO] Capturing response: https://update.googleapis.com/service/update2/json?cup2key=16:or2ztgGemiBrSuDKv9PrvXRHLwEnimT6UUv9xYpqL7A&cup2hreq=d43e297aa542eb35490a5fadcfd29129fe7b91a5d329149f91821d1649e4cdb6 200 
2026-08-09 19:34:53,684 [INFO] Capturing request: https://update.googleapis.com/service/update2/json?cup2key=16:QGp1Ig1_yd7JQimu0j12bGLL4xTKjsEABIaYqDdG_Fc&cup2hreq=5e6130c709c4a793aa3d3c8337bd1957d6ac22010914f348519b463d3b0c04b2
2026-08-09 19:34:53,712 [INFO] Capturing response: https://update.googleapis.com/service/update2/json?cup2key=16:QGp1Ig1_yd7JQimu0j12bGLL4xTKjsEABIaYqDdG_Fc&cup2hreq=5e6130c709c4a793aa3d3c8337bd1957d6ac22010914f348519b463d3b0c04b2 200 
2026-08-09 19:34:53,879 [INFO] Capturing request: https://www.google.com/async/folae?async=_fmt:pb&udm=50&client_locale=en-US&client_country=ZZ
2026-08-09 19:34:53,917 [INFO] Capturing response: https://www.google.com/async/folae?async=_fmt:pb&udm=50&client_locale=en-US&client_country=ZZ 200 
2026-08-09 19:34:54,188 [INFO] Capturing response: https://www.atomsportv512.top/matches?id=bein-sports-1 200 
2026-08-09 19:34:54,401 [INFO] Capturing request: https://cdn.jsdelivr.net/npm/@clappr/player@0.11.16/dist/clappr.min.js
2026-08-09 19:34:54,406 [INFO] Capturing request: https://cdn.jsdelivr.net/npm/@clappr/hlsjs-playback@1.8.3/dist/hlsjs-playback.min.js
2026-08-09 19:34:54,407 [INFO] Capturing request: https://cdn.jsdelivr.net/npm/level-selector/dist/level-selector.min.js
2026-08-09 19:34:54,426 [INFO] Capturing response: https://cdn.jsdelivr.net/npm/level-selector/dist/level-selector.min.js 200 
2026-08-09 19:34:54,448 [INFO] Capturing response: https://cdn.jsdelivr.net/npm/@clappr/player@0.11.16/dist/clappr.min.js 200 
2026-08-09 19:34:54,455 [INFO] Capturing response: https://cdn.jsdelivr.net/npm/@clappr/hlsjs-playback@1.8.3/dist/hlsjs-playback.min.js 200 
2026-08-09 19:34:54,663 [INFO] Capturing request: https://www.atomsportv512.top/favicon.ico
2026-08-09 19:34:54,705 [INFO] Capturing response: https://www.atomsportv512.top/favicon.ico 200 
2026-08-09 19:34:54,783 [INFO] Capturing request: https://teletv5.top/load/yayinlink.php?id=bein-sports-1
2026-08-09 19:34:55,193 [INFO] Capturing response: https://teletv5.top/load/yayinlink.php?id=bein-sports-1 200 
2026-08-09 19:34:55,334 [INFO] Capturing request: https://streamsport365.com/cinema
2026-08-09 19:34:55,695 [INFO] Capturing response: https://streamsport365.com/cinema 200 
2026-08-09 19:34:55,825 [INFO] Capturing request: https://www.atomsportv512.top/assets/img/player/player_logo_6a72b29dbcd89.png
2026-08-09 19:34:55,865 [INFO] Capturing response: https://www.atomsportv512.top/assets/img/player/player_logo_6a72b29dbcd89.png 200 
2026-08-09 19:34:55,892 [INFO] Capturing request: https://corestream.siteyaptim.live//bein1/tracks-v1a1/mono.m3u8
2026-08-09 19:34:56,095 [INFO] Capturing response: https://corestream.siteyaptim.live//bein1/tracks-v1a1/mono.m3u8 200 
2026-08-09 19:34:56,309 [INFO] Capturing request: https://global.siteyaptim.live/bein1/tracks-v1a1/2026/08/09/19/34/31-05200.jpg
2026-08-09 19:34:56,393 [INFO] Capturing request: https://android.clients.google.com/checkin
2026-08-09 19:34:56,502 [INFO] Capturing response: https://android.clients.google.com/checkin 200 
2026-08-09 19:34:56,551 [INFO] Capturing request: https://android.clients.google.com/c2dm/register3
2026-08-09 19:34:56,557 [INFO] Capturing request: https://android.clients.google.com/c2dm/register3
2026-08-09 19:34:56,558 [INFO] Capturing request: https://android.clients.google.com/c2dm/register3
2026-08-09 19:34:56,622 [INFO] Capturing response: https://android.clients.google.com/c2dm/register3 200 
2026-08-09 19:34:56,633 [INFO] Capturing response: https://android.clients.google.com/c2dm/register3 200 
2026-08-09 19:34:56,637 [INFO] Capturing response: https://android.clients.google.com/c2dm/register3 200 
2026-08-09 19:34:57,247 [INFO] Capturing response: https://global.siteyaptim.live/bein1/tracks-v1a1/2026/08/09/19/34/31-05200.jpg 200 
2026-08-09 19:34:57,494 [INFO] Capturing request: https://global.siteyaptim.live/bein1/tracks-v1a1/2026/08/09/19/34/36-05200.jpg
2026-08-09 19:34:57,582 [INFO]   ✅ M3U8 bulundu: https://corestream.siteyaptim.live//bein1/tracks-v1a1/mono.m3u8
2026-08-09 19:34:57,853 [INFO] Capturing response: https://global.siteyaptim.live/bein1/tracks-v1a1/2026/08/09/19/34/36-05200.jpg 200 
2026-08-09 19:34:58,047 [INFO] Capturing request: https://global.siteyaptim.live/bein1/tracks-v1a1/2026/08/09/19/34/41-05200.jpg
2026-08-09 19:34:58,391 [INFO] Capturing response: https://global.siteyaptim.live/bein1/tracks-v1a1/2026/08/09/19/34/41-05200.jpg 200 
2026-08-09 19:34:58,583 [INFO] 
[2/14]
2026-08-09 19:34:58,583 [INFO] 🔍 beIN Sports 2 → https://www.atomsportv512.top/matches?id=bein-sports-2
2026-08-09 19:34:58,619 [INFO] Capturing request: https://global.siteyaptim.live/bein1/tracks-v1a1/2026/08/09/19/34/47-05200.jpg
2026-08-09 19:34:58,698 [INFO] Capturing request: https://www.atomsportv512.top/matches?id=bein-sports-2
2026-08-09 19:34:58,970 [INFO] Capturing response: https://www.atomsportv512.top/matches?id=bein-sports-2 200 
2026-08-09 19:34:59,035 [INFO] Capturing request: https://streamsport365.com/cinema
2026-08-09 19:34:59,072 [INFO] Capturing response: https://global.siteyaptim.live/bein1/tracks-v1a1/2026/08/09/19/34/47-05200.jpg 200 
2026-08-09 19:34:59,135 [INFO] Capturing request: https://teletv5.top/load/yayinlink.php?id=bein-sports-2
2026-08-09 19:34:59,140 [INFO] Capturing request: https://www.atomsportv512.top/favicon.ico
2026-08-09 19:34:59,168 [INFO] Capturing response: https://www.atomsportv512.top/favicon.ico 200 
2026-08-09 19:34:59,348 [INFO] Capturing response: https://teletv5.top/load/yayinlink.php?id=bein-sports-2 200 
2026-08-09 19:34:59,413 [INFO] Capturing response: https://streamsport365.com/cinema 200 
2026-08-09 19:34:59,524 [INFO] Capturing request: https://www.atomsportv512.top/assets/img/player/player_logo_6a72b29dbcd89.png
2026-08-09 19:34:59,534 [INFO] Capturing request: https://corestream.siteyaptim.live//bein2/tracks-v1a1/mono.m3u8
2026-08-09 19:34:59,638 [INFO] Capturing response: https://www.atomsportv512.top/assets/img/player/player_logo_6a72b29dbcd89.png 304 
2026-08-09 19:34:59,708 [INFO] Capturing response: https://corestream.siteyaptim.live//bein2/tracks-v1a1/mono.m3u8 200 
2026-08-09 19:34:59,817 [INFO] Capturing request: https://global.siteyaptim.live/bein2/tracks-v1a1/2026/08/09/19/34/47-05000.jpg
2026-08-09 19:35:00,171 [INFO] Capturing response: https://global.siteyaptim.live/bein2/tracks-v1a1/2026/08/09/19/34/47-05000.jpg 200 
2026-08-09 19:35:00,372 [INFO] Capturing request: https://global.siteyaptim.live/bein2/tracks-v1a1/2026/08/09/19/34/52-05000.jpg
2026-08-09 19:35:00,718 [INFO] Capturing response: https://global.siteyaptim.live/bein2/tracks-v1a1/2026/08/09/19/34/52-05000.jpg 200 
2026-08-09 19:35:00,948 [INFO] Capturing request: https://global.siteyaptim.live/bein2/tracks-v1a1/2026/08/09/19/34/57-05000.jpg
2026-08-09 19:35:01,326 [INFO] Capturing response: https://global.siteyaptim.live/bein2/tracks-v1a1/2026/08/09/19/34/57-05000.jpg 200 
2026-08-09 19:35:02,051 [INFO]   ✅ M3U8 bulundu: https://corestream.siteyaptim.live//bein2/tracks-v1a1/mono.m3u8
2026-08-09 19:35:03,052 [INFO] 
[3/14]
2026-08-09 19:35:03,052 [INFO] 🔍 beIN Sports 3 → https://www.atomsportv512.top/matches?id=bein-sports-3
2026-08-09 19:35:03,162 [INFO] Capturing request: https://www.atomsportv512.top/matches?id=bein-sports-3
2026-08-09 19:35:04,029 [INFO] Capturing response: https://www.atomsportv512.top/matches?id=bein-sports-3 200 
2026-08-09 19:35:04,166 [INFO] Capturing request: https://teletv5.top/load/yayinlink.php?id=bein-sports-3
2026-08-09 19:35:04,172 [INFO] Capturing request: https://www.atomsportv512.top/favicon.ico
2026-08-09 19:35:04,200 [INFO] Capturing response: https://www.atomsportv512.top/favicon.ico 200 
2026-08-09 19:35:04,330 [INFO] Capturing request: https://streamsport365.com/cinema
2026-08-09 19:35:04,378 [INFO] Capturing response: https://teletv5.top/load/yayinlink.php?id=bein-sports-3 200 
2026-08-09 19:35:04,699 [INFO] Capturing response: https://streamsport365.com/cinema 200 
2026-08-09 19:35:04,810 [INFO] Capturing request: https://www.atomsportv512.top/assets/img/player/player_logo_6a72b29dbcd89.png
2026-08-09 19:35:04,819 [INFO] Capturing request: https://corestream.siteyaptim.live//bein3/tracks-v1a1/mono.m3u8
2026-08-09 19:35:04,926 [INFO] Capturing response: https://www.atomsportv512.top/assets/img/player/player_logo_6a72b29dbcd89.png 304 
2026-08-09 19:35:04,996 [INFO] Capturing response: https://corestream.siteyaptim.live//bein3/tracks-v1a1/mono.m3u8 200 
2026-08-09 19:35:05,106 [INFO] Capturing request: https://global.siteyaptim.live/bein3/tracks-v1a1/2026/08/09/19/34/48-05000.jpg
2026-08-09 19:35:05,402 [INFO] Capturing response: https://global.siteyaptim.live/bein3/tracks-v1a1/2026/08/09/19/34/48-05000.jpg 200 
2026-08-09 19:35:05,610 [INFO] Capturing request: https://global.siteyaptim.live/bein3/tracks-v1a1/2026/08/09/19/34/53-05000.jpg
2026-08-09 19:35:05,988 [INFO] Capturing response: https://global.siteyaptim.live/bein3/tracks-v1a1/2026/08/09/19/34/53-05000.jpg 200 
2026-08-09 19:35:06,212 [INFO] Capturing request: https://global.siteyaptim.live/bein3/tracks-v1a1/2026/08/09/19/34/58-05000.jpg
2026-08-09 19:35:06,617 [INFO] Capturing response: https://global.siteyaptim.live/bein3/tracks-v1a1/2026/08/09/19/34/58-05000.jpg 200 
2026-08-09 19:35:07,107 [INFO]   ✅ M3U8 bulundu: https://corestream.siteyaptim.live//bein3/tracks-v1a1/mono.m3u8
2026-08-09 19:35:08,107 [INFO] 
[4/14]
2026-08-09 19:35:08,107 [INFO] 🔍 beIN Sports 4 → https://www.atomsportv512.top/matches?id=bein-sports-4
2026-08-09 19:35:08,217 [INFO] Capturing request: https://www.atomsportv512.top/matches?id=bein-sports-4
2026-08-09 19:35:08,468 [INFO] Capturing response: https://www.atomsportv512.top/matches?id=bein-sports-4 200 
2026-08-09 19:35:08,500 [INFO] Capturing request: https://streamsport365.com/cinema
2026-08-09 19:35:08,600 [INFO] Capturing request: https://teletv5.top/load/yayinlink.php?id=bein-sports-4
2026-08-09 19:35:08,602 [INFO] Capturing request: https://www.atomsportv512.top/favicon.ico
2026-08-09 19:35:08,628 [INFO] Capturing response: https://www.atomsportv512.top/favicon.ico 200 
2026-08-09 19:35:08,815 [INFO] Capturing response: https://teletv5.top/load/yayinlink.php?id=bein-sports-4 200 
2026-08-09 19:35:08,889 [INFO] Capturing response: https://streamsport365.com/cinema 200 
2026-08-09 19:35:09,000 [INFO] Capturing request: https://www.atomsportv512.top/assets/img/player/player_logo_6a72b29dbcd89.png
2026-08-09 19:35:09,010 [INFO] Capturing request: https://corestream.siteyaptim.live//bein4/tracks-v1a1/mono.m3u8
2026-08-09 19:35:09,114 [INFO] Capturing response: https://www.atomsportv512.top/assets/img/player/player_logo_6a72b29dbcd89.png 304 
2026-08-09 19:35:09,186 [INFO] Capturing response: https://corestream.siteyaptim.live//bein4/tracks-v1a1/mono.m3u8 200 
2026-08-09 19:35:09,336 [INFO] Capturing request: https://global.siteyaptim.live/bein4/tracks-v1a1/2026/08/09/19/34/46-08160.jpg
2026-08-09 19:35:09,756 [INFO] Capturing response: https://global.siteyaptim.live/bein4/tracks-v1a1/2026/08/09/19/34/46-08160.jpg 200 
2026-08-09 19:35:09,987 [INFO] Capturing request: https://global.siteyaptim.live/bein4/tracks-v1a1/2026/08/09/19/34/54-05000.jpg
2026-08-09 19:35:10,324 [INFO] Capturing response: https://global.siteyaptim.live/bein4/tracks-v1a1/2026/08/09/19/34/54-05000.jpg 200 
2026-08-09 19:35:10,548 [INFO] Capturing request: https://global.siteyaptim.live/bein4/tracks-v1a1/2026/08/09/19/34/59-05000.jpg
2026-08-09 19:35:10,877 [INFO] Capturing response: https://global.siteyaptim.live/bein4/tracks-v1a1/2026/08/09/19/34/59-05000.jpg 200 
2026-08-09 19:35:11,088 [INFO] Capturing request: https://global.siteyaptim.live/bein4/tracks-v1a1/2026/08/09/19/35/04-05740.jpg
2026-08-09 19:35:11,444 [INFO] Capturing response: https://global.siteyaptim.live/bein4/tracks-v1a1/2026/08/09/19/35/04-05740.jpg 200 
2026-08-09 19:35:11,524 [INFO]   ✅ M3U8 bulundu: https://corestream.siteyaptim.live//bein4/tracks-v1a1/mono.m3u8
2026-08-09 19:35:12,525 [INFO] 
[5/14]
2026-08-09 19:35:12,525 [INFO] 🔍 beIN Sports 5 → https://www.atomsportv512.top/matches?id=bein-sports-5
2026-08-09 19:35:12,636 [INFO] Capturing request: https://www.atomsportv512.top/matches?id=bein-sports-5
2026-08-09 19:35:12,887 [INFO] Capturing response: https://www.atomsportv512.top/matches?id=bein-sports-5 200 
2026-08-09 19:35:13,020 [INFO] Capturing request: https://www.atomsportv512.top/favicon.ico
2026-08-09 19:35:13,020 [INFO] Capturing request: https://teletv5.top/load/yayinlink.php?id=bein-sports-5
2026-08-09 19:35:13,048 [INFO] Capturing response: https://www.atomsportv512.top/favicon.ico 200 
2026-08-09 19:35:13,175 [INFO] Capturing request: https://streamsport365.com/cinema
2026-08-09 19:35:13,233 [INFO] Capturing response: https://teletv5.top/load/yayinlink.php?id=bein-sports-5 200 
2026-08-09 19:35:13,542 [INFO] Capturing response: https://streamsport365.com/cinema 200 
2026-08-09 19:35:13,653 [INFO] Capturing request: https://www.atomsportv512.top/assets/img/player/player_logo_6a72b29dbcd89.png
2026-08-09 19:35:13,663 [INFO] Capturing request: https://corestream.siteyaptim.live//bein5/tracks-v1a1/mono.m3u8
2026-08-09 19:35:13,767 [INFO] Capturing response: https://www.atomsportv512.top/assets/img/player/player_logo_6a72b29dbcd89.png 304 
2026-08-09 19:35:13,848 [INFO] Capturing response: https://corestream.siteyaptim.live//bein5/tracks-v1a1/mono.m3u8 200 
2026-08-09 19:35:13,958 [INFO] Capturing request: https://global.siteyaptim.live/bein5/tracks-v1a1/2026/08/09/19/36/27-02821.jpg
2026-08-09 19:35:15,319 [INFO] Capturing response: https://global.siteyaptim.live/bein5/tracks-v1a1/2026/08/09/19/36/27-02821.jpg 200 
2026-08-09 19:35:15,582 [INFO] Capturing request: https://global.siteyaptim.live/bein5/tracks-v1a1/2026/08/09/19/36/30-06940.jpg
2026-08-09 19:35:15,947 [INFO]   ✅ M3U8 bulundu: https://corestream.siteyaptim.live//bein5/tracks-v1a1/mono.m3u8
2026-08-09 19:35:16,309 [INFO] Capturing response: https://global.siteyaptim.live/bein5/tracks-v1a1/2026/08/09/19/36/30-06940.jpg 200 
2026-08-09 19:35:16,662 [INFO] Capturing request: https://global.siteyaptim.live/bein5/tracks-v1a1/2026/08/09/19/36/37-05700.jpg
2026-08-09 19:35:16,949 [INFO] 
[6/14]
2026-08-09 19:35:16,950 [INFO] 🔍 beIN Sports Max 1 → https://www.atomsportv512.top/matches?id=bein-sports-max-1
2026-08-09 19:35:17,066 [INFO] Capturing request: https://www.atomsportv512.top/matches?id=bein-sports-max-1
2026-08-09 19:35:17,323 [INFO] Capturing response: https://www.atomsportv512.top/matches?id=bein-sports-max-1 200 
2026-08-09 19:35:17,374 [INFO] Capturing request: https://streamsport365.com/cinema
2026-08-09 19:35:17,402 [INFO] Capturing response: https://global.siteyaptim.live/bein5/tracks-v1a1/2026/08/09/19/36/37-05700.jpg 200 
2026-08-09 19:35:17,463 [INFO] Capturing request: https://teletv5.top/load/yayinlink.php?id=bein-sports-max-1
2026-08-09 19:35:17,471 [INFO] Capturing request: https://www.atomsportv512.top/favicon.ico
2026-08-09 19:35:17,501 [INFO] Capturing response: https://www.atomsportv512.top/favicon.ico 200 
2026-08-09 19:35:17,752 [INFO] Capturing response: https://streamsport365.com/cinema 200 
2026-08-09 19:35:18,101 [INFO] Capturing response: https://teletv5.top/load/yayinlink.php?id=bein-sports-max-1 200 
2026-08-09 19:35:18,164 [INFO] Capturing request: https://android.clients.google.com/c2dm/register3
2026-08-09 19:35:18,252 [INFO] Capturing request: https://www.atomsportv512.top/assets/img/player/player_logo_6a72b29dbcd89.png
2026-08-09 19:35:18,264 [INFO] Capturing request: https://corestream.siteyaptim.live//beinmax1/tracks-v1a1/mono.m3u8
2026-08-09 19:35:18,366 [INFO] Capturing response: https://www.atomsportv512.top/assets/img/player/player_logo_6a72b29dbcd89.png 304 
2026-08-09 19:35:18,444 [INFO] Capturing response: https://corestream.siteyaptim.live//beinmax1/tracks-v1a1/mono.m3u8 200 
2026-08-09 19:35:18,594 [INFO] Capturing request: https://global.siteyaptim.live/beinmax1/tracks-v1a1/2026/08/09/19/35/07-05000.jpg
2026-08-09 19:35:18,830 [INFO] Capturing response: https://android.clients.google.com/c2dm/register3 200 
2026-08-09 19:35:19,425 [INFO] Capturing response: https://global.siteyaptim.live/beinmax1/tracks-v1a1/2026/08/09/19/35/07-05000.jpg 200 
2026-08-09 19:35:19,685 [INFO] Capturing request: https://global.siteyaptim.live/beinmax1/tracks-v1a1/2026/08/09/19/35/12-05000.jpg
2026-08-09 19:35:20,088 [INFO] Capturing response: https://global.siteyaptim.live/beinmax1/tracks-v1a1/2026/08/09/19/35/12-05000.jpg 200 
2026-08-09 19:35:20,333 [INFO] Capturing request: https://global.siteyaptim.live/beinmax1/tracks-v1a1/2026/08/09/19/35/17-05000.jpg
2026-08-09 19:35:20,337 [INFO] Capturing request: https://android.clients.google.com/c2dm/register3
2026-08-09 19:35:20,381 [INFO]   ✅ M3U8 bulundu: https://corestream.siteyaptim.live//beinmax1/tracks-v1a1/mono.m3u8
2026-08-09 19:35:20,736 [INFO] Capturing response: https://android.clients.google.com/c2dm/register3 200 
2026-08-09 19:35:21,351 [INFO] Capturing response: https://global.siteyaptim.live/beinmax1/tracks-v1a1/2026/08/09/19/35/17-05000.jpg 200 
2026-08-09 19:35:21,382 [INFO] 
[7/14]
2026-08-09 19:35:21,382 [INFO] 🔍 beIN Sports Max 2 → https://www.atomsportv512.top/matches?id=bein-sports-max-2
2026-08-09 19:35:21,509 [INFO] Capturing request: https://www.atomsportv512.top/matches?id=bein-sports-max-2
2026-08-09 19:35:21,761 [INFO] Capturing response: https://www.atomsportv512.top/matches?id=bein-sports-max-2 200 
2026-08-09 19:35:21,799 [INFO] Capturing request: https://android.clients.google.com/c2dm/register3
2026-08-09 19:35:21,875 [INFO] Capturing response: https://android.clients.google.com/c2dm/register3 301 
2026-08-09 19:35:21,900 [INFO] Capturing request: https://teletv5.top/load/yayinlink.php?id=bein-sports-max-2
2026-08-09 19:35:21,902 [INFO] Capturing request: https://www.atomsportv512.top/favicon.ico
2026-08-09 19:35:21,929 [INFO] Capturing response: https://www.atomsportv512.top/favicon.ico 200 
2026-08-09 19:35:22,060 [INFO] Capturing request: https://streamsport365.com/cinema
2026-08-09 19:35:22,112 [INFO] Capturing response: https://teletv5.top/load/yayinlink.php?id=bein-sports-max-2 200 
2026-08-09 19:35:22,435 [INFO] Capturing response: https://streamsport365.com/cinema 200 
2026-08-09 19:35:22,545 [INFO] Capturing request: https://www.atomsportv512.top/assets/img/player/player_logo_6a72b29dbcd89.png
2026-08-09 19:35:22,554 [INFO] Capturing request: https://corestream.siteyaptim.live//hls/s-sport.m3u8
2026-08-09 19:35:22,661 [INFO] Capturing response: https://www.atomsportv512.top/assets/img/player/player_logo_6a72b29dbcd89.png 304 
2026-08-09 19:35:22,745 [INFO] Capturing response: https://corestream.siteyaptim.live//hls/s-sport.m3u8 404 
2026-08-09 19:35:24,809 [INFO]   ✅ M3U8 bulundu: https://corestream.siteyaptim.live//hls/s-sport.m3u8
2026-08-09 19:35:24,870 [INFO] Capturing request: https://corestream.siteyaptim.live//hls/s-sport.m3u8
2026-08-09 19:35:25,050 [INFO] Capturing response: https://corestream.siteyaptim.live//hls/s-sport.m3u8 404 
2026-08-09 19:35:25,809 [INFO] 
[8/14]
2026-08-09 19:35:25,809 [INFO] 🔍 S Sport → https://www.atomsportv512.top/matches?id=s-sport
2026-08-09 19:35:25,918 [INFO] Capturing request: https://www.atomsportv512.top/matches?id=s-sport
2026-08-09 19:35:26,355 [INFO] Capturing response: https://www.atomsportv512.top/matches?id=s-sport 200 
2026-08-09 19:35:26,391 [INFO] Capturing request: https://streamsport365.com/cinema
2026-08-09 19:35:26,490 [INFO] Capturing request: https://teletv5.top/load/yayinlink.php?id=s-sport
2026-08-09 19:35:26,491 [INFO] Capturing request: https://www.atomsportv512.top/favicon.ico
2026-08-09 19:35:26,515 [INFO] Capturing response: https://www.atomsportv512.top/favicon.ico 200 
2026-08-09 19:35:26,706 [INFO] Capturing response: https://teletv5.top/load/yayinlink.php?id=s-sport 200 
2026-08-09 19:35:26,770 [INFO] Capturing response: https://streamsport365.com/cinema 200 
2026-08-09 19:35:26,881 [INFO] Capturing request: https://www.atomsportv512.top/assets/img/player/player_logo_6a72b29dbcd89.png
2026-08-09 19:35:26,891 [INFO] Capturing request: https://corestream.siteyaptim.live//s-sport/tracks-v1a1/mono.m3u8
2026-08-09 19:35:26,995 [INFO] Capturing response: https://www.atomsportv512.top/assets/img/player/player_logo_6a72b29dbcd89.png 304 
2026-08-09 19:35:27,077 [INFO] Capturing response: https://corestream.siteyaptim.live//s-sport/tracks-v1a1/mono.m3u8 200 
2026-08-09 19:35:27,188 [INFO] Capturing request: https://global.siteyaptim.live/s-sport/tracks-v1a1/2026/08/09/19/35/47-06000.jpg
2026-08-09 19:35:27,670 [INFO] Capturing response: https://global.siteyaptim.live/s-sport/tracks-v1a1/2026/08/09/19/35/47-06000.jpg 200 
2026-08-09 19:35:27,948 [INFO] Capturing request: https://global.siteyaptim.live/s-sport/tracks-v1a1/2026/08/09/19/35/53-06000.jpg
2026-08-09 19:35:28,296 [INFO] Capturing response: https://global.siteyaptim.live/s-sport/tracks-v1a1/2026/08/09/19/35/53-06000.jpg 200 
2026-08-09 19:35:28,534 [INFO] Capturing request: https://global.siteyaptim.live/s-sport/tracks-v1a1/2026/08/09/19/35/59-06000.jpg
2026-08-09 19:35:29,157 [INFO] Capturing response: https://global.siteyaptim.live/s-sport/tracks-v1a1/2026/08/09/19/35/59-06000.jpg 200 
2026-08-09 19:35:29,407 [INFO]   ✅ M3U8 bulundu: https://corestream.siteyaptim.live//s-sport/tracks-v1a1/mono.m3u8
2026-08-09 19:35:30,407 [INFO] 
[9/14]
2026-08-09 19:35:30,407 [INFO] 🔍 S Sport 2 → https://www.atomsportv512.top/matches?id=s-sport-2
2026-08-09 19:35:30,522 [INFO] Capturing request: https://www.atomsportv512.top/matches?id=s-sport-2
2026-08-09 19:35:30,776 [INFO] Capturing response: https://www.atomsportv512.top/matches?id=s-sport-2 200 
2026-08-09 19:35:30,907 [INFO] Capturing request: https://teletv5.top/load/yayinlink.php?id=s-sport-2
2026-08-09 19:35:30,909 [INFO] Capturing request: https://www.atomsportv512.top/favicon.ico
2026-08-09 19:35:30,934 [INFO] Capturing response: https://www.atomsportv512.top/favicon.ico 200 
2026-08-09 19:35:31,071 [INFO] Capturing request: https://streamsport365.com/cinema
2026-08-09 19:35:31,122 [INFO] Capturing response: https://teletv5.top/load/yayinlink.php?id=s-sport-2 200 
2026-08-09 19:35:31,447 [INFO] Capturing response: https://streamsport365.com/cinema 200 
2026-08-09 19:35:31,558 [INFO] Capturing request: https://www.atomsportv512.top/assets/img/player/player_logo_6a72b29dbcd89.png
2026-08-09 19:35:31,568 [INFO] Capturing request: https://corestream.siteyaptim.live//s-sport2/tracks-v1a1/mono.m3u8
2026-08-09 19:35:31,672 [INFO] Capturing response: https://www.atomsportv512.top/assets/img/player/player_logo_6a72b29dbcd89.png 304 
2026-08-09 19:35:31,750 [INFO] Capturing response: https://corestream.siteyaptim.live//s-sport2/tracks-v1a1/mono.m3u8 200 
2026-08-09 19:35:31,859 [INFO] Capturing request: https://global.siteyaptim.live/s-sport2/tracks-v1a1/2026/08/09/19/37/03-05000.jpg
2026-08-09 19:35:32,370 [INFO] Capturing response: https://global.siteyaptim.live/s-sport2/tracks-v1a1/2026/08/09/19/37/03-05000.jpg 200 
2026-08-09 19:35:32,599 [INFO] Capturing request: https://global.siteyaptim.live/s-sport2/tracks-v1a1/2026/08/09/19/37/08-05000.jpg
2026-08-09 19:35:33,716 [INFO] Capturing response: https://global.siteyaptim.live/s-sport2/tracks-v1a1/2026/08/09/19/37/08-05000.jpg 200 
2026-08-09 19:35:33,826 [INFO]   ✅ M3U8 bulundu: https://corestream.siteyaptim.live//s-sport2/tracks-v1a1/mono.m3u8
2026-08-09 19:35:33,974 [INFO] Capturing request: https://global.siteyaptim.live/s-sport2/tracks-v1a1/2026/08/09/19/37/13-05000.jpg
2026-08-09 19:35:34,826 [INFO] 
[10/14]
2026-08-09 19:35:34,827 [INFO] 🔍 A Spor → https://www.atomsportv512.top/matches?id=a-spor
2026-08-09 19:35:34,943 [INFO] Capturing request: https://www.atomsportv512.top/matches?id=a-spor
2026-08-09 19:35:34,992 [INFO] Capturing response: https://global.siteyaptim.live/s-sport2/tracks-v1a1/2026/08/09/19/37/13-05000.jpg 200 
2026-08-09 19:35:35,196 [INFO] Capturing response: https://www.atomsportv512.top/matches?id=a-spor 200 
2026-08-09 19:35:35,232 [INFO] Capturing request: https://streamsport365.com/cinema
2026-08-09 19:35:35,333 [INFO] Capturing request: https://teletv5.top/load/yayinlink.php?id=a-spor
2026-08-09 19:35:35,336 [INFO] Capturing request: https://www.atomsportv512.top/favicon.ico
2026-08-09 19:35:35,360 [INFO] Capturing response: https://www.atomsportv512.top/favicon.ico 200 
2026-08-09 19:35:35,549 [INFO] Capturing response: https://teletv5.top/load/yayinlink.php?id=a-spor 200 
2026-08-09 19:35:35,611 [INFO] Capturing response: https://streamsport365.com/cinema 200 
2026-08-09 19:35:35,722 [INFO] Capturing request: https://www.atomsportv512.top/assets/img/player/player_logo_6a72b29dbcd89.png
2026-08-09 19:35:35,732 [INFO] Capturing request: https://corestream.siteyaptim.live//aspor/tracks-v1a1/mono.m3u8
2026-08-09 19:35:35,837 [INFO] Capturing response: https://www.atomsportv512.top/assets/img/player/player_logo_6a72b29dbcd89.png 304 
2026-08-09 19:35:35,918 [INFO] Capturing response: https://corestream.siteyaptim.live//aspor/tracks-v1a1/mono.m3u8 200 
2026-08-09 19:35:36,068 [INFO] Capturing request: https://global.siteyaptim.live/aspor/tracks-v1a1/2026/08/09/19/35/44-10000.jpg
2026-08-09 19:35:36,645 [INFO] Capturing response: https://global.siteyaptim.live/aspor/tracks-v1a1/2026/08/09/19/35/44-10000.jpg 200 
2026-08-09 19:35:36,965 [INFO] Capturing request: https://global.siteyaptim.live/aspor/tracks-v1a1/2026/08/09/19/35/54-10000.jpg
2026-08-09 19:35:37,612 [INFO] Capturing response: https://global.siteyaptim.live/aspor/tracks-v1a1/2026/08/09/19/35/54-10000.jpg 200 
2026-08-09 19:35:37,949 [INFO] Capturing request: https://global.siteyaptim.live/aspor/tracks-v1a1/2026/08/09/19/36/04-10000.jpg
2026-08-09 19:35:38,282 [INFO]   ✅ M3U8 bulundu: https://corestream.siteyaptim.live//aspor/tracks-v1a1/mono.m3u8
2026-08-09 19:35:38,574 [INFO] Capturing response: https://global.siteyaptim.live/aspor/tracks-v1a1/2026/08/09/19/36/04-10000.jpg 200 
2026-08-09 19:35:39,282 [INFO] 
[11/14]
2026-08-09 19:35:39,282 [INFO] 🔍 Tivibu Spor 1 → https://www.atomsportv512.top/matches?id=tivibu-spor-1
2026-08-09 19:35:39,394 [INFO] Capturing request: https://www.atomsportv512.top/matches?id=tivibu-spor-1
2026-08-09 19:35:39,645 [INFO] Capturing response: https://www.atomsportv512.top/matches?id=tivibu-spor-1 200 
2026-08-09 19:35:39,779 [INFO] Capturing request: https://teletv5.top/load/yayinlink.php?id=tivibu-spor-1
2026-08-09 19:35:39,781 [INFO] Capturing request: https://www.atomsportv512.top/favicon.ico
2026-08-09 19:35:39,805 [INFO] Capturing response: https://www.atomsportv512.top/favicon.ico 200 
2026-08-09 19:35:39,940 [INFO] Capturing request: https://streamsport365.com/cinema
2026-08-09 19:35:40,291 [INFO] Capturing response: https://teletv5.top/load/yayinlink.php?id=tivibu-spor-1 200 
2026-08-09 19:35:40,313 [INFO] Capturing response: https://streamsport365.com/cinema 200 
2026-08-09 19:35:53,161 [INFO] Capturing request: https://update.googleapis.com/service/update2/json?cup2key=16:dAHJYGke1b2NWdSL8TefSXUcBbqkIq5jcL-3DqkEn9o&cup2hreq=26eac8e062e77ed7d8aa72455506580071cac26b6f994d287aadb99e664054a1
2026-08-09 19:35:53,196 [INFO] Capturing response: https://update.googleapis.com/service/update2/json?cup2key=16:dAHJYGke1b2NWdSL8TefSXUcBbqkIq5jcL-3DqkEn9o&cup2hreq=26eac8e062e77ed7d8aa72455506580071cac26b6f994d287aadb99e664054a1 200 
2026-08-09 19:35:53,203 [INFO] Capturing request: http://edgedl.me.gvt1.com/edgedl/diffgen-puffin/gcmjkmgdlgnkkcocmoeiminaijmmjnii/6ca5bdb9f3e2cd83b7e359729bc6c33c4fe975ec499861d969b3e080320849ff
2026-08-09 19:35:53,216 [INFO] Capturing response: http://edgedl.me.gvt1.com/edgedl/diffgen-puffin/gcmjkmgdlgnkkcocmoeiminaijmmjnii/6ca5bdb9f3e2cd83b7e359729bc6c33c4fe975ec499861d969b3e080320849ff 200 OK
2026-08-09 19:35:53,244 [INFO] Capturing request: https://update.googleapis.com/service/update2/json
2026-08-09 19:35:53,273 [INFO] Capturing response: https://update.googleapis.com/service/update2/json 200 
2026-08-09 19:35:53,318 [INFO] Capturing request: http://edgedl.me.gvt1.com/edgedl/release2/chrome_component/acz5l6nb2g7cwdypgleggzjoavza_10705/hfnkpimlhhgieaddgfemjhofmfblmnib_10705_all_ad5qxc7yxetqnh34sfgonyuhxeiq.crx3
2026-08-09 19:35:53,336 [INFO] Capturing response: http://edgedl.me.gvt1.com/edgedl/release2/chrome_component/acz5l6nb2g7cwdypgleggzjoavza_10705/hfnkpimlhhgieaddgfemjhofmfblmnib_10705_all_ad5qxc7yxetqnh34sfgonyuhxeiq.crx3 200 OK
2026-08-09 19:35:53,368 [INFO] Capturing request: https://update.googleapis.com/service/update2/json
2026-08-09 19:35:53,397 [INFO] Capturing response: https://update.googleapis.com/service/update2/json 200 
2026-08-09 19:36:10,085 [INFO] Capturing request: https://android.clients.google.com/c2dm/register3
2026-08-09 19:36:10,160 [INFO] Capturing response: https://android.clients.google.com/c2dm/register3 301 
2026-08-09 19:36:12,975 [WARNING]   ❌ Tivibu Spor 1 için M3U8 bulunamadı
2026-08-09 19:36:13,975 [INFO] 
[12/14]
2026-08-09 19:36:13,976 [INFO] 🔍 Tivibu Spor 2 → https://www.atomsportv512.top/matches?id=tivibu-spor-2
2026-08-09 19:36:14,118 [INFO] Capturing request: https://www.atomsportv512.top/matches?id=tivibu-spor-2
2026-08-09 19:36:14,704 [INFO] Capturing response: https://www.atomsportv512.top/matches?id=tivibu-spor-2 200 
2026-08-09 19:36:14,871 [INFO] Capturing request: https://www.atomsportv512.top/favicon.ico
2026-08-09 19:36:14,905 [INFO] Capturing response: https://www.atomsportv512.top/favicon.ico 200 
2026-08-09 19:36:14,907 [INFO] Capturing request: https://teletv5.top/load/yayinlink.php?id=tivibu-spor-2
2026-08-09 19:36:15,318 [INFO] Capturing response: https://teletv5.top/load/yayinlink.php?id=tivibu-spor-2 200 
2026-08-09 19:36:15,476 [INFO] Capturing request: https://streamsport365.com/cinema
2026-08-09 19:36:15,850 [INFO] Capturing response: https://streamsport365.com/cinema 200 
2026-08-09 19:36:48,019 [WARNING]   ❌ Tivibu Spor 2 için M3U8 bulunamadı
2026-08-09 19:36:49,019 [INFO] 
[13/14]
2026-08-09 19:36:49,019 [INFO] 🔍 Tivibu Spor 3 → https://www.atomsportv512.top/matches?id=tivibu-spor-3
2026-08-09 19:36:49,127 [INFO] Capturing request: https://www.atomsportv512.top/matches?id=tivibu-spor-3
2026-08-09 19:36:49,570 [INFO] Capturing response: https://www.atomsportv512.top/matches?id=tivibu-spor-3 200 
2026-08-09 19:36:49,709 [INFO] Capturing request: https://teletv5.top/load/yayinlink.php?id=tivibu-spor-3
2026-08-09 19:36:49,710 [INFO] Capturing request: https://www.atomsportv512.top/favicon.ico
2026-08-09 19:36:49,726 [INFO] Capturing response: https://teletv5.top/load/yayinlink.php?id=tivibu-spor-3 200 
2026-08-09 19:36:49,740 [INFO] Capturing response: https://www.atomsportv512.top/favicon.ico 200 
2026-08-09 19:36:49,869 [INFO] Capturing request: https://streamsport365.com/cinema
2026-08-09 19:36:50,252 [INFO] Capturing response: https://streamsport365.com/cinema 200 
2026-08-09 19:37:22,854 [WARNING]   ❌ Tivibu Spor 3 için M3U8 bulunamadı
2026-08-09 19:37:23,855 [INFO] 
[14/14]
2026-08-09 19:37:23,855 [INFO] 🔍 Tivibu Spor 4 → https://www.atomsportv512.top/matches?id=tivibu-spor-4
2026-08-09 19:37:23,964 [INFO] Capturing request: https://www.atomsportv512.top/matches?id=tivibu-spor-4
2026-08-09 19:37:24,405 [INFO] Capturing response: https://www.atomsportv512.top/matches?id=tivibu-spor-4 200 
2026-08-09 19:37:24,541 [INFO] Capturing request: https://teletv5.top/load/yayinlink.php?id=tivibu-spor-4
2026-08-09 19:37:24,543 [INFO] Capturing request: https://www.atomsportv512.top/favicon.ico
2026-08-09 19:37:24,572 [INFO] Capturing response: https://www.atomsportv512.top/favicon.ico 200 
2026-08-09 19:37:24,702 [INFO] Capturing request: https://streamsport365.com/cinema
2026-08-09 19:37:24,754 [INFO] Capturing response: https://teletv5.top/load/yayinlink.php?id=tivibu-spor-4 200 
2026-08-09 19:37:25,078 [INFO] Capturing response: https://streamsport365.com/cinema 200 
2026-08-09 19:37:56,491 [INFO] Capturing request: https://android.clients.google.com/c2dm/register3
2026-08-09 19:37:56,573 [INFO] Capturing response: https://android.clients.google.com/c2dm/register3 301 
2026-08-09 19:37:57,692 [WARNING]   ❌ Tivibu Spor 4 için M3U8 bulunamadı
2026-08-09 19:37:58,755 [INFO] ✅ 10 kanal bulundu, playlist.m3u kaydedildi
