2026-08-29 08:17:07,635 [INFO] 🌐 BASE_URL: https://www.atomsportv513.top
2026-08-29 08:17:08,718 [INFO] Başlanıyor... 14 kanal taranacak
2026-08-29 08:17:08,719 [INFO] Using default request storage
2026-08-29 08:17:08,723 [INFO] Created proxy listening on 127.0.0.1:43279
2026-08-29 08:17:09,388 [INFO] Capturing request: http://clients2.google.com/time/1/current?cup2key=10:d8FzHtWZdx9AHV3-SOLAKUQ3Rvt3dS4TPqVXQppQTvA&cup2hreq=e3b0c44298fc1c149afbf4c8996fb92427ae41e4649b934ca495991b7852b855
2026-08-29 08:17:09,423 [INFO] Capturing response: http://clients2.google.com/time/1/current?cup2key=10:d8FzHtWZdx9AHV3-SOLAKUQ3Rvt3dS4TPqVXQppQTvA&cup2hreq=e3b0c44298fc1c149afbf4c8996fb92427ae41e4649b934ca495991b7852b855 200 OK
2026-08-29 08:17:09,722 [INFO] 
[1/14]
2026-08-29 08:17:09,722 [INFO] 🔍 beIN Sports 1 → https://www.atomsportv513.top/matches?id=bein-sports-1
2026-08-29 08:17:09,797 [INFO] Capturing request: https://update.googleapis.com/service/update2/json?cup2key=16:HR-Gz1OK8tpDrgfrPFqyRT3TKppLnTbFNYdZLULn3y0&cup2hreq=2f545362dbd4217817f2a3c4623ea3d0e429cb48c21042ce7c540525b691b56c
2026-08-29 08:17:09,804 [INFO] Capturing request: https://accounts.google.com/ListAccounts?gpsia=1&source=ChromiumBrowser&json=standard&laf=b64bin
2026-08-29 08:17:09,843 [INFO] Capturing response: https://update.googleapis.com/service/update2/json?cup2key=16:HR-Gz1OK8tpDrgfrPFqyRT3TKppLnTbFNYdZLULn3y0&cup2hreq=2f545362dbd4217817f2a3c4623ea3d0e429cb48c21042ce7c540525b691b56c 200 
2026-08-29 08:17:09,854 [INFO] Capturing response: https://accounts.google.com/ListAccounts?gpsia=1&source=ChromiumBrowser&json=standard&laf=b64bin 200 
2026-08-29 08:17:09,891 [INFO] Capturing request: https://www.google.com/async/folae?async=_fmt:pb&udm=50&client_locale=en-US&client_country=ZZ
2026-08-29 08:17:09,893 [INFO] Capturing request: https://update.googleapis.com/service/update2/json?cup2key=16:LsjpGwEYuQxVYj0RlivBp0EpxIYzgNKKURmRJMOxY-8&cup2hreq=2f7aee870d43c9b9b06aa3cbd39942f7f365b47af09f96197b859a18a31f46d2
2026-08-29 08:17:09,911 [INFO] Capturing response: https://www.google.com/async/folae?async=_fmt:pb&udm=50&client_locale=en-US&client_country=ZZ 200 
2026-08-29 08:17:09,918 [INFO] Capturing response: https://update.googleapis.com/service/update2/json?cup2key=16:LsjpGwEYuQxVYj0RlivBp0EpxIYzgNKKURmRJMOxY-8&cup2hreq=2f7aee870d43c9b9b06aa3cbd39942f7f365b47af09f96197b859a18a31f46d2 200 
2026-08-29 08:17:09,952 [INFO] Capturing request: https://www.atomsportv513.top/matches?id=bein-sports-1
2026-08-29 08:17:09,964 [INFO] Capturing request: https://update.googleapis.com/service/update2/json?cup2key=16:u60vTNZtq0jXy6Q5flt0wEfYs04iVVNvODNkRkdXB0A&cup2hreq=46fd7c3626e2aa66322d400f2734953a9ae6b854be9fc743d9744da1b44fe166
2026-08-29 08:17:09,990 [INFO] Capturing response: https://update.googleapis.com/service/update2/json?cup2key=16:u60vTNZtq0jXy6Q5flt0wEfYs04iVVNvODNkRkdXB0A&cup2hreq=46fd7c3626e2aa66322d400f2734953a9ae6b854be9fc743d9744da1b44fe166 200 
2026-08-29 08:17:10,100 [INFO] Capturing request: https://www.google.com/async/folae?async=_fmt:pb&udm=50&client_locale=en-US&client_country=ZZ
2026-08-29 08:17:10,123 [INFO] Capturing response: https://www.google.com/async/folae?async=_fmt:pb&udm=50&client_locale=en-US&client_country=ZZ 200 
2026-08-29 08:17:10,471 [INFO] Capturing response: https://www.atomsportv513.top/matches?id=bein-sports-1 200 
2026-08-29 08:17:10,678 [INFO] Capturing request: https://cdn.jsdelivr.net/npm/@clappr/player@0.11.16/dist/clappr.min.js
2026-08-29 08:17:10,681 [INFO] Capturing request: https://cdn.jsdelivr.net/npm/level-selector/dist/level-selector.min.js
2026-08-29 08:17:10,682 [INFO] Capturing request: https://cdn.jsdelivr.net/npm/@clappr/hlsjs-playback@1.8.3/dist/hlsjs-playback.min.js
2026-08-29 08:17:10,720 [INFO] Capturing response: https://cdn.jsdelivr.net/npm/@clappr/player@0.11.16/dist/clappr.min.js 200 
2026-08-29 08:17:10,729 [INFO] Capturing response: https://cdn.jsdelivr.net/npm/@clappr/hlsjs-playback@1.8.3/dist/hlsjs-playback.min.js 200 
2026-08-29 08:17:10,802 [INFO] Capturing response: https://cdn.jsdelivr.net/npm/level-selector/dist/level-selector.min.js 200 
2026-08-29 08:17:10,942 [INFO] Capturing request: https://www.atomsportv513.top/favicon.ico
2026-08-29 08:17:10,978 [INFO] Capturing response: https://www.atomsportv513.top/favicon.ico 200 
2026-08-29 08:17:10,994 [INFO] Capturing request: https://teletv5.top/load/yayinlink.php?id=bein-sports-1
2026-08-29 08:17:11,344 [INFO] Capturing response: https://teletv5.top/load/yayinlink.php?id=bein-sports-1 200 
2026-08-29 08:17:11,396 [INFO] Capturing request: https://streamsport365.com/cinema
2026-08-29 08:17:11,640 [INFO] Capturing response: https://streamsport365.com/cinema 200 
2026-08-29 08:17:11,772 [INFO] Capturing request: https://www.atomsportv513.top/assets/img/player/player_logo_6a87a2e2eecc5.png
2026-08-29 08:17:11,806 [INFO] Capturing response: https://www.atomsportv513.top/assets/img/player/player_logo_6a87a2e2eecc5.png 200 
2026-08-29 08:17:11,831 [INFO] Capturing request: https://corestream.ardastream.live//beintv/tracks-v1a1/mono.m3u8
2026-08-29 08:17:12,052 [INFO] Capturing response: https://corestream.ardastream.live//beintv/tracks-v1a1/mono.m3u8 200 
2026-08-29 08:17:12,257 [INFO] Capturing request: https://global.ardastream.live/beintv/tracks-v1a1/2026/08/29/08/17/01-01120.jpg
2026-08-29 08:17:12,439 [INFO] Capturing response: https://global.ardastream.live/beintv/tracks-v1a1/2026/08/29/08/17/01-01120.jpg 200 
2026-08-29 08:17:12,628 [INFO] Capturing request: https://global.ardastream.live/beintv/tracks-v1a1/2026/08/29/08/17/04-02400.jpg
2026-08-29 08:17:12,802 [INFO] Capturing request: https://android.clients.google.com/checkin
2026-08-29 08:17:12,901 [INFO] Capturing response: https://android.clients.google.com/checkin 200 
2026-08-29 08:17:12,908 [INFO] Capturing response: https://global.ardastream.live/beintv/tracks-v1a1/2026/08/29/08/17/04-02400.jpg 200 
2026-08-29 08:17:12,958 [INFO] Capturing request: https://android.clients.google.com/c2dm/register3
2026-08-29 08:17:12,959 [INFO] Capturing request: https://android.clients.google.com/c2dm/register3
2026-08-29 08:17:12,960 [INFO] Capturing request: https://android.clients.google.com/c2dm/register3
2026-08-29 08:17:13,004 [INFO] Capturing response: https://android.clients.google.com/c2dm/register3 200 
2026-08-29 08:17:13,014 [INFO] Capturing response: https://android.clients.google.com/c2dm/register3 200 
2026-08-29 08:17:13,021 [INFO] Capturing response: https://android.clients.google.com/c2dm/register3 200 
2026-08-29 08:17:13,119 [INFO] Capturing request: https://global.ardastream.live/beintv/tracks-v1a1/2026/08/29/08/17/06-00080.jpg
2026-08-29 08:17:13,245 [INFO] Capturing response: https://global.ardastream.live/beintv/tracks-v1a1/2026/08/29/08/17/06-00080.jpg 200 
2026-08-29 08:17:13,399 [INFO] Capturing request: https://global.ardastream.live/beintv/tracks-v1a1/2026/08/29/08/17/09-01600.jpg
2026-08-29 08:17:13,788 [INFO] Capturing response: https://global.ardastream.live/beintv/tracks-v1a1/2026/08/29/08/17/09-01600.jpg 200 
2026-08-29 08:17:13,873 [INFO]   ✅ M3U8 bulundu: https://corestream.ardastream.live//beintv/tracks-v1a1/mono.m3u8
2026-08-29 08:17:14,874 [INFO] 
[2/14]
2026-08-29 08:17:14,874 [INFO] 🔍 beIN Sports 2 → https://www.atomsportv513.top/matches?id=bein-sports-2
2026-08-29 08:17:14,985 [INFO] Capturing request: https://corestream.ardastream.live//beintv/tracks-v1a1/mono.m3u8
2026-08-29 08:17:14,987 [INFO] Capturing request: https://www.atomsportv513.top/matches?id=bein-sports-2
2026-08-29 08:17:15,103 [INFO] Capturing response: https://corestream.ardastream.live//beintv/tracks-v1a1/mono.m3u8 200 
2026-08-29 08:17:15,198 [INFO] Capturing response: https://www.atomsportv513.top/matches?id=bein-sports-2 200 
2026-08-29 08:17:15,209 [INFO] Capturing request: https://global.ardastream.live/beintv/tracks-v1a1/2026/08/29/08/17/11-02400.jpg
2026-08-29 08:17:15,251 [INFO] Capturing request: https://streamsport365.com/cinema
2026-08-29 08:17:15,349 [INFO] Capturing request: https://teletv5.top/load/yayinlink.php?id=bein-sports-2
2026-08-29 08:17:15,354 [INFO] Capturing request: https://www.atomsportv513.top/favicon.ico
2026-08-29 08:17:15,389 [INFO] Capturing response: https://www.atomsportv513.top/favicon.ico 200 
2026-08-29 08:17:15,436 [INFO] Capturing response: https://global.ardastream.live/beintv/tracks-v1a1/2026/08/29/08/17/11-02400.jpg 200 
2026-08-29 08:17:15,472 [INFO] 127.0.0.1:36386: ProtocolException("Error in HTTP connection: Http2ZombieException('Connection or stream already dead: 1787991435.4715724, False')")
2026-08-29 08:17:15,503 [INFO] Capturing response: https://streamsport365.com/cinema 200 
2026-08-29 08:17:15,520 [INFO] Capturing response: https://teletv5.top/load/yayinlink.php?id=bein-sports-2 200 
2026-08-29 08:17:15,633 [INFO] Capturing request: https://www.atomsportv513.top/assets/img/player/player_logo_6a87a2e2eecc5.png
2026-08-29 08:17:15,644 [INFO] Capturing request: https://corestream.ardastream.live//bein2/tracks-v1a1/mono.m3u8
2026-08-29 08:17:15,747 [INFO] Capturing response: https://www.atomsportv513.top/assets/img/player/player_logo_6a87a2e2eecc5.png 304 
2026-08-29 08:17:15,759 [INFO] Capturing response: https://corestream.ardastream.live//bein2/tracks-v1a1/mono.m3u8 200 
2026-08-29 08:17:15,869 [INFO] Capturing request: https://global.ardastream.live/bein2/tracks-v1a1/2026/08/29/08/16/50-06000.jpg
2026-08-29 08:17:16,207 [INFO] Capturing response: https://global.ardastream.live/bein2/tracks-v1a1/2026/08/29/08/16/50-06000.jpg 200 
2026-08-29 08:17:16,395 [INFO] Capturing request: https://global.ardastream.live/bein2/tracks-v1a1/2026/08/29/08/16/56-06800.jpg
2026-08-29 08:17:16,674 [INFO] Capturing response: https://global.ardastream.live/bein2/tracks-v1a1/2026/08/29/08/16/56-06800.jpg 200 
2026-08-29 08:17:16,875 [INFO] Capturing request: https://global.ardastream.live/bein2/tracks-v1a1/2026/08/29/08/17/03-05000.jpg
2026-08-29 08:17:17,104 [INFO] Capturing response: https://global.ardastream.live/bein2/tracks-v1a1/2026/08/29/08/17/03-05000.jpg 200 
2026-08-29 08:17:17,306 [INFO] Capturing request: https://global.ardastream.live/bein2/tracks-v1a1/2026/08/29/08/17/08-05200.jpg
2026-08-29 08:17:17,808 [INFO] Capturing response: https://global.ardastream.live/bein2/tracks-v1a1/2026/08/29/08/17/08-05200.jpg 200 
2026-08-29 08:17:18,274 [INFO]   ✅ M3U8 bulundu: https://corestream.ardastream.live//beintv/tracks-v1a1/mono.m3u8
2026-08-29 08:17:19,274 [INFO] 
[3/14]
2026-08-29 08:17:19,275 [INFO] 🔍 beIN Sports 3 → https://www.atomsportv513.top/matches?id=bein-sports-3
2026-08-29 08:17:19,386 [INFO] Capturing request: https://www.atomsportv513.top/matches?id=bein-sports-3
2026-08-29 08:17:19,590 [INFO] Capturing response: https://www.atomsportv513.top/matches?id=bein-sports-3 200 
2026-08-29 08:17:19,720 [INFO] Capturing request: https://teletv5.top/load/yayinlink.php?id=bein-sports-3
2026-08-29 08:17:19,722 [INFO] Capturing request: https://www.atomsportv513.top/favicon.ico
2026-08-29 08:17:19,748 [INFO] Capturing response: https://www.atomsportv513.top/favicon.ico 200 
2026-08-29 08:17:19,821 [INFO] Capturing request: https://streamsport365.com/cinema
2026-08-29 08:17:19,892 [INFO] Capturing response: https://teletv5.top/load/yayinlink.php?id=bein-sports-3 200 
2026-08-29 08:17:20,075 [INFO] Capturing response: https://streamsport365.com/cinema 200 
2026-08-29 08:17:20,186 [INFO] Capturing request: https://www.atomsportv513.top/assets/img/player/player_logo_6a87a2e2eecc5.png
2026-08-29 08:17:20,196 [INFO] Capturing request: https://corestream.ardastream.live//bein3/tracks-v1a1/mono.m3u8
2026-08-29 08:17:20,301 [INFO] Capturing response: https://www.atomsportv513.top/assets/img/player/player_logo_6a87a2e2eecc5.png 304 
2026-08-29 08:17:20,324 [INFO] Capturing response: https://corestream.ardastream.live//bein3/tracks-v1a1/mono.m3u8 200 
2026-08-29 08:17:20,433 [INFO] Capturing request: https://global.ardastream.live/bein3/tracks-v1a1/2026/08/29/08/17/18-08000.jpg
2026-08-29 08:17:20,702 [INFO] Capturing response: https://global.ardastream.live/bein3/tracks-v1a1/2026/08/29/08/17/18-08000.jpg 200 
2026-08-29 08:17:20,896 [INFO] Capturing request: https://global.ardastream.live/bein3/tracks-v1a1/2026/08/29/08/17/26-08000.jpg
2026-08-29 08:17:21,179 [INFO] Capturing response: https://global.ardastream.live/bein3/tracks-v1a1/2026/08/29/08/17/26-08000.jpg 200 
2026-08-29 08:17:21,399 [INFO] Capturing request: https://global.ardastream.live/bein3/tracks-v1a1/2026/08/29/08/17/34-08000.jpg
2026-08-29 08:17:21,689 [INFO] Capturing response: https://global.ardastream.live/bein3/tracks-v1a1/2026/08/29/08/17/34-08000.jpg 200 
2026-08-29 08:17:22,645 [INFO]   ✅ M3U8 bulundu: https://corestream.ardastream.live//bein3/tracks-v1a1/mono.m3u8
2026-08-29 08:17:23,645 [INFO] 
[4/14]
2026-08-29 08:17:23,646 [INFO] 🔍 beIN Sports 4 → https://www.atomsportv513.top/matches?id=bein-sports-4
2026-08-29 08:17:23,756 [INFO] Capturing request: https://www.atomsportv513.top/matches?id=bein-sports-4
2026-08-29 08:17:23,960 [INFO] Capturing response: https://www.atomsportv513.top/matches?id=bein-sports-4 200 
2026-08-29 08:17:23,996 [INFO] Capturing request: https://streamsport365.com/cinema
2026-08-29 08:17:24,093 [INFO] Capturing request: https://teletv5.top/load/yayinlink.php?id=bein-sports-4
2026-08-29 08:17:24,096 [INFO] Capturing request: https://www.atomsportv513.top/favicon.ico
2026-08-29 08:17:24,121 [INFO] Capturing response: https://www.atomsportv513.top/favicon.ico 200 
2026-08-29 08:17:24,239 [INFO] Capturing response: https://streamsport365.com/cinema 200 
2026-08-29 08:17:24,265 [INFO] Capturing response: https://teletv5.top/load/yayinlink.php?id=bein-sports-4 200 
2026-08-29 08:17:24,417 [INFO] Capturing request: https://www.atomsportv513.top/assets/img/player/player_logo_6a87a2e2eecc5.png
2026-08-29 08:17:24,428 [INFO] Capturing request: https://corestream.ardastream.live//bein4/tracks-v1a1/mono.m3u8
2026-08-29 08:17:24,532 [INFO] Capturing response: https://www.atomsportv513.top/assets/img/player/player_logo_6a87a2e2eecc5.png 304 
2026-08-29 08:17:24,549 [INFO] Capturing response: https://corestream.ardastream.live//bein4/tracks-v1a1/mono.m3u8 200 
2026-08-29 08:17:24,699 [INFO] Capturing request: https://global.ardastream.live/bein4/tracks-v1a1/2026/08/29/08/17/36-10000.jpg
2026-08-29 08:17:25,286 [INFO] Capturing response: https://global.ardastream.live/bein4/tracks-v1a1/2026/08/29/08/17/36-10000.jpg 200 
2026-08-29 08:17:25,651 [INFO] Capturing request: https://global.ardastream.live/bein4/tracks-v1a1/2026/08/29/08/17/46-10000.jpg
2026-08-29 08:17:26,296 [INFO] Capturing response: https://global.ardastream.live/bein4/tracks-v1a1/2026/08/29/08/17/46-10000.jpg 200 
2026-08-29 08:17:26,652 [INFO] Capturing request: https://global.ardastream.live/bein4/tracks-v1a1/2026/08/29/08/17/56-10000.jpg
2026-08-29 08:17:27,036 [INFO]   ✅ M3U8 bulundu: https://corestream.ardastream.live//bein4/tracks-v1a1/mono.m3u8
2026-08-29 08:17:27,343 [INFO] Capturing response: https://global.ardastream.live/bein4/tracks-v1a1/2026/08/29/08/17/56-10000.jpg 200 
2026-08-29 08:17:28,038 [INFO] 
[5/14]
2026-08-29 08:17:28,038 [INFO] 🔍 beIN Sports 5 → https://www.atomsportv513.top/matches?id=bein-sports-5
2026-08-29 08:17:28,150 [INFO] Capturing request: https://www.atomsportv513.top/matches?id=bein-sports-5
2026-08-29 08:17:28,353 [INFO] Capturing response: https://www.atomsportv513.top/matches?id=bein-sports-5 200 
2026-08-29 08:17:28,482 [INFO] Capturing request: https://teletv5.top/load/yayinlink.php?id=bein-sports-5
2026-08-29 08:17:28,486 [INFO] Capturing request: https://www.atomsportv513.top/favicon.ico
2026-08-29 08:17:28,512 [INFO] Capturing response: https://www.atomsportv513.top/favicon.ico 200 
2026-08-29 08:17:28,583 [INFO] Capturing request: https://streamsport365.com/cinema
2026-08-29 08:17:28,654 [INFO] Capturing response: https://teletv5.top/load/yayinlink.php?id=bein-sports-5 200 
2026-08-29 08:17:28,831 [INFO] Capturing response: https://streamsport365.com/cinema 200 
2026-08-29 08:17:28,942 [INFO] Capturing request: https://www.atomsportv513.top/assets/img/player/player_logo_6a87a2e2eecc5.png
2026-08-29 08:17:28,951 [INFO] Capturing request: https://corestream.ardastream.live//bein5/tracks-v1a1/mono.m3u8
2026-08-29 08:17:29,056 [INFO] Capturing response: https://www.atomsportv513.top/assets/img/player/player_logo_6a87a2e2eecc5.png 304 
2026-08-29 08:17:29,080 [INFO] Capturing response: https://corestream.ardastream.live//bein5/tracks-v1a1/mono.m3u8 200 
2026-08-29 08:17:29,189 [INFO] Capturing request: https://global.ardastream.live/bein5/tracks-v1a1/2026/08/29/08/17/25-10000.jpg
2026-08-29 08:17:29,815 [INFO] Capturing response: https://global.ardastream.live/bein5/tracks-v1a1/2026/08/29/08/17/25-10000.jpg 200 
2026-08-29 08:17:30,195 [INFO] Capturing request: https://global.ardastream.live/bein5/tracks-v1a1/2026/08/29/08/17/35-10000.jpg
2026-08-29 08:17:30,836 [INFO] Capturing response: https://global.ardastream.live/bein5/tracks-v1a1/2026/08/29/08/17/35-10000.jpg 200 
2026-08-29 08:17:31,204 [INFO] Capturing request: https://global.ardastream.live/bein5/tracks-v1a1/2026/08/29/08/17/45-10000.jpg
2026-08-29 08:17:31,429 [INFO]   ✅ M3U8 bulundu: https://corestream.ardastream.live//bein5/tracks-v1a1/mono.m3u8
2026-08-29 08:17:31,827 [INFO] Capturing response: https://global.ardastream.live/bein5/tracks-v1a1/2026/08/29/08/17/45-10000.jpg 200 
2026-08-29 08:17:32,430 [INFO] 
[6/14]
2026-08-29 08:17:32,430 [INFO] 🔍 beIN Sports Max 1 → https://www.atomsportv513.top/matches?id=bein-sports-max-1
2026-08-29 08:17:32,542 [INFO] Capturing request: https://www.atomsportv513.top/matches?id=bein-sports-max-1
2026-08-29 08:17:33,000 [INFO] Capturing response: https://www.atomsportv513.top/matches?id=bein-sports-max-1 200 
2026-08-29 08:17:33,034 [INFO] Capturing request: https://streamsport365.com/cinema
2026-08-29 08:17:33,131 [INFO] Capturing request: https://teletv5.top/load/yayinlink.php?id=bein-sports-max-1
2026-08-29 08:17:33,134 [INFO] Capturing request: https://www.atomsportv513.top/favicon.ico
2026-08-29 08:17:33,160 [INFO] Capturing response: https://www.atomsportv513.top/favicon.ico 200 
2026-08-29 08:17:33,278 [INFO] Capturing response: https://streamsport365.com/cinema 200 
2026-08-29 08:17:33,302 [INFO] Capturing response: https://teletv5.top/load/yayinlink.php?id=bein-sports-max-1 200 
2026-08-29 08:17:33,453 [INFO] Capturing request: https://www.atomsportv513.top/assets/img/player/player_logo_6a87a2e2eecc5.png
2026-08-29 08:17:33,462 [INFO] Capturing request: https://corestream.ardastream.live//beinmax1/tracks-v1a1/mono.m3u8
2026-08-29 08:17:33,566 [INFO] Capturing response: https://www.atomsportv513.top/assets/img/player/player_logo_6a87a2e2eecc5.png 304 
2026-08-29 08:17:33,595 [INFO] Capturing response: https://corestream.ardastream.live//beinmax1/tracks-v1a1/mono.m3u8 200 
2026-08-29 08:17:33,744 [INFO] Capturing request: https://global.ardastream.live/beinmax1/tracks-v1a1/2026/08/29/08/17/47-10000.jpg
2026-08-29 08:17:34,337 [INFO] Capturing response: https://global.ardastream.live/beinmax1/tracks-v1a1/2026/08/29/08/17/47-10000.jpg 200 
2026-08-29 08:17:34,639 [INFO] Capturing request: https://android.clients.google.com/c2dm/register3
2026-08-29 08:17:34,686 [INFO] Capturing response: https://android.clients.google.com/c2dm/register3 301 
2026-08-29 08:17:34,695 [INFO] Capturing request: https://global.ardastream.live/beinmax1/tracks-v1a1/2026/08/29/08/17/57-10000.jpg
2026-08-29 08:17:35,297 [INFO] Capturing response: https://global.ardastream.live/beinmax1/tracks-v1a1/2026/08/29/08/17/57-10000.jpg 200 
2026-08-29 08:17:35,658 [INFO] Capturing request: https://global.ardastream.live/beinmax1/tracks-v1a1/2026/08/29/08/18/07-10000.jpg
2026-08-29 08:17:36,085 [INFO]   ✅ M3U8 bulundu: https://corestream.ardastream.live//beinmax1/tracks-v1a1/mono.m3u8
2026-08-29 08:17:36,163 [INFO] Capturing response: https://global.ardastream.live/beinmax1/tracks-v1a1/2026/08/29/08/18/07-10000.jpg 200 
2026-08-29 08:17:37,086 [INFO] 
[7/14]
2026-08-29 08:17:37,086 [INFO] 🔍 beIN Sports Max 2 → https://www.atomsportv513.top/matches?id=bein-sports-max-2
2026-08-29 08:17:37,178 [INFO] Capturing request: https://android.clients.google.com/c2dm/register3
2026-08-29 08:17:37,198 [INFO] Capturing request: https://www.atomsportv513.top/matches?id=bein-sports-max-2
2026-08-29 08:17:37,401 [INFO] Capturing response: https://www.atomsportv513.top/matches?id=bein-sports-max-2 200 
2026-08-29 08:17:37,532 [INFO] Capturing request: https://teletv5.top/load/yayinlink.php?id=bein-sports-max-2
2026-08-29 08:17:37,535 [INFO] Capturing request: https://www.atomsportv513.top/favicon.ico
2026-08-29 08:17:37,566 [INFO] Capturing response: https://www.atomsportv513.top/favicon.ico 200 
2026-08-29 08:17:37,632 [INFO] Capturing request: https://streamsport365.com/cinema
2026-08-29 08:17:37,636 [INFO] Capturing response: https://android.clients.google.com/c2dm/register3 200 
2026-08-29 08:17:37,704 [INFO] Capturing response: https://teletv5.top/load/yayinlink.php?id=bein-sports-max-2 200 
2026-08-29 08:17:37,886 [INFO] Capturing response: https://streamsport365.com/cinema 200 
2026-08-29 08:17:37,997 [INFO] Capturing request: https://www.atomsportv513.top/assets/img/player/player_logo_6a87a2e2eecc5.png
2026-08-29 08:17:38,006 [INFO] Capturing request: https://corestream.ardastream.live//beinmax2/tracks-v1a1/mono.m3u8
2026-08-29 08:17:38,112 [INFO] Capturing response: https://www.atomsportv513.top/assets/img/player/player_logo_6a87a2e2eecc5.png 304 
2026-08-29 08:17:38,138 [INFO] Capturing response: https://corestream.ardastream.live//beinmax2/tracks-v1a1/mono.m3u8 200 
2026-08-29 08:17:38,247 [INFO] Capturing request: https://global.ardastream.live/beinmax2/tracks-v1a1/2026/08/29/08/17/15-05039.jpg
2026-08-29 08:17:38,527 [INFO] Capturing response: https://global.ardastream.live/beinmax2/tracks-v1a1/2026/08/29/08/17/15-05039.jpg 200 
2026-08-29 08:17:38,710 [INFO] Capturing request: https://global.ardastream.live/beinmax2/tracks-v1a1/2026/08/29/08/17/20-05040.jpg
2026-08-29 08:17:39,036 [INFO] Capturing response: https://global.ardastream.live/beinmax2/tracks-v1a1/2026/08/29/08/17/20-05040.jpg 200 
2026-08-29 08:17:39,250 [INFO] Capturing request: https://global.ardastream.live/beinmax2/tracks-v1a1/2026/08/29/08/17/25-05040.jpg
2026-08-29 08:17:39,516 [INFO] Capturing response: https://global.ardastream.live/beinmax2/tracks-v1a1/2026/08/29/08/17/25-05040.jpg 200 
2026-08-29 08:17:39,728 [INFO] Capturing request: https://global.ardastream.live/beinmax2/tracks-v1a1/2026/08/29/08/17/30-05040.jpg
2026-08-29 08:17:39,731 [INFO] Capturing request: https://android.clients.google.com/c2dm/register3
2026-08-29 08:17:39,991 [INFO] Capturing response: https://global.ardastream.live/beinmax2/tracks-v1a1/2026/08/29/08/17/30-05040.jpg 200 
2026-08-29 08:17:40,319 [INFO] Capturing response: https://android.clients.google.com/c2dm/register3 200 
2026-08-29 08:17:40,460 [INFO]   ✅ M3U8 bulundu: https://corestream.ardastream.live//beinmax2/tracks-v1a1/mono.m3u8
2026-08-29 08:17:41,460 [INFO] 
[8/14]
2026-08-29 08:17:41,460 [INFO] 🔍 S Sport → https://www.atomsportv513.top/matches?id=s-sport
2026-08-29 08:17:41,572 [INFO] Capturing request: https://www.atomsportv513.top/matches?id=s-sport
2026-08-29 08:17:41,926 [INFO] Capturing response: https://www.atomsportv513.top/matches?id=s-sport 200 
2026-08-29 08:17:41,961 [INFO] Capturing request: https://streamsport365.com/cinema
2026-08-29 08:17:42,062 [INFO] Capturing request: https://www.atomsportv513.top/favicon.ico
2026-08-29 08:17:42,063 [INFO] Capturing request: https://teletv5.top/load/yayinlink.php?id=s-sport
2026-08-29 08:17:42,087 [INFO] Capturing response: https://www.atomsportv513.top/favicon.ico 200 
2026-08-29 08:17:42,207 [INFO] Capturing response: https://streamsport365.com/cinema 200 
2026-08-29 08:17:42,234 [INFO] Capturing response: https://teletv5.top/load/yayinlink.php?id=s-sport 200 
2026-08-29 08:17:42,384 [INFO] Capturing request: https://www.atomsportv513.top/assets/img/player/player_logo_6a87a2e2eecc5.png
2026-08-29 08:17:42,394 [INFO] Capturing request: https://corestream.ardastream.live//s-sport/tracks-v1a1/mono.m3u8
2026-08-29 08:17:42,498 [INFO] Capturing response: https://www.atomsportv513.top/assets/img/player/player_logo_6a87a2e2eecc5.png 304 
2026-08-29 08:17:42,512 [INFO] Capturing response: https://corestream.ardastream.live//s-sport/tracks-v1a1/mono.m3u8 200 
2026-08-29 08:17:42,661 [INFO] Capturing request: https://global.ardastream.live/s-sport/tracks-v1a1/2026/08/29/08/17/59-05000.jpg
2026-08-29 08:17:42,957 [INFO] Capturing response: https://global.ardastream.live/s-sport/tracks-v1a1/2026/08/29/08/17/59-05000.jpg 200 
2026-08-29 08:17:43,198 [INFO] Capturing request: https://global.ardastream.live/s-sport/tracks-v1a1/2026/08/29/08/18/04-05000.jpg
2026-08-29 08:17:44,036 [INFO] Capturing response: https://global.ardastream.live/s-sport/tracks-v1a1/2026/08/29/08/18/04-05000.jpg 200 
2026-08-29 08:17:44,279 [INFO] Capturing request: https://global.ardastream.live/s-sport/tracks-v1a1/2026/08/29/08/18/09-05000.jpg
2026-08-29 08:17:44,585 [INFO] Capturing response: https://global.ardastream.live/s-sport/tracks-v1a1/2026/08/29/08/18/09-05000.jpg 200 
2026-08-29 08:17:44,984 [INFO]   ✅ M3U8 bulundu: https://corestream.ardastream.live//s-sport/tracks-v1a1/mono.m3u8
2026-08-29 08:17:45,984 [INFO] 
[9/14]
2026-08-29 08:17:45,985 [INFO] 🔍 S Sport 2 → https://www.atomsportv513.top/matches?id=s-sport-2
2026-08-29 08:17:46,094 [INFO] Capturing request: https://www.atomsportv513.top/matches?id=s-sport-2
2026-08-29 08:17:46,299 [INFO] Capturing response: https://www.atomsportv513.top/matches?id=s-sport-2 200 
2026-08-29 08:17:46,431 [INFO] Capturing request: https://teletv5.top/load/yayinlink.php?id=s-sport-2
2026-08-29 08:17:46,433 [INFO] Capturing request: https://www.atomsportv513.top/favicon.ico
2026-08-29 08:17:46,459 [INFO] Capturing response: https://www.atomsportv513.top/favicon.ico 200 
2026-08-29 08:17:46,529 [INFO] Capturing request: https://streamsport365.com/cinema
2026-08-29 08:17:46,603 [INFO] Capturing response: https://teletv5.top/load/yayinlink.php?id=s-sport-2 200 
2026-08-29 08:17:46,780 [INFO] Capturing response: https://streamsport365.com/cinema 200 
2026-08-29 08:17:46,890 [INFO] Capturing request: https://www.atomsportv513.top/assets/img/player/player_logo_6a87a2e2eecc5.png
2026-08-29 08:17:46,899 [INFO] Capturing request: https://corestream.ardastream.live//s-sport2/tracks-v1a1/mono.m3u8
2026-08-29 08:17:47,004 [INFO] Capturing response: https://www.atomsportv513.top/assets/img/player/player_logo_6a87a2e2eecc5.png 304 
2026-08-29 08:17:47,019 [INFO] Capturing response: https://corestream.ardastream.live//s-sport2/tracks-v1a1/mono.m3u8 200 
2026-08-29 08:17:47,128 [INFO] Capturing request: https://global.ardastream.live/s-sport2/tracks-v1a1/2026/08/29/08/17/35-05000.jpg
2026-08-29 08:17:47,600 [INFO] Capturing response: https://global.ardastream.live/s-sport2/tracks-v1a1/2026/08/29/08/17/35-05000.jpg 200 
2026-08-29 08:17:47,825 [INFO] Capturing request: https://global.ardastream.live/s-sport2/tracks-v1a1/2026/08/29/08/17/40-05000.jpg
2026-08-29 08:17:48,208 [INFO] Capturing response: https://global.ardastream.live/s-sport2/tracks-v1a1/2026/08/29/08/17/40-05000.jpg 200 
2026-08-29 08:17:48,462 [INFO] Capturing request: https://global.ardastream.live/s-sport2/tracks-v1a1/2026/08/29/08/17/45-05000.jpg
2026-08-29 08:17:48,813 [INFO] Capturing response: https://global.ardastream.live/s-sport2/tracks-v1a1/2026/08/29/08/17/45-05000.jpg 200 
2026-08-29 08:17:49,368 [INFO]   ✅ M3U8 bulundu: https://corestream.ardastream.live//s-sport2/tracks-v1a1/mono.m3u8
2026-08-29 08:17:50,368 [INFO] 
[10/14]
2026-08-29 08:17:50,368 [INFO] 🔍 A Spor → https://www.atomsportv513.top/matches?id=a-spor
2026-08-29 08:17:50,478 [INFO] Capturing request: https://www.atomsportv513.top/matches?id=a-spor
2026-08-29 08:17:50,681 [INFO] Capturing response: https://www.atomsportv513.top/matches?id=a-spor 200 
2026-08-29 08:17:50,712 [INFO] Capturing request: https://streamsport365.com/cinema
2026-08-29 08:17:50,813 [INFO] Capturing request: https://teletv5.top/load/yayinlink.php?id=a-spor
2026-08-29 08:17:50,815 [INFO] Capturing request: https://www.atomsportv513.top/favicon.ico
2026-08-29 08:17:50,839 [INFO] Capturing response: https://www.atomsportv513.top/favicon.ico 200 
2026-08-29 08:17:50,962 [INFO] Capturing response: https://streamsport365.com/cinema 200 
2026-08-29 08:17:50,986 [INFO] Capturing response: https://teletv5.top/load/yayinlink.php?id=a-spor 200 
2026-08-29 08:17:51,136 [INFO] Capturing request: https://www.atomsportv513.top/assets/img/player/player_logo_6a87a2e2eecc5.png
2026-08-29 08:17:51,145 [INFO] Capturing request: https://corestream.ardastream.live//aspor/tracks-v1a1/mono.m3u8
2026-08-29 08:17:51,250 [INFO] Capturing response: https://www.atomsportv513.top/assets/img/player/player_logo_6a87a2e2eecc5.png 304 
2026-08-29 08:17:51,266 [INFO] Capturing response: https://corestream.ardastream.live//aspor/tracks-v1a1/mono.m3u8 200 
2026-08-29 08:17:51,416 [INFO] Capturing request: https://global.ardastream.live/aspor/tracks-v1a1/2026/08/29/08/17/50-10000.jpg
2026-08-29 08:17:51,747 [INFO] Capturing response: https://global.ardastream.live/aspor/tracks-v1a1/2026/08/29/08/17/50-10000.jpg 200 
2026-08-29 08:17:51,975 [INFO] Capturing request: https://global.ardastream.live/aspor/tracks-v1a1/2026/08/29/08/18/00-10000.jpg
2026-08-29 08:17:52,374 [INFO] Capturing response: https://global.ardastream.live/aspor/tracks-v1a1/2026/08/29/08/18/00-10000.jpg 200 
2026-08-29 08:17:52,660 [INFO] Capturing request: https://global.ardastream.live/aspor/tracks-v1a1/2026/08/29/08/18/10-10000.jpg
2026-08-29 08:17:53,106 [INFO] Capturing response: https://global.ardastream.live/aspor/tracks-v1a1/2026/08/29/08/18/10-10000.jpg 200 
2026-08-29 08:17:53,727 [INFO]   ✅ M3U8 bulundu: https://corestream.ardastream.live//aspor/tracks-v1a1/mono.m3u8
2026-08-29 08:17:54,727 [INFO] 
[11/14]
2026-08-29 08:17:54,727 [INFO] 🔍 Tivibu Spor 1 → https://www.atomsportv513.top/matches?id=tivibu-spor-1
2026-08-29 08:17:54,838 [INFO] Capturing request: https://www.atomsportv513.top/matches?id=tivibu-spor-1
2026-08-29 08:17:55,044 [INFO] Capturing response: https://www.atomsportv513.top/matches?id=tivibu-spor-1 200 
2026-08-29 08:17:55,184 [INFO] Capturing request: https://teletv5.top/load/yayinlink.php?id=tivibu-spor-1
2026-08-29 08:17:55,185 [INFO] Capturing request: https://www.atomsportv513.top/favicon.ico
2026-08-29 08:17:55,284 [INFO] Capturing request: https://streamsport365.com/cinema
2026-08-29 08:17:55,357 [INFO] Capturing response: https://teletv5.top/load/yayinlink.php?id=tivibu-spor-1 200 
2026-08-29 08:17:55,403 [INFO] Capturing response: https://www.atomsportv513.top/favicon.ico 200 
2026-08-29 08:17:55,542 [INFO] Capturing response: https://streamsport365.com/cinema 200 
2026-08-29 08:18:09,389 [INFO] Capturing request: https://update.googleapis.com/service/update2/json?cup2key=16:3xJDFhJFawF_fBzqagodCjB69-kiJpet7CxhJUl278c&cup2hreq=5cb09a981025d31ef9f270a95823e5ee373f47f6321e8c3bc1bf304482cd0bfa
2026-08-29 08:18:09,415 [INFO] Capturing response: https://update.googleapis.com/service/update2/json?cup2key=16:3xJDFhJFawF_fBzqagodCjB69-kiJpet7CxhJUl278c&cup2hreq=5cb09a981025d31ef9f270a95823e5ee373f47f6321e8c3bc1bf304482cd0bfa 200 
2026-08-29 08:18:09,422 [INFO] Capturing request: http://edgedl.me.gvt1.com/edgedl/diffgen-puffin/gcmjkmgdlgnkkcocmoeiminaijmmjnii/fc1f961a8e1d6f22b29a01eb8f62d27d7f0f928ed1b230dfa8430cc20542c1bf
2026-08-29 08:18:09,436 [INFO] Capturing response: http://edgedl.me.gvt1.com/edgedl/diffgen-puffin/gcmjkmgdlgnkkcocmoeiminaijmmjnii/fc1f961a8e1d6f22b29a01eb8f62d27d7f0f928ed1b230dfa8430cc20542c1bf 200 OK
2026-08-29 08:18:09,462 [INFO] Capturing request: https://update.googleapis.com/service/update2/json
2026-08-29 08:18:09,486 [INFO] Capturing response: https://update.googleapis.com/service/update2/json 200 
2026-08-29 08:18:09,531 [INFO] Capturing request: http://edgedl.me.gvt1.com/edgedl/release2/chrome_component/ace3q5jzwrrgq5yyiiixuy4snmaq_10742/hfnkpimlhhgieaddgfemjhofmfblmnib_10742_all_acdkfmtv3qmoytwhznmevtcqnz4q.crx3
2026-08-29 08:18:09,549 [INFO] Capturing response: http://edgedl.me.gvt1.com/edgedl/release2/chrome_component/ace3q5jzwrrgq5yyiiixuy4snmaq_10742/hfnkpimlhhgieaddgfemjhofmfblmnib_10742_all_acdkfmtv3qmoytwhznmevtcqnz4q.crx3 200 OK
2026-08-29 08:18:09,581 [INFO] Capturing request: https://update.googleapis.com/service/update2/json
2026-08-29 08:18:09,604 [INFO] Capturing response: https://update.googleapis.com/service/update2/json 200 
2026-08-29 08:18:28,364 [WARNING]   ❌ Tivibu Spor 1 için M3U8 bulunamadı
2026-08-29 08:18:29,365 [INFO] 
[12/14]
2026-08-29 08:18:29,365 [INFO] 🔍 Tivibu Spor 2 → https://www.atomsportv513.top/matches?id=tivibu-spor-2
2026-08-29 08:18:29,511 [INFO] Capturing request: https://www.atomsportv513.top/matches?id=tivibu-spor-2
2026-08-29 08:18:29,867 [INFO] Capturing response: https://www.atomsportv513.top/matches?id=tivibu-spor-2 200 
2026-08-29 08:18:30,034 [INFO] Capturing request: https://www.atomsportv513.top/favicon.ico
2026-08-29 08:18:30,060 [INFO] Capturing response: https://www.atomsportv513.top/favicon.ico 200 
2026-08-29 08:18:30,065 [INFO] Capturing request: https://teletv5.top/load/yayinlink.php?id=tivibu-spor-2
2026-08-29 08:18:30,423 [INFO] Capturing response: https://teletv5.top/load/yayinlink.php?id=tivibu-spor-2 200 
2026-08-29 08:18:30,465 [INFO] Capturing request: https://streamsport365.com/cinema
2026-08-29 08:18:30,707 [INFO] Capturing response: https://streamsport365.com/cinema 200 
2026-08-29 08:18:33,423 [INFO] Capturing request: https://android.clients.google.com/c2dm/register3
2026-08-29 08:18:33,469 [INFO] Capturing response: https://android.clients.google.com/c2dm/register3 301 
2026-08-29 08:19:03,179 [WARNING]   ❌ Tivibu Spor 2 için M3U8 bulunamadı
2026-08-29 08:19:04,179 [INFO] 
[13/14]
2026-08-29 08:19:04,179 [INFO] 🔍 Tivibu Spor 3 → https://www.atomsportv513.top/matches?id=tivibu-spor-3
2026-08-29 08:19:04,288 [INFO] Capturing request: https://www.atomsportv513.top/matches?id=tivibu-spor-3
2026-08-29 08:19:04,648 [INFO] Capturing response: https://www.atomsportv513.top/matches?id=tivibu-spor-3 200 
2026-08-29 08:19:04,779 [INFO] Capturing request: https://teletv5.top/load/yayinlink.php?id=tivibu-spor-3
2026-08-29 08:19:04,782 [INFO] Capturing request: https://www.atomsportv513.top/favicon.ico
2026-08-29 08:19:04,809 [INFO] Capturing response: https://www.atomsportv513.top/favicon.ico 200 
2026-08-29 08:19:04,876 [INFO] Capturing request: https://streamsport365.com/cinema
2026-08-29 08:19:04,952 [INFO] Capturing response: https://teletv5.top/load/yayinlink.php?id=tivibu-spor-3 200 
2026-08-29 08:19:05,121 [INFO] Capturing response: https://streamsport365.com/cinema 200 
2026-08-29 08:19:37,927 [WARNING]   ❌ Tivibu Spor 3 için M3U8 bulunamadı
2026-08-29 08:19:38,927 [INFO] 
[14/14]
2026-08-29 08:19:38,927 [INFO] 🔍 Tivibu Spor 4 → https://www.atomsportv513.top/matches?id=tivibu-spor-4
2026-08-29 08:19:39,036 [INFO] Capturing request: https://www.atomsportv513.top/matches?id=tivibu-spor-4
2026-08-29 08:19:39,391 [INFO] Capturing response: https://www.atomsportv513.top/matches?id=tivibu-spor-4 200 
2026-08-29 08:19:39,520 [INFO] Capturing request: https://teletv5.top/load/yayinlink.php?id=tivibu-spor-4
2026-08-29 08:19:39,529 [INFO] Capturing request: https://www.atomsportv513.top/favicon.ico
2026-08-29 08:19:39,554 [INFO] Capturing response: https://www.atomsportv513.top/favicon.ico 200 
2026-08-29 08:19:39,621 [INFO] Capturing request: https://streamsport365.com/cinema
2026-08-29 08:19:39,697 [INFO] Capturing response: https://teletv5.top/load/yayinlink.php?id=tivibu-spor-4 200 
2026-08-29 08:19:39,871 [INFO] Capturing response: https://streamsport365.com/cinema 200 
2026-08-29 08:20:03,534 [INFO] Capturing request: https://android.clients.google.com/c2dm/register3
2026-08-29 08:20:03,584 [INFO] Capturing response: https://android.clients.google.com/c2dm/register3 301 
2026-08-29 08:20:12,678 [WARNING]   ❌ Tivibu Spor 4 için M3U8 bulunamadı
2026-08-29 08:20:13,745 [INFO] ✅ 10 kanal bulundu, playlist.m3u kaydedildi
