2026-09-09 19:58:22,852 [INFO] 🌐 BASE_URL: https://www.atomsportv514.top
2026-09-09 19:58:24,089 [INFO] Başlanıyor... 14 kanal taranacak
2026-09-09 19:58:24,089 [INFO] Using default request storage
2026-09-09 19:58:24,092 [INFO] Created proxy listening on 127.0.0.1:36643
2026-09-09 19:58:24,700 [INFO] Capturing request: http://clients2.google.com/time/1/current?cup2key=10:9yiyeTd2tiNI2uMOqKhVqsgJmSTHhNftLgJ2jbexs1o&cup2hreq=e3b0c44298fc1c149afbf4c8996fb92427ae41e4649b934ca495991b7852b855
2026-09-09 19:58:24,744 [INFO] Capturing response: http://clients2.google.com/time/1/current?cup2key=10:9yiyeTd2tiNI2uMOqKhVqsgJmSTHhNftLgJ2jbexs1o&cup2hreq=e3b0c44298fc1c149afbf4c8996fb92427ae41e4649b934ca495991b7852b855 200 OK
2026-09-09 19:58:24,857 [INFO] 
[1/14]
2026-09-09 19:58:24,857 [INFO] 🔍 beIN Sports 1 → https://www.atomsportv514.top/matches?id=bein-sports-1
2026-09-09 19:58:24,916 [INFO] Capturing request: https://update.googleapis.com/service/update2/json?cup2key=ML-DSA-44-16:qni6RgMURN6oyxAChck9zN7wAmkemYY3ApGGPe0kNbY&cup2hreq=2ee757d2c18b103fefe054789e72279e6c77637ad26a7f61d94354f0a183bc83
2026-09-09 19:58:24,917 [INFO] Capturing request: https://accounts.google.com/ListAccounts?gpsia=1&source=ChromiumBrowser&json=standard&laf=b64bin
2026-09-09 19:58:24,964 [INFO] Capturing response: https://update.googleapis.com/service/update2/json?cup2key=ML-DSA-44-16:qni6RgMURN6oyxAChck9zN7wAmkemYY3ApGGPe0kNbY&cup2hreq=2ee757d2c18b103fefe054789e72279e6c77637ad26a7f61d94354f0a183bc83 200 
2026-09-09 19:58:24,969 [INFO] Capturing response: https://accounts.google.com/ListAccounts?gpsia=1&source=ChromiumBrowser&json=standard&laf=b64bin 200 
2026-09-09 19:58:25,017 [INFO] Capturing request: https://update.googleapis.com/service/update2/json?cup2key=ML-DSA-44-16:gzGsnDcL_ml0gVrfD5RrhI66WtYhEnp_DHT1k01LHdU&cup2hreq=13b37582f0d68eb3fbc4b1bf0fdd4a1b809172fd279d9f218dc12818d5ed8de0
2026-09-09 19:58:25,017 [INFO] Capturing request: https://www.google.com/async/folae?async=_fmt:pb&udm=50&client_locale=en-US&client_country=ZZ
2026-09-09 19:58:25,043 [INFO] Capturing request: https://www.atomsportv514.top/matches?id=bein-sports-1
2026-09-09 19:58:25,047 [INFO] Capturing response: https://update.googleapis.com/service/update2/json?cup2key=ML-DSA-44-16:gzGsnDcL_ml0gVrfD5RrhI66WtYhEnp_DHT1k01LHdU&cup2hreq=13b37582f0d68eb3fbc4b1bf0fdd4a1b809172fd279d9f218dc12818d5ed8de0 200 
2026-09-09 19:58:25,053 [INFO] Capturing response: https://www.google.com/async/folae?async=_fmt:pb&udm=50&client_locale=en-US&client_country=ZZ 200 
2026-09-09 19:58:25,098 [INFO] Capturing request: https://update.googleapis.com/service/update2/json?cup2key=ML-DSA-44-16:4Bw1mRLQt7KKzo6c28f4gi9-IUfXRMuqy2nOD05XWm8&cup2hreq=7ed166c7e219c3b50ebe4d7c7af891bbb7027954ae521c4f555ea978a4886e58
2026-09-09 19:58:25,122 [INFO] Capturing response: https://update.googleapis.com/service/update2/json?cup2key=ML-DSA-44-16:4Bw1mRLQt7KKzo6c28f4gi9-IUfXRMuqy2nOD05XWm8&cup2hreq=7ed166c7e219c3b50ebe4d7c7af891bbb7027954ae521c4f555ea978a4886e58 200 
2026-09-09 19:58:25,215 [INFO] Capturing request: https://www.google.com/async/folae?async=_fmt:pb&udm=50&client_locale=en-US&client_country=ZZ
2026-09-09 19:58:25,245 [INFO] Capturing response: https://www.google.com/async/folae?async=_fmt:pb&udm=50&client_locale=en-US&client_country=ZZ 200 
2026-09-09 19:58:25,747 [INFO] Capturing response: https://www.atomsportv514.top/matches?id=bein-sports-1 200 
2026-09-09 19:58:25,949 [INFO] Capturing request: https://cdn.jsdelivr.net/npm/@clappr/player@0.11.16/dist/clappr.min.js
2026-09-09 19:58:25,953 [INFO] Capturing request: https://cdn.jsdelivr.net/npm/@clappr/hlsjs-playback@1.8.3/dist/hlsjs-playback.min.js
2026-09-09 19:58:25,953 [INFO] Capturing request: https://cdn.jsdelivr.net/npm/level-selector/dist/level-selector.min.js
2026-09-09 19:58:25,968 [INFO] Capturing response: https://cdn.jsdelivr.net/npm/level-selector/dist/level-selector.min.js 200 
2026-09-09 19:58:26,015 [INFO] Capturing response: https://cdn.jsdelivr.net/npm/@clappr/player@0.11.16/dist/clappr.min.js 200 
2026-09-09 19:58:26,020 [INFO] Capturing response: https://cdn.jsdelivr.net/npm/@clappr/hlsjs-playback@1.8.3/dist/hlsjs-playback.min.js 200 
2026-09-09 19:58:26,198 [INFO] Capturing request: https://www.atomsportv514.top/favicon.ico
2026-09-09 19:58:26,287 [INFO] Capturing response: https://www.atomsportv514.top/favicon.ico 200 
2026-09-09 19:58:26,395 [INFO] Capturing request: https://teletv5.top/load/yayinlink.php?id=bein-sports-1
2026-09-09 19:58:26,686 [INFO] Capturing response: https://teletv5.top/load/yayinlink.php?id=bein-sports-1 200 
2026-09-09 19:58:26,995 [INFO] Capturing request: https://streamsport365.com/cinema
2026-09-09 19:58:27,290 [INFO] Capturing response: https://streamsport365.com/cinema 200 
2026-09-09 19:58:27,409 [INFO] Capturing request: https://www.atomsportv514.top/assets/img/player/player_logo_6a87a2e2eecc5.png
2026-09-09 19:58:27,466 [INFO] Capturing response: https://www.atomsportv514.top/assets/img/player/player_logo_6a87a2e2eecc5.png 200 
2026-09-09 19:58:27,496 [INFO] Capturing request: https://corestream.d72377a9ds0ec71.cfd//hls/trt1.m3u8
2026-09-09 19:58:27,768 [INFO] Capturing response: https://corestream.d72377a9ds0ec71.cfd//hls/trt1.m3u8 200 
2026-09-09 19:58:28,103 [INFO] Capturing request: https://global.d72377a9ds0ec71.cfd/hls/trt1-1788983866685.jpg
2026-09-09 19:58:28,486 [INFO] Capturing request: https://android.clients.google.com/checkin
2026-09-09 19:58:28,614 [INFO] Capturing response: https://android.clients.google.com/checkin 200 
2026-09-09 19:58:28,662 [INFO] Capturing request: https://android.clients.google.com/c2dm/register3
2026-09-09 19:58:28,664 [INFO] Capturing request: https://android.clients.google.com/c2dm/register3
2026-09-09 19:58:28,665 [INFO] Capturing request: https://android.clients.google.com/c2dm/register3
2026-09-09 19:58:28,690 [INFO] Capturing response: https://android.clients.google.com/c2dm/register3 301 
2026-09-09 19:58:29,113 [INFO]   ✅ M3U8 bulundu: https://corestream.d72377a9ds0ec71.cfd//hls/trt1.m3u8
2026-09-09 19:58:29,590 [INFO] Capturing response: https://android.clients.google.com/c2dm/register3 200 
2026-09-09 19:58:29,594 [INFO] Capturing response: https://android.clients.google.com/c2dm/register3 200 
2026-09-09 19:58:30,113 [INFO] 
[2/14]
2026-09-09 19:58:30,113 [INFO] 🔍 beIN Sports 2 → https://www.atomsportv514.top/matches?id=bein-sports-2
2026-09-09 19:58:30,219 [INFO] Capturing request: https://www.atomsportv514.top/matches?id=bein-sports-2
2026-09-09 19:58:30,710 [INFO] Capturing response: https://www.atomsportv514.top/matches?id=bein-sports-2 200 
2026-09-09 19:58:30,740 [INFO] Capturing request: https://streamsport365.com/cinema
2026-09-09 19:58:30,840 [INFO] Capturing request: https://teletv5.top/load/yayinlink.php?id=bein-sports-2
2026-09-09 19:58:30,842 [INFO] Capturing request: https://www.atomsportv514.top/favicon.ico
2026-09-09 19:58:30,912 [INFO] Capturing response: https://www.atomsportv514.top/favicon.ico 200 
2026-09-09 19:58:31,105 [INFO] Capturing response: https://teletv5.top/load/yayinlink.php?id=bein-sports-2 200 
2026-09-09 19:58:31,123 [INFO] Capturing response: https://streamsport365.com/cinema 200 
2026-09-09 19:58:31,231 [INFO] Capturing request: https://www.atomsportv514.top/assets/img/player/player_logo_6a87a2e2eecc5.png
2026-09-09 19:58:31,238 [INFO] Capturing request: https://corestream.d72377a9ds0ec71.cfd//bein2/tracks-v1a1/mono.m3u8
2026-09-09 19:58:31,358 [INFO] Capturing response: https://www.atomsportv514.top/assets/img/player/player_logo_6a87a2e2eecc5.png 304 
2026-09-09 19:58:31,472 [INFO] Capturing response: https://corestream.d72377a9ds0ec71.cfd//bein2/tracks-v1a1/mono.m3u8 404 
2026-09-09 19:58:31,910 [INFO] Capturing response: https://global.d72377a9ds0ec71.cfd/hls/trt1-1788983866685.jpg 200 
2026-09-09 19:58:33,592 [INFO] Capturing request: https://corestream.d72377a9ds0ec71.cfd//bein2/tracks-v1a1/mono.m3u8
2026-09-09 19:58:33,750 [INFO]   ✅ M3U8 bulundu: https://corestream.d72377a9ds0ec71.cfd//bein2/tracks-v1a1/mono.m3u8
2026-09-09 19:58:33,782 [INFO] Capturing response: https://corestream.d72377a9ds0ec71.cfd//bein2/tracks-v1a1/mono.m3u8 404 
2026-09-09 19:58:34,750 [INFO] 
[3/14]
2026-09-09 19:58:34,750 [INFO] 🔍 beIN Sports 3 → https://www.atomsportv514.top/matches?id=bein-sports-3
2026-09-09 19:58:34,857 [INFO] Capturing request: https://www.atomsportv514.top/matches?id=bein-sports-3
2026-09-09 19:58:35,188 [INFO] Capturing response: https://www.atomsportv514.top/matches?id=bein-sports-3 200 
2026-09-09 19:58:35,309 [INFO] Capturing request: https://www.atomsportv514.top/favicon.ico
2026-09-09 19:58:35,309 [INFO] Capturing request: https://teletv5.top/load/yayinlink.php?id=bein-sports-3
2026-09-09 19:58:35,375 [INFO] Capturing response: https://www.atomsportv514.top/favicon.ico 200 
2026-09-09 19:58:35,464 [INFO] Capturing request: https://streamsport365.com/cinema
2026-09-09 19:58:35,574 [INFO] Capturing response: https://teletv5.top/load/yayinlink.php?id=bein-sports-3 200 
2026-09-09 19:58:35,847 [INFO] Capturing response: https://streamsport365.com/cinema 200 
2026-09-09 19:58:35,955 [INFO] Capturing request: https://www.atomsportv514.top/assets/img/player/player_logo_6a87a2e2eecc5.png
2026-09-09 19:58:35,962 [INFO] Capturing request: https://corestream.d72377a9ds0ec71.cfd//bein3/tracks-v1a1/mono.m3u8
2026-09-09 19:58:36,092 [INFO] Capturing response: https://www.atomsportv514.top/assets/img/player/player_logo_6a87a2e2eecc5.png 304 
2026-09-09 19:58:36,160 [INFO] Capturing response: https://corestream.d72377a9ds0ec71.cfd//bein3/tracks-v1a1/mono.m3u8 200 
2026-09-09 19:58:36,308 [INFO] Capturing request: https://global.d72377a9ds0ec71.cfd/bein3/tracks-v1a1/2026/09/09/19/58/02-10000.jpg
2026-09-09 19:58:38,218 [INFO]   ✅ M3U8 bulundu: https://corestream.d72377a9ds0ec71.cfd//bein3/tracks-v1a1/mono.m3u8
2026-09-09 19:58:39,218 [INFO] 
[4/14]
2026-09-09 19:58:39,218 [INFO] 🔍 beIN Sports 4 → https://www.atomsportv514.top/matches?id=bein-sports-4
2026-09-09 19:58:39,325 [INFO] Capturing request: https://www.atomsportv514.top/matches?id=bein-sports-4
2026-09-09 19:58:39,622 [INFO] Capturing response: https://www.atomsportv514.top/matches?id=bein-sports-4 200 
2026-09-09 19:58:39,641 [INFO] Capturing request: https://streamsport365.com/cinema
2026-09-09 19:58:39,746 [INFO] Capturing request: https://teletv5.top/load/yayinlink.php?id=bein-sports-4
2026-09-09 19:58:39,746 [INFO] Capturing request: https://www.atomsportv514.top/favicon.ico
2026-09-09 19:58:39,835 [INFO] Capturing response: https://www.atomsportv514.top/favicon.ico 200 
2026-09-09 19:58:40,022 [INFO] Capturing response: https://streamsport365.com/cinema 200 
2026-09-09 19:58:40,029 [INFO] Capturing response: https://teletv5.top/load/yayinlink.php?id=bein-sports-4 200 
2026-09-09 19:58:40,180 [INFO] Capturing request: https://www.atomsportv514.top/assets/img/player/player_logo_6a87a2e2eecc5.png
2026-09-09 19:58:40,187 [INFO] Capturing request: https://corestream.d72377a9ds0ec71.cfd//bein4/tracks-v1a1/mono.m3u8
2026-09-09 19:58:40,205 [INFO] Capturing response: https://global.d72377a9ds0ec71.cfd/bein3/tracks-v1a1/2026/09/09/19/58/02-10000.jpg 200 
2026-09-09 19:58:40,311 [INFO] Capturing response: https://www.atomsportv514.top/assets/img/player/player_logo_6a87a2e2eecc5.png 304 
2026-09-09 19:58:40,374 [INFO] Capturing response: https://corestream.d72377a9ds0ec71.cfd//bein4/tracks-v1a1/mono.m3u8 404 
2026-09-09 19:58:42,490 [INFO] Capturing request: https://corestream.d72377a9ds0ec71.cfd//bein4/tracks-v1a1/mono.m3u8
2026-09-09 19:58:42,653 [INFO]   ✅ M3U8 bulundu: https://corestream.d72377a9ds0ec71.cfd//bein4/tracks-v1a1/mono.m3u8
2026-09-09 19:58:42,685 [INFO] Capturing response: https://corestream.d72377a9ds0ec71.cfd//bein4/tracks-v1a1/mono.m3u8 404 
2026-09-09 19:58:43,653 [INFO] 
[5/14]
2026-09-09 19:58:43,653 [INFO] 🔍 beIN Sports 5 → https://www.atomsportv514.top/matches?id=bein-sports-5
2026-09-09 19:58:43,761 [INFO] Capturing request: https://www.atomsportv514.top/matches?id=bein-sports-5
2026-09-09 19:58:44,036 [INFO] Capturing response: https://www.atomsportv514.top/matches?id=bein-sports-5 200 
2026-09-09 19:58:44,159 [INFO] Capturing request: https://teletv5.top/load/yayinlink.php?id=bein-sports-5
2026-09-09 19:58:44,159 [INFO] Capturing request: https://www.atomsportv514.top/favicon.ico
2026-09-09 19:58:44,264 [INFO] Capturing response: https://www.atomsportv514.top/favicon.ico 200 
2026-09-09 19:58:44,318 [INFO] Capturing request: https://streamsport365.com/cinema
2026-09-09 19:58:44,417 [INFO] Capturing response: https://teletv5.top/load/yayinlink.php?id=bein-sports-5 200 
2026-09-09 19:58:44,683 [INFO] Capturing response: https://streamsport365.com/cinema 200 
2026-09-09 19:58:44,792 [INFO] Capturing request: https://www.atomsportv514.top/assets/img/player/player_logo_6a87a2e2eecc5.png
2026-09-09 19:58:44,799 [INFO] Capturing request: https://corestream.d72377a9ds0ec71.cfd//bein5/tracks-v1a1/mono.m3u8
2026-09-09 19:58:44,928 [INFO] Capturing response: https://www.atomsportv514.top/assets/img/player/player_logo_6a87a2e2eecc5.png 304 
2026-09-09 19:58:45,013 [INFO] Capturing response: https://corestream.d72377a9ds0ec71.cfd//bein5/tracks-v1a1/mono.m3u8 404 
2026-09-09 19:58:47,066 [INFO]   ✅ M3U8 bulundu: https://corestream.d72377a9ds0ec71.cfd//bein5/tracks-v1a1/mono.m3u8
2026-09-09 19:58:47,128 [INFO] Capturing request: https://corestream.d72377a9ds0ec71.cfd//bein5/tracks-v1a1/mono.m3u8
2026-09-09 19:58:47,337 [INFO] Capturing response: https://corestream.d72377a9ds0ec71.cfd//bein5/tracks-v1a1/mono.m3u8 404 
2026-09-09 19:58:48,066 [INFO] 
[6/14]
2026-09-09 19:58:48,066 [INFO] 🔍 beIN Sports Max 1 → https://www.atomsportv514.top/matches?id=bein-sports-max-1
2026-09-09 19:58:48,172 [INFO] Capturing request: https://www.atomsportv514.top/matches?id=bein-sports-max-1
2026-09-09 19:58:48,437 [INFO] Capturing response: https://www.atomsportv514.top/matches?id=bein-sports-max-1 200 
2026-09-09 19:58:48,458 [INFO] Capturing request: https://streamsport365.com/cinema
2026-09-09 19:58:48,559 [INFO] Capturing request: https://teletv5.top/load/yayinlink.php?id=bein-sports-max-1
2026-09-09 19:58:48,560 [INFO] Capturing request: https://www.atomsportv514.top/favicon.ico
2026-09-09 19:58:48,629 [INFO] Capturing response: https://www.atomsportv514.top/favicon.ico 200 
2026-09-09 19:58:48,831 [INFO] Capturing response: https://streamsport365.com/cinema 200 
2026-09-09 19:58:49,041 [INFO] Capturing response: https://teletv5.top/load/yayinlink.php?id=bein-sports-max-1 200 
2026-09-09 19:58:49,191 [INFO] Capturing request: https://www.atomsportv514.top/assets/img/player/player_logo_6a87a2e2eecc5.png
2026-09-09 19:58:49,197 [INFO] Capturing request: https://corestream.d72377a9ds0ec71.cfd//beinmax1/tracks-v1a1/mono.m3u8
2026-09-09 19:58:49,317 [INFO] Capturing response: https://www.atomsportv514.top/assets/img/player/player_logo_6a87a2e2eecc5.png 304 
2026-09-09 19:58:49,387 [INFO] Capturing response: https://corestream.d72377a9ds0ec71.cfd//beinmax1/tracks-v1a1/mono.m3u8 404 
2026-09-09 19:58:51,468 [INFO]   ✅ M3U8 bulundu: https://corestream.d72377a9ds0ec71.cfd//beinmax1/tracks-v1a1/mono.m3u8
2026-09-09 19:58:51,542 [INFO] Capturing request: https://corestream.d72377a9ds0ec71.cfd//beinmax1/tracks-v1a1/mono.m3u8
2026-09-09 19:58:51,727 [INFO] Capturing response: https://corestream.d72377a9ds0ec71.cfd//beinmax1/tracks-v1a1/mono.m3u8 404 
2026-09-09 19:58:52,468 [INFO] 
[7/14]
2026-09-09 19:58:52,469 [INFO] 🔍 beIN Sports Max 2 → https://www.atomsportv514.top/matches?id=bein-sports-max-2
2026-09-09 19:58:52,575 [INFO] Capturing request: https://www.atomsportv514.top/matches?id=bein-sports-max-2
2026-09-09 19:58:52,857 [INFO] Capturing response: https://www.atomsportv514.top/matches?id=bein-sports-max-2 200 
2026-09-09 19:58:52,975 [INFO] Capturing request: https://teletv5.top/load/yayinlink.php?id=bein-sports-max-2
2026-09-09 19:58:52,976 [INFO] Capturing request: https://www.atomsportv514.top/favicon.ico
2026-09-09 19:58:53,054 [INFO] Capturing response: https://www.atomsportv514.top/favicon.ico 200 
2026-09-09 19:58:53,136 [INFO] Capturing request: https://streamsport365.com/cinema
2026-09-09 19:58:53,290 [INFO] Capturing response: https://teletv5.top/load/yayinlink.php?id=bein-sports-max-2 200 
2026-09-09 19:58:53,508 [INFO] Capturing response: https://streamsport365.com/cinema 200 
2026-09-09 19:58:53,616 [INFO] Capturing request: https://www.atomsportv514.top/assets/img/player/player_logo_6a87a2e2eecc5.png
2026-09-09 19:58:53,623 [INFO] Capturing request: https://corestream.d72377a9ds0ec71.cfd//beinmax2/tracks-v1a1/mono.m3u8
2026-09-09 19:58:53,783 [INFO] Capturing response: https://www.atomsportv514.top/assets/img/player/player_logo_6a87a2e2eecc5.png 304 
2026-09-09 19:58:53,816 [INFO] Capturing response: https://corestream.d72377a9ds0ec71.cfd//beinmax2/tracks-v1a1/mono.m3u8 404 
2026-09-09 19:58:54,411 [INFO] Capturing request: https://android.clients.google.com/c2dm/register3
2026-09-09 19:58:54,440 [INFO] Capturing response: https://android.clients.google.com/c2dm/register3 301 
2026-09-09 19:58:55,882 [INFO]   ✅ M3U8 bulundu: https://corestream.d72377a9ds0ec71.cfd//beinmax2/tracks-v1a1/mono.m3u8
2026-09-09 19:58:55,930 [INFO] Capturing request: https://corestream.d72377a9ds0ec71.cfd//beinmax2/tracks-v1a1/mono.m3u8
2026-09-09 19:58:56,121 [INFO] Capturing response: https://corestream.d72377a9ds0ec71.cfd//beinmax2/tracks-v1a1/mono.m3u8 404 
2026-09-09 19:58:56,882 [INFO] 
[8/14]
2026-09-09 19:58:56,882 [INFO] 🔍 S Sport → https://www.atomsportv514.top/matches?id=s-sport
2026-09-09 19:58:56,989 [INFO] Capturing request: https://www.atomsportv514.top/matches?id=s-sport
2026-09-09 19:58:57,459 [INFO] Capturing response: https://www.atomsportv514.top/matches?id=s-sport 200 
2026-09-09 19:58:57,495 [INFO] Capturing request: https://streamsport365.com/cinema
2026-09-09 19:58:57,594 [INFO] Capturing request: https://teletv5.top/load/yayinlink.php?id=s-sport
2026-09-09 19:58:57,596 [INFO] Capturing request: https://www.atomsportv514.top/favicon.ico
2026-09-09 19:58:57,669 [INFO] Capturing response: https://www.atomsportv514.top/favicon.ico 200 
2026-09-09 19:58:57,687 [INFO] Capturing response: https://teletv5.top/load/yayinlink.php?id=s-sport 200 
2026-09-09 19:58:57,858 [INFO] Capturing response: https://streamsport365.com/cinema 200 
2026-09-09 19:58:57,971 [INFO] Capturing request: https://www.atomsportv514.top/assets/img/player/player_logo_6a87a2e2eecc5.png
2026-09-09 19:58:57,993 [INFO] Capturing request: https://corestream.d72377a9ds0ec71.cfd//s-sport/tracks-v1a1/mono.m3u8
2026-09-09 19:58:58,105 [INFO] Capturing response: https://www.atomsportv514.top/assets/img/player/player_logo_6a87a2e2eecc5.png 304 
2026-09-09 19:58:58,192 [INFO] Capturing response: https://corestream.d72377a9ds0ec71.cfd//s-sport/tracks-v1a1/mono.m3u8 200 
2026-09-09 19:58:58,300 [INFO] Capturing request: https://global.d72377a9ds0ec71.cfd/s-sport/tracks-v1a1/2026/09/09/20/00/24-08460.jpg
2026-09-09 19:59:00,503 [INFO]   ✅ M3U8 bulundu: https://corestream.d72377a9ds0ec71.cfd//s-sport/tracks-v1a1/mono.m3u8
2026-09-09 19:59:01,503 [INFO] 
[9/14]
2026-09-09 19:59:01,503 [INFO] 🔍 S Sport 2 → https://www.atomsportv514.top/matches?id=s-sport-2
2026-09-09 19:59:01,608 [INFO] Capturing request: https://www.atomsportv514.top/matches?id=s-sport-2
2026-09-09 19:59:02,083 [INFO] Capturing response: https://global.d72377a9ds0ec71.cfd/s-sport/tracks-v1a1/2026/09/09/20/00/24-08460.jpg 200 
2026-09-09 19:59:02,278 [INFO] Capturing request: https://global.d72377a9ds0ec71.cfd/s-sport/tracks-v1a1/2026/09/09/20/00/32-05000.jpg
2026-09-09 19:59:02,307 [INFO] Capturing response: https://www.atomsportv514.top/matches?id=s-sport-2 200 
2026-09-09 19:59:02,427 [INFO] Capturing request: https://teletv5.top/load/yayinlink.php?id=s-sport-2
2026-09-09 19:59:02,428 [INFO] Capturing request: https://www.atomsportv514.top/favicon.ico
2026-09-09 19:59:02,496 [INFO] Capturing response: https://www.atomsportv514.top/favicon.ico 200 
2026-09-09 19:59:02,511 [INFO] Capturing response: https://teletv5.top/load/yayinlink.php?id=s-sport-2 200 
2026-09-09 19:59:02,585 [INFO] Capturing request: https://streamsport365.com/cinema
2026-09-09 19:59:02,954 [INFO] Capturing response: https://streamsport365.com/cinema 200 
2026-09-09 19:59:03,062 [INFO] Capturing request: https://www.atomsportv514.top/assets/img/player/player_logo_6a87a2e2eecc5.png
2026-09-09 19:59:03,068 [INFO] Capturing request: https://corestream.d72377a9ds0ec71.cfd//s-sport2/tracks-v1a1/mono.m3u8
2026-09-09 19:59:03,190 [INFO] Capturing response: https://www.atomsportv514.top/assets/img/player/player_logo_6a87a2e2eecc5.png 304 
2026-09-09 19:59:03,282 [INFO] Capturing response: https://corestream.d72377a9ds0ec71.cfd//s-sport2/tracks-v1a1/mono.m3u8 404 
2026-09-09 19:59:05,052 [INFO] Capturing response: https://global.d72377a9ds0ec71.cfd/s-sport/tracks-v1a1/2026/09/09/20/00/32-05000.jpg 200 
2026-09-09 19:59:05,339 [INFO]   ✅ M3U8 bulundu: https://corestream.d72377a9ds0ec71.cfd//s-sport2/tracks-v1a1/mono.m3u8
2026-09-09 19:59:05,397 [INFO] Capturing request: https://corestream.d72377a9ds0ec71.cfd//s-sport2/tracks-v1a1/mono.m3u8
2026-09-09 19:59:05,581 [INFO] Capturing response: https://corestream.d72377a9ds0ec71.cfd//s-sport2/tracks-v1a1/mono.m3u8 404 
2026-09-09 19:59:06,339 [INFO] 
[10/14]
2026-09-09 19:59:06,339 [INFO] 🔍 A Spor → https://www.atomsportv514.top/matches?id=a-spor
2026-09-09 19:59:06,446 [INFO] Capturing request: https://www.atomsportv514.top/matches?id=a-spor
2026-09-09 19:59:06,716 [INFO] Capturing response: https://www.atomsportv514.top/matches?id=a-spor 200 
2026-09-09 19:59:06,734 [INFO] Capturing request: https://streamsport365.com/cinema
2026-09-09 19:59:06,834 [INFO] Capturing request: https://teletv5.top/load/yayinlink.php?id=a-spor
2026-09-09 19:59:06,835 [INFO] Capturing request: https://www.atomsportv514.top/favicon.ico
2026-09-09 19:59:06,889 [INFO] Capturing response: https://www.atomsportv514.top/favicon.ico 200 
2026-09-09 19:59:07,100 [INFO] Capturing response: https://teletv5.top/load/yayinlink.php?id=a-spor 200 
2026-09-09 19:59:07,107 [INFO] Capturing response: https://streamsport365.com/cinema 200 
2026-09-09 19:59:07,250 [INFO] Capturing request: https://www.atomsportv514.top/assets/img/player/player_logo_6a87a2e2eecc5.png
2026-09-09 19:59:07,256 [INFO] Capturing request: https://corestream.d72377a9ds0ec71.cfd//aspor/tracks-v1a1/mono.m3u8
2026-09-09 19:59:07,387 [INFO] Capturing response: https://www.atomsportv514.top/assets/img/player/player_logo_6a87a2e2eecc5.png 304 
2026-09-09 19:59:07,476 [INFO] Capturing response: https://corestream.d72377a9ds0ec71.cfd//aspor/tracks-v1a1/mono.m3u8 404 
2026-09-09 19:59:09,590 [INFO] Capturing request: https://corestream.d72377a9ds0ec71.cfd//aspor/tracks-v1a1/mono.m3u8
2026-09-09 19:59:09,742 [INFO]   ✅ M3U8 bulundu: https://corestream.d72377a9ds0ec71.cfd//aspor/tracks-v1a1/mono.m3u8
2026-09-09 19:59:09,782 [INFO] Capturing response: https://corestream.d72377a9ds0ec71.cfd//aspor/tracks-v1a1/mono.m3u8 404 
2026-09-09 19:59:10,742 [INFO] 
[11/14]
2026-09-09 19:59:10,742 [INFO] 🔍 Tivibu Spor 1 → https://www.atomsportv514.top/matches?id=tivibu-spor-1
2026-09-09 19:59:10,849 [INFO] Capturing request: https://www.atomsportv514.top/matches?id=tivibu-spor-1
2026-09-09 19:59:11,647 [INFO] Capturing response: https://www.atomsportv514.top/matches?id=tivibu-spor-1 200 
2026-09-09 19:59:11,767 [INFO] Capturing request: https://teletv5.top/load/yayinlink.php?id=tivibu-spor-1
2026-09-09 19:59:11,769 [INFO] Capturing request: https://www.atomsportv514.top/favicon.ico
2026-09-09 19:59:11,824 [INFO] Capturing response: https://www.atomsportv514.top/favicon.ico 200 
2026-09-09 19:59:11,926 [INFO] Capturing request: https://streamsport365.com/cinema
2026-09-09 19:59:12,303 [INFO] Capturing response: https://streamsport365.com/cinema 200 
2026-09-09 19:59:12,667 [INFO] Capturing response: https://teletv5.top/load/yayinlink.php?id=tivibu-spor-1 200 
2026-09-09 19:59:24,689 [INFO] Capturing request: https://update.googleapis.com/service/update2/json?cup2key=ML-DSA-44-16:Cc1ffWPNZ9B93Qey1Td1niMGca7u5OU3JlO8IUw2EiU&cup2hreq=44a0fa6825d71b473989ca3d107969e1972507325cba9bcb08fa284e4c751dbf
2026-09-09 19:59:24,712 [INFO] Capturing response: https://update.googleapis.com/service/update2/json?cup2key=ML-DSA-44-16:Cc1ffWPNZ9B93Qey1Td1niMGca7u5OU3JlO8IUw2EiU&cup2hreq=44a0fa6825d71b473989ca3d107969e1972507325cba9bcb08fa284e4c751dbf 200 
2026-09-09 19:59:24,718 [INFO] Capturing request: http://edgedl.me.gvt1.com/edgedl/release2/chrome_component/pahjdq23t3jdwwbevg6gn74ywi_10766/hfnkpimlhhgieaddgfemjhofmfblmnib_10766_all_pvxnmqok5fcwpbfrltrpz5pup4.crx3
2026-09-09 19:59:24,779 [INFO] Capturing response: http://edgedl.me.gvt1.com/edgedl/release2/chrome_component/pahjdq23t3jdwwbevg6gn74ywi_10766/hfnkpimlhhgieaddgfemjhofmfblmnib_10766_all_pvxnmqok5fcwpbfrltrpz5pup4.crx3 200 OK
2026-09-09 19:59:24,795 [INFO] Capturing request: https://update.googleapis.com/service/update2/json
2026-09-09 19:59:24,813 [INFO] Capturing response: https://update.googleapis.com/service/update2/json 200 
2026-09-09 19:59:24,856 [INFO] Capturing request: http://edgedl.me.gvt1.com/edgedl/diffgen-puffin/gcmjkmgdlgnkkcocmoeiminaijmmjnii/fc1f961a8e1d6f22b29a01eb8f62d27d7f0f928ed1b230dfa8430cc20542c1bf
2026-09-09 19:59:24,876 [INFO] Capturing response: http://edgedl.me.gvt1.com/edgedl/diffgen-puffin/gcmjkmgdlgnkkcocmoeiminaijmmjnii/fc1f961a8e1d6f22b29a01eb8f62d27d7f0f928ed1b230dfa8430cc20542c1bf 200 OK
2026-09-09 19:59:24,922 [INFO] Capturing request: https://update.googleapis.com/service/update2/json
2026-09-09 19:59:24,941 [INFO] Capturing response: https://update.googleapis.com/service/update2/json 200 
2026-09-09 19:59:44,827 [WARNING]   ❌ Tivibu Spor 1 için M3U8 bulunamadı
2026-09-09 19:59:45,828 [INFO] 
[12/14]
2026-09-09 19:59:45,828 [INFO] 🔍 Tivibu Spor 2 → https://www.atomsportv514.top/matches?id=tivibu-spor-2
2026-09-09 19:59:45,971 [INFO] Capturing request: https://www.atomsportv514.top/matches?id=tivibu-spor-2
2026-09-09 19:59:46,463 [INFO] Capturing response: https://www.atomsportv514.top/matches?id=tivibu-spor-2 200 
2026-09-09 19:59:46,620 [INFO] Capturing request: https://www.atomsportv514.top/favicon.ico
2026-09-09 19:59:46,708 [INFO] Capturing response: https://www.atomsportv514.top/favicon.ico 200 
2026-09-09 19:59:46,764 [INFO] Capturing request: https://teletv5.top/load/yayinlink.php?id=tivibu-spor-2
2026-09-09 19:59:46,864 [INFO] Capturing response: https://teletv5.top/load/yayinlink.php?id=tivibu-spor-2 200 
2026-09-09 19:59:47,242 [INFO] Capturing request: https://streamsport365.com/cinema
2026-09-09 19:59:47,609 [INFO] Capturing response: https://streamsport365.com/cinema 200 
2026-09-09 19:59:47,755 [INFO] Capturing request: https://android.clients.google.com/c2dm/register3
2026-09-09 19:59:47,782 [INFO] Capturing response: https://android.clients.google.com/c2dm/register3 301 
2026-09-09 20:00:19,656 [WARNING]   ❌ Tivibu Spor 2 için M3U8 bulunamadı
2026-09-09 20:00:20,657 [INFO] 
[13/14]
2026-09-09 20:00:20,657 [INFO] 🔍 Tivibu Spor 3 → https://www.atomsportv514.top/matches?id=tivibu-spor-3
2026-09-09 20:00:20,766 [INFO] Capturing request: https://www.atomsportv514.top/matches?id=tivibu-spor-3
2026-09-09 20:00:21,250 [INFO] Capturing response: https://www.atomsportv514.top/matches?id=tivibu-spor-3 200 
2026-09-09 20:00:21,374 [INFO] Capturing request: https://teletv5.top/load/yayinlink.php?id=tivibu-spor-3
2026-09-09 20:00:21,375 [INFO] Capturing request: https://www.atomsportv514.top/favicon.ico
2026-09-09 20:00:21,462 [INFO] Capturing response: https://www.atomsportv514.top/favicon.ico 200 
2026-09-09 20:00:21,492 [INFO] Capturing response: https://teletv5.top/load/yayinlink.php?id=tivibu-spor-3 200 
2026-09-09 20:00:21,529 [INFO] Capturing request: https://streamsport365.com/cinema
2026-09-09 20:00:21,894 [INFO] Capturing response: https://streamsport365.com/cinema 200 
2026-09-09 20:00:54,408 [WARNING]   ❌ Tivibu Spor 3 için M3U8 bulunamadı
2026-09-09 20:00:55,408 [INFO] 
[14/14]
2026-09-09 20:00:55,408 [INFO] 🔍 Tivibu Spor 4 → https://www.atomsportv514.top/matches?id=tivibu-spor-4
2026-09-09 20:00:55,517 [INFO] Capturing request: https://www.atomsportv514.top/matches?id=tivibu-spor-4
2026-09-09 20:00:56,027 [INFO] Capturing response: https://www.atomsportv514.top/matches?id=tivibu-spor-4 200 
2026-09-09 20:00:56,145 [INFO] Capturing request: https://teletv5.top/load/yayinlink.php?id=tivibu-spor-4
2026-09-09 20:00:56,148 [INFO] Capturing request: https://www.atomsportv514.top/favicon.ico
2026-09-09 20:00:56,217 [INFO] Capturing response: https://www.atomsportv514.top/favicon.ico 200 
2026-09-09 20:00:56,303 [INFO] Capturing request: https://streamsport365.com/cinema
2026-09-09 20:00:56,414 [INFO] Capturing response: https://teletv5.top/load/yayinlink.php?id=tivibu-spor-4 200 
2026-09-09 20:00:56,679 [INFO] Capturing response: https://streamsport365.com/cinema 200 
2026-09-09 20:01:15,739 [INFO] Capturing request: https://android.clients.google.com/c2dm/register3
2026-09-09 20:01:15,769 [INFO] Capturing response: https://android.clients.google.com/c2dm/register3 429 
2026-09-09 20:01:29,183 [WARNING]   ❌ Tivibu Spor 4 için M3U8 bulunamadı
2026-09-09 20:01:30,239 [INFO] ✅ 10 kanal bulundu, playlist.m3u kaydedildi
