2026-08-13 11:48:36,813 [INFO] 🌐 BASE_URL: https://www.atomsportv512.top
2026-08-13 11:48:38,627 [INFO] Başlanıyor... 14 kanal taranacak
2026-08-13 11:48:38,627 [INFO] Using default request storage
2026-08-13 11:48:38,630 [INFO] Created proxy listening on 127.0.0.1:33123
2026-08-13 11:48:39,255 [INFO] Capturing request: http://clients2.google.com/time/1/current?cup2key=10:KBtevzXJBUS49OFPXwjavaDvMa45B5_76Ay74x0RrHI&cup2hreq=e3b0c44298fc1c149afbf4c8996fb92427ae41e4649b934ca495991b7852b855
2026-08-13 11:48:39,324 [INFO] Capturing response: http://clients2.google.com/time/1/current?cup2key=10:KBtevzXJBUS49OFPXwjavaDvMa45B5_76Ay74x0RrHI&cup2hreq=e3b0c44298fc1c149afbf4c8996fb92427ae41e4649b934ca495991b7852b855 200 OK
2026-08-13 11:48:39,546 [INFO] 
[1/14]
2026-08-13 11:48:39,546 [INFO] 🔍 beIN Sports 1 → https://www.atomsportv512.top/matches?id=bein-sports-1
2026-08-13 11:48:39,663 [INFO] Capturing request: https://update.googleapis.com/service/update2/json?cup2key=16:JdGaE6MqpdaF2vpR1y8x5SNrsYYG_DMHGbLxQ21W31w&cup2hreq=bc47513cf1b8957922c60f4d45dc9b1d3d3cd165d66cd02df9ad52b83dd9d125
2026-08-13 11:48:39,711 [INFO] Capturing response: https://update.googleapis.com/service/update2/json?cup2key=16:JdGaE6MqpdaF2vpR1y8x5SNrsYYG_DMHGbLxQ21W31w&cup2hreq=bc47513cf1b8957922c60f4d45dc9b1d3d3cd165d66cd02df9ad52b83dd9d125 200 
2026-08-13 11:48:39,720 [INFO] Capturing request: https://accounts.google.com/ListAccounts?gpsia=1&source=ChromiumBrowser&json=standard&laf=b64bin
2026-08-13 11:48:39,757 [INFO] Capturing request: https://update.googleapis.com/service/update2/json?cup2key=16:bdGUBbUYhX49ZSM8wP73co1ACSyZyYqDa-AqD8NBIdA&cup2hreq=327e10bd738a8872bf8e71ec161ff686ef83dbb7dff195d542a0e16523e2b7cb
2026-08-13 11:48:39,762 [INFO] Capturing request: https://www.atomsportv512.top/matches?id=bein-sports-1
2026-08-13 11:48:39,773 [INFO] Capturing response: https://accounts.google.com/ListAccounts?gpsia=1&source=ChromiumBrowser&json=standard&laf=b64bin 200 
2026-08-13 11:48:39,799 [INFO] Capturing request: https://www.google.com/async/folae?async=_fmt:pb&udm=50&client_locale=en-US&client_country=ZZ
2026-08-13 11:48:39,813 [INFO] Capturing response: https://update.googleapis.com/service/update2/json?cup2key=16:bdGUBbUYhX49ZSM8wP73co1ACSyZyYqDa-AqD8NBIdA&cup2hreq=327e10bd738a8872bf8e71ec161ff686ef83dbb7dff195d542a0e16523e2b7cb 200 
2026-08-13 11:48:39,839 [INFO] Capturing response: https://www.google.com/async/folae?async=_fmt:pb&udm=50&client_locale=en-US&client_country=ZZ 200 
2026-08-13 11:48:39,857 [INFO] Capturing request: https://update.googleapis.com/service/update2/json?cup2key=16:cM-LtVfkQqUPYCg7ECci2OjSaabFcwb1WZfEgCbEYeE&cup2hreq=e566b86a8365f382cb57f4a5ce20844191cc3d270b008001eb603bfb843af49f
2026-08-13 11:48:39,913 [INFO] Capturing response: https://update.googleapis.com/service/update2/json?cup2key=16:cM-LtVfkQqUPYCg7ECci2OjSaabFcwb1WZfEgCbEYeE&cup2hreq=e566b86a8365f382cb57f4a5ce20844191cc3d270b008001eb603bfb843af49f 200 
2026-08-13 11:48:40,018 [INFO] Capturing request: https://www.google.com/async/folae?async=_fmt:pb&udm=50&client_locale=en-US&client_country=ZZ
2026-08-13 11:48:40,051 [INFO] Capturing response: https://www.google.com/async/folae?async=_fmt:pb&udm=50&client_locale=en-US&client_country=ZZ 200 
2026-08-13 11:48:40,270 [INFO] Capturing response: https://www.atomsportv512.top/matches?id=bein-sports-1 200 
2026-08-13 11:48:40,487 [INFO] Capturing request: https://cdn.jsdelivr.net/npm/@clappr/player@0.11.16/dist/clappr.min.js
2026-08-13 11:48:40,497 [INFO] Capturing request: https://cdn.jsdelivr.net/npm/@clappr/hlsjs-playback@1.8.3/dist/hlsjs-playback.min.js
2026-08-13 11:48:40,499 [INFO] Capturing request: https://cdn.jsdelivr.net/npm/level-selector/dist/level-selector.min.js
2026-08-13 11:48:40,534 [INFO] Capturing response: https://cdn.jsdelivr.net/npm/level-selector/dist/level-selector.min.js 200 
2026-08-13 11:48:40,592 [INFO] Capturing response: https://cdn.jsdelivr.net/npm/@clappr/player@0.11.16/dist/clappr.min.js 200 
2026-08-13 11:48:40,600 [INFO] Capturing response: https://cdn.jsdelivr.net/npm/@clappr/hlsjs-playback@1.8.3/dist/hlsjs-playback.min.js 200 
2026-08-13 11:48:40,780 [INFO] Capturing request: https://www.atomsportv512.top/favicon.ico
2026-08-13 11:48:40,840 [INFO] Capturing response: https://www.atomsportv512.top/favicon.ico 200 
2026-08-13 11:48:40,891 [INFO] Capturing request: https://teletv5.top/load/yayinlink.php?id=bein-sports-1
2026-08-13 11:48:41,231 [INFO] Capturing response: https://teletv5.top/load/yayinlink.php?id=bein-sports-1 200 
2026-08-13 11:48:41,267 [INFO] Capturing request: https://streamsport365.com/cinema
2026-08-13 11:48:41,561 [INFO] Capturing response: https://streamsport365.com/cinema 200 
2026-08-13 11:48:41,688 [INFO] Capturing request: https://www.atomsportv512.top/assets/img/player/player_logo_6a72b29dbcd89.png
2026-08-13 11:48:41,751 [INFO] Capturing response: https://www.atomsportv512.top/assets/img/player/player_logo_6a72b29dbcd89.png 200 
2026-08-13 11:48:41,791 [INFO] Capturing request: https://corestream.siteyaptim.live//bein1/tracks-v1a1/mono.m3u8
2026-08-13 11:48:41,941 [INFO] Capturing response: https://corestream.siteyaptim.live//bein1/tracks-v1a1/mono.m3u8 200 
2026-08-13 11:48:42,198 [INFO] Capturing request: https://global.siteyaptim.live/bein1/tracks-v1a1/2026/08/13/11/48/17-05200.jpg
2026-08-13 11:48:43,199 [INFO] Capturing response: https://global.siteyaptim.live/bein1/tracks-v1a1/2026/08/13/11/48/17-05200.jpg 200 
2026-08-13 11:48:43,398 [INFO] Capturing request: https://global.siteyaptim.live/bein1/tracks-v1a1/2026/08/13/11/48/22-05200.jpg
2026-08-13 11:48:43,530 [INFO] Capturing request: https://android.clients.google.com/checkin
2026-08-13 11:48:43,642 [INFO] Capturing response: https://android.clients.google.com/checkin 200 
2026-08-13 11:48:43,692 [INFO] Capturing request: https://android.clients.google.com/c2dm/register3
2026-08-13 11:48:43,693 [INFO] Capturing request: https://android.clients.google.com/c2dm/register3
2026-08-13 11:48:43,696 [INFO] Capturing request: https://android.clients.google.com/c2dm/register3
2026-08-13 11:48:43,704 [INFO]   ✅ M3U8 bulundu: https://corestream.siteyaptim.live//bein1/tracks-v1a1/mono.m3u8
2026-08-13 11:48:43,754 [INFO] Capturing response: https://android.clients.google.com/c2dm/register3 301 
2026-08-13 11:48:44,388 [INFO] Capturing response: https://global.siteyaptim.live/bein1/tracks-v1a1/2026/08/13/11/48/22-05200.jpg 200 
2026-08-13 11:48:44,392 [INFO] Capturing response: https://android.clients.google.com/c2dm/register3 200 
2026-08-13 11:48:44,584 [INFO] Capturing request: https://global.siteyaptim.live/bein1/tracks-v1a1/2026/08/13/11/48/28-05200.jpg
2026-08-13 11:48:44,704 [INFO] 
[2/14]
2026-08-13 11:48:44,704 [INFO] 🔍 beIN Sports 2 → https://www.atomsportv512.top/matches?id=bein-sports-2
2026-08-13 11:48:44,813 [INFO] Capturing request: https://www.atomsportv512.top/matches?id=bein-sports-2
2026-08-13 11:48:44,886 [INFO] Capturing response: https://android.clients.google.com/c2dm/register3 200 
2026-08-13 11:48:45,019 [INFO] Capturing response: https://www.atomsportv512.top/matches?id=bein-sports-2 200 
2026-08-13 11:48:45,066 [INFO] Capturing request: https://streamsport365.com/cinema
2026-08-13 11:48:45,162 [INFO] Capturing request: https://teletv5.top/load/yayinlink.php?id=bein-sports-2
2026-08-13 11:48:45,167 [INFO] Capturing request: https://www.atomsportv512.top/favicon.ico
2026-08-13 11:48:45,208 [INFO] Capturing response: https://www.atomsportv512.top/favicon.ico 200 
2026-08-13 11:48:45,346 [INFO] Capturing response: https://teletv5.top/load/yayinlink.php?id=bein-sports-2 200 
2026-08-13 11:48:45,376 [INFO] Capturing response: https://streamsport365.com/cinema 200 
2026-08-13 11:48:45,486 [INFO] Capturing request: https://www.atomsportv512.top/assets/img/player/player_logo_6a72b29dbcd89.png
2026-08-13 11:48:45,496 [INFO] Capturing request: https://corestream.siteyaptim.live//bein2/tracks-v1a1/mono.m3u8
2026-08-13 11:48:45,571 [INFO] Capturing response: https://global.siteyaptim.live/bein1/tracks-v1a1/2026/08/13/11/48/28-05200.jpg 200 
2026-08-13 11:48:45,603 [INFO] 127.0.0.1:59532: ProtocolException("Error in HTTP connection: Http2ZombieException('Connection or stream already dead: 1786621725.6035194, False')")
2026-08-13 11:48:45,614 [INFO] Capturing response: https://www.atomsportv512.top/assets/img/player/player_logo_6a72b29dbcd89.png 304 
2026-08-13 11:48:45,640 [INFO] Capturing response: https://corestream.siteyaptim.live//bein2/tracks-v1a1/mono.m3u8 200 
2026-08-13 11:48:45,749 [INFO] Capturing request: https://global.siteyaptim.live/bein2/tracks-v1a1/2026/08/13/11/48/25-05400.jpg
2026-08-13 11:48:46,900 [INFO] Capturing response: https://global.siteyaptim.live/bein2/tracks-v1a1/2026/08/13/11/48/25-05400.jpg 200 
2026-08-13 11:48:47,104 [INFO] Capturing request: https://global.siteyaptim.live/bein2/tracks-v1a1/2026/08/13/11/48/31-05920.jpg
2026-08-13 11:48:48,076 [INFO]   ✅ M3U8 bulundu: https://corestream.siteyaptim.live//bein2/tracks-v1a1/mono.m3u8
2026-08-13 11:48:48,174 [INFO] Capturing response: https://global.siteyaptim.live/bein2/tracks-v1a1/2026/08/13/11/48/31-05920.jpg 200 
2026-08-13 11:48:48,365 [INFO] Capturing request: https://global.siteyaptim.live/bein2/tracks-v1a1/2026/08/13/11/48/37-07400.jpg
2026-08-13 11:48:49,077 [INFO] 
[3/14]
2026-08-13 11:48:49,077 [INFO] 🔍 beIN Sports 3 → https://www.atomsportv512.top/matches?id=bein-sports-3
2026-08-13 11:48:49,188 [INFO] Capturing request: https://www.atomsportv512.top/matches?id=bein-sports-3
2026-08-13 11:48:49,402 [INFO] Capturing response: https://www.atomsportv512.top/matches?id=bein-sports-3 200 
2026-08-13 11:48:49,529 [INFO] Capturing request: https://teletv5.top/load/yayinlink.php?id=bein-sports-3
2026-08-13 11:48:49,531 [INFO] Capturing request: https://www.atomsportv512.top/favicon.ico
2026-08-13 11:48:49,571 [INFO] Capturing response: https://www.atomsportv512.top/favicon.ico 200 
2026-08-13 11:48:49,660 [INFO] Capturing request: https://streamsport365.com/cinema
2026-08-13 11:48:49,718 [INFO] Capturing response: https://teletv5.top/load/yayinlink.php?id=bein-sports-3 200 
2026-08-13 11:48:49,807 [INFO] Capturing response: https://global.siteyaptim.live/bein2/tracks-v1a1/2026/08/13/11/48/37-07400.jpg 200 
2026-08-13 11:48:49,963 [INFO] Capturing response: https://streamsport365.com/cinema 200 
2026-08-13 11:48:50,072 [INFO] Capturing request: https://www.atomsportv512.top/assets/img/player/player_logo_6a72b29dbcd89.png
2026-08-13 11:48:50,079 [INFO] Capturing request: https://corestream.siteyaptim.live//bein3/tracks-v1a1/mono.m3u8
2026-08-13 11:48:50,202 [INFO] Capturing response: https://www.atomsportv512.top/assets/img/player/player_logo_6a72b29dbcd89.png 304 
2026-08-13 11:48:50,217 [INFO] Capturing response: https://corestream.siteyaptim.live//bein3/tracks-v1a1/mono.m3u8 200 
2026-08-13 11:48:50,326 [INFO] Capturing request: https://global.siteyaptim.live/bein3/tracks-v1a1/2026/08/13/11/48/35-06220.jpg
2026-08-13 11:48:51,118 [INFO] Capturing response: https://global.siteyaptim.live/bein3/tracks-v1a1/2026/08/13/11/48/35-06220.jpg 200 
2026-08-13 11:48:51,273 [INFO] Capturing request: https://global.siteyaptim.live/bein3/tracks-v1a1/2026/08/13/11/48/41-07620.jpg
2026-08-13 11:48:52,340 [INFO] Capturing response: https://global.siteyaptim.live/bein3/tracks-v1a1/2026/08/13/11/48/41-07620.jpg 200 
2026-08-13 11:48:52,446 [INFO]   ✅ M3U8 bulundu: https://corestream.siteyaptim.live//bein3/tracks-v1a1/mono.m3u8
2026-08-13 11:48:52,541 [INFO] Capturing request: https://global.siteyaptim.live/bein3/tracks-v1a1/2026/08/13/11/48/49-05000.jpg
2026-08-13 11:48:53,433 [INFO] Capturing response: https://global.siteyaptim.live/bein3/tracks-v1a1/2026/08/13/11/48/49-05000.jpg 200 
2026-08-13 11:48:53,446 [INFO] 
[4/14]
2026-08-13 11:48:53,446 [INFO] 🔍 beIN Sports 4 → https://www.atomsportv512.top/matches?id=bein-sports-4
2026-08-13 11:48:53,568 [INFO] Capturing request: https://www.atomsportv512.top/matches?id=bein-sports-4
2026-08-13 11:48:53,623 [INFO] Capturing request: https://global.siteyaptim.live/bein3/tracks-v1a1/2026/08/13/11/48/54-05000.jpg
2026-08-13 11:48:53,778 [INFO] Capturing response: https://www.atomsportv512.top/matches?id=bein-sports-4 200 
2026-08-13 11:48:53,813 [INFO] Capturing request: https://streamsport365.com/cinema
2026-08-13 11:48:53,905 [INFO] Capturing request: https://teletv5.top/load/yayinlink.php?id=bein-sports-4
2026-08-13 11:48:53,914 [INFO] Capturing request: https://www.atomsportv512.top/favicon.ico
2026-08-13 11:48:53,958 [INFO] Capturing response: https://www.atomsportv512.top/favicon.ico 200 
2026-08-13 11:48:54,110 [INFO] Capturing response: https://streamsport365.com/cinema 200 
2026-08-13 11:48:54,333 [INFO] Capturing response: https://teletv5.top/load/yayinlink.php?id=bein-sports-4 200 
2026-08-13 11:48:54,376 [INFO] Capturing response: https://global.siteyaptim.live/bein3/tracks-v1a1/2026/08/13/11/48/54-05000.jpg 200 
2026-08-13 11:48:54,489 [INFO] Capturing request: https://www.atomsportv512.top/assets/img/player/player_logo_6a72b29dbcd89.png
2026-08-13 11:48:54,498 [INFO] Capturing request: https://corestream.siteyaptim.live//bein4/tracks-v1a1/mono.m3u8
2026-08-13 11:48:54,616 [INFO] Capturing response: https://www.atomsportv512.top/assets/img/player/player_logo_6a72b29dbcd89.png 304 
2026-08-13 11:48:54,655 [INFO] Capturing response: https://corestream.siteyaptim.live//bein4/tracks-v1a1/mono.m3u8 200 
2026-08-13 11:48:54,804 [INFO] Capturing request: https://global.siteyaptim.live/bein4/tracks-v1a1/2026/08/13/11/48/45-05000.jpg
2026-08-13 11:48:55,897 [INFO] Capturing response: https://global.siteyaptim.live/bein4/tracks-v1a1/2026/08/13/11/48/45-05000.jpg 200 
2026-08-13 11:48:56,059 [INFO] Capturing request: https://global.siteyaptim.live/bein4/tracks-v1a1/2026/08/13/11/48/50-05000.jpg
2026-08-13 11:48:56,826 [INFO]   ✅ M3U8 bulundu: https://corestream.siteyaptim.live//bein4/tracks-v1a1/mono.m3u8
2026-08-13 11:48:56,939 [INFO] Capturing response: https://global.siteyaptim.live/bein4/tracks-v1a1/2026/08/13/11/48/50-05000.jpg 200 
2026-08-13 11:48:57,129 [INFO] Capturing request: https://global.siteyaptim.live/bein4/tracks-v1a1/2026/08/13/11/48/55-07020.jpg
2026-08-13 11:48:57,827 [INFO] 
[5/14]
2026-08-13 11:48:57,827 [INFO] 🔍 beIN Sports 5 → https://www.atomsportv512.top/matches?id=bein-sports-5
2026-08-13 11:48:57,935 [INFO] Capturing request: https://www.atomsportv512.top/matches?id=bein-sports-5
2026-08-13 11:48:58,140 [INFO] Capturing response: https://www.atomsportv512.top/matches?id=bein-sports-5 200 
2026-08-13 11:48:58,265 [INFO] Capturing response: https://global.siteyaptim.live/bein4/tracks-v1a1/2026/08/13/11/48/55-07020.jpg 200 
2026-08-13 11:48:58,276 [INFO] Capturing request: https://teletv5.top/load/yayinlink.php?id=bein-sports-5
2026-08-13 11:48:58,277 [INFO] Capturing request: https://www.atomsportv512.top/favicon.ico
2026-08-13 11:48:58,321 [INFO] Capturing response: https://www.atomsportv512.top/favicon.ico 200 
2026-08-13 11:48:58,399 [INFO] Capturing request: https://streamsport365.com/cinema
2026-08-13 11:48:58,459 [INFO] Capturing response: https://teletv5.top/load/yayinlink.php?id=bein-sports-5 200 
2026-08-13 11:48:58,699 [INFO] Capturing response: https://streamsport365.com/cinema 200 
2026-08-13 11:48:58,808 [INFO] Capturing request: https://www.atomsportv512.top/assets/img/player/player_logo_6a72b29dbcd89.png
2026-08-13 11:48:58,815 [INFO] Capturing request: https://corestream.siteyaptim.live//bein5/tracks-v1a1/mono.m3u8
2026-08-13 11:48:58,935 [INFO] Capturing response: https://www.atomsportv512.top/assets/img/player/player_logo_6a72b29dbcd89.png 304 
2026-08-13 11:48:58,951 [INFO] Capturing response: https://corestream.siteyaptim.live//bein5/tracks-v1a1/mono.m3u8 200 
2026-08-13 11:48:59,060 [INFO] Capturing request: https://global.siteyaptim.live/bein5/tracks-v1a1/2026/08/13/11/48/47-05400.jpg
2026-08-13 11:49:00,942 [INFO] Capturing response: https://global.siteyaptim.live/bein5/tracks-v1a1/2026/08/13/11/48/47-05400.jpg 200 
2026-08-13 11:49:01,191 [INFO]   ✅ M3U8 bulundu: https://corestream.siteyaptim.live//bein5/tracks-v1a1/mono.m3u8
2026-08-13 11:49:01,196 [INFO] Capturing request: https://global.siteyaptim.live/bein5/tracks-v1a1/2026/08/13/11/48/52-05080.jpg
2026-08-13 11:49:02,191 [INFO] 
[6/14]
2026-08-13 11:49:02,191 [INFO] 🔍 beIN Sports Max 1 → https://www.atomsportv512.top/matches?id=bein-sports-max-1
2026-08-13 11:49:02,300 [INFO] Capturing request: https://www.atomsportv512.top/matches?id=bein-sports-max-1
2026-08-13 11:49:02,507 [INFO] Capturing response: https://www.atomsportv512.top/matches?id=bein-sports-max-1 200 
2026-08-13 11:49:02,541 [INFO] Capturing request: https://streamsport365.com/cinema
2026-08-13 11:49:02,640 [INFO] Capturing request: https://www.atomsportv512.top/favicon.ico
2026-08-13 11:49:02,640 [INFO] Capturing request: https://teletv5.top/load/yayinlink.php?id=bein-sports-max-1
2026-08-13 11:49:02,679 [INFO] Capturing response: https://www.atomsportv512.top/favicon.ico 200 
2026-08-13 11:49:02,832 [INFO] Capturing response: https://teletv5.top/load/yayinlink.php?id=bein-sports-max-1 200 
2026-08-13 11:49:02,844 [INFO] Capturing response: https://streamsport365.com/cinema 200 
2026-08-13 11:49:02,984 [INFO] Capturing request: https://www.atomsportv512.top/assets/img/player/player_logo_6a72b29dbcd89.png
2026-08-13 11:49:02,991 [INFO] Capturing request: https://corestream.siteyaptim.live//beinmax1/tracks-v1a1/mono.m3u8
2026-08-13 11:49:03,112 [INFO] Capturing response: https://www.atomsportv512.top/assets/img/player/player_logo_6a72b29dbcd89.png 304 
2026-08-13 11:49:03,160 [INFO] Capturing response: https://corestream.siteyaptim.live//beinmax1/tracks-v1a1/mono.m3u8 200 
2026-08-13 11:49:03,310 [INFO] Capturing request: https://global.siteyaptim.live/beinmax1/tracks-v1a1/2026/08/13/11/49/02-05000.jpg
2026-08-13 11:49:03,448 [INFO] Capturing response: https://global.siteyaptim.live/bein5/tracks-v1a1/2026/08/13/11/48/52-05080.jpg 200 
2026-08-13 11:49:04,626 [INFO] Capturing response: https://global.siteyaptim.live/beinmax1/tracks-v1a1/2026/08/13/11/49/02-05000.jpg 200 
2026-08-13 11:49:04,786 [INFO] Capturing request: https://android.clients.google.com/c2dm/register3
2026-08-13 11:49:04,846 [INFO] Capturing response: https://android.clients.google.com/c2dm/register3 301 
2026-08-13 11:49:04,910 [INFO] Capturing request: https://global.siteyaptim.live/beinmax1/tracks-v1a1/2026/08/13/11/49/07-05000.jpg
2026-08-13 11:49:05,554 [INFO]   ✅ M3U8 bulundu: https://corestream.siteyaptim.live//beinmax1/tracks-v1a1/mono.m3u8
2026-08-13 11:49:06,185 [INFO] Capturing response: https://global.siteyaptim.live/beinmax1/tracks-v1a1/2026/08/13/11/49/07-05000.jpg 200 
2026-08-13 11:49:06,393 [INFO] Capturing request: https://global.siteyaptim.live/beinmax1/tracks-v1a1/2026/08/13/11/49/12-05000.jpg
2026-08-13 11:49:06,555 [INFO] 
[7/14]
2026-08-13 11:49:06,555 [INFO] 🔍 beIN Sports Max 2 → https://www.atomsportv512.top/matches?id=bein-sports-max-2
2026-08-13 11:49:06,663 [INFO] Capturing request: https://www.atomsportv512.top/matches?id=bein-sports-max-2
2026-08-13 11:49:06,874 [INFO] Capturing response: https://www.atomsportv512.top/matches?id=bein-sports-max-2 200 
2026-08-13 11:49:07,004 [INFO] Capturing request: https://teletv5.top/load/yayinlink.php?id=bein-sports-max-2
2026-08-13 11:49:07,006 [INFO] Capturing request: https://www.atomsportv512.top/favicon.ico
2026-08-13 11:49:07,046 [INFO] Capturing response: https://www.atomsportv512.top/favicon.ico 200 
2026-08-13 11:49:07,127 [INFO] Capturing request: https://streamsport365.com/cinema
2026-08-13 11:49:07,189 [INFO] Capturing response: https://teletv5.top/load/yayinlink.php?id=bein-sports-max-2 200 
2026-08-13 11:49:07,428 [INFO] Capturing response: https://streamsport365.com/cinema 200 
2026-08-13 11:49:07,538 [INFO] Capturing request: https://www.atomsportv512.top/assets/img/player/player_logo_6a72b29dbcd89.png
2026-08-13 11:49:07,547 [INFO] Capturing request: https://corestream.siteyaptim.live//hls/s-sport.m3u8
2026-08-13 11:49:07,643 [INFO] Capturing response: https://global.siteyaptim.live/beinmax1/tracks-v1a1/2026/08/13/11/49/12-05000.jpg 200 
2026-08-13 11:49:07,670 [INFO] Capturing response: https://www.atomsportv512.top/assets/img/player/player_logo_6a72b29dbcd89.png 304 
2026-08-13 11:49:07,676 [INFO] 127.0.0.1:59532: ProtocolException("Error in HTTP connection: Http2ZombieException('Connection or stream already dead: 1786621747.6765463, False')")
2026-08-13 11:49:07,702 [INFO] Capturing response: https://corestream.siteyaptim.live//hls/s-sport.m3u8 404 
2026-08-13 11:49:09,824 [INFO] Capturing request: https://corestream.siteyaptim.live//hls/s-sport.m3u8
2026-08-13 11:49:09,915 [INFO]   ✅ M3U8 bulundu: https://corestream.siteyaptim.live//hls/s-sport.m3u8
2026-08-13 11:49:09,967 [INFO] Capturing response: https://corestream.siteyaptim.live//hls/s-sport.m3u8 404 
2026-08-13 11:49:10,915 [INFO] 
[8/14]
2026-08-13 11:49:10,915 [INFO] 🔍 S Sport → https://www.atomsportv512.top/matches?id=s-sport
2026-08-13 11:49:11,023 [INFO] Capturing request: https://www.atomsportv512.top/matches?id=s-sport
2026-08-13 11:49:11,373 [INFO] Capturing response: https://www.atomsportv512.top/matches?id=s-sport 200 
2026-08-13 11:49:11,402 [INFO] Capturing request: https://streamsport365.com/cinema
2026-08-13 11:49:11,502 [INFO] Capturing request: https://teletv5.top/load/yayinlink.php?id=s-sport
2026-08-13 11:49:11,504 [INFO] Capturing request: https://www.atomsportv512.top/favicon.ico
2026-08-13 11:49:11,545 [INFO] Capturing response: https://www.atomsportv512.top/favicon.ico 200 
2026-08-13 11:49:11,684 [INFO] Capturing response: https://teletv5.top/load/yayinlink.php?id=s-sport 200 
2026-08-13 11:49:11,705 [INFO] Capturing response: https://streamsport365.com/cinema 200 
2026-08-13 11:49:11,835 [INFO] Capturing request: https://www.atomsportv512.top/assets/img/player/player_logo_6a72b29dbcd89.png
2026-08-13 11:49:11,843 [INFO] Capturing request: https://corestream.siteyaptim.live//s-sport/tracks-v1a1/mono.m3u8
2026-08-13 11:49:11,965 [INFO] Capturing response: https://www.atomsportv512.top/assets/img/player/player_logo_6a72b29dbcd89.png 304 
2026-08-13 11:49:11,990 [INFO] Capturing response: https://corestream.siteyaptim.live//s-sport/tracks-v1a1/mono.m3u8 200 
2026-08-13 11:49:12,100 [INFO] Capturing request: https://global.siteyaptim.live/s-sport/tracks-v1a1/2026/08/13/11/49/38-14760.jpg
2026-08-13 11:49:13,982 [INFO] Capturing response: https://global.siteyaptim.live/s-sport/tracks-v1a1/2026/08/13/11/49/38-14760.jpg 200 
2026-08-13 11:49:14,240 [INFO] Capturing request: https://global.siteyaptim.live/s-sport/tracks-v1a1/2026/08/13/11/49/53-10000.jpg
2026-08-13 11:49:14,415 [INFO]   ✅ M3U8 bulundu: https://corestream.siteyaptim.live//s-sport/tracks-v1a1/mono.m3u8
2026-08-13 11:49:15,379 [INFO] Capturing response: https://global.siteyaptim.live/s-sport/tracks-v1a1/2026/08/13/11/49/53-10000.jpg 200 
2026-08-13 11:49:15,415 [INFO] 
[9/14]
2026-08-13 11:49:15,416 [INFO] 🔍 S Sport 2 → https://www.atomsportv512.top/matches?id=s-sport-2
2026-08-13 11:49:15,534 [INFO] Capturing request: https://www.atomsportv512.top/matches?id=s-sport-2
2026-08-13 11:49:15,589 [INFO] Capturing request: https://global.siteyaptim.live/s-sport/tracks-v1a1/2026/08/13/11/50/03-09720.jpg
2026-08-13 11:49:15,742 [INFO] Capturing response: https://www.atomsportv512.top/matches?id=s-sport-2 200 
2026-08-13 11:49:15,872 [INFO] Capturing request: https://teletv5.top/load/yayinlink.php?id=s-sport-2
2026-08-13 11:49:15,875 [INFO] Capturing request: https://www.atomsportv512.top/favicon.ico
2026-08-13 11:49:15,915 [INFO] Capturing response: https://www.atomsportv512.top/favicon.ico 200 
2026-08-13 11:49:16,002 [INFO] Capturing request: https://streamsport365.com/cinema
2026-08-13 11:49:16,053 [INFO] Capturing response: https://teletv5.top/load/yayinlink.php?id=s-sport-2 200 
2026-08-13 11:49:16,304 [INFO] Capturing response: https://streamsport365.com/cinema 200 
2026-08-13 11:49:16,414 [INFO] Capturing request: https://www.atomsportv512.top/assets/img/player/player_logo_6a72b29dbcd89.png
2026-08-13 11:49:16,421 [INFO] Capturing request: https://corestream.siteyaptim.live//s-sport2/tracks-v1a1/mono.m3u8
2026-08-13 11:49:16,542 [INFO] Capturing response: https://www.atomsportv512.top/assets/img/player/player_logo_6a72b29dbcd89.png 304 
2026-08-13 11:49:16,561 [INFO] Capturing response: https://corestream.siteyaptim.live//s-sport2/tracks-v1a1/mono.m3u8 200 
2026-08-13 11:49:16,670 [INFO] Capturing request: https://global.siteyaptim.live/s-sport2/tracks-v1a1/2026/08/13/11/48/45-10000.jpg
2026-08-13 11:49:16,878 [INFO] Capturing response: https://global.siteyaptim.live/s-sport/tracks-v1a1/2026/08/13/11/50/03-09720.jpg 200 
2026-08-13 11:49:18,322 [INFO] Capturing response: https://global.siteyaptim.live/s-sport2/tracks-v1a1/2026/08/13/11/48/45-10000.jpg 200 
2026-08-13 11:49:18,555 [INFO] Capturing request: https://global.siteyaptim.live/s-sport2/tracks-v1a1/2026/08/13/11/48/55-10000.jpg
2026-08-13 11:49:18,788 [INFO]   ✅ M3U8 bulundu: https://corestream.siteyaptim.live//s-sport2/tracks-v1a1/mono.m3u8
2026-08-13 11:49:19,788 [INFO] 
[10/14]
2026-08-13 11:49:19,788 [INFO] 🔍 A Spor → https://www.atomsportv512.top/matches?id=a-spor
2026-08-13 11:49:19,898 [INFO] Capturing request: https://www.atomsportv512.top/matches?id=a-spor
2026-08-13 11:49:20,101 [INFO] Capturing response: https://global.siteyaptim.live/s-sport2/tracks-v1a1/2026/08/13/11/48/55-10000.jpg 200 
2026-08-13 11:49:20,107 [INFO] Capturing response: https://www.atomsportv512.top/matches?id=a-spor 200 
2026-08-13 11:49:20,144 [INFO] Capturing request: https://streamsport365.com/cinema
2026-08-13 11:49:20,241 [INFO] Capturing request: https://teletv5.top/load/yayinlink.php?id=a-spor
2026-08-13 11:49:20,245 [INFO] Capturing request: https://www.atomsportv512.top/favicon.ico
2026-08-13 11:49:20,287 [INFO] Capturing response: https://www.atomsportv512.top/favicon.ico 200 
2026-08-13 11:49:20,424 [INFO] Capturing response: https://teletv5.top/load/yayinlink.php?id=a-spor 200 
2026-08-13 11:49:20,452 [INFO] Capturing response: https://streamsport365.com/cinema 200 
2026-08-13 11:49:20,574 [INFO] Capturing request: https://www.atomsportv512.top/assets/img/player/player_logo_6a72b29dbcd89.png
2026-08-13 11:49:20,581 [INFO] Capturing request: https://corestream.siteyaptim.live//aspor/tracks-v1a1/mono.m3u8
2026-08-13 11:49:20,713 [INFO] Capturing response: https://www.atomsportv512.top/assets/img/player/player_logo_6a72b29dbcd89.png 304 
2026-08-13 11:49:20,722 [INFO] Capturing response: https://corestream.siteyaptim.live//aspor/tracks-v1a1/mono.m3u8 200 
2026-08-13 11:49:20,871 [INFO] Capturing request: https://global.siteyaptim.live/aspor/tracks-v1a1/2026/08/13/11/50/35-10000.jpg
2026-08-13 11:49:22,908 [INFO] Capturing response: https://global.siteyaptim.live/aspor/tracks-v1a1/2026/08/13/11/50/35-10000.jpg 200 
2026-08-13 11:49:23,158 [INFO]   ✅ M3U8 bulundu: https://corestream.siteyaptim.live//aspor/tracks-v1a1/mono.m3u8
2026-08-13 11:49:23,166 [INFO] Capturing request: https://global.siteyaptim.live/aspor/tracks-v1a1/2026/08/13/11/50/45-10000.jpg
2026-08-13 11:49:24,158 [INFO] 
[11/14]
2026-08-13 11:49:24,158 [INFO] 🔍 Tivibu Spor 1 → https://www.atomsportv512.top/matches?id=tivibu-spor-1
2026-08-13 11:49:24,266 [INFO] Capturing request: https://www.atomsportv512.top/matches?id=tivibu-spor-1
2026-08-13 11:49:24,471 [INFO] Capturing response: https://www.atomsportv512.top/matches?id=tivibu-spor-1 200 
2026-08-13 11:49:24,603 [INFO] Capturing request: https://teletv5.top/load/yayinlink.php?id=tivibu-spor-1
2026-08-13 11:49:24,604 [INFO] Capturing request: https://www.atomsportv512.top/favicon.ico
2026-08-13 11:49:24,631 [INFO] Capturing response: https://teletv5.top/load/yayinlink.php?id=tivibu-spor-1 200 
2026-08-13 11:49:24,648 [INFO] Capturing response: https://www.atomsportv512.top/favicon.ico 200 
2026-08-13 11:49:24,729 [INFO] Capturing request: https://streamsport365.com/cinema
2026-08-13 11:49:25,038 [INFO] Capturing response: https://streamsport365.com/cinema 200 
2026-08-13 11:49:25,349 [INFO] Capturing response: https://global.siteyaptim.live/aspor/tracks-v1a1/2026/08/13/11/50/45-10000.jpg 200 
2026-08-13 11:49:39,257 [INFO] Capturing request: https://update.googleapis.com/service/update2/json?cup2key=16:lJ_lUOx_h_FGP8thH11fVkaCrruftDexT3TSgAZm62Y&cup2hreq=61f8c902ac4edd1c113a4973f18ea0678d42611b07ad5320c0a03b3d7db33daf
2026-08-13 11:49:39,315 [INFO] Capturing response: https://update.googleapis.com/service/update2/json?cup2key=16:lJ_lUOx_h_FGP8thH11fVkaCrruftDexT3TSgAZm62Y&cup2hreq=61f8c902ac4edd1c113a4973f18ea0678d42611b07ad5320c0a03b3d7db33daf 200 
2026-08-13 11:49:39,320 [INFO] Capturing request: http://edgedl.me.gvt1.com/edgedl/diffgen-puffin/gcmjkmgdlgnkkcocmoeiminaijmmjnii/6ca5bdb9f3e2cd83b7e359729bc6c33c4fe975ec499861d969b3e080320849ff
2026-08-13 11:49:39,400 [INFO] Capturing response: http://edgedl.me.gvt1.com/edgedl/diffgen-puffin/gcmjkmgdlgnkkcocmoeiminaijmmjnii/6ca5bdb9f3e2cd83b7e359729bc6c33c4fe975ec499861d969b3e080320849ff 200 OK
2026-08-13 11:49:39,421 [INFO] Capturing request: https://update.googleapis.com/service/update2/json
2026-08-13 11:49:39,477 [INFO] Capturing response: https://update.googleapis.com/service/update2/json 200 
2026-08-13 11:49:39,521 [INFO] Capturing request: http://edgedl.me.gvt1.com/edgedl/release2/chrome_component/ozg37jqkkhn2d4cl4oaxu5dqcu_10712/hfnkpimlhhgieaddgfemjhofmfblmnib_10712_all_kcayxrcwtpnk3ntmesnbtptnoa.crx3
2026-08-13 11:49:39,600 [INFO] Capturing response: http://edgedl.me.gvt1.com/edgedl/release2/chrome_component/ozg37jqkkhn2d4cl4oaxu5dqcu_10712/hfnkpimlhhgieaddgfemjhofmfblmnib_10712_all_kcayxrcwtpnk3ntmesnbtptnoa.crx3 200 OK
2026-08-13 11:49:39,625 [INFO] Capturing request: https://update.googleapis.com/service/update2/json
2026-08-13 11:49:39,662 [INFO] Capturing response: https://update.googleapis.com/service/update2/json 200 
2026-08-13 11:49:50,033 [INFO] Capturing request: https://android.clients.google.com/c2dm/register3
2026-08-13 11:49:50,089 [INFO] Capturing response: https://android.clients.google.com/c2dm/register3 301 
2026-08-13 11:49:57,788 [WARNING]   ❌ Tivibu Spor 1 için M3U8 bulunamadı
2026-08-13 11:49:58,788 [INFO] 
[12/14]
2026-08-13 11:49:58,788 [INFO] 🔍 Tivibu Spor 2 → https://www.atomsportv512.top/matches?id=tivibu-spor-2
2026-08-13 11:49:58,952 [INFO] Capturing request: https://www.atomsportv512.top/matches?id=tivibu-spor-2
2026-08-13 11:49:59,338 [INFO] Capturing response: https://www.atomsportv512.top/matches?id=tivibu-spor-2 200 
2026-08-13 11:49:59,501 [INFO] Capturing request: https://www.atomsportv512.top/favicon.ico
2026-08-13 11:49:59,543 [INFO] Capturing request: https://teletv5.top/load/yayinlink.php?id=tivibu-spor-2
2026-08-13 11:49:59,549 [INFO] Capturing response: https://www.atomsportv512.top/favicon.ico 200 
2026-08-13 11:49:59,578 [INFO] Capturing response: https://teletv5.top/load/yayinlink.php?id=tivibu-spor-2 200 
2026-08-13 11:50:00,077 [INFO] Capturing request: https://streamsport365.com/cinema
2026-08-13 11:50:00,376 [INFO] Capturing response: https://streamsport365.com/cinema 200 
2026-08-13 11:50:32,715 [WARNING]   ❌ Tivibu Spor 2 için M3U8 bulunamadı
2026-08-13 11:50:33,715 [INFO] 
[13/14]
2026-08-13 11:50:33,716 [INFO] 🔍 Tivibu Spor 3 → https://www.atomsportv512.top/matches?id=tivibu-spor-3
2026-08-13 11:50:33,825 [INFO] Capturing request: https://www.atomsportv512.top/matches?id=tivibu-spor-3
2026-08-13 11:50:34,206 [INFO] Capturing response: https://www.atomsportv512.top/matches?id=tivibu-spor-3 200 
2026-08-13 11:50:34,337 [INFO] Capturing request: https://teletv5.top/load/yayinlink.php?id=tivibu-spor-3
2026-08-13 11:50:34,340 [INFO] Capturing request: https://www.atomsportv512.top/favicon.ico
2026-08-13 11:50:34,363 [INFO] Capturing response: https://teletv5.top/load/yayinlink.php?id=tivibu-spor-3 200 
2026-08-13 11:50:34,387 [INFO] Capturing response: https://www.atomsportv512.top/favicon.ico 200 
2026-08-13 11:50:34,464 [INFO] Capturing request: https://streamsport365.com/cinema
2026-08-13 11:50:34,771 [INFO] Capturing response: https://streamsport365.com/cinema 200 
2026-08-13 11:51:07,532 [WARNING]   ❌ Tivibu Spor 3 için M3U8 bulunamadı
2026-08-13 11:51:08,533 [INFO] 
[14/14]
2026-08-13 11:51:08,533 [INFO] 🔍 Tivibu Spor 4 → https://www.atomsportv512.top/matches?id=tivibu-spor-4
2026-08-13 11:51:08,644 [INFO] Capturing request: https://www.atomsportv512.top/matches?id=tivibu-spor-4
2026-08-13 11:51:09,034 [INFO] Capturing response: https://www.atomsportv512.top/matches?id=tivibu-spor-4 200 
2026-08-13 11:51:09,163 [INFO] Capturing request: https://teletv5.top/load/yayinlink.php?id=tivibu-spor-4
2026-08-13 11:51:09,165 [INFO] Capturing request: https://www.atomsportv512.top/favicon.ico
2026-08-13 11:51:09,286 [INFO] Capturing request: https://streamsport365.com/cinema
2026-08-13 11:51:09,306 [INFO] Capturing response: https://www.atomsportv512.top/favicon.ico 200 
2026-08-13 11:51:09,471 [INFO] Capturing response: https://teletv5.top/load/yayinlink.php?id=tivibu-spor-4 200 
2026-08-13 11:51:09,591 [INFO] Capturing response: https://streamsport365.com/cinema 200 
2026-08-13 11:51:41,771 [INFO] Capturing request: https://android.clients.google.com/c2dm/register3
2026-08-13 11:51:41,841 [INFO] Capturing response: https://android.clients.google.com/c2dm/register3 301 
2026-08-13 11:51:42,391 [WARNING]   ❌ Tivibu Spor 4 için M3U8 bulunamadı
2026-08-13 11:51:43,449 [INFO] ✅ 10 kanal bulundu, playlist.m3u kaydedildi
