2026-09-06 00:39:52,793 [INFO] 🌐 BASE_URL: https://www.atomsportv514.top
2026-09-06 00:39:53,788 [INFO] Başlanıyor... 14 kanal taranacak
2026-09-06 00:39:53,788 [INFO] Using default request storage
2026-09-06 00:39:53,792 [INFO] Created proxy listening on 127.0.0.1:38203
2026-09-06 00:39:54,467 [INFO] Capturing request: http://clients2.google.com/time/1/current?cup2key=10:E440ldQfJ61HxZ8ZXZRtEZFhByMgy7ab0dz4OV-6vrY&cup2hreq=e3b0c44298fc1c149afbf4c8996fb92427ae41e4649b934ca495991b7852b855
2026-09-06 00:39:54,503 [INFO] Capturing response: http://clients2.google.com/time/1/current?cup2key=10:E440ldQfJ61HxZ8ZXZRtEZFhByMgy7ab0dz4OV-6vrY&cup2hreq=e3b0c44298fc1c149afbf4c8996fb92427ae41e4649b934ca495991b7852b855 200 OK
2026-09-06 00:39:54,732 [INFO] 
[1/14]
2026-09-06 00:39:54,732 [INFO] 🔍 beIN Sports 1 → https://www.atomsportv514.top/matches?id=bein-sports-1
2026-09-06 00:39:54,868 [INFO] Capturing request: https://update.googleapis.com/service/update2/json?cup2key=16:gAlYErjpoW2UWcj_lAr3xs2MVvZHOdUMqUVnKZfE9rU&cup2hreq=204d81abd10b624488e6f8d8132ea2058fdaa27c28d31da5736fe96a9324d587
2026-09-06 00:39:54,882 [INFO] Capturing request: https://accounts.google.com/ListAccounts?gpsia=1&source=ChromiumBrowser&json=standard&laf=b64bin
2026-09-06 00:39:54,942 [INFO] Capturing response: https://update.googleapis.com/service/update2/json?cup2key=16:gAlYErjpoW2UWcj_lAr3xs2MVvZHOdUMqUVnKZfE9rU&cup2hreq=204d81abd10b624488e6f8d8132ea2058fdaa27c28d31da5736fe96a9324d587 200 
2026-09-06 00:39:54,946 [INFO] Capturing response: https://accounts.google.com/ListAccounts?gpsia=1&source=ChromiumBrowser&json=standard&laf=b64bin 200 
2026-09-06 00:39:54,965 [INFO] Capturing request: https://www.atomsportv514.top/matches?id=bein-sports-1
2026-09-06 00:39:54,969 [INFO] Capturing request: https://www.google.com/async/folae?async=_fmt:pb&udm=50&client_locale=en-US&client_country=ZZ
2026-09-06 00:39:54,991 [INFO] Capturing request: https://update.googleapis.com/service/update2/json?cup2key=16:BrYs_Ykl20VeYnyT2sRlbB1eiShgMOM3kRjiLA0mgE8&cup2hreq=f3fc98792d408a313e958af7e2c9a0d3639e0e947ab87609f8bc09672f080412
2026-09-06 00:39:54,998 [INFO] Capturing response: https://www.google.com/async/folae?async=_fmt:pb&udm=50&client_locale=en-US&client_country=ZZ 200 
2026-09-06 00:39:55,015 [INFO] Capturing response: https://update.googleapis.com/service/update2/json?cup2key=16:BrYs_Ykl20VeYnyT2sRlbB1eiShgMOM3kRjiLA0mgE8&cup2hreq=f3fc98792d408a313e958af7e2c9a0d3639e0e947ab87609f8bc09672f080412 200 
2026-09-06 00:39:55,063 [INFO] Capturing request: https://update.googleapis.com/service/update2/json?cup2key=16:KBDWYmL0HFf5ohaQdrhX0UzYdfAa5tOAw6tt8hoA32s&cup2hreq=8b27febd3ce3e58b8452ef055efe664fae3168bd05b46402bf2aab06d9b8b650
2026-09-06 00:39:55,087 [INFO] Capturing response: https://update.googleapis.com/service/update2/json?cup2key=16:KBDWYmL0HFf5ohaQdrhX0UzYdfAa5tOAw6tt8hoA32s&cup2hreq=8b27febd3ce3e58b8452ef055efe664fae3168bd05b46402bf2aab06d9b8b650 200 
2026-09-06 00:39:55,191 [INFO] Capturing request: https://www.google.com/async/folae?async=_fmt:pb&udm=50&client_locale=en-US&client_country=ZZ
2026-09-06 00:39:55,222 [INFO] Capturing response: https://www.google.com/async/folae?async=_fmt:pb&udm=50&client_locale=en-US&client_country=ZZ 200 
2026-09-06 00:39:55,643 [INFO] Capturing response: https://www.atomsportv514.top/matches?id=bein-sports-1 200 
2026-09-06 00:39:55,848 [INFO] Capturing request: https://cdn.jsdelivr.net/npm/@clappr/player@0.11.16/dist/clappr.min.js
2026-09-06 00:39:55,853 [INFO] Capturing request: https://cdn.jsdelivr.net/npm/@clappr/hlsjs-playback@1.8.3/dist/hlsjs-playback.min.js
2026-09-06 00:39:55,854 [INFO] Capturing request: https://cdn.jsdelivr.net/npm/level-selector/dist/level-selector.min.js
2026-09-06 00:39:55,875 [INFO] Capturing response: https://cdn.jsdelivr.net/npm/level-selector/dist/level-selector.min.js 200 
2026-09-06 00:39:55,910 [INFO] Capturing response: https://cdn.jsdelivr.net/npm/@clappr/player@0.11.16/dist/clappr.min.js 200 
2026-09-06 00:39:55,919 [INFO] Capturing response: https://cdn.jsdelivr.net/npm/@clappr/hlsjs-playback@1.8.3/dist/hlsjs-playback.min.js 200 
2026-09-06 00:39:56,019 [INFO] Capturing request: https://www.atomsportv514.top/matches?id=bein-sports-1
2026-09-06 00:39:56,123 [INFO] Capturing request: https://www.atomsportv514.top/favicon.ico
2026-09-06 00:39:56,189 [INFO] Capturing response: https://www.atomsportv514.top/favicon.ico 200 
2026-09-06 00:39:56,245 [INFO] Capturing request: https://teletv5.top/load/yayinlink.php?id=bein-sports-1
2026-09-06 00:39:56,305 [INFO] Capturing response: https://www.atomsportv514.top/matches?id=bein-sports-1 200 
2026-09-06 00:39:56,711 [INFO] Capturing response: https://teletv5.top/load/yayinlink.php?id=bein-sports-1 200 
2026-09-06 00:39:56,881 [INFO] Capturing request: https://www.atomsportv514.top/assets/img/player/player_logo_6a87a2e2eecc5.png
2026-09-06 00:39:56,931 [INFO] Capturing response: https://www.atomsportv514.top/assets/img/player/player_logo_6a87a2e2eecc5.png 200 
2026-09-06 00:39:56,953 [INFO] Capturing request: https://corestream.ardastream.live//beintv/tracks-v1a1/mono.m3u8
2026-09-06 00:39:57,132 [INFO] Capturing response: https://corestream.ardastream.live//beintv/tracks-v1a1/mono.m3u8 200 
2026-09-06 00:39:57,351 [INFO] Capturing request: https://global.ardastream.live/beintv/tracks-v1a1/2026/09/06/00/39/36-06000.jpg
2026-09-06 00:39:57,859 [INFO] Capturing request: https://android.clients.google.com/checkin
2026-09-06 00:39:57,866 [INFO] Capturing response: https://global.ardastream.live/beintv/tracks-v1a1/2026/09/06/00/39/36-06000.jpg 200 
2026-09-06 00:39:57,932 [INFO] Capturing response: https://android.clients.google.com/checkin 200 
2026-09-06 00:39:57,984 [INFO] Capturing request: https://android.clients.google.com/c2dm/register3
2026-09-06 00:39:57,988 [INFO] Capturing request: https://android.clients.google.com/c2dm/register3
2026-09-06 00:39:57,989 [INFO] Capturing request: https://android.clients.google.com/c2dm/register3
2026-09-06 00:39:58,017 [INFO] Capturing response: https://android.clients.google.com/c2dm/register3 301 
2026-09-06 00:39:58,075 [INFO] Capturing request: https://global.ardastream.live/beintv/tracks-v1a1/2026/09/06/00/39/42-06000.jpg
2026-09-06 00:39:58,475 [INFO] Capturing response: https://global.ardastream.live/beintv/tracks-v1a1/2026/09/06/00/39/42-06000.jpg 200 
2026-09-06 00:39:58,669 [INFO] Capturing request: https://global.ardastream.live/beintv/tracks-v1a1/2026/09/06/00/39/48-06000.jpg
2026-09-06 00:39:58,847 [INFO] Capturing response: https://android.clients.google.com/c2dm/register3 200 
2026-09-06 00:39:58,881 [INFO] Capturing response: https://android.clients.google.com/c2dm/register3 200 
2026-09-06 00:39:59,052 [INFO] Capturing response: https://global.ardastream.live/beintv/tracks-v1a1/2026/09/06/00/39/48-06000.jpg 200 
2026-09-06 00:39:59,083 [INFO]   ✅ M3U8 bulundu: https://corestream.ardastream.live//beintv/tracks-v1a1/mono.m3u8
2026-09-06 00:40:00,084 [INFO] 
[2/14]
2026-09-06 00:40:00,084 [INFO] 🔍 beIN Sports 2 → https://www.atomsportv514.top/matches?id=bein-sports-2
2026-09-06 00:40:00,195 [INFO] Capturing request: https://www.atomsportv514.top/matches?id=bein-sports-2
2026-09-06 00:40:00,491 [INFO] Capturing response: https://www.atomsportv514.top/matches?id=bein-sports-2 200 
2026-09-06 00:40:00,540 [INFO] Capturing request: https://www.atomsportv514.top/matches?id=bein-sports-2
2026-09-06 00:40:00,641 [INFO] Capturing request: https://teletv5.top/load/yayinlink.php?id=bein-sports-2
2026-09-06 00:40:00,643 [INFO] Capturing request: https://www.atomsportv514.top/favicon.ico
2026-09-06 00:40:00,699 [INFO] Capturing response: https://www.atomsportv514.top/favicon.ico 200 
2026-09-06 00:40:00,834 [INFO] Capturing response: https://www.atomsportv514.top/matches?id=bein-sports-2 200 
2026-09-06 00:40:00,891 [INFO] Capturing response: https://teletv5.top/load/yayinlink.php?id=bein-sports-2 200 
2026-09-06 00:40:01,003 [INFO] Capturing request: https://www.atomsportv514.top/assets/img/player/player_logo_6a87a2e2eecc5.png
2026-09-06 00:40:01,013 [INFO] Capturing request: https://corestream.ardastream.live//bein2/tracks-v1a1/mono.m3u8
2026-09-06 00:40:01,126 [INFO] Capturing response: https://www.atomsportv514.top/assets/img/player/player_logo_6a87a2e2eecc5.png 304 
2026-09-06 00:40:01,198 [INFO] Capturing response: https://corestream.ardastream.live//bein2/tracks-v1a1/mono.m3u8 200 
2026-09-06 00:40:01,307 [INFO] Capturing request: https://global.ardastream.live/bein2/tracks-v1a1/2026/09/06/00/40/43-10000.jpg
2026-09-06 00:40:02,467 [INFO] Capturing response: https://global.ardastream.live/bein2/tracks-v1a1/2026/09/06/00/40/43-10000.jpg 200 
2026-09-06 00:40:02,831 [INFO] Capturing request: https://global.ardastream.live/bein2/tracks-v1a1/2026/09/06/00/40/53-10000.jpg
2026-09-06 00:40:03,559 [INFO]   ✅ M3U8 bulundu: https://corestream.ardastream.live//bein2/tracks-v1a1/mono.m3u8
2026-09-06 00:40:04,041 [INFO] Capturing response: https://global.ardastream.live/bein2/tracks-v1a1/2026/09/06/00/40/53-10000.jpg 200 
2026-09-06 00:40:04,390 [INFO] Capturing request: https://global.ardastream.live/bein2/tracks-v1a1/2026/09/06/00/41/03-10000.jpg
2026-09-06 00:40:04,560 [INFO] 
[3/14]
2026-09-06 00:40:04,560 [INFO] 🔍 beIN Sports 3 → https://www.atomsportv514.top/matches?id=bein-sports-3
2026-09-06 00:40:04,675 [INFO] Capturing request: https://www.atomsportv514.top/matches?id=bein-sports-3
2026-09-06 00:40:04,980 [INFO] Capturing response: https://www.atomsportv514.top/matches?id=bein-sports-3 200 
2026-09-06 00:40:05,020 [INFO] Capturing request: https://www.atomsportv514.top/matches?id=bein-sports-3
2026-09-06 00:40:05,122 [INFO] Capturing request: https://teletv5.top/load/yayinlink.php?id=bein-sports-3
2026-09-06 00:40:05,123 [INFO] Capturing request: https://www.atomsportv514.top/favicon.ico
2026-09-06 00:40:05,191 [INFO] Capturing response: https://www.atomsportv514.top/favicon.ico 200 
2026-09-06 00:40:05,316 [INFO] Capturing response: https://www.atomsportv514.top/matches?id=bein-sports-3 200 
2026-09-06 00:40:05,375 [INFO] Capturing response: https://teletv5.top/load/yayinlink.php?id=bein-sports-3 200 
2026-09-06 00:40:05,489 [INFO] Capturing request: https://www.atomsportv514.top/assets/img/player/player_logo_6a87a2e2eecc5.png
2026-09-06 00:40:05,499 [INFO] Capturing request: https://corestream.ardastream.live//bein3/tracks-v1a1/mono.m3u8
2026-09-06 00:40:05,597 [INFO] Capturing response: https://global.ardastream.live/bein2/tracks-v1a1/2026/09/06/00/41/03-10000.jpg 200 
2026-09-06 00:40:05,615 [INFO] Capturing response: https://www.atomsportv514.top/assets/img/player/player_logo_6a87a2e2eecc5.png 304 
2026-09-06 00:40:05,631 [INFO] 127.0.0.1:60204: ProtocolException("Error in HTTP connection: Http2ZombieException('Connection or stream already dead: 1788655205.629882, False')")
2026-09-06 00:40:05,680 [INFO] Capturing response: https://corestream.ardastream.live//bein3/tracks-v1a1/mono.m3u8 200 
2026-09-06 00:40:05,789 [INFO] Capturing request: https://global.ardastream.live/bein3/tracks-v1a1/2026/09/06/00/39/42-12920.jpg
2026-09-06 00:40:07,278 [INFO] Capturing response: https://global.ardastream.live/bein3/tracks-v1a1/2026/09/06/00/39/42-12920.jpg 200 
2026-09-06 00:40:07,697 [INFO] Capturing request: https://global.ardastream.live/bein3/tracks-v1a1/2026/09/06/00/39/55-10000.jpg
2026-09-06 00:40:08,040 [INFO]   ✅ M3U8 bulundu: https://corestream.ardastream.live//bein3/tracks-v1a1/mono.m3u8
2026-09-06 00:40:08,920 [INFO] Capturing response: https://global.ardastream.live/bein3/tracks-v1a1/2026/09/06/00/39/55-10000.jpg 200 
2026-09-06 00:40:09,041 [INFO] 
[4/14]
2026-09-06 00:40:09,041 [INFO] 🔍 beIN Sports 4 → https://www.atomsportv514.top/matches?id=bein-sports-4
2026-09-06 00:40:09,168 [INFO] Capturing request: https://www.atomsportv514.top/matches?id=bein-sports-4
2026-09-06 00:40:09,285 [INFO] Capturing request: https://global.ardastream.live/bein3/tracks-v1a1/2026/09/06/00/40/05-10000.jpg
2026-09-06 00:40:09,474 [INFO] Capturing response: https://www.atomsportv514.top/matches?id=bein-sports-4 200 
2026-09-06 00:40:09,508 [INFO] Capturing request: https://www.atomsportv514.top/matches?id=bein-sports-4
2026-09-06 00:40:09,606 [INFO] Capturing request: https://teletv5.top/load/yayinlink.php?id=bein-sports-4
2026-09-06 00:40:09,613 [INFO] Capturing request: https://www.atomsportv514.top/favicon.ico
2026-09-06 00:40:09,671 [INFO] Capturing response: https://www.atomsportv514.top/favicon.ico 200 
2026-09-06 00:40:09,801 [INFO] Capturing response: https://www.atomsportv514.top/matches?id=bein-sports-4 200 
2026-09-06 00:40:09,893 [INFO] Capturing response: https://teletv5.top/load/yayinlink.php?id=bein-sports-4 200 
2026-09-06 00:40:10,048 [INFO] Capturing request: https://www.atomsportv514.top/assets/img/player/player_logo_6a87a2e2eecc5.png
2026-09-06 00:40:10,058 [INFO] Capturing request: https://corestream.ardastream.live//bein4/tracks-v1a1/mono.m3u8
2026-09-06 00:40:10,171 [INFO] Capturing response: https://www.atomsportv514.top/assets/img/player/player_logo_6a87a2e2eecc5.png 304 
2026-09-06 00:40:10,237 [INFO] Capturing response: https://corestream.ardastream.live//bein4/tracks-v1a1/mono.m3u8 200 
2026-09-06 00:40:10,387 [INFO] Capturing request: https://global.ardastream.live/bein4/tracks-v1a1/2026/09/06/00/39/29-10000.jpg
2026-09-06 00:40:10,572 [INFO] Capturing response: https://global.ardastream.live/bein3/tracks-v1a1/2026/09/06/00/40/05-10000.jpg 200 
2026-09-06 00:40:11,719 [INFO] Capturing response: https://global.ardastream.live/bein4/tracks-v1a1/2026/09/06/00/39/29-10000.jpg 200 
2026-09-06 00:40:12,075 [INFO] Capturing request: https://global.ardastream.live/bein4/tracks-v1a1/2026/09/06/00/39/39-10000.jpg
2026-09-06 00:40:12,537 [INFO]   ✅ M3U8 bulundu: https://corestream.ardastream.live//bein4/tracks-v1a1/mono.m3u8
2026-09-06 00:40:13,228 [INFO] Capturing response: https://global.ardastream.live/bein4/tracks-v1a1/2026/09/06/00/39/39-10000.jpg 200 
2026-09-06 00:40:13,537 [INFO] 
[5/14]
2026-09-06 00:40:13,537 [INFO] 🔍 beIN Sports 5 → https://www.atomsportv514.top/matches?id=bein-sports-5
2026-09-06 00:40:13,587 [INFO] Capturing request: https://global.ardastream.live/bein4/tracks-v1a1/2026/09/06/00/39/49-10000.jpg
2026-09-06 00:40:13,648 [INFO] Capturing request: https://www.atomsportv514.top/matches?id=bein-sports-5
2026-09-06 00:40:13,940 [INFO] Capturing response: https://www.atomsportv514.top/matches?id=bein-sports-5 200 
2026-09-06 00:40:13,976 [INFO] Capturing request: https://www.atomsportv514.top/matches?id=bein-sports-5
2026-09-06 00:40:14,076 [INFO] Capturing request: https://teletv5.top/load/yayinlink.php?id=bein-sports-5
2026-09-06 00:40:14,081 [INFO] Capturing request: https://www.atomsportv514.top/favicon.ico
2026-09-06 00:40:14,131 [INFO] Capturing response: https://www.atomsportv514.top/favicon.ico 200 
2026-09-06 00:40:14,271 [INFO] Capturing response: https://www.atomsportv514.top/matches?id=bein-sports-5 200 
2026-09-06 00:40:14,322 [INFO] Capturing response: https://teletv5.top/load/yayinlink.php?id=bein-sports-5 200 
2026-09-06 00:40:14,434 [INFO] Capturing request: https://www.atomsportv514.top/assets/img/player/player_logo_6a87a2e2eecc5.png
2026-09-06 00:40:14,443 [INFO] Capturing request: https://corestream.ardastream.live//bein5/tracks-v1a1/mono.m3u8
2026-09-06 00:40:14,565 [INFO] Capturing response: https://www.atomsportv514.top/assets/img/player/player_logo_6a87a2e2eecc5.png 304 
2026-09-06 00:40:14,632 [INFO] Capturing response: https://corestream.ardastream.live//bein5/tracks-v1a1/mono.m3u8 200 
2026-09-06 00:40:14,745 [INFO] Capturing request: https://global.ardastream.live/bein5/tracks-v1a1/2026/09/06/00/40/34-05760.jpg
2026-09-06 00:40:14,841 [INFO] Capturing response: https://global.ardastream.live/bein4/tracks-v1a1/2026/09/06/00/39/49-10000.jpg 200 
2026-09-06 00:40:14,879 [INFO] 127.0.0.1:60204: ProtocolException("Error in HTTP connection: Http2ZombieException('Connection or stream already dead: 1788655214.8787146, False')")
2026-09-06 00:40:15,541 [INFO] Capturing response: https://global.ardastream.live/bein5/tracks-v1a1/2026/09/06/00/40/34-05760.jpg 200 
2026-09-06 00:40:15,814 [INFO] Capturing request: https://global.ardastream.live/bein5/tracks-v1a1/2026/09/06/00/40/40-10000.jpg
2026-09-06 00:40:16,990 [INFO]   ✅ M3U8 bulundu: https://corestream.ardastream.live//bein5/tracks-v1a1/mono.m3u8
2026-09-06 00:40:17,086 [INFO] Capturing response: https://global.ardastream.live/bein5/tracks-v1a1/2026/09/06/00/40/40-10000.jpg 200 
2026-09-06 00:40:17,509 [INFO] Capturing request: https://global.ardastream.live/bein5/tracks-v1a1/2026/09/06/00/40/50-13200.jpg
2026-09-06 00:40:17,990 [INFO] 
[6/14]
2026-09-06 00:40:17,990 [INFO] 🔍 beIN Sports Max 1 → https://www.atomsportv514.top/matches?id=bein-sports-max-1
2026-09-06 00:40:18,107 [INFO] Capturing request: https://www.atomsportv514.top/matches?id=bein-sports-max-1
2026-09-06 00:40:18,967 [INFO] Capturing response: https://www.atomsportv514.top/matches?id=bein-sports-max-1 200 
2026-09-06 00:40:19,011 [INFO] Capturing request: https://www.atomsportv514.top/matches?id=bein-sports-max-1
2026-09-06 00:40:19,068 [INFO] Capturing response: https://global.ardastream.live/bein5/tracks-v1a1/2026/09/06/00/40/50-13200.jpg 200 
2026-09-06 00:40:19,102 [INFO] Capturing request: https://teletv5.top/load/yayinlink.php?id=bein-sports-max-1
2026-09-06 00:40:19,111 [INFO] Capturing request: https://www.atomsportv514.top/favicon.ico
2026-09-06 00:40:19,119 [INFO] 127.0.0.1:60204: ProtocolException("Error in HTTP connection: Http2ZombieException('Connection or stream already dead: 1788655219.119448, False')")
2026-09-06 00:40:19,167 [INFO] Capturing response: https://www.atomsportv514.top/favicon.ico 200 
2026-09-06 00:40:19,305 [INFO] Capturing response: https://www.atomsportv514.top/matches?id=bein-sports-max-1 200 
2026-09-06 00:40:19,922 [INFO] Capturing response: https://teletv5.top/load/yayinlink.php?id=bein-sports-max-1 200 
2026-09-06 00:40:20,072 [INFO] Capturing request: https://www.atomsportv514.top/assets/img/player/player_logo_6a87a2e2eecc5.png
2026-09-06 00:40:20,081 [INFO] Capturing request: https://corestream.ardastream.live//beinmax1/tracks-v1a1/mono.m3u8
2026-09-06 00:40:20,194 [INFO] Capturing response: https://www.atomsportv514.top/assets/img/player/player_logo_6a87a2e2eecc5.png 304 
2026-09-06 00:40:20,268 [INFO] Capturing response: https://corestream.ardastream.live//beinmax1/tracks-v1a1/mono.m3u8 200 
2026-09-06 00:40:20,417 [INFO] Capturing request: https://global.ardastream.live/beinmax1/tracks-v1a1/2026/09/06/00/39/43-10000.jpg
2026-09-06 00:40:21,467 [INFO] Capturing response: https://global.ardastream.live/beinmax1/tracks-v1a1/2026/09/06/00/39/43-10000.jpg 200 
2026-09-06 00:40:21,807 [INFO] Capturing request: https://global.ardastream.live/beinmax1/tracks-v1a1/2026/09/06/00/39/53-10000.jpg
2026-09-06 00:40:22,021 [INFO]   ✅ M3U8 bulundu: https://corestream.ardastream.live//beinmax1/tracks-v1a1/mono.m3u8
2026-09-06 00:40:22,989 [INFO] Capturing response: https://global.ardastream.live/beinmax1/tracks-v1a1/2026/09/06/00/39/53-10000.jpg 200 
2026-09-06 00:40:23,022 [INFO] 
[7/14]
2026-09-06 00:40:23,022 [INFO] 🔍 beIN Sports Max 2 → https://www.atomsportv514.top/matches?id=bein-sports-max-2
2026-09-06 00:40:23,141 [INFO] Capturing request: https://www.atomsportv514.top/matches?id=bein-sports-max-2
2026-09-06 00:40:23,345 [INFO] Capturing request: https://global.ardastream.live/beinmax1/tracks-v1a1/2026/09/06/00/40/03-10000.jpg
2026-09-06 00:40:23,437 [INFO] Capturing response: https://www.atomsportv514.top/matches?id=bein-sports-max-2 200 
2026-09-06 00:40:23,466 [INFO] Capturing request: https://www.atomsportv514.top/matches?id=bein-sports-max-2
2026-09-06 00:40:23,567 [INFO] Capturing request: https://teletv5.top/load/yayinlink.php?id=bein-sports-max-2
2026-09-06 00:40:23,571 [INFO] Capturing request: https://www.atomsportv514.top/favicon.ico
2026-09-06 00:40:23,662 [INFO] Capturing response: https://www.atomsportv514.top/favicon.ico 200 
2026-09-06 00:40:23,758 [INFO] Capturing response: https://www.atomsportv514.top/matches?id=bein-sports-max-2 200 
2026-09-06 00:40:23,813 [INFO] Capturing response: https://teletv5.top/load/yayinlink.php?id=bein-sports-max-2 200 
2026-09-06 00:40:23,965 [INFO] Capturing request: https://www.atomsportv514.top/assets/img/player/player_logo_6a87a2e2eecc5.png
2026-09-06 00:40:23,975 [INFO] Capturing request: https://corestream.ardastream.live//beinmax2/tracks-v1a1/mono.m3u8
2026-09-06 00:40:24,167 [INFO] Capturing response: https://corestream.ardastream.live//beinmax2/tracks-v1a1/mono.m3u8 200 
2026-09-06 00:40:24,182 [INFO] Capturing response: https://www.atomsportv514.top/assets/img/player/player_logo_6a87a2e2eecc5.png 304 
2026-09-06 00:40:24,317 [INFO] Capturing request: https://global.ardastream.live/beinmax2/tracks-v1a1/2026/09/06/00/39/51-10000.jpg
2026-09-06 00:40:24,522 [INFO] Capturing response: https://global.ardastream.live/beinmax1/tracks-v1a1/2026/09/06/00/40/03-10000.jpg 200 
2026-09-06 00:40:24,670 [INFO] 127.0.0.1:60204: ProtocolException("Error in HTTP connection: Http2ZombieException('Connection or stream already dead: 1788655224.6664655, False')")
2026-09-06 00:40:25,309 [INFO] Capturing response: https://global.ardastream.live/beinmax2/tracks-v1a1/2026/09/06/00/39/51-10000.jpg 200 
2026-09-06 00:40:25,612 [INFO] Capturing request: https://global.ardastream.live/beinmax2/tracks-v1a1/2026/09/06/00/40/01-10000.jpg
2026-09-06 00:40:26,493 [INFO] Capturing response: https://global.ardastream.live/beinmax2/tracks-v1a1/2026/09/06/00/40/01-10000.jpg 200 
2026-09-06 00:40:26,532 [INFO]   ✅ M3U8 bulundu: https://corestream.ardastream.live//beinmax2/tracks-v1a1/mono.m3u8
2026-09-06 00:40:26,795 [INFO] Capturing request: https://global.ardastream.live/beinmax2/tracks-v1a1/2026/09/06/00/40/11-10000.jpg
2026-09-06 00:40:27,533 [INFO] 
[8/14]
2026-09-06 00:40:27,533 [INFO] 🔍 S Sport → https://www.atomsportv514.top/matches?id=s-sport
2026-09-06 00:40:27,644 [INFO] Capturing request: https://www.atomsportv514.top/matches?id=s-sport
2026-09-06 00:40:27,756 [INFO] Capturing response: https://global.ardastream.live/beinmax2/tracks-v1a1/2026/09/06/00/40/11-10000.jpg 200 
2026-09-06 00:40:27,772 [INFO] Capturing request: https://android.clients.google.com/c2dm/register3
2026-09-06 00:40:27,810 [INFO] Capturing response: https://android.clients.google.com/c2dm/register3 301 
2026-09-06 00:40:28,148 [INFO] Capturing response: https://www.atomsportv514.top/matches?id=s-sport 200 
2026-09-06 00:40:28,176 [INFO] Capturing request: https://www.atomsportv514.top/matches?id=s-sport
2026-09-06 00:40:28,272 [INFO] Capturing request: https://teletv5.top/load/yayinlink.php?id=s-sport
2026-09-06 00:40:28,276 [INFO] Capturing request: https://www.atomsportv514.top/favicon.ico
2026-09-06 00:40:28,328 [INFO] Capturing response: https://www.atomsportv514.top/favicon.ico 200 
2026-09-06 00:40:28,466 [INFO] Capturing response: https://www.atomsportv514.top/matches?id=s-sport 200 
2026-09-06 00:40:28,516 [INFO] Capturing response: https://teletv5.top/load/yayinlink.php?id=s-sport 200 
2026-09-06 00:40:28,627 [INFO] Capturing request: https://www.atomsportv514.top/assets/img/player/player_logo_6a87a2e2eecc5.png
2026-09-06 00:40:28,637 [INFO] Capturing request: https://corestream.ardastream.live//s-sport/tracks-v1a1/mono.m3u8
2026-09-06 00:40:28,750 [INFO] Capturing response: https://www.atomsportv514.top/assets/img/player/player_logo_6a87a2e2eecc5.png 304 
2026-09-06 00:40:28,818 [INFO] Capturing response: https://corestream.ardastream.live//s-sport/tracks-v1a1/mono.m3u8 200 
2026-09-06 00:40:28,926 [INFO] Capturing request: https://global.ardastream.live/s-sport/tracks-v1a1/2026/09/06/00/40/34-06400.jpg
2026-09-06 00:40:29,686 [INFO] Capturing response: https://global.ardastream.live/s-sport/tracks-v1a1/2026/09/06/00/40/34-06400.jpg 200 
2026-09-06 00:40:29,952 [INFO] Capturing request: https://global.ardastream.live/s-sport/tracks-v1a1/2026/09/06/00/40/40-06400.jpg
2026-09-06 00:40:30,733 [INFO] Capturing response: https://global.ardastream.live/s-sport/tracks-v1a1/2026/09/06/00/40/40-06400.jpg 200 
2026-09-06 00:40:31,019 [INFO] Capturing request: https://global.ardastream.live/s-sport/tracks-v1a1/2026/09/06/00/40/47-06400.jpg
2026-09-06 00:40:31,201 [INFO]   ✅ M3U8 bulundu: https://corestream.ardastream.live//s-sport/tracks-v1a1/mono.m3u8
2026-09-06 00:40:31,789 [INFO] Capturing response: https://global.ardastream.live/s-sport/tracks-v1a1/2026/09/06/00/40/47-06400.jpg 200 
2026-09-06 00:40:32,051 [INFO] Capturing request: https://global.ardastream.live/s-sport/tracks-v1a1/2026/09/06/00/40/53-06400.jpg
2026-09-06 00:40:32,201 [INFO] 
[9/14]
2026-09-06 00:40:32,201 [INFO] 🔍 S Sport 2 → https://www.atomsportv514.top/matches?id=s-sport-2
2026-09-06 00:40:32,312 [INFO] Capturing request: https://www.atomsportv514.top/matches?id=s-sport-2
2026-09-06 00:40:32,604 [INFO] Capturing response: https://www.atomsportv514.top/matches?id=s-sport-2 200 
2026-09-06 00:40:32,643 [INFO] Capturing request: https://www.atomsportv514.top/matches?id=s-sport-2
2026-09-06 00:40:32,744 [INFO] Capturing request: https://teletv5.top/load/yayinlink.php?id=s-sport-2
2026-09-06 00:40:32,750 [INFO] Capturing request: https://www.atomsportv514.top/favicon.ico
2026-09-06 00:40:32,819 [INFO] Capturing response: https://www.atomsportv514.top/favicon.ico 200 
2026-09-06 00:40:32,863 [INFO] Capturing response: https://global.ardastream.live/s-sport/tracks-v1a1/2026/09/06/00/40/53-06400.jpg 200 
2026-09-06 00:40:32,993 [INFO] Capturing response: https://teletv5.top/load/yayinlink.php?id=s-sport-2 200 
2026-09-06 00:40:33,164 [INFO] Capturing response: https://www.atomsportv514.top/matches?id=s-sport-2 200 
2026-09-06 00:40:33,273 [INFO] Capturing request: https://www.atomsportv514.top/assets/img/player/player_logo_6a87a2e2eecc5.png
2026-09-06 00:40:33,283 [INFO] Capturing request: https://corestream.ardastream.live//s-sport2/tracks-v1a1/mono.m3u8
2026-09-06 00:40:33,410 [INFO] Capturing response: https://www.atomsportv514.top/assets/img/player/player_logo_6a87a2e2eecc5.png 304 
2026-09-06 00:40:33,460 [INFO] Capturing response: https://corestream.ardastream.live//s-sport2/tracks-v1a1/mono.m3u8 200 
2026-09-06 00:40:33,608 [INFO] Capturing request: https://global.ardastream.live/s-sport2/tracks-v1a1/2026/09/06/00/41/06-06400.jpg
2026-09-06 00:40:34,580 [INFO] Capturing response: https://global.ardastream.live/s-sport2/tracks-v1a1/2026/09/06/00/41/06-06400.jpg 200 
2026-09-06 00:40:34,892 [INFO] Capturing request: https://global.ardastream.live/s-sport2/tracks-v1a1/2026/09/06/00/41/13-06400.jpg
2026-09-06 00:40:35,665 [INFO]   ✅ M3U8 bulundu: https://corestream.ardastream.live//s-sport2/tracks-v1a1/mono.m3u8
2026-09-06 00:40:35,879 [INFO] Capturing response: https://global.ardastream.live/s-sport2/tracks-v1a1/2026/09/06/00/41/13-06400.jpg 200 
2026-09-06 00:40:36,205 [INFO] Capturing request: https://global.ardastream.live/s-sport2/tracks-v1a1/2026/09/06/00/41/19-06400.jpg
2026-09-06 00:40:36,666 [INFO] 
[10/14]
2026-09-06 00:40:36,666 [INFO] 🔍 A Spor → https://www.atomsportv514.top/matches?id=a-spor
2026-09-06 00:40:36,782 [INFO] Capturing request: https://www.atomsportv514.top/matches?id=a-spor
2026-09-06 00:40:37,071 [INFO] Capturing response: https://www.atomsportv514.top/matches?id=a-spor 200 
2026-09-06 00:40:37,107 [INFO] Capturing request: https://www.atomsportv514.top/matches?id=a-spor
2026-09-06 00:40:37,204 [INFO] Capturing request: https://teletv5.top/load/yayinlink.php?id=a-spor
2026-09-06 00:40:37,212 [INFO] Capturing request: https://www.atomsportv514.top/favicon.ico
2026-09-06 00:40:37,274 [INFO] Capturing response: https://www.atomsportv514.top/favicon.ico 200 
2026-09-06 00:40:37,303 [INFO] Capturing response: https://global.ardastream.live/s-sport2/tracks-v1a1/2026/09/06/00/41/19-06400.jpg 200 
2026-09-06 00:40:37,399 [INFO] Capturing response: https://www.atomsportv514.top/matches?id=a-spor 200 
2026-09-06 00:40:37,455 [INFO] Capturing response: https://teletv5.top/load/yayinlink.php?id=a-spor 200 
2026-09-06 00:40:37,566 [INFO] Capturing request: https://www.atomsportv514.top/assets/img/player/player_logo_6a87a2e2eecc5.png
2026-09-06 00:40:37,574 [INFO] Capturing request: https://corestream.ardastream.live//aspor/tracks-v1a1/mono.m3u8
2026-09-06 00:40:37,687 [INFO] Capturing response: https://www.atomsportv514.top/assets/img/player/player_logo_6a87a2e2eecc5.png 304 
2026-09-06 00:40:37,758 [INFO] Capturing response: https://corestream.ardastream.live//aspor/tracks-v1a1/mono.m3u8 404 
2026-09-06 00:40:39,879 [INFO] Capturing request: https://corestream.ardastream.live//aspor/tracks-v1a1/mono.m3u8
2026-09-06 00:40:40,054 [INFO] Capturing response: https://corestream.ardastream.live//aspor/tracks-v1a1/mono.m3u8 404 
2026-09-06 00:40:40,118 [INFO]   ✅ M3U8 bulundu: https://corestream.ardastream.live//aspor/tracks-v1a1/mono.m3u8
2026-09-06 00:40:41,118 [INFO] 
[11/14]
2026-09-06 00:40:41,118 [INFO] 🔍 Tivibu Spor 1 → https://www.atomsportv514.top/matches?id=tivibu-spor-1
2026-09-06 00:40:41,225 [INFO] Capturing request: https://www.atomsportv514.top/matches?id=tivibu-spor-1
2026-09-06 00:40:41,531 [INFO] Capturing response: https://www.atomsportv514.top/matches?id=tivibu-spor-1 200 
2026-09-06 00:40:41,558 [INFO] Capturing request: https://www.atomsportv514.top/matches?id=tivibu-spor-1
2026-09-06 00:40:41,655 [INFO] Capturing request: https://teletv5.top/load/yayinlink.php?id=tivibu-spor-1
2026-09-06 00:40:41,664 [INFO] Capturing request: https://www.atomsportv514.top/favicon.ico
2026-09-06 00:40:41,741 [INFO] Capturing response: https://www.atomsportv514.top/favicon.ico 200 
2026-09-06 00:40:41,863 [INFO] Capturing response: https://www.atomsportv514.top/matches?id=tivibu-spor-1 200 
2026-09-06 00:40:41,895 [INFO] Capturing response: https://teletv5.top/load/yayinlink.php?id=tivibu-spor-1 200 
2026-09-06 00:40:54,443 [INFO] Capturing request: https://update.googleapis.com/service/update2/json?cup2key=16:bo3f2F_WLjgk5B7t62uKZK96UwXk6ESiNaaezOjRQ4w&cup2hreq=f02b324fdbb1d7a5c3c5c810942c38bdcdaf9176bca50ead412ab848fcb85385
2026-09-06 00:40:54,465 [INFO] Capturing response: https://update.googleapis.com/service/update2/json?cup2key=16:bo3f2F_WLjgk5B7t62uKZK96UwXk6ESiNaaezOjRQ4w&cup2hreq=f02b324fdbb1d7a5c3c5c810942c38bdcdaf9176bca50ead412ab848fcb85385 200 
2026-09-06 00:40:54,472 [INFO] Capturing request: http://edgedl.me.gvt1.com/edgedl/diffgen-puffin/gcmjkmgdlgnkkcocmoeiminaijmmjnii/fc1f961a8e1d6f22b29a01eb8f62d27d7f0f928ed1b230dfa8430cc20542c1bf
2026-09-06 00:40:54,491 [INFO] Capturing response: http://edgedl.me.gvt1.com/edgedl/diffgen-puffin/gcmjkmgdlgnkkcocmoeiminaijmmjnii/fc1f961a8e1d6f22b29a01eb8f62d27d7f0f928ed1b230dfa8430cc20542c1bf 200 OK
2026-09-06 00:40:54,517 [INFO] Capturing request: https://update.googleapis.com/service/update2/json
2026-09-06 00:40:54,539 [INFO] Capturing response: https://update.googleapis.com/service/update2/json 200 
2026-09-06 00:40:54,583 [INFO] Capturing request: http://edgedl.me.gvt1.com/edgedl/release2/chrome_component/acxqfk6o3xyvh2pzwn3g67avslla_10759/hfnkpimlhhgieaddgfemjhofmfblmnib_10759_all_adxuirmjkpwiv24zcattm733cy2a.crx3
2026-09-06 00:40:54,615 [INFO] Capturing response: http://edgedl.me.gvt1.com/edgedl/release2/chrome_component/acxqfk6o3xyvh2pzwn3g67avslla_10759/hfnkpimlhhgieaddgfemjhofmfblmnib_10759_all_adxuirmjkpwiv24zcattm733cy2a.crx3 200 OK
2026-09-06 00:40:54,643 [INFO] Capturing request: https://update.googleapis.com/service/update2/json
2026-09-06 00:40:54,662 [INFO] Capturing response: https://update.googleapis.com/service/update2/json 200 
2026-09-06 00:41:14,014 [INFO] Capturing request: https://android.clients.google.com/c2dm/register3
2026-09-06 00:41:14,046 [INFO] Capturing response: https://android.clients.google.com/c2dm/register3 301 
2026-09-06 00:41:14,831 [WARNING]   ❌ Tivibu Spor 1 için M3U8 bulunamadı
2026-09-06 00:41:15,831 [INFO] 
[12/14]
2026-09-06 00:41:15,832 [INFO] 🔍 Tivibu Spor 2 → https://www.atomsportv514.top/matches?id=tivibu-spor-2
2026-09-06 00:41:15,983 [INFO] Capturing request: https://www.atomsportv514.top/matches?id=tivibu-spor-2
2026-09-06 00:41:16,601 [INFO] Capturing response: https://www.atomsportv514.top/matches?id=tivibu-spor-2 200 
2026-09-06 00:41:16,658 [INFO] Capturing request: https://www.atomsportv514.top/matches?id=tivibu-spor-2
2026-09-06 00:41:16,765 [INFO] Capturing request: https://www.atomsportv514.top/favicon.ico
2026-09-06 00:41:16,805 [INFO] Capturing request: https://teletv5.top/load/yayinlink.php?id=tivibu-spor-2
2026-09-06 00:41:16,815 [INFO] Capturing response: https://www.atomsportv514.top/favicon.ico 200 
2026-09-06 00:41:16,915 [INFO] Capturing response: https://www.atomsportv514.top/matches?id=tivibu-spor-2 200 
2026-09-06 00:41:17,052 [INFO] Capturing response: https://teletv5.top/load/yayinlink.php?id=tivibu-spor-2 200 
2026-09-06 00:41:49,898 [WARNING]   ❌ Tivibu Spor 2 için M3U8 bulunamadı
2026-09-06 00:41:50,899 [INFO] 
[13/14]
2026-09-06 00:41:50,899 [INFO] 🔍 Tivibu Spor 3 → https://www.atomsportv514.top/matches?id=tivibu-spor-3
2026-09-06 00:41:51,007 [INFO] Capturing request: https://www.atomsportv514.top/matches?id=tivibu-spor-3
2026-09-06 00:41:51,465 [INFO] Capturing response: https://www.atomsportv514.top/matches?id=tivibu-spor-3 200 
2026-09-06 00:41:51,499 [INFO] Capturing request: https://www.atomsportv514.top/matches?id=tivibu-spor-3
2026-09-06 00:41:51,600 [INFO] Capturing request: https://teletv5.top/load/yayinlink.php?id=tivibu-spor-3
2026-09-06 00:41:51,601 [INFO] Capturing request: https://www.atomsportv514.top/favicon.ico
2026-09-06 00:41:51,646 [INFO] Capturing response: https://www.atomsportv514.top/favicon.ico 200 
2026-09-06 00:41:51,850 [INFO] Capturing response: https://teletv5.top/load/yayinlink.php?id=tivibu-spor-3 200 
2026-09-06 00:41:51,865 [INFO] Capturing response: https://www.atomsportv514.top/matches?id=tivibu-spor-3 200 
2026-09-06 00:42:24,732 [WARNING]   ❌ Tivibu Spor 3 için M3U8 bulunamadı
2026-09-06 00:42:25,732 [INFO] 
[14/14]
2026-09-06 00:42:25,733 [INFO] 🔍 Tivibu Spor 4 → https://www.atomsportv514.top/matches?id=tivibu-spor-4
2026-09-06 00:42:25,843 [INFO] Capturing request: https://www.atomsportv514.top/matches?id=tivibu-spor-4
2026-09-06 00:42:26,316 [INFO] Capturing response: https://www.atomsportv514.top/matches?id=tivibu-spor-4 200 
2026-09-06 00:42:26,345 [INFO] Capturing request: https://www.atomsportv514.top/matches?id=tivibu-spor-4
2026-09-06 00:42:26,448 [INFO] Capturing request: https://teletv5.top/load/yayinlink.php?id=tivibu-spor-4
2026-09-06 00:42:26,451 [INFO] Capturing request: https://www.atomsportv514.top/favicon.ico
2026-09-06 00:42:26,491 [INFO] Capturing response: https://www.atomsportv514.top/favicon.ico 200 
2026-09-06 00:42:26,606 [INFO] Capturing response: https://www.atomsportv514.top/matches?id=tivibu-spor-4 200 
2026-09-06 00:42:26,696 [INFO] Capturing response: https://teletv5.top/load/yayinlink.php?id=tivibu-spor-4 200 
2026-09-06 00:42:57,476 [INFO] Capturing request: https://android.clients.google.com/c2dm/register3
2026-09-06 00:42:57,502 [INFO] Capturing response: https://android.clients.google.com/c2dm/register3 301 
2026-09-06 00:42:59,585 [WARNING]   ❌ Tivibu Spor 4 için M3U8 bulunamadı
2026-09-06 00:43:00,650 [INFO] ✅ 10 kanal bulundu, playlist.m3u kaydedildi
