2026-09-03 14:54:19,075 [INFO] 🌐 BASE_URL: https://www.atomsportv514.top
2026-09-03 14:54:20,030 [INFO] Başlanıyor... 14 kanal taranacak
2026-09-03 14:54:20,030 [INFO] Using default request storage
2026-09-03 14:54:20,035 [INFO] Created proxy listening on 127.0.0.1:34491
2026-09-03 14:54:20,703 [INFO] Capturing request: http://clients2.google.com/time/1/current?cup2key=10:MzrWVppwaMhCb6-p42Y3LTSho8xckBOzqcV31Adg69Q&cup2hreq=e3b0c44298fc1c149afbf4c8996fb92427ae41e4649b934ca495991b7852b855
2026-09-03 14:54:20,737 [INFO] Capturing response: http://clients2.google.com/time/1/current?cup2key=10:MzrWVppwaMhCb6-p42Y3LTSho8xckBOzqcV31Adg69Q&cup2hreq=e3b0c44298fc1c149afbf4c8996fb92427ae41e4649b934ca495991b7852b855 200 OK
2026-09-03 14:54:21,018 [INFO] 
[1/14]
2026-09-03 14:54:21,018 [INFO] 🔍 beIN Sports 1 → https://www.atomsportv514.top/matches?id=bein-sports-1
2026-09-03 14:54:21,120 [INFO] Capturing request: https://update.googleapis.com/service/update2/json?cup2key=16:d4Xe3cSrieGotciBxoY8xcT_XUy3Q4RZqd4e7wt3klE&cup2hreq=fc3e65a87d2f5485b06568da6506c43563831d3d9004d53dffb66fa37fae35bf
2026-09-03 14:54:21,130 [INFO] Capturing request: https://accounts.google.com/ListAccounts?gpsia=1&source=ChromiumBrowser&json=standard&laf=b64bin
2026-09-03 14:54:21,181 [INFO] Capturing response: https://update.googleapis.com/service/update2/json?cup2key=16:d4Xe3cSrieGotciBxoY8xcT_XUy3Q4RZqd4e7wt3klE&cup2hreq=fc3e65a87d2f5485b06568da6506c43563831d3d9004d53dffb66fa37fae35bf 200 
2026-09-03 14:54:21,222 [INFO] Capturing request: https://www.google.com/async/folae?async=_fmt:pb&udm=50&client_locale=en-US&client_country=ZZ
2026-09-03 14:54:21,228 [INFO] Capturing request: https://update.googleapis.com/service/update2/json?cup2key=16:uF-wsXAQQOF8aKaXpb8hzsVBjmb6_Qx8tmOG3nMMhUk&cup2hreq=9330fbd82ff1660079a297bb8f9755cb14e4edc07945cfa29636a4f853a608b9
2026-09-03 14:54:21,260 [INFO] Capturing response: https://accounts.google.com/ListAccounts?gpsia=1&source=ChromiumBrowser&json=standard&laf=b64bin 200 
2026-09-03 14:54:21,263 [INFO] Capturing response: https://update.googleapis.com/service/update2/json?cup2key=16:uF-wsXAQQOF8aKaXpb8hzsVBjmb6_Qx8tmOG3nMMhUk&cup2hreq=9330fbd82ff1660079a297bb8f9755cb14e4edc07945cfa29636a4f853a608b9 200 
2026-09-03 14:54:21,269 [INFO] Capturing response: https://www.google.com/async/folae?async=_fmt:pb&udm=50&client_locale=en-US&client_country=ZZ 200 
2026-09-03 14:54:21,292 [INFO] Capturing request: https://www.atomsportv514.top/matches?id=bein-sports-1
2026-09-03 14:54:21,309 [INFO] Capturing request: https://update.googleapis.com/service/update2/json?cup2key=16:jK_2ZYqpZ2WoIsiN07KlCo1dnKpocO8AJ_TDdOJFvgM&cup2hreq=3ce8afd3d0e3f340da33e7ae586efe3c6213820e6fb1e8ca5bcb3c79255f2fe2
2026-09-03 14:54:21,337 [INFO] Capturing response: https://update.googleapis.com/service/update2/json?cup2key=16:jK_2ZYqpZ2WoIsiN07KlCo1dnKpocO8AJ_TDdOJFvgM&cup2hreq=3ce8afd3d0e3f340da33e7ae586efe3c6213820e6fb1e8ca5bcb3c79255f2fe2 200 
2026-09-03 14:54:21,507 [INFO] Capturing request: https://www.google.com/async/folae?async=_fmt:pb&udm=50&client_locale=en-US&client_country=ZZ
2026-09-03 14:54:21,545 [INFO] Capturing response: https://www.google.com/async/folae?async=_fmt:pb&udm=50&client_locale=en-US&client_country=ZZ 200 
2026-09-03 14:54:22,290 [INFO] Capturing response: https://www.atomsportv514.top/matches?id=bein-sports-1 200 
2026-09-03 14:54:22,492 [INFO] Capturing request: https://cdn.jsdelivr.net/npm/@clappr/player@0.11.16/dist/clappr.min.js
2026-09-03 14:54:22,496 [INFO] Capturing request: https://cdn.jsdelivr.net/npm/@clappr/hlsjs-playback@1.8.3/dist/hlsjs-playback.min.js
2026-09-03 14:54:22,499 [INFO] Capturing request: https://cdn.jsdelivr.net/npm/level-selector/dist/level-selector.min.js
2026-09-03 14:54:22,512 [INFO] Capturing response: https://cdn.jsdelivr.net/npm/level-selector/dist/level-selector.min.js 200 
2026-09-03 14:54:22,525 [INFO] Capturing response: https://cdn.jsdelivr.net/npm/@clappr/player@0.11.16/dist/clappr.min.js 200 
2026-09-03 14:54:22,530 [INFO] Capturing response: https://cdn.jsdelivr.net/npm/@clappr/hlsjs-playback@1.8.3/dist/hlsjs-playback.min.js 200 
2026-09-03 14:54:22,748 [INFO] Capturing request: https://www.atomsportv514.top/favicon.ico
2026-09-03 14:54:22,817 [INFO] Capturing request: https://teletv5.top/load/yayinlink.php?id=bein-sports-1
2026-09-03 14:54:22,861 [INFO] Capturing response: https://www.atomsportv514.top/favicon.ico 200 
2026-09-03 14:54:23,329 [INFO] Capturing response: https://teletv5.top/load/yayinlink.php?id=bein-sports-1 200 
2026-09-03 14:54:23,346 [INFO] Capturing request: https://streamsport365.com/cinema
2026-09-03 14:54:23,709 [INFO] Capturing response: https://streamsport365.com/cinema 200 
2026-09-03 14:54:23,840 [INFO] Capturing request: https://www.atomsportv514.top/assets/img/player/player_logo_6a87a2e2eecc5.png
2026-09-03 14:54:23,911 [INFO] Capturing request: https://corestream.ardastream.live//beintv/tracks-v1a1/mono.m3u8
2026-09-03 14:54:23,939 [INFO] Capturing response: https://www.atomsportv514.top/assets/img/player/player_logo_6a87a2e2eecc5.png 200 
2026-09-03 14:54:24,169 [INFO] Capturing response: https://corestream.ardastream.live//beintv/tracks-v1a1/mono.m3u8 200 
2026-09-03 14:54:24,533 [INFO] Capturing request: https://android.clients.google.com/checkin
2026-09-03 14:54:24,611 [INFO] Capturing request: https://global.ardastream.live/beintv/tracks-v1a1/2026/09/03/14/54/04-05000.jpg
2026-09-03 14:54:24,648 [INFO] Capturing response: https://android.clients.google.com/checkin 200 
2026-09-03 14:54:24,699 [INFO] Capturing request: https://android.clients.google.com/c2dm/register3
2026-09-03 14:54:24,702 [INFO] Capturing request: https://android.clients.google.com/c2dm/register3
2026-09-03 14:54:24,703 [INFO] Capturing request: https://android.clients.google.com/c2dm/register3
2026-09-03 14:54:24,758 [INFO] Capturing response: https://android.clients.google.com/c2dm/register3 429 
2026-09-03 14:54:24,989 [INFO] Capturing response: https://global.ardastream.live/beintv/tracks-v1a1/2026/09/03/14/54/04-05000.jpg 200 
2026-09-03 14:54:25,230 [INFO] Capturing request: https://global.ardastream.live/beintv/tracks-v1a1/2026/09/03/14/54/09-05000.jpg
2026-09-03 14:54:25,630 [INFO] Capturing response: https://global.ardastream.live/beintv/tracks-v1a1/2026/09/03/14/54/09-05000.jpg 200 
2026-09-03 14:54:25,689 [INFO]   ✅ M3U8 bulundu: https://corestream.ardastream.live//beintv/tracks-v1a1/mono.m3u8
2026-09-03 14:54:25,887 [INFO] Capturing request: https://global.ardastream.live/beintv/tracks-v1a1/2026/09/03/14/54/14-05000.jpg
2026-09-03 14:54:25,913 [INFO] Capturing response: https://android.clients.google.com/c2dm/register3 200 
2026-09-03 14:54:26,227 [INFO] Capturing response: https://android.clients.google.com/c2dm/register3 200 
2026-09-03 14:54:26,345 [INFO] Capturing response: https://global.ardastream.live/beintv/tracks-v1a1/2026/09/03/14/54/14-05000.jpg 200 
2026-09-03 14:54:26,691 [INFO] 
[2/14]
2026-09-03 14:54:26,691 [INFO] 🔍 beIN Sports 2 → https://www.atomsportv514.top/matches?id=bein-sports-2
2026-09-03 14:54:26,804 [INFO] Capturing request: https://www.atomsportv514.top/matches?id=bein-sports-2
2026-09-03 14:54:27,176 [INFO] Capturing response: https://www.atomsportv514.top/matches?id=bein-sports-2 200 
2026-09-03 14:54:27,234 [INFO] Capturing request: https://streamsport365.com/cinema
2026-09-03 14:54:27,335 [INFO] Capturing request: https://teletv5.top/load/yayinlink.php?id=bein-sports-2
2026-09-03 14:54:27,337 [INFO] Capturing request: https://www.atomsportv514.top/favicon.ico
2026-09-03 14:54:27,472 [INFO] Capturing response: https://www.atomsportv514.top/favicon.ico 200 
2026-09-03 14:54:27,611 [INFO] Capturing response: https://streamsport365.com/cinema 200 
2026-09-03 14:54:27,784 [INFO] Capturing response: https://teletv5.top/load/yayinlink.php?id=bein-sports-2 200 
2026-09-03 14:54:27,897 [INFO] Capturing request: https://www.atomsportv514.top/assets/img/player/player_logo_6a87a2e2eecc5.png
2026-09-03 14:54:27,906 [INFO] Capturing request: https://corestream.ardastream.live//bein2/tracks-v1a1/mono.m3u8
2026-09-03 14:54:28,044 [INFO] Capturing response: https://www.atomsportv514.top/assets/img/player/player_logo_6a87a2e2eecc5.png 304 
2026-09-03 14:54:28,110 [INFO] Capturing response: https://corestream.ardastream.live//bein2/tracks-v1a1/mono.m3u8 200 
2026-09-03 14:54:28,220 [INFO] Capturing request: https://global.ardastream.live/bein2/tracks-v1a1/2026/09/03/14/54/39-06000.jpg
2026-09-03 14:54:28,537 [INFO] Capturing response: https://global.ardastream.live/bein2/tracks-v1a1/2026/09/03/14/54/39-06000.jpg 200 
2026-09-03 14:54:28,751 [INFO] Capturing request: https://global.ardastream.live/bein2/tracks-v1a1/2026/09/03/14/54/45-06000.jpg
2026-09-03 14:54:29,079 [INFO] Capturing response: https://global.ardastream.live/bein2/tracks-v1a1/2026/09/03/14/54/45-06000.jpg 200 
2026-09-03 14:54:29,288 [INFO] Capturing request: https://global.ardastream.live/bein2/tracks-v1a1/2026/09/03/14/54/51-06000.jpg
2026-09-03 14:54:29,665 [INFO] Capturing response: https://global.ardastream.live/bein2/tracks-v1a1/2026/09/03/14/54/51-06000.jpg 200 
2026-09-03 14:54:30,253 [INFO]   ✅ M3U8 bulundu: https://corestream.ardastream.live//bein2/tracks-v1a1/mono.m3u8
2026-09-03 14:54:31,253 [INFO] 
[3/14]
2026-09-03 14:54:31,253 [INFO] 🔍 beIN Sports 3 → https://www.atomsportv514.top/matches?id=bein-sports-3
2026-09-03 14:54:31,363 [INFO] Capturing request: https://www.atomsportv514.top/matches?id=bein-sports-3
2026-09-03 14:54:31,701 [INFO] Capturing response: https://www.atomsportv514.top/matches?id=bein-sports-3 200 
2026-09-03 14:54:31,836 [INFO] Capturing request: https://www.atomsportv514.top/favicon.ico
2026-09-03 14:54:31,836 [INFO] Capturing request: https://teletv5.top/load/yayinlink.php?id=bein-sports-3
2026-09-03 14:54:31,952 [INFO] Capturing response: https://www.atomsportv514.top/favicon.ico 200 
2026-09-03 14:54:31,996 [INFO] Capturing request: https://streamsport365.com/cinema
2026-09-03 14:54:32,079 [INFO] Capturing response: https://teletv5.top/load/yayinlink.php?id=bein-sports-3 200 
2026-09-03 14:54:32,363 [INFO] Capturing response: https://streamsport365.com/cinema 200 
2026-09-03 14:54:32,475 [INFO] Capturing request: https://www.atomsportv514.top/assets/img/player/player_logo_6a87a2e2eecc5.png
2026-09-03 14:54:32,488 [INFO] Capturing request: https://corestream.ardastream.live//bein3/tracks-v1a1/mono.m3u8
2026-09-03 14:54:32,628 [INFO] Capturing response: https://www.atomsportv514.top/assets/img/player/player_logo_6a87a2e2eecc5.png 304 
2026-09-03 14:54:32,682 [INFO] Capturing response: https://corestream.ardastream.live//bein3/tracks-v1a1/mono.m3u8 404 
2026-09-03 14:54:34,749 [INFO]   ✅ M3U8 bulundu: https://corestream.ardastream.live//bein3/tracks-v1a1/mono.m3u8
2026-09-03 14:54:34,805 [INFO] Capturing request: https://corestream.ardastream.live//bein3/tracks-v1a1/mono.m3u8
2026-09-03 14:54:34,994 [INFO] Capturing response: https://corestream.ardastream.live//bein3/tracks-v1a1/mono.m3u8 404 
2026-09-03 14:54:35,750 [INFO] 
[4/14]
2026-09-03 14:54:35,750 [INFO] 🔍 beIN Sports 4 → https://www.atomsportv514.top/matches?id=bein-sports-4
2026-09-03 14:54:35,859 [INFO] Capturing request: https://www.atomsportv514.top/matches?id=bein-sports-4
2026-09-03 14:54:36,188 [INFO] Capturing response: https://www.atomsportv514.top/matches?id=bein-sports-4 200 
2026-09-03 14:54:36,220 [INFO] Capturing request: https://streamsport365.com/cinema
2026-09-03 14:54:36,318 [INFO] Capturing request: https://teletv5.top/load/yayinlink.php?id=bein-sports-4
2026-09-03 14:54:36,320 [INFO] Capturing request: https://www.atomsportv514.top/favicon.ico
2026-09-03 14:54:36,407 [INFO] Capturing response: https://www.atomsportv514.top/favicon.ico 200 
2026-09-03 14:54:36,566 [INFO] Capturing response: https://teletv5.top/load/yayinlink.php?id=bein-sports-4 200 
2026-09-03 14:54:36,588 [INFO] Capturing response: https://streamsport365.com/cinema 200 
2026-09-03 14:54:36,699 [INFO] Capturing request: https://www.atomsportv514.top/assets/img/player/player_logo_6a87a2e2eecc5.png
2026-09-03 14:54:36,708 [INFO] Capturing request: https://corestream.ardastream.live//bein4/tracks-v1a1/mono.m3u8
2026-09-03 14:54:36,846 [INFO] Capturing response: https://www.atomsportv514.top/assets/img/player/player_logo_6a87a2e2eecc5.png 304 
2026-09-03 14:54:37,071 [INFO] Capturing response: https://corestream.ardastream.live//bein4/tracks-v1a1/mono.m3u8 200 
2026-09-03 14:54:37,181 [INFO] Capturing request: https://global.ardastream.live/bein4/tracks-v1a1/2026/09/03/14/54/06-10000.jpg
2026-09-03 14:54:38,105 [INFO] Capturing response: https://global.ardastream.live/bein4/tracks-v1a1/2026/09/03/14/54/06-10000.jpg 200 
2026-09-03 14:54:38,449 [INFO] Capturing request: https://global.ardastream.live/bein4/tracks-v1a1/2026/09/03/14/54/16-10000.jpg
2026-09-03 14:54:39,068 [INFO] Capturing response: https://global.ardastream.live/bein4/tracks-v1a1/2026/09/03/14/54/16-10000.jpg 200 
2026-09-03 14:54:39,240 [INFO]   ✅ M3U8 bulundu: https://corestream.ardastream.live//bein4/tracks-v1a1/mono.m3u8
2026-09-03 14:54:39,402 [INFO] Capturing request: https://global.ardastream.live/bein4/tracks-v1a1/2026/09/03/14/54/26-10000.jpg
2026-09-03 14:54:39,948 [INFO] Capturing response: https://global.ardastream.live/bein4/tracks-v1a1/2026/09/03/14/54/26-10000.jpg 200 
2026-09-03 14:54:40,240 [INFO] 
[5/14]
2026-09-03 14:54:40,241 [INFO] 🔍 beIN Sports 5 → https://www.atomsportv514.top/matches?id=bein-sports-5
2026-09-03 14:54:40,355 [INFO] Capturing request: https://www.atomsportv514.top/matches?id=bein-sports-5
2026-09-03 14:54:40,671 [INFO] Capturing response: https://www.atomsportv514.top/matches?id=bein-sports-5 200 
2026-09-03 14:54:40,804 [INFO] Capturing request: https://teletv5.top/load/yayinlink.php?id=bein-sports-5
2026-09-03 14:54:40,805 [INFO] Capturing request: https://www.atomsportv514.top/favicon.ico
2026-09-03 14:54:40,865 [INFO] Capturing response: https://www.atomsportv514.top/favicon.ico 200 
2026-09-03 14:54:40,959 [INFO] Capturing request: https://streamsport365.com/cinema
2026-09-03 14:54:41,057 [INFO] Capturing response: https://teletv5.top/load/yayinlink.php?id=bein-sports-5 200 
2026-09-03 14:54:41,340 [INFO] Capturing response: https://streamsport365.com/cinema 200 
2026-09-03 14:54:41,451 [INFO] Capturing request: https://www.atomsportv514.top/assets/img/player/player_logo_6a87a2e2eecc5.png
2026-09-03 14:54:41,461 [INFO] Capturing request: https://corestream.ardastream.live//bein5/tracks-v1a1/mono.m3u8
2026-09-03 14:54:41,587 [INFO] Capturing response: https://www.atomsportv514.top/assets/img/player/player_logo_6a87a2e2eecc5.png 304 
2026-09-03 14:54:41,688 [INFO] Capturing response: https://corestream.ardastream.live//bein5/tracks-v1a1/mono.m3u8 200 
2026-09-03 14:54:41,798 [INFO] Capturing request: https://global.ardastream.live/bein5/tracks-v1a1/2026/09/03/14/54/20-10000.jpg
2026-09-03 14:54:42,400 [INFO] Capturing response: https://global.ardastream.live/bein5/tracks-v1a1/2026/09/03/14/54/20-10000.jpg 200 
2026-09-03 14:54:42,725 [INFO] Capturing request: https://global.ardastream.live/bein5/tracks-v1a1/2026/09/03/14/54/30-10000.jpg
2026-09-03 14:54:43,354 [INFO] Capturing response: https://global.ardastream.live/bein5/tracks-v1a1/2026/09/03/14/54/30-10000.jpg 200 
2026-09-03 14:54:43,674 [INFO] Capturing request: https://global.ardastream.live/bein5/tracks-v1a1/2026/09/03/14/54/40-10000.jpg
2026-09-03 14:54:43,723 [INFO]   ✅ M3U8 bulundu: https://corestream.ardastream.live//bein5/tracks-v1a1/mono.m3u8
2026-09-03 14:54:44,315 [INFO] Capturing response: https://global.ardastream.live/bein5/tracks-v1a1/2026/09/03/14/54/40-10000.jpg 200 
2026-09-03 14:54:44,723 [INFO] 
[6/14]
2026-09-03 14:54:44,723 [INFO] 🔍 beIN Sports Max 1 → https://www.atomsportv514.top/matches?id=bein-sports-max-1
2026-09-03 14:54:44,835 [INFO] Capturing request: https://www.atomsportv514.top/matches?id=bein-sports-max-1
2026-09-03 14:54:45,148 [INFO] Capturing response: https://www.atomsportv514.top/matches?id=bein-sports-max-1 200 
2026-09-03 14:54:45,179 [INFO] Capturing request: https://streamsport365.com/cinema
2026-09-03 14:54:45,277 [INFO] Capturing request: https://teletv5.top/load/yayinlink.php?id=bein-sports-max-1
2026-09-03 14:54:45,280 [INFO] Capturing request: https://www.atomsportv514.top/favicon.ico
2026-09-03 14:54:45,345 [INFO] Capturing response: https://www.atomsportv514.top/favicon.ico 200 
2026-09-03 14:54:45,508 [INFO] Capturing response: https://teletv5.top/load/yayinlink.php?id=bein-sports-max-1 200 
2026-09-03 14:54:45,552 [INFO] Capturing response: https://streamsport365.com/cinema 200 
2026-09-03 14:54:45,663 [INFO] Capturing request: https://www.atomsportv514.top/assets/img/player/player_logo_6a87a2e2eecc5.png
2026-09-03 14:54:45,673 [INFO] Capturing request: https://corestream.ardastream.live//beinmax1/tracks-v1a1/mono.m3u8
2026-09-03 14:54:45,801 [INFO] Capturing response: https://www.atomsportv514.top/assets/img/player/player_logo_6a87a2e2eecc5.png 304 
2026-09-03 14:54:45,872 [INFO] Capturing response: https://corestream.ardastream.live//beinmax1/tracks-v1a1/mono.m3u8 200 
2026-09-03 14:54:46,022 [INFO] Capturing request: https://global.ardastream.live/beinmax1/tracks-v1a1/2026/09/03/14/54/28-05360.jpg
2026-09-03 14:54:46,431 [INFO] Capturing response: https://global.ardastream.live/beinmax1/tracks-v1a1/2026/09/03/14/54/28-05360.jpg 200 
2026-09-03 14:54:46,650 [INFO] Capturing request: https://global.ardastream.live/beinmax1/tracks-v1a1/2026/09/03/14/54/34-06000.jpg
2026-09-03 14:54:47,176 [INFO] Capturing response: https://global.ardastream.live/beinmax1/tracks-v1a1/2026/09/03/14/54/34-06000.jpg 200 
2026-09-03 14:54:47,446 [INFO] Capturing request: https://global.ardastream.live/beinmax1/tracks-v1a1/2026/09/03/14/54/40-07360.jpg
2026-09-03 14:54:48,058 [INFO] Capturing response: https://global.ardastream.live/beinmax1/tracks-v1a1/2026/09/03/14/54/40-07360.jpg 200 
2026-09-03 14:54:48,202 [INFO]   ✅ M3U8 bulundu: https://corestream.ardastream.live//beinmax1/tracks-v1a1/mono.m3u8
2026-09-03 14:54:48,317 [INFO] Capturing request: https://global.ardastream.live/beinmax1/tracks-v1a1/2026/09/03/14/54/47-10000.jpg
2026-09-03 14:54:48,935 [INFO] Capturing response: https://global.ardastream.live/beinmax1/tracks-v1a1/2026/09/03/14/54/47-10000.jpg 200 
2026-09-03 14:54:49,202 [INFO] 
[7/14]
2026-09-03 14:54:49,202 [INFO] 🔍 beIN Sports Max 2 → https://www.atomsportv514.top/matches?id=bein-sports-max-2
2026-09-03 14:54:49,315 [INFO] Capturing request: https://www.atomsportv514.top/matches?id=bein-sports-max-2
2026-09-03 14:54:50,203 [INFO] Capturing response: https://www.atomsportv514.top/matches?id=bein-sports-max-2 200 
2026-09-03 14:54:50,336 [INFO] Capturing request: https://teletv5.top/load/yayinlink.php?id=bein-sports-max-2
2026-09-03 14:54:50,338 [INFO] Capturing request: https://www.atomsportv514.top/favicon.ico
2026-09-03 14:54:50,395 [INFO] Capturing response: https://www.atomsportv514.top/favicon.ico 200 
2026-09-03 14:54:50,494 [INFO] Capturing request: https://streamsport365.com/cinema
2026-09-03 14:54:50,863 [INFO] Capturing response: https://streamsport365.com/cinema 200 
2026-09-03 14:54:51,036 [INFO] Capturing response: https://teletv5.top/load/yayinlink.php?id=bein-sports-max-2 200 
2026-09-03 14:54:51,188 [INFO] Capturing request: https://www.atomsportv514.top/assets/img/player/player_logo_6a87a2e2eecc5.png
2026-09-03 14:54:51,197 [INFO] Capturing request: https://corestream.ardastream.live//beinmax2/tracks-v1a1/mono.m3u8
2026-09-03 14:54:51,331 [INFO] Capturing response: https://www.atomsportv514.top/assets/img/player/player_logo_6a87a2e2eecc5.png 304 
2026-09-03 14:54:51,410 [INFO] Capturing response: https://corestream.ardastream.live//beinmax2/tracks-v1a1/mono.m3u8 200 
2026-09-03 14:54:51,520 [INFO] Capturing request: https://global.ardastream.live/beinmax2/tracks-v1a1/2026/09/03/14/54/30-05040.jpg
2026-09-03 14:54:51,976 [INFO] Capturing response: https://global.ardastream.live/beinmax2/tracks-v1a1/2026/09/03/14/54/30-05040.jpg 200 
2026-09-03 14:54:52,168 [INFO] Capturing request: https://global.ardastream.live/beinmax2/tracks-v1a1/2026/09/03/14/54/35-05040.jpg
2026-09-03 14:54:52,631 [INFO] Capturing response: https://global.ardastream.live/beinmax2/tracks-v1a1/2026/09/03/14/54/35-05040.jpg 200 
2026-09-03 14:54:52,843 [INFO] Capturing request: https://global.ardastream.live/beinmax2/tracks-v1a1/2026/09/03/14/54/40-05040.jpg
2026-09-03 14:54:53,256 [INFO]   ✅ M3U8 bulundu: https://corestream.ardastream.live//beinmax2/tracks-v1a1/mono.m3u8
2026-09-03 14:54:53,276 [INFO] Capturing response: https://global.ardastream.live/beinmax2/tracks-v1a1/2026/09/03/14/54/40-05040.jpg 200 
2026-09-03 14:54:53,486 [INFO] Capturing request: https://global.ardastream.live/beinmax2/tracks-v1a1/2026/09/03/14/54/45-05040.jpg
2026-09-03 14:54:53,813 [INFO] Capturing response: https://global.ardastream.live/beinmax2/tracks-v1a1/2026/09/03/14/54/45-05040.jpg 200 
2026-09-03 14:54:54,256 [INFO] 
[8/14]
2026-09-03 14:54:54,256 [INFO] 🔍 S Sport → https://www.atomsportv514.top/matches?id=s-sport
2026-09-03 14:54:54,366 [INFO] Capturing request: https://www.atomsportv514.top/matches?id=s-sport
2026-09-03 14:54:54,897 [INFO] Capturing response: https://www.atomsportv514.top/matches?id=s-sport 200 
2026-09-03 14:54:54,934 [INFO] Capturing request: https://streamsport365.com/cinema
2026-09-03 14:54:55,034 [INFO] Capturing request: https://teletv5.top/load/yayinlink.php?id=s-sport
2026-09-03 14:54:55,036 [INFO] Capturing request: https://www.atomsportv514.top/favicon.ico
2026-09-03 14:54:55,097 [INFO] Capturing response: https://www.atomsportv514.top/favicon.ico 200 
2026-09-03 14:54:55,280 [INFO] Capturing response: https://teletv5.top/load/yayinlink.php?id=s-sport 200 
2026-09-03 14:54:55,297 [INFO] Capturing response: https://streamsport365.com/cinema 200 
2026-09-03 14:54:55,433 [INFO] Capturing request: https://www.atomsportv514.top/assets/img/player/player_logo_6a87a2e2eecc5.png
2026-09-03 14:54:55,446 [INFO] Capturing request: https://corestream.ardastream.live//s-sport/tracks-v1a1/mono.m3u8
2026-09-03 14:54:55,571 [INFO] Capturing response: https://www.atomsportv514.top/assets/img/player/player_logo_6a87a2e2eecc5.png 304 
2026-09-03 14:54:55,639 [INFO] Capturing response: https://corestream.ardastream.live//s-sport/tracks-v1a1/mono.m3u8 200 
2026-09-03 14:54:55,789 [INFO] Capturing request: https://global.ardastream.live/s-sport/tracks-v1a1/2026/09/03/14/56/09-05040.jpg
2026-09-03 14:54:56,050 [INFO] Capturing response: https://global.ardastream.live/s-sport/tracks-v1a1/2026/09/03/14/56/09-05040.jpg 200 
2026-09-03 14:54:56,207 [INFO] Capturing request: https://global.ardastream.live/s-sport/tracks-v1a1/2026/09/03/14/56/14-05280.jpg
2026-09-03 14:54:57,334 [INFO] Capturing response: https://global.ardastream.live/s-sport/tracks-v1a1/2026/09/03/14/56/14-05280.jpg 200 
2026-09-03 14:54:57,522 [INFO] Capturing request: https://global.ardastream.live/s-sport/tracks-v1a1/2026/09/03/14/56/19-05280.jpg
2026-09-03 14:54:57,796 [INFO] Capturing response: https://global.ardastream.live/s-sport/tracks-v1a1/2026/09/03/14/56/19-05280.jpg 200 
2026-09-03 14:54:57,947 [INFO]   ✅ M3U8 bulundu: https://corestream.ardastream.live//s-sport/tracks-v1a1/mono.m3u8
2026-09-03 14:54:57,979 [INFO] Capturing request: https://global.ardastream.live/s-sport/tracks-v1a1/2026/09/03/14/56/24-05280.jpg
2026-09-03 14:54:58,253 [INFO] Capturing response: https://global.ardastream.live/s-sport/tracks-v1a1/2026/09/03/14/56/24-05280.jpg 200 
2026-09-03 14:54:58,947 [INFO] 
[9/14]
2026-09-03 14:54:58,947 [INFO] 🔍 S Sport 2 → https://www.atomsportv514.top/matches?id=s-sport-2
2026-09-03 14:54:59,057 [INFO] Capturing request: https://www.atomsportv514.top/matches?id=s-sport-2
2026-09-03 14:54:59,366 [INFO] Capturing response: https://www.atomsportv514.top/matches?id=s-sport-2 200 
2026-09-03 14:54:59,498 [INFO] Capturing request: https://teletv5.top/load/yayinlink.php?id=s-sport-2
2026-09-03 14:54:59,500 [INFO] Capturing request: https://www.atomsportv514.top/favicon.ico
2026-09-03 14:54:59,582 [INFO] Capturing response: https://www.atomsportv514.top/favicon.ico 200 
2026-09-03 14:54:59,652 [INFO] Capturing request: https://streamsport365.com/cinema
2026-09-03 14:54:59,734 [INFO] Capturing response: https://teletv5.top/load/yayinlink.php?id=s-sport-2 200 
2026-09-03 14:55:00,020 [INFO] Capturing response: https://streamsport365.com/cinema 200 
2026-09-03 14:55:00,132 [INFO] Capturing request: https://www.atomsportv514.top/assets/img/player/player_logo_6a87a2e2eecc5.png
2026-09-03 14:55:00,143 [INFO] Capturing request: https://corestream.ardastream.live//s-sport2/tracks-v1a1/mono.m3u8
2026-09-03 14:55:00,273 [INFO] Capturing response: https://www.atomsportv514.top/assets/img/player/player_logo_6a87a2e2eecc5.png 304 
2026-09-03 14:55:00,344 [INFO] Capturing response: https://corestream.ardastream.live//s-sport2/tracks-v1a1/mono.m3u8 200 
2026-09-03 14:55:00,453 [INFO] Capturing request: https://global.ardastream.live/s-sport2/tracks-v1a1/2026/09/03/14/54/55-06400.jpg
2026-09-03 14:55:01,521 [INFO] Capturing response: https://global.ardastream.live/s-sport2/tracks-v1a1/2026/09/03/14/54/55-06400.jpg 200 
2026-09-03 14:55:02,114 [INFO] Capturing request: https://global.ardastream.live/s-sport2/tracks-v1a1/2026/09/03/14/55/01-06400.jpg
2026-09-03 14:55:02,417 [INFO]   ✅ M3U8 bulundu: https://corestream.ardastream.live//s-sport2/tracks-v1a1/mono.m3u8
2026-09-03 14:55:03,201 [INFO] Capturing response: https://global.ardastream.live/s-sport2/tracks-v1a1/2026/09/03/14/55/01-06400.jpg 200 
2026-09-03 14:55:03,418 [INFO] 
[10/14]
2026-09-03 14:55:03,418 [INFO] 🔍 A Spor → https://www.atomsportv514.top/matches?id=a-spor
2026-09-03 14:55:03,546 [INFO] Capturing request: https://www.atomsportv514.top/matches?id=a-spor
2026-09-03 14:55:03,655 [INFO] Capturing request: https://global.ardastream.live/s-sport2/tracks-v1a1/2026/09/03/14/55/08-06400.jpg
2026-09-03 14:55:03,870 [INFO] Capturing response: https://www.atomsportv514.top/matches?id=a-spor 200 
2026-09-03 14:55:03,918 [INFO] Capturing request: https://streamsport365.com/cinema
2026-09-03 14:55:04,024 [INFO] Capturing request: https://teletv5.top/load/yayinlink.php?id=a-spor
2026-09-03 14:55:04,025 [INFO] Capturing request: https://www.atomsportv514.top/favicon.ico
2026-09-03 14:55:04,098 [INFO] Capturing response: https://www.atomsportv514.top/favicon.ico 200 
2026-09-03 14:55:04,268 [INFO] Capturing response: https://teletv5.top/load/yayinlink.php?id=a-spor 200 
2026-09-03 14:55:04,288 [INFO] Capturing response: https://streamsport365.com/cinema 200 
2026-09-03 14:55:04,451 [INFO] Capturing request: https://www.atomsportv514.top/assets/img/player/player_logo_6a87a2e2eecc5.png
2026-09-03 14:55:04,452 [INFO] Capturing request: https://corestream.ardastream.live//aspor/tracks-v1a1/mono.m3u8
2026-09-03 14:55:04,603 [INFO] Capturing response: https://www.atomsportv514.top/assets/img/player/player_logo_6a87a2e2eecc5.png 304 
2026-09-03 14:55:04,676 [INFO] Capturing response: https://corestream.ardastream.live//aspor/tracks-v1a1/mono.m3u8 404 
2026-09-03 14:55:04,679 [INFO] Capturing response: https://global.ardastream.live/s-sport2/tracks-v1a1/2026/09/03/14/55/08-06400.jpg 200 
2026-09-03 14:55:04,740 [INFO] 127.0.0.1:43220: ProtocolException("Error in HTTP connection: Http2ZombieException('Connection or stream already dead: 1788447304.7403276, False')")
2026-09-03 14:55:06,842 [INFO] Capturing request: https://corestream.ardastream.live//aspor/tracks-v1a1/mono.m3u8
2026-09-03 14:55:06,934 [INFO]   ✅ M3U8 bulundu: https://corestream.ardastream.live//aspor/tracks-v1a1/mono.m3u8
2026-09-03 14:55:07,042 [INFO] Capturing response: https://corestream.ardastream.live//aspor/tracks-v1a1/mono.m3u8 404 
2026-09-03 14:55:07,934 [INFO] 
[11/14]
2026-09-03 14:55:07,934 [INFO] 🔍 Tivibu Spor 1 → https://www.atomsportv514.top/matches?id=tivibu-spor-1
2026-09-03 14:55:08,044 [INFO] Capturing request: https://www.atomsportv514.top/matches?id=tivibu-spor-1
2026-09-03 14:55:08,368 [INFO] Capturing response: https://www.atomsportv514.top/matches?id=tivibu-spor-1 200 
2026-09-03 14:55:08,495 [INFO] Capturing request: https://teletv5.top/load/yayinlink.php?id=tivibu-spor-1
2026-09-03 14:55:08,498 [INFO] Capturing request: https://www.atomsportv514.top/favicon.ico
2026-09-03 14:55:08,562 [INFO] Capturing response: https://www.atomsportv514.top/favicon.ico 200 
2026-09-03 14:55:08,652 [INFO] Capturing request: https://streamsport365.com/cinema
2026-09-03 14:55:08,735 [INFO] Capturing response: https://teletv5.top/load/yayinlink.php?id=tivibu-spor-1 200 
2026-09-03 14:55:09,035 [INFO] Capturing response: https://streamsport365.com/cinema 200 
2026-09-03 14:55:17,298 [INFO] 127.0.0.1:43140: HTTP/2 connection terminated by server: error code: 0, last stream id: 203, additional data: b'session_timed_out'
2026-09-03 14:55:20,708 [INFO] Capturing request: https://update.googleapis.com/service/update2/json?cup2key=16:12LaDW5eDDYVu7tVW-fJtknkmcmJdGMPRZCBQzw6oLk&cup2hreq=8625d0e6835014a5f3e4f653c98a59a566426b6263112bbedc4e2de6d8150b5d
2026-09-03 14:55:20,742 [INFO] Capturing response: https://update.googleapis.com/service/update2/json?cup2key=16:12LaDW5eDDYVu7tVW-fJtknkmcmJdGMPRZCBQzw6oLk&cup2hreq=8625d0e6835014a5f3e4f653c98a59a566426b6263112bbedc4e2de6d8150b5d 200 
2026-09-03 14:55:20,749 [INFO] Capturing request: http://edgedl.me.gvt1.com/edgedl/diffgen-puffin/gcmjkmgdlgnkkcocmoeiminaijmmjnii/fc1f961a8e1d6f22b29a01eb8f62d27d7f0f928ed1b230dfa8430cc20542c1bf
2026-09-03 14:55:20,762 [INFO] Capturing response: http://edgedl.me.gvt1.com/edgedl/diffgen-puffin/gcmjkmgdlgnkkcocmoeiminaijmmjnii/fc1f961a8e1d6f22b29a01eb8f62d27d7f0f928ed1b230dfa8430cc20542c1bf 200 OK
2026-09-03 14:55:20,790 [INFO] Capturing request: https://update.googleapis.com/service/update2/json
2026-09-03 14:55:20,841 [INFO] Capturing response: https://update.googleapis.com/service/update2/json 200 
2026-09-03 14:55:20,887 [INFO] Capturing request: http://edgedl.me.gvt1.com/edgedl/release2/chrome_component/cdj2remwzdtuspvv4pjnnv5jna_10754/hfnkpimlhhgieaddgfemjhofmfblmnib_10754_all_ad5ybhicjoadx6wsf7zbuombz3ua.crx3
2026-09-03 14:55:21,006 [INFO] Capturing response: http://edgedl.me.gvt1.com/edgedl/release2/chrome_component/cdj2remwzdtuspvv4pjnnv5jna_10754/hfnkpimlhhgieaddgfemjhofmfblmnib_10754_all_ad5ybhicjoadx6wsf7zbuombz3ua.crx3 200 OK
2026-09-03 14:55:21,034 [INFO] Capturing request: https://update.googleapis.com/service/update2/json
2026-09-03 14:55:21,080 [INFO] Capturing response: https://update.googleapis.com/service/update2/json 200 
2026-09-03 14:55:41,693 [WARNING]   ❌ Tivibu Spor 1 için M3U8 bulunamadı
2026-09-03 14:55:42,693 [INFO] 
[12/14]
2026-09-03 14:55:42,693 [INFO] 🔍 Tivibu Spor 2 → https://www.atomsportv514.top/matches?id=tivibu-spor-2
2026-09-03 14:55:42,843 [INFO] Capturing request: https://www.atomsportv514.top/matches?id=tivibu-spor-2
2026-09-03 14:55:43,609 [INFO] Capturing response: https://www.atomsportv514.top/matches?id=tivibu-spor-2 200 
2026-09-03 14:55:43,775 [INFO] Capturing request: https://www.atomsportv514.top/favicon.ico
2026-09-03 14:55:43,809 [INFO] Capturing request: https://teletv5.top/load/yayinlink.php?id=tivibu-spor-2
2026-09-03 14:55:43,831 [INFO] Capturing response: https://www.atomsportv514.top/favicon.ico 200 
2026-09-03 14:55:44,407 [INFO] Capturing request: https://streamsport365.com/cinema
2026-09-03 14:55:44,465 [INFO] Capturing response: https://teletv5.top/load/yayinlink.php?id=tivibu-spor-2 200 
2026-09-03 14:55:44,766 [INFO] Capturing response: https://streamsport365.com/cinema 200 
2026-09-03 14:56:16,933 [WARNING]   ❌ Tivibu Spor 2 için M3U8 bulunamadı
2026-09-03 14:56:17,933 [INFO] 
[13/14]
2026-09-03 14:56:17,934 [INFO] 🔍 Tivibu Spor 3 → https://www.atomsportv514.top/matches?id=tivibu-spor-3
2026-09-03 14:56:18,042 [INFO] Capturing request: https://www.atomsportv514.top/matches?id=tivibu-spor-3
2026-09-03 14:56:18,548 [INFO] Capturing response: https://www.atomsportv514.top/matches?id=tivibu-spor-3 200 
2026-09-03 14:56:18,682 [INFO] Capturing request: https://teletv5.top/load/yayinlink.php?id=tivibu-spor-3
2026-09-03 14:56:18,685 [INFO] Capturing request: https://www.atomsportv514.top/favicon.ico
2026-09-03 14:56:18,739 [INFO] Capturing response: https://www.atomsportv514.top/favicon.ico 200 
2026-09-03 14:56:18,839 [INFO] Capturing request: https://streamsport365.com/cinema
2026-09-03 14:56:18,965 [INFO] Capturing response: https://teletv5.top/load/yayinlink.php?id=tivibu-spor-3 200 
2026-09-03 14:56:19,219 [INFO] Capturing response: https://streamsport365.com/cinema 200 
2026-09-03 14:56:51,850 [WARNING]   ❌ Tivibu Spor 3 için M3U8 bulunamadı
2026-09-03 14:56:52,850 [INFO] 
[14/14]
2026-09-03 14:56:52,851 [INFO] 🔍 Tivibu Spor 4 → https://www.atomsportv514.top/matches?id=tivibu-spor-4
2026-09-03 14:56:52,959 [INFO] Capturing request: https://www.atomsportv514.top/matches?id=tivibu-spor-4
2026-09-03 14:56:53,530 [INFO] Capturing response: https://www.atomsportv514.top/matches?id=tivibu-spor-4 200 
2026-09-03 14:56:53,669 [INFO] Capturing request: https://teletv5.top/load/yayinlink.php?id=tivibu-spor-4
2026-09-03 14:56:53,670 [INFO] Capturing request: https://www.atomsportv514.top/favicon.ico
2026-09-03 14:56:53,713 [INFO] Capturing response: https://www.atomsportv514.top/favicon.ico 200 
2026-09-03 14:56:53,824 [INFO] Capturing request: https://streamsport365.com/cinema
2026-09-03 14:56:54,189 [INFO] Capturing response: https://streamsport365.com/cinema 200 
2026-09-03 14:56:55,116 [INFO] Capturing response: https://teletv5.top/load/yayinlink.php?id=tivibu-spor-4 200 
2026-09-03 14:57:26,828 [WARNING]   ❌ Tivibu Spor 4 için M3U8 bulunamadı
2026-09-03 14:57:27,895 [INFO] ✅ 10 kanal bulundu, playlist.m3u kaydedildi
