2026-09-10 00:28:16,534 [INFO] 🌐 BASE_URL: https://www.atomsportv514.top
2026-09-10 00:28:17,668 [INFO] Başlanıyor... 14 kanal taranacak
2026-09-10 00:28:17,668 [INFO] Using default request storage
2026-09-10 00:28:17,673 [INFO] Created proxy listening on 127.0.0.1:39471
2026-09-10 00:28:18,351 [INFO] Capturing request: http://clients2.google.com/time/1/current?cup2key=10:KOn1tFUH6OpVe-X9I7vM1b38z4OCtN5JBuJV7WUDnE0&cup2hreq=e3b0c44298fc1c149afbf4c8996fb92427ae41e4649b934ca495991b7852b855
2026-09-10 00:28:18,383 [INFO] Capturing response: http://clients2.google.com/time/1/current?cup2key=10:KOn1tFUH6OpVe-X9I7vM1b38z4OCtN5JBuJV7WUDnE0&cup2hreq=e3b0c44298fc1c149afbf4c8996fb92427ae41e4649b934ca495991b7852b855 200 OK
2026-09-10 00:28:18,615 [INFO] 
[1/14]
2026-09-10 00:28:18,615 [INFO] 🔍 beIN Sports 1 → https://www.atomsportv514.top/matches?id=bein-sports-1
2026-09-10 00:28:18,757 [INFO] Capturing request: https://update.googleapis.com/service/update2/json?cup2key=ML-DSA-44-16:8K016jYh-dC7pZLJJOMSw0OE7RR9GfbaINl7oKUB8qg&cup2hreq=fb1915a52383fc8566460fe94c7e8acb147567cff6458395db57539616097056
2026-09-10 00:28:18,758 [INFO] Capturing request: https://accounts.google.com/ListAccounts?gpsia=1&source=ChromiumBrowser&json=standard&laf=b64bin
2026-09-10 00:28:18,871 [INFO] Capturing response: https://update.googleapis.com/service/update2/json?cup2key=ML-DSA-44-16:8K016jYh-dC7pZLJJOMSw0OE7RR9GfbaINl7oKUB8qg&cup2hreq=fb1915a52383fc8566460fe94c7e8acb147567cff6458395db57539616097056 200 
2026-09-10 00:28:18,876 [INFO] Capturing request: https://www.google.com/async/folae?async=_fmt:pb&udm=50&client_locale=en-US&client_country=ZZ
2026-09-10 00:28:18,877 [INFO] Capturing request: https://www.atomsportv514.top/matches?id=bein-sports-1
2026-09-10 00:28:18,880 [INFO] Capturing response: https://accounts.google.com/ListAccounts?gpsia=1&source=ChromiumBrowser&json=standard&laf=b64bin 200 
2026-09-10 00:28:18,905 [INFO] Capturing response: https://www.google.com/async/folae?async=_fmt:pb&udm=50&client_locale=en-US&client_country=ZZ 200 
2026-09-10 00:28:18,920 [INFO] Capturing request: https://update.googleapis.com/service/update2/json?cup2key=ML-DSA-44-16:aFL2Z5T_TxoK2MpsQHof_60Di5GUSfEf2Jm1i0vdxTM&cup2hreq=f1759af8295dc6e39b2b6143b44b6a28fcf7d924e6e0e1010db8e1465b9e3ad8
2026-09-10 00:28:18,946 [INFO] Capturing response: https://update.googleapis.com/service/update2/json?cup2key=ML-DSA-44-16:aFL2Z5T_TxoK2MpsQHof_60Di5GUSfEf2Jm1i0vdxTM&cup2hreq=f1759af8295dc6e39b2b6143b44b6a28fcf7d924e6e0e1010db8e1465b9e3ad8 200 
2026-09-10 00:28:18,997 [INFO] Capturing request: https://update.googleapis.com/service/update2/json?cup2key=ML-DSA-44-16:bT_76851ZaK_VAOIpbKwqHOhXve0m-f_U6P_xyBn4h4&cup2hreq=184638ed827941f45219aa791bea52722aef4ece72b27df510fa5971a5e2f9ac
2026-09-10 00:28:19,027 [INFO] Capturing response: https://update.googleapis.com/service/update2/json?cup2key=ML-DSA-44-16:bT_76851ZaK_VAOIpbKwqHOhXve0m-f_U6P_xyBn4h4&cup2hreq=184638ed827941f45219aa791bea52722aef4ece72b27df510fa5971a5e2f9ac 200 
2026-09-10 00:28:19,132 [INFO] Capturing request: https://www.google.com/async/folae?async=_fmt:pb&udm=50&client_locale=en-US&client_country=ZZ
2026-09-10 00:28:19,160 [INFO] Capturing response: https://www.google.com/async/folae?async=_fmt:pb&udm=50&client_locale=en-US&client_country=ZZ 200 
2026-09-10 00:28:19,283 [INFO] Capturing response: https://www.atomsportv514.top/matches?id=bein-sports-1 200 
2026-09-10 00:28:19,483 [INFO] Capturing request: https://cdn.jsdelivr.net/npm/@clappr/player@0.11.16/dist/clappr.min.js
2026-09-10 00:28:19,486 [INFO] Capturing request: https://cdn.jsdelivr.net/npm/@clappr/hlsjs-playback@1.8.3/dist/hlsjs-playback.min.js
2026-09-10 00:28:19,488 [INFO] Capturing request: https://cdn.jsdelivr.net/npm/level-selector/dist/level-selector.min.js
2026-09-10 00:28:19,499 [INFO] Capturing response: https://cdn.jsdelivr.net/npm/level-selector/dist/level-selector.min.js 200 
2026-09-10 00:28:19,514 [INFO] Capturing response: https://cdn.jsdelivr.net/npm/@clappr/player@0.11.16/dist/clappr.min.js 200 
2026-09-10 00:28:19,518 [INFO] Capturing response: https://cdn.jsdelivr.net/npm/@clappr/hlsjs-playback@1.8.3/dist/hlsjs-playback.min.js 200 
2026-09-10 00:28:19,739 [INFO] Capturing request: https://www.atomsportv514.top/favicon.ico
2026-09-10 00:28:19,806 [INFO] Capturing response: https://www.atomsportv514.top/favicon.ico 200 
2026-09-10 00:28:19,812 [INFO] Capturing request: https://teletv5.top/load/yayinlink.php?id=bein-sports-1
2026-09-10 00:28:19,851 [INFO] Capturing response: https://teletv5.top/load/yayinlink.php?id=bein-sports-1 200 
2026-09-10 00:28:20,352 [INFO] Capturing request: https://streamsport365.com/cinema
2026-09-10 00:28:20,626 [INFO] Capturing response: https://streamsport365.com/cinema 200 
2026-09-10 00:28:20,760 [INFO] Capturing request: https://www.atomsportv514.top/assets/img/player/player_logo_6a87a2e2eecc5.png
2026-09-10 00:28:20,801 [INFO] Capturing response: https://www.atomsportv514.top/assets/img/player/player_logo_6a87a2e2eecc5.png 200 
2026-09-10 00:28:20,990 [INFO] Capturing request: https://corestream.d72377a9ds0ec71.cfd//beintv/tracks-v1a1/mono.m3u8
2026-09-10 00:28:21,205 [INFO] Capturing response: https://corestream.d72377a9ds0ec71.cfd//beintv/tracks-v1a1/mono.m3u8 200 
2026-09-10 00:28:21,505 [INFO] Capturing request: https://global.d72377a9ds0ec71.cfd/beintv/tracks-v1a1/2026/09/10/00/28/36-06000.jpg
2026-09-10 00:28:21,772 [INFO] Capturing request: https://android.clients.google.com/checkin
2026-09-10 00:28:21,869 [INFO] Capturing response: https://android.clients.google.com/checkin 200 
2026-09-10 00:28:21,907 [INFO] Capturing response: https://global.d72377a9ds0ec71.cfd/beintv/tracks-v1a1/2026/09/10/00/28/36-06000.jpg 200 
2026-09-10 00:28:21,929 [INFO] Capturing request: https://android.clients.google.com/c2dm/register3
2026-09-10 00:28:21,933 [INFO] Capturing request: https://android.clients.google.com/c2dm/register3
2026-09-10 00:28:21,934 [INFO] Capturing request: https://android.clients.google.com/c2dm/register3
2026-09-10 00:28:21,973 [INFO] Capturing response: https://android.clients.google.com/c2dm/register3 200 
2026-09-10 00:28:22,173 [INFO] Capturing request: https://global.d72377a9ds0ec71.cfd/beintv/tracks-v1a1/2026/09/10/00/28/42-06000.jpg
2026-09-10 00:28:22,406 [INFO] Capturing response: https://android.clients.google.com/c2dm/register3 200 
2026-09-10 00:28:22,644 [INFO] Capturing response: https://global.d72377a9ds0ec71.cfd/beintv/tracks-v1a1/2026/09/10/00/28/42-06000.jpg 200 
2026-09-10 00:28:22,665 [INFO] Capturing response: https://android.clients.google.com/c2dm/register3 200 
2026-09-10 00:28:22,700 [INFO]   ✅ M3U8 bulundu: https://corestream.d72377a9ds0ec71.cfd//beintv/tracks-v1a1/mono.m3u8
2026-09-10 00:28:22,916 [INFO] Capturing request: https://global.d72377a9ds0ec71.cfd/beintv/tracks-v1a1/2026/09/10/00/28/48-06000.jpg
2026-09-10 00:28:23,263 [INFO] Capturing response: https://global.d72377a9ds0ec71.cfd/beintv/tracks-v1a1/2026/09/10/00/28/48-06000.jpg 200 
2026-09-10 00:28:23,700 [INFO] 
[2/14]
2026-09-10 00:28:23,701 [INFO] 🔍 beIN Sports 2 → https://www.atomsportv514.top/matches?id=bein-sports-2
2026-09-10 00:28:23,814 [INFO] Capturing request: https://www.atomsportv514.top/matches?id=bein-sports-2
2026-09-10 00:28:24,033 [INFO] Capturing response: https://www.atomsportv514.top/matches?id=bein-sports-2 200 
2026-09-10 00:28:24,084 [INFO] Capturing request: https://streamsport365.com/cinema
2026-09-10 00:28:24,184 [INFO] Capturing request: https://teletv5.top/load/yayinlink.php?id=bein-sports-2
2026-09-10 00:28:24,186 [INFO] Capturing request: https://www.atomsportv514.top/favicon.ico
2026-09-10 00:28:24,214 [INFO] Capturing response: https://teletv5.top/load/yayinlink.php?id=bein-sports-2 200 
2026-09-10 00:28:24,233 [INFO] Capturing response: https://www.atomsportv514.top/favicon.ico 200 
2026-09-10 00:28:24,366 [INFO] Capturing response: https://streamsport365.com/cinema 200 
2026-09-10 00:28:24,477 [INFO] Capturing request: https://www.atomsportv514.top/assets/img/player/player_logo_6a87a2e2eecc5.png
2026-09-10 00:28:24,486 [INFO] Capturing request: https://corestream.d72377a9ds0ec71.cfd//bein2/tracks-v1a1/mono.m3u8
2026-09-10 00:28:24,601 [INFO] Capturing response: https://www.atomsportv514.top/assets/img/player/player_logo_6a87a2e2eecc5.png 304 
2026-09-10 00:28:24,627 [INFO] Capturing response: https://corestream.d72377a9ds0ec71.cfd//bein2/tracks-v1a1/mono.m3u8 200 
2026-09-10 00:28:24,736 [INFO] Capturing request: https://global.d72377a9ds0ec71.cfd/bein2/tracks-v1a1/2026/09/10/00/28/11-05000.jpg
2026-09-10 00:28:25,513 [INFO] Capturing response: https://global.d72377a9ds0ec71.cfd/bein2/tracks-v1a1/2026/09/10/00/28/11-05000.jpg 200 
2026-09-10 00:28:25,765 [INFO] Capturing request: https://global.d72377a9ds0ec71.cfd/bein2/tracks-v1a1/2026/09/10/00/28/16-05000.jpg
2026-09-10 00:28:26,334 [INFO] Capturing response: https://global.d72377a9ds0ec71.cfd/bein2/tracks-v1a1/2026/09/10/00/28/16-05000.jpg 200 
2026-09-10 00:28:26,587 [INFO] Capturing request: https://global.d72377a9ds0ec71.cfd/bein2/tracks-v1a1/2026/09/10/00/28/21-05000.jpg
2026-09-10 00:28:27,112 [INFO]   ✅ M3U8 bulundu: https://corestream.d72377a9ds0ec71.cfd//bein2/tracks-v1a1/mono.m3u8
2026-09-10 00:28:27,143 [INFO] Capturing response: https://global.d72377a9ds0ec71.cfd/bein2/tracks-v1a1/2026/09/10/00/28/21-05000.jpg 200 
2026-09-10 00:28:28,113 [INFO] 
[3/14]
2026-09-10 00:28:28,113 [INFO] 🔍 beIN Sports 3 → https://www.atomsportv514.top/matches?id=bein-sports-3
2026-09-10 00:28:28,224 [INFO] Capturing request: https://www.atomsportv514.top/matches?id=bein-sports-3
2026-09-10 00:28:28,443 [INFO] Capturing response: https://www.atomsportv514.top/matches?id=bein-sports-3 200 
2026-09-10 00:28:28,568 [INFO] Capturing request: https://teletv5.top/load/yayinlink.php?id=bein-sports-3
2026-09-10 00:28:28,572 [INFO] Capturing request: https://www.atomsportv514.top/favicon.ico
2026-09-10 00:28:28,594 [INFO] Capturing response: https://teletv5.top/load/yayinlink.php?id=bein-sports-3 200 
2026-09-10 00:28:28,613 [INFO] Capturing response: https://www.atomsportv514.top/favicon.ico 200 
2026-09-10 00:28:28,680 [INFO] Capturing request: https://streamsport365.com/cinema
2026-09-10 00:28:28,955 [INFO] Capturing response: https://streamsport365.com/cinema 200 
2026-09-10 00:28:29,065 [INFO] Capturing request: https://www.atomsportv514.top/assets/img/player/player_logo_6a87a2e2eecc5.png
2026-09-10 00:28:29,074 [INFO] Capturing request: https://corestream.d72377a9ds0ec71.cfd//bein3/tracks-v1a1/mono.m3u8
2026-09-10 00:28:29,183 [INFO] Capturing response: https://www.atomsportv514.top/assets/img/player/player_logo_6a87a2e2eecc5.png 304 
2026-09-10 00:28:29,222 [INFO] Capturing response: https://corestream.d72377a9ds0ec71.cfd//bein3/tracks-v1a1/mono.m3u8 200 
2026-09-10 00:28:29,332 [INFO] Capturing request: https://global.d72377a9ds0ec71.cfd/bein3/tracks-v1a1/2026/09/10/00/27/59-07640.jpg
2026-09-10 00:28:29,764 [INFO] Capturing response: https://global.d72377a9ds0ec71.cfd/bein3/tracks-v1a1/2026/09/10/00/27/59-07640.jpg 200 
2026-09-10 00:28:29,947 [INFO] Capturing request: https://global.d72377a9ds0ec71.cfd/bein3/tracks-v1a1/2026/09/10/00/28/07-11480.jpg
2026-09-10 00:28:30,338 [INFO] Capturing response: https://global.d72377a9ds0ec71.cfd/bein3/tracks-v1a1/2026/09/10/00/28/07-11480.jpg 200 
2026-09-10 00:28:30,573 [INFO] Capturing request: https://global.d72377a9ds0ec71.cfd/bein3/tracks-v1a1/2026/09/10/00/28/18-05080.jpg
2026-09-10 00:28:30,819 [INFO] Capturing response: https://global.d72377a9ds0ec71.cfd/bein3/tracks-v1a1/2026/09/10/00/28/18-05080.jpg 200 
2026-09-10 00:28:31,005 [INFO] Capturing request: https://global.d72377a9ds0ec71.cfd/bein3/tracks-v1a1/2026/09/10/00/28/23-05280.jpg
2026-09-10 00:28:31,306 [INFO] Capturing response: https://global.d72377a9ds0ec71.cfd/bein3/tracks-v1a1/2026/09/10/00/28/23-05280.jpg 200 
2026-09-10 00:28:31,496 [INFO]   ✅ M3U8 bulundu: https://corestream.d72377a9ds0ec71.cfd//bein3/tracks-v1a1/mono.m3u8
2026-09-10 00:28:32,497 [INFO] 
[4/14]
2026-09-10 00:28:32,497 [INFO] 🔍 beIN Sports 4 → https://www.atomsportv514.top/matches?id=bein-sports-4
2026-09-10 00:28:32,607 [INFO] Capturing request: https://www.atomsportv514.top/matches?id=bein-sports-4
2026-09-10 00:28:32,834 [INFO] Capturing response: https://www.atomsportv514.top/matches?id=bein-sports-4 200 
2026-09-10 00:28:32,869 [INFO] Capturing request: https://streamsport365.com/cinema
2026-09-10 00:28:32,969 [INFO] Capturing request: https://www.atomsportv514.top/favicon.ico
2026-09-10 00:28:32,970 [INFO] Capturing request: https://teletv5.top/load/yayinlink.php?id=bein-sports-4
2026-09-10 00:28:33,006 [INFO] Capturing response: https://teletv5.top/load/yayinlink.php?id=bein-sports-4 200 
2026-09-10 00:28:33,018 [INFO] Capturing response: https://www.atomsportv514.top/favicon.ico 200 
2026-09-10 00:28:33,141 [INFO] Capturing response: https://streamsport365.com/cinema 200 
2026-09-10 00:28:33,252 [INFO] Capturing request: https://www.atomsportv514.top/assets/img/player/player_logo_6a87a2e2eecc5.png
2026-09-10 00:28:33,262 [INFO] Capturing request: https://corestream.d72377a9ds0ec71.cfd//bein4/tracks-v1a1/mono.m3u8
2026-09-10 00:28:33,370 [INFO] Capturing response: https://www.atomsportv514.top/assets/img/player/player_logo_6a87a2e2eecc5.png 304 
2026-09-10 00:28:33,401 [INFO] Capturing response: https://corestream.d72377a9ds0ec71.cfd//bein4/tracks-v1a1/mono.m3u8 200 
2026-09-10 00:28:33,550 [INFO] Capturing request: https://global.d72377a9ds0ec71.cfd/bein4/tracks-v1a1/2026/09/10/00/28/04-10400.jpg
2026-09-10 00:28:33,940 [INFO] Capturing response: https://global.d72377a9ds0ec71.cfd/bein4/tracks-v1a1/2026/09/10/00/28/04-10400.jpg 200 
2026-09-10 00:28:34,160 [INFO] Capturing request: https://global.d72377a9ds0ec71.cfd/bein4/tracks-v1a1/2026/09/10/00/28/14-10000.jpg
2026-09-10 00:28:34,549 [INFO] Capturing response: https://global.d72377a9ds0ec71.cfd/bein4/tracks-v1a1/2026/09/10/00/28/14-10000.jpg 200 
2026-09-10 00:28:34,782 [INFO] Capturing request: https://global.d72377a9ds0ec71.cfd/bein4/tracks-v1a1/2026/09/10/00/28/24-10000.jpg
2026-09-10 00:28:35,183 [INFO] Capturing response: https://global.d72377a9ds0ec71.cfd/bein4/tracks-v1a1/2026/09/10/00/28/24-10000.jpg 200 
2026-09-10 00:28:35,424 [INFO] Capturing request: https://global.d72377a9ds0ec71.cfd/bein4/tracks-v1a1/2026/09/10/00/28/34-13400.jpg
2026-09-10 00:28:35,892 [INFO]   ✅ M3U8 bulundu: https://corestream.d72377a9ds0ec71.cfd//bein4/tracks-v1a1/mono.m3u8
2026-09-10 00:28:35,994 [INFO] Capturing response: https://global.d72377a9ds0ec71.cfd/bein4/tracks-v1a1/2026/09/10/00/28/34-13400.jpg 200 
2026-09-10 00:28:36,894 [INFO] 
[5/14]
2026-09-10 00:28:36,894 [INFO] 🔍 beIN Sports 5 → https://www.atomsportv514.top/matches?id=bein-sports-5
2026-09-10 00:28:37,005 [INFO] Capturing request: https://www.atomsportv514.top/matches?id=bein-sports-5
2026-09-10 00:28:37,290 [INFO] Capturing response: https://www.atomsportv514.top/matches?id=bein-sports-5 200 
2026-09-10 00:28:37,415 [INFO] Capturing request: https://teletv5.top/load/yayinlink.php?id=bein-sports-5
2026-09-10 00:28:37,418 [INFO] Capturing request: https://www.atomsportv514.top/favicon.ico
2026-09-10 00:28:37,456 [INFO] Capturing response: https://www.atomsportv514.top/favicon.ico 200 
2026-09-10 00:28:37,528 [INFO] Capturing request: https://streamsport365.com/cinema
2026-09-10 00:28:37,763 [INFO] Capturing response: https://teletv5.top/load/yayinlink.php?id=bein-sports-5 200 
2026-09-10 00:28:37,797 [INFO] Capturing response: https://streamsport365.com/cinema 200 
2026-09-10 00:28:37,908 [INFO] Capturing request: https://www.atomsportv514.top/assets/img/player/player_logo_6a87a2e2eecc5.png
2026-09-10 00:28:37,918 [INFO] Capturing request: https://corestream.d72377a9ds0ec71.cfd//bein5/tracks-v1a1/mono.m3u8
2026-09-10 00:28:38,027 [INFO] Capturing response: https://www.atomsportv514.top/assets/img/player/player_logo_6a87a2e2eecc5.png 304 
2026-09-10 00:28:38,067 [INFO] Capturing response: https://corestream.d72377a9ds0ec71.cfd//bein5/tracks-v1a1/mono.m3u8 404 
2026-09-10 00:28:40,192 [INFO] Capturing request: https://corestream.d72377a9ds0ec71.cfd//bein5/tracks-v1a1/mono.m3u8
2026-09-10 00:28:40,328 [INFO] Capturing response: https://corestream.d72377a9ds0ec71.cfd//bein5/tracks-v1a1/mono.m3u8 404 
2026-09-10 00:28:40,331 [INFO]   ✅ M3U8 bulundu: https://corestream.d72377a9ds0ec71.cfd//bein5/tracks-v1a1/mono.m3u8
2026-09-10 00:28:41,331 [INFO] 
[6/14]
2026-09-10 00:28:41,331 [INFO] 🔍 beIN Sports Max 1 → https://www.atomsportv514.top/matches?id=bein-sports-max-1
2026-09-10 00:28:41,439 [INFO] Capturing request: https://www.atomsportv514.top/matches?id=bein-sports-max-1
2026-09-10 00:28:41,656 [INFO] Capturing response: https://www.atomsportv514.top/matches?id=bein-sports-max-1 200 
2026-09-10 00:28:41,682 [INFO] Capturing request: https://streamsport365.com/cinema
2026-09-10 00:28:41,784 [INFO] Capturing request: https://teletv5.top/load/yayinlink.php?id=bein-sports-max-1
2026-09-10 00:28:41,784 [INFO] Capturing request: https://www.atomsportv514.top/favicon.ico
2026-09-10 00:28:41,820 [INFO] Capturing response: https://www.atomsportv514.top/favicon.ico 200 
2026-09-10 00:28:41,953 [INFO] Capturing response: https://streamsport365.com/cinema 200 
2026-09-10 00:28:41,969 [INFO] Capturing response: https://teletv5.top/load/yayinlink.php?id=bein-sports-max-1 200 
2026-09-10 00:28:42,119 [INFO] Capturing request: https://www.atomsportv514.top/assets/img/player/player_logo_6a87a2e2eecc5.png
2026-09-10 00:28:42,131 [INFO] Capturing request: https://corestream.d72377a9ds0ec71.cfd//beinmax1/tracks-v1a1/mono.m3u8
2026-09-10 00:28:42,239 [INFO] Capturing response: https://www.atomsportv514.top/assets/img/player/player_logo_6a87a2e2eecc5.png 304 
2026-09-10 00:28:42,276 [INFO] Capturing response: https://corestream.d72377a9ds0ec71.cfd//beinmax1/tracks-v1a1/mono.m3u8 404 
2026-09-10 00:28:44,395 [INFO] Capturing request: https://corestream.d72377a9ds0ec71.cfd//beinmax1/tracks-v1a1/mono.m3u8
2026-09-10 00:28:44,524 [INFO] Capturing response: https://corestream.d72377a9ds0ec71.cfd//beinmax1/tracks-v1a1/mono.m3u8 404 
2026-09-10 00:28:44,695 [INFO]   ✅ M3U8 bulundu: https://corestream.d72377a9ds0ec71.cfd//beinmax1/tracks-v1a1/mono.m3u8
2026-09-10 00:28:45,107 [INFO] Capturing request: https://android.clients.google.com/c2dm/register3
2026-09-10 00:28:45,138 [INFO] Capturing response: https://android.clients.google.com/c2dm/register3 301 
2026-09-10 00:28:45,696 [INFO] 
[7/14]
2026-09-10 00:28:45,696 [INFO] 🔍 beIN Sports Max 2 → https://www.atomsportv514.top/matches?id=bein-sports-max-2
2026-09-10 00:28:45,804 [INFO] Capturing request: https://www.atomsportv514.top/matches?id=bein-sports-max-2
2026-09-10 00:28:46,017 [INFO] Capturing response: https://www.atomsportv514.top/matches?id=bein-sports-max-2 200 
2026-09-10 00:28:46,147 [INFO] Capturing request: https://teletv5.top/load/yayinlink.php?id=bein-sports-max-2
2026-09-10 00:28:46,148 [INFO] Capturing request: https://www.atomsportv514.top/favicon.ico
2026-09-10 00:28:46,189 [INFO] Capturing response: https://www.atomsportv514.top/favicon.ico 200 
2026-09-10 00:28:46,257 [INFO] Capturing request: https://streamsport365.com/cinema
2026-09-10 00:28:46,338 [INFO] Capturing response: https://teletv5.top/load/yayinlink.php?id=bein-sports-max-2 200 
2026-09-10 00:28:46,534 [INFO] Capturing response: https://streamsport365.com/cinema 200 
2026-09-10 00:28:46,644 [INFO] Capturing request: https://www.atomsportv514.top/assets/img/player/player_logo_6a87a2e2eecc5.png
2026-09-10 00:28:46,653 [INFO] Capturing request: https://corestream.d72377a9ds0ec71.cfd//beinmax2/tracks-v1a1/mono.m3u8
2026-09-10 00:28:46,762 [INFO] Capturing response: https://www.atomsportv514.top/assets/img/player/player_logo_6a87a2e2eecc5.png 304 
2026-09-10 00:28:46,792 [INFO] Capturing response: https://corestream.d72377a9ds0ec71.cfd//beinmax2/tracks-v1a1/mono.m3u8 404 
2026-09-10 00:28:48,950 [INFO] Capturing request: https://corestream.d72377a9ds0ec71.cfd//beinmax2/tracks-v1a1/mono.m3u8
2026-09-10 00:28:49,057 [INFO]   ✅ M3U8 bulundu: https://corestream.d72377a9ds0ec71.cfd//beinmax2/tracks-v1a1/mono.m3u8
2026-09-10 00:28:49,084 [INFO] Capturing response: https://corestream.d72377a9ds0ec71.cfd//beinmax2/tracks-v1a1/mono.m3u8 404 
2026-09-10 00:28:50,058 [INFO] 
[8/14]
2026-09-10 00:28:50,058 [INFO] 🔍 S Sport → https://www.atomsportv514.top/matches?id=s-sport
2026-09-10 00:28:50,166 [INFO] Capturing request: https://www.atomsportv514.top/matches?id=s-sport
2026-09-10 00:28:50,548 [INFO] Capturing response: https://www.atomsportv514.top/matches?id=s-sport 200 
2026-09-10 00:28:50,582 [INFO] Capturing request: https://streamsport365.com/cinema
2026-09-10 00:28:50,682 [INFO] Capturing request: https://teletv5.top/load/yayinlink.php?id=s-sport
2026-09-10 00:28:50,683 [INFO] Capturing request: https://www.atomsportv514.top/favicon.ico
2026-09-10 00:28:50,711 [INFO] Capturing response: https://teletv5.top/load/yayinlink.php?id=s-sport 200 
2026-09-10 00:28:50,725 [INFO] Capturing response: https://www.atomsportv514.top/favicon.ico 200 
2026-09-10 00:28:50,854 [INFO] Capturing response: https://streamsport365.com/cinema 200 
2026-09-10 00:28:50,965 [INFO] Capturing request: https://www.atomsportv514.top/assets/img/player/player_logo_6a87a2e2eecc5.png
2026-09-10 00:28:50,974 [INFO] Capturing request: https://corestream.d72377a9ds0ec71.cfd//s-sport/tracks-v1a1/mono.m3u8
2026-09-10 00:28:51,087 [INFO] Capturing response: https://www.atomsportv514.top/assets/img/player/player_logo_6a87a2e2eecc5.png 304 
2026-09-10 00:28:51,119 [INFO] Capturing response: https://corestream.d72377a9ds0ec71.cfd//s-sport/tracks-v1a1/mono.m3u8 200 
2026-09-10 00:28:51,229 [INFO] Capturing request: https://global.d72377a9ds0ec71.cfd/s-sport/tracks-v1a1/2026/09/10/00/29/21-06400.jpg
2026-09-10 00:28:51,871 [INFO] Capturing response: https://global.d72377a9ds0ec71.cfd/s-sport/tracks-v1a1/2026/09/10/00/29/21-06400.jpg 200 
2026-09-10 00:28:52,098 [INFO] Capturing request: https://global.d72377a9ds0ec71.cfd/s-sport/tracks-v1a1/2026/09/10/00/29/27-06400.jpg
2026-09-10 00:28:52,470 [INFO] Capturing response: https://global.d72377a9ds0ec71.cfd/s-sport/tracks-v1a1/2026/09/10/00/29/27-06400.jpg 200 
2026-09-10 00:28:52,701 [INFO] Capturing request: https://global.d72377a9ds0ec71.cfd/s-sport/tracks-v1a1/2026/09/10/00/29/34-06400.jpg
2026-09-10 00:28:53,001 [INFO] Capturing response: https://global.d72377a9ds0ec71.cfd/s-sport/tracks-v1a1/2026/09/10/00/29/34-06400.jpg 200 
2026-09-10 00:28:53,200 [INFO] Capturing request: https://global.d72377a9ds0ec71.cfd/s-sport/tracks-v1a1/2026/09/10/00/29/40-06400.jpg
2026-09-10 00:28:53,616 [INFO]   ✅ M3U8 bulundu: https://corestream.d72377a9ds0ec71.cfd//s-sport/tracks-v1a1/mono.m3u8
2026-09-10 00:28:53,655 [INFO] Capturing response: https://global.d72377a9ds0ec71.cfd/s-sport/tracks-v1a1/2026/09/10/00/29/40-06400.jpg 200 
2026-09-10 00:28:54,617 [INFO] 
[9/14]
2026-09-10 00:28:54,617 [INFO] 🔍 S Sport 2 → https://www.atomsportv514.top/matches?id=s-sport-2
2026-09-10 00:28:54,729 [INFO] Capturing request: https://www.atomsportv514.top/matches?id=s-sport-2
2026-09-10 00:28:54,942 [INFO] Capturing response: https://www.atomsportv514.top/matches?id=s-sport-2 200 
2026-09-10 00:28:55,067 [INFO] Capturing request: https://teletv5.top/load/yayinlink.php?id=s-sport-2
2026-09-10 00:28:55,072 [INFO] Capturing request: https://www.atomsportv514.top/favicon.ico
2026-09-10 00:28:55,097 [INFO] Capturing response: https://teletv5.top/load/yayinlink.php?id=s-sport-2 200 
2026-09-10 00:28:55,117 [INFO] Capturing response: https://www.atomsportv514.top/favicon.ico 200 
2026-09-10 00:28:55,181 [INFO] Capturing request: https://streamsport365.com/cinema
2026-09-10 00:28:55,461 [INFO] Capturing response: https://streamsport365.com/cinema 200 
2026-09-10 00:28:55,571 [INFO] Capturing request: https://www.atomsportv514.top/assets/img/player/player_logo_6a87a2e2eecc5.png
2026-09-10 00:28:55,581 [INFO] Capturing request: https://corestream.d72377a9ds0ec71.cfd//s-sport2/tracks-v1a1/mono.m3u8
2026-09-10 00:28:55,687 [INFO] Capturing response: https://www.atomsportv514.top/assets/img/player/player_logo_6a87a2e2eecc5.png 304 
2026-09-10 00:28:55,725 [INFO] Capturing response: https://corestream.d72377a9ds0ec71.cfd//s-sport2/tracks-v1a1/mono.m3u8 200 
2026-09-10 00:28:55,874 [INFO] Capturing request: https://global.d72377a9ds0ec71.cfd/s-sport2/tracks-v1a1/2026/09/10/00/29/23-05000.jpg
2026-09-10 00:28:56,349 [INFO] Capturing response: https://global.d72377a9ds0ec71.cfd/s-sport2/tracks-v1a1/2026/09/10/00/29/23-05000.jpg 200 
2026-09-10 00:28:56,559 [INFO] Capturing request: https://global.d72377a9ds0ec71.cfd/s-sport2/tracks-v1a1/2026/09/10/00/29/28-05000.jpg
2026-09-10 00:28:56,964 [INFO] Capturing response: https://global.d72377a9ds0ec71.cfd/s-sport2/tracks-v1a1/2026/09/10/00/29/28-05000.jpg 200 
2026-09-10 00:28:57,215 [INFO] Capturing request: https://global.d72377a9ds0ec71.cfd/s-sport2/tracks-v1a1/2026/09/10/00/29/33-05000.jpg
2026-09-10 00:28:57,662 [INFO] Capturing response: https://global.d72377a9ds0ec71.cfd/s-sport2/tracks-v1a1/2026/09/10/00/29/33-05000.jpg 200 
2026-09-10 00:28:58,000 [INFO]   ✅ M3U8 bulundu: https://corestream.d72377a9ds0ec71.cfd//s-sport2/tracks-v1a1/mono.m3u8
2026-09-10 00:28:59,001 [INFO] 
[10/14]
2026-09-10 00:28:59,001 [INFO] 🔍 A Spor → https://www.atomsportv514.top/matches?id=a-spor
2026-09-10 00:28:59,111 [INFO] Capturing request: https://www.atomsportv514.top/matches?id=a-spor
2026-09-10 00:28:59,328 [INFO] Capturing response: https://www.atomsportv514.top/matches?id=a-spor 200 
2026-09-10 00:28:59,359 [INFO] Capturing request: https://streamsport365.com/cinema
2026-09-10 00:28:59,458 [INFO] Capturing request: https://www.atomsportv514.top/favicon.ico
2026-09-10 00:28:59,459 [INFO] Capturing request: https://teletv5.top/load/yayinlink.php?id=a-spor
2026-09-10 00:28:59,501 [INFO] Capturing response: https://www.atomsportv514.top/favicon.ico 200 
2026-09-10 00:28:59,628 [INFO] Capturing response: https://streamsport365.com/cinema 200 
2026-09-10 00:28:59,651 [INFO] Capturing response: https://teletv5.top/load/yayinlink.php?id=a-spor 200 
2026-09-10 00:28:59,802 [INFO] Capturing request: https://www.atomsportv514.top/assets/img/player/player_logo_6a87a2e2eecc5.png
2026-09-10 00:28:59,810 [INFO] Capturing request: https://corestream.d72377a9ds0ec71.cfd//aspor/tracks-v1a1/mono.m3u8
2026-09-10 00:28:59,919 [INFO] Capturing response: https://www.atomsportv514.top/assets/img/player/player_logo_6a87a2e2eecc5.png 304 
2026-09-10 00:28:59,947 [INFO] Capturing response: https://corestream.d72377a9ds0ec71.cfd//aspor/tracks-v1a1/mono.m3u8 404 
2026-09-10 00:29:02,065 [INFO] Capturing request: https://corestream.d72377a9ds0ec71.cfd//aspor/tracks-v1a1/mono.m3u8
2026-09-10 00:29:02,201 [INFO] Capturing response: https://corestream.d72377a9ds0ec71.cfd//aspor/tracks-v1a1/mono.m3u8 404 
2026-09-10 00:29:02,371 [INFO]   ✅ M3U8 bulundu: https://corestream.d72377a9ds0ec71.cfd//aspor/tracks-v1a1/mono.m3u8
2026-09-10 00:29:03,371 [INFO] 
[11/14]
2026-09-10 00:29:03,372 [INFO] 🔍 Tivibu Spor 1 → https://www.atomsportv514.top/matches?id=tivibu-spor-1
2026-09-10 00:29:03,480 [INFO] Capturing request: https://www.atomsportv514.top/matches?id=tivibu-spor-1
2026-09-10 00:29:04,030 [INFO] Capturing response: https://www.atomsportv514.top/matches?id=tivibu-spor-1 200 
2026-09-10 00:29:04,158 [INFO] Capturing request: https://teletv5.top/load/yayinlink.php?id=tivibu-spor-1
2026-09-10 00:29:04,161 [INFO] Capturing request: https://www.atomsportv514.top/favicon.ico
2026-09-10 00:29:04,188 [INFO] Capturing response: https://teletv5.top/load/yayinlink.php?id=tivibu-spor-1 200 
2026-09-10 00:29:04,202 [INFO] Capturing response: https://www.atomsportv514.top/favicon.ico 200 
2026-09-10 00:29:04,271 [INFO] Capturing request: https://streamsport365.com/cinema
2026-09-10 00:29:04,555 [INFO] Capturing response: https://streamsport365.com/cinema 200 
2026-09-10 00:29:18,351 [INFO] Capturing request: https://update.googleapis.com/service/update2/json?cup2key=ML-DSA-44-16:jbXpvGD8lonGCfFYOtleHCOvXm6NubGOxujsMd2-XCk&cup2hreq=dc4801fa55805e52d697388ee9fb9685d42b007ffbd71752691d31a4598e74d3
2026-09-10 00:29:18,380 [INFO] Capturing response: https://update.googleapis.com/service/update2/json?cup2key=ML-DSA-44-16:jbXpvGD8lonGCfFYOtleHCOvXm6NubGOxujsMd2-XCk&cup2hreq=dc4801fa55805e52d697388ee9fb9685d42b007ffbd71752691d31a4598e74d3 200 
2026-09-10 00:29:18,390 [INFO] Capturing request: http://edgedl.me.gvt1.com/edgedl/diffgen-puffin/gcmjkmgdlgnkkcocmoeiminaijmmjnii/fc1f961a8e1d6f22b29a01eb8f62d27d7f0f928ed1b230dfa8430cc20542c1bf
2026-09-10 00:29:18,443 [INFO] Capturing response: http://edgedl.me.gvt1.com/edgedl/diffgen-puffin/gcmjkmgdlgnkkcocmoeiminaijmmjnii/fc1f961a8e1d6f22b29a01eb8f62d27d7f0f928ed1b230dfa8430cc20542c1bf 200 OK
2026-09-10 00:29:18,471 [INFO] Capturing request: https://update.googleapis.com/service/update2/json
2026-09-10 00:29:18,497 [INFO] Capturing response: https://update.googleapis.com/service/update2/json 200 
2026-09-10 00:29:18,541 [INFO] Capturing request: http://edgedl.me.gvt1.com/edgedl/release2/chrome_component/actow7iw75alpw5oqcjap5n35cua_10767/hfnkpimlhhgieaddgfemjhofmfblmnib_10767_all_go3b4bshm7jxjv6paiaz5xbivy.crx3
2026-09-10 00:29:18,926 [INFO] Capturing response: http://edgedl.me.gvt1.com/edgedl/release2/chrome_component/actow7iw75alpw5oqcjap5n35cua_10767/hfnkpimlhhgieaddgfemjhofmfblmnib_10767_all_go3b4bshm7jxjv6paiaz5xbivy.crx3 200 OK
2026-09-10 00:29:18,955 [INFO] Capturing request: https://update.googleapis.com/service/update2/json
2026-09-10 00:29:18,984 [INFO] Capturing response: https://update.googleapis.com/service/update2/json 200 
2026-09-10 00:29:26,553 [INFO] Capturing request: https://android.clients.google.com/c2dm/register3
2026-09-10 00:29:26,583 [INFO] Capturing response: https://android.clients.google.com/c2dm/register3 301 
2026-09-10 00:29:37,344 [WARNING]   ❌ Tivibu Spor 1 için M3U8 bulunamadı
2026-09-10 00:29:38,345 [INFO] 
[12/14]
2026-09-10 00:29:38,345 [INFO] 🔍 Tivibu Spor 2 → https://www.atomsportv514.top/matches?id=tivibu-spor-2
2026-09-10 00:29:38,489 [INFO] Capturing request: https://www.atomsportv514.top/matches?id=tivibu-spor-2
2026-09-10 00:29:38,999 [INFO] Capturing response: https://www.atomsportv514.top/matches?id=tivibu-spor-2 200 
2026-09-10 00:29:39,164 [INFO] Capturing request: https://www.atomsportv514.top/favicon.ico
2026-09-10 00:29:39,201 [INFO] Capturing request: https://teletv5.top/load/yayinlink.php?id=tivibu-spor-2
2026-09-10 00:29:39,216 [INFO] Capturing response: https://www.atomsportv514.top/favicon.ico 200 
2026-09-10 00:29:39,573 [INFO] Capturing response: https://teletv5.top/load/yayinlink.php?id=tivibu-spor-2 200 
2026-09-10 00:29:39,657 [INFO] Capturing request: https://streamsport365.com/cinema
2026-09-10 00:29:39,931 [INFO] Capturing response: https://streamsport365.com/cinema 200 
2026-09-10 00:30:12,304 [WARNING]   ❌ Tivibu Spor 2 için M3U8 bulunamadı
2026-09-10 00:30:13,305 [INFO] 
[13/14]
2026-09-10 00:30:13,305 [INFO] 🔍 Tivibu Spor 3 → https://www.atomsportv514.top/matches?id=tivibu-spor-3
2026-09-10 00:30:13,412 [INFO] Capturing request: https://www.atomsportv514.top/matches?id=tivibu-spor-3
2026-09-10 00:30:13,821 [INFO] Capturing response: https://www.atomsportv514.top/matches?id=tivibu-spor-3 200 
2026-09-10 00:30:13,948 [INFO] Capturing request: https://teletv5.top/load/yayinlink.php?id=tivibu-spor-3
2026-09-10 00:30:13,951 [INFO] Capturing request: https://www.atomsportv514.top/favicon.ico
2026-09-10 00:30:14,001 [INFO] Capturing response: https://www.atomsportv514.top/favicon.ico 200 
2026-09-10 00:30:14,061 [INFO] Capturing request: https://streamsport365.com/cinema
2026-09-10 00:30:14,142 [INFO] Capturing response: https://teletv5.top/load/yayinlink.php?id=tivibu-spor-3 200 
2026-09-10 00:30:14,357 [INFO] Capturing response: https://streamsport365.com/cinema 200 
2026-09-10 00:30:47,094 [WARNING]   ❌ Tivibu Spor 3 için M3U8 bulunamadı
2026-09-10 00:30:48,094 [INFO] 
[14/14]
2026-09-10 00:30:48,094 [INFO] 🔍 Tivibu Spor 4 → https://www.atomsportv514.top/matches?id=tivibu-spor-4
2026-09-10 00:30:48,203 [INFO] Capturing request: https://www.atomsportv514.top/matches?id=tivibu-spor-4
2026-09-10 00:30:48,612 [INFO] Capturing response: https://www.atomsportv514.top/matches?id=tivibu-spor-4 200 
2026-09-10 00:30:48,742 [INFO] Capturing request: https://teletv5.top/load/yayinlink.php?id=tivibu-spor-4
2026-09-10 00:30:48,745 [INFO] Capturing request: https://www.atomsportv514.top/favicon.ico
2026-09-10 00:30:48,770 [INFO] Capturing response: https://teletv5.top/load/yayinlink.php?id=tivibu-spor-4 200 
2026-09-10 00:30:48,794 [INFO] Capturing response: https://www.atomsportv514.top/favicon.ico 200 
2026-09-10 00:30:48,854 [INFO] Capturing request: https://streamsport365.com/cinema
2026-09-10 00:30:49,122 [INFO] Capturing response: https://streamsport365.com/cinema 200 
2026-09-10 00:30:56,415 [INFO] Capturing request: https://android.clients.google.com/c2dm/register3
2026-09-10 00:30:56,451 [INFO] Capturing response: https://android.clients.google.com/c2dm/register3 429 
2026-09-10 00:31:21,889 [WARNING]   ❌ Tivibu Spor 4 için M3U8 bulunamadı
2026-09-10 00:31:22,956 [INFO] ✅ 10 kanal bulundu, playlist.m3u kaydedildi
