2026-08-25 08:43:22,913 [INFO] 🌐 BASE_URL: https://www.atomsportv513.top
2026-08-25 08:43:24,019 [INFO] Başlanıyor... 14 kanal taranacak
2026-08-25 08:43:24,020 [INFO] Using default request storage
2026-08-25 08:43:24,023 [INFO] Created proxy listening on 127.0.0.1:40691
2026-08-25 08:43:24,671 [INFO] Capturing request: http://clients2.google.com/time/1/current?cup2key=10:hIM2PcmqEmbT9qVLt0M3iBUe3lJTs7xbBT_ERBdmNdY&cup2hreq=e3b0c44298fc1c149afbf4c8996fb92427ae41e4649b934ca495991b7852b855
2026-08-25 08:43:24,721 [INFO] Capturing response: http://clients2.google.com/time/1/current?cup2key=10:hIM2PcmqEmbT9qVLt0M3iBUe3lJTs7xbBT_ERBdmNdY&cup2hreq=e3b0c44298fc1c149afbf4c8996fb92427ae41e4649b934ca495991b7852b855 200 OK
2026-08-25 08:43:24,915 [INFO] Capturing request: https://accounts.google.com/ListAccounts?gpsia=1&source=ChromiumBrowser&json=standard&laf=b64bin
2026-08-25 08:43:24,922 [INFO] Capturing request: https://update.googleapis.com/service/update2/json?cup2key=16:wIPzcLnahGjrDGyXcpmz1DFx-C_F_ds8fqlXoxslLRk&cup2hreq=7c4454ec8d4ccf644e205382fcea6003eb869136c2ee012bfb7c2cdb013f797c
2026-08-25 08:43:24,924 [INFO] 
[1/14]
2026-08-25 08:43:24,924 [INFO] 🔍 beIN Sports 1 → https://www.atomsportv513.top/matches?id=bein-sports-1
2026-08-25 08:43:24,970 [INFO] Capturing response: https://update.googleapis.com/service/update2/json?cup2key=16:wIPzcLnahGjrDGyXcpmz1DFx-C_F_ds8fqlXoxslLRk&cup2hreq=7c4454ec8d4ccf644e205382fcea6003eb869136c2ee012bfb7c2cdb013f797c 200 
2026-08-25 08:43:24,975 [INFO] Capturing response: https://accounts.google.com/ListAccounts?gpsia=1&source=ChromiumBrowser&json=standard&laf=b64bin 200 
2026-08-25 08:43:25,013 [INFO] Capturing request: https://www.google.com/async/folae?async=_fmt:pb&udm=50&client_locale=en-US&client_country=ZZ
2026-08-25 08:43:25,021 [INFO] Capturing request: https://update.googleapis.com/service/update2/json?cup2key=16:N-TgklQnh2pkvlvEwgfwSHvsbnn8xZSM6pBr5vdLXwI&cup2hreq=30fe709bf24804ce3cfe3693c07fd8390126b8ffbf2a5f5d759f7b0ca4f3d0fc
2026-08-25 08:43:25,049 [INFO] Capturing response: https://www.google.com/async/folae?async=_fmt:pb&udm=50&client_locale=en-US&client_country=ZZ 200 
2026-08-25 08:43:25,053 [INFO] Capturing response: https://update.googleapis.com/service/update2/json?cup2key=16:N-TgklQnh2pkvlvEwgfwSHvsbnn8xZSM6pBr5vdLXwI&cup2hreq=30fe709bf24804ce3cfe3693c07fd8390126b8ffbf2a5f5d759f7b0ca4f3d0fc 200 
2026-08-25 08:43:25,085 [INFO] Capturing request: https://www.atomsportv513.top/matches?id=bein-sports-1
2026-08-25 08:43:25,100 [INFO] Capturing request: https://update.googleapis.com/service/update2/json?cup2key=16:4E51fMsomYJVz6TcSQQloBJ4ZGCEY93bXhKPxIiRK6Y&cup2hreq=f41d29f285347656f73458cea8b74989a024b848b30fa7db23bc4b8003d0e2c7
2026-08-25 08:43:25,133 [INFO] Capturing response: https://update.googleapis.com/service/update2/json?cup2key=16:4E51fMsomYJVz6TcSQQloBJ4ZGCEY93bXhKPxIiRK6Y&cup2hreq=f41d29f285347656f73458cea8b74989a024b848b30fa7db23bc4b8003d0e2c7 200 
2026-08-25 08:43:25,222 [INFO] Capturing request: https://www.google.com/async/folae?async=_fmt:pb&udm=50&client_locale=en-US&client_country=ZZ
2026-08-25 08:43:25,243 [INFO] Capturing response: https://www.google.com/async/folae?async=_fmt:pb&udm=50&client_locale=en-US&client_country=ZZ 200 
2026-08-25 08:43:25,539 [INFO] Capturing response: https://www.atomsportv513.top/matches?id=bein-sports-1 200 
2026-08-25 08:43:25,726 [INFO] Capturing request: https://cdn.jsdelivr.net/npm/@clappr/player@0.11.16/dist/clappr.min.js
2026-08-25 08:43:25,728 [INFO] Capturing request: https://cdn.jsdelivr.net/npm/level-selector/dist/level-selector.min.js
2026-08-25 08:43:25,729 [INFO] Capturing request: https://cdn.jsdelivr.net/npm/@clappr/hlsjs-playback@1.8.3/dist/hlsjs-playback.min.js
2026-08-25 08:43:25,740 [INFO] Capturing response: https://cdn.jsdelivr.net/npm/level-selector/dist/level-selector.min.js 200 
2026-08-25 08:43:25,755 [INFO] Capturing response: https://cdn.jsdelivr.net/npm/@clappr/player@0.11.16/dist/clappr.min.js 200 
2026-08-25 08:43:25,759 [INFO] Capturing response: https://cdn.jsdelivr.net/npm/@clappr/hlsjs-playback@1.8.3/dist/hlsjs-playback.min.js 200 
2026-08-25 08:43:25,951 [INFO] Capturing request: https://www.atomsportv513.top/favicon.ico
2026-08-25 08:43:25,988 [INFO] Capturing response: https://www.atomsportv513.top/favicon.ico 200 
2026-08-25 08:43:26,246 [INFO] Capturing request: https://teletv5.top/load/yayinlink.php?id=bein-sports-1
2026-08-25 08:43:26,368 [INFO] Capturing request: https://streamsport365.com/cinema
2026-08-25 08:43:26,558 [INFO] Capturing response: https://teletv5.top/load/yayinlink.php?id=bein-sports-1 200 
2026-08-25 08:43:26,624 [INFO] Capturing response: https://streamsport365.com/cinema 200 
2026-08-25 08:43:26,750 [INFO] Capturing request: https://www.atomsportv513.top/assets/img/player/player_logo_6a87a2e2eecc5.png
2026-08-25 08:43:26,781 [INFO] Capturing response: https://www.atomsportv513.top/assets/img/player/player_logo_6a87a2e2eecc5.png 200 
2026-08-25 08:43:26,795 [INFO] Capturing request: https://corestream.siteyaptim.live//beintv/tracks-v1a1/mono.m3u8
2026-08-25 08:43:26,930 [INFO] Capturing response: https://corestream.siteyaptim.live//beintv/tracks-v1a1/mono.m3u8 200 
2026-08-25 08:43:27,891 [INFO] Capturing request: https://android.clients.google.com/checkin
2026-08-25 08:43:27,992 [INFO] Capturing response: https://android.clients.google.com/checkin 200 
2026-08-25 08:43:28,040 [INFO] Capturing request: https://android.clients.google.com/c2dm/register3
2026-08-25 08:43:28,043 [INFO] Capturing request: https://android.clients.google.com/c2dm/register3
2026-08-25 08:43:28,044 [INFO] Capturing request: https://android.clients.google.com/c2dm/register3
2026-08-25 08:43:28,083 [INFO] Capturing response: https://android.clients.google.com/c2dm/register3 200 
2026-08-25 08:43:28,094 [INFO] Capturing response: https://android.clients.google.com/c2dm/register3 200 
2026-08-25 08:43:28,096 [INFO] Capturing response: https://android.clients.google.com/c2dm/register3 200 
2026-08-25 08:43:28,865 [INFO]   ✅ M3U8 bulundu: https://corestream.siteyaptim.live//beintv/tracks-v1a1/mono.m3u8
2026-08-25 08:43:29,201 [INFO] Capturing request: https://global.siteyaptim.live/beintv/tracks-v1a1/2026/08/25/08/42/44-05000.jpg
2026-08-25 08:43:29,831 [INFO] Capturing response: https://global.siteyaptim.live/beintv/tracks-v1a1/2026/08/25/08/42/44-05000.jpg 200 
2026-08-25 08:43:29,866 [INFO] 
[2/14]
2026-08-25 08:43:29,866 [INFO] 🔍 beIN Sports 2 → https://www.atomsportv513.top/matches?id=bein-sports-2
2026-08-25 08:43:29,980 [INFO] Capturing request: https://www.atomsportv513.top/matches?id=bein-sports-2
2026-08-25 08:43:30,045 [INFO] Capturing request: https://global.siteyaptim.live/beintv/tracks-v1a1/2026/08/25/08/42/49-05000.jpg
2026-08-25 08:43:30,147 [INFO] Capturing response: https://www.atomsportv513.top/matches?id=bein-sports-2 200 
2026-08-25 08:43:30,203 [INFO] Capturing request: https://streamsport365.com/cinema
2026-08-25 08:43:30,303 [INFO] Capturing request: https://www.atomsportv513.top/favicon.ico
2026-08-25 08:43:30,303 [INFO] Capturing request: https://teletv5.top/load/yayinlink.php?id=bein-sports-2
2026-08-25 08:43:30,350 [INFO] Capturing response: https://global.siteyaptim.live/beintv/tracks-v1a1/2026/08/25/08/42/49-05000.jpg 200 
2026-08-25 08:43:30,429 [INFO] Capturing response: https://www.atomsportv513.top/favicon.ico 200 
2026-08-25 08:43:30,457 [INFO] Capturing response: https://teletv5.top/load/yayinlink.php?id=bein-sports-2 200 
2026-08-25 08:43:30,461 [INFO] Capturing response: https://streamsport365.com/cinema 200 
2026-08-25 08:43:30,570 [INFO] Capturing request: https://www.atomsportv513.top/assets/img/player/player_logo_6a87a2e2eecc5.png
2026-08-25 08:43:30,578 [INFO] Capturing request: https://corestream.siteyaptim.live//bein2/tracks-v1a1/mono.m3u8
2026-08-25 08:43:30,684 [INFO] Capturing response: https://www.atomsportv513.top/assets/img/player/player_logo_6a87a2e2eecc5.png 304 
2026-08-25 08:43:30,697 [INFO] Capturing response: https://corestream.siteyaptim.live//bein2/tracks-v1a1/mono.m3u8 200 
2026-08-25 08:43:30,806 [INFO] Capturing request: https://global.siteyaptim.live/bein2/tracks-v1a1/2026/08/25/08/42/59-00064.jpg
2026-08-25 08:43:31,121 [INFO] Capturing response: https://global.siteyaptim.live/bein2/tracks-v1a1/2026/08/25/08/42/59-00064.jpg 200 
2026-08-25 08:43:31,298 [INFO] Capturing request: https://global.siteyaptim.live/bein2/tracks-v1a1/2026/08/25/08/42/50-10080.jpg
2026-08-25 08:43:31,412 [INFO] Capturing response: https://global.siteyaptim.live/bein2/tracks-v1a1/2026/08/25/08/42/50-10080.jpg 200 
2026-08-25 08:43:31,560 [INFO] Capturing request: https://global.siteyaptim.live/bein2/tracks-v1a1/2026/08/25/08/42/59-10000.jpg
2026-08-25 08:43:31,875 [INFO] Capturing response: https://global.siteyaptim.live/bein2/tracks-v1a1/2026/08/25/08/42/59-10000.jpg 200 
2026-08-25 08:43:32,082 [INFO] Capturing request: https://global.siteyaptim.live/bein2/tracks-v1a1/2026/08/25/08/43/09-03896.jpg
2026-08-25 08:43:32,321 [INFO] Capturing response: https://global.siteyaptim.live/bein2/tracks-v1a1/2026/08/25/08/43/09-03896.jpg 200 
2026-08-25 08:43:33,218 [INFO]   ✅ M3U8 bulundu: https://corestream.siteyaptim.live//bein2/tracks-v1a1/mono.m3u8
2026-08-25 08:43:34,219 [INFO] 
[3/14]
2026-08-25 08:43:34,219 [INFO] 🔍 beIN Sports 3 → https://www.atomsportv513.top/matches?id=bein-sports-3
2026-08-25 08:43:34,328 [INFO] Capturing request: https://www.atomsportv513.top/matches?id=bein-sports-3
2026-08-25 08:43:34,494 [INFO] Capturing response: https://www.atomsportv513.top/matches?id=bein-sports-3 200 
2026-08-25 08:43:34,622 [INFO] Capturing request: https://teletv5.top/load/yayinlink.php?id=bein-sports-3
2026-08-25 08:43:34,626 [INFO] Capturing request: https://www.atomsportv513.top/favicon.ico
2026-08-25 08:43:34,652 [INFO] Capturing response: https://www.atomsportv513.top/favicon.ico 200 
2026-08-25 08:43:34,722 [INFO] Capturing request: https://streamsport365.com/cinema
2026-08-25 08:43:34,778 [INFO] Capturing response: https://teletv5.top/load/yayinlink.php?id=bein-sports-3 200 
2026-08-25 08:43:34,967 [INFO] Capturing response: https://streamsport365.com/cinema 200 
2026-08-25 08:43:35,076 [INFO] Capturing request: https://www.atomsportv513.top/assets/img/player/player_logo_6a87a2e2eecc5.png
2026-08-25 08:43:35,084 [INFO] Capturing request: https://corestream.siteyaptim.live//bein3/tracks-v1a1/mono.m3u8
2026-08-25 08:43:35,189 [INFO] Capturing response: https://www.atomsportv513.top/assets/img/player/player_logo_6a87a2e2eecc5.png 304 
2026-08-25 08:43:35,207 [INFO] Capturing response: https://corestream.siteyaptim.live//bein3/tracks-v1a1/mono.m3u8 200 
2026-08-25 08:43:35,316 [INFO] Capturing request: https://global.siteyaptim.live/bein3/tracks-v1a1/2026/08/25/08/42/58-10000.jpg
2026-08-25 08:43:35,750 [INFO] Capturing response: https://global.siteyaptim.live/bein3/tracks-v1a1/2026/08/25/08/42/58-10000.jpg 200 
2026-08-25 08:43:35,934 [INFO] Capturing request: https://global.siteyaptim.live/bein3/tracks-v1a1/2026/08/25/08/43/08-10000.jpg
2026-08-25 08:43:36,323 [INFO] Capturing response: https://global.siteyaptim.live/bein3/tracks-v1a1/2026/08/25/08/43/08-10000.jpg 200 
2026-08-25 08:43:36,531 [INFO] Capturing request: https://global.siteyaptim.live/bein3/tracks-v1a1/2026/08/25/08/43/18-10000.jpg
2026-08-25 08:43:36,846 [INFO] Capturing response: https://global.siteyaptim.live/bein3/tracks-v1a1/2026/08/25/08/43/18-10000.jpg 200 
2026-08-25 08:43:37,542 [INFO]   ✅ M3U8 bulundu: https://corestream.siteyaptim.live//bein3/tracks-v1a1/mono.m3u8
2026-08-25 08:43:38,543 [INFO] 
[4/14]
2026-08-25 08:43:38,543 [INFO] 🔍 beIN Sports 4 → https://www.atomsportv513.top/matches?id=bein-sports-4
2026-08-25 08:43:38,651 [INFO] Capturing request: https://www.atomsportv513.top/matches?id=bein-sports-4
2026-08-25 08:43:38,818 [INFO] Capturing response: https://www.atomsportv513.top/matches?id=bein-sports-4 200 
2026-08-25 08:43:38,847 [INFO] Capturing request: https://streamsport365.com/cinema
2026-08-25 08:43:38,946 [INFO] Capturing request: https://teletv5.top/load/yayinlink.php?id=bein-sports-4
2026-08-25 08:43:38,947 [INFO] Capturing request: https://www.atomsportv513.top/favicon.ico
2026-08-25 08:43:38,974 [INFO] Capturing response: https://www.atomsportv513.top/favicon.ico 200 
2026-08-25 08:43:39,096 [INFO] Capturing response: https://streamsport365.com/cinema 200 
2026-08-25 08:43:39,099 [INFO] Capturing response: https://teletv5.top/load/yayinlink.php?id=bein-sports-4 200 
2026-08-25 08:43:39,250 [INFO] Capturing request: https://www.atomsportv513.top/assets/img/player/player_logo_6a87a2e2eecc5.png
2026-08-25 08:43:39,258 [INFO] Capturing request: https://corestream.siteyaptim.live//bein4/tracks-v1a1/mono.m3u8
2026-08-25 08:43:39,363 [INFO] Capturing response: https://www.atomsportv513.top/assets/img/player/player_logo_6a87a2e2eecc5.png 304 
2026-08-25 08:43:39,386 [INFO] Capturing response: https://corestream.siteyaptim.live//bein4/tracks-v1a1/mono.m3u8 200 
2026-08-25 08:43:39,535 [INFO] Capturing request: https://global.siteyaptim.live/bein4/tracks-v1a1/2026/08/25/08/43/48-12960.jpg
2026-08-25 08:43:40,432 [INFO] Capturing response: https://global.siteyaptim.live/bein4/tracks-v1a1/2026/08/25/08/43/48-12960.jpg 200 
2026-08-25 08:43:40,877 [INFO] Capturing request: https://global.siteyaptim.live/bein4/tracks-v1a1/2026/08/25/08/44/01-07120.jpg
2026-08-25 08:43:41,431 [INFO] Capturing response: https://global.siteyaptim.live/bein4/tracks-v1a1/2026/08/25/08/44/01-07120.jpg 200 
2026-08-25 08:43:41,686 [INFO] Capturing request: https://global.siteyaptim.live/bein4/tracks-v1a1/2026/08/25/08/44/08-10000.jpg
2026-08-25 08:43:41,868 [INFO]   ✅ M3U8 bulundu: https://corestream.siteyaptim.live//bein4/tracks-v1a1/mono.m3u8
2026-08-25 08:43:42,611 [INFO] Capturing response: https://global.siteyaptim.live/bein4/tracks-v1a1/2026/08/25/08/44/08-10000.jpg 200 
2026-08-25 08:43:42,869 [INFO] 
[5/14]
2026-08-25 08:43:42,869 [INFO] 🔍 beIN Sports 5 → https://www.atomsportv513.top/matches?id=bein-sports-5
2026-08-25 08:43:42,892 [INFO] Capturing request: https://global.siteyaptim.live/bein4/tracks-v1a1/2026/08/25/08/44/18-10000.jpg
2026-08-25 08:43:42,980 [INFO] Capturing request: https://www.atomsportv513.top/matches?id=bein-sports-5
2026-08-25 08:43:43,148 [INFO] Capturing response: https://www.atomsportv513.top/matches?id=bein-sports-5 200 
2026-08-25 08:43:43,286 [INFO] Capturing request: https://teletv5.top/load/yayinlink.php?id=bein-sports-5
2026-08-25 08:43:43,287 [INFO] Capturing request: https://www.atomsportv513.top/favicon.ico
2026-08-25 08:43:43,315 [INFO] Capturing response: https://www.atomsportv513.top/favicon.ico 200 
2026-08-25 08:43:43,385 [INFO] Capturing request: https://streamsport365.com/cinema
2026-08-25 08:43:43,444 [INFO] Capturing response: https://teletv5.top/load/yayinlink.php?id=bein-sports-5 200 
2026-08-25 08:43:43,584 [INFO] Capturing response: https://global.siteyaptim.live/bein4/tracks-v1a1/2026/08/25/08/44/18-10000.jpg 200 
2026-08-25 08:43:43,632 [INFO] 127.0.0.1:58058: ProtocolException("Error in HTTP connection: Http2ZombieException('Connection or stream already dead: 1787647423.6323884, False')")
2026-08-25 08:43:43,634 [INFO] Capturing response: https://streamsport365.com/cinema 200 
2026-08-25 08:43:43,743 [INFO] Capturing request: https://www.atomsportv513.top/assets/img/player/player_logo_6a87a2e2eecc5.png
2026-08-25 08:43:43,753 [INFO] Capturing request: https://corestream.siteyaptim.live//bein5/tracks-v1a1/mono.m3u8
2026-08-25 08:43:43,857 [INFO] Capturing response: https://www.atomsportv513.top/assets/img/player/player_logo_6a87a2e2eecc5.png 304 
2026-08-25 08:43:43,872 [INFO] Capturing response: https://corestream.siteyaptim.live//bein5/tracks-v1a1/mono.m3u8 200 
2026-08-25 08:43:43,981 [INFO] Capturing request: https://global.siteyaptim.live/bein5/tracks-v1a1/2026/08/25/08/43/21-10000.jpg
2026-08-25 08:43:44,453 [INFO] Capturing response: https://global.siteyaptim.live/bein5/tracks-v1a1/2026/08/25/08/43/21-10000.jpg 200 
2026-08-25 08:43:44,688 [INFO] Capturing request: https://global.siteyaptim.live/bein5/tracks-v1a1/2026/08/25/08/43/31-10000.jpg
2026-08-25 08:43:45,132 [INFO] Capturing response: https://global.siteyaptim.live/bein5/tracks-v1a1/2026/08/25/08/43/31-10000.jpg 200 
2026-08-25 08:43:45,358 [INFO] Capturing request: https://global.siteyaptim.live/bein5/tracks-v1a1/2026/08/25/08/43/41-10000.jpg
2026-08-25 08:43:45,817 [INFO] Capturing response: https://global.siteyaptim.live/bein5/tracks-v1a1/2026/08/25/08/43/41-10000.jpg 200 
2026-08-25 08:43:46,218 [INFO]   ✅ M3U8 bulundu: https://corestream.siteyaptim.live//bein5/tracks-v1a1/mono.m3u8
2026-08-25 08:43:47,220 [INFO] 
[6/14]
2026-08-25 08:43:47,220 [INFO] 🔍 beIN Sports Max 1 → https://www.atomsportv513.top/matches?id=bein-sports-max-1
2026-08-25 08:43:47,330 [INFO] Capturing request: https://www.atomsportv513.top/matches?id=bein-sports-max-1
2026-08-25 08:43:47,514 [INFO] Capturing response: https://www.atomsportv513.top/matches?id=bein-sports-max-1 200 
2026-08-25 08:43:47,541 [INFO] Capturing request: https://streamsport365.com/cinema
2026-08-25 08:43:47,641 [INFO] Capturing request: https://www.atomsportv513.top/favicon.ico
2026-08-25 08:43:47,642 [INFO] Capturing request: https://teletv5.top/load/yayinlink.php?id=bein-sports-max-1
2026-08-25 08:43:47,666 [INFO] Capturing response: https://www.atomsportv513.top/favicon.ico 200 
2026-08-25 08:43:47,795 [INFO] Capturing response: https://streamsport365.com/cinema 200 
2026-08-25 08:43:47,798 [INFO] Capturing response: https://teletv5.top/load/yayinlink.php?id=bein-sports-max-1 200 
2026-08-25 08:43:48,720 [INFO] Capturing request: https://android.clients.google.com/c2dm/register3
2026-08-25 08:43:49,221 [INFO] Capturing response: https://android.clients.google.com/c2dm/register3 200 
2026-08-25 08:43:55,517 [INFO] Capturing request: https://android.clients.google.com/c2dm/register3
2026-08-25 08:43:55,589 [INFO] Capturing response: https://android.clients.google.com/c2dm/register3 301 
2026-08-25 08:43:57,551 [INFO] Capturing request: https://android.clients.google.com/c2dm/register3
2026-08-25 08:43:58,000 [INFO] Capturing response: https://android.clients.google.com/c2dm/register3 200 
2026-08-25 08:44:20,769 [WARNING]   ❌ beIN Sports Max 1 için M3U8 bulunamadı
2026-08-25 08:44:21,770 [INFO] 
[7/14]
2026-08-25 08:44:21,770 [INFO] 🔍 beIN Sports Max 2 → https://www.atomsportv513.top/matches?id=bein-sports-max-2
2026-08-25 08:44:21,877 [INFO] Capturing request: https://www.atomsportv513.top/matches?id=bein-sports-max-2
2026-08-25 08:44:22,173 [INFO] Capturing response: https://www.atomsportv513.top/matches?id=bein-sports-max-2 200 
2026-08-25 08:44:22,300 [INFO] Capturing request: https://teletv5.top/load/yayinlink.php?id=bein-sports-max-2
2026-08-25 08:44:22,303 [INFO] Capturing request: https://www.atomsportv513.top/favicon.ico
2026-08-25 08:44:22,330 [INFO] Capturing response: https://www.atomsportv513.top/favicon.ico 200 
2026-08-25 08:44:22,399 [INFO] Capturing request: https://streamsport365.com/cinema
2026-08-25 08:44:22,460 [INFO] Capturing response: https://teletv5.top/load/yayinlink.php?id=bein-sports-max-2 200 
2026-08-25 08:44:22,642 [INFO] Capturing response: https://streamsport365.com/cinema 200 
2026-08-25 08:44:24,671 [INFO] Capturing request: https://update.googleapis.com/service/update2/json?cup2key=16:eKCmCx9KKhgyRF9vFBip2nNIIKHcUtb7hvLUBoAu6U8&cup2hreq=8da58b52f4052d0c155ff1f0bfe2e1e4f75df5c9f80843c215302270b0b137b0
2026-08-25 08:44:24,704 [INFO] Capturing response: https://update.googleapis.com/service/update2/json?cup2key=16:eKCmCx9KKhgyRF9vFBip2nNIIKHcUtb7hvLUBoAu6U8&cup2hreq=8da58b52f4052d0c155ff1f0bfe2e1e4f75df5c9f80843c215302270b0b137b0 200 
2026-08-25 08:44:24,711 [INFO] Capturing request: http://edgedl.me.gvt1.com/edgedl/release2/chrome_component/egviyvpj42qwjfff7i5nzq3fna_10735/hfnkpimlhhgieaddgfemjhofmfblmnib_10735_all_k2cfxfedm3gbpe7fhe3jfdpbtm.crx3
2026-08-25 08:44:24,736 [INFO] Capturing response: http://edgedl.me.gvt1.com/edgedl/release2/chrome_component/egviyvpj42qwjfff7i5nzq3fna_10735/hfnkpimlhhgieaddgfemjhofmfblmnib_10735_all_k2cfxfedm3gbpe7fhe3jfdpbtm.crx3 200 OK
2026-08-25 08:44:24,760 [INFO] Capturing request: https://update.googleapis.com/service/update2/json
2026-08-25 08:44:24,786 [INFO] Capturing response: https://update.googleapis.com/service/update2/json 200 
2026-08-25 08:44:24,831 [INFO] Capturing request: http://edgedl.me.gvt1.com/edgedl/diffgen-puffin/gcmjkmgdlgnkkcocmoeiminaijmmjnii/6ca5bdb9f3e2cd83b7e359729bc6c33c4fe975ec499861d969b3e080320849ff
2026-08-25 08:44:24,842 [INFO] Capturing response: http://edgedl.me.gvt1.com/edgedl/diffgen-puffin/gcmjkmgdlgnkkcocmoeiminaijmmjnii/6ca5bdb9f3e2cd83b7e359729bc6c33c4fe975ec499861d969b3e080320849ff 200 OK
2026-08-25 08:44:24,889 [INFO] Capturing request: https://update.googleapis.com/service/update2/json
2026-08-25 08:44:24,912 [INFO] Capturing response: https://update.googleapis.com/service/update2/json 200 
2026-08-25 08:44:38,183 [INFO] Capturing request: https://android.clients.google.com/c2dm/register3
2026-08-25 08:44:38,237 [INFO] Capturing response: https://android.clients.google.com/c2dm/register3 301 
2026-08-25 08:44:55,426 [WARNING]   ❌ beIN Sports Max 2 için M3U8 bulunamadı
2026-08-25 08:44:56,426 [INFO] 
[8/14]
2026-08-25 08:44:56,427 [INFO] 🔍 S Sport → https://www.atomsportv513.top/matches?id=s-sport
2026-08-25 08:44:56,561 [INFO] Capturing request: https://www.atomsportv513.top/matches?id=s-sport
2026-08-25 08:44:56,981 [INFO] Capturing response: https://www.atomsportv513.top/matches?id=s-sport 200 
2026-08-25 08:44:57,145 [INFO] Capturing request: https://www.atomsportv513.top/favicon.ico
2026-08-25 08:44:57,172 [INFO] Capturing request: https://teletv5.top/load/yayinlink.php?id=s-sport
2026-08-25 08:44:57,181 [INFO] Capturing response: https://www.atomsportv513.top/favicon.ico 200 
2026-08-25 08:44:57,472 [INFO] Capturing response: https://teletv5.top/load/yayinlink.php?id=s-sport 200 
2026-08-25 08:44:57,599 [INFO] Capturing request: https://streamsport365.com/cinema
2026-08-25 08:44:57,855 [INFO] Capturing response: https://streamsport365.com/cinema 200 
2026-08-25 08:44:57,965 [INFO] Capturing request: https://www.atomsportv513.top/assets/img/player/player_logo_6a87a2e2eecc5.png
2026-08-25 08:44:58,000 [INFO] Capturing request: https://corestream.siteyaptim.live//s-sport/tracks-v1a1/mono.m3u8
2026-08-25 08:44:58,089 [INFO] Capturing response: https://www.atomsportv513.top/assets/img/player/player_logo_6a87a2e2eecc5.png 304 
2026-08-25 08:44:58,123 [INFO] Capturing response: https://corestream.siteyaptim.live//s-sport/tracks-v1a1/mono.m3u8 200 
2026-08-25 08:44:58,300 [INFO] Capturing request: https://global.siteyaptim.live/s-sport/tracks-v1a1/2026/08/25/08/46/07-05000.jpg
2026-08-25 08:44:58,702 [INFO] Capturing response: https://global.siteyaptim.live/s-sport/tracks-v1a1/2026/08/25/08/46/07-05000.jpg 200 
2026-08-25 08:44:58,923 [INFO] Capturing request: https://global.siteyaptim.live/s-sport/tracks-v1a1/2026/08/25/08/46/12-05000.jpg
2026-08-25 08:44:59,197 [INFO] Capturing response: https://global.siteyaptim.live/s-sport/tracks-v1a1/2026/08/25/08/46/12-05000.jpg 200 
2026-08-25 08:44:59,408 [INFO] Capturing request: https://global.siteyaptim.live/s-sport/tracks-v1a1/2026/08/25/08/46/17-05000.jpg
2026-08-25 08:44:59,675 [INFO] Capturing response: https://global.siteyaptim.live/s-sport/tracks-v1a1/2026/08/25/08/46/17-05000.jpg 200 
2026-08-25 08:45:00,064 [INFO]   ✅ M3U8 bulundu: https://corestream.siteyaptim.live//s-sport/tracks-v1a1/mono.m3u8
2026-08-25 08:45:01,065 [INFO] 
[9/14]
2026-08-25 08:45:01,065 [INFO] 🔍 S Sport 2 → https://www.atomsportv513.top/matches?id=s-sport-2
2026-08-25 08:45:01,173 [INFO] Capturing request: https://www.atomsportv513.top/matches?id=s-sport-2
2026-08-25 08:45:01,345 [INFO] Capturing response: https://www.atomsportv513.top/matches?id=s-sport-2 200 
2026-08-25 08:45:01,372 [INFO] Capturing request: https://streamsport365.com/cinema
2026-08-25 08:45:01,471 [INFO] Capturing request: https://teletv5.top/load/yayinlink.php?id=s-sport-2
2026-08-25 08:45:01,473 [INFO] Capturing request: https://www.atomsportv513.top/favicon.ico
2026-08-25 08:45:01,500 [INFO] Capturing response: https://www.atomsportv513.top/favicon.ico 200 
2026-08-25 08:45:01,624 [INFO] Capturing response: https://streamsport365.com/cinema 200 
2026-08-25 08:45:01,789 [INFO] Capturing response: https://teletv5.top/load/yayinlink.php?id=s-sport-2 200 
2026-08-25 08:45:01,900 [INFO] Capturing request: https://www.atomsportv513.top/assets/img/player/player_logo_6a87a2e2eecc5.png
2026-08-25 08:45:01,909 [INFO] Capturing request: https://corestream.siteyaptim.live//s-sport2/tracks-v1a1/mono.m3u8
2026-08-25 08:45:02,014 [INFO] Capturing response: https://www.atomsportv513.top/assets/img/player/player_logo_6a87a2e2eecc5.png 304 
2026-08-25 08:45:02,037 [INFO] Capturing response: https://corestream.siteyaptim.live//s-sport2/tracks-v1a1/mono.m3u8 200 
2026-08-25 08:45:02,146 [INFO] Capturing request: https://global.siteyaptim.live/s-sport2/tracks-v1a1/2026/08/25/08/45/44-05000.jpg
2026-08-25 08:45:02,406 [INFO] Capturing response: https://global.siteyaptim.live/s-sport2/tracks-v1a1/2026/08/25/08/45/44-05000.jpg 200 
2026-08-25 08:45:02,592 [INFO] Capturing request: https://global.siteyaptim.live/s-sport2/tracks-v1a1/2026/08/25/08/45/49-05000.jpg
2026-08-25 08:45:02,837 [INFO] Capturing response: https://global.siteyaptim.live/s-sport2/tracks-v1a1/2026/08/25/08/45/49-05000.jpg 200 
2026-08-25 08:45:03,045 [INFO] Capturing request: https://global.siteyaptim.live/s-sport2/tracks-v1a1/2026/08/25/08/45/54-05000.jpg
2026-08-25 08:45:03,231 [INFO] Capturing response: https://global.siteyaptim.live/s-sport2/tracks-v1a1/2026/08/25/08/45/54-05000.jpg 200 
2026-08-25 08:45:04,385 [INFO]   ✅ M3U8 bulundu: https://corestream.siteyaptim.live//s-sport2/tracks-v1a1/mono.m3u8
2026-08-25 08:45:05,385 [INFO] 
[10/14]
2026-08-25 08:45:05,385 [INFO] 🔍 A Spor → https://www.atomsportv513.top/matches?id=a-spor
2026-08-25 08:45:05,494 [INFO] Capturing request: https://www.atomsportv513.top/matches?id=a-spor
2026-08-25 08:45:05,665 [INFO] Capturing response: https://www.atomsportv513.top/matches?id=a-spor 200 
2026-08-25 08:45:05,798 [INFO] Capturing request: https://teletv5.top/load/yayinlink.php?id=a-spor
2026-08-25 08:45:05,800 [INFO] Capturing request: https://www.atomsportv513.top/favicon.ico
2026-08-25 08:45:05,830 [INFO] Capturing response: https://www.atomsportv513.top/favicon.ico 200 
2026-08-25 08:45:05,896 [INFO] Capturing request: https://streamsport365.com/cinema
2026-08-25 08:45:05,949 [INFO] Capturing response: https://teletv5.top/load/yayinlink.php?id=a-spor 200 
2026-08-25 08:45:06,152 [INFO] Capturing response: https://streamsport365.com/cinema 200 
2026-08-25 08:45:06,261 [INFO] Capturing request: https://www.atomsportv513.top/assets/img/player/player_logo_6a87a2e2eecc5.png
2026-08-25 08:45:06,270 [INFO] Capturing request: https://corestream.siteyaptim.live//aspor/tracks-v1a1/mono.m3u8
2026-08-25 08:45:06,375 [INFO] Capturing response: https://www.atomsportv513.top/assets/img/player/player_logo_6a87a2e2eecc5.png 304 
2026-08-25 08:45:06,402 [INFO] Capturing response: https://corestream.siteyaptim.live//aspor/tracks-v1a1/mono.m3u8 200 
2026-08-25 08:45:06,511 [INFO] Capturing request: https://global.siteyaptim.live/aspor/tracks-v1a1/2026/08/25/08/44/35-10000.jpg
2026-08-25 08:45:06,914 [INFO] Capturing response: https://global.siteyaptim.live/aspor/tracks-v1a1/2026/08/25/08/44/35-10000.jpg 200 
2026-08-25 08:45:07,166 [INFO] Capturing request: https://global.siteyaptim.live/aspor/tracks-v1a1/2026/08/25/08/44/45-10000.jpg
2026-08-25 08:45:07,559 [INFO] Capturing response: https://global.siteyaptim.live/aspor/tracks-v1a1/2026/08/25/08/44/45-10000.jpg 200 
2026-08-25 08:45:07,803 [INFO] Capturing request: https://global.siteyaptim.live/aspor/tracks-v1a1/2026/08/25/08/44/55-10000.jpg
2026-08-25 08:45:08,238 [INFO] Capturing response: https://global.siteyaptim.live/aspor/tracks-v1a1/2026/08/25/08/44/55-10000.jpg 200 
2026-08-25 08:45:08,716 [INFO]   ✅ M3U8 bulundu: https://corestream.siteyaptim.live//aspor/tracks-v1a1/mono.m3u8
2026-08-25 08:45:09,716 [INFO] 
[11/14]
2026-08-25 08:45:09,716 [INFO] 🔍 Tivibu Spor 1 → https://www.atomsportv513.top/matches?id=tivibu-spor-1
2026-08-25 08:45:09,826 [INFO] Capturing request: https://www.atomsportv513.top/matches?id=tivibu-spor-1
2026-08-25 08:45:09,995 [INFO] Capturing response: https://www.atomsportv513.top/matches?id=tivibu-spor-1 200 
2026-08-25 08:45:10,022 [INFO] Capturing request: https://streamsport365.com/cinema
2026-08-25 08:45:10,127 [INFO] Capturing request: https://teletv5.top/load/yayinlink.php?id=tivibu-spor-1
2026-08-25 08:45:10,128 [INFO] Capturing request: https://www.atomsportv513.top/favicon.ico
2026-08-25 08:45:10,159 [INFO] Capturing response: https://www.atomsportv513.top/favicon.ico 200 
2026-08-25 08:45:10,279 [INFO] Capturing response: https://streamsport365.com/cinema 200 
2026-08-25 08:45:10,281 [INFO] Capturing response: https://teletv5.top/load/yayinlink.php?id=tivibu-spor-1 200 
2026-08-25 08:45:43,229 [WARNING]   ❌ Tivibu Spor 1 için M3U8 bulunamadı
2026-08-25 08:45:44,230 [INFO] 
[12/14]
2026-08-25 08:45:44,230 [INFO] 🔍 Tivibu Spor 2 → https://www.atomsportv513.top/matches?id=tivibu-spor-2
2026-08-25 08:45:44,337 [INFO] Capturing request: https://www.atomsportv513.top/matches?id=tivibu-spor-2
2026-08-25 08:45:44,645 [INFO] Capturing response: https://www.atomsportv513.top/matches?id=tivibu-spor-2 200 
2026-08-25 08:45:44,777 [INFO] Capturing request: https://teletv5.top/load/yayinlink.php?id=tivibu-spor-2
2026-08-25 08:45:44,781 [INFO] Capturing request: https://www.atomsportv513.top/favicon.ico
2026-08-25 08:45:44,810 [INFO] Capturing response: https://www.atomsportv513.top/favicon.ico 200 
2026-08-25 08:45:44,875 [INFO] Capturing request: https://streamsport365.com/cinema
2026-08-25 08:45:44,932 [INFO] Capturing response: https://teletv5.top/load/yayinlink.php?id=tivibu-spor-2 200 
2026-08-25 08:45:45,126 [INFO] Capturing response: https://streamsport365.com/cinema 200 
2026-08-25 08:46:17,884 [WARNING]   ❌ Tivibu Spor 2 için M3U8 bulunamadı
2026-08-25 08:46:18,884 [INFO] 
[13/14]
2026-08-25 08:46:18,884 [INFO] 🔍 Tivibu Spor 3 → https://www.atomsportv513.top/matches?id=tivibu-spor-3
2026-08-25 08:46:18,992 [INFO] Capturing request: https://www.atomsportv513.top/matches?id=tivibu-spor-3
2026-08-25 08:46:19,294 [INFO] Capturing response: https://www.atomsportv513.top/matches?id=tivibu-spor-3 200 
2026-08-25 08:46:19,429 [INFO] Capturing request: https://teletv5.top/load/yayinlink.php?id=tivibu-spor-3
2026-08-25 08:46:19,430 [INFO] Capturing request: https://www.atomsportv513.top/favicon.ico
2026-08-25 08:46:19,458 [INFO] Capturing response: https://www.atomsportv513.top/favicon.ico 200 
2026-08-25 08:46:19,528 [INFO] Capturing request: https://streamsport365.com/cinema
2026-08-25 08:46:19,580 [INFO] Capturing response: https://teletv5.top/load/yayinlink.php?id=tivibu-spor-3 200 
2026-08-25 08:46:19,784 [INFO] Capturing response: https://streamsport365.com/cinema 200 
2026-08-25 08:46:23,654 [INFO] Capturing request: https://android.clients.google.com/c2dm/register3
2026-08-25 08:46:23,692 [INFO] Capturing response: https://android.clients.google.com/c2dm/register3 301 
2026-08-25 08:46:52,532 [WARNING]   ❌ Tivibu Spor 3 için M3U8 bulunamadı
2026-08-25 08:46:53,532 [INFO] 
[14/14]
2026-08-25 08:46:53,532 [INFO] 🔍 Tivibu Spor 4 → https://www.atomsportv513.top/matches?id=tivibu-spor-4
2026-08-25 08:46:53,639 [INFO] Capturing request: https://www.atomsportv513.top/matches?id=tivibu-spor-4
2026-08-25 08:46:54,401 [INFO] Capturing response: https://www.atomsportv513.top/matches?id=tivibu-spor-4 200 
2026-08-25 08:46:54,530 [INFO] Capturing request: https://teletv5.top/load/yayinlink.php?id=tivibu-spor-4
2026-08-25 08:46:54,532 [INFO] Capturing request: https://www.atomsportv513.top/favicon.ico
2026-08-25 08:46:54,560 [INFO] Capturing response: https://www.atomsportv513.top/favicon.ico 200 
2026-08-25 08:46:54,628 [INFO] Capturing request: https://streamsport365.com/cinema
2026-08-25 08:46:54,682 [INFO] Capturing response: https://teletv5.top/load/yayinlink.php?id=tivibu-spor-4 200 
2026-08-25 08:46:54,880 [INFO] Capturing response: https://streamsport365.com/cinema 200 
2026-08-25 08:47:27,634 [WARNING]   ❌ Tivibu Spor 4 için M3U8 bulunamadı
2026-08-25 08:47:28,696 [INFO] ✅ 8 kanal bulundu, playlist.m3u kaydedildi
