2026-08-24 13:52:44,213 [INFO] 🌐 BASE_URL: https://www.atomsportv513.top
2026-08-24 13:52:45,262 [INFO] Başlanıyor... 14 kanal taranacak
2026-08-24 13:52:45,262 [INFO] Using default request storage
2026-08-24 13:52:45,267 [INFO] Created proxy listening on 127.0.0.1:35277
2026-08-24 13:52:45,945 [INFO] Capturing request: http://clients2.google.com/time/1/current?cup2key=10:4NuT0bq7LN3KY5_d3CBctEf_5BisAtKF_ApXngQY95k&cup2hreq=e3b0c44298fc1c149afbf4c8996fb92427ae41e4649b934ca495991b7852b855
2026-08-24 13:52:45,995 [INFO] Capturing response: http://clients2.google.com/time/1/current?cup2key=10:4NuT0bq7LN3KY5_d3CBctEf_5BisAtKF_ApXngQY95k&cup2hreq=e3b0c44298fc1c149afbf4c8996fb92427ae41e4649b934ca495991b7852b855 200 OK
2026-08-24 13:52:46,236 [INFO] 
[1/14]
2026-08-24 13:52:46,236 [INFO] 🔍 beIN Sports 1 → https://www.atomsportv513.top/matches?id=bein-sports-1
2026-08-24 13:52:46,334 [INFO] Capturing request: https://update.googleapis.com/service/update2/json?cup2key=16:SX1uVJABY_t-HFi5cerABfRbTGBnPIMRcq7WCWPgpgw&cup2hreq=ecad5b22ab7d3f19bf8831cd46a751ff0c3c81000b9124d0374e8033d15a5129
2026-08-24 13:52:46,335 [INFO] Capturing request: https://accounts.google.com/ListAccounts?gpsia=1&source=ChromiumBrowser&json=standard&laf=b64bin
2026-08-24 13:52:46,376 [INFO] Capturing response: https://update.googleapis.com/service/update2/json?cup2key=16:SX1uVJABY_t-HFi5cerABfRbTGBnPIMRcq7WCWPgpgw&cup2hreq=ecad5b22ab7d3f19bf8831cd46a751ff0c3c81000b9124d0374e8033d15a5129 200 
2026-08-24 13:52:46,423 [INFO] Capturing request: https://update.googleapis.com/service/update2/json?cup2key=16:1aG1TJc7e2auO2Lb7IwuRvZyMJ-yg7Lay2IpabHWTxU&cup2hreq=c88cf2f6e7c4c5e894e56fbb4c2a53274c5536b33526615faba68c4422159c91
2026-08-24 13:52:46,436 [INFO] Capturing request: https://www.google.com/async/folae?async=_fmt:pb&udm=50&client_locale=en-US&client_country=ZZ
2026-08-24 13:52:46,452 [INFO] Capturing response: https://update.googleapis.com/service/update2/json?cup2key=16:1aG1TJc7e2auO2Lb7IwuRvZyMJ-yg7Lay2IpabHWTxU&cup2hreq=c88cf2f6e7c4c5e894e56fbb4c2a53274c5536b33526615faba68c4422159c91 200 
2026-08-24 13:52:46,455 [INFO] Capturing request: https://www.atomsportv513.top/matches?id=bein-sports-1
2026-08-24 13:52:46,464 [INFO] Capturing response: https://accounts.google.com/ListAccounts?gpsia=1&source=ChromiumBrowser&json=standard&laf=b64bin 200 
2026-08-24 13:52:46,477 [INFO] Capturing response: https://www.google.com/async/folae?async=_fmt:pb&udm=50&client_locale=en-US&client_country=ZZ 200 
2026-08-24 13:52:46,498 [INFO] Capturing request: https://update.googleapis.com/service/update2/json?cup2key=16:5GdajospCa-6-7m01Xu9sDQxdBhhRsEOyH3jYFeCrh4&cup2hreq=d26964611cc902507e32faf3cc8b88cb4cc83bae10602bef219c05c13dee1187
2026-08-24 13:52:46,526 [INFO] Capturing response: https://update.googleapis.com/service/update2/json?cup2key=16:5GdajospCa-6-7m01Xu9sDQxdBhhRsEOyH3jYFeCrh4&cup2hreq=d26964611cc902507e32faf3cc8b88cb4cc83bae10602bef219c05c13dee1187 200 
2026-08-24 13:52:46,711 [INFO] Capturing request: https://www.google.com/async/folae?async=_fmt:pb&udm=50&client_locale=en-US&client_country=ZZ
2026-08-24 13:52:46,748 [INFO] Capturing response: https://www.google.com/async/folae?async=_fmt:pb&udm=50&client_locale=en-US&client_country=ZZ 200 
2026-08-24 13:52:47,135 [INFO] Capturing response: https://www.atomsportv513.top/matches?id=bein-sports-1 200 
2026-08-24 13:52:47,346 [INFO] Capturing request: https://cdn.jsdelivr.net/npm/@clappr/player@0.11.16/dist/clappr.min.js
2026-08-24 13:52:47,348 [INFO] Capturing request: https://cdn.jsdelivr.net/npm/level-selector/dist/level-selector.min.js
2026-08-24 13:52:47,353 [INFO] Capturing request: https://cdn.jsdelivr.net/npm/@clappr/hlsjs-playback@1.8.3/dist/hlsjs-playback.min.js
2026-08-24 13:52:47,370 [INFO] Capturing response: https://cdn.jsdelivr.net/npm/level-selector/dist/level-selector.min.js 200 
2026-08-24 13:52:47,390 [INFO] Capturing response: https://cdn.jsdelivr.net/npm/@clappr/player@0.11.16/dist/clappr.min.js 200 
2026-08-24 13:52:47,398 [INFO] Capturing response: https://cdn.jsdelivr.net/npm/@clappr/hlsjs-playback@1.8.3/dist/hlsjs-playback.min.js 200 
2026-08-24 13:52:47,612 [INFO] Capturing request: https://www.atomsportv513.top/favicon.ico
2026-08-24 13:52:47,651 [INFO] Capturing response: https://www.atomsportv513.top/favicon.ico 200 
2026-08-24 13:52:47,668 [INFO] Capturing request: https://teletv5.top/load/yayinlink.php?id=bein-sports-1
2026-08-24 13:52:48,096 [INFO] Capturing response: https://teletv5.top/load/yayinlink.php?id=bein-sports-1 200 
2026-08-24 13:52:48,242 [INFO] Capturing request: https://streamsport365.com/cinema
2026-08-24 13:52:48,591 [INFO] Capturing response: https://streamsport365.com/cinema 200 
2026-08-24 13:52:49,345 [INFO] Capturing request: https://android.clients.google.com/checkin
2026-08-24 13:52:49,460 [INFO] Capturing response: https://android.clients.google.com/checkin 200 
2026-08-24 13:52:49,512 [INFO] Capturing request: https://android.clients.google.com/c2dm/register3
2026-08-24 13:52:49,514 [INFO] Capturing request: https://android.clients.google.com/c2dm/register3
2026-08-24 13:52:49,514 [INFO] Capturing request: https://android.clients.google.com/c2dm/register3
2026-08-24 13:52:49,561 [INFO] Capturing response: https://android.clients.google.com/c2dm/register3 301 
2026-08-24 13:52:50,389 [INFO] Capturing response: https://android.clients.google.com/c2dm/register3 200 
2026-08-24 13:52:50,491 [INFO] Capturing response: https://android.clients.google.com/c2dm/register3 200 
2026-08-24 13:53:12,632 [INFO] Capturing request: https://android.clients.google.com/c2dm/register3
2026-08-24 13:53:12,688 [INFO] Capturing response: https://android.clients.google.com/c2dm/register3 301 
2026-08-24 13:53:20,824 [WARNING]   ❌ beIN Sports 1 için M3U8 bulunamadı
2026-08-24 13:53:21,824 [INFO] 
[2/14]
2026-08-24 13:53:21,824 [INFO] 🔍 beIN Sports 2 → https://www.atomsportv513.top/matches?id=bein-sports-2
2026-08-24 13:53:21,933 [INFO] Capturing request: https://www.atomsportv513.top/matches?id=bein-sports-2
2026-08-24 13:53:22,374 [INFO] Capturing response: https://www.atomsportv513.top/matches?id=bein-sports-2 200 
2026-08-24 13:53:22,525 [INFO] Capturing request: https://teletv5.top/load/yayinlink.php?id=bein-sports-2
2026-08-24 13:53:22,526 [INFO] Capturing request: https://www.atomsportv513.top/favicon.ico
2026-08-24 13:53:22,559 [INFO] Capturing response: https://www.atomsportv513.top/favicon.ico 200 
2026-08-24 13:53:22,679 [INFO] Capturing request: https://streamsport365.com/cinema
2026-08-24 13:53:22,732 [INFO] Capturing response: https://teletv5.top/load/yayinlink.php?id=bein-sports-2 200 
2026-08-24 13:53:23,031 [INFO] Capturing response: https://streamsport365.com/cinema 200 
2026-08-24 13:53:45,936 [INFO] Capturing request: https://update.googleapis.com/service/update2/json?cup2key=16:ewSChI1HGBk9ONxNVL3jQS80-DmgojgwZJ_1d3ZEBI4&cup2hreq=ba582316aea9898a536fbdff007bdb581c4dea6bdeb4a830e06db398c1f60a60
2026-08-24 13:53:45,967 [INFO] Capturing response: https://update.googleapis.com/service/update2/json?cup2key=16:ewSChI1HGBk9ONxNVL3jQS80-DmgojgwZJ_1d3ZEBI4&cup2hreq=ba582316aea9898a536fbdff007bdb581c4dea6bdeb4a830e06db398c1f60a60 200 
2026-08-24 13:53:45,974 [INFO] Capturing request: http://edgedl.me.gvt1.com/edgedl/diffgen-puffin/gcmjkmgdlgnkkcocmoeiminaijmmjnii/6ca5bdb9f3e2cd83b7e359729bc6c33c4fe975ec499861d969b3e080320849ff
2026-08-24 13:53:46,007 [INFO] Capturing response: http://edgedl.me.gvt1.com/edgedl/diffgen-puffin/gcmjkmgdlgnkkcocmoeiminaijmmjnii/6ca5bdb9f3e2cd83b7e359729bc6c33c4fe975ec499861d969b3e080320849ff 200 OK
2026-08-24 13:53:46,033 [INFO] Capturing request: https://update.googleapis.com/service/update2/json
2026-08-24 13:53:46,059 [INFO] Capturing response: https://update.googleapis.com/service/update2/json 200 
2026-08-24 13:53:46,103 [INFO] Capturing request: http://edgedl.me.gvt1.com/edgedl/release2/chrome_component/pii3rvjw74jn5qtrx5a2yp2b6a_10733/hfnkpimlhhgieaddgfemjhofmfblmnib_10733_all_ad75arotihys34voy3hmuznew3va.crx3
2026-08-24 13:53:46,118 [INFO] Capturing response: http://edgedl.me.gvt1.com/edgedl/release2/chrome_component/pii3rvjw74jn5qtrx5a2yp2b6a_10733/hfnkpimlhhgieaddgfemjhofmfblmnib_10733_all_ad75arotihys34voy3hmuznew3va.crx3 200 OK
2026-08-24 13:53:46,147 [INFO] Capturing request: https://update.googleapis.com/service/update2/json
2026-08-24 13:53:46,175 [INFO] Capturing response: https://update.googleapis.com/service/update2/json 200 
2026-08-24 13:53:55,690 [WARNING]   ❌ beIN Sports 2 için M3U8 bulunamadı
2026-08-24 13:53:56,690 [INFO] 
[3/14]
2026-08-24 13:53:56,690 [INFO] 🔍 beIN Sports 3 → https://www.atomsportv513.top/matches?id=bein-sports-3
2026-08-24 13:53:56,838 [INFO] Capturing request: https://www.atomsportv513.top/matches?id=bein-sports-3
2026-08-24 13:53:57,516 [INFO] Capturing response: https://www.atomsportv513.top/matches?id=bein-sports-3 200 
2026-08-24 13:53:57,676 [INFO] Capturing request: https://www.atomsportv513.top/favicon.ico
2026-08-24 13:53:57,715 [INFO] Capturing request: https://teletv5.top/load/yayinlink.php?id=bein-sports-3
2026-08-24 13:53:57,724 [INFO] Capturing response: https://www.atomsportv513.top/favicon.ico 200 
2026-08-24 13:53:58,168 [INFO] Capturing response: https://teletv5.top/load/yayinlink.php?id=bein-sports-3 200 
2026-08-24 13:53:58,259 [INFO] Capturing request: https://streamsport365.com/cinema
2026-08-24 13:53:58,612 [INFO] Capturing response: https://streamsport365.com/cinema 200 
2026-08-24 13:54:00,391 [INFO] Capturing request: https://android.clients.google.com/c2dm/register3
2026-08-24 13:54:00,451 [INFO] Capturing response: https://android.clients.google.com/c2dm/register3 301 
2026-08-24 13:54:30,824 [WARNING]   ❌ beIN Sports 3 için M3U8 bulunamadı
2026-08-24 13:54:31,824 [INFO] 
[4/14]
2026-08-24 13:54:31,824 [INFO] 🔍 beIN Sports 4 → https://www.atomsportv513.top/matches?id=bein-sports-4
2026-08-24 13:54:31,933 [INFO] Capturing request: https://www.atomsportv513.top/matches?id=bein-sports-4
2026-08-24 13:54:32,378 [INFO] Capturing response: https://www.atomsportv513.top/matches?id=bein-sports-4 200 
2026-08-24 13:54:32,504 [INFO] Capturing request: https://teletv5.top/load/yayinlink.php?id=bein-sports-4
2026-08-24 13:54:32,509 [INFO] Capturing request: https://www.atomsportv513.top/favicon.ico
2026-08-24 13:54:32,523 [INFO] Capturing response: https://teletv5.top/load/yayinlink.php?id=bein-sports-4 200 
2026-08-24 13:54:32,548 [INFO] Capturing response: https://www.atomsportv513.top/favicon.ico 200 
2026-08-24 13:54:32,657 [INFO] Capturing request: https://streamsport365.com/cinema
2026-08-24 13:54:33,018 [INFO] Capturing response: https://streamsport365.com/cinema 200 
2026-08-24 13:55:05,647 [WARNING]   ❌ beIN Sports 4 için M3U8 bulunamadı
2026-08-24 13:55:06,647 [INFO] 
[5/14]
2026-08-24 13:55:06,647 [INFO] 🔍 beIN Sports 5 → https://www.atomsportv513.top/matches?id=bein-sports-5
2026-08-24 13:55:06,757 [INFO] Capturing request: https://www.atomsportv513.top/matches?id=bein-sports-5
2026-08-24 13:55:07,461 [INFO] Capturing response: https://www.atomsportv513.top/matches?id=bein-sports-5 200 
2026-08-24 13:55:07,590 [INFO] Capturing request: https://teletv5.top/load/yayinlink.php?id=bein-sports-5
2026-08-24 13:55:07,593 [INFO] Capturing request: https://www.atomsportv513.top/favicon.ico
2026-08-24 13:55:07,614 [INFO] Capturing response: https://teletv5.top/load/yayinlink.php?id=bein-sports-5 200 
2026-08-24 13:55:07,631 [INFO] Capturing response: https://www.atomsportv513.top/favicon.ico 200 
2026-08-24 13:55:07,742 [INFO] Capturing request: https://streamsport365.com/cinema
2026-08-24 13:55:08,095 [INFO] Capturing response: https://streamsport365.com/cinema 200 
2026-08-24 13:55:30,718 [INFO] Capturing request: https://android.clients.google.com/c2dm/register3
2026-08-24 13:55:30,776 [INFO] Capturing response: https://android.clients.google.com/c2dm/register3 301 
2026-08-24 13:55:40,731 [WARNING]   ❌ beIN Sports 5 için M3U8 bulunamadı
2026-08-24 13:55:41,732 [INFO] 
[6/14]
2026-08-24 13:55:41,732 [INFO] 🔍 beIN Sports Max 1 → https://www.atomsportv513.top/matches?id=bein-sports-max-1
2026-08-24 13:55:41,839 [INFO] Capturing request: https://www.atomsportv513.top/matches?id=bein-sports-max-1
2026-08-24 13:55:42,292 [INFO] Capturing response: https://www.atomsportv513.top/matches?id=bein-sports-max-1 200 
2026-08-24 13:55:42,427 [INFO] Capturing request: https://teletv5.top/load/yayinlink.php?id=bein-sports-max-1
2026-08-24 13:55:42,428 [INFO] Capturing request: https://www.atomsportv513.top/favicon.ico
2026-08-24 13:55:42,447 [INFO] Capturing response: https://teletv5.top/load/yayinlink.php?id=bein-sports-max-1 200 
2026-08-24 13:55:42,467 [INFO] Capturing response: https://www.atomsportv513.top/favicon.ico 200 
2026-08-24 13:55:42,578 [INFO] Capturing request: https://streamsport365.com/cinema
2026-08-24 13:55:42,940 [INFO] Capturing response: https://streamsport365.com/cinema 200 
2026-08-24 13:56:15,578 [WARNING]   ❌ beIN Sports Max 1 için M3U8 bulunamadı
2026-08-24 13:56:16,578 [INFO] 
[7/14]
2026-08-24 13:56:16,578 [INFO] 🔍 beIN Sports Max 2 → https://www.atomsportv513.top/matches?id=bein-sports-max-2
2026-08-24 13:56:16,687 [INFO] Capturing request: https://www.atomsportv513.top/matches?id=bein-sports-max-2
2026-08-24 13:56:17,134 [INFO] Capturing response: https://www.atomsportv513.top/matches?id=bein-sports-max-2 200 
2026-08-24 13:56:17,270 [INFO] Capturing request: https://www.atomsportv513.top/favicon.ico
2026-08-24 13:56:17,271 [INFO] Capturing request: https://teletv5.top/load/yayinlink.php?id=bein-sports-max-2
2026-08-24 13:56:17,317 [INFO] Capturing response: https://www.atomsportv513.top/favicon.ico 200 
2026-08-24 13:56:17,328 [INFO] Capturing response: https://teletv5.top/load/yayinlink.php?id=bein-sports-max-2 200 
2026-08-24 13:56:17,425 [INFO] Capturing request: https://streamsport365.com/cinema
2026-08-24 13:56:17,804 [INFO] Capturing response: https://streamsport365.com/cinema 200 
2026-08-24 13:56:50,412 [WARNING]   ❌ beIN Sports Max 2 için M3U8 bulunamadı
2026-08-24 13:56:51,413 [INFO] 
[8/14]
2026-08-24 13:56:51,413 [INFO] 🔍 S Sport → https://www.atomsportv513.top/matches?id=s-sport
2026-08-24 13:56:51,522 [INFO] Capturing request: https://www.atomsportv513.top/matches?id=s-sport
2026-08-24 13:56:51,971 [INFO] Capturing response: https://www.atomsportv513.top/matches?id=s-sport 200 
2026-08-24 13:56:52,100 [INFO] Capturing request: https://teletv5.top/load/yayinlink.php?id=s-sport
2026-08-24 13:56:52,103 [INFO] Capturing request: https://www.atomsportv513.top/favicon.ico
2026-08-24 13:56:52,145 [INFO] Capturing response: https://www.atomsportv513.top/favicon.ico 200 
2026-08-24 13:56:52,253 [INFO] Capturing request: https://streamsport365.com/cinema
2026-08-24 13:56:52,492 [INFO] Capturing response: https://teletv5.top/load/yayinlink.php?id=s-sport 200 
2026-08-24 13:56:52,606 [INFO] Capturing response: https://streamsport365.com/cinema 200 
2026-08-24 13:57:25,245 [WARNING]   ❌ S Sport için M3U8 bulunamadı
2026-08-24 13:57:26,246 [INFO] 
[9/14]
2026-08-24 13:57:26,246 [INFO] 🔍 S Sport 2 → https://www.atomsportv513.top/matches?id=s-sport-2
2026-08-24 13:57:26,355 [INFO] Capturing request: https://www.atomsportv513.top/matches?id=s-sport-2
2026-08-24 13:57:26,801 [INFO] Capturing response: https://www.atomsportv513.top/matches?id=s-sport-2 200 
2026-08-24 13:57:26,931 [INFO] Capturing request: https://teletv5.top/load/yayinlink.php?id=s-sport-2
2026-08-24 13:57:26,936 [INFO] Capturing request: https://www.atomsportv513.top/favicon.ico
2026-08-24 13:57:26,979 [INFO] Capturing response: https://www.atomsportv513.top/favicon.ico 200 
2026-08-24 13:57:27,085 [INFO] Capturing request: https://streamsport365.com/cinema
2026-08-24 13:57:27,141 [INFO] Capturing response: https://teletv5.top/load/yayinlink.php?id=s-sport-2 200 
2026-08-24 13:57:27,446 [INFO] Capturing response: https://streamsport365.com/cinema 200 
2026-08-24 13:58:00,078 [WARNING]   ❌ S Sport 2 için M3U8 bulunamadı
2026-08-24 13:58:01,078 [INFO] 
[10/14]
2026-08-24 13:58:01,078 [INFO] 🔍 A Spor → https://www.atomsportv513.top/matches?id=a-spor
2026-08-24 13:58:01,187 [INFO] Capturing request: https://www.atomsportv513.top/matches?id=a-spor
2026-08-24 13:58:01,664 [INFO] Capturing response: https://www.atomsportv513.top/matches?id=a-spor 200 
2026-08-24 13:58:01,803 [INFO] Capturing request: https://teletv5.top/load/yayinlink.php?id=a-spor
2026-08-24 13:58:01,805 [INFO] Capturing request: https://www.atomsportv513.top/favicon.ico
2026-08-24 13:58:01,852 [INFO] Capturing response: https://www.atomsportv513.top/favicon.ico 200 
2026-08-24 13:58:01,959 [INFO] Capturing request: https://streamsport365.com/cinema
2026-08-24 13:58:02,018 [INFO] Capturing response: https://teletv5.top/load/yayinlink.php?id=a-spor 200 
2026-08-24 13:58:02,320 [INFO] Capturing response: https://streamsport365.com/cinema 200 
2026-08-24 13:58:34,950 [WARNING]   ❌ A Spor için M3U8 bulunamadı
2026-08-24 13:58:35,950 [INFO] 
[11/14]
2026-08-24 13:58:35,950 [INFO] 🔍 Tivibu Spor 1 → https://www.atomsportv513.top/matches?id=tivibu-spor-1
2026-08-24 13:58:36,059 [INFO] Capturing request: https://www.atomsportv513.top/matches?id=tivibu-spor-1
2026-08-24 13:58:36,663 [INFO] Capturing response: https://www.atomsportv513.top/matches?id=tivibu-spor-1 200 
2026-08-24 13:58:36,800 [INFO] Capturing request: https://teletv5.top/load/yayinlink.php?id=tivibu-spor-1
2026-08-24 13:58:36,801 [INFO] Capturing request: https://www.atomsportv513.top/favicon.ico
2026-08-24 13:58:36,817 [INFO] Capturing response: https://teletv5.top/load/yayinlink.php?id=tivibu-spor-1 200 
2026-08-24 13:58:36,839 [INFO] Capturing response: https://www.atomsportv513.top/favicon.ico 200 
2026-08-24 13:58:36,949 [INFO] Capturing request: https://streamsport365.com/cinema
2026-08-24 13:58:37,301 [INFO] Capturing response: https://streamsport365.com/cinema 200 
2026-08-24 13:58:52,122 [INFO] Capturing request: https://android.clients.google.com/c2dm/register3
2026-08-24 13:58:52,179 [INFO] Capturing response: https://android.clients.google.com/c2dm/register3 301 
2026-08-24 13:59:09,943 [WARNING]   ❌ Tivibu Spor 1 için M3U8 bulunamadı
2026-08-24 13:59:10,943 [INFO] 
[12/14]
2026-08-24 13:59:10,943 [INFO] 🔍 Tivibu Spor 2 → https://www.atomsportv513.top/matches?id=tivibu-spor-2
2026-08-24 13:59:11,051 [INFO] Capturing request: https://www.atomsportv513.top/matches?id=tivibu-spor-2
2026-08-24 13:59:11,587 [INFO] Capturing response: https://www.atomsportv513.top/matches?id=tivibu-spor-2 200 
2026-08-24 13:59:11,718 [INFO] Capturing request: https://teletv5.top/load/yayinlink.php?id=tivibu-spor-2
2026-08-24 13:59:11,722 [INFO] Capturing request: https://www.atomsportv513.top/favicon.ico
2026-08-24 13:59:11,736 [INFO] Capturing response: https://teletv5.top/load/yayinlink.php?id=tivibu-spor-2 200 
2026-08-24 13:59:11,760 [INFO] Capturing response: https://www.atomsportv513.top/favicon.ico 200 
2026-08-24 13:59:11,871 [INFO] Capturing request: https://streamsport365.com/cinema
2026-08-24 13:59:12,229 [INFO] Capturing response: https://streamsport365.com/cinema 200 
2026-08-24 13:59:44,867 [WARNING]   ❌ Tivibu Spor 2 için M3U8 bulunamadı
2026-08-24 13:59:45,867 [INFO] 
[13/14]
2026-08-24 13:59:45,867 [INFO] 🔍 Tivibu Spor 3 → https://www.atomsportv513.top/matches?id=tivibu-spor-3
2026-08-24 13:59:45,976 [INFO] Capturing request: https://www.atomsportv513.top/matches?id=tivibu-spor-3
2026-08-24 13:59:46,684 [INFO] Capturing response: https://www.atomsportv513.top/matches?id=tivibu-spor-3 200 
2026-08-24 13:59:46,816 [INFO] Capturing request: https://teletv5.top/load/yayinlink.php?id=tivibu-spor-3
2026-08-24 13:59:46,819 [INFO] Capturing request: https://www.atomsportv513.top/favicon.ico
2026-08-24 13:59:46,836 [INFO] Capturing response: https://teletv5.top/load/yayinlink.php?id=tivibu-spor-3 200 
2026-08-24 13:59:46,875 [INFO] Capturing response: https://www.atomsportv513.top/favicon.ico 200 
2026-08-24 13:59:46,969 [INFO] Capturing request: https://streamsport365.com/cinema
2026-08-24 13:59:47,332 [INFO] Capturing response: https://streamsport365.com/cinema 200 
2026-08-24 14:00:19,962 [WARNING]   ❌ Tivibu Spor 3 için M3U8 bulunamadı
2026-08-24 14:00:20,962 [INFO] 
[14/14]
2026-08-24 14:00:20,962 [INFO] 🔍 Tivibu Spor 4 → https://www.atomsportv513.top/matches?id=tivibu-spor-4
2026-08-24 14:00:21,072 [INFO] Capturing request: https://www.atomsportv513.top/matches?id=tivibu-spor-4
2026-08-24 14:00:21,676 [INFO] Capturing response: https://www.atomsportv513.top/matches?id=tivibu-spor-4 200 
2026-08-24 14:00:21,816 [INFO] Capturing request: https://www.atomsportv513.top/favicon.ico
2026-08-24 14:00:21,818 [INFO] Capturing request: https://teletv5.top/load/yayinlink.php?id=tivibu-spor-4
2026-08-24 14:00:21,859 [INFO] Capturing response: https://www.atomsportv513.top/favicon.ico 200 
2026-08-24 14:00:21,968 [INFO] Capturing request: https://streamsport365.com/cinema
2026-08-24 14:00:22,219 [INFO] Capturing response: https://teletv5.top/load/yayinlink.php?id=tivibu-spor-4 200 
2026-08-24 14:00:22,333 [INFO] Capturing response: https://streamsport365.com/cinema 200 
2026-08-24 14:00:54,959 [WARNING]   ❌ Tivibu Spor 4 için M3U8 bulunamadı
2026-08-24 14:00:56,025 [INFO] ✅ 0 kanal bulundu, playlist.m3u kaydedildi
