2026-08-20 05:32:26,253 [INFO] 🌐 BASE_URL: https://www.atomsportv512.top
2026-08-20 05:32:27,282 [INFO] Başlanıyor... 14 kanal taranacak
2026-08-20 05:32:27,282 [INFO] Using default request storage
2026-08-20 05:32:27,285 [INFO] Created proxy listening on 127.0.0.1:41613
2026-08-20 05:32:28,362 [INFO] Capturing request: http://clients2.google.com/time/1/current?cup2key=10:aIK2W0WChFP3N_CJ8QWXdMk0bS-tQKZBiZJgkjBdgmY&cup2hreq=e3b0c44298fc1c149afbf4c8996fb92427ae41e4649b934ca495991b7852b855
2026-08-20 05:32:28,455 [INFO] Capturing response: http://clients2.google.com/time/1/current?cup2key=10:aIK2W0WChFP3N_CJ8QWXdMk0bS-tQKZBiZJgkjBdgmY&cup2hreq=e3b0c44298fc1c149afbf4c8996fb92427ae41e4649b934ca495991b7852b855 200 OK
2026-08-20 05:32:28,545 [INFO] 
[1/14]
2026-08-20 05:32:28,545 [INFO] 🔍 beIN Sports 1 → https://www.atomsportv512.top/matches?id=bein-sports-1
2026-08-20 05:32:28,678 [INFO] Capturing request: https://update.googleapis.com/service/update2/json?cup2key=16:Q2WVexgtgTTRypKnLL1TwrXMErpGjyVu0KYYMIBFI3Q&cup2hreq=b369a812147f997f8164241afca6df341a122ee281bd68a20a049339d12228f4
2026-08-20 05:32:28,772 [INFO] Capturing response: https://update.googleapis.com/service/update2/json?cup2key=16:Q2WVexgtgTTRypKnLL1TwrXMErpGjyVu0KYYMIBFI3Q&cup2hreq=b369a812147f997f8164241afca6df341a122ee281bd68a20a049339d12228f4 200 
2026-08-20 05:32:28,778 [INFO] Capturing request: https://accounts.google.com/ListAccounts?gpsia=1&source=ChromiumBrowser&json=standard&laf=b64bin
2026-08-20 05:32:28,779 [INFO] Capturing request: https://www.atomsportv512.top/matches?id=bein-sports-1
2026-08-20 05:32:28,818 [INFO] Capturing request: https://update.googleapis.com/service/update2/json?cup2key=16:7nAhY0huLgFP63LaGVpJip7mKOzMGHOt9xewVmzpRW8&cup2hreq=85d672cb8c44d7b4c2fab20ae869930b2c5c21853ee985209e0312bd69527047
2026-08-20 05:32:28,827 [INFO] Capturing request: https://www.google.com/async/folae?async=_fmt:pb&udm=50&client_locale=en-US&client_country=ZZ
2026-08-20 05:32:28,837 [INFO] Capturing response: https://accounts.google.com/ListAccounts?gpsia=1&source=ChromiumBrowser&json=standard&laf=b64bin 200 
2026-08-20 05:32:28,866 [INFO] Capturing response: https://www.google.com/async/folae?async=_fmt:pb&udm=50&client_locale=en-US&client_country=ZZ 200 
2026-08-20 05:32:28,874 [INFO] Capturing response: https://update.googleapis.com/service/update2/json?cup2key=16:7nAhY0huLgFP63LaGVpJip7mKOzMGHOt9xewVmzpRW8&cup2hreq=85d672cb8c44d7b4c2fab20ae869930b2c5c21853ee985209e0312bd69527047 200 
2026-08-20 05:32:28,971 [INFO] Capturing request: https://update.googleapis.com/service/update2/json?cup2key=16:coVazHmI0FMMWyL32AAiCJGhPfleqQ0Qww3hRGnfOx8&cup2hreq=e51e98d50a8907fd245b48994a9cb5de16d29b1ec7606f1ba9164735508bba7f
2026-08-20 05:32:29,000 [INFO] Capturing response: https://www.atomsportv512.top/matches?id=bein-sports-1 200 
2026-08-20 05:32:29,026 [INFO] Capturing response: https://update.googleapis.com/service/update2/json?cup2key=16:coVazHmI0FMMWyL32AAiCJGhPfleqQ0Qww3hRGnfOx8&cup2hreq=e51e98d50a8907fd245b48994a9cb5de16d29b1ec7606f1ba9164735508bba7f 200 
2026-08-20 05:32:29,082 [INFO] Capturing request: https://www.google.com/async/folae?async=_fmt:pb&udm=50&client_locale=en-US&client_country=ZZ
2026-08-20 05:32:29,124 [INFO] Capturing response: https://www.google.com/async/folae?async=_fmt:pb&udm=50&client_locale=en-US&client_country=ZZ 200 
2026-08-20 05:32:29,218 [INFO] Capturing request: https://cdn.jsdelivr.net/npm/@clappr/player@0.11.16/dist/clappr.min.js
2026-08-20 05:32:29,223 [INFO] Capturing request: https://cdn.jsdelivr.net/npm/@clappr/hlsjs-playback@1.8.3/dist/hlsjs-playback.min.js
2026-08-20 05:32:29,225 [INFO] Capturing request: https://cdn.jsdelivr.net/npm/level-selector/dist/level-selector.min.js
2026-08-20 05:32:29,261 [INFO] Capturing response: https://cdn.jsdelivr.net/npm/level-selector/dist/level-selector.min.js 200 
2026-08-20 05:32:29,301 [INFO] Capturing response: https://cdn.jsdelivr.net/npm/@clappr/player@0.11.16/dist/clappr.min.js 200 
2026-08-20 05:32:29,311 [INFO] Capturing response: https://cdn.jsdelivr.net/npm/@clappr/hlsjs-playback@1.8.3/dist/hlsjs-playback.min.js 200 
2026-08-20 05:32:29,486 [INFO] Capturing request: https://www.atomsportv512.top/favicon.ico
2026-08-20 05:32:29,532 [INFO] Capturing response: https://www.atomsportv512.top/favicon.ico 200 
2026-08-20 05:32:29,583 [INFO] Capturing request: https://teletv5.top/load/yayinlink.php?id=bein-sports-1
2026-08-20 05:32:29,976 [INFO] Capturing request: https://streamsport365.com/cinema
2026-08-20 05:32:29,980 [INFO] Capturing response: https://teletv5.top/load/yayinlink.php?id=bein-sports-1 200 
2026-08-20 05:32:30,282 [INFO] Capturing response: https://streamsport365.com/cinema 200 
2026-08-20 05:32:30,408 [INFO] Capturing request: https://www.atomsportv512.top/assets/img/player/player_logo_6a72b29dbcd89.png
2026-08-20 05:32:30,468 [INFO] Capturing response: https://www.atomsportv512.top/assets/img/player/player_logo_6a72b29dbcd89.png 200 
2026-08-20 05:32:30,522 [INFO] Capturing request: https://corestream.siteyaptim.live//beintv/tracks-v1a1/mono.m3u8
2026-08-20 05:32:30,696 [INFO] Capturing response: https://corestream.siteyaptim.live//beintv/tracks-v1a1/mono.m3u8 200 
2026-08-20 05:32:30,934 [INFO] Capturing request: https://global.siteyaptim.live/beintv/tracks-v1a1/2026/08/20/05/32/18-05250.jpg
2026-08-20 05:32:31,363 [INFO] Capturing request: https://android.clients.google.com/checkin
2026-08-20 05:32:31,468 [INFO] Capturing response: https://android.clients.google.com/checkin 200 
2026-08-20 05:32:31,519 [INFO] Capturing request: https://android.clients.google.com/c2dm/register3
2026-08-20 05:32:31,520 [INFO] Capturing request: https://android.clients.google.com/c2dm/register3
2026-08-20 05:32:31,524 [INFO] Capturing request: https://android.clients.google.com/c2dm/register3
2026-08-20 05:32:31,589 [INFO] Capturing response: https://android.clients.google.com/c2dm/register3 301 
2026-08-20 05:32:31,657 [INFO] Capturing response: https://global.siteyaptim.live/beintv/tracks-v1a1/2026/08/20/05/32/18-05250.jpg 200 
2026-08-20 05:32:31,866 [INFO] Capturing request: https://global.siteyaptim.live/beintv/tracks-v1a1/2026/08/20/05/32/23-05250.jpg
2026-08-20 05:32:31,924 [INFO] Capturing response: https://android.clients.google.com/c2dm/register3 200 
2026-08-20 05:32:31,976 [INFO] Capturing response: https://android.clients.google.com/c2dm/register3 200 
2026-08-20 05:32:32,404 [INFO]   ✅ M3U8 bulundu: https://corestream.siteyaptim.live//beintv/tracks-v1a1/mono.m3u8
2026-08-20 05:32:32,423 [INFO] Capturing response: https://global.siteyaptim.live/beintv/tracks-v1a1/2026/08/20/05/32/23-05250.jpg 200 
2026-08-20 05:32:32,623 [INFO] Capturing request: https://global.siteyaptim.live/beintv/tracks-v1a1/2026/08/20/05/32/28-05250.jpg
2026-08-20 05:32:33,194 [INFO] Capturing response: https://global.siteyaptim.live/beintv/tracks-v1a1/2026/08/20/05/32/28-05250.jpg 200 
2026-08-20 05:32:33,401 [INFO] Capturing request: https://global.siteyaptim.live/beintv/tracks-v1a1/2026/08/20/05/32/33-05250.jpg
2026-08-20 05:32:33,405 [INFO] 
[2/14]
2026-08-20 05:32:33,405 [INFO] 🔍 beIN Sports 2 → https://www.atomsportv512.top/matches?id=bein-sports-2
2026-08-20 05:32:33,513 [INFO] Capturing request: https://www.atomsportv512.top/matches?id=bein-sports-2
2026-08-20 05:32:33,728 [INFO] Capturing response: https://www.atomsportv512.top/matches?id=bein-sports-2 200 
2026-08-20 05:32:33,778 [INFO] Capturing request: https://streamsport365.com/cinema
2026-08-20 05:32:33,879 [INFO] Capturing request: https://teletv5.top/load/yayinlink.php?id=bein-sports-2
2026-08-20 05:32:33,879 [INFO] Capturing request: https://www.atomsportv512.top/favicon.ico
2026-08-20 05:32:33,916 [INFO] Capturing response: https://www.atomsportv512.top/favicon.ico 200 
2026-08-20 05:32:33,938 [INFO] Capturing response: https://global.siteyaptim.live/beintv/tracks-v1a1/2026/08/20/05/32/33-05250.jpg 200 
2026-08-20 05:32:34,085 [INFO] Capturing response: https://streamsport365.com/cinema 200 
2026-08-20 05:32:34,096 [INFO] Capturing response: https://teletv5.top/load/yayinlink.php?id=bein-sports-2 200 
2026-08-20 05:32:34,207 [INFO] Capturing request: https://www.atomsportv512.top/assets/img/player/player_logo_6a72b29dbcd89.png
2026-08-20 05:32:34,214 [INFO] Capturing request: https://corestream.siteyaptim.live//bein2/tracks-v1a1/mono.m3u8
2026-08-20 05:32:34,331 [INFO] Capturing response: https://www.atomsportv512.top/assets/img/player/player_logo_6a72b29dbcd89.png 304 
2026-08-20 05:32:34,393 [INFO] Capturing response: https://corestream.siteyaptim.live//bein2/tracks-v1a1/mono.m3u8 200 
2026-08-20 05:32:34,502 [INFO] Capturing request: https://global.siteyaptim.live/bein2/tracks-v1a1/2026/08/20/05/31/59-10000.jpg
2026-08-20 05:32:35,583 [INFO] Capturing response: https://global.siteyaptim.live/bein2/tracks-v1a1/2026/08/20/05/31/59-10000.jpg 200 
2026-08-20 05:32:35,863 [INFO] Capturing request: https://global.siteyaptim.live/bein2/tracks-v1a1/2026/08/20/05/32/09-10000.jpg
2026-08-20 05:32:36,801 [INFO]   ✅ M3U8 bulundu: https://corestream.siteyaptim.live//bein2/tracks-v1a1/mono.m3u8
2026-08-20 05:32:36,912 [INFO] Capturing response: https://global.siteyaptim.live/bein2/tracks-v1a1/2026/08/20/05/32/09-10000.jpg 200 
2026-08-20 05:32:37,174 [INFO] Capturing request: https://global.siteyaptim.live/bein2/tracks-v1a1/2026/08/20/05/32/19-10000.jpg
2026-08-20 05:32:37,802 [INFO] 
[3/14]
2026-08-20 05:32:37,802 [INFO] 🔍 beIN Sports 3 → https://www.atomsportv512.top/matches?id=bein-sports-3
2026-08-20 05:32:37,910 [INFO] Capturing request: https://www.atomsportv512.top/matches?id=bein-sports-3
2026-08-20 05:32:38,128 [INFO] Capturing response: https://www.atomsportv512.top/matches?id=bein-sports-3 200 
2026-08-20 05:32:38,263 [INFO] Capturing request: https://www.atomsportv512.top/favicon.ico
2026-08-20 05:32:38,263 [INFO] Capturing request: https://teletv5.top/load/yayinlink.php?id=bein-sports-3
2026-08-20 05:32:38,301 [INFO] Capturing response: https://www.atomsportv512.top/favicon.ico 200 
2026-08-20 05:32:38,390 [INFO] Capturing request: https://streamsport365.com/cinema
2026-08-20 05:32:38,467 [INFO] Capturing response: https://teletv5.top/load/yayinlink.php?id=bein-sports-3 200 
2026-08-20 05:32:38,510 [INFO] Capturing response: https://global.siteyaptim.live/bein2/tracks-v1a1/2026/08/20/05/32/19-10000.jpg 200 
2026-08-20 05:32:38,589 [INFO] 127.0.0.1:54338: ProtocolException("Error in HTTP connection: Http2ZombieException('Connection or stream already dead: 1787203958.588779, False')")
2026-08-20 05:32:38,690 [INFO] Capturing response: https://streamsport365.com/cinema 200 
2026-08-20 05:32:38,799 [INFO] Capturing request: https://www.atomsportv512.top/assets/img/player/player_logo_6a72b29dbcd89.png
2026-08-20 05:32:38,806 [INFO] Capturing request: https://corestream.siteyaptim.live//bein3/tracks-v1a1/mono.m3u8
2026-08-20 05:32:38,922 [INFO] Capturing response: https://www.atomsportv512.top/assets/img/player/player_logo_6a72b29dbcd89.png 304 
2026-08-20 05:32:38,965 [INFO] Capturing response: https://corestream.siteyaptim.live//bein3/tracks-v1a1/mono.m3u8 200 
2026-08-20 05:32:39,075 [INFO] Capturing request: https://global.siteyaptim.live/bein3/tracks-v1a1/2026/08/20/05/32/05-10000.jpg
2026-08-20 05:32:39,613 [INFO] Capturing response: https://global.siteyaptim.live/bein3/tracks-v1a1/2026/08/20/05/32/05-10000.jpg 200 
2026-08-20 05:32:39,831 [INFO] Capturing request: https://global.siteyaptim.live/bein3/tracks-v1a1/2026/08/20/05/32/15-10000.jpg
2026-08-20 05:32:40,502 [INFO] Capturing response: https://global.siteyaptim.live/bein3/tracks-v1a1/2026/08/20/05/32/15-10000.jpg 200 
2026-08-20 05:32:40,708 [INFO] Capturing request: https://global.siteyaptim.live/bein3/tracks-v1a1/2026/08/20/05/32/25-10000.jpg
2026-08-20 05:32:41,180 [INFO]   ✅ M3U8 bulundu: https://corestream.siteyaptim.live//bein3/tracks-v1a1/mono.m3u8
2026-08-20 05:32:41,210 [INFO] Capturing response: https://global.siteyaptim.live/bein3/tracks-v1a1/2026/08/20/05/32/25-10000.jpg 200 
2026-08-20 05:32:42,181 [INFO] 
[4/14]
2026-08-20 05:32:42,181 [INFO] 🔍 beIN Sports 4 → https://www.atomsportv512.top/matches?id=bein-sports-4
2026-08-20 05:32:42,290 [INFO] Capturing request: https://www.atomsportv512.top/matches?id=bein-sports-4
2026-08-20 05:32:42,510 [INFO] Capturing response: https://www.atomsportv512.top/matches?id=bein-sports-4 200 
2026-08-20 05:32:42,542 [INFO] Capturing request: https://streamsport365.com/cinema
2026-08-20 05:32:42,641 [INFO] Capturing request: https://www.atomsportv512.top/favicon.ico
2026-08-20 05:32:42,642 [INFO] Capturing request: https://teletv5.top/load/yayinlink.php?id=bein-sports-4
2026-08-20 05:32:42,677 [INFO] Capturing response: https://www.atomsportv512.top/favicon.ico 200 
2026-08-20 05:32:42,846 [INFO] Capturing response: https://teletv5.top/load/yayinlink.php?id=bein-sports-4 200 
2026-08-20 05:32:42,853 [INFO] Capturing response: https://streamsport365.com/cinema 200 
2026-08-20 05:32:42,996 [INFO] Capturing request: https://www.atomsportv512.top/assets/img/player/player_logo_6a72b29dbcd89.png
2026-08-20 05:32:43,004 [INFO] Capturing request: https://corestream.siteyaptim.live//bein4/tracks-v1a1/mono.m3u8
2026-08-20 05:32:43,120 [INFO] Capturing response: https://www.atomsportv512.top/assets/img/player/player_logo_6a72b29dbcd89.png 304 
2026-08-20 05:32:43,177 [INFO] Capturing response: https://corestream.siteyaptim.live//bein4/tracks-v1a1/mono.m3u8 200 
2026-08-20 05:32:43,326 [INFO] Capturing request: https://global.siteyaptim.live/bein4/tracks-v1a1/2026/08/20/05/32/16-10000.jpg
2026-08-20 05:32:43,891 [INFO] Capturing response: https://global.siteyaptim.live/bein4/tracks-v1a1/2026/08/20/05/32/16-10000.jpg 200 
2026-08-20 05:32:44,104 [INFO] Capturing request: https://global.siteyaptim.live/bein4/tracks-v1a1/2026/08/20/05/32/26-10000.jpg
2026-08-20 05:32:44,942 [INFO] Capturing response: https://global.siteyaptim.live/bein4/tracks-v1a1/2026/08/20/05/32/26-10000.jpg 200 
2026-08-20 05:32:45,148 [INFO] Capturing request: https://global.siteyaptim.live/bein4/tracks-v1a1/2026/08/20/05/32/36-10000.jpg
2026-08-20 05:32:45,560 [INFO]   ✅ M3U8 bulundu: https://corestream.siteyaptim.live//bein4/tracks-v1a1/mono.m3u8
2026-08-20 05:32:45,727 [INFO] Capturing response: https://global.siteyaptim.live/bein4/tracks-v1a1/2026/08/20/05/32/36-10000.jpg 200 
2026-08-20 05:32:46,561 [INFO] 
[5/14]
2026-08-20 05:32:46,561 [INFO] 🔍 beIN Sports 5 → https://www.atomsportv512.top/matches?id=bein-sports-5
2026-08-20 05:32:46,669 [INFO] Capturing request: https://www.atomsportv512.top/matches?id=bein-sports-5
2026-08-20 05:32:46,885 [INFO] Capturing response: https://www.atomsportv512.top/matches?id=bein-sports-5 200 
2026-08-20 05:32:47,011 [INFO] Capturing request: https://teletv5.top/load/yayinlink.php?id=bein-sports-5
2026-08-20 05:32:47,012 [INFO] Capturing request: https://www.atomsportv512.top/favicon.ico
2026-08-20 05:32:47,052 [INFO] Capturing response: https://www.atomsportv512.top/favicon.ico 200 
2026-08-20 05:32:47,138 [INFO] Capturing request: https://streamsport365.com/cinema
2026-08-20 05:32:47,211 [INFO] Capturing response: https://teletv5.top/load/yayinlink.php?id=bein-sports-5 200 
2026-08-20 05:32:47,442 [INFO] Capturing response: https://streamsport365.com/cinema 200 
2026-08-20 05:32:47,551 [INFO] Capturing request: https://www.atomsportv512.top/assets/img/player/player_logo_6a72b29dbcd89.png
2026-08-20 05:32:47,558 [INFO] Capturing request: https://corestream.siteyaptim.live//bein5/tracks-v1a1/mono.m3u8
2026-08-20 05:32:47,673 [INFO] Capturing response: https://www.atomsportv512.top/assets/img/player/player_logo_6a72b29dbcd89.png 304 
2026-08-20 05:32:47,733 [INFO] Capturing response: https://corestream.siteyaptim.live//bein5/tracks-v1a1/mono.m3u8 200 
2026-08-20 05:32:47,842 [INFO] Capturing request: https://global.siteyaptim.live/bein5/tracks-v1a1/2026/08/20/05/32/50-10000.jpg
2026-08-20 05:32:48,588 [INFO] Capturing response: https://global.siteyaptim.live/bein5/tracks-v1a1/2026/08/20/05/32/50-10000.jpg 200 
2026-08-20 05:32:48,840 [INFO] Capturing request: https://global.siteyaptim.live/bein5/tracks-v1a1/2026/08/20/05/33/00-10000.jpg
2026-08-20 05:32:49,839 [INFO] Capturing response: https://global.siteyaptim.live/bein5/tracks-v1a1/2026/08/20/05/33/00-10000.jpg 200 
2026-08-20 05:32:49,928 [INFO]   ✅ M3U8 bulundu: https://corestream.siteyaptim.live//bein5/tracks-v1a1/mono.m3u8
2026-08-20 05:32:50,063 [INFO] Capturing request: https://global.siteyaptim.live/bein5/tracks-v1a1/2026/08/20/05/33/10-10000.jpg
2026-08-20 05:32:50,928 [INFO] 
[6/14]
2026-08-20 05:32:50,928 [INFO] 🔍 beIN Sports Max 1 → https://www.atomsportv512.top/matches?id=bein-sports-max-1
2026-08-20 05:32:50,947 [INFO] Capturing response: https://global.siteyaptim.live/bein5/tracks-v1a1/2026/08/20/05/33/10-10000.jpg 200 
2026-08-20 05:32:51,036 [INFO] Capturing request: https://www.atomsportv512.top/matches?id=bein-sports-max-1
2026-08-20 05:32:51,254 [INFO] Capturing response: https://www.atomsportv512.top/matches?id=bein-sports-max-1 200 
2026-08-20 05:32:51,279 [INFO] Capturing request: https://streamsport365.com/cinema
2026-08-20 05:32:51,378 [INFO] Capturing request: https://teletv5.top/load/yayinlink.php?id=bein-sports-max-1
2026-08-20 05:32:51,383 [INFO] Capturing request: https://www.atomsportv512.top/favicon.ico
2026-08-20 05:32:51,420 [INFO] Capturing response: https://www.atomsportv512.top/favicon.ico 200 
2026-08-20 05:32:51,567 [INFO] Capturing response: https://teletv5.top/load/yayinlink.php?id=bein-sports-max-1 200 
2026-08-20 05:32:51,591 [INFO] Capturing response: https://streamsport365.com/cinema 200 
2026-08-20 05:32:51,717 [INFO] Capturing request: https://www.atomsportv512.top/assets/img/player/player_logo_6a72b29dbcd89.png
2026-08-20 05:32:51,725 [INFO] Capturing request: https://corestream.siteyaptim.live//beinmax1/tracks-v1a1/mono.m3u8
2026-08-20 05:32:51,841 [INFO] Capturing response: https://www.atomsportv512.top/assets/img/player/player_logo_6a72b29dbcd89.png 304 
2026-08-20 05:32:51,951 [INFO] Capturing response: https://corestream.siteyaptim.live//beinmax1/tracks-v1a1/mono.m3u8 404 
2026-08-20 05:32:54,119 [INFO] Capturing request: https://corestream.siteyaptim.live//beinmax1/tracks-v1a1/mono.m3u8
2026-08-20 05:32:54,281 [INFO] Capturing response: https://corestream.siteyaptim.live//beinmax1/tracks-v1a1/mono.m3u8 404 
2026-08-20 05:32:54,293 [INFO]   ✅ M3U8 bulundu: https://corestream.siteyaptim.live//beinmax1/tracks-v1a1/mono.m3u8
2026-08-20 05:32:55,294 [INFO] 
[7/14]
2026-08-20 05:32:55,294 [INFO] 🔍 beIN Sports Max 2 → https://www.atomsportv512.top/matches?id=bein-sports-max-2
2026-08-20 05:32:55,402 [INFO] Capturing request: https://www.atomsportv512.top/matches?id=bein-sports-max-2
2026-08-20 05:32:55,621 [INFO] Capturing response: https://www.atomsportv512.top/matches?id=bein-sports-max-2 200 
2026-08-20 05:32:55,748 [INFO] Capturing request: https://teletv5.top/load/yayinlink.php?id=bein-sports-max-2
2026-08-20 05:32:55,751 [INFO] Capturing request: https://www.atomsportv512.top/favicon.ico
2026-08-20 05:32:55,787 [INFO] Capturing response: https://www.atomsportv512.top/favicon.ico 200 
2026-08-20 05:32:55,874 [INFO] Capturing request: https://streamsport365.com/cinema
2026-08-20 05:32:56,040 [INFO] Capturing response: https://teletv5.top/load/yayinlink.php?id=bein-sports-max-2 200 
2026-08-20 05:32:56,178 [INFO] Capturing response: https://streamsport365.com/cinema 200 
2026-08-20 05:32:56,287 [INFO] Capturing request: https://www.atomsportv512.top/assets/img/player/player_logo_6a72b29dbcd89.png
2026-08-20 05:32:56,295 [INFO] Capturing request: https://corestream.siteyaptim.live//beinmax2/tracks-v1a1/mono.m3u8
2026-08-20 05:32:56,464 [INFO] Capturing response: https://corestream.siteyaptim.live//beinmax2/tracks-v1a1/mono.m3u8 404 
2026-08-20 05:32:56,570 [INFO] Capturing response: https://www.atomsportv512.top/assets/img/player/player_logo_6a72b29dbcd89.png 304 
2026-08-20 05:32:58,622 [INFO] Capturing request: https://corestream.siteyaptim.live//beinmax2/tracks-v1a1/mono.m3u8
2026-08-20 05:32:58,662 [INFO]   ✅ M3U8 bulundu: https://corestream.siteyaptim.live//beinmax2/tracks-v1a1/mono.m3u8
2026-08-20 05:32:58,781 [INFO] Capturing response: https://corestream.siteyaptim.live//beinmax2/tracks-v1a1/mono.m3u8 404 
2026-08-20 05:32:59,662 [INFO] 
[8/14]
2026-08-20 05:32:59,766 [INFO] 🔍 S Sport → https://www.atomsportv512.top/matches?id=s-sport
2026-08-20 05:32:59,875 [INFO] Capturing request: https://www.atomsportv512.top/matches?id=s-sport
2026-08-20 05:33:00,097 [INFO] Capturing response: https://www.atomsportv512.top/matches?id=s-sport 200 
2026-08-20 05:33:00,128 [INFO] Capturing request: https://streamsport365.com/cinema
2026-08-20 05:33:00,228 [INFO] Capturing request: https://www.atomsportv512.top/favicon.ico
2026-08-20 05:33:00,228 [INFO] Capturing request: https://teletv5.top/load/yayinlink.php?id=s-sport
2026-08-20 05:33:00,258 [INFO] Capturing request: https://android.clients.google.com/c2dm/register3
2026-08-20 05:33:00,268 [INFO] Capturing response: https://www.atomsportv512.top/favicon.ico 200 
2026-08-20 05:33:00,314 [INFO] Capturing response: https://android.clients.google.com/c2dm/register3 301 
2026-08-20 05:33:00,426 [INFO] Capturing response: https://teletv5.top/load/yayinlink.php?id=s-sport 200 
2026-08-20 05:33:00,439 [INFO] Capturing response: https://streamsport365.com/cinema 200 
2026-08-20 05:33:00,577 [INFO] Capturing request: https://www.atomsportv512.top/assets/img/player/player_logo_6a72b29dbcd89.png
2026-08-20 05:33:00,585 [INFO] Capturing request: https://corestream.siteyaptim.live//s-sport/tracks-v1a1/mono.m3u8
2026-08-20 05:33:00,703 [INFO] Capturing response: https://www.atomsportv512.top/assets/img/player/player_logo_6a72b29dbcd89.png 304 
2026-08-20 05:33:00,748 [INFO] Capturing response: https://corestream.siteyaptim.live//s-sport/tracks-v1a1/mono.m3u8 200 
2026-08-20 05:33:00,858 [INFO] Capturing request: https://global.siteyaptim.live/s-sport/tracks-v1a1/2026/08/20/05/33/08-06000.jpg
2026-08-20 05:33:01,589 [INFO] Capturing response: https://global.siteyaptim.live/s-sport/tracks-v1a1/2026/08/20/05/33/08-06000.jpg 200 
2026-08-20 05:33:01,819 [INFO] Capturing request: https://global.siteyaptim.live/s-sport/tracks-v1a1/2026/08/20/05/33/14-06000.jpg
2026-08-20 05:33:02,685 [INFO] Capturing response: https://global.siteyaptim.live/s-sport/tracks-v1a1/2026/08/20/05/33/14-06000.jpg 200 
2026-08-20 05:33:02,899 [INFO] Capturing request: https://global.siteyaptim.live/s-sport/tracks-v1a1/2026/08/20/05/33/20-06000.jpg
2026-08-20 05:33:03,144 [INFO]   ✅ M3U8 bulundu: https://corestream.siteyaptim.live//s-sport/tracks-v1a1/mono.m3u8
2026-08-20 05:33:03,484 [INFO] Capturing response: https://global.siteyaptim.live/s-sport/tracks-v1a1/2026/08/20/05/33/20-06000.jpg 200 
2026-08-20 05:33:04,144 [INFO] 
[9/14]
2026-08-20 05:33:04,144 [INFO] 🔍 S Sport 2 → https://www.atomsportv512.top/matches?id=s-sport-2
2026-08-20 05:33:04,252 [INFO] Capturing request: https://www.atomsportv512.top/matches?id=s-sport-2
2026-08-20 05:33:04,471 [INFO] Capturing response: https://www.atomsportv512.top/matches?id=s-sport-2 200 
2026-08-20 05:33:04,598 [INFO] Capturing request: https://www.atomsportv512.top/favicon.ico
2026-08-20 05:33:04,599 [INFO] Capturing request: https://teletv5.top/load/yayinlink.php?id=s-sport-2
2026-08-20 05:33:04,636 [INFO] Capturing response: https://www.atomsportv512.top/favicon.ico 200 
2026-08-20 05:33:04,724 [INFO] Capturing request: https://streamsport365.com/cinema
2026-08-20 05:33:04,801 [INFO] Capturing response: https://teletv5.top/load/yayinlink.php?id=s-sport-2 200 
2026-08-20 05:33:05,022 [INFO] Capturing response: https://streamsport365.com/cinema 200 
2026-08-20 05:33:05,132 [INFO] Capturing request: https://www.atomsportv512.top/assets/img/player/player_logo_6a72b29dbcd89.png
2026-08-20 05:33:05,140 [INFO] Capturing request: https://corestream.siteyaptim.live//s-sport2/tracks-v1a1/mono.m3u8
2026-08-20 05:33:05,255 [INFO] Capturing response: https://www.atomsportv512.top/assets/img/player/player_logo_6a72b29dbcd89.png 304 
2026-08-20 05:33:05,299 [INFO] Capturing response: https://corestream.siteyaptim.live//s-sport2/tracks-v1a1/mono.m3u8 200 
2026-08-20 05:33:05,448 [INFO] Capturing request: https://global.siteyaptim.live/s-sport2/tracks-v1a1/2026/08/20/05/32/47-06000.jpg
2026-08-20 05:33:06,026 [INFO] Capturing response: https://global.siteyaptim.live/s-sport2/tracks-v1a1/2026/08/20/05/32/47-06000.jpg 200 
2026-08-20 05:33:06,244 [INFO] Capturing request: https://global.siteyaptim.live/s-sport2/tracks-v1a1/2026/08/20/05/32/53-06000.jpg
2026-08-20 05:33:07,219 [INFO] Capturing response: https://global.siteyaptim.live/s-sport2/tracks-v1a1/2026/08/20/05/32/53-06000.jpg 200 
2026-08-20 05:33:07,434 [INFO] Capturing request: https://global.siteyaptim.live/s-sport2/tracks-v1a1/2026/08/20/05/32/59-06000.jpg
2026-08-20 05:33:07,515 [INFO]   ✅ M3U8 bulundu: https://corestream.siteyaptim.live//s-sport2/tracks-v1a1/mono.m3u8
2026-08-20 05:33:07,992 [INFO] Capturing response: https://global.siteyaptim.live/s-sport2/tracks-v1a1/2026/08/20/05/32/59-06000.jpg 200 
2026-08-20 05:33:08,515 [INFO] 
[10/14]
2026-08-20 05:33:08,515 [INFO] 🔍 A Spor → https://www.atomsportv512.top/matches?id=a-spor
2026-08-20 05:33:08,623 [INFO] Capturing request: https://www.atomsportv512.top/matches?id=a-spor
2026-08-20 05:33:08,842 [INFO] Capturing response: https://www.atomsportv512.top/matches?id=a-spor 200 
2026-08-20 05:33:08,869 [INFO] Capturing request: https://streamsport365.com/cinema
2026-08-20 05:33:08,969 [INFO] Capturing request: https://teletv5.top/load/yayinlink.php?id=a-spor
2026-08-20 05:33:08,974 [INFO] Capturing request: https://www.atomsportv512.top/favicon.ico
2026-08-20 05:33:09,009 [INFO] Capturing response: https://www.atomsportv512.top/favicon.ico 200 
2026-08-20 05:33:09,171 [INFO] Capturing response: https://streamsport365.com/cinema 200 
2026-08-20 05:33:09,189 [INFO] Capturing response: https://teletv5.top/load/yayinlink.php?id=a-spor 200 
2026-08-20 05:33:09,341 [INFO] Capturing request: https://www.atomsportv512.top/assets/img/player/player_logo_6a72b29dbcd89.png
2026-08-20 05:33:09,348 [INFO] Capturing request: https://corestream.siteyaptim.live//aspor/tracks-v1a1/mono.m3u8
2026-08-20 05:33:09,465 [INFO] Capturing response: https://www.atomsportv512.top/assets/img/player/player_logo_6a72b29dbcd89.png 304 
2026-08-20 05:33:09,533 [INFO] Capturing response: https://corestream.siteyaptim.live//aspor/tracks-v1a1/mono.m3u8 200 
2026-08-20 05:33:09,643 [INFO] Capturing request: https://global.siteyaptim.live/aspor/tracks-v1a1/2026/08/20/05/32/54-10000.jpg
2026-08-20 05:33:10,884 [INFO] Capturing response: https://global.siteyaptim.live/aspor/tracks-v1a1/2026/08/20/05/32/54-10000.jpg 200 
2026-08-20 05:33:11,159 [INFO] Capturing request: https://global.siteyaptim.live/aspor/tracks-v1a1/2026/08/20/05/33/04-10000.jpg
2026-08-20 05:33:11,890 [INFO]   ✅ M3U8 bulundu: https://corestream.siteyaptim.live//aspor/tracks-v1a1/mono.m3u8
2026-08-20 05:33:12,197 [INFO] Capturing response: https://global.siteyaptim.live/aspor/tracks-v1a1/2026/08/20/05/33/04-10000.jpg 200 
2026-08-20 05:33:12,468 [INFO] Capturing request: https://global.siteyaptim.live/aspor/tracks-v1a1/2026/08/20/05/33/14-10000.jpg
2026-08-20 05:33:12,890 [INFO] 
[11/14]
2026-08-20 05:33:12,890 [INFO] 🔍 Tivibu Spor 1 → https://www.atomsportv512.top/matches?id=tivibu-spor-1
2026-08-20 05:33:12,999 [INFO] Capturing request: https://www.atomsportv512.top/matches?id=tivibu-spor-1
2026-08-20 05:33:13,215 [INFO] Capturing response: https://www.atomsportv512.top/matches?id=tivibu-spor-1 200 
2026-08-20 05:33:13,345 [INFO] Capturing request: https://teletv5.top/load/yayinlink.php?id=tivibu-spor-1
2026-08-20 05:33:13,347 [INFO] Capturing request: https://www.atomsportv512.top/favicon.ico
2026-08-20 05:33:13,382 [INFO] Capturing response: https://www.atomsportv512.top/favicon.ico 200 
2026-08-20 05:33:13,468 [INFO] Capturing request: https://streamsport365.com/cinema
2026-08-20 05:33:13,552 [INFO] Capturing response: https://teletv5.top/load/yayinlink.php?id=tivibu-spor-1 200 
2026-08-20 05:33:13,774 [INFO] Capturing response: https://streamsport365.com/cinema 200 
2026-08-20 05:33:14,059 [INFO] Capturing response: https://global.siteyaptim.live/aspor/tracks-v1a1/2026/08/20/05/33/14-10000.jpg 200 
2026-08-20 05:33:28,364 [INFO] Capturing request: https://update.googleapis.com/service/update2/json?cup2key=16:3xK9KO7LAhEKIxw7x8jFXKrSjY1xuDhpqgkLUmr0BAg&cup2hreq=59db071f6ba23b427d816126ea56873a9c1e8601a69797746e955321da842639
2026-08-20 05:33:28,424 [INFO] Capturing response: https://update.googleapis.com/service/update2/json?cup2key=16:3xK9KO7LAhEKIxw7x8jFXKrSjY1xuDhpqgkLUmr0BAg&cup2hreq=59db071f6ba23b427d816126ea56873a9c1e8601a69797746e955321da842639 200 
2026-08-20 05:33:28,430 [INFO] Capturing request: http://edgedl.me.gvt1.com/edgedl/diffgen-puffin/gcmjkmgdlgnkkcocmoeiminaijmmjnii/6ca5bdb9f3e2cd83b7e359729bc6c33c4fe975ec499861d969b3e080320849ff
2026-08-20 05:33:28,549 [INFO] Capturing response: http://edgedl.me.gvt1.com/edgedl/diffgen-puffin/gcmjkmgdlgnkkcocmoeiminaijmmjnii/6ca5bdb9f3e2cd83b7e359729bc6c33c4fe975ec499861d969b3e080320849ff 200 OK
2026-08-20 05:33:28,571 [INFO] Capturing request: https://update.googleapis.com/service/update2/json
2026-08-20 05:33:28,628 [INFO] Capturing response: https://update.googleapis.com/service/update2/json 200 
2026-08-20 05:33:28,672 [INFO] Capturing request: http://edgedl.me.gvt1.com/edgedl/release2/chrome_component/adhsnn6ewqhue2k23vlkfrfvjfna_10725/hfnkpimlhhgieaddgfemjhofmfblmnib_10725_all_ha65l26m7x2h5t3sifbdvpwz3m.crx3
2026-08-20 05:33:28,820 [INFO] Capturing response: http://edgedl.me.gvt1.com/edgedl/release2/chrome_component/adhsnn6ewqhue2k23vlkfrfvjfna_10725/hfnkpimlhhgieaddgfemjhofmfblmnib_10725_all_ha65l26m7x2h5t3sifbdvpwz3m.crx3 200 OK
2026-08-20 05:33:28,842 [INFO] Capturing request: https://update.googleapis.com/service/update2/json
2026-08-20 05:33:28,878 [INFO] Capturing response: https://update.googleapis.com/service/update2/json 200 
2026-08-20 05:33:43,399 [INFO] Capturing request: https://android.clients.google.com/c2dm/register3
2026-08-20 05:33:43,442 [INFO] Capturing response: https://android.clients.google.com/c2dm/register3 301 
2026-08-20 05:33:46,542 [WARNING]   ❌ Tivibu Spor 1 için M3U8 bulunamadı
2026-08-20 05:33:47,543 [INFO] 
[12/14]
2026-08-20 05:33:47,543 [INFO] 🔍 Tivibu Spor 2 → https://www.atomsportv512.top/matches?id=tivibu-spor-2
2026-08-20 05:33:47,703 [INFO] Capturing request: https://www.atomsportv512.top/matches?id=tivibu-spor-2
2026-08-20 05:33:48,189 [INFO] Capturing response: https://www.atomsportv512.top/matches?id=tivibu-spor-2 200 
2026-08-20 05:33:48,348 [INFO] Capturing request: https://www.atomsportv512.top/favicon.ico
2026-08-20 05:33:48,405 [INFO] Capturing response: https://www.atomsportv512.top/favicon.ico 200 
2026-08-20 05:33:48,407 [INFO] Capturing request: https://teletv5.top/load/yayinlink.php?id=tivibu-spor-2
2026-08-20 05:33:48,465 [INFO] Capturing response: https://teletv5.top/load/yayinlink.php?id=tivibu-spor-2 200 
2026-08-20 05:33:48,820 [INFO] Capturing request: https://streamsport365.com/cinema
2026-08-20 05:33:49,120 [INFO] Capturing response: https://streamsport365.com/cinema 200 
2026-08-20 05:34:21,519 [WARNING]   ❌ Tivibu Spor 2 için M3U8 bulunamadı
2026-08-20 05:34:22,519 [INFO] 
[13/14]
2026-08-20 05:34:22,519 [INFO] 🔍 Tivibu Spor 3 → https://www.atomsportv512.top/matches?id=tivibu-spor-3
2026-08-20 05:34:22,630 [INFO] Capturing request: https://www.atomsportv512.top/matches?id=tivibu-spor-3
2026-08-20 05:34:22,985 [INFO] Capturing response: https://www.atomsportv512.top/matches?id=tivibu-spor-3 200 
2026-08-20 05:34:23,114 [INFO] Capturing request: https://teletv5.top/load/yayinlink.php?id=tivibu-spor-3
2026-08-20 05:34:23,118 [INFO] Capturing request: https://www.atomsportv512.top/favicon.ico
2026-08-20 05:34:23,153 [INFO] Capturing response: https://teletv5.top/load/yayinlink.php?id=tivibu-spor-3 200 
2026-08-20 05:34:23,164 [INFO] Capturing response: https://www.atomsportv512.top/favicon.ico 200 
2026-08-20 05:34:23,241 [INFO] Capturing request: https://streamsport365.com/cinema
2026-08-20 05:34:23,545 [INFO] Capturing response: https://streamsport365.com/cinema 200 
2026-08-20 05:34:56,308 [WARNING]   ❌ Tivibu Spor 3 için M3U8 bulunamadı
2026-08-20 05:34:57,308 [INFO] 
[14/14]
2026-08-20 05:34:57,308 [INFO] 🔍 Tivibu Spor 4 → https://www.atomsportv512.top/matches?id=tivibu-spor-4
2026-08-20 05:34:57,418 [INFO] Capturing request: https://www.atomsportv512.top/matches?id=tivibu-spor-4
2026-08-20 05:34:57,770 [INFO] Capturing response: https://www.atomsportv512.top/matches?id=tivibu-spor-4 200 
2026-08-20 05:34:57,902 [INFO] Capturing request: https://teletv5.top/load/yayinlink.php?id=tivibu-spor-4
2026-08-20 05:34:57,905 [INFO] Capturing request: https://www.atomsportv512.top/favicon.ico
2026-08-20 05:34:57,951 [INFO] Capturing response: https://www.atomsportv512.top/favicon.ico 200 
2026-08-20 05:34:58,029 [INFO] Capturing request: https://streamsport365.com/cinema
2026-08-20 05:34:58,239 [INFO] Capturing response: https://teletv5.top/load/yayinlink.php?id=tivibu-spor-4 200 
2026-08-20 05:34:58,331 [INFO] Capturing response: https://streamsport365.com/cinema 200 
2026-08-20 05:35:29,703 [INFO] Capturing request: https://android.clients.google.com/c2dm/register3
2026-08-20 05:35:29,758 [INFO] Capturing response: https://android.clients.google.com/c2dm/register3 301 
2026-08-20 05:35:31,090 [WARNING]   ❌ Tivibu Spor 4 için M3U8 bulunamadı
2026-08-20 05:35:32,150 [INFO] ✅ 10 kanal bulundu, playlist.m3u kaydedildi
