2026-08-31 01:32:03,240 [INFO] 🌐 BASE_URL: https://www.atomsportv513.top
2026-08-31 01:32:04,181 [INFO] Başlanıyor... 14 kanal taranacak
2026-08-31 01:32:04,181 [INFO] Using default request storage
2026-08-31 01:32:04,184 [INFO] Created proxy listening on 127.0.0.1:32999
2026-08-31 01:32:04,838 [INFO] Capturing request: http://clients2.google.com/time/1/current?cup2key=10:gPY7ggEr-z-_7AmQlbSX2mS9GUq_8Y7iG_mW91Pg2eI&cup2hreq=e3b0c44298fc1c149afbf4c8996fb92427ae41e4649b934ca495991b7852b855
2026-08-31 01:32:04,975 [INFO] Capturing response: http://clients2.google.com/time/1/current?cup2key=10:gPY7ggEr-z-_7AmQlbSX2mS9GUq_8Y7iG_mW91Pg2eI&cup2hreq=e3b0c44298fc1c149afbf4c8996fb92427ae41e4649b934ca495991b7852b855 200 OK
2026-08-31 01:32:05,074 [INFO] 
[1/14]
2026-08-31 01:32:05,074 [INFO] 🔍 beIN Sports 1 → https://www.atomsportv513.top/matches?id=bein-sports-1
2026-08-31 01:32:05,194 [INFO] Capturing request: https://update.googleapis.com/service/update2/json?cup2key=16:2sCtOFExvvw8S9ilZumdfv2yWVbbDf6XJxXR5BLTFuA&cup2hreq=acdeff7bb36af83807d4d09932e4fabc59101a54f2ddc5a787e07be6540e6bf7
2026-08-31 01:32:05,199 [INFO] Capturing request: https://accounts.google.com/ListAccounts?gpsia=1&source=ChromiumBrowser&json=standard&laf=b64bin
2026-08-31 01:32:05,309 [INFO] Capturing response: https://update.googleapis.com/service/update2/json?cup2key=16:2sCtOFExvvw8S9ilZumdfv2yWVbbDf6XJxXR5BLTFuA&cup2hreq=acdeff7bb36af83807d4d09932e4fabc59101a54f2ddc5a787e07be6540e6bf7 200 
2026-08-31 01:32:05,310 [INFO] Capturing request: https://www.atomsportv513.top/matches?id=bein-sports-1
2026-08-31 01:32:05,311 [INFO] Capturing request: https://www.google.com/async/folae?async=_fmt:pb&udm=50&client_locale=en-US&client_country=ZZ
2026-08-31 01:32:05,315 [INFO] Capturing response: https://accounts.google.com/ListAccounts?gpsia=1&source=ChromiumBrowser&json=standard&laf=b64bin 200 
2026-08-31 01:32:05,346 [INFO] Capturing response: https://www.google.com/async/folae?async=_fmt:pb&udm=50&client_locale=en-US&client_country=ZZ 200 
2026-08-31 01:32:05,354 [INFO] Capturing request: https://update.googleapis.com/service/update2/json?cup2key=16:07bPtWXoJ-o_o_9R0GhQNk9Fkh5pW7uVqOCRo2JuwnQ&cup2hreq=786ff6f374a7b91bcb3d300fb909e642921a33f2262e53291ef60dba15f6f509
2026-08-31 01:32:05,412 [INFO] Capturing response: https://update.googleapis.com/service/update2/json?cup2key=16:07bPtWXoJ-o_o_9R0GhQNk9Fkh5pW7uVqOCRo2JuwnQ&cup2hreq=786ff6f374a7b91bcb3d300fb909e642921a33f2262e53291ef60dba15f6f509 200 
2026-08-31 01:32:05,458 [INFO] Capturing request: https://update.googleapis.com/service/update2/json?cup2key=16:-XJf_41PZRoxq7A68tgtoUkhgb1yzYgQ0GkG8SMEM-A&cup2hreq=48b06b5528aaeef406e3dea690d53eed40917681a6f4284ba1908556c3212243
2026-08-31 01:32:05,515 [INFO] Capturing response: https://update.googleapis.com/service/update2/json?cup2key=16:-XJf_41PZRoxq7A68tgtoUkhgb1yzYgQ0GkG8SMEM-A&cup2hreq=48b06b5528aaeef406e3dea690d53eed40917681a6f4284ba1908556c3212243 200 
2026-08-31 01:32:05,561 [INFO] Capturing request: https://www.google.com/async/folae?async=_fmt:pb&udm=50&client_locale=en-US&client_country=ZZ
2026-08-31 01:32:05,596 [INFO] Capturing response: https://www.google.com/async/folae?async=_fmt:pb&udm=50&client_locale=en-US&client_country=ZZ 200 
2026-08-31 01:32:06,022 [INFO] Capturing response: https://www.atomsportv513.top/matches?id=bein-sports-1 200 
2026-08-31 01:32:06,256 [INFO] Capturing request: https://cdn.jsdelivr.net/npm/@clappr/hlsjs-playback@1.8.3/dist/hlsjs-playback.min.js
2026-08-31 01:32:06,282 [INFO] Capturing request: https://cdn.jsdelivr.net/npm/@clappr/player@0.11.16/dist/clappr.min.js
2026-08-31 01:32:06,283 [INFO] Capturing request: https://cdn.jsdelivr.net/npm/level-selector/dist/level-selector.min.js
2026-08-31 01:32:06,336 [INFO] Capturing response: https://cdn.jsdelivr.net/npm/level-selector/dist/level-selector.min.js 200 
2026-08-31 01:32:06,402 [INFO] Capturing response: https://cdn.jsdelivr.net/npm/@clappr/hlsjs-playback@1.8.3/dist/hlsjs-playback.min.js 200 
2026-08-31 01:32:06,467 [INFO] Capturing response: https://cdn.jsdelivr.net/npm/@clappr/player@0.11.16/dist/clappr.min.js 200 
2026-08-31 01:32:06,649 [INFO] Capturing request: https://www.atomsportv513.top/favicon.ico
2026-08-31 01:32:06,720 [INFO] Capturing response: https://www.atomsportv513.top/favicon.ico 200 
2026-08-31 01:32:06,786 [INFO] Capturing request: https://teletv5.top/load/yayinlink.php?id=bein-sports-1
2026-08-31 01:32:07,181 [INFO] Capturing request: https://streamsport365.com/cinema
2026-08-31 01:32:07,243 [INFO] Capturing response: https://teletv5.top/load/yayinlink.php?id=bein-sports-1 200 
2026-08-31 01:32:07,506 [INFO] Capturing response: https://streamsport365.com/cinema 200 
2026-08-31 01:32:07,631 [INFO] Capturing request: https://www.atomsportv513.top/assets/img/player/player_logo_6a87a2e2eecc5.png
2026-08-31 01:32:07,700 [INFO] Capturing response: https://www.atomsportv513.top/assets/img/player/player_logo_6a87a2e2eecc5.png 200 
2026-08-31 01:32:07,775 [INFO] Capturing request: https://corestream.ardastream.live//beintv/tracks-v1a1/mono.m3u8
2026-08-31 01:32:07,990 [INFO] Capturing response: https://corestream.ardastream.live//beintv/tracks-v1a1/mono.m3u8 200 
2026-08-31 01:32:08,397 [INFO] Capturing request: https://global.ardastream.live/beintv/tracks-v1a1/2026/08/31/01/32/30-05000.jpg
2026-08-31 01:32:08,710 [INFO] Capturing request: https://android.clients.google.com/checkin
2026-08-31 01:32:08,819 [INFO] Capturing response: https://android.clients.google.com/checkin 200 
2026-08-31 01:32:08,868 [INFO] Capturing request: https://android.clients.google.com/c2dm/register3
2026-08-31 01:32:08,872 [INFO] Capturing request: https://android.clients.google.com/c2dm/register3
2026-08-31 01:32:08,872 [INFO] Capturing request: https://android.clients.google.com/c2dm/register3
2026-08-31 01:32:08,930 [INFO] Capturing response: https://android.clients.google.com/c2dm/register3 301 
2026-08-31 01:32:09,502 [INFO] Capturing response: https://global.ardastream.live/beintv/tracks-v1a1/2026/08/31/01/32/30-05000.jpg 200 
2026-08-31 01:32:09,564 [INFO]   ✅ M3U8 bulundu: https://corestream.ardastream.live//beintv/tracks-v1a1/mono.m3u8
2026-08-31 01:32:09,705 [INFO] Capturing request: https://global.ardastream.live/beintv/tracks-v1a1/2026/08/31/01/32/35-05000.jpg
2026-08-31 01:32:09,768 [INFO] Capturing response: https://android.clients.google.com/c2dm/register3 200 
2026-08-31 01:32:09,921 [INFO] Capturing response: https://android.clients.google.com/c2dm/register3 200 
2026-08-31 01:32:10,419 [INFO] Capturing response: https://global.ardastream.live/beintv/tracks-v1a1/2026/08/31/01/32/35-05000.jpg 200 
2026-08-31 01:32:10,564 [INFO] 
[2/14]
2026-08-31 01:32:10,565 [INFO] 🔍 beIN Sports 2 → https://www.atomsportv513.top/matches?id=bein-sports-2
2026-08-31 01:32:10,595 [INFO] Capturing request: https://global.ardastream.live/beintv/tracks-v1a1/2026/08/31/01/32/40-05000.jpg
2026-08-31 01:32:10,673 [INFO] Capturing request: https://www.atomsportv513.top/matches?id=bein-sports-2
2026-08-31 01:32:11,458 [INFO] Capturing response: https://global.ardastream.live/beintv/tracks-v1a1/2026/08/31/01/32/40-05000.jpg 200 
2026-08-31 01:32:12,177 [INFO] Capturing response: https://www.atomsportv513.top/matches?id=bein-sports-2 200 
2026-08-31 01:32:12,317 [INFO] Capturing request: https://teletv5.top/load/yayinlink.php?id=bein-sports-2
2026-08-31 01:32:12,320 [INFO] Capturing request: https://www.atomsportv513.top/favicon.ico
2026-08-31 01:32:12,375 [INFO] Capturing response: https://www.atomsportv513.top/favicon.ico 200 
2026-08-31 01:32:12,455 [INFO] Capturing request: https://streamsport365.com/cinema
2026-08-31 01:32:12,553 [INFO] Capturing response: https://teletv5.top/load/yayinlink.php?id=bein-sports-2 200 
2026-08-31 01:32:12,777 [INFO] Capturing response: https://streamsport365.com/cinema 200 
2026-08-31 01:32:12,887 [INFO] Capturing request: https://www.atomsportv513.top/assets/img/player/player_logo_6a87a2e2eecc5.png
2026-08-31 01:32:12,894 [INFO] Capturing request: https://corestream.ardastream.live//bein2/tracks-v1a1/mono.m3u8
2026-08-31 01:32:13,018 [INFO] Capturing response: https://www.atomsportv513.top/assets/img/player/player_logo_6a87a2e2eecc5.png 304 
2026-08-31 01:32:13,080 [INFO] Capturing response: https://corestream.ardastream.live//bein2/tracks-v1a1/mono.m3u8 200 
2026-08-31 01:32:13,188 [INFO] Capturing request: https://global.ardastream.live/bein2/tracks-v1a1/2026/08/31/01/31/41-10000.jpg
2026-08-31 01:32:15,232 [INFO]   ✅ M3U8 bulundu: https://corestream.ardastream.live//bein2/tracks-v1a1/mono.m3u8
2026-08-31 01:32:15,831 [INFO] Capturing response: https://global.ardastream.live/bein2/tracks-v1a1/2026/08/31/01/31/41-10000.jpg 200 
2026-08-31 01:32:16,104 [INFO] Capturing request: https://global.ardastream.live/bein2/tracks-v1a1/2026/08/31/01/31/51-10000.jpg
2026-08-31 01:32:16,232 [INFO] 
[3/14]
2026-08-31 01:32:16,232 [INFO] 🔍 beIN Sports 3 → https://www.atomsportv513.top/matches?id=bein-sports-3
2026-08-31 01:32:16,341 [INFO] Capturing request: https://www.atomsportv513.top/matches?id=bein-sports-3
2026-08-31 01:32:16,607 [INFO] Capturing response: https://www.atomsportv513.top/matches?id=bein-sports-3 200 
2026-08-31 01:32:16,639 [INFO] Capturing request: https://streamsport365.com/cinema
2026-08-31 01:32:16,740 [INFO] Capturing request: https://www.atomsportv513.top/favicon.ico
2026-08-31 01:32:16,742 [INFO] Capturing request: https://teletv5.top/load/yayinlink.php?id=bein-sports-3
2026-08-31 01:32:16,797 [INFO] Capturing response: https://www.atomsportv513.top/favicon.ico 200 
2026-08-31 01:32:16,968 [INFO] Capturing response: https://streamsport365.com/cinema 200 
2026-08-31 01:32:16,970 [INFO] Capturing response: https://teletv5.top/load/yayinlink.php?id=bein-sports-3 200 
2026-08-31 01:32:17,120 [INFO] Capturing request: https://www.atomsportv513.top/assets/img/player/player_logo_6a87a2e2eecc5.png
2026-08-31 01:32:17,128 [INFO] Capturing request: https://corestream.ardastream.live//bein3/tracks-v1a1/mono.m3u8
2026-08-31 01:32:17,252 [INFO] Capturing response: https://www.atomsportv513.top/assets/img/player/player_logo_6a87a2e2eecc5.png 304 
2026-08-31 01:32:17,309 [INFO] Capturing response: https://corestream.ardastream.live//bein3/tracks-v1a1/mono.m3u8 200 
2026-08-31 01:32:17,458 [INFO] Capturing request: https://global.ardastream.live/bein3/tracks-v1a1/2026/08/31/01/31/43-10000.jpg
2026-08-31 01:32:19,266 [INFO] Capturing response: https://global.ardastream.live/bein2/tracks-v1a1/2026/08/31/01/31/51-10000.jpg 200 
2026-08-31 01:32:19,648 [INFO]   ✅ M3U8 bulundu: https://corestream.ardastream.live//bein3/tracks-v1a1/mono.m3u8
2026-08-31 01:32:20,649 [INFO] 
[4/14]
2026-08-31 01:32:20,649 [INFO] 🔍 beIN Sports 4 → https://www.atomsportv513.top/matches?id=bein-sports-4
2026-08-31 01:32:20,755 [INFO] Capturing request: https://www.atomsportv513.top/matches?id=bein-sports-4
2026-08-31 01:32:21,004 [INFO] Capturing response: https://global.ardastream.live/bein3/tracks-v1a1/2026/08/31/01/31/43-10000.jpg 200 
2026-08-31 01:32:21,039 [INFO] Capturing response: https://www.atomsportv513.top/matches?id=bein-sports-4 200 
2026-08-31 01:32:21,174 [INFO] Capturing request: https://teletv5.top/load/yayinlink.php?id=bein-sports-4
2026-08-31 01:32:21,175 [INFO] Capturing request: https://www.atomsportv513.top/favicon.ico
2026-08-31 01:32:21,225 [INFO] Capturing response: https://www.atomsportv513.top/favicon.ico 200 
2026-08-31 01:32:21,311 [INFO] Capturing request: https://streamsport365.com/cinema
2026-08-31 01:32:21,407 [INFO] Capturing response: https://teletv5.top/load/yayinlink.php?id=bein-sports-4 200 
2026-08-31 01:32:21,646 [INFO] Capturing response: https://streamsport365.com/cinema 200 
2026-08-31 01:32:21,755 [INFO] Capturing request: https://www.atomsportv513.top/assets/img/player/player_logo_6a87a2e2eecc5.png
2026-08-31 01:32:21,763 [INFO] Capturing request: https://corestream.ardastream.live//bein4/tracks-v1a1/mono.m3u8
2026-08-31 01:32:21,887 [INFO] Capturing response: https://www.atomsportv513.top/assets/img/player/player_logo_6a87a2e2eecc5.png 304 
2026-08-31 01:32:21,942 [INFO] Capturing response: https://corestream.ardastream.live//bein4/tracks-v1a1/mono.m3u8 200 
2026-08-31 01:32:22,051 [INFO] Capturing request: https://global.ardastream.live/bein4/tracks-v1a1/2026/08/31/01/31/52-10000.jpg
2026-08-31 01:32:24,086 [INFO]   ✅ M3U8 bulundu: https://corestream.ardastream.live//bein4/tracks-v1a1/mono.m3u8
2026-08-31 01:32:24,803 [INFO] Capturing response: https://global.ardastream.live/bein4/tracks-v1a1/2026/08/31/01/31/52-10000.jpg 200 
2026-08-31 01:32:25,078 [INFO] Capturing request: https://global.ardastream.live/bein4/tracks-v1a1/2026/08/31/01/32/02-10000.jpg
2026-08-31 01:32:25,087 [INFO] 
[5/14]
2026-08-31 01:32:25,087 [INFO] 🔍 beIN Sports 5 → https://www.atomsportv513.top/matches?id=bein-sports-5
2026-08-31 01:32:25,194 [INFO] Capturing request: https://www.atomsportv513.top/matches?id=bein-sports-5
2026-08-31 01:32:25,462 [INFO] Capturing response: https://www.atomsportv513.top/matches?id=bein-sports-5 200 
2026-08-31 01:32:25,490 [INFO] Capturing request: https://streamsport365.com/cinema
2026-08-31 01:32:25,590 [INFO] Capturing request: https://teletv5.top/load/yayinlink.php?id=bein-sports-5
2026-08-31 01:32:25,592 [INFO] Capturing request: https://www.atomsportv513.top/favicon.ico
2026-08-31 01:32:25,647 [INFO] Capturing response: https://www.atomsportv513.top/favicon.ico 200 
2026-08-31 01:32:25,813 [INFO] Capturing response: https://teletv5.top/load/yayinlink.php?id=bein-sports-5 200 
2026-08-31 01:32:25,819 [INFO] Capturing response: https://streamsport365.com/cinema 200 
2026-08-31 01:32:25,963 [INFO] Capturing request: https://www.atomsportv513.top/assets/img/player/player_logo_6a87a2e2eecc5.png
2026-08-31 01:32:25,970 [INFO] Capturing request: https://corestream.ardastream.live//bein5/tracks-v1a1/mono.m3u8
2026-08-31 01:32:26,100 [INFO] Capturing response: https://www.atomsportv513.top/assets/img/player/player_logo_6a87a2e2eecc5.png 304 
2026-08-31 01:32:26,409 [INFO] Capturing response: https://corestream.ardastream.live//bein5/tracks-v1a1/mono.m3u8 200 
2026-08-31 01:32:26,587 [INFO] Capturing request: https://global.ardastream.live/bein5/tracks-v1a1/2026/08/31/01/33/37-08000.jpg
2026-08-31 01:32:28,501 [INFO]   ✅ M3U8 bulundu: https://corestream.ardastream.live//bein5/tracks-v1a1/mono.m3u8
2026-08-31 01:32:29,280 [INFO] Capturing response: https://global.ardastream.live/bein5/tracks-v1a1/2026/08/31/01/33/37-08000.jpg 200 
2026-08-31 01:32:29,407 [INFO] Capturing response: https://global.ardastream.live/bein4/tracks-v1a1/2026/08/31/01/32/02-10000.jpg 200 
2026-08-31 01:32:29,455 [INFO] Capturing request: https://global.ardastream.live/bein5/tracks-v1a1/2026/08/31/01/33/45-08000.jpg
2026-08-31 01:32:29,501 [INFO] 
[6/14]
2026-08-31 01:32:29,501 [INFO] 🔍 beIN Sports Max 1 → https://www.atomsportv513.top/matches?id=bein-sports-max-1
2026-08-31 01:32:29,608 [INFO] Capturing request: https://www.atomsportv513.top/matches?id=bein-sports-max-1
2026-08-31 01:32:29,874 [INFO] Capturing response: https://www.atomsportv513.top/matches?id=bein-sports-max-1 200 
2026-08-31 01:32:30,004 [INFO] Capturing request: https://www.atomsportv513.top/favicon.ico
2026-08-31 01:32:30,005 [INFO] Capturing request: https://teletv5.top/load/yayinlink.php?id=bein-sports-max-1
2026-08-31 01:32:30,065 [INFO] Capturing response: https://www.atomsportv513.top/favicon.ico 200 
2026-08-31 01:32:30,136 [INFO] Capturing request: https://streamsport365.com/cinema
2026-08-31 01:32:30,233 [INFO] Capturing response: https://teletv5.top/load/yayinlink.php?id=bein-sports-max-1 200 
2026-08-31 01:32:30,465 [INFO] Capturing response: https://streamsport365.com/cinema 200 
2026-08-31 01:32:30,574 [INFO] Capturing request: https://www.atomsportv513.top/assets/img/player/player_logo_6a87a2e2eecc5.png
2026-08-31 01:32:30,584 [INFO] Capturing request: https://corestream.ardastream.live//beinmax1/tracks-v1a1/mono.m3u8
2026-08-31 01:32:30,618 [INFO] Capturing response: https://global.ardastream.live/bein5/tracks-v1a1/2026/08/31/01/33/45-08000.jpg 200 
2026-08-31 01:32:30,755 [INFO] Capturing response: https://www.atomsportv513.top/assets/img/player/player_logo_6a87a2e2eecc5.png 304 
2026-08-31 01:32:30,778 [INFO] Capturing response: https://corestream.ardastream.live//beinmax1/tracks-v1a1/mono.m3u8 404 
2026-08-31 01:32:32,897 [INFO] Capturing request: https://corestream.ardastream.live//beinmax1/tracks-v1a1/mono.m3u8
2026-08-31 01:32:32,916 [INFO]   ✅ M3U8 bulundu: https://corestream.ardastream.live//beinmax1/tracks-v1a1/mono.m3u8
2026-08-31 01:32:33,065 [INFO] Capturing response: https://corestream.ardastream.live//beinmax1/tracks-v1a1/mono.m3u8 404 
2026-08-31 01:32:33,916 [INFO] 
[7/14]
2026-08-31 01:32:33,916 [INFO] 🔍 beIN Sports Max 2 → https://www.atomsportv513.top/matches?id=bein-sports-max-2
2026-08-31 01:32:34,022 [INFO] Capturing request: https://www.atomsportv513.top/matches?id=bein-sports-max-2
2026-08-31 01:32:34,187 [INFO] Capturing request: https://android.clients.google.com/c2dm/register3
2026-08-31 01:32:34,253 [INFO] Capturing response: https://android.clients.google.com/c2dm/register3 301 
2026-08-31 01:32:34,290 [INFO] Capturing response: https://www.atomsportv513.top/matches?id=bein-sports-max-2 200 
2026-08-31 01:32:34,316 [INFO] Capturing request: https://streamsport365.com/cinema
2026-08-31 01:32:34,417 [INFO] Capturing request: https://teletv5.top/load/yayinlink.php?id=bein-sports-max-2
2026-08-31 01:32:34,418 [INFO] Capturing request: https://www.atomsportv513.top/favicon.ico
2026-08-31 01:32:34,470 [INFO] Capturing response: https://www.atomsportv513.top/favicon.ico 200 
2026-08-31 01:32:34,648 [INFO] Capturing response: https://streamsport365.com/cinema 200 
2026-08-31 01:32:34,649 [INFO] Capturing response: https://teletv5.top/load/yayinlink.php?id=bein-sports-max-2 200 
2026-08-31 01:32:34,799 [INFO] Capturing request: https://www.atomsportv513.top/assets/img/player/player_logo_6a87a2e2eecc5.png
2026-08-31 01:32:34,806 [INFO] Capturing request: https://corestream.ardastream.live//beinmax2/tracks-v1a1/mono.m3u8
2026-08-31 01:32:34,931 [INFO] Capturing response: https://www.atomsportv513.top/assets/img/player/player_logo_6a87a2e2eecc5.png 304 
2026-08-31 01:32:34,981 [INFO] Capturing response: https://corestream.ardastream.live//beinmax2/tracks-v1a1/mono.m3u8 404 
2026-08-31 01:32:37,099 [INFO] Capturing request: https://corestream.ardastream.live//beinmax2/tracks-v1a1/mono.m3u8
2026-08-31 01:32:37,267 [INFO] Capturing response: https://corestream.ardastream.live//beinmax2/tracks-v1a1/mono.m3u8 404 
2026-08-31 01:32:37,326 [INFO]   ✅ M3U8 bulundu: https://corestream.ardastream.live//beinmax2/tracks-v1a1/mono.m3u8
2026-08-31 01:32:38,326 [INFO] 
[8/14]
2026-08-31 01:32:38,326 [INFO] 🔍 S Sport → https://www.atomsportv513.top/matches?id=s-sport
2026-08-31 01:32:38,433 [INFO] Capturing request: https://www.atomsportv513.top/matches?id=s-sport
2026-08-31 01:32:38,885 [INFO] Capturing response: https://www.atomsportv513.top/matches?id=s-sport 200 
2026-08-31 01:32:39,009 [INFO] Capturing request: https://www.atomsportv513.top/favicon.ico
2026-08-31 01:32:39,010 [INFO] Capturing request: https://teletv5.top/load/yayinlink.php?id=s-sport
2026-08-31 01:32:39,061 [INFO] Capturing response: https://www.atomsportv513.top/favicon.ico 200 
2026-08-31 01:32:39,146 [INFO] Capturing request: https://streamsport365.com/cinema
2026-08-31 01:32:39,244 [INFO] Capturing response: https://teletv5.top/load/yayinlink.php?id=s-sport 200 
2026-08-31 01:32:39,467 [INFO] Capturing response: https://streamsport365.com/cinema 200 
2026-08-31 01:32:39,576 [INFO] Capturing request: https://www.atomsportv513.top/assets/img/player/player_logo_6a87a2e2eecc5.png
2026-08-31 01:32:39,584 [INFO] Capturing request: https://corestream.ardastream.live//s-sport/tracks-v1a1/mono.m3u8
2026-08-31 01:32:39,707 [INFO] Capturing response: https://www.atomsportv513.top/assets/img/player/player_logo_6a87a2e2eecc5.png 304 
2026-08-31 01:32:39,764 [INFO] Capturing response: https://corestream.ardastream.live//s-sport/tracks-v1a1/mono.m3u8 200 
2026-08-31 01:32:39,913 [INFO] Capturing request: https://global.ardastream.live/s-sport/tracks-v1a1/2026/08/31/01/32/34-06000.jpg
2026-08-31 01:32:41,310 [INFO] Capturing response: https://global.ardastream.live/s-sport/tracks-v1a1/2026/08/31/01/32/34-06000.jpg 200 
2026-08-31 01:32:41,522 [INFO] Capturing request: https://global.ardastream.live/s-sport/tracks-v1a1/2026/08/31/01/32/40-06000.jpg
2026-08-31 01:32:41,921 [INFO]   ✅ M3U8 bulundu: https://corestream.ardastream.live//s-sport/tracks-v1a1/mono.m3u8
2026-08-31 01:32:42,886 [INFO] Capturing response: https://global.ardastream.live/s-sport/tracks-v1a1/2026/08/31/01/32/40-06000.jpg 200 
2026-08-31 01:32:42,921 [INFO] 
[9/14]
2026-08-31 01:32:42,922 [INFO] 🔍 S Sport 2 → https://www.atomsportv513.top/matches?id=s-sport-2
2026-08-31 01:32:43,037 [INFO] Capturing request: https://www.atomsportv513.top/matches?id=s-sport-2
2026-08-31 01:32:43,094 [INFO] Capturing request: https://global.ardastream.live/s-sport/tracks-v1a1/2026/08/31/01/32/46-06000.jpg
2026-08-31 01:32:43,305 [INFO] Capturing response: https://www.atomsportv513.top/matches?id=s-sport-2 200 
2026-08-31 01:32:43,331 [INFO] Capturing request: https://streamsport365.com/cinema
2026-08-31 01:32:43,430 [INFO] Capturing request: https://teletv5.top/load/yayinlink.php?id=s-sport-2
2026-08-31 01:32:43,431 [INFO] Capturing request: https://www.atomsportv513.top/favicon.ico
2026-08-31 01:32:43,485 [INFO] Capturing response: https://www.atomsportv513.top/favicon.ico 200 
2026-08-31 01:32:43,659 [INFO] Capturing response: https://teletv5.top/load/yayinlink.php?id=s-sport-2 200 
2026-08-31 01:32:43,662 [INFO] Capturing response: https://streamsport365.com/cinema 200 
2026-08-31 01:32:43,811 [INFO] Capturing request: https://www.atomsportv513.top/assets/img/player/player_logo_6a87a2e2eecc5.png
2026-08-31 01:32:43,819 [INFO] Capturing request: https://corestream.ardastream.live//s-sport2/tracks-v1a1/mono.m3u8
2026-08-31 01:32:43,949 [INFO] Capturing response: https://www.atomsportv513.top/assets/img/player/player_logo_6a87a2e2eecc5.png 304 
2026-08-31 01:32:43,999 [INFO] Capturing response: https://corestream.ardastream.live//s-sport2/tracks-v1a1/mono.m3u8 200 
2026-08-31 01:32:44,109 [INFO] Capturing request: https://global.ardastream.live/s-sport2/tracks-v1a1/2026/08/31/01/32/39-16520.jpg
2026-08-31 01:32:45,170 [INFO] Capturing response: https://global.ardastream.live/s-sport/tracks-v1a1/2026/08/31/01/32/46-06000.jpg 200 
2026-08-31 01:32:46,246 [INFO] Capturing response: https://global.ardastream.live/s-sport2/tracks-v1a1/2026/08/31/01/32/39-16520.jpg 200 
2026-08-31 01:32:46,345 [INFO]   ✅ M3U8 bulundu: https://corestream.ardastream.live//s-sport2/tracks-v1a1/mono.m3u8
2026-08-31 01:32:46,463 [INFO] Capturing request: https://global.ardastream.live/s-sport2/tracks-v1a1/2026/08/31/01/32/54-20029.jpg
2026-08-31 01:32:47,345 [INFO] 
[10/14]
2026-08-31 01:32:47,345 [INFO] 🔍 A Spor → https://www.atomsportv513.top/matches?id=a-spor
2026-08-31 01:32:47,454 [INFO] Capturing request: https://www.atomsportv513.top/matches?id=a-spor
2026-08-31 01:32:47,724 [INFO] Capturing response: https://www.atomsportv513.top/matches?id=a-spor 200 
2026-08-31 01:32:47,845 [INFO] Capturing request: https://teletv5.top/load/yayinlink.php?id=a-spor
2026-08-31 01:32:47,850 [INFO] Capturing request: https://www.atomsportv513.top/favicon.ico
2026-08-31 01:32:47,985 [INFO] Capturing request: https://streamsport365.com/cinema
2026-08-31 01:32:48,016 [INFO] Capturing response: https://www.atomsportv513.top/favicon.ico 200 
2026-08-31 01:32:48,070 [INFO] Capturing response: https://teletv5.top/load/yayinlink.php?id=a-spor 200 
2026-08-31 01:32:48,317 [INFO] Capturing response: https://streamsport365.com/cinema 200 
2026-08-31 01:32:48,425 [INFO] Capturing request: https://www.atomsportv513.top/assets/img/player/player_logo_6a87a2e2eecc5.png
2026-08-31 01:32:48,433 [INFO] Capturing request: https://corestream.ardastream.live//aspor/tracks-v1a1/mono.m3u8
2026-08-31 01:32:48,557 [INFO] Capturing response: https://www.atomsportv513.top/assets/img/player/player_logo_6a87a2e2eecc5.png 304 
2026-08-31 01:32:48,618 [INFO] Capturing response: https://corestream.ardastream.live//aspor/tracks-v1a1/mono.m3u8 404 
2026-08-31 01:32:48,696 [INFO] Capturing response: https://global.ardastream.live/s-sport2/tracks-v1a1/2026/08/31/01/32/54-20029.jpg 200 
2026-08-31 01:32:48,747 [INFO] 127.0.0.1:33858: ProtocolException("Error in HTTP connection: Http2ZombieException('Connection or stream already dead: 1788139968.7468202, False')")
2026-08-31 01:32:50,771 [INFO]   ✅ M3U8 bulundu: https://corestream.ardastream.live//aspor/tracks-v1a1/mono.m3u8
2026-08-31 01:32:50,774 [INFO] Capturing request: https://corestream.ardastream.live//aspor/tracks-v1a1/mono.m3u8
2026-08-31 01:32:50,945 [INFO] Capturing response: https://corestream.ardastream.live//aspor/tracks-v1a1/mono.m3u8 404 
2026-08-31 01:32:51,771 [INFO] 
[11/14]
2026-08-31 01:32:51,771 [INFO] 🔍 Tivibu Spor 1 → https://www.atomsportv513.top/matches?id=tivibu-spor-1
2026-08-31 01:32:51,878 [INFO] Capturing request: https://www.atomsportv513.top/matches?id=tivibu-spor-1
2026-08-31 01:32:52,150 [INFO] Capturing response: https://www.atomsportv513.top/matches?id=tivibu-spor-1 200 
2026-08-31 01:32:52,174 [INFO] Capturing request: https://streamsport365.com/cinema
2026-08-31 01:32:52,275 [INFO] Capturing request: https://teletv5.top/load/yayinlink.php?id=tivibu-spor-1
2026-08-31 01:32:52,275 [INFO] Capturing request: https://www.atomsportv513.top/favicon.ico
2026-08-31 01:32:52,326 [INFO] Capturing response: https://www.atomsportv513.top/favicon.ico 200 
2026-08-31 01:32:52,499 [INFO] Capturing response: https://streamsport365.com/cinema 200 
2026-08-31 01:32:52,501 [INFO] Capturing response: https://teletv5.top/load/yayinlink.php?id=tivibu-spor-1 200 
2026-08-31 01:33:04,823 [INFO] Capturing request: https://update.googleapis.com/service/update2/json?cup2key=16:htmwpdifk0aeyql7wVpAmJP_XjDP_SHVxTqvdF84W80&cup2hreq=8c9c3e1cd5196a3fe2ab09979c8d1158f68d5e62dff718e65c842b525378da74
2026-08-31 01:33:04,882 [INFO] Capturing response: https://update.googleapis.com/service/update2/json?cup2key=16:htmwpdifk0aeyql7wVpAmJP_XjDP_SHVxTqvdF84W80&cup2hreq=8c9c3e1cd5196a3fe2ab09979c8d1158f68d5e62dff718e65c842b525378da74 200 
2026-08-31 01:33:04,888 [INFO] Capturing request: http://edgedl.me.gvt1.com/edgedl/diffgen-puffin/gcmjkmgdlgnkkcocmoeiminaijmmjnii/fc1f961a8e1d6f22b29a01eb8f62d27d7f0f928ed1b230dfa8430cc20542c1bf
2026-08-31 01:33:04,975 [INFO] Capturing response: http://edgedl.me.gvt1.com/edgedl/diffgen-puffin/gcmjkmgdlgnkkcocmoeiminaijmmjnii/fc1f961a8e1d6f22b29a01eb8f62d27d7f0f928ed1b230dfa8430cc20542c1bf 200 OK
2026-08-31 01:33:04,998 [INFO] Capturing request: https://update.googleapis.com/service/update2/json
2026-08-31 01:33:05,055 [INFO] Capturing response: https://update.googleapis.com/service/update2/json 200 
2026-08-31 01:33:05,100 [INFO] Capturing request: http://edgedl.me.gvt1.com/edgedl/release2/chrome_component/ajja66dbbgd3otom3qe2yzmcs4_10744/hfnkpimlhhgieaddgfemjhofmfblmnib_10744_all_gureppqyw6jkypkua75hap2rg4.crx3
2026-08-31 01:33:05,170 [INFO] Capturing response: http://edgedl.me.gvt1.com/edgedl/release2/chrome_component/ajja66dbbgd3otom3qe2yzmcs4_10744/hfnkpimlhhgieaddgfemjhofmfblmnib_10744_all_gureppqyw6jkypkua75hap2rg4.crx3 200 OK
2026-08-31 01:33:05,195 [INFO] Capturing request: https://update.googleapis.com/service/update2/json
2026-08-31 01:33:05,243 [INFO] Capturing response: https://update.googleapis.com/service/update2/json 200 
2026-08-31 01:33:25,406 [WARNING]   ❌ Tivibu Spor 1 için M3U8 bulunamadı
2026-08-31 01:33:26,406 [INFO] 
[12/14]
2026-08-31 01:33:26,407 [INFO] 🔍 Tivibu Spor 2 → https://www.atomsportv513.top/matches?id=tivibu-spor-2
2026-08-31 01:33:26,572 [INFO] Capturing request: https://www.atomsportv513.top/matches?id=tivibu-spor-2
2026-08-31 01:33:27,213 [INFO] Capturing response: https://www.atomsportv513.top/matches?id=tivibu-spor-2 200 
2026-08-31 01:33:27,375 [INFO] Capturing request: https://www.atomsportv513.top/favicon.ico
2026-08-31 01:33:27,434 [INFO] Capturing response: https://www.atomsportv513.top/favicon.ico 200 
2026-08-31 01:33:27,437 [INFO] Capturing request: https://teletv5.top/load/yayinlink.php?id=tivibu-spor-2
2026-08-31 01:33:27,672 [INFO] Capturing response: https://teletv5.top/load/yayinlink.php?id=tivibu-spor-2 200 
2026-08-31 01:33:27,976 [INFO] Capturing request: https://streamsport365.com/cinema
2026-08-31 01:33:28,293 [INFO] Capturing response: https://streamsport365.com/cinema 200 
2026-08-31 01:33:29,704 [INFO] Capturing request: https://android.clients.google.com/c2dm/register3
2026-08-31 01:33:29,767 [INFO] Capturing response: https://android.clients.google.com/c2dm/register3 429 
2026-08-31 01:34:00,476 [WARNING]   ❌ Tivibu Spor 2 için M3U8 bulunamadı
2026-08-31 01:34:01,476 [INFO] 
[13/14]
2026-08-31 01:34:01,476 [INFO] 🔍 Tivibu Spor 3 → https://www.atomsportv513.top/matches?id=tivibu-spor-3
2026-08-31 01:34:01,583 [INFO] Capturing request: https://www.atomsportv513.top/matches?id=tivibu-spor-3
2026-08-31 01:34:02,071 [INFO] Capturing response: https://www.atomsportv513.top/matches?id=tivibu-spor-3 200 
2026-08-31 01:34:02,196 [INFO] Capturing request: https://teletv5.top/load/yayinlink.php?id=tivibu-spor-3
2026-08-31 01:34:02,198 [INFO] Capturing request: https://www.atomsportv513.top/favicon.ico
2026-08-31 01:34:02,252 [INFO] Capturing response: https://www.atomsportv513.top/favicon.ico 200 
2026-08-31 01:34:02,332 [INFO] Capturing request: https://streamsport365.com/cinema
2026-08-31 01:34:02,427 [INFO] Capturing response: https://teletv5.top/load/yayinlink.php?id=tivibu-spor-3 200 
2026-08-31 01:34:02,661 [INFO] Capturing response: https://streamsport365.com/cinema 200 
2026-08-31 01:34:35,296 [WARNING]   ❌ Tivibu Spor 3 için M3U8 bulunamadı
2026-08-31 01:34:36,297 [INFO] 
[14/14]
2026-08-31 01:34:36,297 [INFO] 🔍 Tivibu Spor 4 → https://www.atomsportv513.top/matches?id=tivibu-spor-4
2026-08-31 01:34:36,404 [INFO] Capturing request: https://www.atomsportv513.top/matches?id=tivibu-spor-4
2026-08-31 01:34:36,859 [INFO] Capturing response: https://www.atomsportv513.top/matches?id=tivibu-spor-4 200 
2026-08-31 01:34:36,989 [INFO] Capturing request: https://teletv5.top/load/yayinlink.php?id=tivibu-spor-4
2026-08-31 01:34:36,991 [INFO] Capturing request: https://www.atomsportv513.top/favicon.ico
2026-08-31 01:34:37,052 [INFO] Capturing response: https://www.atomsportv513.top/favicon.ico 200 
2026-08-31 01:34:37,124 [INFO] Capturing request: https://streamsport365.com/cinema
2026-08-31 01:34:37,225 [INFO] Capturing response: https://teletv5.top/load/yayinlink.php?id=tivibu-spor-4 200 
2026-08-31 01:34:37,446 [INFO] Capturing response: https://streamsport365.com/cinema 200 
2026-08-31 01:35:10,093 [WARNING]   ❌ Tivibu Spor 4 için M3U8 bulunamadı
2026-08-31 01:35:11,156 [INFO] ✅ 10 kanal bulundu, playlist.m3u kaydedildi
