2026-08-21 09:37:33,655 [INFO] 🌐 BASE_URL: https://www.atomsportv513.top
2026-08-21 09:37:34,750 [INFO] Başlanıyor... 14 kanal taranacak
2026-08-21 09:37:34,750 [INFO] Using default request storage
2026-08-21 09:37:34,755 [INFO] Created proxy listening on 127.0.0.1:41831
2026-08-21 09:37:35,430 [INFO] Capturing request: http://clients2.google.com/time/1/current?cup2key=10:yp3tyiNQMjzArVycwbJuKhrnNjuKIuWHzoJf-iPBWnI&cup2hreq=e3b0c44298fc1c149afbf4c8996fb92427ae41e4649b934ca495991b7852b855
2026-08-21 09:37:35,494 [INFO] Capturing response: http://clients2.google.com/time/1/current?cup2key=10:yp3tyiNQMjzArVycwbJuKhrnNjuKIuWHzoJf-iPBWnI&cup2hreq=e3b0c44298fc1c149afbf4c8996fb92427ae41e4649b934ca495991b7852b855 200 OK
2026-08-21 09:37:35,708 [INFO] 
[1/14]
2026-08-21 09:37:35,716 [INFO] 🔍 beIN Sports 1 → https://www.atomsportv513.top/matches?id=bein-sports-1
2026-08-21 09:37:35,787 [INFO] Capturing request: https://accounts.google.com/ListAccounts?gpsia=1&source=ChromiumBrowser&json=standard&laf=b64bin
2026-08-21 09:37:35,789 [INFO] Capturing request: https://update.googleapis.com/service/update2/json?cup2key=16:zerbZlI3nLWEvUZAgJGsigLAK3efVpxJBFAtfzojqF8&cup2hreq=02b901f1af14a75bc1e10dc947915fe58108418e9c6bce1e8b77babe18d3f6e1
2026-08-21 09:37:35,875 [INFO] Capturing response: https://update.googleapis.com/service/update2/json?cup2key=16:zerbZlI3nLWEvUZAgJGsigLAK3efVpxJBFAtfzojqF8&cup2hreq=02b901f1af14a75bc1e10dc947915fe58108418e9c6bce1e8b77babe18d3f6e1 200 
2026-08-21 09:37:35,880 [INFO] Capturing response: https://accounts.google.com/ListAccounts?gpsia=1&source=ChromiumBrowser&json=standard&laf=b64bin 200 
2026-08-21 09:37:35,886 [INFO] Capturing request: https://www.google.com/async/folae?async=_fmt:pb&udm=50&client_locale=en-US&client_country=ZZ
2026-08-21 09:37:35,911 [INFO] Capturing response: https://www.google.com/async/folae?async=_fmt:pb&udm=50&client_locale=en-US&client_country=ZZ 200 
2026-08-21 09:37:35,922 [INFO] Capturing request: https://update.googleapis.com/service/update2/json?cup2key=16:1xP7qR76m-qf8kijnyA6oJTmCOe73V_zezKs68_09Sg&cup2hreq=5c16889fe30b771ffaa22dca45a516c19498919aedd4850769265158cfdad20e
2026-08-21 09:37:35,947 [INFO] Capturing response: https://update.googleapis.com/service/update2/json?cup2key=16:1xP7qR76m-qf8kijnyA6oJTmCOe73V_zezKs68_09Sg&cup2hreq=5c16889fe30b771ffaa22dca45a516c19498919aedd4850769265158cfdad20e 200 
2026-08-21 09:37:35,986 [INFO] Capturing request: https://www.atomsportv513.top/matches?id=bein-sports-1
2026-08-21 09:37:35,994 [INFO] Capturing request: https://update.googleapis.com/service/update2/json?cup2key=16:fPGKeqjTnDxzGJ2QcSgoRbhR67wG7qOdktDzlpxp0Ko&cup2hreq=32c69a44373fc435311fc59548a62a3209e4d6373c96992e9bddfee5e93521a2
2026-08-21 09:37:36,018 [INFO] Capturing response: https://update.googleapis.com/service/update2/json?cup2key=16:fPGKeqjTnDxzGJ2QcSgoRbhR67wG7qOdktDzlpxp0Ko&cup2hreq=32c69a44373fc435311fc59548a62a3209e4d6373c96992e9bddfee5e93521a2 200 
2026-08-21 09:37:36,129 [INFO] Capturing request: https://www.google.com/async/folae?async=_fmt:pb&udm=50&client_locale=en-US&client_country=ZZ
2026-08-21 09:37:36,150 [INFO] Capturing response: https://www.google.com/async/folae?async=_fmt:pb&udm=50&client_locale=en-US&client_country=ZZ 200 
2026-08-21 09:37:36,535 [INFO] Capturing response: https://www.atomsportv513.top/matches?id=bein-sports-1 200 
2026-08-21 09:37:36,741 [INFO] Capturing request: https://cdn.jsdelivr.net/npm/@clappr/hlsjs-playback@1.8.3/dist/hlsjs-playback.min.js
2026-08-21 09:37:36,743 [INFO] Capturing request: https://cdn.jsdelivr.net/npm/@clappr/player@0.11.16/dist/clappr.min.js
2026-08-21 09:37:36,745 [INFO] Capturing request: https://cdn.jsdelivr.net/npm/level-selector/dist/level-selector.min.js
2026-08-21 09:37:36,761 [INFO] Capturing response: https://cdn.jsdelivr.net/npm/level-selector/dist/level-selector.min.js 200 
2026-08-21 09:37:36,775 [INFO] Capturing response: https://cdn.jsdelivr.net/npm/@clappr/hlsjs-playback@1.8.3/dist/hlsjs-playback.min.js 200 
2026-08-21 09:37:36,780 [INFO] Capturing response: https://cdn.jsdelivr.net/npm/@clappr/player@0.11.16/dist/clappr.min.js 200 
2026-08-21 09:37:37,022 [INFO] Capturing request: https://www.atomsportv513.top/favicon.ico
2026-08-21 09:37:37,070 [INFO] Capturing response: https://www.atomsportv513.top/favicon.ico 200 
2026-08-21 09:37:37,082 [INFO] Capturing request: https://teletv5.top/load/yayinlink.php?id=bein-sports-1
2026-08-21 09:37:37,112 [INFO] Capturing response: https://teletv5.top/load/yayinlink.php?id=bein-sports-1 200 
2026-08-21 09:37:37,530 [INFO] Capturing request: https://streamsport365.com/cinema
2026-08-21 09:37:37,786 [INFO] Capturing response: https://streamsport365.com/cinema 200 
2026-08-21 09:37:37,918 [INFO] Capturing request: https://www.atomsportv513.top/assets/img/player/player_logo_6a87a2e2eecc5.png
2026-08-21 09:37:37,964 [INFO] Capturing response: https://www.atomsportv513.top/assets/img/player/player_logo_6a87a2e2eecc5.png 200 
2026-08-21 09:37:38,095 [INFO] Capturing request: https://corestream.siteyaptim.live//beintv/tracks-v1a1/mono.m3u8
2026-08-21 09:37:38,219 [INFO] Capturing response: https://corestream.siteyaptim.live//beintv/tracks-v1a1/mono.m3u8 200 
2026-08-21 09:37:38,422 [INFO] Capturing request: https://global.siteyaptim.live/beintv/tracks-v1a1/2026/08/21/09/37/07-10000.jpg
2026-08-21 09:37:38,676 [INFO] Capturing response: https://global.siteyaptim.live/beintv/tracks-v1a1/2026/08/21/09/37/07-10000.jpg 200 
2026-08-21 09:37:38,918 [INFO] Capturing request: https://global.siteyaptim.live/beintv/tracks-v1a1/2026/08/21/09/37/17-10000.jpg
2026-08-21 09:37:39,182 [INFO] Capturing response: https://global.siteyaptim.live/beintv/tracks-v1a1/2026/08/21/09/37/17-10000.jpg 200 
2026-08-21 09:37:39,360 [INFO] Capturing request: https://global.siteyaptim.live/beintv/tracks-v1a1/2026/08/21/09/37/27-10000.jpg
2026-08-21 09:37:39,611 [INFO] Capturing response: https://global.siteyaptim.live/beintv/tracks-v1a1/2026/08/21/09/37/27-10000.jpg 200 
2026-08-21 09:37:39,953 [INFO]   ✅ M3U8 bulundu: https://corestream.siteyaptim.live//beintv/tracks-v1a1/mono.m3u8
2026-08-21 09:37:40,953 [INFO] 
[2/14]
2026-08-21 09:37:40,953 [INFO] 🔍 beIN Sports 2 → https://www.atomsportv513.top/matches?id=bein-sports-2
2026-08-21 09:37:41,064 [INFO] Capturing request: https://www.atomsportv513.top/matches?id=bein-sports-2
2026-08-21 09:37:41,275 [INFO] Capturing response: https://www.atomsportv513.top/matches?id=bein-sports-2 200 
2026-08-21 09:37:41,329 [INFO] Capturing request: https://streamsport365.com/cinema
2026-08-21 09:37:41,431 [INFO] Capturing request: https://teletv5.top/load/yayinlink.php?id=bein-sports-2
2026-08-21 09:37:41,432 [INFO] Capturing request: https://www.atomsportv513.top/favicon.ico
2026-08-21 09:37:41,446 [INFO] Capturing response: https://teletv5.top/load/yayinlink.php?id=bein-sports-2 200 
2026-08-21 09:37:41,468 [INFO] Capturing response: https://www.atomsportv513.top/favicon.ico 200 
2026-08-21 09:37:41,583 [INFO] Capturing response: https://streamsport365.com/cinema 200 
2026-08-21 09:37:41,695 [INFO] Capturing request: https://www.atomsportv513.top/assets/img/player/player_logo_6a87a2e2eecc5.png
2026-08-21 09:37:41,706 [INFO] Capturing request: https://corestream.siteyaptim.live//bein2/tracks-v1a1/mono.m3u8
2026-08-21 09:37:41,815 [INFO] Capturing response: https://www.atomsportv513.top/assets/img/player/player_logo_6a87a2e2eecc5.png 304 
2026-08-21 09:37:41,837 [INFO] Capturing response: https://corestream.siteyaptim.live//bein2/tracks-v1a1/mono.m3u8 200 
2026-08-21 09:37:41,947 [INFO] Capturing request: https://global.siteyaptim.live/bein2/tracks-v1a1/2026/08/21/09/37/14-10000.jpg
2026-08-21 09:37:42,469 [INFO] Capturing response: https://global.siteyaptim.live/bein2/tracks-v1a1/2026/08/21/09/37/14-10000.jpg 200 
2026-08-21 09:37:42,800 [INFO] Capturing request: https://global.siteyaptim.live/bein2/tracks-v1a1/2026/08/21/09/37/24-10000.jpg
2026-08-21 09:37:43,289 [INFO] Capturing response: https://global.siteyaptim.live/bein2/tracks-v1a1/2026/08/21/09/37/24-10000.jpg 200 
2026-08-21 09:37:43,604 [INFO] Capturing request: https://global.siteyaptim.live/bein2/tracks-v1a1/2026/08/21/09/37/34-10000.jpg
2026-08-21 09:37:43,955 [INFO] Capturing request: https://android.clients.google.com/checkin
2026-08-21 09:37:44,086 [INFO] Capturing response: https://android.clients.google.com/checkin 200 
2026-08-21 09:37:44,147 [INFO] Capturing request: https://android.clients.google.com/c2dm/register3
2026-08-21 09:37:44,151 [INFO] Capturing request: https://android.clients.google.com/c2dm/register3
2026-08-21 09:37:44,158 [INFO] Capturing request: https://android.clients.google.com/c2dm/register3
2026-08-21 09:37:44,203 [INFO] Capturing response: https://android.clients.google.com/c2dm/register3 301 
2026-08-21 09:37:44,223 [INFO] Capturing response: https://android.clients.google.com/c2dm/register3 200 
2026-08-21 09:37:44,236 [INFO] Capturing response: https://android.clients.google.com/c2dm/register3 200 
2026-08-21 09:37:44,260 [INFO] Capturing response: https://global.siteyaptim.live/bein2/tracks-v1a1/2026/08/21/09/37/34-10000.jpg 200 
2026-08-21 09:37:44,372 [INFO]   ✅ M3U8 bulundu: https://corestream.siteyaptim.live//bein2/tracks-v1a1/mono.m3u8
2026-08-21 09:37:45,373 [INFO] 
[3/14]
2026-08-21 09:37:45,373 [INFO] 🔍 beIN Sports 3 → https://www.atomsportv513.top/matches?id=bein-sports-3
2026-08-21 09:37:45,486 [INFO] Capturing request: https://www.atomsportv513.top/matches?id=bein-sports-3
2026-08-21 09:37:45,694 [INFO] Capturing response: https://www.atomsportv513.top/matches?id=bein-sports-3 200 
2026-08-21 09:37:45,828 [INFO] Capturing request: https://teletv5.top/load/yayinlink.php?id=bein-sports-3
2026-08-21 09:37:45,829 [INFO] Capturing request: https://www.atomsportv513.top/favicon.ico
2026-08-21 09:37:45,844 [INFO] Capturing response: https://teletv5.top/load/yayinlink.php?id=bein-sports-3 200 
2026-08-21 09:37:45,865 [INFO] Capturing response: https://www.atomsportv513.top/favicon.ico 200 
2026-08-21 09:37:45,928 [INFO] Capturing request: https://streamsport365.com/cinema
2026-08-21 09:37:46,178 [INFO] Capturing response: https://streamsport365.com/cinema 200 
2026-08-21 09:37:46,289 [INFO] Capturing request: https://www.atomsportv513.top/assets/img/player/player_logo_6a87a2e2eecc5.png
2026-08-21 09:37:46,314 [INFO] Capturing request: https://corestream.siteyaptim.live//bein3/tracks-v1a1/mono.m3u8
2026-08-21 09:37:46,409 [INFO] Capturing response: https://www.atomsportv513.top/assets/img/player/player_logo_6a87a2e2eecc5.png 304 
2026-08-21 09:37:46,471 [INFO] Capturing response: https://corestream.siteyaptim.live//bein3/tracks-v1a1/mono.m3u8 200 
2026-08-21 09:37:46,580 [INFO] Capturing request: https://global.siteyaptim.live/bein3/tracks-v1a1/2026/08/21/09/37/20-10000.jpg
2026-08-21 09:37:46,857 [INFO] Capturing response: https://global.siteyaptim.live/bein3/tracks-v1a1/2026/08/21/09/37/20-10000.jpg 200 
2026-08-21 09:37:47,053 [INFO] Capturing request: https://global.siteyaptim.live/bein3/tracks-v1a1/2026/08/21/09/37/30-10000.jpg
2026-08-21 09:37:47,578 [INFO] Capturing response: https://global.siteyaptim.live/bein3/tracks-v1a1/2026/08/21/09/37/30-10000.jpg 200 
2026-08-21 09:37:47,803 [INFO] Capturing request: https://global.siteyaptim.live/bein3/tracks-v1a1/2026/08/21/09/37/40-10000.jpg
2026-08-21 09:37:48,084 [INFO] Capturing response: https://global.siteyaptim.live/bein3/tracks-v1a1/2026/08/21/09/37/40-10000.jpg 200 
2026-08-21 09:37:48,744 [INFO]   ✅ M3U8 bulundu: https://corestream.siteyaptim.live//bein3/tracks-v1a1/mono.m3u8
2026-08-21 09:37:49,745 [INFO] 
[4/14]
2026-08-21 09:37:49,745 [INFO] 🔍 beIN Sports 4 → https://www.atomsportv513.top/matches?id=bein-sports-4
2026-08-21 09:37:49,855 [INFO] Capturing request: https://www.atomsportv513.top/matches?id=bein-sports-4
2026-08-21 09:37:50,062 [INFO] Capturing response: https://www.atomsportv513.top/matches?id=bein-sports-4 200 
2026-08-21 09:37:50,093 [INFO] Capturing request: https://streamsport365.com/cinema
2026-08-21 09:37:50,193 [INFO] Capturing request: https://teletv5.top/load/yayinlink.php?id=bein-sports-4
2026-08-21 09:37:50,194 [INFO] Capturing request: https://www.atomsportv513.top/favicon.ico
2026-08-21 09:37:50,208 [INFO] Capturing response: https://teletv5.top/load/yayinlink.php?id=bein-sports-4 200 
2026-08-21 09:37:50,227 [INFO] Capturing response: https://www.atomsportv513.top/favicon.ico 200 
2026-08-21 09:37:50,345 [INFO] Capturing response: https://streamsport365.com/cinema 200 
2026-08-21 09:37:50,457 [INFO] Capturing request: https://www.atomsportv513.top/assets/img/player/player_logo_6a87a2e2eecc5.png
2026-08-21 09:37:50,468 [INFO] Capturing request: https://corestream.siteyaptim.live//bein4/tracks-v1a1/mono.m3u8
2026-08-21 09:37:50,574 [INFO] Capturing response: https://www.atomsportv513.top/assets/img/player/player_logo_6a87a2e2eecc5.png 304 
2026-08-21 09:37:50,597 [INFO] Capturing response: https://corestream.siteyaptim.live//bein4/tracks-v1a1/mono.m3u8 200 
2026-08-21 09:37:50,746 [INFO] Capturing request: https://global.siteyaptim.live/bein4/tracks-v1a1/2026/08/21/09/37/22-10000.jpg
2026-08-21 09:37:51,271 [INFO] Capturing response: https://global.siteyaptim.live/bein4/tracks-v1a1/2026/08/21/09/37/22-10000.jpg 200 
2026-08-21 09:37:51,595 [INFO] Capturing request: https://global.siteyaptim.live/bein4/tracks-v1a1/2026/08/21/09/37/32-10000.jpg
2026-08-21 09:37:52,101 [INFO] Capturing response: https://global.siteyaptim.live/bein4/tracks-v1a1/2026/08/21/09/37/32-10000.jpg 200 
2026-08-21 09:37:52,423 [INFO] Capturing request: https://global.siteyaptim.live/bein4/tracks-v1a1/2026/08/21/09/37/42-10000.jpg
2026-08-21 09:37:52,953 [INFO] Capturing response: https://global.siteyaptim.live/bein4/tracks-v1a1/2026/08/21/09/37/42-10000.jpg 200 
2026-08-21 09:37:53,116 [INFO]   ✅ M3U8 bulundu: https://corestream.siteyaptim.live//bein4/tracks-v1a1/mono.m3u8
2026-08-21 09:37:54,117 [INFO] 
[5/14]
2026-08-21 09:37:54,117 [INFO] 🔍 beIN Sports 5 → https://www.atomsportv513.top/matches?id=bein-sports-5
2026-08-21 09:37:54,228 [INFO] Capturing request: https://www.atomsportv513.top/matches?id=bein-sports-5
2026-08-21 09:37:54,433 [INFO] Capturing response: https://www.atomsportv513.top/matches?id=bein-sports-5 200 
2026-08-21 09:37:54,566 [INFO] Capturing request: https://www.atomsportv513.top/favicon.ico
2026-08-21 09:37:54,569 [INFO] Capturing request: https://teletv5.top/load/yayinlink.php?id=bein-sports-5
2026-08-21 09:37:54,602 [INFO] Capturing response: https://www.atomsportv513.top/favicon.ico 200 
2026-08-21 09:37:54,668 [INFO] Capturing request: https://streamsport365.com/cinema
2026-08-21 09:37:54,844 [INFO] Capturing response: https://teletv5.top/load/yayinlink.php?id=bein-sports-5 200 
2026-08-21 09:37:54,913 [INFO] Capturing response: https://streamsport365.com/cinema 200 
2026-08-21 09:37:55,025 [INFO] Capturing request: https://www.atomsportv513.top/assets/img/player/player_logo_6a87a2e2eecc5.png
2026-08-21 09:37:55,035 [INFO] Capturing request: https://corestream.siteyaptim.live//bein5/tracks-v1a1/mono.m3u8
2026-08-21 09:37:55,143 [INFO] Capturing response: https://www.atomsportv513.top/assets/img/player/player_logo_6a87a2e2eecc5.png 304 
2026-08-21 09:37:55,169 [INFO] Capturing response: https://corestream.siteyaptim.live//bein5/tracks-v1a1/mono.m3u8 200 
2026-08-21 09:37:55,279 [INFO] Capturing request: https://global.siteyaptim.live/bein5/tracks-v1a1/2026/08/21/09/37/37-05013.jpg
2026-08-21 09:37:55,412 [INFO] Capturing response: https://global.siteyaptim.live/bein5/tracks-v1a1/2026/08/21/09/37/37-05013.jpg 200 
2026-08-21 09:37:55,526 [INFO] Capturing request: https://global.siteyaptim.live/bein5/tracks-v1a1/2026/08/21/09/37/42-05013.jpg
2026-08-21 09:37:55,662 [INFO] Capturing response: https://global.siteyaptim.live/bein5/tracks-v1a1/2026/08/21/09/37/42-05013.jpg 200 
2026-08-21 09:37:55,813 [INFO] Capturing request: https://global.siteyaptim.live/bein5/tracks-v1a1/2026/08/21/09/37/47-05013.jpg
2026-08-21 09:37:55,973 [INFO] Capturing response: https://global.siteyaptim.live/bein5/tracks-v1a1/2026/08/21/09/37/47-05013.jpg 200 
2026-08-21 09:37:56,123 [INFO] Capturing request: https://global.siteyaptim.live/bein5/tracks-v1a1/2026/08/21/09/37/52-05013.jpg
2026-08-21 09:37:56,248 [INFO] Capturing response: https://global.siteyaptim.live/bein5/tracks-v1a1/2026/08/21/09/37/52-05013.jpg 200 
2026-08-21 09:37:57,482 [INFO]   ✅ M3U8 bulundu: https://corestream.siteyaptim.live//bein5/tracks-v1a1/mono.m3u8
2026-08-21 09:37:58,482 [INFO] 
[6/14]
2026-08-21 09:37:58,482 [INFO] 🔍 beIN Sports Max 1 → https://www.atomsportv513.top/matches?id=bein-sports-max-1
2026-08-21 09:37:58,590 [INFO] Capturing request: https://www.atomsportv513.top/matches?id=bein-sports-max-1
2026-08-21 09:37:58,801 [INFO] Capturing response: https://www.atomsportv513.top/matches?id=bein-sports-max-1 200 
2026-08-21 09:37:58,834 [INFO] Capturing request: https://streamsport365.com/cinema
2026-08-21 09:37:58,933 [INFO] Capturing request: https://teletv5.top/load/yayinlink.php?id=bein-sports-max-1
2026-08-21 09:37:58,935 [INFO] Capturing request: https://www.atomsportv513.top/favicon.ico
2026-08-21 09:37:58,967 [INFO] Capturing response: https://www.atomsportv513.top/favicon.ico 200 
2026-08-21 09:37:59,083 [INFO] Capturing response: https://teletv5.top/load/yayinlink.php?id=bein-sports-max-1 200 
2026-08-21 09:37:59,090 [INFO] Capturing response: https://streamsport365.com/cinema 200 
2026-08-21 09:37:59,236 [INFO] Capturing request: https://www.atomsportv513.top/assets/img/player/player_logo_6a87a2e2eecc5.png
2026-08-21 09:37:59,245 [INFO] Capturing request: https://corestream.siteyaptim.live//beinmax1/tracks-v1a1/mono.m3u8
2026-08-21 09:37:59,352 [INFO] Capturing response: https://www.atomsportv513.top/assets/img/player/player_logo_6a87a2e2eecc5.png 304 
2026-08-21 09:37:59,387 [INFO] Capturing response: https://corestream.siteyaptim.live//beinmax1/tracks-v1a1/mono.m3u8 404 
2026-08-21 09:38:01,551 [INFO] Capturing request: https://corestream.siteyaptim.live//beinmax1/tracks-v1a1/mono.m3u8
2026-08-21 09:38:01,671 [INFO] Capturing response: https://corestream.siteyaptim.live//beinmax1/tracks-v1a1/mono.m3u8 404 
2026-08-21 09:38:01,846 [INFO]   ✅ M3U8 bulundu: https://corestream.siteyaptim.live//beinmax1/tracks-v1a1/mono.m3u8
2026-08-21 09:38:02,847 [INFO] 
[7/14]
2026-08-21 09:38:02,847 [INFO] 🔍 beIN Sports Max 2 → https://www.atomsportv513.top/matches?id=bein-sports-max-2
2026-08-21 09:38:02,956 [INFO] Capturing request: https://www.atomsportv513.top/matches?id=bein-sports-max-2
2026-08-21 09:38:03,167 [INFO] Capturing response: https://www.atomsportv513.top/matches?id=bein-sports-max-2 200 
2026-08-21 09:38:03,299 [INFO] Capturing request: https://teletv5.top/load/yayinlink.php?id=bein-sports-max-2
2026-08-21 09:38:03,299 [INFO] Capturing request: https://www.atomsportv513.top/favicon.ico
2026-08-21 09:38:03,336 [INFO] Capturing response: https://www.atomsportv513.top/favicon.ico 200 
2026-08-21 09:38:03,399 [INFO] Capturing request: https://streamsport365.com/cinema
2026-08-21 09:38:03,449 [INFO] Capturing response: https://teletv5.top/load/yayinlink.php?id=bein-sports-max-2 200 
2026-08-21 09:38:03,649 [INFO] Capturing response: https://streamsport365.com/cinema 200 
2026-08-21 09:38:03,759 [INFO] Capturing request: https://www.atomsportv513.top/assets/img/player/player_logo_6a87a2e2eecc5.png
2026-08-21 09:38:03,769 [INFO] Capturing request: https://corestream.siteyaptim.live//beinmax2/tracks-v1a1/mono.m3u8
2026-08-21 09:38:03,882 [INFO] Capturing response: https://www.atomsportv513.top/assets/img/player/player_logo_6a87a2e2eecc5.png 304 
2026-08-21 09:38:03,904 [INFO] Capturing response: https://corestream.siteyaptim.live//beinmax2/tracks-v1a1/mono.m3u8 404 
2026-08-21 09:38:06,064 [INFO] Capturing request: https://corestream.siteyaptim.live//beinmax2/tracks-v1a1/mono.m3u8
2026-08-21 09:38:06,184 [INFO] Capturing response: https://corestream.siteyaptim.live//beinmax2/tracks-v1a1/mono.m3u8 404 
2026-08-21 09:38:06,209 [INFO]   ✅ M3U8 bulundu: https://corestream.siteyaptim.live//beinmax2/tracks-v1a1/mono.m3u8
2026-08-21 09:38:07,210 [INFO] 
[8/14]
2026-08-21 09:38:07,210 [INFO] 🔍 S Sport → https://www.atomsportv513.top/matches?id=s-sport
2026-08-21 09:38:07,318 [INFO] Capturing request: https://www.atomsportv513.top/matches?id=s-sport
2026-08-21 09:38:07,566 [INFO] Capturing request: https://android.clients.google.com/c2dm/register3
2026-08-21 09:38:07,677 [INFO] Capturing response: https://www.atomsportv513.top/matches?id=s-sport 200 
2026-08-21 09:38:07,712 [INFO] Capturing request: https://streamsport365.com/cinema
2026-08-21 09:38:07,808 [INFO] Capturing request: https://teletv5.top/load/yayinlink.php?id=s-sport
2026-08-21 09:38:07,812 [INFO] Capturing request: https://www.atomsportv513.top/favicon.ico
2026-08-21 09:38:07,845 [INFO] Capturing response: https://www.atomsportv513.top/favicon.ico 200 
2026-08-21 09:38:07,940 [INFO] Capturing request: https://android.clients.google.com/c2dm/register3
2026-08-21 09:38:07,956 [INFO] Capturing response: https://teletv5.top/load/yayinlink.php?id=s-sport 200 
2026-08-21 09:38:07,970 [INFO] Capturing response: https://streamsport365.com/cinema 200 
2026-08-21 09:38:07,970 [INFO] Capturing request: https://android.clients.google.com/c2dm/register3
2026-08-21 09:38:08,019 [INFO] Capturing response: https://android.clients.google.com/c2dm/register3 301 
2026-08-21 09:38:08,098 [INFO] Capturing response: https://android.clients.google.com/c2dm/register3 200 
2026-08-21 09:38:08,108 [INFO] Capturing request: https://www.atomsportv513.top/assets/img/player/player_logo_6a87a2e2eecc5.png
2026-08-21 09:38:08,121 [INFO] Capturing request: https://corestream.siteyaptim.live//s-sport/tracks-v1a1/mono.m3u8
2026-08-21 09:38:08,225 [INFO] Capturing response: https://www.atomsportv513.top/assets/img/player/player_logo_6a87a2e2eecc5.png 304 
2026-08-21 09:38:08,252 [INFO] Capturing response: https://corestream.siteyaptim.live//s-sport/tracks-v1a1/mono.m3u8 200 
2026-08-21 09:38:08,362 [INFO] Capturing request: https://global.siteyaptim.live/s-sport/tracks-v1a1/2026/08/21/09/38/03-06000.jpg
2026-08-21 09:38:08,466 [INFO] Capturing response: https://android.clients.google.com/c2dm/register3 200 
2026-08-21 09:38:08,802 [INFO] Capturing response: https://global.siteyaptim.live/s-sport/tracks-v1a1/2026/08/21/09/38/03-06000.jpg 200 
2026-08-21 09:38:09,102 [INFO] Capturing request: https://global.siteyaptim.live/s-sport/tracks-v1a1/2026/08/21/09/38/09-06000.jpg
2026-08-21 09:38:09,433 [INFO] Capturing response: https://global.siteyaptim.live/s-sport/tracks-v1a1/2026/08/21/09/38/09-06000.jpg 200 
2026-08-21 09:38:09,641 [INFO] Capturing request: https://global.siteyaptim.live/s-sport/tracks-v1a1/2026/08/21/09/38/15-06000.jpg
2026-08-21 09:38:10,095 [INFO] Capturing response: https://global.siteyaptim.live/s-sport/tracks-v1a1/2026/08/21/09/38/15-06000.jpg 200 
2026-08-21 09:38:10,735 [INFO]   ✅ M3U8 bulundu: https://corestream.siteyaptim.live//s-sport/tracks-v1a1/mono.m3u8
2026-08-21 09:38:11,736 [INFO] 
[9/14]
2026-08-21 09:38:11,736 [INFO] 🔍 S Sport 2 → https://www.atomsportv513.top/matches?id=s-sport-2
2026-08-21 09:38:11,847 [INFO] Capturing request: https://www.atomsportv513.top/matches?id=s-sport-2
2026-08-21 09:38:12,059 [INFO] Capturing response: https://www.atomsportv513.top/matches?id=s-sport-2 200 
2026-08-21 09:38:12,191 [INFO] Capturing request: https://teletv5.top/load/yayinlink.php?id=s-sport-2
2026-08-21 09:38:12,196 [INFO] Capturing request: https://www.atomsportv513.top/favicon.ico
2026-08-21 09:38:12,230 [INFO] Capturing response: https://www.atomsportv513.top/favicon.ico 200 
2026-08-21 09:38:12,290 [INFO] Capturing request: https://streamsport365.com/cinema
2026-08-21 09:38:12,541 [INFO] Capturing response: https://streamsport365.com/cinema 200 
2026-08-21 09:38:12,765 [INFO] Capturing response: https://teletv5.top/load/yayinlink.php?id=s-sport-2 200 
2026-08-21 09:38:12,877 [INFO] Capturing request: https://www.atomsportv513.top/assets/img/player/player_logo_6a87a2e2eecc5.png
2026-08-21 09:38:12,887 [INFO] Capturing request: https://corestream.siteyaptim.live//s-sport2/tracks-v1a1/mono.m3u8
2026-08-21 09:38:12,995 [INFO] Capturing response: https://www.atomsportv513.top/assets/img/player/player_logo_6a87a2e2eecc5.png 304 
2026-08-21 09:38:13,013 [INFO] Capturing response: https://corestream.siteyaptim.live//s-sport2/tracks-v1a1/mono.m3u8 200 
2026-08-21 09:38:13,163 [INFO] Capturing request: https://global.siteyaptim.live/s-sport2/tracks-v1a1/2026/08/21/09/38/14-05000.jpg
2026-08-21 09:38:13,346 [INFO] Capturing response: https://global.siteyaptim.live/s-sport2/tracks-v1a1/2026/08/21/09/38/14-05000.jpg 200 
2026-08-21 09:38:13,537 [INFO] Capturing request: https://global.siteyaptim.live/s-sport2/tracks-v1a1/2026/08/21/09/38/19-05000.jpg
2026-08-21 09:38:13,721 [INFO] Capturing response: https://global.siteyaptim.live/s-sport2/tracks-v1a1/2026/08/21/09/38/19-05000.jpg 200 
2026-08-21 09:38:13,934 [INFO] Capturing request: https://global.siteyaptim.live/s-sport2/tracks-v1a1/2026/08/21/09/38/24-05000.jpg
2026-08-21 09:38:14,099 [INFO] Capturing response: https://global.siteyaptim.live/s-sport2/tracks-v1a1/2026/08/21/09/38/24-05000.jpg 200 
2026-08-21 09:38:15,118 [INFO]   ✅ M3U8 bulundu: https://corestream.siteyaptim.live//s-sport2/tracks-v1a1/mono.m3u8
2026-08-21 09:38:16,118 [INFO] 
[10/14]
2026-08-21 09:38:16,118 [INFO] 🔍 A Spor → https://www.atomsportv513.top/matches?id=a-spor
2026-08-21 09:38:16,228 [INFO] Capturing request: https://www.atomsportv513.top/matches?id=a-spor
2026-08-21 09:38:16,436 [INFO] Capturing response: https://www.atomsportv513.top/matches?id=a-spor 200 
2026-08-21 09:38:16,469 [INFO] Capturing request: https://streamsport365.com/cinema
2026-08-21 09:38:16,567 [INFO] Capturing request: https://teletv5.top/load/yayinlink.php?id=a-spor
2026-08-21 09:38:16,574 [INFO] Capturing request: https://www.atomsportv513.top/favicon.ico
2026-08-21 09:38:16,611 [INFO] Capturing response: https://www.atomsportv513.top/favicon.ico 200 
2026-08-21 09:38:16,718 [INFO] Capturing response: https://streamsport365.com/cinema 200 
2026-08-21 09:38:16,722 [INFO] Capturing response: https://teletv5.top/load/yayinlink.php?id=a-spor 200 
2026-08-21 09:38:16,875 [INFO] Capturing request: https://www.atomsportv513.top/assets/img/player/player_logo_6a87a2e2eecc5.png
2026-08-21 09:38:16,883 [INFO] Capturing request: https://corestream.siteyaptim.live//aspor/tracks-v1a1/mono.m3u8
2026-08-21 09:38:16,997 [INFO] Capturing response: https://www.atomsportv513.top/assets/img/player/player_logo_6a87a2e2eecc5.png 304 
2026-08-21 09:38:17,019 [INFO] Capturing response: https://corestream.siteyaptim.live//aspor/tracks-v1a1/mono.m3u8 200 
2026-08-21 09:38:17,128 [INFO] Capturing request: https://global.siteyaptim.live/aspor/tracks-v1a1/2026/08/21/09/37/39-10000.jpg
2026-08-21 09:38:17,551 [INFO] Capturing response: https://global.siteyaptim.live/aspor/tracks-v1a1/2026/08/21/09/37/39-10000.jpg 200 
2026-08-21 09:38:17,835 [INFO] Capturing request: https://global.siteyaptim.live/aspor/tracks-v1a1/2026/08/21/09/37/49-10000.jpg
2026-08-21 09:38:18,646 [INFO] Capturing response: https://global.siteyaptim.live/aspor/tracks-v1a1/2026/08/21/09/37/49-10000.jpg 200 
2026-08-21 09:38:18,944 [INFO] Capturing request: https://global.siteyaptim.live/aspor/tracks-v1a1/2026/08/21/09/37/59-10000.jpg
2026-08-21 09:38:19,374 [INFO] Capturing response: https://global.siteyaptim.live/aspor/tracks-v1a1/2026/08/21/09/37/59-10000.jpg 200 
2026-08-21 09:38:19,502 [INFO]   ✅ M3U8 bulundu: https://corestream.siteyaptim.live//aspor/tracks-v1a1/mono.m3u8
2026-08-21 09:38:20,503 [INFO] 
[11/14]
2026-08-21 09:38:20,503 [INFO] 🔍 Tivibu Spor 1 → https://www.atomsportv513.top/matches?id=tivibu-spor-1
2026-08-21 09:38:20,614 [INFO] Capturing request: https://www.atomsportv513.top/matches?id=tivibu-spor-1
2026-08-21 09:38:20,825 [INFO] Capturing response: https://www.atomsportv513.top/matches?id=tivibu-spor-1 200 
2026-08-21 09:38:20,956 [INFO] Capturing request: https://teletv5.top/load/yayinlink.php?id=tivibu-spor-1
2026-08-21 09:38:20,960 [INFO] Capturing request: https://www.atomsportv513.top/favicon.ico
2026-08-21 09:38:20,992 [INFO] Capturing response: https://www.atomsportv513.top/favicon.ico 200 
2026-08-21 09:38:21,057 [INFO] Capturing request: https://streamsport365.com/cinema
2026-08-21 09:38:21,107 [INFO] Capturing response: https://teletv5.top/load/yayinlink.php?id=tivibu-spor-1 200 
2026-08-21 09:38:21,305 [INFO] Capturing response: https://streamsport365.com/cinema 200 
2026-08-21 09:38:35,424 [INFO] Capturing request: https://update.googleapis.com/service/update2/json?cup2key=16:HYfjtQHkdTvfYy3nIUAm-kd_xsz0_Y-3Eb_x0tfT5ns&cup2hreq=148eff261d65776c83cff83b618a521472726c8c864116aa27d40dec36484e18
2026-08-21 09:38:35,450 [INFO] Capturing response: https://update.googleapis.com/service/update2/json?cup2key=16:HYfjtQHkdTvfYy3nIUAm-kd_xsz0_Y-3Eb_x0tfT5ns&cup2hreq=148eff261d65776c83cff83b618a521472726c8c864116aa27d40dec36484e18 200 
2026-08-21 09:38:35,457 [INFO] Capturing request: http://edgedl.me.gvt1.com/edgedl/release2/chrome_component/bfpaqytaw66nux4dclnmi5kxb4_10729/hfnkpimlhhgieaddgfemjhofmfblmnib_10729_all_kqm7mrdcv52ig57jclcr7brjdi.crx3
2026-08-21 09:38:35,483 [INFO] Capturing response: http://edgedl.me.gvt1.com/edgedl/release2/chrome_component/bfpaqytaw66nux4dclnmi5kxb4_10729/hfnkpimlhhgieaddgfemjhofmfblmnib_10729_all_kqm7mrdcv52ig57jclcr7brjdi.crx3 200 OK
2026-08-21 09:38:35,514 [INFO] Capturing request: https://update.googleapis.com/service/update2/json
2026-08-21 09:38:35,535 [INFO] Capturing response: https://update.googleapis.com/service/update2/json 200 
2026-08-21 09:38:35,581 [INFO] Capturing request: http://edgedl.me.gvt1.com/edgedl/diffgen-puffin/gcmjkmgdlgnkkcocmoeiminaijmmjnii/6ca5bdb9f3e2cd83b7e359729bc6c33c4fe975ec499861d969b3e080320849ff
2026-08-21 09:38:35,592 [INFO] Capturing response: http://edgedl.me.gvt1.com/edgedl/diffgen-puffin/gcmjkmgdlgnkkcocmoeiminaijmmjnii/6ca5bdb9f3e2cd83b7e359729bc6c33c4fe975ec499861d969b3e080320849ff 200 OK
2026-08-21 09:38:35,653 [INFO] Capturing request: https://update.googleapis.com/service/update2/json
2026-08-21 09:38:35,678 [INFO] Capturing response: https://update.googleapis.com/service/update2/json 200 
2026-08-21 09:38:54,143 [WARNING]   ❌ Tivibu Spor 1 için M3U8 bulunamadı
2026-08-21 09:38:55,144 [INFO] 
[12/14]
2026-08-21 09:38:55,144 [INFO] 🔍 Tivibu Spor 2 → https://www.atomsportv513.top/matches?id=tivibu-spor-2
2026-08-21 09:38:55,288 [INFO] Capturing request: https://www.atomsportv513.top/matches?id=tivibu-spor-2
2026-08-21 09:38:56,685 [INFO] Capturing response: https://www.atomsportv513.top/matches?id=tivibu-spor-2 200 
2026-08-21 09:38:56,851 [INFO] Capturing request: https://www.atomsportv513.top/favicon.ico
2026-08-21 09:38:56,881 [INFO] Capturing request: https://teletv5.top/load/yayinlink.php?id=tivibu-spor-2
2026-08-21 09:38:56,887 [INFO] Capturing response: https://www.atomsportv513.top/favicon.ico 200 
2026-08-21 09:38:57,304 [INFO] Capturing request: https://streamsport365.com/cinema
2026-08-21 09:38:57,554 [INFO] Capturing response: https://streamsport365.com/cinema 200 
2026-08-21 09:38:57,864 [INFO] Capturing response: https://teletv5.top/load/yayinlink.php?id=tivibu-spor-2 200 
2026-08-21 09:39:06,205 [INFO] Capturing request: https://android.clients.google.com/c2dm/register3
2026-08-21 09:39:06,249 [INFO] Capturing response: https://android.clients.google.com/c2dm/register3 301 
2026-08-21 09:39:30,003 [WARNING]   ❌ Tivibu Spor 2 için M3U8 bulunamadı
2026-08-21 09:39:31,003 [INFO] 
[13/14]
2026-08-21 09:39:31,004 [INFO] 🔍 Tivibu Spor 3 → https://www.atomsportv513.top/matches?id=tivibu-spor-3
2026-08-21 09:39:31,112 [INFO] Capturing request: https://www.atomsportv513.top/matches?id=tivibu-spor-3
2026-08-21 09:39:31,468 [INFO] Capturing response: https://www.atomsportv513.top/matches?id=tivibu-spor-3 200 
2026-08-21 09:39:31,607 [INFO] Capturing request: https://teletv5.top/load/yayinlink.php?id=tivibu-spor-3
2026-08-21 09:39:31,610 [INFO] Capturing request: https://www.atomsportv513.top/favicon.ico
2026-08-21 09:39:31,646 [INFO] Capturing response: https://www.atomsportv513.top/favicon.ico 200 
2026-08-21 09:39:31,706 [INFO] Capturing request: https://streamsport365.com/cinema
2026-08-21 09:39:31,752 [INFO] Capturing response: https://teletv5.top/load/yayinlink.php?id=tivibu-spor-3 200 
2026-08-21 09:39:31,960 [INFO] Capturing response: https://streamsport365.com/cinema 200 
2026-08-21 09:40:04,756 [WARNING]   ❌ Tivibu Spor 3 için M3U8 bulunamadı
2026-08-21 09:40:05,756 [INFO] 
[14/14]
2026-08-21 09:40:05,756 [INFO] 🔍 Tivibu Spor 4 → https://www.atomsportv513.top/matches?id=tivibu-spor-4
2026-08-21 09:40:05,865 [INFO] Capturing request: https://www.atomsportv513.top/matches?id=tivibu-spor-4
2026-08-21 09:40:06,227 [INFO] Capturing response: https://www.atomsportv513.top/matches?id=tivibu-spor-4 200 
2026-08-21 09:40:06,365 [INFO] Capturing request: https://www.atomsportv513.top/favicon.ico
2026-08-21 09:40:06,367 [INFO] Capturing request: https://teletv5.top/load/yayinlink.php?id=tivibu-spor-4
2026-08-21 09:40:06,401 [INFO] Capturing response: https://www.atomsportv513.top/favicon.ico 200 
2026-08-21 09:40:06,467 [INFO] Capturing request: https://streamsport365.com/cinema
2026-08-21 09:40:06,513 [INFO] Capturing response: https://teletv5.top/load/yayinlink.php?id=tivibu-spor-4 200 
2026-08-21 09:40:06,721 [INFO] Capturing response: https://streamsport365.com/cinema 200 
2026-08-21 09:40:39,508 [WARNING]   ❌ Tivibu Spor 4 için M3U8 bulunamadı
2026-08-21 09:40:40,576 [INFO] ✅ 10 kanal bulundu, playlist.m3u kaydedildi
