2026-10-01 00:44:54,396 [INFO] 🌐 BASE_URL: https://www.atomsportv515.top
2026-10-01 00:44:55,714 [INFO] Başlanıyor... 14 kanal taranacak
2026-10-01 00:44:55,714 [INFO] Using default request storage
2026-10-01 00:44:55,719 [INFO] Created proxy listening on 127.0.0.1:35055
2026-10-01 00:44:56,384 [INFO] Capturing request: http://clients2.google.com/time/1/current?cup2key=10:ak4Vx4A31Dvd8cN1fzQJvY0jrLPT0HdHRPLTiFkqWsA&cup2hreq=e3b0c44298fc1c149afbf4c8996fb92427ae41e4649b934ca495991b7852b855
2026-10-01 00:44:56,427 [INFO] Capturing response: http://clients2.google.com/time/1/current?cup2key=10:ak4Vx4A31Dvd8cN1fzQJvY0jrLPT0HdHRPLTiFkqWsA&cup2hreq=e3b0c44298fc1c149afbf4c8996fb92427ae41e4649b934ca495991b7852b855 200 OK
2026-10-01 00:44:56,687 [INFO] 
[1/14]
2026-10-01 00:44:56,687 [INFO] 🔍 beIN Sports 1 → https://www.atomsportv515.top/matches?id=bein-sports-1
2026-10-01 00:44:56,759 [INFO] Capturing request: https://update.googleapis.com/service/update2/json?cup2key=ML-DSA-44-16:bvSy6_6iRbyX1j-_gWC4YxjvfNnkMevs_T7x8yqw56M&cup2hreq=4fe67b479df1984acc40b53b56dacdc49d9001e810e1f81c13046614d6aef7a2
2026-10-01 00:44:56,763 [INFO] Capturing request: https://accounts.google.com/ListAccounts?gpsia=1&source=ChromiumBrowser&json=standard&laf=b64bin
2026-10-01 00:44:56,870 [INFO] Capturing response: https://accounts.google.com/ListAccounts?gpsia=1&source=ChromiumBrowser&json=standard&laf=b64bin 200 
2026-10-01 00:44:56,871 [INFO] Capturing request: https://www.google.com/async/folae?async=_fmt:pb&udm=50&client_locale=en-US&client_country=ZZ
2026-10-01 00:44:56,897 [INFO] Capturing response: https://update.googleapis.com/service/update2/json?cup2key=ML-DSA-44-16:bvSy6_6iRbyX1j-_gWC4YxjvfNnkMevs_T7x8yqw56M&cup2hreq=4fe67b479df1984acc40b53b56dacdc49d9001e810e1f81c13046614d6aef7a2 200 
2026-10-01 00:44:56,907 [INFO] Capturing response: https://www.google.com/async/folae?async=_fmt:pb&udm=50&client_locale=en-US&client_country=ZZ 200 
2026-10-01 00:44:56,947 [INFO] Capturing request: https://update.googleapis.com/service/update2/json?cup2key=ML-DSA-44-16:gaW2eYTmkHXVYVI8NjG-xNrbq2mFmfpm0qvS_rnLiqk&cup2hreq=e9c6d297e31094dfa088dc77d94a8472aa3439e3cdd5c48b7c1107b02e57383e
2026-10-01 00:44:56,979 [INFO] Capturing request: https://www.atomsportv515.top/matches?id=bein-sports-1
2026-10-01 00:44:56,983 [INFO] Capturing response: https://update.googleapis.com/service/update2/json?cup2key=ML-DSA-44-16:gaW2eYTmkHXVYVI8NjG-xNrbq2mFmfpm0qvS_rnLiqk&cup2hreq=e9c6d297e31094dfa088dc77d94a8472aa3439e3cdd5c48b7c1107b02e57383e 200 
2026-10-01 00:44:57,034 [INFO] Capturing request: https://update.googleapis.com/service/update2/json?cup2key=ML-DSA-44-16:gI8xZvgNSJVJUAfdPJgavioWNWpCaKTYVFS-I0jq8bQ&cup2hreq=c991fb786d465bf481f67c005c473e4b3c5d8980a13f1e0984389ffae8d5ef1d
2026-10-01 00:44:57,067 [INFO] Capturing response: https://update.googleapis.com/service/update2/json?cup2key=ML-DSA-44-16:gI8xZvgNSJVJUAfdPJgavioWNWpCaKTYVFS-I0jq8bQ&cup2hreq=c991fb786d465bf481f67c005c473e4b3c5d8980a13f1e0984389ffae8d5ef1d 200 
2026-10-01 00:44:57,118 [INFO] Capturing request: https://www.google.com/async/folae?async=_fmt:pb&udm=50&client_locale=en-US&client_country=ZZ
2026-10-01 00:44:57,147 [INFO] Capturing response: https://www.google.com/async/folae?async=_fmt:pb&udm=50&client_locale=en-US&client_country=ZZ 200 
2026-10-01 00:44:57,468 [INFO] Capturing response: https://www.atomsportv515.top/matches?id=bein-sports-1 200 
2026-10-01 00:44:57,681 [INFO] Capturing request: https://cdn.jsdelivr.net/npm/@clappr/player@0.11.16/dist/clappr.min.js
2026-10-01 00:44:57,688 [INFO] Capturing request: https://cdn.jsdelivr.net/npm/level-selector/dist/level-selector.min.js
2026-10-01 00:44:57,690 [INFO] Capturing request: https://cdn.jsdelivr.net/npm/@clappr/hlsjs-playback@1.8.3/dist/hlsjs-playback.min.js
2026-10-01 00:44:57,710 [INFO] Capturing response: https://cdn.jsdelivr.net/npm/level-selector/dist/level-selector.min.js 200 
2026-10-01 00:44:57,749 [INFO] Capturing response: https://cdn.jsdelivr.net/npm/@clappr/player@0.11.16/dist/clappr.min.js 200 
2026-10-01 00:44:57,768 [INFO] Capturing response: https://cdn.jsdelivr.net/npm/@clappr/hlsjs-playback@1.8.3/dist/hlsjs-playback.min.js 200 
2026-10-01 00:44:58,006 [INFO] Capturing request: https://www.atomsportv515.top/favicon.ico
2026-10-01 00:44:58,049 [INFO] Capturing response: https://www.atomsportv515.top/favicon.ico 200 
2026-10-01 00:44:58,074 [INFO] Capturing request: https://teletv5.top/load/yayinlink.php?id=bein-sports-1
2026-10-01 00:44:58,414 [INFO] Capturing response: https://teletv5.top/load/yayinlink.php?id=bein-sports-1 200 
2026-10-01 00:44:58,450 [INFO] Capturing request: https://streamsport365.com/cinema
2026-10-01 00:44:58,704 [INFO] Capturing response: https://streamsport365.com/cinema 200 
2026-10-01 00:44:58,837 [INFO] Capturing request: https://www.atomsportv515.top/assets/img/player/player_logo_6a87a2e2eecc5.png
2026-10-01 00:44:58,887 [INFO] Capturing response: https://www.atomsportv515.top/assets/img/player/player_logo_6a87a2e2eecc5.png 200 
2026-10-01 00:44:59,023 [INFO] Capturing request: https://ladyboy.yedektv.cfd//s-sport/tracks-v1a1/mono.m3u8
2026-10-01 00:44:59,297 [INFO] Capturing response: https://ladyboy.yedektv.cfd//s-sport/tracks-v1a1/mono.m3u8 200 
2026-10-01 00:44:59,561 [INFO] Capturing request: https://d3323gwjvb8d3t.cloudfront.net/s-sport/tracks-v1a1/2026/10/01/00/46/12-05000.jpg
2026-10-01 00:44:59,855 [INFO] Capturing request: https://android.clients.google.com/checkin
2026-10-01 00:44:59,937 [INFO] Capturing response: https://android.clients.google.com/checkin 200 
2026-10-01 00:44:59,989 [INFO] Capturing request: https://android.clients.google.com/c2dm/register3
2026-10-01 00:44:59,992 [INFO] Capturing request: https://android.clients.google.com/c2dm/register3
2026-10-01 00:44:59,994 [INFO] Capturing request: https://android.clients.google.com/c2dm/register3
2026-10-01 00:45:00,043 [INFO] Capturing response: https://d3323gwjvb8d3t.cloudfront.net/s-sport/tracks-v1a1/2026/10/01/00/46/12-05000.jpg 200 
2026-10-01 00:45:00,059 [INFO] Capturing response: https://android.clients.google.com/c2dm/register3 301 
2026-10-01 00:45:00,300 [INFO] Capturing request: https://d3323gwjvb8d3t.cloudfront.net/s-sport/tracks-v1a1/2026/10/01/00/46/17-05000.jpg
2026-10-01 00:45:00,733 [INFO] Capturing response: https://android.clients.google.com/c2dm/register3 200 
2026-10-01 00:45:00,793 [INFO] Capturing response: https://android.clients.google.com/c2dm/register3 200 
2026-10-01 00:45:00,885 [INFO] Capturing response: https://d3323gwjvb8d3t.cloudfront.net/s-sport/tracks-v1a1/2026/10/01/00/46/17-05000.jpg 200 
2026-10-01 00:45:00,951 [INFO]   ✅ M3U8 bulundu: https://ladyboy.yedektv.cfd//s-sport/tracks-v1a1/mono.m3u8
2026-10-01 00:45:01,085 [INFO] Capturing request: https://d3323gwjvb8d3t.cloudfront.net/s-sport/tracks-v1a1/2026/10/01/00/46/22-05000.jpg
2026-10-01 00:45:01,650 [INFO] Capturing response: https://d3323gwjvb8d3t.cloudfront.net/s-sport/tracks-v1a1/2026/10/01/00/46/22-05000.jpg 200 
2026-10-01 00:45:01,952 [INFO] 
[2/14]
2026-10-01 00:45:01,952 [INFO] 🔍 beIN Sports 2 → https://www.atomsportv515.top/matches?id=bein-sports-2
2026-10-01 00:45:02,065 [INFO] Capturing request: https://www.atomsportv515.top/matches?id=bein-sports-2
2026-10-01 00:45:02,263 [INFO] Capturing response: https://www.atomsportv515.top/matches?id=bein-sports-2 200 
2026-10-01 00:45:02,315 [INFO] Capturing request: https://streamsport365.com/cinema
2026-10-01 00:45:02,415 [INFO] Capturing request: https://teletv5.top/load/yayinlink.php?id=bein-sports-2
2026-10-01 00:45:02,416 [INFO] Capturing request: https://www.atomsportv515.top/favicon.ico
2026-10-01 00:45:02,468 [INFO] Capturing response: https://www.atomsportv515.top/favicon.ico 200 
2026-10-01 00:45:02,578 [INFO] Capturing response: https://teletv5.top/load/yayinlink.php?id=bein-sports-2 200 
2026-10-01 00:45:02,671 [INFO] Capturing response: https://streamsport365.com/cinema 200 
2026-10-01 00:45:02,783 [INFO] Capturing request: https://www.atomsportv515.top/assets/img/player/player_logo_6a87a2e2eecc5.png
2026-10-01 00:45:02,792 [INFO] Capturing request: https://ladyboy.yedektv.cfd//bein2/tracks-v1a1/mono.m3u8
2026-10-01 00:45:02,908 [INFO] Capturing response: https://www.atomsportv515.top/assets/img/player/player_logo_6a87a2e2eecc5.png 304 
2026-10-01 00:45:02,910 [INFO] Capturing response: https://ladyboy.yedektv.cfd//bein2/tracks-v1a1/mono.m3u8 200 
2026-10-01 00:45:03,020 [INFO] Capturing request: https://d3323gwjvb8d3t.cloudfront.net/bein2/tracks-v1a1/2026/10/01/00/44/31-10000.jpg
2026-10-01 00:45:04,089 [INFO] Capturing response: https://d3323gwjvb8d3t.cloudfront.net/bein2/tracks-v1a1/2026/10/01/00/44/31-10000.jpg 200 
2026-10-01 00:45:04,423 [INFO] Capturing request: https://d3323gwjvb8d3t.cloudfront.net/bein2/tracks-v1a1/2026/10/01/00/44/41-10000.jpg
2026-10-01 00:45:05,363 [INFO]   ✅ M3U8 bulundu: https://ladyboy.yedektv.cfd//bein2/tracks-v1a1/mono.m3u8
2026-10-01 00:45:05,425 [INFO] Capturing response: https://d3323gwjvb8d3t.cloudfront.net/bein2/tracks-v1a1/2026/10/01/00/44/41-10000.jpg 200 
2026-10-01 00:45:05,730 [INFO] Capturing request: https://d3323gwjvb8d3t.cloudfront.net/bein2/tracks-v1a1/2026/10/01/00/44/51-10000.jpg
2026-10-01 00:45:06,363 [INFO] 
[3/14]
2026-10-01 00:45:06,364 [INFO] 🔍 beIN Sports 3 → https://www.atomsportv515.top/matches?id=bein-sports-3
2026-10-01 00:45:06,475 [INFO] Capturing request: https://www.atomsportv515.top/matches?id=bein-sports-3
2026-10-01 00:45:06,669 [INFO] Capturing response: https://www.atomsportv515.top/matches?id=bein-sports-3 200 
2026-10-01 00:45:06,800 [INFO] Capturing request: https://teletv5.top/load/yayinlink.php?id=bein-sports-3
2026-10-01 00:45:06,806 [INFO] Capturing request: https://www.atomsportv515.top/favicon.ico
2026-10-01 00:45:06,831 [INFO] Capturing response: https://d3323gwjvb8d3t.cloudfront.net/bein2/tracks-v1a1/2026/10/01/00/44/51-10000.jpg 200 
2026-10-01 00:45:06,845 [INFO] Capturing response: https://www.atomsportv515.top/favicon.ico 200 
2026-10-01 00:45:06,900 [INFO] Capturing request: https://streamsport365.com/cinema
2026-10-01 00:45:06,968 [INFO] Capturing response: https://teletv5.top/load/yayinlink.php?id=bein-sports-3 200 
2026-10-01 00:45:07,146 [INFO] Capturing response: https://streamsport365.com/cinema 200 
2026-10-01 00:45:07,256 [INFO] Capturing request: https://www.atomsportv515.top/assets/img/player/player_logo_6a87a2e2eecc5.png
2026-10-01 00:45:07,266 [INFO] Capturing request: https://ladyboy.yedektv.cfd//bein3/tracks-v1a1/mono.m3u8
2026-10-01 00:45:07,378 [INFO] Capturing response: https://www.atomsportv515.top/assets/img/player/player_logo_6a87a2e2eecc5.png 304 
2026-10-01 00:45:07,403 [INFO] Capturing response: https://ladyboy.yedektv.cfd//bein3/tracks-v1a1/mono.m3u8 200 
2026-10-01 00:45:07,514 [INFO] Capturing request: https://d3323gwjvb8d3t.cloudfront.net/bein3/tracks-v1a1/2026/10/01/00/44/50-06000.jpg
2026-10-01 00:45:08,205 [INFO] Capturing response: https://d3323gwjvb8d3t.cloudfront.net/bein3/tracks-v1a1/2026/10/01/00/44/50-06000.jpg 200 
2026-10-01 00:45:08,449 [INFO] Capturing request: https://d3323gwjvb8d3t.cloudfront.net/bein3/tracks-v1a1/2026/10/01/00/44/56-06000.jpg
2026-10-01 00:45:09,023 [INFO] Capturing response: https://d3323gwjvb8d3t.cloudfront.net/bein3/tracks-v1a1/2026/10/01/00/44/56-06000.jpg 200 
2026-10-01 00:45:09,248 [INFO] Capturing request: https://d3323gwjvb8d3t.cloudfront.net/bein3/tracks-v1a1/2026/10/01/00/45/02-06000.jpg
2026-10-01 00:45:09,726 [INFO]   ✅ M3U8 bulundu: https://ladyboy.yedektv.cfd//bein3/tracks-v1a1/mono.m3u8
2026-10-01 00:45:09,797 [INFO] Capturing response: https://d3323gwjvb8d3t.cloudfront.net/bein3/tracks-v1a1/2026/10/01/00/45/02-06000.jpg 200 
2026-10-01 00:45:10,726 [INFO] 
[4/14]
2026-10-01 00:45:10,726 [INFO] 🔍 beIN Sports 4 → https://www.atomsportv515.top/matches?id=bein-sports-4
2026-10-01 00:45:10,837 [INFO] Capturing request: https://www.atomsportv515.top/matches?id=bein-sports-4
2026-10-01 00:45:11,024 [INFO] Capturing response: https://www.atomsportv515.top/matches?id=bein-sports-4 200 
2026-10-01 00:45:11,053 [INFO] Capturing request: https://streamsport365.com/cinema
2026-10-01 00:45:11,150 [INFO] Capturing request: https://teletv5.top/load/yayinlink.php?id=bein-sports-4
2026-10-01 00:45:11,155 [INFO] Capturing request: https://www.atomsportv515.top/favicon.ico
2026-10-01 00:45:11,193 [INFO] Capturing response: https://www.atomsportv515.top/favicon.ico 200 
2026-10-01 00:45:11,301 [INFO] Capturing response: https://streamsport365.com/cinema 200 
2026-10-01 00:45:11,310 [INFO] Capturing response: https://teletv5.top/load/yayinlink.php?id=bein-sports-4 200 
2026-10-01 00:45:11,461 [INFO] Capturing request: https://www.atomsportv515.top/assets/img/player/player_logo_6a87a2e2eecc5.png
2026-10-01 00:45:11,470 [INFO] Capturing request: https://ladyboy.yedektv.cfd//bein4/tracks-v1a1/mono.m3u8
2026-10-01 00:45:11,580 [INFO] Capturing response: https://www.atomsportv515.top/assets/img/player/player_logo_6a87a2e2eecc5.png 304 
2026-10-01 00:45:11,610 [INFO] Capturing response: https://ladyboy.yedektv.cfd//bein4/tracks-v1a1/mono.m3u8 200 
2026-10-01 00:45:11,761 [INFO] Capturing request: https://d3323gwjvb8d3t.cloudfront.net/bein4/tracks-v1a1/2026/10/01/00/44/43-10000.jpg
2026-10-01 00:45:12,807 [INFO] Capturing response: https://d3323gwjvb8d3t.cloudfront.net/bein4/tracks-v1a1/2026/10/01/00/44/43-10000.jpg 200 
2026-10-01 00:45:13,127 [INFO] Capturing request: https://d3323gwjvb8d3t.cloudfront.net/bein4/tracks-v1a1/2026/10/01/00/44/53-10000.jpg
2026-10-01 00:45:14,078 [INFO]   ✅ M3U8 bulundu: https://ladyboy.yedektv.cfd//bein4/tracks-v1a1/mono.m3u8
2026-10-01 00:45:14,205 [INFO] Capturing response: https://d3323gwjvb8d3t.cloudfront.net/bein4/tracks-v1a1/2026/10/01/00/44/53-10000.jpg 200 
2026-10-01 00:45:14,527 [INFO] Capturing request: https://d3323gwjvb8d3t.cloudfront.net/bein4/tracks-v1a1/2026/10/01/00/45/03-10000.jpg
2026-10-01 00:45:15,079 [INFO] 
[5/14]
2026-10-01 00:45:15,079 [INFO] 🔍 beIN Sports 5 → https://www.atomsportv515.top/matches?id=bein-sports-5
2026-10-01 00:45:15,190 [INFO] Capturing request: https://www.atomsportv515.top/matches?id=bein-sports-5
2026-10-01 00:45:15,384 [INFO] Capturing response: https://www.atomsportv515.top/matches?id=bein-sports-5 200 
2026-10-01 00:45:15,518 [INFO] Capturing request: https://teletv5.top/load/yayinlink.php?id=bein-sports-5
2026-10-01 00:45:15,523 [INFO] Capturing request: https://www.atomsportv515.top/favicon.ico
2026-10-01 00:45:15,566 [INFO] Capturing response: https://www.atomsportv515.top/favicon.ico 200 
2026-10-01 00:45:15,610 [INFO] Capturing response: https://d3323gwjvb8d3t.cloudfront.net/bein4/tracks-v1a1/2026/10/01/00/45/03-10000.jpg 200 
2026-10-01 00:45:15,622 [INFO] Capturing request: https://streamsport365.com/cinema
2026-10-01 00:45:15,681 [INFO] Capturing response: https://teletv5.top/load/yayinlink.php?id=bein-sports-5 200 
2026-10-01 00:45:15,877 [INFO] Capturing response: https://streamsport365.com/cinema 200 
2026-10-01 00:45:15,989 [INFO] Capturing request: https://www.atomsportv515.top/assets/img/player/player_logo_6a87a2e2eecc5.png
2026-10-01 00:45:15,999 [INFO] Capturing request: https://ladyboy.yedektv.cfd//bein5/tracks-v1a1/mono.m3u8
2026-10-01 00:45:16,109 [INFO] Capturing response: https://www.atomsportv515.top/assets/img/player/player_logo_6a87a2e2eecc5.png 304 
2026-10-01 00:45:16,129 [INFO] Capturing response: https://ladyboy.yedektv.cfd//bein5/tracks-v1a1/mono.m3u8 404 
2026-10-01 00:45:18,257 [INFO] Capturing request: https://ladyboy.yedektv.cfd//bein5/tracks-v1a1/mono.m3u8
2026-10-01 00:45:18,382 [INFO] Capturing response: https://ladyboy.yedektv.cfd//bein5/tracks-v1a1/mono.m3u8 404 
2026-10-01 00:45:18,434 [INFO]   ✅ M3U8 bulundu: https://ladyboy.yedektv.cfd//bein5/tracks-v1a1/mono.m3u8
2026-10-01 00:45:19,434 [INFO] 
[6/14]
2026-10-01 00:45:19,434 [INFO] 🔍 beIN Sports Max 1 → https://www.atomsportv515.top/matches?id=bein-sports-max-1
2026-10-01 00:45:19,543 [INFO] Capturing request: https://www.atomsportv515.top/matches?id=bein-sports-max-1
2026-10-01 00:45:19,725 [INFO] Capturing response: https://www.atomsportv515.top/matches?id=bein-sports-max-1 200 
2026-10-01 00:45:19,752 [INFO] Capturing request: https://streamsport365.com/cinema
2026-10-01 00:45:19,847 [INFO] Capturing request: https://teletv5.top/load/yayinlink.php?id=bein-sports-max-1
2026-10-01 00:45:19,853 [INFO] Capturing request: https://www.atomsportv515.top/favicon.ico
2026-10-01 00:45:19,993 [INFO] Capturing response: https://www.atomsportv515.top/favicon.ico 200 
2026-10-01 00:45:19,999 [INFO] Capturing response: https://streamsport365.com/cinema 200 
2026-10-01 00:45:20,010 [INFO] Capturing response: https://teletv5.top/load/yayinlink.php?id=bein-sports-max-1 200 
2026-10-01 00:45:20,121 [INFO] Capturing request: https://www.atomsportv515.top/assets/img/player/player_logo_6a87a2e2eecc5.png
2026-10-01 00:45:20,131 [INFO] Capturing request: https://ladyboy.yedektv.cfd//beinmax1/tracks-v1a1/mono.m3u8
2026-10-01 00:45:20,241 [INFO] Capturing response: https://www.atomsportv515.top/assets/img/player/player_logo_6a87a2e2eecc5.png 304 
2026-10-01 00:45:20,289 [INFO] Capturing response: https://ladyboy.yedektv.cfd//beinmax1/tracks-v1a1/mono.m3u8 404 
2026-10-01 00:45:22,409 [INFO] Capturing request: https://ladyboy.yedektv.cfd//beinmax1/tracks-v1a1/mono.m3u8
2026-10-01 00:45:22,537 [INFO] Capturing response: https://ladyboy.yedektv.cfd//beinmax1/tracks-v1a1/mono.m3u8 404 
2026-10-01 00:45:22,767 [INFO]   ✅ M3U8 bulundu: https://ladyboy.yedektv.cfd//beinmax1/tracks-v1a1/mono.m3u8
2026-10-01 00:45:23,767 [INFO] 
[7/14]
2026-10-01 00:45:23,768 [INFO] 🔍 beIN Sports Max 2 → https://www.atomsportv515.top/matches?id=bein-sports-max-2
2026-10-01 00:45:23,858 [INFO] Capturing request: https://android.clients.google.com/c2dm/register3
2026-10-01 00:45:23,877 [INFO] Capturing request: https://www.atomsportv515.top/matches?id=bein-sports-max-2
2026-10-01 00:45:23,896 [INFO] Capturing response: https://android.clients.google.com/c2dm/register3 301 
2026-10-01 00:45:24,063 [INFO] Capturing response: https://www.atomsportv515.top/matches?id=bein-sports-max-2 200 
2026-10-01 00:45:24,192 [INFO] Capturing request: https://teletv5.top/load/yayinlink.php?id=bein-sports-max-2
2026-10-01 00:45:24,194 [INFO] Capturing request: https://www.atomsportv515.top/favicon.ico
2026-10-01 00:45:24,231 [INFO] Capturing response: https://www.atomsportv515.top/favicon.ico 200 
2026-10-01 00:45:24,291 [INFO] Capturing request: https://streamsport365.com/cinema
2026-10-01 00:45:24,352 [INFO] Capturing response: https://teletv5.top/load/yayinlink.php?id=bein-sports-max-2 200 
2026-10-01 00:45:24,543 [INFO] Capturing response: https://streamsport365.com/cinema 200 
2026-10-01 00:45:24,654 [INFO] Capturing request: https://www.atomsportv515.top/assets/img/player/player_logo_6a87a2e2eecc5.png
2026-10-01 00:45:24,664 [INFO] Capturing request: https://ladyboy.yedektv.cfd//beinmax2/tracks-v1a1/mono.m3u8
2026-10-01 00:45:24,775 [INFO] Capturing response: https://www.atomsportv515.top/assets/img/player/player_logo_6a87a2e2eecc5.png 304 
2026-10-01 00:45:24,823 [INFO] Capturing response: https://ladyboy.yedektv.cfd//beinmax2/tracks-v1a1/mono.m3u8 404 
2026-10-01 00:45:26,982 [INFO] Capturing request: https://ladyboy.yedektv.cfd//beinmax2/tracks-v1a1/mono.m3u8
2026-10-01 00:45:27,106 [INFO]   ✅ M3U8 bulundu: https://ladyboy.yedektv.cfd//beinmax2/tracks-v1a1/mono.m3u8
2026-10-01 00:45:27,125 [INFO] Capturing response: https://ladyboy.yedektv.cfd//beinmax2/tracks-v1a1/mono.m3u8 404 
2026-10-01 00:45:28,106 [INFO] 
[8/14]
2026-10-01 00:45:28,106 [INFO] 🔍 S Sport → https://www.atomsportv515.top/matches?id=s-sport
2026-10-01 00:45:28,215 [INFO] Capturing request: https://www.atomsportv515.top/matches?id=s-sport
2026-10-01 00:45:28,530 [INFO] Capturing response: https://www.atomsportv515.top/matches?id=s-sport 200 
2026-10-01 00:45:28,557 [INFO] Capturing request: https://streamsport365.com/cinema
2026-10-01 00:45:28,657 [INFO] Capturing request: https://teletv5.top/load/yayinlink.php?id=s-sport
2026-10-01 00:45:28,658 [INFO] Capturing request: https://www.atomsportv515.top/favicon.ico
2026-10-01 00:45:28,694 [INFO] Capturing response: https://www.atomsportv515.top/favicon.ico 200 
2026-10-01 00:45:28,803 [INFO] Capturing response: https://streamsport365.com/cinema 200 
2026-10-01 00:45:28,821 [INFO] Capturing response: https://teletv5.top/load/yayinlink.php?id=s-sport 200 
2026-10-01 00:45:28,971 [INFO] Capturing request: https://www.atomsportv515.top/assets/img/player/player_logo_6a87a2e2eecc5.png
2026-10-01 00:45:28,981 [INFO] Capturing request: https://ladyboy.yedektv.cfd//s-sport/tracks-v1a1/mono.m3u8
2026-10-01 00:45:29,094 [INFO] Capturing response: https://ladyboy.yedektv.cfd//s-sport/tracks-v1a1/mono.m3u8 200 
2026-10-01 00:45:29,098 [INFO] Capturing response: https://www.atomsportv515.top/assets/img/player/player_logo_6a87a2e2eecc5.png 304 
2026-10-01 00:45:29,206 [INFO] Capturing request: https://d3323gwjvb8d3t.cloudfront.net/s-sport/tracks-v1a1/2026/10/01/00/46/47-05000.jpg
2026-10-01 00:45:29,785 [INFO] Capturing response: https://d3323gwjvb8d3t.cloudfront.net/s-sport/tracks-v1a1/2026/10/01/00/46/47-05000.jpg 200 
2026-10-01 00:45:30,029 [INFO] Capturing request: https://d3323gwjvb8d3t.cloudfront.net/s-sport/tracks-v1a1/2026/10/01/00/46/52-05000.jpg
2026-10-01 00:45:30,547 [INFO] Capturing response: https://d3323gwjvb8d3t.cloudfront.net/s-sport/tracks-v1a1/2026/10/01/00/46/52-05000.jpg 200 
2026-10-01 00:45:30,780 [INFO] Capturing request: https://d3323gwjvb8d3t.cloudfront.net/s-sport/tracks-v1a1/2026/10/01/00/46/57-05000.jpg
2026-10-01 00:45:31,380 [INFO] Capturing response: https://d3323gwjvb8d3t.cloudfront.net/s-sport/tracks-v1a1/2026/10/01/00/46/57-05000.jpg 200 
2026-10-01 00:45:31,582 [INFO]   ✅ M3U8 bulundu: https://ladyboy.yedektv.cfd//s-sport/tracks-v1a1/mono.m3u8
2026-10-01 00:45:32,582 [INFO] 
[9/14]
2026-10-01 00:45:32,583 [INFO] 🔍 S Sport 2 → https://www.atomsportv515.top/matches?id=s-sport-2
2026-10-01 00:45:32,692 [INFO] Capturing request: https://www.atomsportv515.top/matches?id=s-sport-2
2026-10-01 00:45:32,880 [INFO] Capturing response: https://www.atomsportv515.top/matches?id=s-sport-2 200 
2026-10-01 00:45:33,009 [INFO] Capturing request: https://www.atomsportv515.top/favicon.ico
2026-10-01 00:45:33,011 [INFO] Capturing request: https://teletv5.top/load/yayinlink.php?id=s-sport-2
2026-10-01 00:45:33,050 [INFO] Capturing response: https://www.atomsportv515.top/favicon.ico 200 
2026-10-01 00:45:33,104 [INFO] Capturing request: https://streamsport365.com/cinema
2026-10-01 00:45:33,170 [INFO] Capturing response: https://teletv5.top/load/yayinlink.php?id=s-sport-2 200 
2026-10-01 00:45:33,361 [INFO] Capturing response: https://streamsport365.com/cinema 200 
2026-10-01 00:45:33,472 [INFO] Capturing request: https://www.atomsportv515.top/assets/img/player/player_logo_6a87a2e2eecc5.png
2026-10-01 00:45:33,481 [INFO] Capturing request: https://ladyboy.yedektv.cfd//s-sport2/tracks-v1a1/mono.m3u8
2026-10-01 00:45:33,593 [INFO] Capturing response: https://ladyboy.yedektv.cfd//s-sport2/tracks-v1a1/mono.m3u8 200 
2026-10-01 00:45:33,598 [INFO] Capturing response: https://www.atomsportv515.top/assets/img/player/player_logo_6a87a2e2eecc5.png 304 
2026-10-01 00:45:33,743 [INFO] Capturing request: https://d3323gwjvb8d3t.cloudfront.net/s-sport2/tracks-v1a1/2026/10/01/00/46/13-06000.jpg
2026-10-01 00:45:34,285 [INFO] Capturing response: https://d3323gwjvb8d3t.cloudfront.net/s-sport2/tracks-v1a1/2026/10/01/00/46/13-06000.jpg 200 
2026-10-01 00:45:34,520 [INFO] Capturing request: https://d3323gwjvb8d3t.cloudfront.net/s-sport2/tracks-v1a1/2026/10/01/00/46/19-06000.jpg
2026-10-01 00:45:35,117 [INFO] Capturing response: https://d3323gwjvb8d3t.cloudfront.net/s-sport2/tracks-v1a1/2026/10/01/00/46/19-06000.jpg 200 
2026-10-01 00:45:35,358 [INFO] Capturing request: https://d3323gwjvb8d3t.cloudfront.net/s-sport2/tracks-v1a1/2026/10/01/00/46/25-06000.jpg
2026-10-01 00:45:35,933 [INFO]   ✅ M3U8 bulundu: https://ladyboy.yedektv.cfd//s-sport2/tracks-v1a1/mono.m3u8
2026-10-01 00:45:36,158 [INFO] Capturing response: https://d3323gwjvb8d3t.cloudfront.net/s-sport2/tracks-v1a1/2026/10/01/00/46/25-06000.jpg 200 
2026-10-01 00:45:36,934 [INFO] 
[10/14]
2026-10-01 00:45:36,934 [INFO] 🔍 A Spor → https://www.atomsportv515.top/matches?id=a-spor
2026-10-01 00:45:37,045 [INFO] Capturing request: https://www.atomsportv515.top/matches?id=a-spor
2026-10-01 00:45:37,235 [INFO] Capturing response: https://www.atomsportv515.top/matches?id=a-spor 200 
2026-10-01 00:45:37,262 [INFO] Capturing request: https://streamsport365.com/cinema
2026-10-01 00:45:37,363 [INFO] Capturing request: https://teletv5.top/load/yayinlink.php?id=a-spor
2026-10-01 00:45:37,368 [INFO] Capturing request: https://www.atomsportv515.top/favicon.ico
2026-10-01 00:45:37,402 [INFO] Capturing response: https://www.atomsportv515.top/favicon.ico 200 
2026-10-01 00:45:37,513 [INFO] Capturing response: https://streamsport365.com/cinema 200 
2026-10-01 00:45:37,529 [INFO] Capturing response: https://teletv5.top/load/yayinlink.php?id=a-spor 200 
2026-10-01 00:45:37,680 [INFO] Capturing request: https://www.atomsportv515.top/assets/img/player/player_logo_6a87a2e2eecc5.png
2026-10-01 00:45:37,689 [INFO] Capturing request: https://ladyboy.yedektv.cfd//aspor/tracks-v1a1/mono.m3u8
2026-10-01 00:45:37,799 [INFO] Capturing response: https://www.atomsportv515.top/assets/img/player/player_logo_6a87a2e2eecc5.png 304 
2026-10-01 00:45:37,842 [INFO] Capturing response: https://ladyboy.yedektv.cfd//aspor/tracks-v1a1/mono.m3u8 200 
2026-10-01 00:45:37,952 [INFO] Capturing request: https://d3323gwjvb8d3t.cloudfront.net/aspor/tracks-v1a1/2026/10/01/00/45/18-06000.jpg
2026-10-01 00:45:38,773 [INFO] Capturing response: https://d3323gwjvb8d3t.cloudfront.net/aspor/tracks-v1a1/2026/10/01/00/45/18-06000.jpg 200 
2026-10-01 00:45:39,043 [INFO] Capturing request: https://d3323gwjvb8d3t.cloudfront.net/aspor/tracks-v1a1/2026/10/01/00/45/24-06000.jpg
2026-10-01 00:45:39,879 [INFO] Capturing response: https://d3323gwjvb8d3t.cloudfront.net/aspor/tracks-v1a1/2026/10/01/00/45/24-06000.jpg 200 
2026-10-01 00:45:40,146 [INFO] Capturing request: https://d3323gwjvb8d3t.cloudfront.net/aspor/tracks-v1a1/2026/10/01/00/45/30-06000.jpg
2026-10-01 00:45:40,286 [INFO]   ✅ M3U8 bulundu: https://ladyboy.yedektv.cfd//aspor/tracks-v1a1/mono.m3u8
2026-10-01 00:45:40,956 [INFO] Capturing response: https://d3323gwjvb8d3t.cloudfront.net/aspor/tracks-v1a1/2026/10/01/00/45/30-06000.jpg 200 
2026-10-01 00:45:41,286 [INFO] 
[11/14]
2026-10-01 00:45:41,286 [INFO] 🔍 Tivibu Spor 1 → https://www.atomsportv515.top/matches?id=tivibu-spor-1
2026-10-01 00:45:41,397 [INFO] Capturing request: https://www.atomsportv515.top/matches?id=tivibu-spor-1
2026-10-01 00:45:41,583 [INFO] Capturing response: https://www.atomsportv515.top/matches?id=tivibu-spor-1 200 
2026-10-01 00:45:41,711 [INFO] Capturing request: https://teletv5.top/load/yayinlink.php?id=tivibu-spor-1
2026-10-01 00:45:41,715 [INFO] Capturing request: https://www.atomsportv515.top/favicon.ico
2026-10-01 00:45:41,755 [INFO] Capturing response: https://www.atomsportv515.top/favicon.ico 200 
2026-10-01 00:45:41,810 [INFO] Capturing request: https://streamsport365.com/cinema
2026-10-01 00:45:41,878 [INFO] Capturing response: https://teletv5.top/load/yayinlink.php?id=tivibu-spor-1 200 
2026-10-01 00:45:42,057 [INFO] Capturing response: https://streamsport365.com/cinema 200 
2026-10-01 00:45:56,388 [INFO] Capturing request: https://update.googleapis.com/service/update2/json?cup2key=ML-DSA-44-16:PU6ThlUUkgKdWPsFfarWIahei-X0xWAq3viiJ-r8VNY&cup2hreq=8740a8be2f3ddff469be7933da2d1a536dc134d0620e94bf58335249272e0a79
2026-10-01 00:45:56,423 [INFO] Capturing response: https://update.googleapis.com/service/update2/json?cup2key=ML-DSA-44-16:PU6ThlUUkgKdWPsFfarWIahei-X0xWAq3viiJ-r8VNY&cup2hreq=8740a8be2f3ddff469be7933da2d1a536dc134d0620e94bf58335249272e0a79 200 
2026-10-01 00:45:56,433 [INFO] Capturing request: http://edgedl.me.gvt1.com/edgedl/diffgen-puffin/gcmjkmgdlgnkkcocmoeiminaijmmjnii/93d241e87603e2aac20e9e6ab2a12f1dd352be0faabae7597f3872f3267db430
2026-10-01 00:45:56,460 [INFO] Capturing response: http://edgedl.me.gvt1.com/edgedl/diffgen-puffin/gcmjkmgdlgnkkcocmoeiminaijmmjnii/93d241e87603e2aac20e9e6ab2a12f1dd352be0faabae7597f3872f3267db430 200 OK
2026-10-01 00:45:56,486 [INFO] Capturing request: https://update.googleapis.com/service/update2/json
2026-10-01 00:45:56,516 [INFO] Capturing response: https://update.googleapis.com/service/update2/json 200 
2026-10-01 00:45:56,561 [INFO] Capturing request: http://edgedl.me.gvt1.com/edgedl/release2/chrome_component/dh7bue3dg52kfoojj6n4pug4hm_10811/hfnkpimlhhgieaddgfemjhofmfblmnib_10811_all_aclfihvx25zw3ielcfmqgh6vm4qa.crx3
2026-10-01 00:45:56,597 [INFO] Capturing response: http://edgedl.me.gvt1.com/edgedl/release2/chrome_component/dh7bue3dg52kfoojj6n4pug4hm_10811/hfnkpimlhhgieaddgfemjhofmfblmnib_10811_all_aclfihvx25zw3ielcfmqgh6vm4qa.crx3 200 OK
2026-10-01 00:45:56,624 [INFO] Capturing request: https://update.googleapis.com/service/update2/json
2026-10-01 00:45:56,650 [INFO] Capturing response: https://update.googleapis.com/service/update2/json 200 
2026-10-01 00:46:05,654 [INFO] Capturing request: https://android.clients.google.com/c2dm/register3
2026-10-01 00:46:05,698 [INFO] Capturing response: https://android.clients.google.com/c2dm/register3 301 
2026-10-01 00:46:14,925 [WARNING]   ❌ Tivibu Spor 1 için M3U8 bulunamadı
2026-10-01 00:46:15,925 [INFO] 
[12/14]
2026-10-01 00:46:15,925 [INFO] 🔍 Tivibu Spor 2 → https://www.atomsportv515.top/matches?id=tivibu-spor-2
2026-10-01 00:46:16,084 [INFO] Capturing request: https://www.atomsportv515.top/matches?id=tivibu-spor-2
2026-10-01 00:46:16,431 [INFO] Capturing response: https://www.atomsportv515.top/matches?id=tivibu-spor-2 200 
2026-10-01 00:46:16,596 [INFO] Capturing request: https://www.atomsportv515.top/favicon.ico
2026-10-01 00:46:16,634 [INFO] Capturing response: https://www.atomsportv515.top/favicon.ico 200 
2026-10-01 00:46:16,636 [INFO] Capturing request: https://teletv5.top/load/yayinlink.php?id=tivibu-spor-2
2026-10-01 00:46:16,804 [INFO] Capturing response: https://teletv5.top/load/yayinlink.php?id=tivibu-spor-2 200 
2026-10-01 00:46:17,019 [INFO] Capturing request: https://streamsport365.com/cinema
2026-10-01 00:46:17,270 [INFO] Capturing response: https://streamsport365.com/cinema 200 
2026-10-01 00:46:49,747 [WARNING]   ❌ Tivibu Spor 2 için M3U8 bulunamadı
2026-10-01 00:46:50,747 [INFO] 
[13/14]
2026-10-01 00:46:50,747 [INFO] 🔍 Tivibu Spor 3 → https://www.atomsportv515.top/matches?id=tivibu-spor-3
2026-10-01 00:46:50,858 [INFO] Capturing request: https://www.atomsportv515.top/matches?id=tivibu-spor-3
2026-10-01 00:46:51,210 [INFO] Capturing response: https://www.atomsportv515.top/matches?id=tivibu-spor-3 200 
2026-10-01 00:46:51,344 [INFO] Capturing request: https://teletv5.top/load/yayinlink.php?id=tivibu-spor-3
2026-10-01 00:46:51,346 [INFO] Capturing request: https://www.atomsportv515.top/favicon.ico
2026-10-01 00:46:51,393 [INFO] Capturing response: https://www.atomsportv515.top/favicon.ico 200 
2026-10-01 00:46:51,440 [INFO] Capturing request: https://streamsport365.com/cinema
2026-10-01 00:46:51,511 [INFO] Capturing response: https://teletv5.top/load/yayinlink.php?id=tivibu-spor-3 200 
2026-10-01 00:46:51,679 [INFO] Capturing response: https://streamsport365.com/cinema 200 
2026-10-01 00:47:24,497 [WARNING]   ❌ Tivibu Spor 3 için M3U8 bulunamadı
2026-10-01 00:47:25,498 [INFO] 
[14/14]
2026-10-01 00:47:25,498 [INFO] 🔍 Tivibu Spor 4 → https://www.atomsportv515.top/matches?id=tivibu-spor-4
2026-10-01 00:47:25,608 [INFO] Capturing request: https://www.atomsportv515.top/matches?id=tivibu-spor-4
2026-10-01 00:47:25,967 [INFO] Capturing response: https://www.atomsportv515.top/matches?id=tivibu-spor-4 200 
2026-10-01 00:47:26,099 [INFO] Capturing request: https://teletv5.top/load/yayinlink.php?id=tivibu-spor-4
2026-10-01 00:47:26,101 [INFO] Capturing request: https://www.atomsportv515.top/favicon.ico
2026-10-01 00:47:26,159 [INFO] Capturing response: https://www.atomsportv515.top/favicon.ico 200 
2026-10-01 00:47:26,193 [INFO] Capturing request: https://streamsport365.com/cinema
2026-10-01 00:47:26,268 [INFO] Capturing response: https://teletv5.top/load/yayinlink.php?id=tivibu-spor-4 200 
2026-10-01 00:47:26,428 [INFO] Capturing response: https://streamsport365.com/cinema 200 
2026-10-01 00:47:50,583 [INFO] Capturing request: https://android.clients.google.com/c2dm/register3
2026-10-01 00:47:50,631 [INFO] Capturing response: https://android.clients.google.com/c2dm/register3 301 
2026-10-01 00:47:59,253 [WARNING]   ❌ Tivibu Spor 4 için M3U8 bulunamadı
2026-10-01 00:48:00,338 [INFO] ✅ 10 kanal bulundu, playlist.m3u kaydedildi
