2026-09-18 19:00:11,127 [INFO] 🌐 BASE_URL: https://www.atomsportv514.top
2026-09-18 19:00:12,455 [INFO] Başlanıyor... 14 kanal taranacak
2026-09-18 19:00:12,455 [INFO] Using default request storage
2026-09-18 19:00:12,459 [INFO] Created proxy listening on 127.0.0.1:41795
2026-09-18 19:00:13,099 [INFO] Capturing request: http://clients2.google.com/time/1/current?cup2key=10:W4DiEfDpivmhymZsUF0Rim50w3beiJgVt68k2TQRa8A&cup2hreq=e3b0c44298fc1c149afbf4c8996fb92427ae41e4649b934ca495991b7852b855
2026-09-18 19:00:13,158 [INFO] Capturing response: http://clients2.google.com/time/1/current?cup2key=10:W4DiEfDpivmhymZsUF0Rim50w3beiJgVt68k2TQRa8A&cup2hreq=e3b0c44298fc1c149afbf4c8996fb92427ae41e4649b934ca495991b7852b855 200 OK
2026-09-18 19:00:13,355 [INFO] 
[1/14]
2026-09-18 19:00:13,355 [INFO] 🔍 beIN Sports 1 → https://www.atomsportv514.top/matches?id=bein-sports-1
2026-09-18 19:00:13,421 [INFO] Capturing request: https://accounts.google.com/ListAccounts?gpsia=1&source=ChromiumBrowser&json=standard&laf=b64bin
2026-09-18 19:00:13,423 [INFO] Capturing request: https://update.googleapis.com/service/update2/json?cup2key=ML-DSA-44-16:WqWdOzZdhynSt40rlL6Wbb6bZ88Tu_DWP4Fd7OOciPQ&cup2hreq=db9686a14ccbabcca2f06a2bdd7ff539aff791126436596d5b13b12380064739
2026-09-18 19:00:13,497 [INFO] Capturing response: https://update.googleapis.com/service/update2/json?cup2key=ML-DSA-44-16:WqWdOzZdhynSt40rlL6Wbb6bZ88Tu_DWP4Fd7OOciPQ&cup2hreq=db9686a14ccbabcca2f06a2bdd7ff539aff791126436596d5b13b12380064739 200 
2026-09-18 19:00:13,519 [INFO] Capturing request: https://www.google.com/async/folae?async=_fmt:pb&udm=50&client_locale=en-US&client_country=ZZ
2026-09-18 19:00:13,548 [INFO] Capturing request: https://update.googleapis.com/service/update2/json?cup2key=ML-DSA-44-16:jb1ftHYyCATHS5jZpxW2Jt68aqeu259P28tPnBnJnz8&cup2hreq=66ee4c1bd965578e0f6ee287386bc71c0fc24aea17ec399d032527e9626ef657
2026-09-18 19:00:13,553 [INFO] Capturing response: https://www.google.com/async/folae?async=_fmt:pb&udm=50&client_locale=en-US&client_country=ZZ 200 
2026-09-18 19:00:13,557 [INFO] Capturing request: https://www.atomsportv514.top/matches?id=bein-sports-1
2026-09-18 19:00:13,601 [INFO] Capturing response: https://update.googleapis.com/service/update2/json?cup2key=ML-DSA-44-16:jb1ftHYyCATHS5jZpxW2Jt68aqeu259P28tPnBnJnz8&cup2hreq=66ee4c1bd965578e0f6ee287386bc71c0fc24aea17ec399d032527e9626ef657 200 
2026-09-18 19:00:13,619 [INFO] Capturing response: https://accounts.google.com/ListAccounts?gpsia=1&source=ChromiumBrowser&json=standard&laf=b64bin 200 
2026-09-18 19:00:13,649 [INFO] Capturing request: https://update.googleapis.com/service/update2/json?cup2key=ML-DSA-44-16:weLti5lAnVGEH65RJtNbAnJOi-VCjvMQObiNCnArf2g&cup2hreq=4d70c3e387d251477eb6e9930aff9382019dc223103c4fa3f11511f6ca1cdfd2
2026-09-18 19:00:13,705 [INFO] Capturing response: https://update.googleapis.com/service/update2/json?cup2key=ML-DSA-44-16:weLti5lAnVGEH65RJtNbAnJOi-VCjvMQObiNCnArf2g&cup2hreq=4d70c3e387d251477eb6e9930aff9382019dc223103c4fa3f11511f6ca1cdfd2 200 
2026-09-18 19:00:14,345 [INFO] Capturing response: https://www.atomsportv514.top/matches?id=bein-sports-1 200 
2026-09-18 19:00:14,557 [INFO] Capturing request: https://cdn.jsdelivr.net/npm/@clappr/player@0.11.16/dist/clappr.min.js
2026-09-18 19:00:14,564 [INFO] Capturing request: https://cdn.jsdelivr.net/npm/@clappr/hlsjs-playback@1.8.3/dist/hlsjs-playback.min.js
2026-09-18 19:00:14,565 [INFO] Capturing request: https://cdn.jsdelivr.net/npm/level-selector/dist/level-selector.min.js
2026-09-18 19:00:14,596 [INFO] Capturing response: https://cdn.jsdelivr.net/npm/level-selector/dist/level-selector.min.js 200 
2026-09-18 19:00:14,651 [INFO] Capturing response: https://cdn.jsdelivr.net/npm/@clappr/player@0.11.16/dist/clappr.min.js 200 
2026-09-18 19:00:14,667 [INFO] Capturing response: https://cdn.jsdelivr.net/npm/@clappr/hlsjs-playback@1.8.3/dist/hlsjs-playback.min.js 200 
2026-09-18 19:00:14,849 [INFO] Capturing request: https://www.atomsportv514.top/favicon.ico
2026-09-18 19:00:14,944 [INFO] Capturing request: https://teletv5.top/load/yayinlink.php?id=bein-sports-1
2026-09-18 19:00:14,954 [INFO] Capturing response: https://www.atomsportv514.top/favicon.ico 200 
2026-09-18 19:00:15,236 [INFO] Capturing response: https://teletv5.top/load/yayinlink.php?id=bein-sports-1 200 
2026-09-18 19:00:15,446 [INFO] Capturing request: https://streamsport365.com/cinema
2026-09-18 19:00:15,769 [INFO] Capturing response: https://streamsport365.com/cinema 200 
2026-09-18 19:00:15,895 [INFO] Capturing request: https://www.atomsportv514.top/assets/img/player/player_logo_6a87a2e2eecc5.png
2026-09-18 19:00:16,008 [INFO] Capturing response: https://www.atomsportv514.top/assets/img/player/player_logo_6a87a2e2eecc5.png 200 
2026-09-18 19:00:16,152 [INFO] Capturing request: https://ladyboy.taylandpattaya.cfd//beintv/tracks-v1a1/mono.m3u8
2026-09-18 19:00:16,507 [INFO] Capturing response: https://ladyboy.taylandpattaya.cfd//beintv/tracks-v1a1/mono.m3u8 200 
2026-09-18 19:00:16,762 [INFO] Capturing request: https://taylandpompa.taylandpattaya.cfd/beintv/tracks-v1a1/2026/09/18/19/01/14-10000.jpg
2026-09-18 19:00:17,703 [INFO] Capturing response: https://taylandpompa.taylandpattaya.cfd/beintv/tracks-v1a1/2026/09/18/19/01/14-10000.jpg 200 
2026-09-18 19:00:17,773 [INFO]   ✅ M3U8 bulundu: https://ladyboy.taylandpattaya.cfd//beintv/tracks-v1a1/mono.m3u8
2026-09-18 19:00:17,892 [INFO] Capturing request: https://android.clients.google.com/checkin
2026-09-18 19:00:17,911 [INFO] Capturing request: https://taylandpompa.taylandpattaya.cfd/beintv/tracks-v1a1/2026/09/18/19/01/24-10000.jpg
2026-09-18 19:00:17,997 [INFO] Capturing response: https://android.clients.google.com/checkin 200 
2026-09-18 19:00:18,050 [INFO] Capturing request: https://android.clients.google.com/c2dm/register3
2026-09-18 19:00:18,051 [INFO] Capturing request: https://android.clients.google.com/c2dm/register3
2026-09-18 19:00:18,053 [INFO] Capturing request: https://android.clients.google.com/c2dm/register3
2026-09-18 19:00:18,115 [INFO] Capturing response: https://android.clients.google.com/c2dm/register3 301 
2026-09-18 19:00:18,773 [INFO] 
[2/14]
2026-09-18 19:00:18,773 [INFO] 🔍 beIN Sports 2 → https://www.atomsportv514.top/matches?id=bein-sports-2
2026-09-18 19:00:18,883 [INFO] Capturing request: https://www.atomsportv514.top/matches?id=bein-sports-2
2026-09-18 19:00:18,987 [INFO] Capturing response: https://taylandpompa.taylandpattaya.cfd/beintv/tracks-v1a1/2026/09/18/19/01/24-10000.jpg 200 
2026-09-18 19:00:19,031 [INFO] Capturing response: https://android.clients.google.com/c2dm/register3 200 
2026-09-18 19:00:19,180 [INFO] Capturing response: https://www.atomsportv514.top/matches?id=bein-sports-2 200 
2026-09-18 19:00:19,185 [INFO] Capturing request: https://taylandpompa.taylandpattaya.cfd/beintv/tracks-v1a1/2026/09/18/19/01/34-10000.jpg
2026-09-18 19:00:19,221 [INFO] Capturing request: https://streamsport365.com/cinema
2026-09-18 19:00:19,318 [INFO] Capturing request: https://teletv5.top/load/yayinlink.php?id=bein-sports-2
2026-09-18 19:00:19,321 [INFO] Capturing request: https://www.atomsportv514.top/favicon.ico
2026-09-18 19:00:19,390 [INFO] Capturing response: https://www.atomsportv514.top/favicon.ico 200 
2026-09-18 19:00:19,554 [INFO] Capturing response: https://streamsport365.com/cinema 200 
2026-09-18 19:00:19,586 [INFO] Capturing response: https://teletv5.top/load/yayinlink.php?id=bein-sports-2 200 
2026-09-18 19:00:19,697 [INFO] Capturing request: https://www.atomsportv514.top/assets/img/player/player_logo_6a87a2e2eecc5.png
2026-09-18 19:00:19,706 [INFO] Capturing request: https://ladyboy.taylandpattaya.cfd//bein2/tracks-v1a1/mono.m3u8
2026-09-18 19:00:19,731 [INFO] Capturing response: https://android.clients.google.com/c2dm/register3 200 
2026-09-18 19:00:19,834 [INFO] Capturing response: https://www.atomsportv514.top/assets/img/player/player_logo_6a87a2e2eecc5.png 304 
2026-09-18 19:00:19,915 [INFO] Capturing response: https://ladyboy.taylandpattaya.cfd//bein2/tracks-v1a1/mono.m3u8 404 
2026-09-18 19:00:20,109 [INFO] Capturing response: https://taylandpompa.taylandpattaya.cfd/beintv/tracks-v1a1/2026/09/18/19/01/34-10000.jpg 200 
2026-09-18 19:00:22,039 [INFO] Capturing request: https://ladyboy.taylandpattaya.cfd//bein2/tracks-v1a1/mono.m3u8
2026-09-18 19:00:22,235 [INFO]   ✅ M3U8 bulundu: https://ladyboy.taylandpattaya.cfd//bein2/tracks-v1a1/mono.m3u8
2026-09-18 19:00:22,239 [INFO] Capturing response: https://ladyboy.taylandpattaya.cfd//bein2/tracks-v1a1/mono.m3u8 404 
2026-09-18 19:00:23,235 [INFO] 
[3/14]
2026-09-18 19:00:23,235 [INFO] 🔍 beIN Sports 3 → https://www.atomsportv514.top/matches?id=bein-sports-3
2026-09-18 19:00:23,343 [INFO] Capturing request: https://www.atomsportv514.top/matches?id=bein-sports-3
2026-09-18 19:00:23,670 [INFO] Capturing response: https://www.atomsportv514.top/matches?id=bein-sports-3 200 
2026-09-18 19:00:23,795 [INFO] Capturing request: https://teletv5.top/load/yayinlink.php?id=bein-sports-3
2026-09-18 19:00:23,796 [INFO] Capturing request: https://www.atomsportv514.top/favicon.ico
2026-09-18 19:00:23,899 [INFO] Capturing response: https://www.atomsportv514.top/favicon.ico 200 
2026-09-18 19:00:23,930 [INFO] Capturing request: https://streamsport365.com/cinema
2026-09-18 19:00:24,068 [INFO] Capturing response: https://teletv5.top/load/yayinlink.php?id=bein-sports-3 200 
2026-09-18 19:00:24,249 [INFO] Capturing response: https://streamsport365.com/cinema 200 
2026-09-18 19:00:24,358 [INFO] Capturing request: https://www.atomsportv514.top/assets/img/player/player_logo_6a87a2e2eecc5.png
2026-09-18 19:00:24,365 [INFO] Capturing request: https://ladyboy.taylandpattaya.cfd//bein3/tracks-v1a1/mono.m3u8
2026-09-18 19:00:24,495 [INFO] Capturing response: https://www.atomsportv514.top/assets/img/player/player_logo_6a87a2e2eecc5.png 304 
2026-09-18 19:00:24,558 [INFO] Capturing response: https://ladyboy.taylandpattaya.cfd//bein3/tracks-v1a1/mono.m3u8 200 
2026-09-18 19:00:24,707 [INFO] Capturing request: https://taylandpompa.taylandpattaya.cfd/bein3/tracks-v1a1/2026/09/18/19/00/04-08000.jpg
2026-09-18 19:00:25,691 [INFO] Capturing response: https://taylandpompa.taylandpattaya.cfd/bein3/tracks-v1a1/2026/09/18/19/00/04-08000.jpg 200 
2026-09-18 19:00:25,893 [INFO] Capturing request: https://taylandpompa.taylandpattaya.cfd/bein3/tracks-v1a1/2026/09/18/19/00/12-08000.jpg
2026-09-18 19:00:26,709 [INFO]   ✅ M3U8 bulundu: https://ladyboy.taylandpattaya.cfd//bein3/tracks-v1a1/mono.m3u8
2026-09-18 19:00:26,859 [INFO] Capturing response: https://taylandpompa.taylandpattaya.cfd/bein3/tracks-v1a1/2026/09/18/19/00/12-08000.jpg 200 
2026-09-18 19:00:27,057 [INFO] Capturing request: https://taylandpompa.taylandpattaya.cfd/bein3/tracks-v1a1/2026/09/18/19/00/20-08000.jpg
2026-09-18 19:00:27,709 [INFO] 
[4/14]
2026-09-18 19:00:27,709 [INFO] 🔍 beIN Sports 4 → https://www.atomsportv514.top/matches?id=bein-sports-4
2026-09-18 19:00:27,819 [INFO] Capturing request: https://www.atomsportv514.top/matches?id=bein-sports-4
2026-09-18 19:00:28,120 [INFO] Capturing response: https://www.atomsportv514.top/matches?id=bein-sports-4 200 
2026-09-18 19:00:28,147 [INFO] Capturing request: https://streamsport365.com/cinema
2026-09-18 19:00:28,203 [INFO] Capturing response: https://taylandpompa.taylandpattaya.cfd/bein3/tracks-v1a1/2026/09/18/19/00/20-08000.jpg 200 
2026-09-18 19:00:28,248 [INFO] Capturing request: https://teletv5.top/load/yayinlink.php?id=bein-sports-4
2026-09-18 19:00:28,249 [INFO] Capturing request: https://www.atomsportv514.top/favicon.ico
2026-09-18 19:00:28,310 [INFO] Capturing response: https://www.atomsportv514.top/favicon.ico 200 
2026-09-18 19:00:28,481 [INFO] Capturing response: https://streamsport365.com/cinema 200 
2026-09-18 19:00:28,494 [INFO] Capturing response: https://teletv5.top/load/yayinlink.php?id=bein-sports-4 200 
2026-09-18 19:00:28,644 [INFO] Capturing request: https://www.atomsportv514.top/assets/img/player/player_logo_6a87a2e2eecc5.png
2026-09-18 19:00:28,652 [INFO] Capturing request: https://ladyboy.taylandpattaya.cfd//bein4/tracks-v1a1/mono.m3u8
2026-09-18 19:00:28,779 [INFO] Capturing response: https://www.atomsportv514.top/assets/img/player/player_logo_6a87a2e2eecc5.png 304 
2026-09-18 19:00:29,120 [INFO] Capturing response: https://ladyboy.taylandpattaya.cfd//bein4/tracks-v1a1/mono.m3u8 200 
2026-09-18 19:00:29,229 [INFO] Capturing request: https://taylandpompa.taylandpattaya.cfd/bein4/tracks-v1a1/2026/09/18/19/00/39-07680.jpg
2026-09-18 19:00:31,158 [INFO]   ✅ M3U8 bulundu: https://ladyboy.taylandpattaya.cfd//bein4/tracks-v1a1/mono.m3u8
2026-09-18 19:00:32,059 [INFO] Capturing response: https://taylandpompa.taylandpattaya.cfd/bein4/tracks-v1a1/2026/09/18/19/00/39-07680.jpg 200 
2026-09-18 19:00:32,158 [INFO] 
[5/14]
2026-09-18 19:00:32,158 [INFO] 🔍 beIN Sports 5 → https://www.atomsportv514.top/matches?id=bein-sports-5
2026-09-18 19:00:32,267 [INFO] Capturing request: https://www.atomsportv514.top/matches?id=bein-sports-5
2026-09-18 19:00:32,344 [INFO] Capturing request: https://taylandpompa.taylandpattaya.cfd/bein4/tracks-v1a1/2026/09/18/19/00/47-07680.jpg
2026-09-18 19:00:33,092 [INFO] Capturing response: https://www.atomsportv514.top/matches?id=bein-sports-5 200 
2026-09-18 19:00:33,217 [INFO] Capturing request: https://teletv5.top/load/yayinlink.php?id=bein-sports-5
2026-09-18 19:00:33,219 [INFO] Capturing request: https://www.atomsportv514.top/favicon.ico
2026-09-18 19:00:33,321 [INFO] Capturing response: https://www.atomsportv514.top/favicon.ico 200 
2026-09-18 19:00:33,352 [INFO] Capturing request: https://streamsport365.com/cinema
2026-09-18 19:00:33,459 [INFO] Capturing response: https://teletv5.top/load/yayinlink.php?id=bein-sports-5 200 
2026-09-18 19:00:33,677 [INFO] Capturing response: https://streamsport365.com/cinema 200 
2026-09-18 19:00:33,786 [INFO] Capturing request: https://www.atomsportv514.top/assets/img/player/player_logo_6a87a2e2eecc5.png
2026-09-18 19:00:33,794 [INFO] Capturing request: https://ladyboy.taylandpattaya.cfd//bein5/tracks-v1a1/mono.m3u8
2026-09-18 19:00:33,919 [INFO] Capturing response: https://www.atomsportv514.top/assets/img/player/player_logo_6a87a2e2eecc5.png 304 
2026-09-18 19:00:34,011 [INFO] Capturing response: https://ladyboy.taylandpattaya.cfd//bein5/tracks-v1a1/mono.m3u8 200 
2026-09-18 19:00:34,161 [INFO] Capturing request: https://taylandpompa.taylandpattaya.cfd/bein5/tracks-v1a1/2026/09/18/19/00/51-08929.jpg
2026-09-18 19:00:35,240 [INFO] Capturing response: https://taylandpompa.taylandpattaya.cfd/bein5/tracks-v1a1/2026/09/18/19/00/51-08929.jpg 200 
2026-09-18 19:00:35,376 [INFO] Capturing request: https://taylandpompa.taylandpattaya.cfd/bein5/tracks-v1a1/2026/09/18/19/01/00-08929.jpg
2026-09-18 19:00:35,555 [INFO] Capturing response: https://taylandpompa.taylandpattaya.cfd/bein4/tracks-v1a1/2026/09/18/19/00/47-07680.jpg 200 
2026-09-18 19:00:35,603 [INFO] 127.0.0.1:52182: ProtocolException("Error in HTTP connection: Http2ZombieException('Connection or stream already dead: 1789758035.6028328, False')")
2026-09-18 19:00:36,066 [INFO] Capturing response: https://taylandpompa.taylandpattaya.cfd/bein5/tracks-v1a1/2026/09/18/19/01/00-08929.jpg 200 
2026-09-18 19:00:36,134 [INFO]   ✅ M3U8 bulundu: https://ladyboy.taylandpattaya.cfd//bein5/tracks-v1a1/mono.m3u8
2026-09-18 19:00:36,202 [INFO] Capturing request: https://taylandpompa.taylandpattaya.cfd/bein5/tracks-v1a1/2026/09/18/19/01/09-10714.jpg
2026-09-18 19:00:36,936 [INFO] Capturing response: https://taylandpompa.taylandpattaya.cfd/bein5/tracks-v1a1/2026/09/18/19/01/09-10714.jpg 200 
2026-09-18 19:00:37,105 [INFO] Capturing request: https://taylandpompa.taylandpattaya.cfd/bein5/tracks-v1a1/2026/09/18/19/01/19-05714.jpg
2026-09-18 19:00:37,135 [INFO] 
[6/14]
2026-09-18 19:00:37,135 [INFO] 🔍 beIN Sports Max 1 → https://www.atomsportv514.top/matches?id=bein-sports-max-1
2026-09-18 19:00:37,244 [INFO] Capturing request: https://www.atomsportv514.top/matches?id=bein-sports-max-1
2026-09-18 19:00:37,651 [INFO] Capturing response: https://www.atomsportv514.top/matches?id=bein-sports-max-1 200 
2026-09-18 19:00:37,661 [INFO] Capturing response: https://taylandpompa.taylandpattaya.cfd/bein5/tracks-v1a1/2026/09/18/19/01/19-05714.jpg 200 
2026-09-18 19:00:37,687 [INFO] Capturing request: https://streamsport365.com/cinema
2026-09-18 19:00:37,788 [INFO] Capturing request: https://www.atomsportv514.top/favicon.ico
2026-09-18 19:00:37,791 [INFO] Capturing request: https://teletv5.top/load/yayinlink.php?id=bein-sports-max-1
2026-09-18 19:00:37,862 [INFO] Capturing response: https://www.atomsportv514.top/favicon.ico 200 
2026-09-18 19:00:38,009 [INFO] Capturing response: https://streamsport365.com/cinema 200 
2026-09-18 19:00:38,040 [INFO] Capturing response: https://teletv5.top/load/yayinlink.php?id=bein-sports-max-1 200 
2026-09-18 19:00:38,190 [INFO] Capturing request: https://www.atomsportv514.top/assets/img/player/player_logo_6a87a2e2eecc5.png
2026-09-18 19:00:38,197 [INFO] Capturing request: https://ladyboy.taylandpattaya.cfd//beinmax1/tracks-v1a1/mono.m3u8
2026-09-18 19:00:38,325 [INFO] Capturing response: https://www.atomsportv514.top/assets/img/player/player_logo_6a87a2e2eecc5.png 304 
2026-09-18 19:00:38,413 [INFO] Capturing response: https://ladyboy.taylandpattaya.cfd//beinmax1/tracks-v1a1/mono.m3u8 200 
2026-09-18 19:00:38,522 [INFO] Capturing request: https://taylandpompa.taylandpattaya.cfd/beinmax1/tracks-v1a1/2026/09/18/19/00/06-06160.jpg
2026-09-18 19:00:40,582 [INFO] Capturing response: https://taylandpompa.taylandpattaya.cfd/beinmax1/tracks-v1a1/2026/09/18/19/00/06-06160.jpg 200 
2026-09-18 19:00:40,703 [INFO]   ✅ M3U8 bulundu: https://ladyboy.taylandpattaya.cfd//beinmax1/tracks-v1a1/mono.m3u8
2026-09-18 19:00:40,826 [INFO] Capturing request: https://taylandpompa.taylandpattaya.cfd/beinmax1/tracks-v1a1/2026/09/18/19/00/12-11400.jpg
2026-09-18 19:00:41,703 [INFO] 
[7/14]
2026-09-18 19:00:41,703 [INFO] 🔍 beIN Sports Max 2 → https://www.atomsportv514.top/matches?id=bein-sports-max-2
2026-09-18 19:00:41,811 [INFO] Capturing request: https://www.atomsportv514.top/matches?id=bein-sports-max-2
2026-09-18 19:00:42,122 [INFO] Capturing response: https://www.atomsportv514.top/matches?id=bein-sports-max-2 200 
2026-09-18 19:00:42,247 [INFO] Capturing request: https://teletv5.top/load/yayinlink.php?id=bein-sports-max-2
2026-09-18 19:00:42,250 [INFO] Capturing request: https://www.atomsportv514.top/favicon.ico
2026-09-18 19:00:42,338 [INFO] Capturing response: https://www.atomsportv514.top/favicon.ico 200 
2026-09-18 19:00:42,384 [INFO] Capturing request: https://streamsport365.com/cinema
2026-09-18 19:00:42,497 [INFO] Capturing response: https://teletv5.top/load/yayinlink.php?id=bein-sports-max-2 200 
2026-09-18 19:00:42,498 [INFO] Capturing request: https://android.clients.google.com/c2dm/register3
2026-09-18 19:00:42,562 [INFO] Capturing response: https://android.clients.google.com/c2dm/register3 301 
2026-09-18 19:00:42,711 [INFO] Capturing response: https://streamsport365.com/cinema 200 
2026-09-18 19:00:42,820 [INFO] Capturing request: https://www.atomsportv514.top/assets/img/player/player_logo_6a87a2e2eecc5.png
2026-09-18 19:00:42,827 [INFO] Capturing request: https://ladyboy.taylandpattaya.cfd//beinmax2/tracks-v1a1/mono.m3u8
2026-09-18 19:00:42,956 [INFO] Capturing response: https://www.atomsportv514.top/assets/img/player/player_logo_6a87a2e2eecc5.png 304 
2026-09-18 19:00:43,066 [INFO] Capturing response: https://ladyboy.taylandpattaya.cfd//beinmax2/tracks-v1a1/mono.m3u8 404 
2026-09-18 19:00:43,968 [INFO] Capturing response: https://taylandpompa.taylandpattaya.cfd/beinmax1/tracks-v1a1/2026/09/18/19/00/12-11400.jpg 200 
2026-09-18 19:00:45,159 [INFO]   ✅ M3U8 bulundu: https://ladyboy.taylandpattaya.cfd//beinmax2/tracks-v1a1/mono.m3u8
2026-09-18 19:00:45,222 [INFO] Capturing request: https://ladyboy.taylandpattaya.cfd//beinmax2/tracks-v1a1/mono.m3u8
2026-09-18 19:00:45,435 [INFO] Capturing response: https://ladyboy.taylandpattaya.cfd//beinmax2/tracks-v1a1/mono.m3u8 404 
2026-09-18 19:00:46,160 [INFO] 
[8/14]
2026-09-18 19:00:46,160 [INFO] 🔍 S Sport → https://www.atomsportv514.top/matches?id=s-sport
2026-09-18 19:00:46,267 [INFO] Capturing request: https://www.atomsportv514.top/matches?id=s-sport
2026-09-18 19:00:46,780 [INFO] Capturing response: https://www.atomsportv514.top/matches?id=s-sport 200 
2026-09-18 19:00:46,803 [INFO] Capturing request: https://streamsport365.com/cinema
2026-09-18 19:00:46,903 [INFO] Capturing request: https://teletv5.top/load/yayinlink.php?id=s-sport
2026-09-18 19:00:46,905 [INFO] Capturing request: https://www.atomsportv514.top/favicon.ico
2026-09-18 19:00:46,957 [INFO] Capturing response: https://teletv5.top/load/yayinlink.php?id=s-sport 200 
2026-09-18 19:00:47,007 [INFO] Capturing response: https://www.atomsportv514.top/favicon.ico 200 
2026-09-18 19:00:47,243 [INFO] Capturing response: https://streamsport365.com/cinema 200 
2026-09-18 19:00:47,352 [INFO] Capturing request: https://www.atomsportv514.top/assets/img/player/player_logo_6a87a2e2eecc5.png
2026-09-18 19:00:47,360 [INFO] Capturing request: https://ladyboy.taylandpattaya.cfd//s-sport/tracks-v1a1/mono.m3u8
2026-09-18 19:00:47,506 [INFO] Capturing response: https://www.atomsportv514.top/assets/img/player/player_logo_6a87a2e2eecc5.png 304 
2026-09-18 19:00:47,568 [INFO] Capturing response: https://ladyboy.taylandpattaya.cfd//s-sport/tracks-v1a1/mono.m3u8 200 
2026-09-18 19:00:47,718 [INFO] Capturing request: https://taylandpompa.taylandpattaya.cfd/s-sport/tracks-v1a1/2026/09/18/19/00/48-05000.jpg
2026-09-18 19:00:48,793 [INFO] Capturing response: https://taylandpompa.taylandpattaya.cfd/s-sport/tracks-v1a1/2026/09/18/19/00/48-05000.jpg 200 
2026-09-18 19:00:48,955 [INFO] Capturing request: https://taylandpompa.taylandpattaya.cfd/s-sport/tracks-v1a1/2026/09/18/19/00/53-05000.jpg
2026-09-18 19:00:49,818 [INFO]   ✅ M3U8 bulundu: https://ladyboy.taylandpattaya.cfd//s-sport/tracks-v1a1/mono.m3u8
2026-09-18 19:00:49,903 [INFO] Capturing response: https://taylandpompa.taylandpattaya.cfd/s-sport/tracks-v1a1/2026/09/18/19/00/53-05000.jpg 200 
2026-09-18 19:00:50,091 [INFO] Capturing request: https://taylandpompa.taylandpattaya.cfd/s-sport/tracks-v1a1/2026/09/18/19/00/58-05000.jpg
2026-09-18 19:00:50,818 [INFO] 
[9/14]
2026-09-18 19:00:50,819 [INFO] 🔍 S Sport 2 → https://www.atomsportv514.top/matches?id=s-sport-2
2026-09-18 19:00:50,927 [INFO] Capturing request: https://www.atomsportv514.top/matches?id=s-sport-2
2026-09-18 19:00:51,095 [INFO] Capturing response: https://taylandpompa.taylandpattaya.cfd/s-sport/tracks-v1a1/2026/09/18/19/00/58-05000.jpg 200 
2026-09-18 19:00:51,247 [INFO] Capturing response: https://www.atomsportv514.top/matches?id=s-sport-2 200 
2026-09-18 19:00:51,369 [INFO] Capturing request: https://teletv5.top/load/yayinlink.php?id=s-sport-2
2026-09-18 19:00:51,369 [INFO] Capturing request: https://www.atomsportv514.top/favicon.ico
2026-09-18 19:00:51,430 [INFO] Capturing response: https://www.atomsportv514.top/favicon.ico 200 
2026-09-18 19:00:51,505 [INFO] Capturing request: https://streamsport365.com/cinema
2026-09-18 19:00:51,613 [INFO] Capturing response: https://teletv5.top/load/yayinlink.php?id=s-sport-2 200 
2026-09-18 19:00:51,839 [INFO] Capturing response: https://streamsport365.com/cinema 200 
2026-09-18 19:00:51,948 [INFO] Capturing request: https://www.atomsportv514.top/assets/img/player/player_logo_6a87a2e2eecc5.png
2026-09-18 19:00:51,956 [INFO] Capturing request: https://ladyboy.taylandpattaya.cfd//s-sport2/tracks-v1a1/mono.m3u8
2026-09-18 19:00:52,084 [INFO] Capturing response: https://www.atomsportv514.top/assets/img/player/player_logo_6a87a2e2eecc5.png 304 
2026-09-18 19:00:52,176 [INFO] Capturing response: https://ladyboy.taylandpattaya.cfd//s-sport2/tracks-v1a1/mono.m3u8 200 
2026-09-18 19:00:52,285 [INFO] Capturing request: https://taylandpompa.taylandpattaya.cfd/s-sport2/tracks-v1a1/2026/09/18/19/01/59-06400.jpg
2026-09-18 19:00:54,280 [INFO]   ✅ M3U8 bulundu: https://ladyboy.taylandpattaya.cfd//s-sport2/tracks-v1a1/mono.m3u8
2026-09-18 19:00:54,589 [INFO] Capturing response: https://taylandpompa.taylandpattaya.cfd/s-sport2/tracks-v1a1/2026/09/18/19/01/59-06400.jpg 200 
2026-09-18 19:00:54,863 [INFO] Capturing request: https://taylandpompa.taylandpattaya.cfd/s-sport2/tracks-v1a1/2026/09/18/19/02/06-06400.jpg
2026-09-18 19:00:55,280 [INFO] 
[10/14]
2026-09-18 19:00:55,280 [INFO] 🔍 A Spor → https://www.atomsportv514.top/matches?id=a-spor
2026-09-18 19:00:55,389 [INFO] Capturing request: https://www.atomsportv514.top/matches?id=a-spor
2026-09-18 19:00:55,730 [INFO] Capturing response: https://www.atomsportv514.top/matches?id=a-spor 200 
2026-09-18 19:00:55,754 [INFO] Capturing request: https://streamsport365.com/cinema
2026-09-18 19:00:55,854 [INFO] Capturing request: https://teletv5.top/load/yayinlink.php?id=a-spor
2026-09-18 19:00:55,856 [INFO] Capturing request: https://www.atomsportv514.top/favicon.ico
2026-09-18 19:00:55,981 [INFO] Capturing response: https://www.atomsportv514.top/favicon.ico 200 
2026-09-18 19:00:56,084 [INFO] Capturing response: https://streamsport365.com/cinema 200 
2026-09-18 19:00:56,159 [INFO] Capturing response: https://teletv5.top/load/yayinlink.php?id=a-spor 200 
2026-09-18 19:00:56,310 [INFO] Capturing request: https://www.atomsportv514.top/assets/img/player/player_logo_6a87a2e2eecc5.png
2026-09-18 19:00:56,318 [INFO] Capturing request: https://ladyboy.taylandpattaya.cfd//aspor/tracks-v1a1/mono.m3u8
2026-09-18 19:00:56,447 [INFO] Capturing response: https://www.atomsportv514.top/assets/img/player/player_logo_6a87a2e2eecc5.png 304 
2026-09-18 19:00:56,590 [INFO] Capturing response: https://ladyboy.taylandpattaya.cfd//aspor/tracks-v1a1/mono.m3u8 200 
2026-09-18 19:00:56,738 [INFO] Capturing request: https://taylandpompa.taylandpattaya.cfd/aspor/tracks-v1a1/2026/09/18/19/01/31-10000.jpg
2026-09-18 19:00:57,503 [INFO] Capturing response: https://taylandpompa.taylandpattaya.cfd/s-sport2/tracks-v1a1/2026/09/18/19/02/06-06400.jpg 200 
2026-09-18 19:00:58,652 [INFO] Capturing response: https://taylandpompa.taylandpattaya.cfd/aspor/tracks-v1a1/2026/09/18/19/01/31-10000.jpg 200 
2026-09-18 19:00:58,766 [INFO]   ✅ M3U8 bulundu: https://ladyboy.taylandpattaya.cfd//aspor/tracks-v1a1/mono.m3u8
2026-09-18 19:00:58,826 [INFO] Capturing request: https://taylandpompa.taylandpattaya.cfd/aspor/tracks-v1a1/2026/09/18/19/01/41-10000.jpg
2026-09-18 19:00:59,766 [INFO] 
[11/14]
2026-09-18 19:00:59,766 [INFO] 🔍 Tivibu Spor 1 → https://www.atomsportv514.top/matches?id=tivibu-spor-1
2026-09-18 19:00:59,874 [INFO] Capturing request: https://www.atomsportv514.top/matches?id=tivibu-spor-1
2026-09-18 19:01:00,182 [INFO] Capturing response: https://www.atomsportv514.top/matches?id=tivibu-spor-1 200 
2026-09-18 19:01:00,290 [INFO] Capturing response: https://taylandpompa.taylandpattaya.cfd/aspor/tracks-v1a1/2026/09/18/19/01/41-10000.jpg 200 
2026-09-18 19:01:00,304 [INFO] Capturing request: https://teletv5.top/load/yayinlink.php?id=tivibu-spor-1
2026-09-18 19:01:00,307 [INFO] Capturing request: https://www.atomsportv514.top/favicon.ico
2026-09-18 19:01:00,388 [INFO] Capturing response: https://www.atomsportv514.top/favicon.ico 200 
2026-09-18 19:01:00,441 [INFO] Capturing request: https://streamsport365.com/cinema
2026-09-18 19:01:00,559 [INFO] Capturing response: https://teletv5.top/load/yayinlink.php?id=tivibu-spor-1 200 
2026-09-18 19:01:00,768 [INFO] Capturing response: https://streamsport365.com/cinema 200 
2026-09-18 19:01:13,102 [INFO] Capturing request: https://update.googleapis.com/service/update2/json?cup2key=ML-DSA-44-16:FQTN8LDDlH9w2uxU0u_Gy9piWOXWR9TNBOLnTjSDI1I&cup2hreq=b41a7f1924898e2c64140ae114fdd5cd84b515a46ce7d54f5bf571ce9992f298
2026-09-18 19:01:13,157 [INFO] Capturing response: https://update.googleapis.com/service/update2/json?cup2key=ML-DSA-44-16:FQTN8LDDlH9w2uxU0u_Gy9piWOXWR9TNBOLnTjSDI1I&cup2hreq=b41a7f1924898e2c64140ae114fdd5cd84b515a46ce7d54f5bf571ce9992f298 200 
2026-09-18 19:01:13,165 [INFO] Capturing request: http://edgedl.me.gvt1.com/edgedl/diffgen-puffin/gcmjkmgdlgnkkcocmoeiminaijmmjnii/fc1f961a8e1d6f22b29a01eb8f62d27d7f0f928ed1b230dfa8430cc20542c1bf
2026-09-18 19:01:13,177 [INFO] Capturing response: http://edgedl.me.gvt1.com/edgedl/diffgen-puffin/gcmjkmgdlgnkkcocmoeiminaijmmjnii/fc1f961a8e1d6f22b29a01eb8f62d27d7f0f928ed1b230dfa8430cc20542c1bf 200 OK
2026-09-18 19:01:13,198 [INFO] Capturing request: https://update.googleapis.com/service/update2/json
2026-09-18 19:01:13,248 [INFO] Capturing response: https://update.googleapis.com/service/update2/json 200 
2026-09-18 19:01:13,292 [INFO] Capturing request: http://edgedl.me.gvt1.com/edgedl/release2/chrome_component/jhzt3naoutfqwesnrww255ye3q_10784/hfnkpimlhhgieaddgfemjhofmfblmnib_10784_all_ad6dvp3js3yprw65v56uhq2r7tiq.crx3
2026-09-18 19:01:13,308 [INFO] Capturing response: http://edgedl.me.gvt1.com/edgedl/release2/chrome_component/jhzt3naoutfqwesnrww255ye3q_10784/hfnkpimlhhgieaddgfemjhofmfblmnib_10784_all_ad6dvp3js3yprw65v56uhq2r7tiq.crx3 200 OK
2026-09-18 19:01:13,331 [INFO] Capturing request: https://update.googleapis.com/service/update2/json
2026-09-18 19:01:13,372 [INFO] Capturing response: https://update.googleapis.com/service/update2/json 200 
2026-09-18 19:01:33,447 [WARNING]   ❌ Tivibu Spor 1 için M3U8 bulunamadı
2026-09-18 19:01:34,447 [INFO] 
[12/14]
2026-09-18 19:01:34,447 [INFO] 🔍 Tivibu Spor 2 → https://www.atomsportv514.top/matches?id=tivibu-spor-2
2026-09-18 19:01:34,615 [INFO] Capturing request: https://www.atomsportv514.top/matches?id=tivibu-spor-2
2026-09-18 19:01:35,677 [INFO] Capturing response: https://www.atomsportv514.top/matches?id=tivibu-spor-2 200 
2026-09-18 19:01:35,838 [INFO] Capturing request: https://www.atomsportv514.top/favicon.ico
2026-09-18 19:01:35,899 [INFO] Capturing request: https://teletv5.top/load/yayinlink.php?id=tivibu-spor-2
2026-09-18 19:01:35,909 [INFO] Capturing response: https://www.atomsportv514.top/favicon.ico 200 
2026-09-18 19:01:36,453 [INFO] Capturing request: https://streamsport365.com/cinema
2026-09-18 19:01:36,784 [INFO] Capturing response: https://streamsport365.com/cinema 200 
2026-09-18 19:01:37,064 [INFO] Capturing response: https://teletv5.top/load/yayinlink.php?id=tivibu-spor-2 200 
2026-09-18 19:01:37,515 [INFO] Capturing request: https://android.clients.google.com/c2dm/register3
2026-09-18 19:01:37,574 [INFO] Capturing response: https://android.clients.google.com/c2dm/register3 301 
2026-09-18 19:02:08,938 [WARNING]   ❌ Tivibu Spor 2 için M3U8 bulunamadı
2026-09-18 19:02:09,938 [INFO] 
[13/14]
2026-09-18 19:02:09,939 [INFO] 🔍 Tivibu Spor 3 → https://www.atomsportv514.top/matches?id=tivibu-spor-3
2026-09-18 19:02:10,046 [INFO] Capturing request: https://www.atomsportv514.top/matches?id=tivibu-spor-3
2026-09-18 19:02:10,583 [INFO] Capturing response: https://www.atomsportv514.top/matches?id=tivibu-spor-3 200 
2026-09-18 19:02:10,711 [INFO] Capturing request: https://teletv5.top/load/yayinlink.php?id=tivibu-spor-3
2026-09-18 19:02:10,711 [INFO] Capturing request: https://www.atomsportv514.top/favicon.ico
2026-09-18 19:02:10,797 [INFO] Capturing response: https://www.atomsportv514.top/favicon.ico 200 
2026-09-18 19:02:10,848 [INFO] Capturing request: https://streamsport365.com/cinema
2026-09-18 19:02:10,983 [INFO] Capturing response: https://teletv5.top/load/yayinlink.php?id=tivibu-spor-3 200 
2026-09-18 19:02:11,209 [INFO] Capturing response: https://streamsport365.com/cinema 200 
2026-09-18 19:02:43,814 [WARNING]   ❌ Tivibu Spor 3 için M3U8 bulunamadı
2026-09-18 19:02:44,814 [INFO] 
[14/14]
2026-09-18 19:02:44,814 [INFO] 🔍 Tivibu Spor 4 → https://www.atomsportv514.top/matches?id=tivibu-spor-4
2026-09-18 19:02:44,922 [INFO] Capturing request: https://www.atomsportv514.top/matches?id=tivibu-spor-4
2026-09-18 19:02:46,349 [INFO] Capturing response: https://www.atomsportv514.top/matches?id=tivibu-spor-4 200 
2026-09-18 19:02:46,475 [INFO] Capturing request: https://teletv5.top/load/yayinlink.php?id=tivibu-spor-4
2026-09-18 19:02:46,477 [INFO] Capturing request: https://www.atomsportv514.top/favicon.ico
2026-09-18 19:02:46,551 [INFO] Capturing response: https://www.atomsportv514.top/favicon.ico 200 
2026-09-18 19:02:46,610 [INFO] Capturing request: https://streamsport365.com/cinema
2026-09-18 19:02:46,748 [INFO] Capturing response: https://teletv5.top/load/yayinlink.php?id=tivibu-spor-4 200 
2026-09-18 19:02:46,944 [INFO] Capturing response: https://streamsport365.com/cinema 200 
2026-09-18 19:03:04,048 [INFO] Capturing request: https://android.clients.google.com/c2dm/register3
2026-09-18 19:03:04,106 [INFO] Capturing response: https://android.clients.google.com/c2dm/register3 429 
2026-09-18 19:03:19,585 [WARNING]   ❌ Tivibu Spor 4 için M3U8 bulunamadı
2026-09-18 19:03:20,649 [INFO] ✅ 10 kanal bulundu, playlist.m3u kaydedildi
