2026-09-17 05:51:35,457 [INFO] 🌐 BASE_URL: https://www.atomsportv514.top
2026-09-17 05:51:36,529 [INFO] Başlanıyor... 14 kanal taranacak
2026-09-17 05:51:36,529 [INFO] Using default request storage
2026-09-17 05:51:36,533 [INFO] Created proxy listening on 127.0.0.1:45999
2026-09-17 05:51:37,167 [INFO] Capturing request: http://clients2.google.com/time/1/current?cup2key=10:yQtRF9VO4wKgnSM8ikLvMbP27eeguatUaQ-dIVhlNnI&cup2hreq=e3b0c44298fc1c149afbf4c8996fb92427ae41e4649b934ca495991b7852b855
2026-09-17 05:51:37,224 [INFO] Capturing response: http://clients2.google.com/time/1/current?cup2key=10:yQtRF9VO4wKgnSM8ikLvMbP27eeguatUaQ-dIVhlNnI&cup2hreq=e3b0c44298fc1c149afbf4c8996fb92427ae41e4649b934ca495991b7852b855 200 OK
2026-09-17 05:51:37,362 [INFO] 
[1/14]
2026-09-17 05:51:37,362 [INFO] 🔍 beIN Sports 1 → https://www.atomsportv514.top/matches?id=bein-sports-1
2026-09-17 05:51:37,488 [INFO] Capturing request: https://update.googleapis.com/service/update2/json?cup2key=ML-DSA-44-16:Bbh3ARyVahtbFs9i1rYe6S2hWLk-fcsqhQRB0A3j1u4&cup2hreq=ea6789ee471fc29fb53c2dcd3544fe69492ba15114080847718b50b8e312f14c
2026-09-17 05:51:37,494 [INFO] Capturing request: https://accounts.google.com/ListAccounts?gpsia=1&source=ChromiumBrowser&json=standard&laf=b64bin
2026-09-17 05:51:37,572 [INFO] Capturing response: https://update.googleapis.com/service/update2/json?cup2key=ML-DSA-44-16:Bbh3ARyVahtbFs9i1rYe6S2hWLk-fcsqhQRB0A3j1u4&cup2hreq=ea6789ee471fc29fb53c2dcd3544fe69492ba15114080847718b50b8e312f14c 200 
2026-09-17 05:51:37,597 [INFO] Capturing request: https://www.atomsportv514.top/matches?id=bein-sports-1
2026-09-17 05:51:37,599 [INFO] Capturing request: https://www.google.com/async/folae?async=_fmt:pb&udm=50&client_locale=en-US&client_country=ZZ
2026-09-17 05:51:37,607 [INFO] Capturing response: https://accounts.google.com/ListAccounts?gpsia=1&source=ChromiumBrowser&json=standard&laf=b64bin 200 
2026-09-17 05:51:37,620 [INFO] Capturing request: https://update.googleapis.com/service/update2/json?cup2key=ML-DSA-44-16:GPjtdj_XRfHssFfhz5K4lg9gAe2c7AZwEoK2atXPdgA&cup2hreq=7665a2422a78a06cbb35f0a912e8ebb4f4b22e00f4454d712308873db6a380ef
2026-09-17 05:51:37,628 [INFO] Capturing response: https://www.google.com/async/folae?async=_fmt:pb&udm=50&client_locale=en-US&client_country=ZZ 200 
2026-09-17 05:51:37,673 [INFO] Capturing response: https://update.googleapis.com/service/update2/json?cup2key=ML-DSA-44-16:GPjtdj_XRfHssFfhz5K4lg9gAe2c7AZwEoK2atXPdgA&cup2hreq=7665a2422a78a06cbb35f0a912e8ebb4f4b22e00f4454d712308873db6a380ef 200 
2026-09-17 05:51:37,722 [INFO] Capturing request: https://update.googleapis.com/service/update2/json?cup2key=ML-DSA-44-16:pXvWLpOWtsHMmHRpxAbOnuR0AU1O_N6s1N6h8fC-fN0&cup2hreq=a2b8c5228dfb2d60d4954a6017f9c4e79cbdb0190513ba987f82f39f0178196f
2026-09-17 05:51:37,773 [INFO] Capturing response: https://update.googleapis.com/service/update2/json?cup2key=ML-DSA-44-16:pXvWLpOWtsHMmHRpxAbOnuR0AU1O_N6s1N6h8fC-fN0&cup2hreq=a2b8c5228dfb2d60d4954a6017f9c4e79cbdb0190513ba987f82f39f0178196f 200 
2026-09-17 05:51:37,854 [INFO] Capturing request: https://www.google.com/async/folae?async=_fmt:pb&udm=50&client_locale=en-US&client_country=ZZ
2026-09-17 05:51:37,880 [INFO] Capturing response: https://www.google.com/async/folae?async=_fmt:pb&udm=50&client_locale=en-US&client_country=ZZ 200 
2026-09-17 05:51:38,310 [INFO] Capturing response: https://www.atomsportv514.top/matches?id=bein-sports-1 200 
2026-09-17 05:51:38,574 [INFO] Capturing request: https://cdn.jsdelivr.net/npm/@clappr/player@0.11.16/dist/clappr.min.js
2026-09-17 05:51:38,576 [INFO] Capturing request: https://cdn.jsdelivr.net/npm/@clappr/hlsjs-playback@1.8.3/dist/hlsjs-playback.min.js
2026-09-17 05:51:38,579 [INFO] Capturing request: https://cdn.jsdelivr.net/npm/level-selector/dist/level-selector.min.js
2026-09-17 05:51:38,638 [INFO] Capturing response: https://cdn.jsdelivr.net/npm/level-selector/dist/level-selector.min.js 200 
2026-09-17 05:51:38,691 [INFO] Capturing response: https://cdn.jsdelivr.net/npm/@clappr/player@0.11.16/dist/clappr.min.js 200 
2026-09-17 05:51:38,707 [INFO] Capturing response: https://cdn.jsdelivr.net/npm/@clappr/hlsjs-playback@1.8.3/dist/hlsjs-playback.min.js 200 
2026-09-17 05:51:38,896 [INFO] Capturing request: https://www.atomsportv514.top/favicon.ico
2026-09-17 05:51:38,956 [INFO] Capturing response: https://www.atomsportv514.top/favicon.ico 200 
2026-09-17 05:51:38,979 [INFO] Capturing request: https://teletv5.top/load/yayinlink.php?id=bein-sports-1
2026-09-17 05:51:39,467 [INFO] Capturing request: https://streamsport365.com/cinema
2026-09-17 05:51:39,564 [INFO] Capturing response: https://teletv5.top/load/yayinlink.php?id=bein-sports-1 200 
2026-09-17 05:51:39,784 [INFO] Capturing response: https://streamsport365.com/cinema 200 
2026-09-17 05:51:39,911 [INFO] Capturing request: https://www.atomsportv514.top/assets/img/player/player_logo_6a87a2e2eecc5.png
2026-09-17 05:51:39,990 [INFO] Capturing response: https://www.atomsportv514.top/assets/img/player/player_logo_6a87a2e2eecc5.png 200 
2026-09-17 05:51:40,020 [INFO] Capturing request: https://ladyboy.taylandpattaya.cfd//beintv/tracks-v1a1/mono.m3u8
2026-09-17 05:51:40,261 [INFO] Capturing response: https://ladyboy.taylandpattaya.cfd//beintv/tracks-v1a1/mono.m3u8 200 
2026-09-17 05:51:40,695 [INFO] Capturing request: https://taylandpompa.taylandpattaya.cfd/beintv/tracks-v1a1/2026/09/17/05/53/09-06000.jpg
2026-09-17 05:51:40,708 [INFO] Capturing request: https://android.clients.google.com/checkin
2026-09-17 05:51:40,838 [INFO] Capturing response: https://android.clients.google.com/checkin 200 
2026-09-17 05:51:40,889 [INFO] Capturing request: https://android.clients.google.com/c2dm/register3
2026-09-17 05:51:40,890 [INFO] Capturing request: https://android.clients.google.com/c2dm/register3
2026-09-17 05:51:40,891 [INFO] Capturing request: https://android.clients.google.com/c2dm/register3
2026-09-17 05:51:40,954 [INFO] Capturing response: https://android.clients.google.com/c2dm/register3 301 
2026-09-17 05:51:41,645 [INFO] Capturing response: https://taylandpompa.taylandpattaya.cfd/beintv/tracks-v1a1/2026/09/17/05/53/09-06000.jpg 200 
2026-09-17 05:51:41,698 [INFO] Capturing response: https://android.clients.google.com/c2dm/register3 200 
2026-09-17 05:51:41,815 [INFO]   ✅ M3U8 bulundu: https://ladyboy.taylandpattaya.cfd//beintv/tracks-v1a1/mono.m3u8
2026-09-17 05:51:41,874 [INFO] Capturing request: https://taylandpompa.taylandpattaya.cfd/beintv/tracks-v1a1/2026/09/17/05/53/15-06000.jpg
2026-09-17 05:51:41,896 [INFO] Capturing response: https://android.clients.google.com/c2dm/register3 200 
2026-09-17 05:51:42,562 [INFO] Capturing response: https://taylandpompa.taylandpattaya.cfd/beintv/tracks-v1a1/2026/09/17/05/53/15-06000.jpg 200 
2026-09-17 05:51:42,761 [INFO] Capturing request: https://taylandpompa.taylandpattaya.cfd/beintv/tracks-v1a1/2026/09/17/05/53/21-06000.jpg
2026-09-17 05:51:42,815 [INFO] 
[2/14]
2026-09-17 05:51:42,815 [INFO] 🔍 beIN Sports 2 → https://www.atomsportv514.top/matches?id=bein-sports-2
2026-09-17 05:51:42,926 [INFO] Capturing request: https://www.atomsportv514.top/matches?id=bein-sports-2
2026-09-17 05:51:43,212 [INFO] Capturing response: https://www.atomsportv514.top/matches?id=bein-sports-2 200 
2026-09-17 05:51:43,260 [INFO] Capturing request: https://streamsport365.com/cinema
2026-09-17 05:51:43,357 [INFO] Capturing request: https://teletv5.top/load/yayinlink.php?id=bein-sports-2
2026-09-17 05:51:43,359 [INFO] Capturing request: https://www.atomsportv514.top/favicon.ico
2026-09-17 05:51:43,420 [INFO] Capturing response: https://www.atomsportv514.top/favicon.ico 200 
2026-09-17 05:51:43,542 [INFO] Capturing response: https://taylandpompa.taylandpattaya.cfd/beintv/tracks-v1a1/2026/09/17/05/53/21-06000.jpg 200 
2026-09-17 05:51:43,566 [INFO] 127.0.0.1:57998: ProtocolException("Error in HTTP connection: Http2ZombieException('Connection or stream already dead: 1789624303.5660286, False')")
2026-09-17 05:51:43,586 [INFO] Capturing response: https://streamsport365.com/cinema 200 
2026-09-17 05:51:43,793 [INFO] Capturing response: https://teletv5.top/load/yayinlink.php?id=bein-sports-2 200 
2026-09-17 05:51:43,905 [INFO] Capturing request: https://www.atomsportv514.top/assets/img/player/player_logo_6a87a2e2eecc5.png
2026-09-17 05:51:43,914 [INFO] Capturing request: https://ladyboy.taylandpattaya.cfd//bein2/tracks-v1a1/mono.m3u8
2026-09-17 05:51:44,041 [INFO] Capturing response: https://www.atomsportv514.top/assets/img/player/player_logo_6a87a2e2eecc5.png 304 
2026-09-17 05:51:44,135 [INFO] Capturing response: https://ladyboy.taylandpattaya.cfd//bein2/tracks-v1a1/mono.m3u8 200 
2026-09-17 05:51:44,245 [INFO] Capturing request: https://taylandpompa.taylandpattaya.cfd/bein2/tracks-v1a1/2026/09/17/05/51/17-10000.jpg
2026-09-17 05:51:44,970 [INFO] Capturing response: https://taylandpompa.taylandpattaya.cfd/bein2/tracks-v1a1/2026/09/17/05/51/17-10000.jpg 200 
2026-09-17 05:51:45,145 [INFO] Capturing request: https://taylandpompa.taylandpattaya.cfd/bein2/tracks-v1a1/2026/09/17/05/51/27-10000.jpg
2026-09-17 05:51:45,883 [INFO] Capturing response: https://taylandpompa.taylandpattaya.cfd/bein2/tracks-v1a1/2026/09/17/05/51/27-10000.jpg 200 
2026-09-17 05:51:46,087 [INFO] Capturing request: https://taylandpompa.taylandpattaya.cfd/bein2/tracks-v1a1/2026/09/17/05/51/37-05040.jpg
2026-09-17 05:51:46,284 [INFO]   ✅ M3U8 bulundu: https://ladyboy.taylandpattaya.cfd//bein2/tracks-v1a1/mono.m3u8
2026-09-17 05:51:46,708 [INFO] Capturing response: https://taylandpompa.taylandpattaya.cfd/bein2/tracks-v1a1/2026/09/17/05/51/37-05040.jpg 200 
2026-09-17 05:51:46,897 [INFO] Capturing request: https://taylandpompa.taylandpattaya.cfd/bein2/tracks-v1a1/2026/09/17/05/51/42-10000.jpg
2026-09-17 05:51:47,285 [INFO] 
[3/14]
2026-09-17 05:51:47,285 [INFO] 🔍 beIN Sports 3 → https://www.atomsportv514.top/matches?id=bein-sports-3
2026-09-17 05:51:47,397 [INFO] Capturing request: https://www.atomsportv514.top/matches?id=bein-sports-3
2026-09-17 05:51:47,602 [INFO] Capturing response: https://taylandpompa.taylandpattaya.cfd/bein2/tracks-v1a1/2026/09/17/05/51/42-10000.jpg 200 
2026-09-17 05:51:47,688 [INFO] Capturing response: https://www.atomsportv514.top/matches?id=bein-sports-3 200 
2026-09-17 05:51:47,817 [INFO] Capturing request: https://teletv5.top/load/yayinlink.php?id=bein-sports-3
2026-09-17 05:51:47,821 [INFO] Capturing request: https://www.atomsportv514.top/favicon.ico
2026-09-17 05:51:47,876 [INFO] Capturing response: https://www.atomsportv514.top/favicon.ico 200 
2026-09-17 05:51:47,956 [INFO] Capturing request: https://streamsport365.com/cinema
2026-09-17 05:51:48,059 [INFO] Capturing response: https://teletv5.top/load/yayinlink.php?id=bein-sports-3 200 
2026-09-17 05:51:48,280 [INFO] Capturing response: https://streamsport365.com/cinema 200 
2026-09-17 05:51:48,390 [INFO] Capturing request: https://www.atomsportv514.top/assets/img/player/player_logo_6a87a2e2eecc5.png
2026-09-17 05:51:48,398 [INFO] Capturing request: https://ladyboy.taylandpattaya.cfd//bein3/tracks-v1a1/mono.m3u8
2026-09-17 05:51:48,528 [INFO] Capturing response: https://www.atomsportv514.top/assets/img/player/player_logo_6a87a2e2eecc5.png 304 
2026-09-17 05:51:48,725 [INFO] Capturing response: https://ladyboy.taylandpattaya.cfd//bein3/tracks-v1a1/mono.m3u8 200 
2026-09-17 05:51:48,835 [INFO] Capturing request: https://taylandpompa.taylandpattaya.cfd/bein3/tracks-v1a1/2026/09/17/05/53/00-10000.jpg
2026-09-17 05:51:49,597 [INFO] Capturing response: https://taylandpompa.taylandpattaya.cfd/bein3/tracks-v1a1/2026/09/17/05/53/00-10000.jpg 200 
2026-09-17 05:51:49,806 [INFO] Capturing request: https://taylandpompa.taylandpattaya.cfd/bein3/tracks-v1a1/2026/09/17/05/53/10-10000.jpg
2026-09-17 05:51:50,559 [INFO] Capturing response: https://taylandpompa.taylandpattaya.cfd/bein3/tracks-v1a1/2026/09/17/05/53/10-10000.jpg 200 
2026-09-17 05:51:50,735 [INFO]   ✅ M3U8 bulundu: https://ladyboy.taylandpattaya.cfd//bein3/tracks-v1a1/mono.m3u8
2026-09-17 05:51:50,769 [INFO] Capturing request: https://taylandpompa.taylandpattaya.cfd/bein3/tracks-v1a1/2026/09/17/05/53/20-10000.jpg
2026-09-17 05:51:51,622 [INFO] Capturing response: https://taylandpompa.taylandpattaya.cfd/bein3/tracks-v1a1/2026/09/17/05/53/20-10000.jpg 200 
2026-09-17 05:51:51,736 [INFO] 
[4/14]
2026-09-17 05:51:51,736 [INFO] 🔍 beIN Sports 4 → https://www.atomsportv514.top/matches?id=bein-sports-4
2026-09-17 05:51:51,844 [INFO] Capturing request: https://www.atomsportv514.top/matches?id=bein-sports-4
2026-09-17 05:51:52,589 [INFO] Capturing response: https://www.atomsportv514.top/matches?id=bein-sports-4 200 
2026-09-17 05:51:52,617 [INFO] Capturing request: https://streamsport365.com/cinema
2026-09-17 05:51:52,712 [INFO] Capturing request: https://teletv5.top/load/yayinlink.php?id=bein-sports-4
2026-09-17 05:51:52,716 [INFO] Capturing request: https://www.atomsportv514.top/favicon.ico
2026-09-17 05:51:52,772 [INFO] Capturing response: https://www.atomsportv514.top/favicon.ico 200 
2026-09-17 05:51:52,949 [INFO] Capturing response: https://streamsport365.com/cinema 200 
2026-09-17 05:51:52,967 [INFO] Capturing response: https://teletv5.top/load/yayinlink.php?id=bein-sports-4 200 
2026-09-17 05:51:53,119 [INFO] Capturing request: https://www.atomsportv514.top/assets/img/player/player_logo_6a87a2e2eecc5.png
2026-09-17 05:51:53,129 [INFO] Capturing request: https://ladyboy.taylandpattaya.cfd//bein4/tracks-v1a1/mono.m3u8
2026-09-17 05:51:53,267 [INFO] Capturing response: https://www.atomsportv514.top/assets/img/player/player_logo_6a87a2e2eecc5.png 304 
2026-09-17 05:51:53,341 [INFO] Capturing response: https://ladyboy.taylandpattaya.cfd//bein4/tracks-v1a1/mono.m3u8 200 
2026-09-17 05:51:53,492 [INFO] Capturing request: https://taylandpompa.taylandpattaya.cfd/bein4/tracks-v1a1/2026/09/17/05/52/54-10000.jpg
2026-09-17 05:51:55,055 [INFO] Capturing response: https://taylandpompa.taylandpattaya.cfd/bein4/tracks-v1a1/2026/09/17/05/52/54-10000.jpg 200 
2026-09-17 05:51:55,344 [INFO] Capturing request: https://taylandpompa.taylandpattaya.cfd/bein4/tracks-v1a1/2026/09/17/05/53/04-10000.jpg
2026-09-17 05:51:55,631 [INFO]   ✅ M3U8 bulundu: https://ladyboy.taylandpattaya.cfd//bein4/tracks-v1a1/mono.m3u8
2026-09-17 05:51:56,631 [INFO] 
[5/14]
2026-09-17 05:51:56,631 [INFO] 🔍 beIN Sports 5 → https://www.atomsportv514.top/matches?id=bein-sports-5
2026-09-17 05:51:56,740 [INFO] Capturing request: https://www.atomsportv514.top/matches?id=bein-sports-5
2026-09-17 05:51:56,876 [INFO] Capturing response: https://taylandpompa.taylandpattaya.cfd/bein4/tracks-v1a1/2026/09/17/05/53/04-10000.jpg 200 
2026-09-17 05:51:57,028 [INFO] Capturing response: https://www.atomsportv514.top/matches?id=bein-sports-5 200 
2026-09-17 05:51:57,165 [INFO] Capturing request: https://teletv5.top/load/yayinlink.php?id=bein-sports-5
2026-09-17 05:51:57,168 [INFO] Capturing request: https://www.atomsportv514.top/favicon.ico
2026-09-17 05:51:57,227 [INFO] Capturing response: https://www.atomsportv514.top/favicon.ico 200 
2026-09-17 05:51:57,302 [INFO] Capturing request: https://streamsport365.com/cinema
2026-09-17 05:51:57,406 [INFO] Capturing response: https://teletv5.top/load/yayinlink.php?id=bein-sports-5 200 
2026-09-17 05:51:57,626 [INFO] Capturing response: https://streamsport365.com/cinema 200 
2026-09-17 05:51:57,736 [INFO] Capturing request: https://www.atomsportv514.top/assets/img/player/player_logo_6a87a2e2eecc5.png
2026-09-17 05:51:57,746 [INFO] Capturing request: https://ladyboy.taylandpattaya.cfd//bein5/tracks-v1a1/mono.m3u8
2026-09-17 05:51:57,871 [INFO] Capturing response: https://www.atomsportv514.top/assets/img/player/player_logo_6a87a2e2eecc5.png 304 
2026-09-17 05:51:58,080 [INFO] Capturing response: https://ladyboy.taylandpattaya.cfd//bein5/tracks-v1a1/mono.m3u8 404 
2026-09-17 05:52:00,077 [INFO]   ✅ M3U8 bulundu: https://ladyboy.taylandpattaya.cfd//bein5/tracks-v1a1/mono.m3u8
2026-09-17 05:52:00,210 [INFO] Capturing request: https://ladyboy.taylandpattaya.cfd//bein5/tracks-v1a1/mono.m3u8
2026-09-17 05:52:00,423 [INFO] Capturing response: https://ladyboy.taylandpattaya.cfd//bein5/tracks-v1a1/mono.m3u8 404 
2026-09-17 05:52:01,078 [INFO] 
[6/14]
2026-09-17 05:52:01,078 [INFO] 🔍 beIN Sports Max 1 → https://www.atomsportv514.top/matches?id=bein-sports-max-1
2026-09-17 05:52:01,185 [INFO] Capturing request: https://www.atomsportv514.top/matches?id=bein-sports-max-1
2026-09-17 05:52:01,487 [INFO] Capturing response: https://www.atomsportv514.top/matches?id=bein-sports-max-1 200 
2026-09-17 05:52:01,512 [INFO] Capturing request: https://streamsport365.com/cinema
2026-09-17 05:52:01,613 [INFO] Capturing request: https://teletv5.top/load/yayinlink.php?id=bein-sports-max-1
2026-09-17 05:52:01,613 [INFO] Capturing request: https://www.atomsportv514.top/favicon.ico
2026-09-17 05:52:01,683 [INFO] Capturing response: https://www.atomsportv514.top/favicon.ico 200 
2026-09-17 05:52:01,842 [INFO] Capturing response: https://streamsport365.com/cinema 200 
2026-09-17 05:52:01,857 [INFO] Capturing response: https://teletv5.top/load/yayinlink.php?id=bein-sports-max-1 200 
2026-09-17 05:52:02,008 [INFO] Capturing request: https://www.atomsportv514.top/assets/img/player/player_logo_6a87a2e2eecc5.png
2026-09-17 05:52:02,017 [INFO] Capturing request: https://ladyboy.taylandpattaya.cfd//beinmax1/tracks-v1a1/mono.m3u8
2026-09-17 05:52:02,147 [INFO] Capturing response: https://www.atomsportv514.top/assets/img/player/player_logo_6a87a2e2eecc5.png 304 
2026-09-17 05:52:02,249 [INFO] Capturing response: https://ladyboy.taylandpattaya.cfd//beinmax1/tracks-v1a1/mono.m3u8 404 
2026-09-17 05:52:04,368 [INFO] Capturing request: https://ladyboy.taylandpattaya.cfd//beinmax1/tracks-v1a1/mono.m3u8
2026-09-17 05:52:04,523 [INFO]   ✅ M3U8 bulundu: https://ladyboy.taylandpattaya.cfd//beinmax1/tracks-v1a1/mono.m3u8
2026-09-17 05:52:04,574 [INFO] Capturing response: https://ladyboy.taylandpattaya.cfd//beinmax1/tracks-v1a1/mono.m3u8 404 
2026-09-17 05:52:05,524 [INFO] 
[7/14]
2026-09-17 05:52:05,524 [INFO] 🔍 beIN Sports Max 2 → https://www.atomsportv514.top/matches?id=bein-sports-max-2
2026-09-17 05:52:05,631 [INFO] Capturing request: https://www.atomsportv514.top/matches?id=bein-sports-max-2
2026-09-17 05:52:05,917 [INFO] Capturing response: https://www.atomsportv514.top/matches?id=bein-sports-max-2 200 
2026-09-17 05:52:06,040 [INFO] Capturing request: https://teletv5.top/load/yayinlink.php?id=bein-sports-max-2
2026-09-17 05:52:06,042 [INFO] Capturing request: https://www.atomsportv514.top/favicon.ico
2026-09-17 05:52:06,102 [INFO] Capturing response: https://www.atomsportv514.top/favicon.ico 200 
2026-09-17 05:52:06,178 [INFO] Capturing request: https://streamsport365.com/cinema
2026-09-17 05:52:06,289 [INFO] Capturing response: https://teletv5.top/load/yayinlink.php?id=bein-sports-max-2 200 
2026-09-17 05:52:06,505 [INFO] Capturing response: https://streamsport365.com/cinema 200 
2026-09-17 05:52:06,618 [INFO] Capturing request: https://www.atomsportv514.top/assets/img/player/player_logo_6a87a2e2eecc5.png
2026-09-17 05:52:06,629 [INFO] Capturing request: https://ladyboy.taylandpattaya.cfd//beinmax2/tracks-v1a1/mono.m3u8
2026-09-17 05:52:06,762 [INFO] Capturing response: https://www.atomsportv514.top/assets/img/player/player_logo_6a87a2e2eecc5.png 304 
2026-09-17 05:52:06,868 [INFO] Capturing response: https://ladyboy.taylandpattaya.cfd//beinmax2/tracks-v1a1/mono.m3u8 404 
2026-09-17 05:52:08,954 [INFO]   ✅ M3U8 bulundu: https://ladyboy.taylandpattaya.cfd//beinmax2/tracks-v1a1/mono.m3u8
2026-09-17 05:52:09,028 [INFO] Capturing request: https://ladyboy.taylandpattaya.cfd//beinmax2/tracks-v1a1/mono.m3u8
2026-09-17 05:52:09,251 [INFO] Capturing response: https://ladyboy.taylandpattaya.cfd//beinmax2/tracks-v1a1/mono.m3u8 404 
2026-09-17 05:52:09,954 [INFO] 
[8/14]
2026-09-17 05:52:09,954 [INFO] 🔍 S Sport → https://www.atomsportv514.top/matches?id=s-sport
2026-09-17 05:52:10,043 [INFO] Capturing request: https://android.clients.google.com/c2dm/register3
2026-09-17 05:52:10,061 [INFO] Capturing request: https://www.atomsportv514.top/matches?id=s-sport
2026-09-17 05:52:10,112 [INFO] Capturing response: https://android.clients.google.com/c2dm/register3 301 
2026-09-17 05:52:10,558 [INFO] Capturing response: https://www.atomsportv514.top/matches?id=s-sport 200 
2026-09-17 05:52:10,579 [INFO] Capturing request: https://streamsport365.com/cinema
2026-09-17 05:52:10,683 [INFO] Capturing request: https://teletv5.top/load/yayinlink.php?id=s-sport
2026-09-17 05:52:10,684 [INFO] Capturing request: https://www.atomsportv514.top/favicon.ico
2026-09-17 05:52:10,751 [INFO] Capturing response: https://www.atomsportv514.top/favicon.ico 200 
2026-09-17 05:52:10,909 [INFO] Capturing response: https://streamsport365.com/cinema 200 
2026-09-17 05:52:10,929 [INFO] Capturing response: https://teletv5.top/load/yayinlink.php?id=s-sport 200 
2026-09-17 05:52:11,081 [INFO] Capturing request: https://www.atomsportv514.top/assets/img/player/player_logo_6a87a2e2eecc5.png
2026-09-17 05:52:11,089 [INFO] Capturing request: https://ladyboy.taylandpattaya.cfd//s-sport/tracks-v1a1/mono.m3u8
2026-09-17 05:52:11,219 [INFO] Capturing response: https://www.atomsportv514.top/assets/img/player/player_logo_6a87a2e2eecc5.png 304 
2026-09-17 05:52:11,283 [INFO] Capturing response: https://ladyboy.taylandpattaya.cfd//s-sport/tracks-v1a1/mono.m3u8 200 
2026-09-17 05:52:11,394 [INFO] Capturing request: https://taylandpompa.taylandpattaya.cfd/s-sport/tracks-v1a1/2026/09/17/05/51/56-05000.jpg
2026-09-17 05:52:12,054 [INFO] Capturing response: https://taylandpompa.taylandpattaya.cfd/s-sport/tracks-v1a1/2026/09/17/05/51/56-05000.jpg 200 
2026-09-17 05:52:12,253 [INFO] Capturing request: https://taylandpompa.taylandpattaya.cfd/s-sport/tracks-v1a1/2026/09/17/05/52/01-05000.jpg
2026-09-17 05:52:12,891 [INFO] Capturing response: https://taylandpompa.taylandpattaya.cfd/s-sport/tracks-v1a1/2026/09/17/05/52/01-05000.jpg 200 
2026-09-17 05:52:13,086 [INFO] Capturing request: https://taylandpompa.taylandpattaya.cfd/s-sport/tracks-v1a1/2026/09/17/05/52/06-05000.jpg
2026-09-17 05:52:13,612 [INFO]   ✅ M3U8 bulundu: https://ladyboy.taylandpattaya.cfd//s-sport/tracks-v1a1/mono.m3u8
2026-09-17 05:52:13,679 [INFO] Capturing response: https://taylandpompa.taylandpattaya.cfd/s-sport/tracks-v1a1/2026/09/17/05/52/06-05000.jpg 200 
2026-09-17 05:52:14,612 [INFO] 
[9/14]
2026-09-17 05:52:14,612 [INFO] 🔍 S Sport 2 → https://www.atomsportv514.top/matches?id=s-sport-2
2026-09-17 05:52:14,721 [INFO] Capturing request: https://www.atomsportv514.top/matches?id=s-sport-2
2026-09-17 05:52:15,013 [INFO] Capturing response: https://www.atomsportv514.top/matches?id=s-sport-2 200 
2026-09-17 05:52:15,139 [INFO] Capturing request: https://teletv5.top/load/yayinlink.php?id=s-sport-2
2026-09-17 05:52:15,143 [INFO] Capturing request: https://www.atomsportv514.top/favicon.ico
2026-09-17 05:52:15,200 [INFO] Capturing response: https://www.atomsportv514.top/favicon.ico 200 
2026-09-17 05:52:15,276 [INFO] Capturing request: https://streamsport365.com/cinema
2026-09-17 05:52:15,378 [INFO] Capturing response: https://teletv5.top/load/yayinlink.php?id=s-sport-2 200 
2026-09-17 05:52:15,602 [INFO] Capturing response: https://streamsport365.com/cinema 200 
2026-09-17 05:52:15,712 [INFO] Capturing request: https://www.atomsportv514.top/assets/img/player/player_logo_6a87a2e2eecc5.png
2026-09-17 05:52:15,722 [INFO] Capturing request: https://ladyboy.taylandpattaya.cfd//s-sport2/tracks-v1a1/mono.m3u8
2026-09-17 05:52:15,849 [INFO] Capturing response: https://www.atomsportv514.top/assets/img/player/player_logo_6a87a2e2eecc5.png 304 
2026-09-17 05:52:15,945 [INFO] Capturing response: https://ladyboy.taylandpattaya.cfd//s-sport2/tracks-v1a1/mono.m3u8 200 
2026-09-17 05:52:16,096 [INFO] Capturing request: https://taylandpompa.taylandpattaya.cfd/s-sport2/tracks-v1a1/2026/09/17/05/52/38-06000.jpg
2026-09-17 05:52:17,163 [INFO] Capturing response: https://taylandpompa.taylandpattaya.cfd/s-sport2/tracks-v1a1/2026/09/17/05/52/38-06000.jpg 200 
2026-09-17 05:52:17,401 [INFO] Capturing request: https://taylandpompa.taylandpattaya.cfd/s-sport2/tracks-v1a1/2026/09/17/05/52/44-06000.jpg
2026-09-17 05:52:18,057 [INFO]   ✅ M3U8 bulundu: https://ladyboy.taylandpattaya.cfd//s-sport2/tracks-v1a1/mono.m3u8
2026-09-17 05:52:18,369 [INFO] Capturing response: https://taylandpompa.taylandpattaya.cfd/s-sport2/tracks-v1a1/2026/09/17/05/52/44-06000.jpg 200 
2026-09-17 05:52:18,597 [INFO] Capturing request: https://taylandpompa.taylandpattaya.cfd/s-sport2/tracks-v1a1/2026/09/17/05/52/50-06000.jpg
2026-09-17 05:52:19,057 [INFO] 
[10/14]
2026-09-17 05:52:19,057 [INFO] 🔍 A Spor → https://www.atomsportv514.top/matches?id=a-spor
2026-09-17 05:52:19,167 [INFO] Capturing request: https://www.atomsportv514.top/matches?id=a-spor
2026-09-17 05:52:19,453 [INFO] Capturing response: https://www.atomsportv514.top/matches?id=a-spor 200 
2026-09-17 05:52:19,468 [INFO] Capturing response: https://taylandpompa.taylandpattaya.cfd/s-sport2/tracks-v1a1/2026/09/17/05/52/50-06000.jpg 200 
2026-09-17 05:52:19,492 [INFO] Capturing request: https://streamsport365.com/cinema
2026-09-17 05:52:19,591 [INFO] Capturing request: https://teletv5.top/load/yayinlink.php?id=a-spor
2026-09-17 05:52:19,595 [INFO] Capturing request: https://www.atomsportv514.top/favicon.ico
2026-09-17 05:52:19,649 [INFO] Capturing response: https://www.atomsportv514.top/favicon.ico 200 
2026-09-17 05:52:19,819 [INFO] Capturing response: https://streamsport365.com/cinema 200 
2026-09-17 05:52:19,828 [INFO] Capturing response: https://teletv5.top/load/yayinlink.php?id=a-spor 200 
2026-09-17 05:52:19,979 [INFO] Capturing request: https://www.atomsportv514.top/assets/img/player/player_logo_6a87a2e2eecc5.png
2026-09-17 05:52:19,988 [INFO] Capturing request: https://ladyboy.taylandpattaya.cfd//aspor/tracks-v1a1/mono.m3u8
2026-09-17 05:52:20,120 [INFO] Capturing response: https://www.atomsportv514.top/assets/img/player/player_logo_6a87a2e2eecc5.png 304 
2026-09-17 05:52:20,251 [INFO] Capturing response: https://ladyboy.taylandpattaya.cfd//aspor/tracks-v1a1/mono.m3u8 200 
2026-09-17 05:52:20,362 [INFO] Capturing request: https://taylandpompa.taylandpattaya.cfd/aspor/tracks-v1a1/2026/09/17/05/52/31-10000.jpg
2026-09-17 05:52:21,421 [INFO] Capturing response: https://taylandpompa.taylandpattaya.cfd/aspor/tracks-v1a1/2026/09/17/05/52/31-10000.jpg 200 
2026-09-17 05:52:21,625 [INFO] Capturing request: https://taylandpompa.taylandpattaya.cfd/aspor/tracks-v1a1/2026/09/17/05/52/41-10000.jpg
2026-09-17 05:52:22,533 [INFO]   ✅ M3U8 bulundu: https://ladyboy.taylandpattaya.cfd//aspor/tracks-v1a1/mono.m3u8
2026-09-17 05:52:23,398 [INFO] Capturing response: https://taylandpompa.taylandpattaya.cfd/aspor/tracks-v1a1/2026/09/17/05/52/41-10000.jpg 200 
2026-09-17 05:52:23,533 [INFO] 
[11/14]
2026-09-17 05:52:23,533 [INFO] 🔍 Tivibu Spor 1 → https://www.atomsportv514.top/matches?id=tivibu-spor-1
2026-09-17 05:52:23,624 [INFO] Capturing request: https://taylandpompa.taylandpattaya.cfd/aspor/tracks-v1a1/2026/09/17/05/52/51-10000.jpg
2026-09-17 05:52:23,640 [INFO] Capturing request: https://www.atomsportv514.top/matches?id=tivibu-spor-1
2026-09-17 05:52:23,931 [INFO] Capturing response: https://www.atomsportv514.top/matches?id=tivibu-spor-1 200 
2026-09-17 05:52:24,058 [INFO] Capturing request: https://teletv5.top/load/yayinlink.php?id=tivibu-spor-1
2026-09-17 05:52:24,060 [INFO] Capturing request: https://www.atomsportv514.top/favicon.ico
2026-09-17 05:52:24,114 [INFO] Capturing response: https://www.atomsportv514.top/favicon.ico 200 
2026-09-17 05:52:24,199 [INFO] Capturing request: https://streamsport365.com/cinema
2026-09-17 05:52:24,311 [INFO] Capturing response: https://teletv5.top/load/yayinlink.php?id=tivibu-spor-1 200 
2026-09-17 05:52:24,525 [INFO] Capturing response: https://streamsport365.com/cinema 200 
2026-09-17 05:52:24,610 [INFO] Capturing response: https://taylandpompa.taylandpattaya.cfd/aspor/tracks-v1a1/2026/09/17/05/52/51-10000.jpg 200 
2026-09-17 05:52:37,169 [INFO] Capturing request: https://update.googleapis.com/service/update2/json?cup2key=ML-DSA-44-16:kE0bcfebC2Dyhd_cD3OaIGadTAKbczjwOp2fvQs3Uec&cup2hreq=5d39f2262a0126fa18fd2ab7f346ca94d0544aed13f0a1b2e392714c2528225a
2026-09-17 05:52:37,226 [INFO] Capturing response: https://update.googleapis.com/service/update2/json?cup2key=ML-DSA-44-16:kE0bcfebC2Dyhd_cD3OaIGadTAKbczjwOp2fvQs3Uec&cup2hreq=5d39f2262a0126fa18fd2ab7f346ca94d0544aed13f0a1b2e392714c2528225a 200 
2026-09-17 05:52:37,236 [INFO] Capturing request: http://edgedl.me.gvt1.com/edgedl/diffgen-puffin/gcmjkmgdlgnkkcocmoeiminaijmmjnii/fc1f961a8e1d6f22b29a01eb8f62d27d7f0f928ed1b230dfa8430cc20542c1bf
2026-09-17 05:52:37,251 [INFO] Capturing response: http://edgedl.me.gvt1.com/edgedl/diffgen-puffin/gcmjkmgdlgnkkcocmoeiminaijmmjnii/fc1f961a8e1d6f22b29a01eb8f62d27d7f0f928ed1b230dfa8430cc20542c1bf 200 OK
2026-09-17 05:52:37,272 [INFO] Capturing request: https://update.googleapis.com/service/update2/json
2026-09-17 05:52:37,321 [INFO] Capturing response: https://update.googleapis.com/service/update2/json 200 
2026-09-17 05:52:37,366 [INFO] Capturing request: http://edgedl.me.gvt1.com/edgedl/release2/chrome_component/p5m4yyp3na3x7vyxmfivcly3q4_10781/hfnkpimlhhgieaddgfemjhofmfblmnib_10781_all_dphlj6widmu2hdcpj3srm6nwsi.crx3
2026-09-17 05:52:37,378 [INFO] Capturing response: http://edgedl.me.gvt1.com/edgedl/release2/chrome_component/p5m4yyp3na3x7vyxmfivcly3q4_10781/hfnkpimlhhgieaddgfemjhofmfblmnib_10781_all_dphlj6widmu2hdcpj3srm6nwsi.crx3 200 OK
2026-09-17 05:52:37,402 [INFO] Capturing request: https://update.googleapis.com/service/update2/json
2026-09-17 05:52:37,444 [INFO] Capturing response: https://update.googleapis.com/service/update2/json 200 
2026-09-17 05:52:57,128 [INFO] Capturing request: https://android.clients.google.com/c2dm/register3
2026-09-17 05:52:57,190 [INFO] Capturing response: https://android.clients.google.com/c2dm/register3 301 
2026-09-17 05:52:57,219 [WARNING]   ❌ Tivibu Spor 1 için M3U8 bulunamadı
2026-09-17 05:52:58,219 [INFO] 
[12/14]
2026-09-17 05:52:58,220 [INFO] 🔍 Tivibu Spor 2 → https://www.atomsportv514.top/matches?id=tivibu-spor-2
2026-09-17 05:52:58,391 [INFO] Capturing request: https://www.atomsportv514.top/matches?id=tivibu-spor-2
2026-09-17 05:52:58,886 [INFO] Capturing response: https://www.atomsportv514.top/matches?id=tivibu-spor-2 200 
2026-09-17 05:52:59,050 [INFO] Capturing request: https://www.atomsportv514.top/favicon.ico
2026-09-17 05:52:59,110 [INFO] Capturing response: https://www.atomsportv514.top/favicon.ico 200 
2026-09-17 05:52:59,112 [INFO] Capturing request: https://teletv5.top/load/yayinlink.php?id=tivibu-spor-2
2026-09-17 05:52:59,616 [INFO] Capturing request: https://streamsport365.com/cinema
2026-09-17 05:52:59,635 [INFO] Capturing response: https://teletv5.top/load/yayinlink.php?id=tivibu-spor-2 200 
2026-09-17 05:52:59,929 [INFO] Capturing response: https://streamsport365.com/cinema 200 
2026-09-17 05:53:32,148 [WARNING]   ❌ Tivibu Spor 2 için M3U8 bulunamadı
2026-09-17 05:53:33,148 [INFO] 
[13/14]
2026-09-17 05:53:33,148 [INFO] 🔍 Tivibu Spor 3 → https://www.atomsportv514.top/matches?id=tivibu-spor-3
2026-09-17 05:53:33,255 [INFO] Capturing request: https://www.atomsportv514.top/matches?id=tivibu-spor-3
2026-09-17 05:53:33,764 [INFO] Capturing response: https://www.atomsportv514.top/matches?id=tivibu-spor-3 200 
2026-09-17 05:53:33,892 [INFO] Capturing request: https://teletv5.top/load/yayinlink.php?id=tivibu-spor-3
2026-09-17 05:53:33,896 [INFO] Capturing request: https://www.atomsportv514.top/favicon.ico
2026-09-17 05:53:33,959 [INFO] Capturing response: https://www.atomsportv514.top/favicon.ico 200 
2026-09-17 05:53:34,032 [INFO] Capturing request: https://streamsport365.com/cinema
2026-09-17 05:53:34,139 [INFO] Capturing response: https://teletv5.top/load/yayinlink.php?id=tivibu-spor-3 200 
2026-09-17 05:53:34,362 [INFO] Capturing response: https://streamsport365.com/cinema 200 
2026-09-17 05:54:06,994 [WARNING]   ❌ Tivibu Spor 3 için M3U8 bulunamadı
2026-09-17 05:54:07,995 [INFO] 
[14/14]
2026-09-17 05:54:07,995 [INFO] 🔍 Tivibu Spor 4 → https://www.atomsportv514.top/matches?id=tivibu-spor-4
2026-09-17 05:54:08,103 [INFO] Capturing request: https://www.atomsportv514.top/matches?id=tivibu-spor-4
2026-09-17 05:54:08,610 [INFO] Capturing response: https://www.atomsportv514.top/matches?id=tivibu-spor-4 200 
2026-09-17 05:54:08,736 [INFO] Capturing request: https://teletv5.top/load/yayinlink.php?id=tivibu-spor-4
2026-09-17 05:54:08,740 [INFO] Capturing request: https://www.atomsportv514.top/favicon.ico
2026-09-17 05:54:08,860 [INFO] Capturing response: https://www.atomsportv514.top/favicon.ico 200 
2026-09-17 05:54:08,872 [INFO] Capturing request: https://streamsport365.com/cinema
2026-09-17 05:54:08,978 [INFO] Capturing response: https://teletv5.top/load/yayinlink.php?id=tivibu-spor-4 200 
2026-09-17 05:54:09,203 [INFO] Capturing response: https://streamsport365.com/cinema 200 
2026-09-17 05:54:26,584 [INFO] Capturing request: https://android.clients.google.com/c2dm/register3
2026-09-17 05:54:26,642 [INFO] Capturing response: https://android.clients.google.com/c2dm/register3 301 
2026-09-17 05:54:41,839 [WARNING]   ❌ Tivibu Spor 4 için M3U8 bulunamadı
2026-09-17 05:54:42,899 [INFO] ✅ 10 kanal bulundu, playlist.m3u kaydedildi
