2026-09-20 12:04:13,554 [INFO] 🌐 BASE_URL: https://www.atomsportv514.top
2026-09-20 12:04:14,604 [INFO] Başlanıyor... 14 kanal taranacak
2026-09-20 12:04:14,604 [INFO] Using default request storage
2026-09-20 12:04:14,608 [INFO] Created proxy listening on 127.0.0.1:33487
2026-09-20 12:04:15,296 [INFO] Capturing request: http://clients2.google.com/time/1/current?cup2key=10:S62ZFWZdWUk76f_9eLoRmsqgXKyd7TcpkUIUN-9ZHMw&cup2hreq=e3b0c44298fc1c149afbf4c8996fb92427ae41e4649b934ca495991b7852b855
2026-09-20 12:04:15,386 [INFO] Capturing response: http://clients2.google.com/time/1/current?cup2key=10:S62ZFWZdWUk76f_9eLoRmsqgXKyd7TcpkUIUN-9ZHMw&cup2hreq=e3b0c44298fc1c149afbf4c8996fb92427ae41e4649b934ca495991b7852b855 200 OK
2026-09-20 12:04:15,541 [INFO] 
[1/14]
2026-09-20 12:04:15,544 [INFO] 🔍 beIN Sports 1 → https://www.atomsportv514.top/matches?id=bein-sports-1
2026-09-20 12:04:15,712 [INFO] Capturing request: https://accounts.google.com/ListAccounts?gpsia=1&source=ChromiumBrowser&json=standard&laf=b64bin
2026-09-20 12:04:15,735 [INFO] Capturing request: https://update.googleapis.com/service/update2/json?cup2key=ML-DSA-44-16:9Zoe1R61qteMOq2qG3VW14JuKvC9_ALRbwiJIhxeU9E&cup2hreq=12efd573f232e6414461eb9635d0ff932bbeeb0b35c12f6af7033879949acc06
2026-09-20 12:04:15,821 [INFO] Capturing response: https://accounts.google.com/ListAccounts?gpsia=1&source=ChromiumBrowser&json=standard&laf=b64bin 200 
2026-09-20 12:04:15,822 [INFO] Capturing request: https://www.google.com/async/folae?async=_fmt:pb&udm=50&client_locale=en-US&client_country=ZZ
2026-09-20 12:04:15,824 [INFO] Capturing response: https://update.googleapis.com/service/update2/json?cup2key=ML-DSA-44-16:9Zoe1R61qteMOq2qG3VW14JuKvC9_ALRbwiJIhxeU9E&cup2hreq=12efd573f232e6414461eb9635d0ff932bbeeb0b35c12f6af7033879949acc06 200 
2026-09-20 12:04:15,838 [INFO] Capturing request: https://www.atomsportv514.top/matches?id=bein-sports-1
2026-09-20 12:04:15,872 [INFO] Capturing response: https://www.google.com/async/folae?async=_fmt:pb&udm=50&client_locale=en-US&client_country=ZZ 200 
2026-09-20 12:04:15,880 [INFO] Capturing request: https://update.googleapis.com/service/update2/json?cup2key=ML-DSA-44-16:lz-4rfAns58Z0St-3uQAYw18O4N971N_iPoKj2tti8M&cup2hreq=9d9f14c35a842d9eb163315f2fdd746d10ea055959c4f57cc25ff84624808c0b
2026-09-20 12:04:15,947 [INFO] Capturing response: https://update.googleapis.com/service/update2/json?cup2key=ML-DSA-44-16:lz-4rfAns58Z0St-3uQAYw18O4N971N_iPoKj2tti8M&cup2hreq=9d9f14c35a842d9eb163315f2fdd746d10ea055959c4f57cc25ff84624808c0b 200 
2026-09-20 12:04:16,000 [INFO] Capturing request: https://update.googleapis.com/service/update2/json?cup2key=ML-DSA-44-16:0oK6ofOmNvvdYSfpJhsZdvgDUJPlOaja0GbCHApjrDI&cup2hreq=9f0a025406e4f7d05aa3dd77f46fec486985cd25377de0a8de224ec6debf2d09
2026-09-20 12:04:16,065 [INFO] Capturing response: https://update.googleapis.com/service/update2/json?cup2key=ML-DSA-44-16:0oK6ofOmNvvdYSfpJhsZdvgDUJPlOaja0GbCHApjrDI&cup2hreq=9f0a025406e4f7d05aa3dd77f46fec486985cd25377de0a8de224ec6debf2d09 200 
2026-09-20 12:04:16,079 [INFO] Capturing request: https://www.google.com/async/folae?async=_fmt:pb&udm=50&client_locale=en-US&client_country=ZZ
2026-09-20 12:04:16,117 [INFO] Capturing response: https://www.google.com/async/folae?async=_fmt:pb&udm=50&client_locale=en-US&client_country=ZZ 200 
2026-09-20 12:04:16,431 [INFO] Capturing response: https://www.atomsportv514.top/matches?id=bein-sports-1 200 
2026-09-20 12:04:16,670 [INFO] Capturing request: https://cdn.jsdelivr.net/npm/@clappr/player@0.11.16/dist/clappr.min.js
2026-09-20 12:04:16,680 [INFO] Capturing request: https://cdn.jsdelivr.net/npm/@clappr/hlsjs-playback@1.8.3/dist/hlsjs-playback.min.js
2026-09-20 12:04:16,682 [INFO] Capturing request: https://cdn.jsdelivr.net/npm/level-selector/dist/level-selector.min.js
2026-09-20 12:04:16,724 [INFO] Capturing response: https://cdn.jsdelivr.net/npm/level-selector/dist/level-selector.min.js 200 
2026-09-20 12:04:16,827 [INFO] Capturing response: https://cdn.jsdelivr.net/npm/@clappr/hlsjs-playback@1.8.3/dist/hlsjs-playback.min.js 200 
2026-09-20 12:04:16,830 [INFO] Capturing response: https://cdn.jsdelivr.net/npm/@clappr/player@0.11.16/dist/clappr.min.js 200 
2026-09-20 12:04:16,966 [INFO] Capturing request: https://www.atomsportv514.top/matches?id=bein-sports-1
2026-09-20 12:04:17,073 [INFO] Capturing request: https://www.atomsportv514.top/favicon.ico
2026-09-20 12:04:17,153 [INFO] Capturing response: https://www.atomsportv514.top/favicon.ico 200 
2026-09-20 12:04:17,184 [INFO] Capturing request: https://teletv5.top/load/yayinlink.php?id=bein-sports-1
2026-09-20 12:04:17,210 [INFO] Capturing response: https://www.atomsportv514.top/matches?id=bein-sports-1 200 
2026-09-20 12:04:17,646 [INFO] Capturing response: https://teletv5.top/load/yayinlink.php?id=bein-sports-1 200 
2026-09-20 12:04:17,821 [INFO] Capturing request: https://www.atomsportv514.top/assets/img/player/player_logo_6a87a2e2eecc5.png
2026-09-20 12:04:17,906 [INFO] Capturing response: https://www.atomsportv514.top/assets/img/player/player_logo_6a87a2e2eecc5.png 200 
2026-09-20 12:04:17,946 [INFO] Capturing request: https://ladyboy.yedektv.cfd//beintv/tracks-v1a1/mono.m3u8
2026-09-20 12:04:18,162 [INFO] Capturing response: https://ladyboy.yedektv.cfd//beintv/tracks-v1a1/mono.m3u8 200 
2026-09-20 12:04:18,434 [INFO] Capturing request: https://taylandpompa.yedektv.cfd/beintv/tracks-v1a1/2026/09/20/12/04/14-02360.jpg
2026-09-20 12:04:18,759 [INFO] Capturing response: https://taylandpompa.yedektv.cfd/beintv/tracks-v1a1/2026/09/20/12/04/14-02360.jpg 404 
2026-09-20 12:04:18,884 [INFO] Capturing request: https://android.clients.google.com/checkin
2026-09-20 12:04:18,907 [INFO] Capturing request: https://taylandpompa.yedektv.cfd/beintv/tracks-v1a1/2026/09/20/12/04/17-02821.jpg
2026-09-20 12:04:18,982 [INFO] Capturing response: https://android.clients.google.com/checkin 200 
2026-09-20 12:04:19,033 [INFO] Capturing request: https://android.clients.google.com/c2dm/register3
2026-09-20 12:04:19,037 [INFO] Capturing request: https://android.clients.google.com/c2dm/register3
2026-09-20 12:04:19,038 [INFO] Capturing request: https://android.clients.google.com/c2dm/register3
2026-09-20 12:04:19,094 [INFO] Capturing response: https://android.clients.google.com/c2dm/register3 301 
2026-09-20 12:04:19,107 [INFO] Capturing response: https://android.clients.google.com/c2dm/register3 200 
2026-09-20 12:04:19,112 [INFO] Capturing response: https://android.clients.google.com/c2dm/register3 200 
2026-09-20 12:04:19,475 [INFO] Capturing response: https://taylandpompa.yedektv.cfd/beintv/tracks-v1a1/2026/09/20/12/04/17-02821.jpg 200 
2026-09-20 12:04:19,835 [INFO] Capturing request: https://taylandpompa.yedektv.cfd/beintv/tracks-v1a1/2026/09/20/12/04/21-05450.jpg
2026-09-20 12:04:19,999 [INFO]   ✅ M3U8 bulundu: https://ladyboy.yedektv.cfd//beintv/tracks-v1a1/mono.m3u8
2026-09-20 12:04:20,420 [INFO] Capturing response: https://taylandpompa.yedektv.cfd/beintv/tracks-v1a1/2026/09/20/12/04/21-05450.jpg 200 
2026-09-20 12:04:20,999 [INFO] 
[2/14]
2026-09-20 12:04:21,000 [INFO] 🔍 beIN Sports 2 → https://www.atomsportv514.top/matches?id=bein-sports-2
2026-09-20 12:04:21,112 [INFO] Capturing request: https://www.atomsportv514.top/matches?id=bein-sports-2
2026-09-20 12:04:21,350 [INFO] Capturing response: https://www.atomsportv514.top/matches?id=bein-sports-2 200 
2026-09-20 12:04:21,404 [INFO] Capturing request: https://www.atomsportv514.top/matches?id=bein-sports-2
2026-09-20 12:04:21,501 [INFO] Capturing request: https://teletv5.top/load/yayinlink.php?id=bein-sports-2
2026-09-20 12:04:21,505 [INFO] Capturing request: https://www.atomsportv514.top/favicon.ico
2026-09-20 12:04:21,568 [INFO] Capturing response: https://www.atomsportv514.top/favicon.ico 200 
2026-09-20 12:04:21,643 [INFO] Capturing response: https://www.atomsportv514.top/matches?id=bein-sports-2 200 
2026-09-20 12:04:21,732 [INFO] Capturing response: https://teletv5.top/load/yayinlink.php?id=bein-sports-2 200 
2026-09-20 12:04:21,844 [INFO] Capturing request: https://www.atomsportv514.top/assets/img/player/player_logo_6a87a2e2eecc5.png
2026-09-20 12:04:21,855 [INFO] Capturing request: https://ladyboy.yedektv.cfd//bein2/tracks-v1a1/mono.m3u8
2026-09-20 12:04:21,976 [INFO] Capturing response: https://www.atomsportv514.top/assets/img/player/player_logo_6a87a2e2eecc5.png 304 
2026-09-20 12:04:22,022 [INFO] Capturing response: https://ladyboy.yedektv.cfd//bein2/tracks-v1a1/mono.m3u8 200 
2026-09-20 12:04:22,133 [INFO] Capturing request: https://taylandpompa.yedektv.cfd/bein2/tracks-v1a1/2026/09/20/12/04/01-10000.jpg
2026-09-20 12:04:23,256 [INFO] Capturing response: https://taylandpompa.yedektv.cfd/bein2/tracks-v1a1/2026/09/20/12/04/01-10000.jpg 200 
2026-09-20 12:04:23,616 [INFO] Capturing request: https://taylandpompa.yedektv.cfd/bein2/tracks-v1a1/2026/09/20/12/04/11-10000.jpg
2026-09-20 12:04:24,429 [INFO]   ✅ M3U8 bulundu: https://ladyboy.yedektv.cfd//bein2/tracks-v1a1/mono.m3u8
2026-09-20 12:04:24,730 [INFO] Capturing response: https://taylandpompa.yedektv.cfd/bein2/tracks-v1a1/2026/09/20/12/04/11-10000.jpg 200 
2026-09-20 12:04:25,069 [INFO] Capturing request: https://taylandpompa.yedektv.cfd/bein2/tracks-v1a1/2026/09/20/12/04/21-10000.jpg
2026-09-20 12:04:25,429 [INFO] 
[3/14]
2026-09-20 12:04:25,429 [INFO] 🔍 beIN Sports 3 → https://www.atomsportv514.top/matches?id=bein-sports-3
2026-09-20 12:04:25,548 [INFO] Capturing request: https://www.atomsportv514.top/matches?id=bein-sports-3
2026-09-20 12:04:25,781 [INFO] Capturing response: https://www.atomsportv514.top/matches?id=bein-sports-3 200 
2026-09-20 12:04:25,817 [INFO] Capturing request: https://www.atomsportv514.top/matches?id=bein-sports-3
2026-09-20 12:04:25,915 [INFO] Capturing request: https://teletv5.top/load/yayinlink.php?id=bein-sports-3
2026-09-20 12:04:25,918 [INFO] Capturing request: https://www.atomsportv514.top/favicon.ico
2026-09-20 12:04:25,980 [INFO] Capturing response: https://www.atomsportv514.top/favicon.ico 200 
2026-09-20 12:04:26,058 [INFO] Capturing response: https://www.atomsportv514.top/matches?id=bein-sports-3 200 
2026-09-20 12:04:26,090 [INFO] Capturing response: https://taylandpompa.yedektv.cfd/bein2/tracks-v1a1/2026/09/20/12/04/21-10000.jpg 200 
2026-09-20 12:04:26,123 [INFO] Capturing response: https://teletv5.top/load/yayinlink.php?id=bein-sports-3 200 
2026-09-20 12:04:26,157 [INFO] 127.0.0.1:34520: ProtocolException("Error in HTTP connection: Http2ZombieException('Connection or stream already dead: 1789905866.1568165, False')")
2026-09-20 12:04:26,242 [INFO] Capturing request: https://www.atomsportv514.top/assets/img/player/player_logo_6a87a2e2eecc5.png
2026-09-20 12:04:26,262 [INFO] Capturing request: https://ladyboy.yedektv.cfd//bein3/tracks-v1a1/mono.m3u8
2026-09-20 12:04:26,373 [INFO] Capturing response: https://www.atomsportv514.top/assets/img/player/player_logo_6a87a2e2eecc5.png 304 
2026-09-20 12:04:26,430 [INFO] Capturing response: https://ladyboy.yedektv.cfd//bein3/tracks-v1a1/mono.m3u8 200 
2026-09-20 12:04:26,544 [INFO] Capturing request: https://taylandpompa.yedektv.cfd/bein3/tracks-v1a1/2026/09/20/12/04/04-10000.jpg
2026-09-20 12:04:27,560 [INFO] Capturing response: https://taylandpompa.yedektv.cfd/bein3/tracks-v1a1/2026/09/20/12/04/04-10000.jpg 200 
2026-09-20 12:04:27,897 [INFO] Capturing request: https://taylandpompa.yedektv.cfd/bein3/tracks-v1a1/2026/09/20/12/04/14-10000.jpg
2026-09-20 12:04:28,841 [INFO]   ✅ M3U8 bulundu: https://ladyboy.yedektv.cfd//bein3/tracks-v1a1/mono.m3u8
2026-09-20 12:04:28,906 [INFO] Capturing response: https://taylandpompa.yedektv.cfd/bein3/tracks-v1a1/2026/09/20/12/04/14-10000.jpg 200 
2026-09-20 12:04:29,205 [INFO] Capturing request: https://taylandpompa.yedektv.cfd/bein3/tracks-v1a1/2026/09/20/12/04/24-10000.jpg
2026-09-20 12:04:29,842 [INFO] 
[4/14]
2026-09-20 12:04:29,842 [INFO] 🔍 beIN Sports 4 → https://www.atomsportv514.top/matches?id=bein-sports-4
2026-09-20 12:04:29,960 [INFO] Capturing request: https://www.atomsportv514.top/matches?id=bein-sports-4
2026-09-20 12:04:30,118 [INFO] Capturing response: https://taylandpompa.yedektv.cfd/bein3/tracks-v1a1/2026/09/20/12/04/24-10000.jpg 200 
2026-09-20 12:04:30,197 [INFO] Capturing response: https://www.atomsportv514.top/matches?id=bein-sports-4 200 
2026-09-20 12:04:30,238 [INFO] Capturing request: https://www.atomsportv514.top/matches?id=bein-sports-4
2026-09-20 12:04:30,255 [INFO] 127.0.0.1:34520: ProtocolException("Error in HTTP connection: Http2ZombieException('Connection or stream already dead: 1789905870.2546294, False')")
2026-09-20 12:04:30,338 [INFO] Capturing request: https://teletv5.top/load/yayinlink.php?id=bein-sports-4
2026-09-20 12:04:30,342 [INFO] Capturing request: https://www.atomsportv514.top/favicon.ico
2026-09-20 12:04:30,403 [INFO] Capturing response: https://www.atomsportv514.top/favicon.ico 200 
2026-09-20 12:04:30,483 [INFO] Capturing response: https://www.atomsportv514.top/matches?id=bein-sports-4 200 
2026-09-20 12:04:30,564 [INFO] Capturing response: https://teletv5.top/load/yayinlink.php?id=bein-sports-4 200 
2026-09-20 12:04:30,677 [INFO] Capturing request: https://www.atomsportv514.top/assets/img/player/player_logo_6a87a2e2eecc5.png
2026-09-20 12:04:30,686 [INFO] Capturing request: https://ladyboy.yedektv.cfd//bein4/tracks-v1a1/mono.m3u8
2026-09-20 12:04:30,817 [INFO] Capturing response: https://www.atomsportv514.top/assets/img/player/player_logo_6a87a2e2eecc5.png 304 
2026-09-20 12:04:30,852 [INFO] Capturing response: https://ladyboy.yedektv.cfd//bein4/tracks-v1a1/mono.m3u8 200 
2026-09-20 12:04:31,003 [INFO] Capturing request: https://taylandpompa.yedektv.cfd/bein4/tracks-v1a1/2026/09/20/12/04/08-06000.jpg
2026-09-20 12:04:31,386 [INFO] Capturing response: https://taylandpompa.yedektv.cfd/bein4/tracks-v1a1/2026/09/20/12/04/08-06000.jpg 200 
2026-09-20 12:04:31,592 [INFO] Capturing request: https://taylandpompa.yedektv.cfd/bein4/tracks-v1a1/2026/09/20/12/04/14-06000.jpg
2026-09-20 12:04:32,060 [INFO] Capturing response: https://taylandpompa.yedektv.cfd/bein4/tracks-v1a1/2026/09/20/12/04/14-06000.jpg 200 
2026-09-20 12:04:32,275 [INFO] Capturing request: https://taylandpompa.yedektv.cfd/bein4/tracks-v1a1/2026/09/20/12/04/20-06000.jpg
2026-09-20 12:04:32,687 [INFO] Capturing response: https://taylandpompa.yedektv.cfd/bein4/tracks-v1a1/2026/09/20/12/04/20-06000.jpg 200 
2026-09-20 12:04:33,254 [INFO]   ✅ M3U8 bulundu: https://ladyboy.yedektv.cfd//bein4/tracks-v1a1/mono.m3u8
2026-09-20 12:04:34,255 [INFO] 
[5/14]
2026-09-20 12:04:34,255 [INFO] 🔍 beIN Sports 5 → https://www.atomsportv514.top/matches?id=bein-sports-5
2026-09-20 12:04:34,368 [INFO] Capturing request: https://www.atomsportv514.top/matches?id=bein-sports-5
2026-09-20 12:04:34,601 [INFO] Capturing response: https://www.atomsportv514.top/matches?id=bein-sports-5 200 
2026-09-20 12:04:34,629 [INFO] Capturing request: https://www.atomsportv514.top/matches?id=bein-sports-5
2026-09-20 12:04:34,729 [INFO] Capturing request: https://www.atomsportv514.top/favicon.ico
2026-09-20 12:04:34,730 [INFO] Capturing request: https://teletv5.top/load/yayinlink.php?id=bein-sports-5
2026-09-20 12:04:34,791 [INFO] Capturing response: https://www.atomsportv514.top/favicon.ico 200 
2026-09-20 12:04:34,869 [INFO] Capturing response: https://www.atomsportv514.top/matches?id=bein-sports-5 200 
2026-09-20 12:04:34,953 [INFO] Capturing response: https://teletv5.top/load/yayinlink.php?id=bein-sports-5 200 
2026-09-20 12:04:35,066 [INFO] Capturing request: https://www.atomsportv514.top/assets/img/player/player_logo_6a87a2e2eecc5.png
2026-09-20 12:04:35,078 [INFO] Capturing request: https://ladyboy.yedektv.cfd//bein5/tracks-v1a1/mono.m3u8
2026-09-20 12:04:35,201 [INFO] Capturing response: https://www.atomsportv514.top/assets/img/player/player_logo_6a87a2e2eecc5.png 304 
2026-09-20 12:04:35,236 [INFO] Capturing response: https://ladyboy.yedektv.cfd//bein5/tracks-v1a1/mono.m3u8 200 
2026-09-20 12:04:35,347 [INFO] Capturing request: https://taylandpompa.yedektv.cfd/bein5/tracks-v1a1/2026/09/20/12/04/47-08821.jpg
2026-09-20 12:04:35,655 [INFO] Capturing response: https://taylandpompa.yedektv.cfd/bein5/tracks-v1a1/2026/09/20/12/04/47-08821.jpg 200 
2026-09-20 12:04:35,806 [INFO] Capturing request: https://taylandpompa.yedektv.cfd/bein5/tracks-v1a1/2026/09/20/12/04/55-08321.jpg
2026-09-20 12:04:36,121 [INFO] Capturing response: https://taylandpompa.yedektv.cfd/bein5/tracks-v1a1/2026/09/20/12/04/55-08321.jpg 200 
2026-09-20 12:04:36,301 [INFO] Capturing request: https://taylandpompa.yedektv.cfd/bein5/tracks-v1a1/2026/09/20/12/05/04-08929.jpg
2026-09-20 12:04:36,637 [INFO] Capturing response: https://taylandpompa.yedektv.cfd/bein5/tracks-v1a1/2026/09/20/12/05/04-08929.jpg 200 
2026-09-20 12:04:36,850 [INFO] Capturing request: https://taylandpompa.yedektv.cfd/bein5/tracks-v1a1/2026/09/20/12/05/13-08393.jpg
2026-09-20 12:04:37,190 [INFO] Capturing response: https://taylandpompa.yedektv.cfd/bein5/tracks-v1a1/2026/09/20/12/05/13-08393.jpg 200 
2026-09-20 12:04:37,675 [INFO]   ✅ M3U8 bulundu: https://ladyboy.yedektv.cfd//bein5/tracks-v1a1/mono.m3u8
2026-09-20 12:04:38,675 [INFO] 
[6/14]
2026-09-20 12:04:38,675 [INFO] 🔍 beIN Sports Max 1 → https://www.atomsportv514.top/matches?id=bein-sports-max-1
2026-09-20 12:04:38,786 [INFO] Capturing request: https://www.atomsportv514.top/matches?id=bein-sports-max-1
2026-09-20 12:04:39,023 [INFO] Capturing response: https://www.atomsportv514.top/matches?id=bein-sports-max-1 200 
2026-09-20 12:04:39,062 [INFO] Capturing request: https://www.atomsportv514.top/matches?id=bein-sports-max-1
2026-09-20 12:04:39,163 [INFO] Capturing request: https://www.atomsportv514.top/favicon.ico
2026-09-20 12:04:39,163 [INFO] Capturing request: https://teletv5.top/load/yayinlink.php?id=bein-sports-max-1
2026-09-20 12:04:39,234 [INFO] Capturing response: https://www.atomsportv514.top/favicon.ico 200 
2026-09-20 12:04:39,302 [INFO] Capturing response: https://www.atomsportv514.top/matches?id=bein-sports-max-1 200 
2026-09-20 12:04:39,373 [INFO] Capturing response: https://teletv5.top/load/yayinlink.php?id=bein-sports-max-1 200 
2026-09-20 12:04:39,526 [INFO] Capturing request: https://www.atomsportv514.top/assets/img/player/player_logo_6a87a2e2eecc5.png
2026-09-20 12:04:39,538 [INFO] Capturing request: https://ladyboy.yedektv.cfd//beinmax1/tracks-v1a1/mono.m3u8
2026-09-20 12:04:39,662 [INFO] Capturing response: https://www.atomsportv514.top/assets/img/player/player_logo_6a87a2e2eecc5.png 304 
2026-09-20 12:04:39,711 [INFO] Capturing response: https://ladyboy.yedektv.cfd//beinmax1/tracks-v1a1/mono.m3u8 200 
2026-09-20 12:04:39,863 [INFO] Capturing request: https://taylandpompa.yedektv.cfd/beinmax1/tracks-v1a1/2026/09/20/12/04/09-10000.jpg
2026-09-20 12:04:40,913 [INFO] Capturing response: https://taylandpompa.yedektv.cfd/beinmax1/tracks-v1a1/2026/09/20/12/04/09-10000.jpg 200 
2026-09-20 12:04:41,262 [INFO] Capturing request: https://taylandpompa.yedektv.cfd/beinmax1/tracks-v1a1/2026/09/20/12/04/19-05320.jpg
2026-09-20 12:04:41,911 [INFO] Capturing response: https://taylandpompa.yedektv.cfd/beinmax1/tracks-v1a1/2026/09/20/12/04/19-05320.jpg 200 
2026-09-20 12:04:42,073 [INFO]   ✅ M3U8 bulundu: https://ladyboy.yedektv.cfd//beinmax1/tracks-v1a1/mono.m3u8
2026-09-20 12:04:42,170 [INFO] Capturing request: https://taylandpompa.yedektv.cfd/beinmax1/tracks-v1a1/2026/09/20/12/04/25-06000.jpg
2026-09-20 12:04:42,714 [INFO] Capturing request: https://android.clients.google.com/c2dm/register3
2026-09-20 12:04:42,999 [INFO] Capturing response: https://taylandpompa.yedektv.cfd/beinmax1/tracks-v1a1/2026/09/20/12/04/25-06000.jpg 200 
2026-09-20 12:04:43,073 [INFO] 
[7/14]
2026-09-20 12:04:43,073 [INFO] 🔍 beIN Sports Max 2 → https://www.atomsportv514.top/matches?id=bein-sports-max-2
2026-09-20 12:04:43,207 [INFO] Capturing request: https://www.atomsportv514.top/matches?id=bein-sports-max-2
2026-09-20 12:04:43,280 [INFO] Capturing request: https://taylandpompa.yedektv.cfd/beinmax1/tracks-v1a1/2026/09/20/12/04/31-07360.jpg
2026-09-20 12:04:43,381 [INFO] Capturing response: https://android.clients.google.com/c2dm/register3 200 
2026-09-20 12:04:43,513 [INFO] Capturing response: https://www.atomsportv514.top/matches?id=bein-sports-max-2 200 
2026-09-20 12:04:43,553 [INFO] Capturing request: https://www.atomsportv514.top/matches?id=bein-sports-max-2
2026-09-20 12:04:43,648 [INFO] Capturing request: https://teletv5.top/load/yayinlink.php?id=bein-sports-max-2
2026-09-20 12:04:43,656 [INFO] Capturing request: https://www.atomsportv514.top/favicon.ico
2026-09-20 12:04:43,719 [INFO] Capturing response: https://www.atomsportv514.top/favicon.ico 200 
2026-09-20 12:04:43,801 [INFO] Capturing response: https://www.atomsportv514.top/matches?id=bein-sports-max-2 200 
2026-09-20 12:04:43,826 [INFO] Capturing request: https://android.clients.google.com/c2dm/register3
2026-09-20 12:04:43,882 [INFO] Capturing response: https://teletv5.top/load/yayinlink.php?id=bein-sports-max-2 200 
2026-09-20 12:04:43,902 [INFO] Capturing response: https://android.clients.google.com/c2dm/register3 301 
2026-09-20 12:04:44,016 [INFO] Capturing request: https://www.atomsportv514.top/assets/img/player/player_logo_6a87a2e2eecc5.png
2026-09-20 12:04:44,022 [INFO] Capturing request: https://ladyboy.yedektv.cfd//beinmax2/tracks-v1a1/mono.m3u8
2026-09-20 12:04:44,092 [INFO] Capturing response: https://taylandpompa.yedektv.cfd/beinmax1/tracks-v1a1/2026/09/20/12/04/31-07360.jpg 200 
2026-09-20 12:04:44,158 [INFO] Capturing response: https://www.atomsportv514.top/assets/img/player/player_logo_6a87a2e2eecc5.png 304 
2026-09-20 12:04:44,287 [INFO] Capturing response: https://ladyboy.yedektv.cfd//beinmax2/tracks-v1a1/mono.m3u8 200 
2026-09-20 12:04:44,398 [INFO] Capturing request: https://taylandpompa.yedektv.cfd/beinmax2/tracks-v1a1/2026/09/20/12/04/27-06000.jpg
2026-09-20 12:04:44,890 [INFO] Capturing response: https://taylandpompa.yedektv.cfd/beinmax2/tracks-v1a1/2026/09/20/12/04/27-06000.jpg 200 
2026-09-20 12:04:45,077 [INFO] Capturing request: https://taylandpompa.yedektv.cfd/beinmax2/tracks-v1a1/2026/09/20/12/04/33-06000.jpg
2026-09-20 12:04:45,590 [INFO] Capturing response: https://taylandpompa.yedektv.cfd/beinmax2/tracks-v1a1/2026/09/20/12/04/33-06000.jpg 200 
2026-09-20 12:04:45,807 [INFO] Capturing request: https://taylandpompa.yedektv.cfd/beinmax2/tracks-v1a1/2026/09/20/12/04/39-06000.jpg
2026-09-20 12:04:46,287 [INFO] Capturing response: https://taylandpompa.yedektv.cfd/beinmax2/tracks-v1a1/2026/09/20/12/04/39-06000.jpg 200 
2026-09-20 12:04:46,580 [INFO]   ✅ M3U8 bulundu: https://ladyboy.yedektv.cfd//beinmax2/tracks-v1a1/mono.m3u8
2026-09-20 12:04:47,580 [INFO] 
[8/14]
2026-09-20 12:04:47,580 [INFO] 🔍 S Sport → https://www.atomsportv514.top/matches?id=s-sport
2026-09-20 12:04:47,693 [INFO] Capturing request: https://www.atomsportv514.top/matches?id=s-sport
2026-09-20 12:04:47,791 [INFO] Capturing request: https://android.clients.google.com/c2dm/register3
2026-09-20 12:04:48,079 [INFO] Capturing response: https://www.atomsportv514.top/matches?id=s-sport 200 
2026-09-20 12:04:48,114 [INFO] Capturing request: https://www.atomsportv514.top/matches?id=s-sport
2026-09-20 12:04:48,212 [INFO] Capturing request: https://teletv5.top/load/yayinlink.php?id=s-sport
2026-09-20 12:04:48,220 [INFO] Capturing request: https://www.atomsportv514.top/favicon.ico
2026-09-20 12:04:48,275 [INFO] Capturing response: https://www.atomsportv514.top/favicon.ico 200 
2026-09-20 12:04:48,354 [INFO] Capturing response: https://www.atomsportv514.top/matches?id=s-sport 200 
2026-09-20 12:04:48,401 [INFO] Capturing response: https://android.clients.google.com/c2dm/register3 200 
2026-09-20 12:04:48,434 [INFO] Capturing response: https://teletv5.top/load/yayinlink.php?id=s-sport 200 
2026-09-20 12:04:48,591 [INFO] Capturing request: https://www.atomsportv514.top/assets/img/player/player_logo_6a87a2e2eecc5.png
2026-09-20 12:04:48,606 [INFO] Capturing request: https://ladyboy.yedektv.cfd//s-sport/tracks-v1a1/mono.m3u8
2026-09-20 12:04:48,727 [INFO] Capturing response: https://www.atomsportv514.top/assets/img/player/player_logo_6a87a2e2eecc5.png 304 
2026-09-20 12:04:48,772 [INFO] Capturing response: https://ladyboy.yedektv.cfd//s-sport/tracks-v1a1/mono.m3u8 200 
2026-09-20 12:04:48,922 [INFO] Capturing request: https://taylandpompa.yedektv.cfd/s-sport/tracks-v1a1/2026/09/20/12/04/35-05000.jpg
2026-09-20 12:04:49,423 [INFO] Capturing response: https://taylandpompa.yedektv.cfd/s-sport/tracks-v1a1/2026/09/20/12/04/35-05000.jpg 200 
2026-09-20 12:04:49,659 [INFO] Capturing request: https://taylandpompa.yedektv.cfd/s-sport/tracks-v1a1/2026/09/20/12/04/40-05000.jpg
2026-09-20 12:04:50,096 [INFO] Capturing response: https://taylandpompa.yedektv.cfd/s-sport/tracks-v1a1/2026/09/20/12/04/40-05000.jpg 200 
2026-09-20 12:04:50,322 [INFO] Capturing request: https://taylandpompa.yedektv.cfd/s-sport/tracks-v1a1/2026/09/20/12/04/45-05000.jpg
2026-09-20 12:04:50,782 [INFO] Capturing response: https://taylandpompa.yedektv.cfd/s-sport/tracks-v1a1/2026/09/20/12/04/45-05000.jpg 200 
2026-09-20 12:04:51,139 [INFO]   ✅ M3U8 bulundu: https://ladyboy.yedektv.cfd//s-sport/tracks-v1a1/mono.m3u8
2026-09-20 12:04:52,140 [INFO] 
[9/14]
2026-09-20 12:04:52,140 [INFO] 🔍 S Sport 2 → https://www.atomsportv514.top/matches?id=s-sport-2
2026-09-20 12:04:52,251 [INFO] Capturing request: https://www.atomsportv514.top/matches?id=s-sport-2
2026-09-20 12:04:52,484 [INFO] Capturing response: https://www.atomsportv514.top/matches?id=s-sport-2 200 
2026-09-20 12:04:52,519 [INFO] Capturing request: https://www.atomsportv514.top/matches?id=s-sport-2
2026-09-20 12:04:52,619 [INFO] Capturing request: https://teletv5.top/load/yayinlink.php?id=s-sport-2
2026-09-20 12:04:52,623 [INFO] Capturing request: https://www.atomsportv514.top/favicon.ico
2026-09-20 12:04:52,686 [INFO] Capturing response: https://www.atomsportv514.top/favicon.ico 200 
2026-09-20 12:04:52,761 [INFO] Capturing response: https://www.atomsportv514.top/matches?id=s-sport-2 200 
2026-09-20 12:04:52,840 [INFO] Capturing response: https://teletv5.top/load/yayinlink.php?id=s-sport-2 200 
2026-09-20 12:04:52,954 [INFO] Capturing request: https://www.atomsportv514.top/assets/img/player/player_logo_6a87a2e2eecc5.png
2026-09-20 12:04:52,963 [INFO] Capturing request: https://ladyboy.yedektv.cfd//s-sport2/tracks-v1a1/mono.m3u8
2026-09-20 12:04:53,087 [INFO] Capturing response: https://www.atomsportv514.top/assets/img/player/player_logo_6a87a2e2eecc5.png 304 
2026-09-20 12:04:53,096 [INFO] Capturing response: https://ladyboy.yedektv.cfd//s-sport2/tracks-v1a1/mono.m3u8 200 
2026-09-20 12:04:53,209 [INFO] Capturing request: https://taylandpompa.yedektv.cfd/s-sport2/tracks-v1a1/2026/09/20/12/04/37-05000.jpg
2026-09-20 12:04:53,801 [INFO] Capturing response: https://taylandpompa.yedektv.cfd/s-sport2/tracks-v1a1/2026/09/20/12/04/37-05000.jpg 200 
2026-09-20 12:04:54,022 [INFO] Capturing request: https://taylandpompa.yedektv.cfd/s-sport2/tracks-v1a1/2026/09/20/12/04/42-05000.jpg
2026-09-20 12:04:54,624 [INFO] Capturing response: https://taylandpompa.yedektv.cfd/s-sport2/tracks-v1a1/2026/09/20/12/04/42-05000.jpg 200 
2026-09-20 12:04:54,881 [INFO] Capturing request: https://taylandpompa.yedektv.cfd/s-sport2/tracks-v1a1/2026/09/20/12/04/47-05000.jpg
2026-09-20 12:04:55,462 [INFO] Capturing response: https://taylandpompa.yedektv.cfd/s-sport2/tracks-v1a1/2026/09/20/12/04/47-05000.jpg 200 
2026-09-20 12:04:55,544 [INFO]   ✅ M3U8 bulundu: https://ladyboy.yedektv.cfd//s-sport2/tracks-v1a1/mono.m3u8
2026-09-20 12:04:56,544 [INFO] 
[10/14]
2026-09-20 12:04:56,545 [INFO] 🔍 A Spor → https://www.atomsportv514.top/matches?id=a-spor
2026-09-20 12:04:56,657 [INFO] Capturing request: https://www.atomsportv514.top/matches?id=a-spor
2026-09-20 12:04:56,894 [INFO] Capturing response: https://www.atomsportv514.top/matches?id=a-spor 200 
2026-09-20 12:04:56,933 [INFO] Capturing request: https://www.atomsportv514.top/matches?id=a-spor
2026-09-20 12:04:57,032 [INFO] Capturing request: https://teletv5.top/load/yayinlink.php?id=a-spor
2026-09-20 12:04:57,035 [INFO] Capturing request: https://www.atomsportv514.top/favicon.ico
2026-09-20 12:04:57,089 [INFO] Capturing response: https://www.atomsportv514.top/favicon.ico 200 
2026-09-20 12:04:57,177 [INFO] Capturing response: https://www.atomsportv514.top/matches?id=a-spor 200 
2026-09-20 12:04:57,239 [INFO] Capturing response: https://teletv5.top/load/yayinlink.php?id=a-spor 200 
2026-09-20 12:04:57,393 [INFO] Capturing request: https://www.atomsportv514.top/assets/img/player/player_logo_6a87a2e2eecc5.png
2026-09-20 12:04:57,405 [INFO] Capturing request: https://ladyboy.yedektv.cfd//aspor/tracks-v1a1/mono.m3u8
2026-09-20 12:04:57,529 [INFO] Capturing response: https://www.atomsportv514.top/assets/img/player/player_logo_6a87a2e2eecc5.png 304 
2026-09-20 12:04:57,566 [INFO] Capturing response: https://ladyboy.yedektv.cfd//aspor/tracks-v1a1/mono.m3u8 200 
2026-09-20 12:04:57,717 [INFO] Capturing request: https://taylandpompa.yedektv.cfd/aspor/tracks-v1a1/2026/09/20/12/04/56-10000.jpg
2026-09-20 12:04:58,409 [INFO] Capturing response: https://taylandpompa.yedektv.cfd/aspor/tracks-v1a1/2026/09/20/12/04/56-10000.jpg 200 
2026-09-20 12:04:58,655 [INFO] Capturing request: https://taylandpompa.yedektv.cfd/aspor/tracks-v1a1/2026/09/20/12/05/06-10000.jpg
2026-09-20 12:04:59,377 [INFO] Capturing response: https://taylandpompa.yedektv.cfd/aspor/tracks-v1a1/2026/09/20/12/05/06-10000.jpg 200 
2026-09-20 12:04:59,686 [INFO] Capturing request: https://taylandpompa.yedektv.cfd/aspor/tracks-v1a1/2026/09/20/12/05/16-10000.jpg
2026-09-20 12:04:59,957 [INFO]   ✅ M3U8 bulundu: https://ladyboy.yedektv.cfd//aspor/tracks-v1a1/mono.m3u8
2026-09-20 12:05:00,416 [INFO] Capturing response: https://taylandpompa.yedektv.cfd/aspor/tracks-v1a1/2026/09/20/12/05/16-10000.jpg 200 
2026-09-20 12:05:00,958 [INFO] 
[11/14]
2026-09-20 12:05:00,958 [INFO] 🔍 Tivibu Spor 1 → https://www.atomsportv514.top/matches?id=tivibu-spor-1
2026-09-20 12:05:01,069 [INFO] Capturing request: https://www.atomsportv514.top/matches?id=tivibu-spor-1
2026-09-20 12:05:01,310 [INFO] Capturing response: https://www.atomsportv514.top/matches?id=tivibu-spor-1 200 
2026-09-20 12:05:01,345 [INFO] Capturing request: https://www.atomsportv514.top/matches?id=tivibu-spor-1
2026-09-20 12:05:01,445 [INFO] Capturing request: https://teletv5.top/load/yayinlink.php?id=tivibu-spor-1
2026-09-20 12:05:01,447 [INFO] Capturing request: https://www.atomsportv514.top/favicon.ico
2026-09-20 12:05:01,500 [INFO] Capturing response: https://www.atomsportv514.top/favicon.ico 200 
2026-09-20 12:05:01,590 [INFO] Capturing response: https://www.atomsportv514.top/matches?id=tivibu-spor-1 200 
2026-09-20 12:05:02,352 [INFO] Capturing response: https://teletv5.top/load/yayinlink.php?id=tivibu-spor-1 200 
2026-09-20 12:05:15,284 [INFO] Capturing request: https://update.googleapis.com/service/update2/json?cup2key=ML-DSA-44-16:KHxk4XzKVlfdeSQLvxPsvriSytvREk8XXmnZ4VweIgE&cup2hreq=aa37393ce85ab535b8085af0e111d1e8cc9ef1aeab8572fb8151e4d39ce58e19
2026-09-20 12:05:15,350 [INFO] Capturing response: https://update.googleapis.com/service/update2/json?cup2key=ML-DSA-44-16:KHxk4XzKVlfdeSQLvxPsvriSytvREk8XXmnZ4VweIgE&cup2hreq=aa37393ce85ab535b8085af0e111d1e8cc9ef1aeab8572fb8151e4d39ce58e19 200 
2026-09-20 12:05:15,360 [INFO] Capturing request: http://edgedl.me.gvt1.com/edgedl/diffgen-puffin/gcmjkmgdlgnkkcocmoeiminaijmmjnii/fc1f961a8e1d6f22b29a01eb8f62d27d7f0f928ed1b230dfa8430cc20542c1bf
2026-09-20 12:05:15,457 [INFO] Capturing response: http://edgedl.me.gvt1.com/edgedl/diffgen-puffin/gcmjkmgdlgnkkcocmoeiminaijmmjnii/fc1f961a8e1d6f22b29a01eb8f62d27d7f0f928ed1b230dfa8430cc20542c1bf 200 OK
2026-09-20 12:05:15,487 [INFO] Capturing request: https://update.googleapis.com/service/update2/json
2026-09-20 12:05:15,548 [INFO] Capturing response: https://update.googleapis.com/service/update2/json 200 
2026-09-20 12:05:15,594 [INFO] Capturing request: http://edgedl.me.gvt1.com/edgedl/release2/chrome_component/j2l5lvztxmlpj6v6imik4v4ljm_10788/hfnkpimlhhgieaddgfemjhofmfblmnib_10788_all_adfrbtynjjyf7nfxpvyb663h7sqa.crx3
2026-09-20 12:05:15,725 [INFO] Capturing response: http://edgedl.me.gvt1.com/edgedl/release2/chrome_component/j2l5lvztxmlpj6v6imik4v4ljm_10788/hfnkpimlhhgieaddgfemjhofmfblmnib_10788_all_adfrbtynjjyf7nfxpvyb663h7sqa.crx3 200 OK
2026-09-20 12:05:15,754 [INFO] Capturing request: https://update.googleapis.com/service/update2/json
2026-09-20 12:05:15,794 [INFO] Capturing response: https://update.googleapis.com/service/update2/json 200 
2026-09-20 12:05:34,649 [WARNING]   ❌ Tivibu Spor 1 için M3U8 bulunamadı
2026-09-20 12:05:35,649 [INFO] 
[12/14]
2026-09-20 12:05:35,650 [INFO] 🔍 Tivibu Spor 2 → https://www.atomsportv514.top/matches?id=tivibu-spor-2
2026-09-20 12:05:35,819 [INFO] Capturing request: https://www.atomsportv514.top/matches?id=tivibu-spor-2
2026-09-20 12:05:36,389 [INFO] Capturing response: https://www.atomsportv514.top/matches?id=tivibu-spor-2 200 
2026-09-20 12:05:36,451 [INFO] Capturing request: https://www.atomsportv514.top/matches?id=tivibu-spor-2
2026-09-20 12:05:36,554 [INFO] Capturing request: https://www.atomsportv514.top/favicon.ico
2026-09-20 12:05:36,602 [INFO] Capturing request: https://teletv5.top/load/yayinlink.php?id=tivibu-spor-2
2026-09-20 12:05:36,605 [INFO] Capturing response: https://www.atomsportv514.top/favicon.ico 200 
2026-09-20 12:05:36,685 [INFO] Capturing response: https://www.atomsportv514.top/matches?id=tivibu-spor-2 200 
2026-09-20 12:05:36,826 [INFO] Capturing response: https://teletv5.top/load/yayinlink.php?id=tivibu-spor-2 200 
2026-09-20 12:05:37,623 [INFO] Capturing request: https://android.clients.google.com/c2dm/register3
2026-09-20 12:05:37,684 [INFO] Capturing response: https://android.clients.google.com/c2dm/register3 301 
2026-09-20 12:06:09,716 [WARNING]   ❌ Tivibu Spor 2 için M3U8 bulunamadı
2026-09-20 12:06:10,716 [INFO] 
[13/14]
2026-09-20 12:06:10,716 [INFO] 🔍 Tivibu Spor 3 → https://www.atomsportv514.top/matches?id=tivibu-spor-3
2026-09-20 12:06:10,826 [INFO] Capturing request: https://www.atomsportv514.top/matches?id=tivibu-spor-3
2026-09-20 12:06:12,124 [INFO] Capturing response: https://www.atomsportv514.top/matches?id=tivibu-spor-3 200 
2026-09-20 12:06:12,153 [INFO] Capturing request: https://www.atomsportv514.top/matches?id=tivibu-spor-3
2026-09-20 12:06:12,251 [INFO] Capturing request: https://teletv5.top/load/yayinlink.php?id=tivibu-spor-3
2026-09-20 12:06:12,260 [INFO] Capturing request: https://www.atomsportv514.top/favicon.ico
2026-09-20 12:06:12,305 [INFO] Capturing response: https://www.atomsportv514.top/favicon.ico 200 
2026-09-20 12:06:12,386 [INFO] Capturing response: https://www.atomsportv514.top/matches?id=tivibu-spor-3 200 
2026-09-20 12:06:12,521 [INFO] Capturing response: https://teletv5.top/load/yayinlink.php?id=tivibu-spor-3 200 
2026-09-20 12:06:45,421 [WARNING]   ❌ Tivibu Spor 3 için M3U8 bulunamadı
2026-09-20 12:06:46,422 [INFO] 
[14/14]
2026-09-20 12:06:46,422 [INFO] 🔍 Tivibu Spor 4 → https://www.atomsportv514.top/matches?id=tivibu-spor-4
2026-09-20 12:06:46,531 [INFO] Capturing request: https://www.atomsportv514.top/matches?id=tivibu-spor-4
2026-09-20 12:06:46,933 [INFO] Capturing response: https://www.atomsportv514.top/matches?id=tivibu-spor-4 200 
2026-09-20 12:06:46,970 [INFO] Capturing request: https://www.atomsportv514.top/matches?id=tivibu-spor-4
2026-09-20 12:06:47,069 [INFO] Capturing request: https://teletv5.top/load/yayinlink.php?id=tivibu-spor-4
2026-09-20 12:06:47,074 [INFO] Capturing request: https://www.atomsportv514.top/favicon.ico
2026-09-20 12:06:47,116 [INFO] Capturing response: https://www.atomsportv514.top/favicon.ico 200 
2026-09-20 12:06:47,208 [INFO] Capturing response: https://www.atomsportv514.top/matches?id=tivibu-spor-4 200 
2026-09-20 12:06:47,291 [INFO] Capturing response: https://teletv5.top/load/yayinlink.php?id=tivibu-spor-4 200 
2026-09-20 12:07:04,046 [INFO] Capturing request: https://android.clients.google.com/c2dm/register3
2026-09-20 12:07:04,114 [INFO] Capturing response: https://android.clients.google.com/c2dm/register3 301 
2026-09-20 12:07:20,256 [WARNING]   ❌ Tivibu Spor 4 için M3U8 bulunamadı
2026-09-20 12:07:21,323 [INFO] ✅ 10 kanal bulundu, playlist.m3u kaydedildi
