2026-07-27 04:23:33,989 [INFO] 🌐 BASE_URL: https://www.atomsportv510.top
2026-07-27 04:23:35,159 [INFO] Başlanıyor... 14 kanal taranacak
2026-07-27 04:23:35,159 [INFO] Using default request storage
2026-07-27 04:23:35,164 [INFO] Created proxy listening on 127.0.0.1:38785
2026-07-27 04:23:35,948 [INFO] Capturing request: http://clients2.google.com/time/1/current?cup2key=10:OZGYbVz7tBCXzk9wpzZJAflpQ28kTrUGGZtu-OC8G5A&cup2hreq=e3b0c44298fc1c149afbf4c8996fb92427ae41e4649b934ca495991b7852b855
2026-07-27 04:23:35,984 [INFO] Capturing response: http://clients2.google.com/time/1/current?cup2key=10:OZGYbVz7tBCXzk9wpzZJAflpQ28kTrUGGZtu-OC8G5A&cup2hreq=e3b0c44298fc1c149afbf4c8996fb92427ae41e4649b934ca495991b7852b855 200 OK
2026-07-27 04:23:36,160 [INFO] 
[1/14]
2026-07-27 04:23:36,162 [INFO] 🔍 beIN Sports 1 → https://www.atomsportv510.top/matches?id=bein-sports-1
2026-07-27 04:23:36,322 [INFO] Capturing request: https://accounts.google.com/ListAccounts?gpsia=1&source=ChromiumBrowser&json=standard&laf=b64bin
2026-07-27 04:23:36,326 [INFO] Capturing request: https://update.googleapis.com/service/update2/json?cup2key=16:xcHnsOVkhm4Vl-9OhAhyC_TchEf-uQ280RPP4qaQ7pE&cup2hreq=c2a47c66687bbafbc56dd29ee1828b630decb15a29b8e5bf21c51a4ecd952278
2026-07-27 04:23:36,412 [INFO] Capturing response: https://update.googleapis.com/service/update2/json?cup2key=16:xcHnsOVkhm4Vl-9OhAhyC_TchEf-uQ280RPP4qaQ7pE&cup2hreq=c2a47c66687bbafbc56dd29ee1828b630decb15a29b8e5bf21c51a4ecd952278 200 
2026-07-27 04:23:36,415 [INFO] Capturing response: https://accounts.google.com/ListAccounts?gpsia=1&source=ChromiumBrowser&json=standard&laf=b64bin 200 
2026-07-27 04:23:36,418 [INFO] Capturing request: https://www.google.com/async/folae?async=_fmt:pb&udm=50&client_locale=en-US&client_country=ZZ
2026-07-27 04:23:36,420 [INFO] Capturing request: https://www.atomsportv510.top/matches?id=bein-sports-1
2026-07-27 04:23:36,438 [INFO] Capturing response: https://www.google.com/async/folae?async=_fmt:pb&udm=50&client_locale=en-US&client_country=ZZ 200 
2026-07-27 04:23:36,460 [INFO] Capturing request: https://update.googleapis.com/service/update2/json?cup2key=16:s9rR_fkRTyo0jsTFRUkjpg2Bob76WrzgexvP6FDvnCw&cup2hreq=3486a7db4de9438def660ff7e71fcb21f8b0aa8c16514da59014c2ee08400f68
2026-07-27 04:23:36,486 [INFO] Capturing response: https://update.googleapis.com/service/update2/json?cup2key=16:s9rR_fkRTyo0jsTFRUkjpg2Bob76WrzgexvP6FDvnCw&cup2hreq=3486a7db4de9438def660ff7e71fcb21f8b0aa8c16514da59014c2ee08400f68 200 
2026-07-27 04:23:36,533 [INFO] Capturing request: https://update.googleapis.com/service/update2/json?cup2key=16:qLFHmwUyZdePwc3ga7qeY3yo_30MqX6BGGqZdqirt7Y&cup2hreq=304b469179ab94810cf8732cd8569c106514bf1feff40588ddb13a7f7b2184db
2026-07-27 04:23:36,559 [INFO] Capturing response: https://update.googleapis.com/service/update2/json?cup2key=16:qLFHmwUyZdePwc3ga7qeY3yo_30MqX6BGGqZdqirt7Y&cup2hreq=304b469179ab94810cf8732cd8569c106514bf1feff40588ddb13a7f7b2184db 200 
2026-07-27 04:23:36,663 [INFO] Capturing request: https://www.google.com/async/folae?async=_fmt:pb&udm=50&client_locale=en-US&client_country=ZZ
2026-07-27 04:23:36,683 [INFO] Capturing response: https://www.google.com/async/folae?async=_fmt:pb&udm=50&client_locale=en-US&client_country=ZZ 200 
2026-07-27 04:23:37,159 [INFO] Capturing response: https://www.atomsportv510.top/matches?id=bein-sports-1 200 
2026-07-27 04:23:37,312 [INFO] Capturing request: https://www.atomsportv510.top/assets/js/clappr.js
2026-07-27 04:23:37,345 [INFO] Capturing response: https://www.atomsportv510.top/assets/js/clappr.js 200 
2026-07-27 04:23:37,358 [INFO] Capturing request: https://cdnjs.cloudflare.com/ajax/libs/jquery/3.2.1/jquery.min.js
2026-07-27 04:23:37,363 [INFO] Capturing request: https://cdn.jsdelivr.net/npm/@clappr/player@latest/dist/clappr.min.js
2026-07-27 04:23:37,384 [INFO] Capturing response: https://cdn.jsdelivr.net/npm/@clappr/player@latest/dist/clappr.min.js 200 
2026-07-27 04:23:37,397 [INFO] Capturing response: https://cdnjs.cloudflare.com/ajax/libs/jquery/3.2.1/jquery.min.js 200 
2026-07-27 04:23:37,596 [INFO] Capturing request: https://www.atomsportv510.top/favicon.ico
2026-07-27 04:23:37,623 [INFO] Capturing response: https://www.atomsportv510.top/favicon.ico 200 
2026-07-27 04:23:37,660 [INFO] Capturing request: https://teletv5.top/load/yayinlink.php?id=bein-sports-1
2026-07-27 04:23:37,977 [INFO] Capturing response: https://teletv5.top/load/yayinlink.php?id=bein-sports-1 200 
2026-07-27 04:23:38,061 [INFO] Capturing request: https://streamsport365.com/cinema
2026-07-27 04:23:38,314 [INFO] Capturing response: https://streamsport365.com/cinema 200 
2026-07-27 04:23:38,446 [INFO] Capturing request: https://www.atomsportv510.top/assets/img/player/player_logo_6a5f6c9cb38e0.png
2026-07-27 04:23:38,482 [INFO] Capturing response: https://www.atomsportv510.top/assets/img/player/player_logo_6a5f6c9cb38e0.png 200 
2026-07-27 04:23:38,515 [INFO] Capturing request: https://hlsforever.forgetmoenszo.workers.dev/https://corestream.siteyaptim.live//bein1/tracks-v1a1/mono.m3u8
2026-07-27 04:23:39,006 [INFO] Capturing response: https://hlsforever.forgetmoenszo.workers.dev/https://corestream.siteyaptim.live//bein1/tracks-v1a1/mono.m3u8 200 
2026-07-27 04:23:39,339 [INFO] Capturing request: https://global.siteyaptim.live/bein1/tracks-v1a1/2026/07/27/04/21/31-05600.avif
2026-07-27 04:23:39,443 [INFO] Capturing request: https://android.clients.google.com/checkin
2026-07-27 04:23:39,532 [INFO] Capturing response: https://android.clients.google.com/checkin 200 
2026-07-27 04:23:39,583 [INFO] Capturing request: https://android.clients.google.com/c2dm/register3
2026-07-27 04:23:39,586 [INFO] Capturing request: https://android.clients.google.com/c2dm/register3
2026-07-27 04:23:39,590 [INFO] Capturing request: https://android.clients.google.com/c2dm/register3
2026-07-27 04:23:39,619 [INFO] Capturing response: https://android.clients.google.com/c2dm/register3 301 
2026-07-27 04:23:39,758 [INFO] Capturing response: https://global.siteyaptim.live/bein1/tracks-v1a1/2026/07/27/04/21/31-05600.avif 200 
2026-07-27 04:23:39,985 [INFO] Capturing request: https://global.siteyaptim.live/bein1/tracks-v1a1/2026/07/27/04/21/36-09360.avif
2026-07-27 04:23:40,159 [INFO] Capturing response: https://android.clients.google.com/c2dm/register3 200 
2026-07-27 04:23:40,287 [INFO] Capturing response: https://android.clients.google.com/c2dm/register3 200 
2026-07-27 04:23:40,358 [INFO] Capturing response: https://global.siteyaptim.live/bein1/tracks-v1a1/2026/07/27/04/21/36-09360.avif 200 
2026-07-27 04:23:40,521 [INFO]   ✅ M3U8 bulundu: https://hlsforever.forgetmoenszo.workers.dev/https://corestream.siteyaptim.live//bein1/tracks-v1a1/mono.m3u8
2026-07-27 04:23:40,611 [INFO] Capturing request: https://global.siteyaptim.live/bein1/tracks-v1a1/2026/07/27/04/21/46-05280.avif
2026-07-27 04:23:40,871 [INFO] Capturing response: https://global.siteyaptim.live/bein1/tracks-v1a1/2026/07/27/04/21/46-05280.avif 200 
2026-07-27 04:23:41,074 [INFO] Capturing request: https://global.siteyaptim.live/bein1/tracks-v1a1/2026/07/27/04/21/51-06600.avif
2026-07-27 04:23:41,369 [INFO] Capturing response: https://global.siteyaptim.live/bein1/tracks-v1a1/2026/07/27/04/21/51-06600.avif 200 
2026-07-27 04:23:41,522 [INFO] 
[2/14]
2026-07-27 04:23:41,522 [INFO] 🔍 beIN Sports 2 → https://www.atomsportv510.top/matches?id=bein-sports-2
2026-07-27 04:23:41,636 [INFO] Capturing request: https://www.atomsportv510.top/matches?id=bein-sports-2
2026-07-27 04:23:41,887 [INFO] Capturing response: https://www.atomsportv510.top/matches?id=bein-sports-2 200 
2026-07-27 04:23:41,997 [INFO] Capturing request: https://www.atomsportv510.top/assets/js/clappr.js
2026-07-27 04:23:42,111 [INFO] Capturing response: https://www.atomsportv510.top/assets/js/clappr.js 304 
2026-07-27 04:23:42,166 [INFO] Capturing request: https://streamsport365.com/cinema
2026-07-27 04:23:42,265 [INFO] Capturing request: https://teletv5.top/load/yayinlink.php?id=bein-sports-2
2026-07-27 04:23:42,267 [INFO] Capturing request: https://www.atomsportv510.top/favicon.ico
2026-07-27 04:23:42,290 [INFO] Capturing response: https://www.atomsportv510.top/favicon.ico 200 
2026-07-27 04:23:42,412 [INFO] Capturing response: https://streamsport365.com/cinema 200 
2026-07-27 04:23:42,420 [INFO] Capturing response: https://teletv5.top/load/yayinlink.php?id=bein-sports-2 200 
2026-07-27 04:23:42,533 [INFO] Capturing request: https://www.atomsportv510.top/assets/img/player/player_logo_6a5f6c9cb38e0.png
2026-07-27 04:23:42,543 [INFO] Capturing request: https://hlsforever.forgetmoenszo.workers.dev/https://corestream.siteyaptim.live//bein2/tracks-v1a1/mono.m3u8
2026-07-27 04:23:42,648 [INFO] Capturing response: https://www.atomsportv510.top/assets/img/player/player_logo_6a5f6c9cb38e0.png 304 
2026-07-27 04:23:42,920 [INFO] Capturing response: https://hlsforever.forgetmoenszo.workers.dev/https://corestream.siteyaptim.live//bein2/tracks-v1a1/mono.m3u8 200 
2026-07-27 04:23:43,032 [INFO] Capturing request: https://global.siteyaptim.live/bein2/tracks-v1a1/2026/07/27/04/23/26-06100.avif
2026-07-27 04:23:43,286 [INFO] Capturing response: https://global.siteyaptim.live/bein2/tracks-v1a1/2026/07/27/04/23/26-06100.avif 200 
2026-07-27 04:23:43,468 [INFO] Capturing request: https://global.siteyaptim.live/bein2/tracks-v1a1/2026/07/27/04/23/32-05000.avif
2026-07-27 04:23:43,689 [INFO] Capturing response: https://global.siteyaptim.live/bein2/tracks-v1a1/2026/07/27/04/23/32-05000.avif 200 
2026-07-27 04:23:43,879 [INFO] Capturing request: https://global.siteyaptim.live/bein2/tracks-v1a1/2026/07/27/04/23/37-05000.avif
2026-07-27 04:23:44,096 [INFO] Capturing response: https://global.siteyaptim.live/bein2/tracks-v1a1/2026/07/27/04/23/37-05000.avif 200 
2026-07-27 04:23:44,288 [INFO] Capturing request: https://global.siteyaptim.live/bein2/tracks-v1a1/2026/07/27/04/23/42-05000.avif
2026-07-27 04:23:44,512 [INFO] Capturing response: https://global.siteyaptim.live/bein2/tracks-v1a1/2026/07/27/04/23/42-05000.avif 200 
2026-07-27 04:23:45,194 [INFO]   ✅ M3U8 bulundu: https://hlsforever.forgetmoenszo.workers.dev/https://corestream.siteyaptim.live//bein2/tracks-v1a1/mono.m3u8
2026-07-27 04:23:46,194 [INFO] 
[3/14]
2026-07-27 04:23:46,194 [INFO] 🔍 beIN Sports 3 → https://www.atomsportv510.top/matches?id=bein-sports-3
2026-07-27 04:23:46,305 [INFO] Capturing request: https://www.atomsportv510.top/assets/js/clappr.js
2026-07-27 04:23:46,308 [INFO] Capturing request: https://www.atomsportv510.top/matches?id=bein-sports-3
2026-07-27 04:23:46,325 [INFO] Capturing response: https://www.atomsportv510.top/assets/js/clappr.js 200 
2026-07-27 04:23:46,551 [INFO] Capturing response: https://www.atomsportv510.top/matches?id=bein-sports-3 200 
2026-07-27 04:23:46,661 [INFO] Capturing request: https://www.atomsportv510.top/assets/js/clappr.js
2026-07-27 04:23:46,777 [INFO] Capturing response: https://www.atomsportv510.top/assets/js/clappr.js 304 
2026-07-27 04:23:46,930 [INFO] Capturing request: https://teletv5.top/load/yayinlink.php?id=bein-sports-3
2026-07-27 04:23:46,932 [INFO] Capturing request: https://www.atomsportv510.top/favicon.ico
2026-07-27 04:23:46,959 [INFO] Capturing response: https://www.atomsportv510.top/favicon.ico 200 
2026-07-27 04:23:47,027 [INFO] Capturing request: https://streamsport365.com/cinema
2026-07-27 04:23:47,087 [INFO] Capturing response: https://teletv5.top/load/yayinlink.php?id=bein-sports-3 200 
2026-07-27 04:23:47,272 [INFO] Capturing response: https://streamsport365.com/cinema 200 
2026-07-27 04:23:47,383 [INFO] Capturing request: https://www.atomsportv510.top/assets/img/player/player_logo_6a5f6c9cb38e0.png
2026-07-27 04:23:47,393 [INFO] Capturing request: https://hlsforever.forgetmoenszo.workers.dev/https://corestream.siteyaptim.live//bein3/tracks-v1a1/mono.m3u8
2026-07-27 04:23:47,496 [INFO] Capturing response: https://www.atomsportv510.top/assets/img/player/player_logo_6a5f6c9cb38e0.png 304 
2026-07-27 04:23:47,504 [INFO] Capturing response: https://hlsforever.forgetmoenszo.workers.dev/https://corestream.siteyaptim.live//bein3/tracks-v1a1/mono.m3u8 200 
2026-07-27 04:23:47,614 [INFO] Capturing request: https://global.siteyaptim.live/bein3/tracks-v1a1/2026/07/27/04/23/57-06500.avif
2026-07-27 04:23:48,002 [INFO] Capturing response: https://global.siteyaptim.live/bein3/tracks-v1a1/2026/07/27/04/23/57-06500.avif 200 
2026-07-27 04:23:48,243 [INFO] Capturing request: https://global.siteyaptim.live/bein3/tracks-v1a1/2026/07/27/04/24/03-07920.avif
2026-07-27 04:23:48,609 [INFO] Capturing response: https://global.siteyaptim.live/bein3/tracks-v1a1/2026/07/27/04/24/03-07920.avif 200 
2026-07-27 04:23:48,858 [INFO] Capturing request: https://global.siteyaptim.live/bein3/tracks-v1a1/2026/07/27/04/24/11-05000.avif
2026-07-27 04:23:49,129 [INFO] Capturing response: https://global.siteyaptim.live/bein3/tracks-v1a1/2026/07/27/04/24/11-05000.avif 200 
2026-07-27 04:23:49,347 [INFO] Capturing request: https://global.siteyaptim.live/bein3/tracks-v1a1/2026/07/27/04/24/16-06080.avif
2026-07-27 04:23:49,659 [INFO] Capturing response: https://global.siteyaptim.live/bein3/tracks-v1a1/2026/07/27/04/24/16-06080.avif 200 
2026-07-27 04:23:49,850 [INFO]   ✅ M3U8 bulundu: https://hlsforever.forgetmoenszo.workers.dev/https://corestream.siteyaptim.live//bein3/tracks-v1a1/mono.m3u8
2026-07-27 04:23:50,850 [INFO] 
[4/14]
2026-07-27 04:23:50,850 [INFO] 🔍 beIN Sports 4 → https://www.atomsportv510.top/matches?id=bein-sports-4
2026-07-27 04:23:50,962 [INFO] Capturing request: https://www.atomsportv510.top/matches?id=bein-sports-4
2026-07-27 04:23:51,186 [INFO] Capturing response: https://www.atomsportv510.top/matches?id=bein-sports-4 200 
2026-07-27 04:23:51,295 [INFO] Capturing request: https://www.atomsportv510.top/assets/js/clappr.js
2026-07-27 04:23:51,409 [INFO] Capturing response: https://www.atomsportv510.top/assets/js/clappr.js 304 
2026-07-27 04:23:51,462 [INFO] Capturing request: https://streamsport365.com/cinema
2026-07-27 04:23:51,562 [INFO] Capturing request: https://teletv5.top/load/yayinlink.php?id=bein-sports-4
2026-07-27 04:23:51,564 [INFO] Capturing request: https://www.atomsportv510.top/favicon.ico
2026-07-27 04:23:51,602 [INFO] Capturing response: https://www.atomsportv510.top/favicon.ico 200 
2026-07-27 04:23:51,721 [INFO] Capturing response: https://streamsport365.com/cinema 200 
2026-07-27 04:23:51,723 [INFO] Capturing response: https://teletv5.top/load/yayinlink.php?id=bein-sports-4 200 
2026-07-27 04:23:51,875 [INFO] Capturing request: https://www.atomsportv510.top/assets/img/player/player_logo_6a5f6c9cb38e0.png
2026-07-27 04:23:51,884 [INFO] Capturing request: https://hlsforever.forgetmoenszo.workers.dev/https://corestream.siteyaptim.live//bein4/tracks-v1a1/mono.m3u8
2026-07-27 04:23:51,989 [INFO] Capturing response: https://www.atomsportv510.top/assets/img/player/player_logo_6a5f6c9cb38e0.png 304 
2026-07-27 04:23:51,999 [INFO] Capturing response: https://hlsforever.forgetmoenszo.workers.dev/https://corestream.siteyaptim.live//bein4/tracks-v1a1/mono.m3u8 200 
2026-07-27 04:23:52,149 [INFO] Capturing request: https://global.siteyaptim.live/bein4/tracks-v1a1/2026/07/27/04/23/34-05000.avif
2026-07-27 04:23:52,508 [INFO] Capturing response: https://global.siteyaptim.live/bein4/tracks-v1a1/2026/07/27/04/23/34-05000.avif 200 
2026-07-27 04:23:52,705 [INFO] Capturing request: https://global.siteyaptim.live/bein4/tracks-v1a1/2026/07/27/04/23/39-05000.avif
2026-07-27 04:23:53,004 [INFO] Capturing response: https://global.siteyaptim.live/bein4/tracks-v1a1/2026/07/27/04/23/39-05000.avif 200 
2026-07-27 04:23:53,219 [INFO] Capturing request: https://global.siteyaptim.live/bein4/tracks-v1a1/2026/07/27/04/23/44-05000.avif
2026-07-27 04:23:53,490 [INFO] Capturing response: https://global.siteyaptim.live/bein4/tracks-v1a1/2026/07/27/04/23/44-05000.avif 200 
2026-07-27 04:23:54,487 [INFO]   ✅ M3U8 bulundu: https://hlsforever.forgetmoenszo.workers.dev/https://corestream.siteyaptim.live//bein4/tracks-v1a1/mono.m3u8
2026-07-27 04:23:55,488 [INFO] 
[5/14]
2026-07-27 04:23:55,488 [INFO] 🔍 beIN Sports 5 → https://www.atomsportv510.top/matches?id=bein-sports-5
2026-07-27 04:23:55,598 [INFO] Capturing request: https://www.atomsportv510.top/matches?id=bein-sports-5
2026-07-27 04:23:55,823 [INFO] Capturing response: https://www.atomsportv510.top/matches?id=bein-sports-5 200 
2026-07-27 04:23:55,932 [INFO] Capturing request: https://www.atomsportv510.top/assets/js/clappr.js
2026-07-27 04:23:56,053 [INFO] Capturing response: https://www.atomsportv510.top/assets/js/clappr.js 304 
2026-07-27 04:23:56,208 [INFO] Capturing request: https://teletv5.top/load/yayinlink.php?id=bein-sports-5
2026-07-27 04:23:56,209 [INFO] Capturing request: https://www.atomsportv510.top/favicon.ico
2026-07-27 04:23:56,238 [INFO] Capturing response: https://www.atomsportv510.top/favicon.ico 200 
2026-07-27 04:23:56,308 [INFO] Capturing request: https://streamsport365.com/cinema
2026-07-27 04:23:56,370 [INFO] Capturing response: https://teletv5.top/load/yayinlink.php?id=bein-sports-5 200 
2026-07-27 04:23:56,564 [INFO] Capturing response: https://streamsport365.com/cinema 200 
2026-07-27 04:23:56,675 [INFO] Capturing request: https://www.atomsportv510.top/assets/img/player/player_logo_6a5f6c9cb38e0.png
2026-07-27 04:23:56,685 [INFO] Capturing request: https://hlsforever.forgetmoenszo.workers.dev/https://corestream.siteyaptim.live//bein5/tracks-v1a1/mono.m3u8
2026-07-27 04:23:56,790 [INFO] Capturing response: https://www.atomsportv510.top/assets/img/player/player_logo_6a5f6c9cb38e0.png 304 
2026-07-27 04:23:56,799 [INFO] Capturing response: https://hlsforever.forgetmoenszo.workers.dev/https://corestream.siteyaptim.live//bein5/tracks-v1a1/mono.m3u8 200 
2026-07-27 04:23:56,909 [INFO] Capturing request: https://global.siteyaptim.live/bein5/tracks-v1a1/2026/07/27/04/24/04-06000.avif
2026-07-27 04:23:57,558 [INFO] Capturing response: https://global.siteyaptim.live/bein5/tracks-v1a1/2026/07/27/04/24/04-06000.avif 200 
2026-07-27 04:23:57,927 [INFO] Capturing request: https://global.siteyaptim.live/bein5/tracks-v1a1/2026/07/27/04/24/10-05940.avif
2026-07-27 04:23:58,777 [INFO] Capturing response: https://global.siteyaptim.live/bein5/tracks-v1a1/2026/07/27/04/24/10-05940.avif 200 
2026-07-27 04:23:59,120 [INFO] Capturing request: https://global.siteyaptim.live/bein5/tracks-v1a1/2026/07/27/04/24/16-06000.avif
2026-07-27 04:23:59,133 [INFO]   ✅ M3U8 bulundu: https://hlsforever.forgetmoenszo.workers.dev/https://corestream.siteyaptim.live//bein5/tracks-v1a1/mono.m3u8
2026-07-27 04:23:59,769 [INFO] Capturing response: https://global.siteyaptim.live/bein5/tracks-v1a1/2026/07/27/04/24/16-06000.avif 200 
2026-07-27 04:24:00,123 [INFO] Capturing request: https://global.siteyaptim.live/bein5/tracks-v1a1/2026/07/27/04/24/22-06000.avif
2026-07-27 04:24:00,134 [INFO] 
[6/14]
2026-07-27 04:24:00,134 [INFO] 🔍 beIN Sports Max 1 → https://www.atomsportv510.top/matches?id=bein-sports-max-1
2026-07-27 04:24:00,247 [INFO] Capturing request: https://www.atomsportv510.top/matches?id=bein-sports-max-1
2026-07-27 04:24:00,474 [INFO] Capturing response: https://www.atomsportv510.top/matches?id=bein-sports-max-1 200 
2026-07-27 04:24:00,590 [INFO] Capturing request: https://www.atomsportv510.top/assets/js/clappr.js
2026-07-27 04:24:00,717 [INFO] Capturing response: https://www.atomsportv510.top/assets/js/clappr.js 304 
2026-07-27 04:24:00,720 [INFO] Capturing response: https://global.siteyaptim.live/bein5/tracks-v1a1/2026/07/27/04/24/22-06000.avif 200 
2026-07-27 04:24:00,764 [INFO] 127.0.0.1:38304: ProtocolException("Error in HTTP connection: Http2ZombieException('Connection or stream already dead: 1785126240.7641144, False')")
2026-07-27 04:24:00,776 [INFO] Capturing request: https://streamsport365.com/cinema
2026-07-27 04:24:00,871 [INFO] Capturing request: https://teletv5.top/load/yayinlink.php?id=bein-sports-max-1
2026-07-27 04:24:00,875 [INFO] Capturing request: https://www.atomsportv510.top/favicon.ico
2026-07-27 04:24:00,902 [INFO] Capturing response: https://www.atomsportv510.top/favicon.ico 200 
2026-07-27 04:24:01,027 [INFO] Capturing response: https://teletv5.top/load/yayinlink.php?id=bein-sports-max-1 200 
2026-07-27 04:24:01,040 [INFO] Capturing response: https://streamsport365.com/cinema 200 
2026-07-27 04:24:01,179 [INFO] Capturing request: https://www.atomsportv510.top/assets/img/player/player_logo_6a5f6c9cb38e0.png
2026-07-27 04:24:01,190 [INFO] Capturing request: https://hlsforever.forgetmoenszo.workers.dev/https://corestream.siteyaptim.live//trtspor/tracks-v1a1/mono.m3u8
2026-07-27 04:24:01,294 [INFO] Capturing response: https://www.atomsportv510.top/assets/img/player/player_logo_6a5f6c9cb38e0.png 304 
2026-07-27 04:24:01,303 [INFO] Capturing response: https://hlsforever.forgetmoenszo.workers.dev/https://corestream.siteyaptim.live//trtspor/tracks-v1a1/mono.m3u8 404 
2026-07-27 04:24:03,467 [INFO] Capturing request: https://hlsforever.forgetmoenszo.workers.dev/https://corestream.siteyaptim.live//trtspor/tracks-v1a1/mono.m3u8
2026-07-27 04:24:03,576 [INFO] Capturing response: https://hlsforever.forgetmoenszo.workers.dev/https://corestream.siteyaptim.live//trtspor/tracks-v1a1/mono.m3u8 404 
2026-07-27 04:24:03,790 [INFO]   ✅ M3U8 bulundu: https://hlsforever.forgetmoenszo.workers.dev/https://corestream.siteyaptim.live//trtspor/tracks-v1a1/mono.m3u8
2026-07-27 04:24:04,790 [INFO] 
[7/14]
2026-07-27 04:24:04,791 [INFO] 🔍 beIN Sports Max 2 → https://www.atomsportv510.top/matches?id=bein-sports-max-2
2026-07-27 04:24:04,900 [INFO] Capturing request: https://www.atomsportv510.top/matches?id=bein-sports-max-2
2026-07-27 04:24:05,403 [INFO] Capturing response: https://www.atomsportv510.top/matches?id=bein-sports-max-2 200 
2026-07-27 04:24:05,485 [INFO] Capturing request: https://android.clients.google.com/c2dm/register3
2026-07-27 04:24:05,513 [INFO] Capturing request: https://www.atomsportv510.top/assets/js/clappr.js
2026-07-27 04:24:05,519 [INFO] Capturing response: https://android.clients.google.com/c2dm/register3 301 
2026-07-27 04:24:05,627 [INFO] Capturing response: https://www.atomsportv510.top/assets/js/clappr.js 304 
2026-07-27 04:24:05,781 [INFO] Capturing request: https://teletv5.top/load/yayinlink.php?id=bein-sports-max-2
2026-07-27 04:24:05,782 [INFO] Capturing request: https://www.atomsportv510.top/favicon.ico
2026-07-27 04:24:05,808 [INFO] Capturing response: https://www.atomsportv510.top/favicon.ico 200 
2026-07-27 04:24:05,881 [INFO] Capturing request: https://streamsport365.com/cinema
2026-07-27 04:24:05,940 [INFO] Capturing response: https://teletv5.top/load/yayinlink.php?id=bein-sports-max-2 200 
2026-07-27 04:24:06,129 [INFO] Capturing response: https://streamsport365.com/cinema 200 
2026-07-27 04:24:06,240 [INFO] Capturing request: https://www.atomsportv510.top/assets/img/player/player_logo_6a5f6c9cb38e0.png
2026-07-27 04:24:06,252 [INFO] Capturing request: https://hlsforever.forgetmoenszo.workers.dev/https://corestream.siteyaptim.live//trtspor/tracks-v1a1/mono.m3u8
2026-07-27 04:24:06,356 [INFO] Capturing response: https://www.atomsportv510.top/assets/img/player/player_logo_6a5f6c9cb38e0.png 304 
2026-07-27 04:24:06,361 [INFO] Capturing response: https://hlsforever.forgetmoenszo.workers.dev/https://corestream.siteyaptim.live//trtspor/tracks-v1a1/mono.m3u8 404 
2026-07-27 04:24:08,520 [INFO] Capturing request: https://hlsforever.forgetmoenszo.workers.dev/https://corestream.siteyaptim.live//trtspor/tracks-v1a1/mono.m3u8
2026-07-27 04:24:08,630 [INFO] Capturing response: https://hlsforever.forgetmoenszo.workers.dev/https://corestream.siteyaptim.live//trtspor/tracks-v1a1/mono.m3u8 404 
2026-07-27 04:24:08,694 [INFO]   ✅ M3U8 bulundu: https://hlsforever.forgetmoenszo.workers.dev/https://corestream.siteyaptim.live//trtspor/tracks-v1a1/mono.m3u8
2026-07-27 04:24:09,695 [INFO] 
[8/14]
2026-07-27 04:24:09,695 [INFO] 🔍 S Sport → https://www.atomsportv510.top/matches?id=s-sport
2026-07-27 04:24:09,804 [INFO] Capturing request: https://www.atomsportv510.top/matches?id=s-sport
2026-07-27 04:24:10,166 [INFO] Capturing response: https://www.atomsportv510.top/matches?id=s-sport 200 
2026-07-27 04:24:10,276 [INFO] Capturing request: https://www.atomsportv510.top/assets/js/clappr.js
2026-07-27 04:24:10,392 [INFO] Capturing response: https://www.atomsportv510.top/assets/js/clappr.js 304 
2026-07-27 04:24:10,446 [INFO] Capturing request: https://streamsport365.com/cinema
2026-07-27 04:24:10,542 [INFO] Capturing request: https://teletv5.top/load/yayinlink.php?id=s-sport
2026-07-27 04:24:10,546 [INFO] Capturing request: https://www.atomsportv510.top/favicon.ico
2026-07-27 04:24:10,573 [INFO] Capturing response: https://www.atomsportv510.top/favicon.ico 200 
2026-07-27 04:24:10,695 [INFO] Capturing response: https://streamsport365.com/cinema 200 
2026-07-27 04:24:10,699 [INFO] Capturing response: https://teletv5.top/load/yayinlink.php?id=s-sport 200 
2026-07-27 04:24:10,851 [INFO] Capturing request: https://www.atomsportv510.top/assets/img/player/player_logo_6a5f6c9cb38e0.png
2026-07-27 04:24:10,860 [INFO] Capturing request: https://hlsforever.forgetmoenszo.workers.dev/https://corestream.siteyaptim.live//s-sport/tracks-v1a1/mono.m3u8
2026-07-27 04:24:10,968 [INFO] Capturing response: https://www.atomsportv510.top/assets/img/player/player_logo_6a5f6c9cb38e0.png 304 
2026-07-27 04:24:11,009 [INFO] Capturing response: https://hlsforever.forgetmoenszo.workers.dev/https://corestream.siteyaptim.live//s-sport/tracks-v1a1/mono.m3u8 200 
2026-07-27 04:24:11,160 [INFO] Capturing request: https://global.siteyaptim.live/s-sport/tracks-v1a1/2026/07/27/04/25/02-10000.avif
2026-07-27 04:24:11,483 [INFO] Capturing response: https://global.siteyaptim.live/s-sport/tracks-v1a1/2026/07/27/04/25/02-10000.avif 200 
2026-07-27 04:24:11,744 [INFO] Capturing request: https://global.siteyaptim.live/s-sport/tracks-v1a1/2026/07/27/04/25/12-10000.avif
2026-07-27 04:24:12,101 [INFO] Capturing response: https://global.siteyaptim.live/s-sport/tracks-v1a1/2026/07/27/04/25/12-10000.avif 200 
2026-07-27 04:24:12,330 [INFO] Capturing request: https://global.siteyaptim.live/s-sport/tracks-v1a1/2026/07/27/04/25/22-10000.avif
2026-07-27 04:24:12,696 [INFO] Capturing response: https://global.siteyaptim.live/s-sport/tracks-v1a1/2026/07/27/04/25/22-10000.avif 200 
2026-07-27 04:24:13,482 [INFO]   ✅ M3U8 bulundu: https://hlsforever.forgetmoenszo.workers.dev/https://corestream.siteyaptim.live//s-sport/tracks-v1a1/mono.m3u8
2026-07-27 04:24:14,482 [INFO] 
[9/14]
2026-07-27 04:24:14,482 [INFO] 🔍 S Sport 2 → https://www.atomsportv510.top/matches?id=s-sport-2
2026-07-27 04:24:14,593 [INFO] Capturing request: https://www.atomsportv510.top/matches?id=s-sport-2
2026-07-27 04:24:14,819 [INFO] Capturing response: https://www.atomsportv510.top/matches?id=s-sport-2 200 
2026-07-27 04:24:14,930 [INFO] Capturing request: https://www.atomsportv510.top/assets/js/clappr.js
2026-07-27 04:24:15,046 [INFO] Capturing response: https://www.atomsportv510.top/assets/js/clappr.js 304 
2026-07-27 04:24:15,197 [INFO] Capturing request: https://teletv5.top/load/yayinlink.php?id=s-sport-2
2026-07-27 04:24:15,202 [INFO] Capturing request: https://www.atomsportv510.top/favicon.ico
2026-07-27 04:24:15,228 [INFO] Capturing response: https://www.atomsportv510.top/favicon.ico 200 
2026-07-27 04:24:15,301 [INFO] Capturing request: https://streamsport365.com/cinema
2026-07-27 04:24:15,354 [INFO] Capturing response: https://teletv5.top/load/yayinlink.php?id=s-sport-2 200 
2026-07-27 04:24:15,556 [INFO] Capturing response: https://streamsport365.com/cinema 200 
2026-07-27 04:24:15,667 [INFO] Capturing request: https://www.atomsportv510.top/assets/img/player/player_logo_6a5f6c9cb38e0.png
2026-07-27 04:24:15,678 [INFO] Capturing request: https://hlsforever.forgetmoenszo.workers.dev/https://corestream.siteyaptim.live//s-sport2/tracks-v1a1/mono.m3u8
2026-07-27 04:24:15,782 [INFO] Capturing response: https://www.atomsportv510.top/assets/img/player/player_logo_6a5f6c9cb38e0.png 304 
2026-07-27 04:24:15,794 [INFO] Capturing response: https://hlsforever.forgetmoenszo.workers.dev/https://corestream.siteyaptim.live//s-sport2/tracks-v1a1/mono.m3u8 200 
2026-07-27 04:24:15,904 [INFO] Capturing request: https://global.siteyaptim.live/s-sport2/tracks-v1a1/2026/07/27/04/23/45-10000.avif
2026-07-27 04:24:16,270 [INFO] Capturing response: https://global.siteyaptim.live/s-sport2/tracks-v1a1/2026/07/27/04/23/45-10000.avif 200 
2026-07-27 04:24:16,537 [INFO] Capturing request: https://global.siteyaptim.live/s-sport2/tracks-v1a1/2026/07/27/04/23/55-10000.avif
2026-07-27 04:24:16,983 [INFO] Capturing response: https://global.siteyaptim.live/s-sport2/tracks-v1a1/2026/07/27/04/23/55-10000.avif 200 
2026-07-27 04:24:17,251 [INFO] Capturing request: https://global.siteyaptim.live/s-sport2/tracks-v1a1/2026/07/27/04/24/05-10000.avif
2026-07-27 04:24:17,717 [INFO] Capturing response: https://global.siteyaptim.live/s-sport2/tracks-v1a1/2026/07/27/04/24/05-10000.avif 200 
2026-07-27 04:24:18,151 [INFO]   ✅ M3U8 bulundu: https://hlsforever.forgetmoenszo.workers.dev/https://corestream.siteyaptim.live//s-sport2/tracks-v1a1/mono.m3u8
2026-07-27 04:24:19,151 [INFO] 
[10/14]
2026-07-27 04:24:19,151 [INFO] 🔍 A Spor → https://www.atomsportv510.top/matches?id=a-spor
2026-07-27 04:24:19,262 [INFO] Capturing request: https://www.atomsportv510.top/matches?id=a-spor
2026-07-27 04:24:19,484 [INFO] Capturing response: https://www.atomsportv510.top/matches?id=a-spor 200 
2026-07-27 04:24:19,594 [INFO] Capturing request: https://www.atomsportv510.top/assets/js/clappr.js
2026-07-27 04:24:19,708 [INFO] Capturing response: https://www.atomsportv510.top/assets/js/clappr.js 304 
2026-07-27 04:24:19,762 [INFO] Capturing request: https://streamsport365.com/cinema
2026-07-27 04:24:19,858 [INFO] Capturing request: https://teletv5.top/load/yayinlink.php?id=a-spor
2026-07-27 04:24:19,863 [INFO] Capturing request: https://www.atomsportv510.top/favicon.ico
2026-07-27 04:24:19,889 [INFO] Capturing response: https://www.atomsportv510.top/favicon.ico 200 
2026-07-27 04:24:20,007 [INFO] Capturing response: https://streamsport365.com/cinema 200 
2026-07-27 04:24:20,013 [INFO] Capturing response: https://teletv5.top/load/yayinlink.php?id=a-spor 200 
2026-07-27 04:24:20,164 [INFO] Capturing request: https://www.atomsportv510.top/assets/img/player/player_logo_6a5f6c9cb38e0.png
2026-07-27 04:24:20,175 [INFO] Capturing request: https://hlsforever.forgetmoenszo.workers.dev/https://corestream.siteyaptim.live//aspor/tracks-v1a1/mono.m3u8
2026-07-27 04:24:20,279 [INFO] Capturing response: https://www.atomsportv510.top/assets/img/player/player_logo_6a5f6c9cb38e0.png 304 
2026-07-27 04:24:20,286 [INFO] Capturing response: https://hlsforever.forgetmoenszo.workers.dev/https://corestream.siteyaptim.live//aspor/tracks-v1a1/mono.m3u8 404 
2026-07-27 04:24:22,444 [INFO] Capturing request: https://hlsforever.forgetmoenszo.workers.dev/https://corestream.siteyaptim.live//aspor/tracks-v1a1/mono.m3u8
2026-07-27 04:24:22,555 [INFO] Capturing response: https://hlsforever.forgetmoenszo.workers.dev/https://corestream.siteyaptim.live//aspor/tracks-v1a1/mono.m3u8 404 
2026-07-27 04:24:22,775 [INFO]   ✅ M3U8 bulundu: https://hlsforever.forgetmoenszo.workers.dev/https://corestream.siteyaptim.live//aspor/tracks-v1a1/mono.m3u8
2026-07-27 04:24:23,776 [INFO] 
[11/14]
2026-07-27 04:24:23,776 [INFO] 🔍 Tivibu Spor 1 → https://www.atomsportv510.top/matches?id=tivibu-spor-1
2026-07-27 04:24:23,885 [INFO] Capturing request: https://www.atomsportv510.top/matches?id=tivibu-spor-1
2026-07-27 04:24:24,111 [INFO] Capturing response: https://www.atomsportv510.top/matches?id=tivibu-spor-1 200 
2026-07-27 04:24:24,221 [INFO] Capturing request: https://www.atomsportv510.top/assets/js/clappr.js
2026-07-27 04:24:24,337 [INFO] Capturing response: https://www.atomsportv510.top/assets/js/clappr.js 304 
2026-07-27 04:24:24,489 [INFO] Capturing request: https://teletv5.top/load/yayinlink.php?id=tivibu-spor-1
2026-07-27 04:24:24,491 [INFO] Capturing request: https://www.atomsportv510.top/favicon.ico
2026-07-27 04:24:24,516 [INFO] Capturing response: https://www.atomsportv510.top/favicon.ico 200 
2026-07-27 04:24:24,591 [INFO] Capturing request: https://streamsport365.com/cinema
2026-07-27 04:24:24,648 [INFO] Capturing response: https://teletv5.top/load/yayinlink.php?id=tivibu-spor-1 200 
2026-07-27 04:24:24,835 [INFO] Capturing response: https://streamsport365.com/cinema 200 
2026-07-27 04:24:35,945 [INFO] Capturing request: https://update.googleapis.com/service/update2/json?cup2key=16:YqHpVQqSCm-zy1CsT87ovo-vOamGFyEjebEJPo7VFeg&cup2hreq=c09461a888a84560eac5f75dff7966e7aa35e7145ddc63ad15d255c86e27293b
2026-07-27 04:24:35,970 [INFO] Capturing response: https://update.googleapis.com/service/update2/json?cup2key=16:YqHpVQqSCm-zy1CsT87ovo-vOamGFyEjebEJPo7VFeg&cup2hreq=c09461a888a84560eac5f75dff7966e7aa35e7145ddc63ad15d255c86e27293b 200 
2026-07-27 04:24:35,977 [INFO] Capturing request: http://edgedl.me.gvt1.com/edgedl/diffgen-puffin/gcmjkmgdlgnkkcocmoeiminaijmmjnii/6ca5bdb9f3e2cd83b7e359729bc6c33c4fe975ec499861d969b3e080320849ff
2026-07-27 04:24:35,991 [INFO] Capturing response: http://edgedl.me.gvt1.com/edgedl/diffgen-puffin/gcmjkmgdlgnkkcocmoeiminaijmmjnii/6ca5bdb9f3e2cd83b7e359729bc6c33c4fe975ec499861d969b3e080320849ff 200 OK
2026-07-27 04:24:36,018 [INFO] Capturing request: https://update.googleapis.com/service/update2/json
2026-07-27 04:24:36,041 [INFO] Capturing response: https://update.googleapis.com/service/update2/json 200 
2026-07-27 04:24:36,086 [INFO] Capturing request: http://edgedl.me.gvt1.com/edgedl/release2/chrome_component/b7gunj3zul4yuu3c7gg74t7bs4_10675/hfnkpimlhhgieaddgfemjhofmfblmnib_10675_all_ko4xx4qt7j4lcx7q5bpf7hbokm.crx3
2026-07-27 04:24:36,103 [INFO] Capturing response: http://edgedl.me.gvt1.com/edgedl/release2/chrome_component/b7gunj3zul4yuu3c7gg74t7bs4_10675/hfnkpimlhhgieaddgfemjhofmfblmnib_10675_all_ko4xx4qt7j4lcx7q5bpf7hbokm.crx3 200 OK
2026-07-27 04:24:36,133 [INFO] Capturing request: https://update.googleapis.com/service/update2/json
2026-07-27 04:24:36,158 [INFO] Capturing response: https://update.googleapis.com/service/update2/json 200 
2026-07-27 04:24:52,403 [INFO] Capturing request: https://android.clients.google.com/c2dm/register3
2026-07-27 04:24:52,443 [INFO] Capturing response: https://android.clients.google.com/c2dm/register3 301 
2026-07-27 04:24:57,696 [WARNING]   ❌ Tivibu Spor 1 için M3U8 bulunamadı
2026-07-27 04:24:58,697 [INFO] 
[12/14]
2026-07-27 04:24:58,697 [INFO] 🔍 Tivibu Spor 2 → https://www.atomsportv510.top/matches?id=tivibu-spor-2
2026-07-27 04:24:58,838 [INFO] Capturing request: https://www.atomsportv510.top/matches?id=tivibu-spor-2
2026-07-27 04:24:59,478 [INFO] Capturing response: https://www.atomsportv510.top/matches?id=tivibu-spor-2 200 
2026-07-27 04:24:59,625 [INFO] Capturing request: https://www.atomsportv510.top/assets/js/clappr.js
2026-07-27 04:24:59,745 [INFO] Capturing response: https://www.atomsportv510.top/assets/js/clappr.js 304 
2026-07-27 04:24:59,902 [INFO] Capturing request: https://www.atomsportv510.top/favicon.ico
2026-07-27 04:24:59,934 [INFO] Capturing response: https://www.atomsportv510.top/favicon.ico 200 
2026-07-27 04:24:59,938 [INFO] Capturing request: https://teletv5.top/load/yayinlink.php?id=tivibu-spor-2
2026-07-27 04:25:00,245 [INFO] Capturing response: https://teletv5.top/load/yayinlink.php?id=tivibu-spor-2 200 
2026-07-27 04:25:00,336 [INFO] Capturing request: https://streamsport365.com/cinema
2026-07-27 04:25:00,590 [INFO] Capturing response: https://streamsport365.com/cinema 200 
2026-07-27 04:25:33,068 [WARNING]   ❌ Tivibu Spor 2 için M3U8 bulunamadı
2026-07-27 04:25:34,068 [INFO] 
[13/14]
2026-07-27 04:25:34,068 [INFO] 🔍 Tivibu Spor 3 → https://www.atomsportv510.top/matches?id=tivibu-spor-3
2026-07-27 04:25:34,177 [INFO] Capturing request: https://www.atomsportv510.top/matches?id=tivibu-spor-3
2026-07-27 04:25:34,584 [INFO] Capturing response: https://www.atomsportv510.top/matches?id=tivibu-spor-3 200 
2026-07-27 04:25:34,695 [INFO] Capturing request: https://www.atomsportv510.top/assets/js/clappr.js
2026-07-27 04:25:34,810 [INFO] Capturing response: https://www.atomsportv510.top/assets/js/clappr.js 304 
2026-07-27 04:25:34,962 [INFO] Capturing request: https://teletv5.top/load/yayinlink.php?id=tivibu-spor-3
2026-07-27 04:25:34,966 [INFO] Capturing request: https://www.atomsportv510.top/favicon.ico
2026-07-27 04:25:35,042 [INFO] Capturing response: https://www.atomsportv510.top/favicon.ico 200 
2026-07-27 04:25:35,063 [INFO] Capturing request: https://streamsport365.com/cinema
2026-07-27 04:25:35,126 [INFO] Capturing response: https://teletv5.top/load/yayinlink.php?id=tivibu-spor-3 200 
2026-07-27 04:25:35,320 [INFO] Capturing response: https://streamsport365.com/cinema 200 
2026-07-27 04:26:08,122 [WARNING]   ❌ Tivibu Spor 3 için M3U8 bulunamadı
2026-07-27 04:26:09,122 [INFO] 
[14/14]
2026-07-27 04:26:09,122 [INFO] 🔍 Tivibu Spor 4 → https://www.atomsportv510.top/matches?id=tivibu-spor-4
2026-07-27 04:26:09,232 [INFO] Capturing request: https://www.atomsportv510.top/matches?id=tivibu-spor-4
2026-07-27 04:26:09,614 [INFO] Capturing response: https://www.atomsportv510.top/matches?id=tivibu-spor-4 200 
2026-07-27 04:26:09,724 [INFO] Capturing request: https://www.atomsportv510.top/assets/js/clappr.js
2026-07-27 04:26:09,840 [INFO] Capturing response: https://www.atomsportv510.top/assets/js/clappr.js 304 
2026-07-27 04:26:09,993 [INFO] Capturing request: https://teletv5.top/load/yayinlink.php?id=tivibu-spor-4
2026-07-27 04:26:09,995 [INFO] Capturing request: https://www.atomsportv510.top/favicon.ico
2026-07-27 04:26:10,028 [INFO] Capturing response: https://www.atomsportv510.top/favicon.ico 200 
2026-07-27 04:26:10,092 [INFO] Capturing request: https://streamsport365.com/cinema
2026-07-27 04:26:10,153 [INFO] Capturing response: https://teletv5.top/load/yayinlink.php?id=tivibu-spor-4 200 
2026-07-27 04:26:10,338 [INFO] Capturing response: https://streamsport365.com/cinema 200 
2026-07-27 04:26:35,012 [INFO] Capturing request: https://android.clients.google.com/c2dm/register3
2026-07-27 04:26:35,047 [INFO] Capturing response: https://android.clients.google.com/c2dm/register3 301 
2026-07-27 04:26:43,155 [WARNING]   ❌ Tivibu Spor 4 için M3U8 bulunamadı
2026-07-27 04:26:44,225 [INFO] ✅ 10 kanal bulundu, playlist.m3u kaydedildi
