2026-08-06 03:50:59,906 [INFO] 🌐 BASE_URL: https://www.atomsportv512.top
2026-08-06 03:51:00,861 [INFO] Başlanıyor... 14 kanal taranacak
2026-08-06 03:51:00,861 [INFO] Using default request storage
2026-08-06 03:51:00,866 [INFO] Created proxy listening on 127.0.0.1:43627
2026-08-06 03:51:01,561 [INFO] Capturing request: http://clients2.google.com/time/1/current?cup2key=10:bRguI0pCfSQ4TzPEmrrW0kp84_6TwcA7LBun5mCl-jY&cup2hreq=e3b0c44298fc1c149afbf4c8996fb92427ae41e4649b934ca495991b7852b855
2026-08-06 03:51:01,623 [INFO] Capturing response: http://clients2.google.com/time/1/current?cup2key=10:bRguI0pCfSQ4TzPEmrrW0kp84_6TwcA7LBun5mCl-jY&cup2hreq=e3b0c44298fc1c149afbf4c8996fb92427ae41e4649b934ca495991b7852b855 200 OK
2026-08-06 03:51:01,801 [INFO] 
[1/14]
2026-08-06 03:51:01,802 [INFO] 🔍 beIN Sports 1 → https://www.atomsportv512.top/matches?id=bein-sports-1
2026-08-06 03:51:01,920 [INFO] Capturing request: https://update.googleapis.com/service/update2/json?cup2key=16:Bu-xGQHa6j99wBjMZ003T65HXMMypDFQoa7WULKYeE8&cup2hreq=90d14ec61c87a730ea022812199e393a70a8495b0443b3589c0a1140a3d6bca1
2026-08-06 03:51:01,928 [INFO] Capturing request: https://accounts.google.com/ListAccounts?gpsia=1&source=ChromiumBrowser&json=standard&laf=b64bin
2026-08-06 03:51:01,994 [INFO] Capturing response: https://update.googleapis.com/service/update2/json?cup2key=16:Bu-xGQHa6j99wBjMZ003T65HXMMypDFQoa7WULKYeE8&cup2hreq=90d14ec61c87a730ea022812199e393a70a8495b0443b3589c0a1140a3d6bca1 200 
2026-08-06 03:51:02,012 [INFO] Capturing request: https://www.google.com/async/folae?async=_fmt:pb&udm=50&client_locale=en-US&client_country=ZZ
2026-08-06 03:51:02,018 [INFO] Capturing response: https://accounts.google.com/ListAccounts?gpsia=1&source=ChromiumBrowser&json=standard&laf=b64bin 200 
2026-08-06 03:51:02,044 [INFO] Capturing response: https://www.google.com/async/folae?async=_fmt:pb&udm=50&client_locale=en-US&client_country=ZZ 200 
2026-08-06 03:51:02,047 [INFO] Capturing request: https://update.googleapis.com/service/update2/json?cup2key=16:DRDAitwcXGtkRhSqAKZj82Eh5AnQjFPihafB78BtIO8&cup2hreq=bbedcecc03211a9c63ee3f043a42de72fdc7a8ad4eb85db6fa45e32abb8a4b6f
2026-08-06 03:51:02,052 [INFO] Capturing request: https://www.atomsportv512.top/matches?id=bein-sports-1
2026-08-06 03:51:02,103 [INFO] Capturing response: https://update.googleapis.com/service/update2/json?cup2key=16:DRDAitwcXGtkRhSqAKZj82Eh5AnQjFPihafB78BtIO8&cup2hreq=bbedcecc03211a9c63ee3f043a42de72fdc7a8ad4eb85db6fa45e32abb8a4b6f 200 
2026-08-06 03:51:02,150 [INFO] Capturing request: https://update.googleapis.com/service/update2/json?cup2key=16:8qr0Gw23GQL4AXIjO7e0e3V1sWPHo3u3Q5T006a-qEg&cup2hreq=aef01af211ce7575a97e68698ce60e617fbbc3bc36e1da14b4e489229bb0bfbd
2026-08-06 03:51:02,200 [INFO] Capturing response: https://update.googleapis.com/service/update2/json?cup2key=16:8qr0Gw23GQL4AXIjO7e0e3V1sWPHo3u3Q5T006a-qEg&cup2hreq=aef01af211ce7575a97e68698ce60e617fbbc3bc36e1da14b4e489229bb0bfbd 200 
2026-08-06 03:51:02,266 [INFO] Capturing request: https://www.google.com/async/folae?async=_fmt:pb&udm=50&client_locale=en-US&client_country=ZZ
2026-08-06 03:51:02,292 [INFO] Capturing response: https://www.google.com/async/folae?async=_fmt:pb&udm=50&client_locale=en-US&client_country=ZZ 200 
2026-08-06 03:51:02,762 [INFO] Capturing response: https://www.atomsportv512.top/matches?id=bein-sports-1 200 
2026-08-06 03:51:02,994 [INFO] Capturing request: https://cdn.jsdelivr.net/npm/@clappr/player@0.11.16/dist/clappr.min.js
2026-08-06 03:51:02,997 [INFO] Capturing request: https://cdn.jsdelivr.net/npm/@clappr/hlsjs-playback@1.8.3/dist/hlsjs-playback.min.js
2026-08-06 03:51:02,999 [INFO] Capturing request: https://cdn.jsdelivr.net/npm/level-selector/dist/level-selector.min.js
2026-08-06 03:51:03,057 [INFO] Capturing response: https://cdn.jsdelivr.net/npm/level-selector/dist/level-selector.min.js 200 
2026-08-06 03:51:03,111 [INFO] Capturing response: https://cdn.jsdelivr.net/npm/@clappr/player@0.11.16/dist/clappr.min.js 200 
2026-08-06 03:51:03,142 [INFO] Capturing response: https://cdn.jsdelivr.net/npm/@clappr/hlsjs-playback@1.8.3/dist/hlsjs-playback.min.js 200 
2026-08-06 03:51:03,342 [INFO] Capturing request: https://www.atomsportv512.top/favicon.ico
2026-08-06 03:51:03,487 [INFO] Capturing request: https://teletv5.top/load/yayinlink.php?id=bein-sports-1
2026-08-06 03:51:03,577 [INFO] Capturing response: https://www.atomsportv512.top/favicon.ico 200 
2026-08-06 03:51:03,951 [INFO] Capturing request: https://streamsport365.com/cinema
2026-08-06 03:51:04,041 [INFO] Capturing response: https://teletv5.top/load/yayinlink.php?id=bein-sports-1 200 
2026-08-06 03:51:04,307 [INFO] Capturing response: https://streamsport365.com/cinema 200 
2026-08-06 03:51:04,441 [INFO] Capturing request: https://www.atomsportv512.top/assets/img/player/player_logo_6a72b29dbcd89.png
2026-08-06 03:51:04,516 [INFO] Capturing response: https://www.atomsportv512.top/assets/img/player/player_logo_6a72b29dbcd89.png 200 
2026-08-06 03:51:04,549 [INFO] Capturing request: https://corestream.siteyaptim.live//bein1/tracks-v1a1/mono.m3u8
2026-08-06 03:51:04,801 [INFO] Capturing response: https://corestream.siteyaptim.live//bein1/tracks-v1a1/mono.m3u8 200 
2026-08-06 03:51:05,040 [INFO] Capturing request: https://global.siteyaptim.live/bein1/tracks-v1a1/2026/08/06/03/50/55-05000.jpg
2026-08-06 03:51:05,259 [INFO] Capturing request: https://android.clients.google.com/checkin
2026-08-06 03:51:05,387 [INFO] Capturing response: https://android.clients.google.com/checkin 200 
2026-08-06 03:51:05,441 [INFO] Capturing request: https://android.clients.google.com/c2dm/register3
2026-08-06 03:51:05,443 [INFO] Capturing request: https://android.clients.google.com/c2dm/register3
2026-08-06 03:51:05,445 [INFO] Capturing request: https://android.clients.google.com/c2dm/register3
2026-08-06 03:51:05,522 [INFO] Capturing response: https://android.clients.google.com/c2dm/register3 200 
2026-08-06 03:51:05,536 [INFO] Capturing response: https://android.clients.google.com/c2dm/register3 200 
2026-08-06 03:51:05,542 [INFO] Capturing response: https://android.clients.google.com/c2dm/register3 200 
2026-08-06 03:51:05,630 [INFO] Capturing response: https://global.siteyaptim.live/bein1/tracks-v1a1/2026/08/06/03/50/55-05000.jpg 200 
2026-08-06 03:51:05,843 [INFO] Capturing request: https://global.siteyaptim.live/bein1/tracks-v1a1/2026/08/06/03/51/00-05000.jpg
2026-08-06 03:51:06,262 [INFO]   ✅ M3U8 bulundu: https://corestream.siteyaptim.live//bein1/tracks-v1a1/mono.m3u8
2026-08-06 03:51:06,388 [INFO] Capturing response: https://global.siteyaptim.live/bein1/tracks-v1a1/2026/08/06/03/51/00-05000.jpg 200 
2026-08-06 03:51:06,589 [INFO] Capturing request: https://global.siteyaptim.live/bein1/tracks-v1a1/2026/08/06/03/51/05-05000.jpg
2026-08-06 03:51:07,143 [INFO] Capturing response: https://global.siteyaptim.live/bein1/tracks-v1a1/2026/08/06/03/51/05-05000.jpg 200 
2026-08-06 03:51:07,263 [INFO] 
[2/14]
2026-08-06 03:51:07,263 [INFO] 🔍 beIN Sports 2 → https://www.atomsportv512.top/matches?id=bein-sports-2
2026-08-06 03:51:07,376 [INFO] Capturing request: https://www.atomsportv512.top/matches?id=bein-sports-2
2026-08-06 03:51:07,655 [INFO] Capturing response: https://www.atomsportv512.top/matches?id=bein-sports-2 200 
2026-08-06 03:51:07,707 [INFO] Capturing request: https://streamsport365.com/cinema
2026-08-06 03:51:07,808 [INFO] Capturing request: https://www.atomsportv512.top/favicon.ico
2026-08-06 03:51:07,810 [INFO] Capturing request: https://teletv5.top/load/yayinlink.php?id=bein-sports-2
2026-08-06 03:51:07,862 [INFO] Capturing response: https://www.atomsportv512.top/favicon.ico 200 
2026-08-06 03:51:08,066 [INFO] Capturing response: https://streamsport365.com/cinema 200 
2026-08-06 03:51:08,259 [INFO] Capturing response: https://teletv5.top/load/yayinlink.php?id=bein-sports-2 200 
2026-08-06 03:51:08,372 [INFO] Capturing request: https://www.atomsportv512.top/assets/img/player/player_logo_6a72b29dbcd89.png
2026-08-06 03:51:08,382 [INFO] Capturing request: https://corestream.siteyaptim.live//bein2/tracks-v1a1/mono.m3u8
2026-08-06 03:51:08,505 [INFO] Capturing response: https://www.atomsportv512.top/assets/img/player/player_logo_6a72b29dbcd89.png 304 
2026-08-06 03:51:08,596 [INFO] Capturing response: https://corestream.siteyaptim.live//bein2/tracks-v1a1/mono.m3u8 200 
2026-08-06 03:51:08,708 [INFO] Capturing request: https://global.siteyaptim.live/bein2/tracks-v1a1/2026/08/06/03/50/43-05000.jpg
2026-08-06 03:51:09,215 [INFO] Capturing response: https://global.siteyaptim.live/bein2/tracks-v1a1/2026/08/06/03/50/43-05000.jpg 200 
2026-08-06 03:51:09,382 [INFO] Capturing request: https://global.siteyaptim.live/bein2/tracks-v1a1/2026/08/06/03/50/48-06700.jpg
2026-08-06 03:51:10,068 [INFO] Capturing response: https://global.siteyaptim.live/bein2/tracks-v1a1/2026/08/06/03/50/48-06700.jpg 200 
2026-08-06 03:51:10,294 [INFO] Capturing request: https://global.siteyaptim.live/bein2/tracks-v1a1/2026/08/06/03/50/55-06080.jpg
2026-08-06 03:51:10,726 [INFO]   ✅ M3U8 bulundu: https://corestream.siteyaptim.live//bein2/tracks-v1a1/mono.m3u8
2026-08-06 03:51:10,891 [INFO] Capturing response: https://global.siteyaptim.live/bein2/tracks-v1a1/2026/08/06/03/50/55-06080.jpg 200 
2026-08-06 03:51:11,097 [INFO] Capturing request: https://global.siteyaptim.live/bein2/tracks-v1a1/2026/08/06/03/51/01-05000.jpg
2026-08-06 03:51:11,591 [INFO] Capturing response: https://global.siteyaptim.live/bein2/tracks-v1a1/2026/08/06/03/51/01-05000.jpg 200 
2026-08-06 03:51:11,727 [INFO] 
[3/14]
2026-08-06 03:51:11,727 [INFO] 🔍 beIN Sports 3 → https://www.atomsportv512.top/matches?id=bein-sports-3
2026-08-06 03:51:11,838 [INFO] Capturing request: https://www.atomsportv512.top/matches?id=bein-sports-3
2026-08-06 03:51:12,116 [INFO] Capturing response: https://www.atomsportv512.top/matches?id=bein-sports-3 200 
2026-08-06 03:51:12,246 [INFO] Capturing request: https://teletv5.top/load/yayinlink.php?id=bein-sports-3
2026-08-06 03:51:12,249 [INFO] Capturing request: https://www.atomsportv512.top/favicon.ico
2026-08-06 03:51:12,304 [INFO] Capturing response: https://www.atomsportv512.top/favicon.ico 200 
2026-08-06 03:51:12,405 [INFO] Capturing request: https://streamsport365.com/cinema
2026-08-06 03:51:12,518 [INFO] Capturing response: https://teletv5.top/load/yayinlink.php?id=bein-sports-3 200 
2026-08-06 03:51:12,767 [INFO] Capturing response: https://streamsport365.com/cinema 200 
2026-08-06 03:51:12,879 [INFO] Capturing request: https://www.atomsportv512.top/assets/img/player/player_logo_6a72b29dbcd89.png
2026-08-06 03:51:12,888 [INFO] Capturing request: https://corestream.siteyaptim.live//bein3/tracks-v1a1/mono.m3u8
2026-08-06 03:51:13,015 [INFO] Capturing response: https://www.atomsportv512.top/assets/img/player/player_logo_6a72b29dbcd89.png 304 
2026-08-06 03:51:13,095 [INFO] Capturing response: https://corestream.siteyaptim.live//bein3/tracks-v1a1/mono.m3u8 200 
2026-08-06 03:51:13,205 [INFO] Capturing request: https://global.siteyaptim.live/bein3/tracks-v1a1/2026/08/06/03/49/36-05000.jpg
2026-08-06 03:51:13,750 [INFO] Capturing response: https://global.siteyaptim.live/bein3/tracks-v1a1/2026/08/06/03/49/36-05000.jpg 200 
2026-08-06 03:51:13,930 [INFO] Capturing request: https://global.siteyaptim.live/bein3/tracks-v1a1/2026/08/06/03/49/41-07240.jpg
2026-08-06 03:51:14,738 [INFO] Capturing response: https://global.siteyaptim.live/bein3/tracks-v1a1/2026/08/06/03/49/41-07240.jpg 200 
2026-08-06 03:51:14,977 [INFO] Capturing request: https://global.siteyaptim.live/bein3/tracks-v1a1/2026/08/06/03/49/48-05000.jpg
2026-08-06 03:51:15,166 [INFO]   ✅ M3U8 bulundu: https://corestream.siteyaptim.live//bein3/tracks-v1a1/mono.m3u8
2026-08-06 03:51:15,546 [INFO] Capturing response: https://global.siteyaptim.live/bein3/tracks-v1a1/2026/08/06/03/49/48-05000.jpg 200 
2026-08-06 03:51:15,748 [INFO] Capturing request: https://global.siteyaptim.live/bein3/tracks-v1a1/2026/08/06/03/49/53-08080.jpg
2026-08-06 03:51:16,167 [INFO] 
[4/14]
2026-08-06 03:51:16,167 [INFO] 🔍 beIN Sports 4 → https://www.atomsportv512.top/matches?id=bein-sports-4
2026-08-06 03:51:16,280 [INFO] Capturing request: https://www.atomsportv512.top/matches?id=bein-sports-4
2026-08-06 03:51:16,573 [INFO] Capturing response: https://www.atomsportv512.top/matches?id=bein-sports-4 200 
2026-08-06 03:51:16,617 [INFO] Capturing request: https://streamsport365.com/cinema
2026-08-06 03:51:16,631 [INFO] Capturing response: https://global.siteyaptim.live/bein3/tracks-v1a1/2026/08/06/03/49/53-08080.jpg 200 
2026-08-06 03:51:16,667 [INFO] 127.0.0.1:47870: ProtocolException("Error in HTTP connection: Http2ZombieException('Connection or stream already dead: 1785988276.6672857, False')")
2026-08-06 03:51:16,717 [INFO] Capturing request: https://teletv5.top/load/yayinlink.php?id=bein-sports-4
2026-08-06 03:51:16,720 [INFO] Capturing request: https://www.atomsportv512.top/favicon.ico
2026-08-06 03:51:16,771 [INFO] Capturing response: https://www.atomsportv512.top/favicon.ico 200 
2026-08-06 03:51:16,972 [INFO] Capturing response: https://teletv5.top/load/yayinlink.php?id=bein-sports-4 200 
2026-08-06 03:51:16,978 [INFO] Capturing response: https://streamsport365.com/cinema 200 
2026-08-06 03:51:17,123 [INFO] Capturing request: https://www.atomsportv512.top/assets/img/player/player_logo_6a72b29dbcd89.png
2026-08-06 03:51:17,132 [INFO] Capturing request: https://corestream.siteyaptim.live//bein4/tracks-v1a1/mono.m3u8
2026-08-06 03:51:17,255 [INFO] Capturing response: https://www.atomsportv512.top/assets/img/player/player_logo_6a72b29dbcd89.png 304 
2026-08-06 03:51:17,350 [INFO] Capturing response: https://corestream.siteyaptim.live//bein4/tracks-v1a1/mono.m3u8 200 
2026-08-06 03:51:17,500 [INFO] Capturing request: https://global.siteyaptim.live/bein4/tracks-v1a1/2026/08/06/03/50/46-10000.jpg
2026-08-06 03:51:18,905 [INFO] Capturing response: https://global.siteyaptim.live/bein4/tracks-v1a1/2026/08/06/03/50/46-10000.jpg 200 
2026-08-06 03:51:19,238 [INFO] Capturing request: https://global.siteyaptim.live/bein4/tracks-v1a1/2026/08/06/03/50/56-10000.jpg
2026-08-06 03:51:19,638 [INFO]   ✅ M3U8 bulundu: https://corestream.siteyaptim.live//bein4/tracks-v1a1/mono.m3u8
2026-08-06 03:51:20,639 [INFO] 
[5/14]
2026-08-06 03:51:20,639 [INFO] 🔍 beIN Sports 5 → https://www.atomsportv512.top/matches?id=bein-sports-5
2026-08-06 03:51:20,752 [INFO] Capturing request: https://www.atomsportv512.top/matches?id=bein-sports-5
2026-08-06 03:51:20,779 [INFO] Capturing response: https://global.siteyaptim.live/bein4/tracks-v1a1/2026/08/06/03/50/56-10000.jpg 200 
2026-08-06 03:51:21,028 [INFO] Capturing response: https://www.atomsportv512.top/matches?id=bein-sports-5 200 
2026-08-06 03:51:21,114 [INFO] Capturing request: https://global.siteyaptim.live/bein4/tracks-v1a1/2026/08/06/03/51/06-10000.jpg
2026-08-06 03:51:21,166 [INFO] Capturing request: https://www.atomsportv512.top/favicon.ico
2026-08-06 03:51:21,166 [INFO] Capturing request: https://teletv5.top/load/yayinlink.php?id=bein-sports-5
2026-08-06 03:51:21,216 [INFO] Capturing response: https://www.atomsportv512.top/favicon.ico 200 
2026-08-06 03:51:21,322 [INFO] Capturing request: https://streamsport365.com/cinema
2026-08-06 03:51:21,409 [INFO] Capturing response: https://teletv5.top/load/yayinlink.php?id=bein-sports-5 200 
2026-08-06 03:51:21,696 [INFO] Capturing response: https://streamsport365.com/cinema 200 
2026-08-06 03:51:21,808 [INFO] Capturing request: https://www.atomsportv512.top/assets/img/player/player_logo_6a72b29dbcd89.png
2026-08-06 03:51:21,821 [INFO] Capturing request: https://corestream.siteyaptim.live//bein5/tracks-v1a1/mono.m3u8
2026-08-06 03:51:21,942 [INFO] Capturing response: https://www.atomsportv512.top/assets/img/player/player_logo_6a72b29dbcd89.png 304 
2026-08-06 03:51:22,029 [INFO] Capturing response: https://corestream.siteyaptim.live//bein5/tracks-v1a1/mono.m3u8 200 
2026-08-06 03:51:22,141 [INFO] Capturing request: https://global.siteyaptim.live/bein5/tracks-v1a1/2026/08/06/03/51/52-06000.jpg
2026-08-06 03:51:22,739 [INFO] Capturing response: https://global.siteyaptim.live/bein4/tracks-v1a1/2026/08/06/03/51/06-10000.jpg 200 
2026-08-06 03:51:24,020 [INFO] Capturing response: https://global.siteyaptim.live/bein5/tracks-v1a1/2026/08/06/03/51/52-06000.jpg 200 
2026-08-06 03:51:24,091 [INFO]   ✅ M3U8 bulundu: https://corestream.siteyaptim.live//bein5/tracks-v1a1/mono.m3u8
2026-08-06 03:51:24,371 [INFO] Capturing request: https://global.siteyaptim.live/bein5/tracks-v1a1/2026/08/06/03/51/58-06000.jpg
2026-08-06 03:51:25,092 [INFO] 
[6/14]
2026-08-06 03:51:25,092 [INFO] 🔍 beIN Sports Max 1 → https://www.atomsportv512.top/matches?id=bein-sports-max-1
2026-08-06 03:51:25,208 [INFO] Capturing request: https://www.atomsportv512.top/matches?id=bein-sports-max-1
2026-08-06 03:51:25,483 [INFO] Capturing response: https://www.atomsportv512.top/matches?id=bein-sports-max-1 200 
2026-08-06 03:51:25,520 [INFO] Capturing request: https://streamsport365.com/cinema
2026-08-06 03:51:25,621 [INFO] Capturing request: https://www.atomsportv512.top/favicon.ico
2026-08-06 03:51:25,623 [INFO] Capturing request: https://teletv5.top/load/yayinlink.php?id=bein-sports-max-1
2026-08-06 03:51:25,672 [INFO] Capturing response: https://www.atomsportv512.top/favicon.ico 200 
2026-08-06 03:51:25,879 [INFO] Capturing response: https://teletv5.top/load/yayinlink.php?id=bein-sports-max-1 200 
2026-08-06 03:51:25,895 [INFO] Capturing response: https://streamsport365.com/cinema 200 
2026-08-06 03:51:26,032 [INFO] Capturing request: https://www.atomsportv512.top/assets/img/player/player_logo_6a72b29dbcd89.png
2026-08-06 03:51:26,042 [INFO] Capturing request: https://corestream.siteyaptim.live//trtspor/tracks-v1a1/mono.m3u8
2026-08-06 03:51:26,077 [INFO] Capturing response: https://global.siteyaptim.live/bein5/tracks-v1a1/2026/08/06/03/51/58-06000.jpg 200 
2026-08-06 03:51:26,165 [INFO] Capturing response: https://www.atomsportv512.top/assets/img/player/player_logo_6a72b29dbcd89.png 304 
2026-08-06 03:51:26,268 [INFO] Capturing response: https://corestream.siteyaptim.live//trtspor/tracks-v1a1/mono.m3u8 404 
2026-08-06 03:51:28,431 [INFO] Capturing request: https://corestream.siteyaptim.live//trtspor/tracks-v1a1/mono.m3u8
2026-08-06 03:51:28,535 [INFO]   ✅ M3U8 bulundu: https://corestream.siteyaptim.live//trtspor/tracks-v1a1/mono.m3u8
2026-08-06 03:51:28,629 [INFO] Capturing response: https://corestream.siteyaptim.live//trtspor/tracks-v1a1/mono.m3u8 404 
2026-08-06 03:51:29,535 [INFO] 
[7/14]
2026-08-06 03:51:29,535 [INFO] 🔍 beIN Sports Max 2 → https://www.atomsportv512.top/matches?id=bein-sports-max-2
2026-08-06 03:51:29,645 [INFO] Capturing request: https://www.atomsportv512.top/matches?id=bein-sports-max-2
2026-08-06 03:51:29,922 [INFO] Capturing response: https://www.atomsportv512.top/matches?id=bein-sports-max-2 200 
2026-08-06 03:51:30,050 [INFO] Capturing request: https://teletv5.top/load/yayinlink.php?id=bein-sports-max-2
2026-08-06 03:51:30,053 [INFO] Capturing request: https://www.atomsportv512.top/favicon.ico
2026-08-06 03:51:30,104 [INFO] Capturing response: https://www.atomsportv512.top/favicon.ico 200 
2026-08-06 03:51:30,209 [INFO] Capturing request: https://streamsport365.com/cinema
2026-08-06 03:51:30,260 [INFO] Capturing request: https://android.clients.google.com/c2dm/register3
2026-08-06 03:51:30,299 [INFO] Capturing response: https://teletv5.top/load/yayinlink.php?id=bein-sports-max-2 200 
2026-08-06 03:51:30,342 [INFO] Capturing response: https://android.clients.google.com/c2dm/register3 301 
2026-08-06 03:51:30,580 [INFO] Capturing response: https://streamsport365.com/cinema 200 
2026-08-06 03:51:30,691 [INFO] Capturing request: https://www.atomsportv512.top/assets/img/player/player_logo_6a72b29dbcd89.png
2026-08-06 03:51:30,701 [INFO] Capturing request: https://corestream.siteyaptim.live//hls/s-sport.m3u8
2026-08-06 03:51:30,832 [INFO] Capturing response: https://www.atomsportv512.top/assets/img/player/player_logo_6a72b29dbcd89.png 304 
2026-08-06 03:51:30,909 [INFO] Capturing response: https://corestream.siteyaptim.live//hls/s-sport.m3u8 404 
2026-08-06 03:51:31,407 [INFO] Capturing request: https://android.clients.google.com/c2dm/register3
2026-08-06 03:51:31,837 [INFO] Capturing response: https://android.clients.google.com/c2dm/register3 200 
2026-08-06 03:51:32,964 [INFO]   ✅ M3U8 bulundu: https://corestream.siteyaptim.live//hls/s-sport.m3u8
2026-08-06 03:51:33,053 [INFO] Capturing request: https://android.clients.google.com/c2dm/register3
2026-08-06 03:51:33,069 [INFO] Capturing request: https://corestream.siteyaptim.live//hls/s-sport.m3u8
2026-08-06 03:51:33,260 [INFO] Capturing response: https://corestream.siteyaptim.live//hls/s-sport.m3u8 404 
2026-08-06 03:51:33,572 [INFO] Capturing response: https://android.clients.google.com/c2dm/register3 200 
2026-08-06 03:51:33,964 [INFO] 
[8/14]
2026-08-06 03:51:33,964 [INFO] 🔍 S Sport → https://www.atomsportv512.top/matches?id=s-sport
2026-08-06 03:51:34,073 [INFO] Capturing request: https://www.atomsportv512.top/matches?id=s-sport
2026-08-06 03:51:34,713 [INFO] Capturing response: https://www.atomsportv512.top/matches?id=s-sport 200 
2026-08-06 03:51:34,746 [INFO] Capturing request: https://streamsport365.com/cinema
2026-08-06 03:51:34,842 [INFO] Capturing request: https://teletv5.top/load/yayinlink.php?id=s-sport
2026-08-06 03:51:34,847 [INFO] Capturing request: https://www.atomsportv512.top/favicon.ico
2026-08-06 03:51:34,898 [INFO] Capturing response: https://www.atomsportv512.top/favicon.ico 200 
2026-08-06 03:51:35,107 [INFO] Capturing response: https://teletv5.top/load/yayinlink.php?id=s-sport 200 
2026-08-06 03:51:35,109 [INFO] Capturing response: https://streamsport365.com/cinema 200 
2026-08-06 03:51:35,259 [INFO] Capturing request: https://www.atomsportv512.top/assets/img/player/player_logo_6a72b29dbcd89.png
2026-08-06 03:51:35,271 [INFO] Capturing request: https://corestream.siteyaptim.live//s-sport/tracks-v1a1/mono.m3u8
2026-08-06 03:51:35,394 [INFO] Capturing response: https://www.atomsportv512.top/assets/img/player/player_logo_6a72b29dbcd89.png 304 
2026-08-06 03:51:35,460 [INFO] Capturing response: https://corestream.siteyaptim.live//s-sport/tracks-v1a1/mono.m3u8 200 
2026-08-06 03:51:35,570 [INFO] Capturing request: https://global.siteyaptim.live/s-sport/tracks-v1a1/2026/08/06/03/52/00-06000.jpg
2026-08-06 03:51:36,704 [INFO] Capturing response: https://global.siteyaptim.live/s-sport/tracks-v1a1/2026/08/06/03/52/00-06000.jpg 200 
2026-08-06 03:51:36,981 [INFO] Capturing request: https://global.siteyaptim.live/s-sport/tracks-v1a1/2026/08/06/03/52/06-06000.jpg
2026-08-06 03:51:37,772 [INFO]   ✅ M3U8 bulundu: https://corestream.siteyaptim.live//s-sport/tracks-v1a1/mono.m3u8
2026-08-06 03:51:37,781 [INFO] Capturing response: https://global.siteyaptim.live/s-sport/tracks-v1a1/2026/08/06/03/52/06-06000.jpg 200 
2026-08-06 03:51:38,012 [INFO] Capturing request: https://global.siteyaptim.live/s-sport/tracks-v1a1/2026/08/06/03/52/12-06000.jpg
2026-08-06 03:51:38,773 [INFO] 
[9/14]
2026-08-06 03:51:38,773 [INFO] 🔍 S Sport 2 → https://www.atomsportv512.top/matches?id=s-sport-2
2026-08-06 03:51:38,790 [INFO] Capturing response: https://global.siteyaptim.live/s-sport/tracks-v1a1/2026/08/06/03/52/12-06000.jpg 200 
2026-08-06 03:51:38,882 [INFO] Capturing request: https://www.atomsportv512.top/matches?id=s-sport-2
2026-08-06 03:51:39,156 [INFO] Capturing response: https://www.atomsportv512.top/matches?id=s-sport-2 200 
2026-08-06 03:51:39,290 [INFO] Capturing request: https://teletv5.top/load/yayinlink.php?id=s-sport-2
2026-08-06 03:51:39,291 [INFO] Capturing request: https://www.atomsportv512.top/favicon.ico
2026-08-06 03:51:39,344 [INFO] Capturing response: https://www.atomsportv512.top/favicon.ico 200 
2026-08-06 03:51:39,447 [INFO] Capturing request: https://streamsport365.com/cinema
2026-08-06 03:51:39,536 [INFO] Capturing response: https://teletv5.top/load/yayinlink.php?id=s-sport-2 200 
2026-08-06 03:51:39,808 [INFO] Capturing response: https://streamsport365.com/cinema 200 
2026-08-06 03:51:39,920 [INFO] Capturing request: https://www.atomsportv512.top/assets/img/player/player_logo_6a72b29dbcd89.png
2026-08-06 03:51:39,931 [INFO] Capturing request: https://corestream.siteyaptim.live//s-sport2/tracks-v1a1/mono.m3u8
2026-08-06 03:51:40,056 [INFO] Capturing response: https://www.atomsportv512.top/assets/img/player/player_logo_6a72b29dbcd89.png 304 
2026-08-06 03:51:40,180 [INFO] Capturing response: https://corestream.siteyaptim.live//s-sport2/tracks-v1a1/mono.m3u8 404 
2026-08-06 03:51:42,201 [INFO]   ✅ M3U8 bulundu: https://corestream.siteyaptim.live//s-sport2/tracks-v1a1/mono.m3u8
2026-08-06 03:51:42,340 [INFO] Capturing request: https://corestream.siteyaptim.live//s-sport2/tracks-v1a1/mono.m3u8
2026-08-06 03:51:42,541 [INFO] Capturing response: https://corestream.siteyaptim.live//s-sport2/tracks-v1a1/mono.m3u8 404 
2026-08-06 03:51:43,201 [INFO] 
[10/14]
2026-08-06 03:51:43,201 [INFO] 🔍 A Spor → https://www.atomsportv512.top/matches?id=a-spor
2026-08-06 03:51:43,310 [INFO] Capturing request: https://www.atomsportv512.top/matches?id=a-spor
2026-08-06 03:51:43,586 [INFO] Capturing response: https://www.atomsportv512.top/matches?id=a-spor 200 
2026-08-06 03:51:43,620 [INFO] Capturing request: https://streamsport365.com/cinema
2026-08-06 03:51:43,720 [INFO] Capturing request: https://teletv5.top/load/yayinlink.php?id=a-spor
2026-08-06 03:51:43,724 [INFO] Capturing request: https://www.atomsportv512.top/favicon.ico
2026-08-06 03:51:43,775 [INFO] Capturing response: https://www.atomsportv512.top/favicon.ico 200 
2026-08-06 03:51:43,963 [INFO] Capturing response: https://teletv5.top/load/yayinlink.php?id=a-spor 200 
2026-08-06 03:51:43,979 [INFO] Capturing response: https://streamsport365.com/cinema 200 
2026-08-06 03:51:44,145 [INFO] Capturing request: https://www.atomsportv512.top/assets/img/player/player_logo_6a72b29dbcd89.png
2026-08-06 03:51:44,146 [INFO] Capturing request: https://corestream.siteyaptim.live//aspor/tracks-v1a1/mono.m3u8
2026-08-06 03:51:44,282 [INFO] Capturing response: https://www.atomsportv512.top/assets/img/player/player_logo_6a72b29dbcd89.png 304 
2026-08-06 03:51:44,357 [INFO] Capturing response: https://corestream.siteyaptim.live//aspor/tracks-v1a1/mono.m3u8 404 
2026-08-06 03:51:46,516 [INFO] Capturing request: https://corestream.siteyaptim.live//aspor/tracks-v1a1/mono.m3u8
2026-08-06 03:51:46,633 [INFO]   ✅ M3U8 bulundu: https://corestream.siteyaptim.live//aspor/tracks-v1a1/mono.m3u8
2026-08-06 03:51:46,704 [INFO] Capturing response: https://corestream.siteyaptim.live//aspor/tracks-v1a1/mono.m3u8 404 
2026-08-06 03:51:47,633 [INFO] 
[11/14]
2026-08-06 03:51:47,634 [INFO] 🔍 Tivibu Spor 1 → https://www.atomsportv512.top/matches?id=tivibu-spor-1
2026-08-06 03:51:47,742 [INFO] Capturing request: https://www.atomsportv512.top/matches?id=tivibu-spor-1
2026-08-06 03:51:48,025 [INFO] Capturing response: https://www.atomsportv512.top/matches?id=tivibu-spor-1 200 
2026-08-06 03:51:48,159 [INFO] Capturing request: https://teletv5.top/load/yayinlink.php?id=tivibu-spor-1
2026-08-06 03:51:48,163 [INFO] Capturing request: https://www.atomsportv512.top/favicon.ico
2026-08-06 03:51:48,222 [INFO] Capturing response: https://www.atomsportv512.top/favicon.ico 200 
2026-08-06 03:51:48,317 [INFO] Capturing request: https://streamsport365.com/cinema
2026-08-06 03:51:48,401 [INFO] Capturing response: https://teletv5.top/load/yayinlink.php?id=tivibu-spor-1 200 
2026-08-06 03:51:48,674 [INFO] Capturing response: https://streamsport365.com/cinema 200 
2026-08-06 03:52:01,555 [INFO] Capturing request: https://update.googleapis.com/service/update2/json?cup2key=16:CvkR7WlsaZRxWwaxoKiZ8PSutGV_WD1U7HOivpk5Zjc&cup2hreq=f8523cb8ab995fe85a2c2b8f6155caae043affa0400f60ee619710fe32a09e4e
2026-08-06 03:52:01,610 [INFO] Capturing response: https://update.googleapis.com/service/update2/json?cup2key=16:CvkR7WlsaZRxWwaxoKiZ8PSutGV_WD1U7HOivpk5Zjc&cup2hreq=f8523cb8ab995fe85a2c2b8f6155caae043affa0400f60ee619710fe32a09e4e 200 
2026-08-06 03:52:01,617 [INFO] Capturing request: http://edgedl.me.gvt1.com/edgedl/diffgen-puffin/gcmjkmgdlgnkkcocmoeiminaijmmjnii/6ca5bdb9f3e2cd83b7e359729bc6c33c4fe975ec499861d969b3e080320849ff
2026-08-06 03:52:01,641 [INFO] Capturing response: http://edgedl.me.gvt1.com/edgedl/diffgen-puffin/gcmjkmgdlgnkkcocmoeiminaijmmjnii/6ca5bdb9f3e2cd83b7e359729bc6c33c4fe975ec499861d969b3e080320849ff 200 OK
2026-08-06 03:52:01,669 [INFO] Capturing request: https://update.googleapis.com/service/update2/json
2026-08-06 03:52:01,719 [INFO] Capturing response: https://update.googleapis.com/service/update2/json 200 
2026-08-06 03:52:01,764 [INFO] Capturing request: http://edgedl.me.gvt1.com/edgedl/release2/chrome_component/acylg2lsqt2wlpkzdiomwiisqn4a_10697/hfnkpimlhhgieaddgfemjhofmfblmnib_10697_all_obgp4xs2p6hfcgpg35hplluvjy.crx3
2026-08-06 03:52:01,781 [INFO] Capturing response: http://edgedl.me.gvt1.com/edgedl/release2/chrome_component/acylg2lsqt2wlpkzdiomwiisqn4a_10697/hfnkpimlhhgieaddgfemjhofmfblmnib_10697_all_obgp4xs2p6hfcgpg35hplluvjy.crx3 200 OK
2026-08-06 03:52:01,813 [INFO] Capturing request: https://update.googleapis.com/service/update2/json
2026-08-06 03:52:01,856 [INFO] Capturing response: https://update.googleapis.com/service/update2/json 200 
2026-08-06 03:52:14,142 [INFO] Capturing request: https://android.clients.google.com/c2dm/register3
2026-08-06 03:52:14,217 [INFO] Capturing response: https://android.clients.google.com/c2dm/register3 301 
2026-08-06 03:52:21,354 [WARNING]   ❌ Tivibu Spor 1 için M3U8 bulunamadı
2026-08-06 03:52:22,354 [INFO] 
[12/14]
2026-08-06 03:52:22,354 [INFO] 🔍 Tivibu Spor 2 → https://www.atomsportv512.top/matches?id=tivibu-spor-2
2026-08-06 03:52:22,512 [INFO] Capturing request: https://www.atomsportv512.top/matches?id=tivibu-spor-2
2026-08-06 03:52:23,342 [INFO] Capturing response: https://www.atomsportv512.top/matches?id=tivibu-spor-2 200 
2026-08-06 03:52:23,506 [INFO] Capturing request: https://www.atomsportv512.top/favicon.ico
2026-08-06 03:52:23,567 [INFO] Capturing request: https://teletv5.top/load/yayinlink.php?id=tivibu-spor-2
2026-08-06 03:52:23,588 [INFO] Capturing response: https://www.atomsportv512.top/favicon.ico 200 
2026-08-06 03:52:24,055 [INFO] Capturing response: https://teletv5.top/load/yayinlink.php?id=tivibu-spor-2 200 
2026-08-06 03:52:24,092 [INFO] Capturing request: https://streamsport365.com/cinema
2026-08-06 03:52:24,443 [INFO] Capturing response: https://streamsport365.com/cinema 200 
2026-08-06 03:52:56,659 [WARNING]   ❌ Tivibu Spor 2 için M3U8 bulunamadı
2026-08-06 03:52:57,660 [INFO] 
[13/14]
2026-08-06 03:52:57,660 [INFO] 🔍 Tivibu Spor 3 → https://www.atomsportv512.top/matches?id=tivibu-spor-3
2026-08-06 03:52:57,770 [INFO] Capturing request: https://www.atomsportv512.top/matches?id=tivibu-spor-3
2026-08-06 03:52:58,362 [INFO] Capturing response: https://www.atomsportv512.top/matches?id=tivibu-spor-3 200 
2026-08-06 03:52:58,497 [INFO] Capturing request: https://teletv5.top/load/yayinlink.php?id=tivibu-spor-3
2026-08-06 03:52:58,502 [INFO] Capturing request: https://www.atomsportv512.top/favicon.ico
2026-08-06 03:52:58,564 [INFO] Capturing response: https://www.atomsportv512.top/favicon.ico 200 
2026-08-06 03:52:58,655 [INFO] Capturing request: https://streamsport365.com/cinema
2026-08-06 03:52:58,745 [INFO] Capturing response: https://teletv5.top/load/yayinlink.php?id=tivibu-spor-3 200 
2026-08-06 03:52:59,013 [INFO] Capturing response: https://streamsport365.com/cinema 200 
2026-08-06 03:53:31,649 [WARNING]   ❌ Tivibu Spor 3 için M3U8 bulunamadı
2026-08-06 03:53:32,649 [INFO] 
[14/14]
2026-08-06 03:53:32,649 [INFO] 🔍 Tivibu Spor 4 → https://www.atomsportv512.top/matches?id=tivibu-spor-4
2026-08-06 03:53:32,759 [INFO] Capturing request: https://www.atomsportv512.top/matches?id=tivibu-spor-4
2026-08-06 03:53:33,295 [INFO] Capturing response: https://www.atomsportv512.top/matches?id=tivibu-spor-4 200 
2026-08-06 03:53:33,430 [INFO] Capturing request: https://teletv5.top/load/yayinlink.php?id=tivibu-spor-4
2026-08-06 03:53:33,433 [INFO] Capturing request: https://www.atomsportv512.top/favicon.ico
2026-08-06 03:53:33,491 [INFO] Capturing response: https://www.atomsportv512.top/favicon.ico 200 
2026-08-06 03:53:33,586 [INFO] Capturing request: https://streamsport365.com/cinema
2026-08-06 03:53:33,678 [INFO] Capturing response: https://teletv5.top/load/yayinlink.php?id=tivibu-spor-4 200 
2026-08-06 03:53:33,951 [INFO] Capturing response: https://streamsport365.com/cinema 200 
2026-08-06 03:53:56,258 [INFO] Capturing request: https://android.clients.google.com/c2dm/register3
2026-08-06 03:53:56,343 [INFO] Capturing response: https://android.clients.google.com/c2dm/register3 301 
2026-08-06 03:54:06,584 [WARNING]   ❌ Tivibu Spor 4 için M3U8 bulunamadı
2026-08-06 03:54:07,649 [INFO] ✅ 10 kanal bulundu, playlist.m3u kaydedildi
