2026-08-09 04:00:05,844 [INFO] 🌐 BASE_URL: https://www.atomsportv512.top
2026-08-09 04:00:07,041 [INFO] Başlanıyor... 14 kanal taranacak
2026-08-09 04:00:07,042 [INFO] Using default request storage
2026-08-09 04:00:07,046 [INFO] Created proxy listening on 127.0.0.1:45403
2026-08-09 04:00:07,740 [INFO] Capturing request: http://clients2.google.com/time/1/current?cup2key=10:w3pYOToV4ty2FYUJjYS1v3Kva1w7vO0ka6dF931Xr4M&cup2hreq=e3b0c44298fc1c149afbf4c8996fb92427ae41e4649b934ca495991b7852b855
2026-08-09 04:00:07,795 [INFO] Capturing response: http://clients2.google.com/time/1/current?cup2key=10:w3pYOToV4ty2FYUJjYS1v3Kva1w7vO0ka6dF931Xr4M&cup2hreq=e3b0c44298fc1c149afbf4c8996fb92427ae41e4649b934ca495991b7852b855 200 OK
2026-08-09 04:00:07,944 [INFO] 
[1/14]
2026-08-09 04:00:07,944 [INFO] 🔍 beIN Sports 1 → https://www.atomsportv512.top/matches?id=bein-sports-1
2026-08-09 04:00:08,104 [INFO] Capturing request: https://accounts.google.com/ListAccounts?gpsia=1&source=ChromiumBrowser&json=standard&laf=b64bin
2026-08-09 04:00:08,106 [INFO] Capturing request: https://update.googleapis.com/service/update2/json?cup2key=16:zRXdVdGi0N-ZqsoTY3vFXm0Jg_TriEnEJENruoeAukg&cup2hreq=6b2f18221c245262d5b94fc2b5ac9a23d4e4a97391668f8f8373edfa8b0191a7
2026-08-09 04:00:08,160 [INFO] Capturing response: https://update.googleapis.com/service/update2/json?cup2key=16:zRXdVdGi0N-ZqsoTY3vFXm0Jg_TriEnEJENruoeAukg&cup2hreq=6b2f18221c245262d5b94fc2b5ac9a23d4e4a97391668f8f8373edfa8b0191a7 200 
2026-08-09 04:00:08,202 [INFO] Capturing request: https://www.atomsportv512.top/matches?id=bein-sports-1
2026-08-09 04:00:08,202 [INFO] Capturing request: https://www.google.com/async/folae?async=_fmt:pb&udm=50&client_locale=en-US&client_country=ZZ
2026-08-09 04:00:08,209 [INFO] Capturing request: https://update.googleapis.com/service/update2/json?cup2key=16:oRdASedlw-26bazHR9nmbd9ESqyMw417vIdA2WqRFyo&cup2hreq=755aedeb9b632bc5a64264d5c7ab457059fb19c09aabf52cb398f95b183e6d06
2026-08-09 04:00:08,246 [INFO] Capturing response: https://update.googleapis.com/service/update2/json?cup2key=16:oRdASedlw-26bazHR9nmbd9ESqyMw417vIdA2WqRFyo&cup2hreq=755aedeb9b632bc5a64264d5c7ab457059fb19c09aabf52cb398f95b183e6d06 200 
2026-08-09 04:00:08,248 [INFO] Capturing response: https://accounts.google.com/ListAccounts?gpsia=1&source=ChromiumBrowser&json=standard&laf=b64bin 200 
2026-08-09 04:00:08,251 [INFO] Capturing response: https://www.google.com/async/folae?async=_fmt:pb&udm=50&client_locale=en-US&client_country=ZZ 200 
2026-08-09 04:00:08,294 [INFO] Capturing request: https://update.googleapis.com/service/update2/json?cup2key=16:9cCFHQkggz42WGPbo07Fd9KI4c3fQgVW4lfLA9hiMcQ&cup2hreq=fe02b11107f87064b5286d8ca5bf586a989533bc18ccce83ed153d22acb90258
2026-08-09 04:00:08,320 [INFO] Capturing response: https://update.googleapis.com/service/update2/json?cup2key=16:9cCFHQkggz42WGPbo07Fd9KI4c3fQgVW4lfLA9hiMcQ&cup2hreq=fe02b11107f87064b5286d8ca5bf586a989533bc18ccce83ed153d22acb90258 200 
2026-08-09 04:00:08,494 [INFO] Capturing request: https://www.google.com/async/folae?async=_fmt:pb&udm=50&client_locale=en-US&client_country=ZZ
2026-08-09 04:00:08,531 [INFO] Capturing response: https://www.google.com/async/folae?async=_fmt:pb&udm=50&client_locale=en-US&client_country=ZZ 200 
2026-08-09 04:00:08,874 [INFO] Capturing response: https://www.atomsportv512.top/matches?id=bein-sports-1 200 
2026-08-09 04:00:09,075 [INFO] Capturing request: https://cdn.jsdelivr.net/npm/@clappr/player@0.11.16/dist/clappr.min.js
2026-08-09 04:00:09,077 [INFO] Capturing request: https://cdn.jsdelivr.net/npm/@clappr/hlsjs-playback@1.8.3/dist/hlsjs-playback.min.js
2026-08-09 04:00:09,079 [INFO] Capturing request: https://cdn.jsdelivr.net/npm/level-selector/dist/level-selector.min.js
2026-08-09 04:00:09,099 [INFO] Capturing response: https://cdn.jsdelivr.net/npm/level-selector/dist/level-selector.min.js 200 
2026-08-09 04:00:09,123 [INFO] Capturing response: https://cdn.jsdelivr.net/npm/@clappr/player@0.11.16/dist/clappr.min.js 200 
2026-08-09 04:00:09,126 [INFO] Capturing response: https://cdn.jsdelivr.net/npm/@clappr/hlsjs-playback@1.8.3/dist/hlsjs-playback.min.js 200 
2026-08-09 04:00:09,342 [INFO] Capturing request: https://www.atomsportv512.top/favicon.ico
2026-08-09 04:00:09,402 [INFO] Capturing request: https://teletv5.top/load/yayinlink.php?id=bein-sports-1
2026-08-09 04:00:09,604 [INFO] Capturing response: https://www.atomsportv512.top/favicon.ico 200 
2026-08-09 04:00:09,818 [INFO] Capturing response: https://teletv5.top/load/yayinlink.php?id=bein-sports-1 200 
2026-08-09 04:00:09,967 [INFO] Capturing request: https://streamsport365.com/cinema
2026-08-09 04:00:10,319 [INFO] Capturing response: https://streamsport365.com/cinema 200 
2026-08-09 04:00:10,450 [INFO] Capturing request: https://www.atomsportv512.top/assets/img/player/player_logo_6a72b29dbcd89.png
2026-08-09 04:00:10,504 [INFO] Capturing response: https://www.atomsportv512.top/assets/img/player/player_logo_6a72b29dbcd89.png 200 
2026-08-09 04:00:10,745 [INFO] Capturing request: https://corestream.siteyaptim.live//bein1/tracks-v1a1/mono.m3u8
2026-08-09 04:00:10,963 [INFO] Capturing response: https://corestream.siteyaptim.live//bein1/tracks-v1a1/mono.m3u8 200 
2026-08-09 04:00:11,184 [INFO] Capturing request: https://global.siteyaptim.live/bein1/tracks-v1a1/2026/08/09/03/59/55-06000.jpg
2026-08-09 04:00:11,435 [INFO] Capturing request: https://android.clients.google.com/checkin
2026-08-09 04:00:11,537 [INFO] Capturing response: https://android.clients.google.com/checkin 200 
2026-08-09 04:00:11,597 [INFO] Capturing request: https://android.clients.google.com/c2dm/register3
2026-08-09 04:00:11,604 [INFO] Capturing request: https://android.clients.google.com/c2dm/register3
2026-08-09 04:00:11,610 [INFO] Capturing request: https://android.clients.google.com/c2dm/register3
2026-08-09 04:00:11,615 [INFO] Capturing response: https://global.siteyaptim.live/bein1/tracks-v1a1/2026/08/09/03/59/55-06000.jpg 200 
2026-08-09 04:00:11,686 [INFO] Capturing response: https://android.clients.google.com/c2dm/register3 200 
2026-08-09 04:00:11,696 [INFO] Capturing response: https://android.clients.google.com/c2dm/register3 200 
2026-08-09 04:00:11,703 [INFO] Capturing response: https://android.clients.google.com/c2dm/register3 200 
2026-08-09 04:00:11,879 [INFO] Capturing request: https://global.siteyaptim.live/bein1/tracks-v1a1/2026/08/09/04/00/01-06000.jpg
2026-08-09 04:00:12,276 [INFO]   ✅ M3U8 bulundu: https://corestream.siteyaptim.live//bein1/tracks-v1a1/mono.m3u8
2026-08-09 04:00:12,341 [INFO] Capturing response: https://global.siteyaptim.live/bein1/tracks-v1a1/2026/08/09/04/00/01-06000.jpg 200 
2026-08-09 04:00:12,584 [INFO] Capturing request: https://global.siteyaptim.live/bein1/tracks-v1a1/2026/08/09/04/00/07-06000.jpg
2026-08-09 04:00:13,045 [INFO] Capturing response: https://global.siteyaptim.live/bein1/tracks-v1a1/2026/08/09/04/00/07-06000.jpg 200 
2026-08-09 04:00:13,277 [INFO] 
[2/14]
2026-08-09 04:00:13,277 [INFO] 🔍 beIN Sports 2 → https://www.atomsportv512.top/matches?id=bein-sports-2
2026-08-09 04:00:13,389 [INFO] Capturing request: https://www.atomsportv512.top/matches?id=bein-sports-2
2026-08-09 04:00:13,667 [INFO] Capturing response: https://www.atomsportv512.top/matches?id=bein-sports-2 200 
2026-08-09 04:00:13,721 [INFO] Capturing request: https://streamsport365.com/cinema
2026-08-09 04:00:13,821 [INFO] Capturing request: https://www.atomsportv512.top/favicon.ico
2026-08-09 04:00:13,823 [INFO] Capturing request: https://teletv5.top/load/yayinlink.php?id=bein-sports-2
2026-08-09 04:00:13,870 [INFO] Capturing response: https://www.atomsportv512.top/favicon.ico 200 
2026-08-09 04:00:14,043 [INFO] Capturing response: https://teletv5.top/load/yayinlink.php?id=bein-sports-2 200 
2026-08-09 04:00:14,090 [INFO] Capturing response: https://streamsport365.com/cinema 200 
2026-08-09 04:00:14,201 [INFO] Capturing request: https://www.atomsportv512.top/assets/img/player/player_logo_6a72b29dbcd89.png
2026-08-09 04:00:14,210 [INFO] Capturing request: https://corestream.siteyaptim.live//bein2/tracks-v1a1/mono.m3u8
2026-08-09 04:00:14,325 [INFO] Capturing response: https://www.atomsportv512.top/assets/img/player/player_logo_6a72b29dbcd89.png 304 
2026-08-09 04:00:14,390 [INFO] Capturing response: https://corestream.siteyaptim.live//bein2/tracks-v1a1/mono.m3u8 200 
2026-08-09 04:00:14,500 [INFO] Capturing request: https://global.siteyaptim.live/bein2/tracks-v1a1/2026/08/09/03/59/58-06240.jpg
2026-08-09 04:00:14,862 [INFO] Capturing response: https://global.siteyaptim.live/bein2/tracks-v1a1/2026/08/09/03/59/58-06240.jpg 200 
2026-08-09 04:00:15,108 [INFO] Capturing request: https://global.siteyaptim.live/bein2/tracks-v1a1/2026/08/09/04/00/04-06420.jpg
2026-08-09 04:00:15,490 [INFO] Capturing response: https://global.siteyaptim.live/bein2/tracks-v1a1/2026/08/09/04/00/04-06420.jpg 200 
2026-08-09 04:00:15,726 [INFO] Capturing request: https://global.siteyaptim.live/bein2/tracks-v1a1/2026/08/09/04/00/10-07100.jpg
2026-08-09 04:00:16,241 [INFO] Capturing response: https://global.siteyaptim.live/bein2/tracks-v1a1/2026/08/09/04/00/10-07100.jpg 200 
2026-08-09 04:00:16,500 [INFO] Capturing request: https://global.siteyaptim.live/bein2/tracks-v1a1/2026/08/09/04/00/18-05000.jpg
2026-08-09 04:00:16,787 [INFO]   ✅ M3U8 bulundu: https://corestream.siteyaptim.live//bein2/tracks-v1a1/mono.m3u8
2026-08-09 04:00:16,919 [INFO] Capturing response: https://global.siteyaptim.live/bein2/tracks-v1a1/2026/08/09/04/00/18-05000.jpg 200 
2026-08-09 04:00:17,789 [INFO] 
[3/14]
2026-08-09 04:00:17,789 [INFO] 🔍 beIN Sports 3 → https://www.atomsportv512.top/matches?id=bein-sports-3
2026-08-09 04:00:17,902 [INFO] Capturing request: https://www.atomsportv512.top/matches?id=bein-sports-3
2026-08-09 04:00:18,592 [INFO] Capturing response: https://www.atomsportv512.top/matches?id=bein-sports-3 200 
2026-08-09 04:00:18,724 [INFO] Capturing request: https://teletv5.top/load/yayinlink.php?id=bein-sports-3
2026-08-09 04:00:18,726 [INFO] Capturing request: https://www.atomsportv512.top/favicon.ico
2026-08-09 04:00:18,771 [INFO] Capturing response: https://www.atomsportv512.top/favicon.ico 200 
2026-08-09 04:00:18,877 [INFO] Capturing request: https://streamsport365.com/cinema
2026-08-09 04:00:19,151 [INFO] Capturing response: https://teletv5.top/load/yayinlink.php?id=bein-sports-3 200 
2026-08-09 04:00:19,241 [INFO] Capturing response: https://streamsport365.com/cinema 200 
2026-08-09 04:00:19,351 [INFO] Capturing request: https://www.atomsportv512.top/assets/img/player/player_logo_6a72b29dbcd89.png
2026-08-09 04:00:19,361 [INFO] Capturing request: https://corestream.siteyaptim.live//bein3/tracks-v1a1/mono.m3u8
2026-08-09 04:00:19,473 [INFO] Capturing response: https://www.atomsportv512.top/assets/img/player/player_logo_6a72b29dbcd89.png 304 
2026-08-09 04:00:19,536 [INFO] Capturing response: https://corestream.siteyaptim.live//bein3/tracks-v1a1/mono.m3u8 200 
2026-08-09 04:00:19,646 [INFO] Capturing request: https://global.siteyaptim.live/bein3/tracks-v1a1/2026/08/09/03/58/31-05000.jpg
2026-08-09 04:00:19,954 [INFO] Capturing response: https://global.siteyaptim.live/bein3/tracks-v1a1/2026/08/09/03/58/31-05000.jpg 200 
2026-08-09 04:00:20,130 [INFO] Capturing request: https://global.siteyaptim.live/bein3/tracks-v1a1/2026/08/09/03/58/36-08400.jpg
2026-08-09 04:00:20,666 [INFO] Capturing response: https://global.siteyaptim.live/bein3/tracks-v1a1/2026/08/09/03/58/36-08400.jpg 200 
2026-08-09 04:00:20,934 [INFO] Capturing request: https://global.siteyaptim.live/bein3/tracks-v1a1/2026/08/09/03/58/45-05000.jpg
2026-08-09 04:00:21,645 [INFO]   ✅ M3U8 bulundu: https://corestream.siteyaptim.live//bein3/tracks-v1a1/mono.m3u8
2026-08-09 04:00:22,210 [INFO] Capturing response: https://global.siteyaptim.live/bein3/tracks-v1a1/2026/08/09/03/58/45-05000.jpg 200 
2026-08-09 04:00:22,410 [INFO] Capturing request: https://global.siteyaptim.live/bein3/tracks-v1a1/2026/08/09/03/58/50-05000.jpg
2026-08-09 04:00:22,645 [INFO] 
[4/14]
2026-08-09 04:00:22,645 [INFO] 🔍 beIN Sports 4 → https://www.atomsportv512.top/matches?id=bein-sports-4
2026-08-09 04:00:22,714 [INFO] Capturing response: https://global.siteyaptim.live/bein3/tracks-v1a1/2026/08/09/03/58/50-05000.jpg 200 
2026-08-09 04:00:22,781 [INFO] Capturing request: https://www.atomsportv512.top/matches?id=bein-sports-4
2026-08-09 04:00:23,048 [INFO] Capturing response: https://www.atomsportv512.top/matches?id=bein-sports-4 200 
2026-08-09 04:00:23,079 [INFO] Capturing request: https://streamsport365.com/cinema
2026-08-09 04:00:23,176 [INFO] Capturing request: https://teletv5.top/load/yayinlink.php?id=bein-sports-4
2026-08-09 04:00:23,183 [INFO] Capturing request: https://www.atomsportv512.top/favicon.ico
2026-08-09 04:00:23,223 [INFO] Capturing response: https://www.atomsportv512.top/favicon.ico 200 
2026-08-09 04:00:23,384 [INFO] Capturing response: https://teletv5.top/load/yayinlink.php?id=bein-sports-4 200 
2026-08-09 04:00:23,445 [INFO] Capturing response: https://streamsport365.com/cinema 200 
2026-08-09 04:00:23,556 [INFO] Capturing request: https://www.atomsportv512.top/assets/img/player/player_logo_6a72b29dbcd89.png
2026-08-09 04:00:23,566 [INFO] Capturing request: https://corestream.siteyaptim.live//bein4/tracks-v1a1/mono.m3u8
2026-08-09 04:00:23,677 [INFO] Capturing response: https://www.atomsportv512.top/assets/img/player/player_logo_6a72b29dbcd89.png 304 
2026-08-09 04:00:23,746 [INFO] Capturing response: https://corestream.siteyaptim.live//bein4/tracks-v1a1/mono.m3u8 200 
2026-08-09 04:00:23,896 [INFO] Capturing request: https://global.siteyaptim.live/bein4/tracks-v1a1/2026/08/09/03/59/48-10000.jpg
2026-08-09 04:00:24,471 [INFO] Capturing response: https://global.siteyaptim.live/bein4/tracks-v1a1/2026/08/09/03/59/48-10000.jpg 200 
2026-08-09 04:00:24,816 [INFO] Capturing request: https://global.siteyaptim.live/bein4/tracks-v1a1/2026/08/09/03/59/58-10000.jpg
2026-08-09 04:00:25,388 [INFO] Capturing response: https://global.siteyaptim.live/bein4/tracks-v1a1/2026/08/09/03/59/58-10000.jpg 200 
2026-08-09 04:00:25,696 [INFO] Capturing request: https://global.siteyaptim.live/bein4/tracks-v1a1/2026/08/09/04/00/08-10000.jpg
2026-08-09 04:00:26,118 [INFO]   ✅ M3U8 bulundu: https://corestream.siteyaptim.live//bein4/tracks-v1a1/mono.m3u8
2026-08-09 04:00:26,324 [INFO] Capturing response: https://global.siteyaptim.live/bein4/tracks-v1a1/2026/08/09/04/00/08-10000.jpg 200 
2026-08-09 04:00:27,119 [INFO] 
[5/14]
2026-08-09 04:00:27,119 [INFO] 🔍 beIN Sports 5 → https://www.atomsportv512.top/matches?id=bein-sports-5
2026-08-09 04:00:27,232 [INFO] Capturing request: https://www.atomsportv512.top/matches?id=bein-sports-5
2026-08-09 04:00:27,495 [INFO] Capturing response: https://www.atomsportv512.top/matches?id=bein-sports-5 200 
2026-08-09 04:00:27,627 [INFO] Capturing request: https://teletv5.top/load/yayinlink.php?id=bein-sports-5
2026-08-09 04:00:27,629 [INFO] Capturing request: https://www.atomsportv512.top/favicon.ico
2026-08-09 04:00:27,684 [INFO] Capturing response: https://www.atomsportv512.top/favicon.ico 200 
2026-08-09 04:00:27,783 [INFO] Capturing request: https://streamsport365.com/cinema
2026-08-09 04:00:27,837 [INFO] Capturing response: https://teletv5.top/load/yayinlink.php?id=bein-sports-5 200 
2026-08-09 04:00:28,140 [INFO] Capturing response: https://streamsport365.com/cinema 200 
2026-08-09 04:00:28,251 [INFO] Capturing request: https://www.atomsportv512.top/assets/img/player/player_logo_6a72b29dbcd89.png
2026-08-09 04:00:28,261 [INFO] Capturing request: https://corestream.siteyaptim.live//bein5/tracks-v1a1/mono.m3u8
2026-08-09 04:00:28,373 [INFO] Capturing response: https://www.atomsportv512.top/assets/img/player/player_logo_6a72b29dbcd89.png 304 
2026-08-09 04:00:28,446 [INFO] Capturing response: https://corestream.siteyaptim.live//bein5/tracks-v1a1/mono.m3u8 200 
2026-08-09 04:00:28,557 [INFO] Capturing request: https://global.siteyaptim.live/bein5/tracks-v1a1/2026/08/09/04/01/09-06000.jpg
2026-08-09 04:00:29,257 [INFO] Capturing response: https://global.siteyaptim.live/bein5/tracks-v1a1/2026/08/09/04/01/09-06000.jpg 200 
2026-08-09 04:00:29,637 [INFO] Capturing request: https://global.siteyaptim.live/bein5/tracks-v1a1/2026/08/09/04/01/15-06000.jpg
2026-08-09 04:00:30,546 [INFO]   ✅ M3U8 bulundu: https://corestream.siteyaptim.live//bein5/tracks-v1a1/mono.m3u8
2026-08-09 04:00:30,748 [INFO] Capturing response: https://global.siteyaptim.live/bein5/tracks-v1a1/2026/08/09/04/01/15-06000.jpg 200 
2026-08-09 04:00:31,094 [INFO] Capturing request: https://global.siteyaptim.live/bein5/tracks-v1a1/2026/08/09/04/01/21-06000.jpg
2026-08-09 04:00:31,547 [INFO] 
[6/14]
2026-08-09 04:00:31,547 [INFO] 🔍 beIN Sports Max 1 → https://www.atomsportv512.top/matches?id=bein-sports-max-1
2026-08-09 04:00:31,682 [INFO] Capturing request: https://www.atomsportv512.top/matches?id=bein-sports-max-1
2026-08-09 04:00:31,706 [INFO] Capturing response: https://global.siteyaptim.live/bein5/tracks-v1a1/2026/08/09/04/01/21-06000.jpg 200 
2026-08-09 04:00:31,952 [INFO] Capturing response: https://www.atomsportv512.top/matches?id=bein-sports-max-1 200 
2026-08-09 04:00:31,986 [INFO] Capturing request: https://streamsport365.com/cinema
2026-08-09 04:00:32,086 [INFO] Capturing request: https://www.atomsportv512.top/favicon.ico
2026-08-09 04:00:32,087 [INFO] Capturing request: https://teletv5.top/load/yayinlink.php?id=bein-sports-max-1
2026-08-09 04:00:32,121 [INFO] Capturing response: https://www.atomsportv512.top/favicon.ico 200 
2026-08-09 04:00:32,298 [INFO] Capturing response: https://teletv5.top/load/yayinlink.php?id=bein-sports-max-1 200 
2026-08-09 04:00:32,349 [INFO] Capturing response: https://streamsport365.com/cinema 200 
2026-08-09 04:00:32,459 [INFO] Capturing request: https://www.atomsportv512.top/assets/img/player/player_logo_6a72b29dbcd89.png
2026-08-09 04:00:32,476 [INFO] Capturing request: https://corestream.siteyaptim.live//beinmax1/tracks-v1a1/mono.m3u8
2026-08-09 04:00:32,586 [INFO] Capturing response: https://www.atomsportv512.top/assets/img/player/player_logo_6a72b29dbcd89.png 304 
2026-08-09 04:00:32,676 [INFO] Capturing response: https://corestream.siteyaptim.live//beinmax1/tracks-v1a1/mono.m3u8 200 
2026-08-09 04:00:32,825 [INFO] Capturing request: https://global.siteyaptim.live/beinmax1/tracks-v1a1/2026/08/09/04/00/15-05000.jpg
2026-08-09 04:00:33,670 [INFO] Capturing response: https://global.siteyaptim.live/beinmax1/tracks-v1a1/2026/08/09/04/00/15-05000.jpg 200 
2026-08-09 04:00:33,885 [INFO] Capturing request: https://global.siteyaptim.live/beinmax1/tracks-v1a1/2026/08/09/04/00/20-05000.jpg
2026-08-09 04:00:34,319 [INFO] Capturing response: https://global.siteyaptim.live/beinmax1/tracks-v1a1/2026/08/09/04/00/20-05000.jpg 200 
2026-08-09 04:00:34,567 [INFO] Capturing request: https://global.siteyaptim.live/beinmax1/tracks-v1a1/2026/08/09/04/00/25-05000.jpg
2026-08-09 04:00:34,970 [INFO] Capturing request: https://android.clients.google.com/c2dm/register3
2026-08-09 04:00:35,010 [INFO]   ✅ M3U8 bulundu: https://corestream.siteyaptim.live//beinmax1/tracks-v1a1/mono.m3u8
2026-08-09 04:00:35,011 [INFO] Capturing response: https://global.siteyaptim.live/beinmax1/tracks-v1a1/2026/08/09/04/00/25-05000.jpg 200 
2026-08-09 04:00:35,052 [INFO] Capturing response: https://android.clients.google.com/c2dm/register3 301 
2026-08-09 04:00:36,011 [INFO] 
[7/14]
2026-08-09 04:00:36,011 [INFO] 🔍 beIN Sports Max 2 → https://www.atomsportv512.top/matches?id=bein-sports-max-2
2026-08-09 04:00:36,070 [INFO] Capturing request: https://android.clients.google.com/c2dm/register3
2026-08-09 04:00:36,121 [INFO] Capturing request: https://www.atomsportv512.top/matches?id=bein-sports-max-2
2026-08-09 04:00:36,385 [INFO] Capturing response: https://www.atomsportv512.top/matches?id=bein-sports-max-2 200 
2026-08-09 04:00:36,410 [INFO] Capturing request: https://android.clients.google.com/c2dm/register3
2026-08-09 04:00:36,521 [INFO] Capturing request: https://teletv5.top/load/yayinlink.php?id=bein-sports-max-2
2026-08-09 04:00:36,521 [INFO] Capturing request: https://www.atomsportv512.top/favicon.ico
2026-08-09 04:00:36,559 [INFO] Capturing response: https://www.atomsportv512.top/favicon.ico 200 
2026-08-09 04:00:36,680 [INFO] Capturing response: https://android.clients.google.com/c2dm/register3 200 
2026-08-09 04:00:36,683 [INFO] Capturing request: https://streamsport365.com/cinema
2026-08-09 04:00:36,726 [INFO] Capturing response: https://teletv5.top/load/yayinlink.php?id=bein-sports-max-2 200 
2026-08-09 04:00:36,799 [INFO] Capturing response: https://android.clients.google.com/c2dm/register3 200 
2026-08-09 04:00:37,047 [INFO] Capturing response: https://streamsport365.com/cinema 200 
2026-08-09 04:00:37,157 [INFO] Capturing request: https://www.atomsportv512.top/assets/img/player/player_logo_6a72b29dbcd89.png
2026-08-09 04:00:37,169 [INFO] Capturing request: https://corestream.siteyaptim.live//hls/s-sport.m3u8
2026-08-09 04:00:37,277 [INFO] Capturing response: https://www.atomsportv512.top/assets/img/player/player_logo_6a72b29dbcd89.png 304 
2026-08-09 04:00:37,357 [INFO] Capturing response: https://corestream.siteyaptim.live//hls/s-sport.m3u8 404 
2026-08-09 04:00:39,430 [INFO]   ✅ M3U8 bulundu: https://corestream.siteyaptim.live//hls/s-sport.m3u8
2026-08-09 04:00:39,480 [INFO] Capturing request: https://corestream.siteyaptim.live//hls/s-sport.m3u8
2026-08-09 04:00:39,655 [INFO] Capturing response: https://corestream.siteyaptim.live//hls/s-sport.m3u8 404 
2026-08-09 04:00:40,430 [INFO] 
[8/14]
2026-08-09 04:00:40,430 [INFO] 🔍 S Sport → https://www.atomsportv512.top/matches?id=s-sport
2026-08-09 04:00:40,539 [INFO] Capturing request: https://www.atomsportv512.top/matches?id=s-sport
2026-08-09 04:00:40,996 [INFO] Capturing response: https://www.atomsportv512.top/matches?id=s-sport 200 
2026-08-09 04:00:41,029 [INFO] Capturing request: https://streamsport365.com/cinema
2026-08-09 04:00:41,124 [INFO] Capturing request: https://teletv5.top/load/yayinlink.php?id=s-sport
2026-08-09 04:00:41,130 [INFO] Capturing request: https://www.atomsportv512.top/favicon.ico
2026-08-09 04:00:41,166 [INFO] Capturing response: https://www.atomsportv512.top/favicon.ico 200 
2026-08-09 04:00:41,336 [INFO] Capturing response: https://teletv5.top/load/yayinlink.php?id=s-sport 200 
2026-08-09 04:00:41,380 [INFO] Capturing response: https://streamsport365.com/cinema 200 
2026-08-09 04:00:41,490 [INFO] Capturing request: https://www.atomsportv512.top/assets/img/player/player_logo_6a72b29dbcd89.png
2026-08-09 04:00:41,499 [INFO] Capturing request: https://corestream.siteyaptim.live//s-sport/tracks-v1a1/mono.m3u8
2026-08-09 04:00:41,610 [INFO] Capturing response: https://www.atomsportv512.top/assets/img/player/player_logo_6a72b29dbcd89.png 304 
2026-08-09 04:00:41,674 [INFO] Capturing response: https://corestream.siteyaptim.live//s-sport/tracks-v1a1/mono.m3u8 200 
2026-08-09 04:00:41,784 [INFO] Capturing request: https://global.siteyaptim.live/s-sport/tracks-v1a1/2026/08/09/04/00/55-06840.jpg
2026-08-09 04:00:42,185 [INFO] Capturing response: https://global.siteyaptim.live/s-sport/tracks-v1a1/2026/08/09/04/00/55-06840.jpg 200 
2026-08-09 04:00:42,406 [INFO] Capturing request: https://global.siteyaptim.live/s-sport/tracks-v1a1/2026/08/09/04/01/02-05280.jpg
2026-08-09 04:00:42,920 [INFO] Capturing response: https://global.siteyaptim.live/s-sport/tracks-v1a1/2026/08/09/04/01/02-05280.jpg 200 
2026-08-09 04:00:43,112 [INFO] Capturing request: https://global.siteyaptim.live/s-sport/tracks-v1a1/2026/08/09/04/01/07-05040.jpg
2026-08-09 04:00:43,418 [INFO] Capturing response: https://global.siteyaptim.live/s-sport/tracks-v1a1/2026/08/09/04/01/07-05040.jpg 200 
2026-08-09 04:00:43,617 [INFO] Capturing request: https://global.siteyaptim.live/s-sport/tracks-v1a1/2026/08/09/04/01/12-06040.jpg
2026-08-09 04:00:43,967 [INFO] Capturing response: https://global.siteyaptim.live/s-sport/tracks-v1a1/2026/08/09/04/01/12-06040.jpg 200 
2026-08-09 04:00:44,046 [INFO]   ✅ M3U8 bulundu: https://corestream.siteyaptim.live//s-sport/tracks-v1a1/mono.m3u8
2026-08-09 04:00:45,046 [INFO] 
[9/14]
2026-08-09 04:00:45,047 [INFO] 🔍 S Sport 2 → https://www.atomsportv512.top/matches?id=s-sport-2
2026-08-09 04:00:45,157 [INFO] Capturing request: https://www.atomsportv512.top/matches?id=s-sport-2
2026-08-09 04:00:46,106 [INFO] Capturing response: https://www.atomsportv512.top/matches?id=s-sport-2 200 
2026-08-09 04:00:46,244 [INFO] Capturing request: https://teletv5.top/load/yayinlink.php?id=s-sport-2
2026-08-09 04:00:46,245 [INFO] Capturing request: https://www.atomsportv512.top/favicon.ico
2026-08-09 04:00:46,286 [INFO] Capturing response: https://www.atomsportv512.top/favicon.ico 200 
2026-08-09 04:00:46,394 [INFO] Capturing request: https://streamsport365.com/cinema
2026-08-09 04:00:46,622 [INFO] Capturing response: https://teletv5.top/load/yayinlink.php?id=s-sport-2 200 
2026-08-09 04:00:46,760 [INFO] Capturing response: https://streamsport365.com/cinema 200 
2026-08-09 04:00:46,870 [INFO] Capturing request: https://www.atomsportv512.top/assets/img/player/player_logo_6a72b29dbcd89.png
2026-08-09 04:00:46,879 [INFO] Capturing request: https://corestream.siteyaptim.live//s-sport2/tracks-v1a1/mono.m3u8
2026-08-09 04:00:46,990 [INFO] Capturing response: https://www.atomsportv512.top/assets/img/player/player_logo_6a72b29dbcd89.png 304 
2026-08-09 04:00:47,054 [INFO] Capturing response: https://corestream.siteyaptim.live//s-sport2/tracks-v1a1/mono.m3u8 200 
2026-08-09 04:00:47,163 [INFO] Capturing request: https://global.siteyaptim.live/s-sport2/tracks-v1a1/2026/08/09/04/00/49-10000.jpg
2026-08-09 04:00:47,644 [INFO] Capturing response: https://global.siteyaptim.live/s-sport2/tracks-v1a1/2026/08/09/04/00/49-10000.jpg 200 
2026-08-09 04:00:47,914 [INFO] Capturing request: https://global.siteyaptim.live/s-sport2/tracks-v1a1/2026/08/09/04/00/59-10000.jpg
2026-08-09 04:00:48,414 [INFO] Capturing response: https://global.siteyaptim.live/s-sport2/tracks-v1a1/2026/08/09/04/00/59-10000.jpg 200 
2026-08-09 04:00:48,682 [INFO] Capturing request: https://global.siteyaptim.live/s-sport2/tracks-v1a1/2026/08/09/04/01/09-10000.jpg
2026-08-09 04:00:49,185 [INFO]   ✅ M3U8 bulundu: https://corestream.siteyaptim.live//s-sport2/tracks-v1a1/mono.m3u8
2026-08-09 04:00:49,214 [INFO] Capturing response: https://global.siteyaptim.live/s-sport2/tracks-v1a1/2026/08/09/04/01/09-10000.jpg 200 
2026-08-09 04:00:50,185 [INFO] 
[10/14]
2026-08-09 04:00:50,185 [INFO] 🔍 A Spor → https://www.atomsportv512.top/matches?id=a-spor
2026-08-09 04:00:50,296 [INFO] Capturing request: https://www.atomsportv512.top/matches?id=a-spor
2026-08-09 04:00:50,694 [INFO] Capturing response: https://www.atomsportv512.top/matches?id=a-spor 200 
2026-08-09 04:00:50,727 [INFO] Capturing request: https://streamsport365.com/cinema
2026-08-09 04:00:50,826 [INFO] Capturing request: https://teletv5.top/load/yayinlink.php?id=a-spor
2026-08-09 04:00:50,833 [INFO] Capturing request: https://www.atomsportv512.top/favicon.ico
2026-08-09 04:00:50,870 [INFO] Capturing response: https://www.atomsportv512.top/favicon.ico 200 
2026-08-09 04:00:51,042 [INFO] Capturing response: https://teletv5.top/load/yayinlink.php?id=a-spor 200 
2026-08-09 04:00:51,089 [INFO] Capturing response: https://streamsport365.com/cinema 200 
2026-08-09 04:00:51,200 [INFO] Capturing request: https://www.atomsportv512.top/assets/img/player/player_logo_6a72b29dbcd89.png
2026-08-09 04:00:51,209 [INFO] Capturing request: https://corestream.siteyaptim.live//aspor/tracks-v1a1/mono.m3u8
2026-08-09 04:00:51,321 [INFO] Capturing response: https://www.atomsportv512.top/assets/img/player/player_logo_6a72b29dbcd89.png 304 
2026-08-09 04:00:51,394 [INFO] Capturing response: https://corestream.siteyaptim.live//aspor/tracks-v1a1/mono.m3u8 200 
2026-08-09 04:00:51,543 [INFO] Capturing request: https://global.siteyaptim.live/aspor/tracks-v1a1/2026/08/09/04/01/57-10000.jpg
2026-08-09 04:00:52,079 [INFO] Capturing response: https://global.siteyaptim.live/aspor/tracks-v1a1/2026/08/09/04/01/57-10000.jpg 200 
2026-08-09 04:00:52,378 [INFO] Capturing request: https://global.siteyaptim.live/aspor/tracks-v1a1/2026/08/09/04/02/07-10000.jpg
2026-08-09 04:00:52,973 [INFO] Capturing response: https://global.siteyaptim.live/aspor/tracks-v1a1/2026/08/09/04/02/07-10000.jpg 200 
2026-08-09 04:00:53,282 [INFO] Capturing request: https://global.siteyaptim.live/aspor/tracks-v1a1/2026/08/09/04/02/17-10000.jpg
2026-08-09 04:00:53,772 [INFO]   ✅ M3U8 bulundu: https://corestream.siteyaptim.live//aspor/tracks-v1a1/mono.m3u8
2026-08-09 04:00:53,868 [INFO] Capturing response: https://global.siteyaptim.live/aspor/tracks-v1a1/2026/08/09/04/02/17-10000.jpg 200 
2026-08-09 04:00:54,772 [INFO] 
[11/14]
2026-08-09 04:00:54,772 [INFO] 🔍 Tivibu Spor 1 → https://www.atomsportv512.top/matches?id=tivibu-spor-1
2026-08-09 04:00:54,884 [INFO] Capturing request: https://www.atomsportv512.top/matches?id=tivibu-spor-1
2026-08-09 04:00:55,145 [INFO] Capturing response: https://www.atomsportv512.top/matches?id=tivibu-spor-1 200 
2026-08-09 04:00:55,275 [INFO] Capturing request: https://teletv5.top/load/yayinlink.php?id=tivibu-spor-1
2026-08-09 04:00:55,279 [INFO] Capturing request: https://www.atomsportv512.top/favicon.ico
2026-08-09 04:00:55,315 [INFO] Capturing response: https://www.atomsportv512.top/favicon.ico 200 
2026-08-09 04:00:55,430 [INFO] Capturing request: https://streamsport365.com/cinema
2026-08-09 04:00:55,482 [INFO] Capturing response: https://teletv5.top/load/yayinlink.php?id=tivibu-spor-1 200 
2026-08-09 04:00:55,787 [INFO] Capturing response: https://streamsport365.com/cinema 200 
2026-08-09 04:01:07,718 [INFO] Capturing request: https://update.googleapis.com/service/update2/json?cup2key=16:MM1rdla8L35ZQJggzOjfnXbZQOQqlnD107e7aNFgkYw&cup2hreq=ba58ea972bd53aecf1a5cc908532f951cfc32d939e1c82da52514d98292effec
2026-08-09 04:01:07,747 [INFO] Capturing response: https://update.googleapis.com/service/update2/json?cup2key=16:MM1rdla8L35ZQJggzOjfnXbZQOQqlnD107e7aNFgkYw&cup2hreq=ba58ea972bd53aecf1a5cc908532f951cfc32d939e1c82da52514d98292effec 200 
2026-08-09 04:01:07,753 [INFO] Capturing request: http://edgedl.me.gvt1.com/edgedl/diffgen-puffin/gcmjkmgdlgnkkcocmoeiminaijmmjnii/6ca5bdb9f3e2cd83b7e359729bc6c33c4fe975ec499861d969b3e080320849ff
2026-08-09 04:01:07,763 [INFO] Capturing response: http://edgedl.me.gvt1.com/edgedl/diffgen-puffin/gcmjkmgdlgnkkcocmoeiminaijmmjnii/6ca5bdb9f3e2cd83b7e359729bc6c33c4fe975ec499861d969b3e080320849ff 200 OK
2026-08-09 04:01:07,790 [INFO] Capturing request: https://update.googleapis.com/service/update2/json
2026-08-09 04:01:07,816 [INFO] Capturing response: https://update.googleapis.com/service/update2/json 200 
2026-08-09 04:01:07,861 [INFO] Capturing request: http://edgedl.me.gvt1.com/edgedl/release2/chrome_component/adih7hqkwwnlq27pihummqu5o3qq_10703/hfnkpimlhhgieaddgfemjhofmfblmnib_10703_all_adwucdksqyjhqe3vkpfmfprvcuqa.crx3
2026-08-09 04:01:07,877 [INFO] Capturing response: http://edgedl.me.gvt1.com/edgedl/release2/chrome_component/adih7hqkwwnlq27pihummqu5o3qq_10703/hfnkpimlhhgieaddgfemjhofmfblmnib_10703_all_adwucdksqyjhqe3vkpfmfprvcuqa.crx3 200 OK
2026-08-09 04:01:07,906 [INFO] Capturing request: https://update.googleapis.com/service/update2/json
2026-08-09 04:01:07,934 [INFO] Capturing response: https://update.googleapis.com/service/update2/json 200 
2026-08-09 04:01:24,481 [INFO] Capturing request: https://android.clients.google.com/c2dm/register3
2026-08-09 04:01:24,555 [INFO] Capturing response: https://android.clients.google.com/c2dm/register3 301 
2026-08-09 04:01:28,467 [WARNING]   ❌ Tivibu Spor 1 için M3U8 bulunamadı
2026-08-09 04:01:29,467 [INFO] 
[12/14]
2026-08-09 04:01:29,467 [INFO] 🔍 Tivibu Spor 2 → https://www.atomsportv512.top/matches?id=tivibu-spor-2
2026-08-09 04:01:29,615 [INFO] Capturing request: https://www.atomsportv512.top/matches?id=tivibu-spor-2
2026-08-09 04:01:30,207 [INFO] Capturing response: https://www.atomsportv512.top/matches?id=tivibu-spor-2 200 
2026-08-09 04:01:30,373 [INFO] Capturing request: https://www.atomsportv512.top/favicon.ico
2026-08-09 04:01:30,403 [INFO] Capturing request: https://teletv5.top/load/yayinlink.php?id=tivibu-spor-2
2026-08-09 04:01:30,408 [INFO] Capturing response: https://www.atomsportv512.top/favicon.ico 200 
2026-08-09 04:01:30,833 [INFO] Capturing response: https://teletv5.top/load/yayinlink.php?id=tivibu-spor-2 200 
2026-08-09 04:01:31,017 [INFO] Capturing request: https://streamsport365.com/cinema
2026-08-09 04:01:31,375 [INFO] Capturing response: https://streamsport365.com/cinema 200 
2026-08-09 04:02:03,523 [WARNING]   ❌ Tivibu Spor 2 için M3U8 bulunamadı
2026-08-09 04:02:04,523 [INFO] 
[13/14]
2026-08-09 04:02:04,523 [INFO] 🔍 Tivibu Spor 3 → https://www.atomsportv512.top/matches?id=tivibu-spor-3
2026-08-09 04:02:04,632 [INFO] Capturing request: https://www.atomsportv512.top/matches?id=tivibu-spor-3
2026-08-09 04:02:05,081 [INFO] Capturing response: https://www.atomsportv512.top/matches?id=tivibu-spor-3 200 
2026-08-09 04:02:05,219 [INFO] Capturing request: https://teletv5.top/load/yayinlink.php?id=tivibu-spor-3
2026-08-09 04:02:05,221 [INFO] Capturing request: https://www.atomsportv512.top/favicon.ico
2026-08-09 04:02:05,250 [INFO] Capturing response: https://www.atomsportv512.top/favicon.ico 200 
2026-08-09 04:02:05,372 [INFO] Capturing request: https://streamsport365.com/cinema
2026-08-09 04:02:05,440 [INFO] Capturing response: https://teletv5.top/load/yayinlink.php?id=tivibu-spor-3 200 
2026-08-09 04:02:05,742 [INFO] Capturing response: https://streamsport365.com/cinema 200 
2026-08-09 04:02:38,371 [WARNING]   ❌ Tivibu Spor 3 için M3U8 bulunamadı
2026-08-09 04:02:39,371 [INFO] 
[14/14]
2026-08-09 04:02:39,372 [INFO] 🔍 Tivibu Spor 4 → https://www.atomsportv512.top/matches?id=tivibu-spor-4
2026-08-09 04:02:39,481 [INFO] Capturing request: https://www.atomsportv512.top/matches?id=tivibu-spor-4
2026-08-09 04:02:40,083 [INFO] Capturing response: https://www.atomsportv512.top/matches?id=tivibu-spor-4 200 
2026-08-09 04:02:40,224 [INFO] Capturing request: https://www.atomsportv512.top/favicon.ico
2026-08-09 04:02:40,225 [INFO] Capturing request: https://teletv5.top/load/yayinlink.php?id=tivibu-spor-4
2026-08-09 04:02:40,251 [INFO] Capturing response: https://www.atomsportv512.top/favicon.ico 200 
2026-08-09 04:02:40,381 [INFO] Capturing request: https://streamsport365.com/cinema
2026-08-09 04:02:40,622 [INFO] Capturing response: https://teletv5.top/load/yayinlink.php?id=tivibu-spor-4 200 
2026-08-09 04:02:40,735 [INFO] Capturing response: https://streamsport365.com/cinema 200 
2026-08-09 04:03:11,626 [INFO] Capturing request: https://android.clients.google.com/c2dm/register3
2026-08-09 04:03:11,695 [INFO] Capturing response: https://android.clients.google.com/c2dm/register3 301 
2026-08-09 04:03:13,372 [WARNING]   ❌ Tivibu Spor 4 için M3U8 bulunamadı
2026-08-09 04:03:14,439 [INFO] ✅ 10 kanal bulundu, playlist.m3u kaydedildi
