2026-08-25 22:57:56,890 [INFO] 🌐 BASE_URL: https://www.atomsportv513.top
2026-08-25 22:57:58,216 [INFO] Başlanıyor... 14 kanal taranacak
2026-08-25 22:57:58,217 [INFO] Using default request storage
2026-08-25 22:57:58,221 [INFO] Created proxy listening on 127.0.0.1:38525
2026-08-25 22:57:58,904 [INFO] Capturing request: http://clients2.google.com/time/1/current?cup2key=10:gOaggJfDElA3NAxRCZmUTcx-o49nhRmx0qVObDU02QM&cup2hreq=e3b0c44298fc1c149afbf4c8996fb92427ae41e4649b934ca495991b7852b855
2026-08-25 22:57:58,966 [INFO] Capturing response: http://clients2.google.com/time/1/current?cup2key=10:gOaggJfDElA3NAxRCZmUTcx-o49nhRmx0qVObDU02QM&cup2hreq=e3b0c44298fc1c149afbf4c8996fb92427ae41e4649b934ca495991b7852b855 200 OK
2026-08-25 22:57:59,138 [INFO] 
[1/14]
2026-08-25 22:57:59,142 [INFO] 🔍 beIN Sports 1 → https://www.atomsportv513.top/matches?id=bein-sports-1
2026-08-25 22:57:59,249 [INFO] Capturing request: https://update.googleapis.com/service/update2/json?cup2key=16:60H1TBtqfWG28iYR-ZYjwjtsMhFArxqlIGtI5Xayk24&cup2hreq=bbd57301e606c5d7785b278a3e4e79ac5ca9a57a5804ba07f766cf0b1c3ed0b8
2026-08-25 22:57:59,256 [INFO] Capturing request: https://accounts.google.com/ListAccounts?gpsia=1&source=ChromiumBrowser&json=standard&laf=b64bin
2026-08-25 22:57:59,377 [INFO] Capturing response: https://update.googleapis.com/service/update2/json?cup2key=16:60H1TBtqfWG28iYR-ZYjwjtsMhFArxqlIGtI5Xayk24&cup2hreq=bbd57301e606c5d7785b278a3e4e79ac5ca9a57a5804ba07f766cf0b1c3ed0b8 200 
2026-08-25 22:57:59,379 [INFO] Capturing request: https://www.google.com/async/folae?async=_fmt:pb&udm=50&client_locale=en-US&client_country=ZZ
2026-08-25 22:57:59,382 [INFO] Capturing response: https://accounts.google.com/ListAccounts?gpsia=1&source=ChromiumBrowser&json=standard&laf=b64bin 200 
2026-08-25 22:57:59,396 [INFO] Capturing request: https://www.atomsportv513.top/matches?id=bein-sports-1
2026-08-25 22:57:59,408 [INFO] Capturing response: https://www.google.com/async/folae?async=_fmt:pb&udm=50&client_locale=en-US&client_country=ZZ 200 
2026-08-25 22:57:59,423 [INFO] Capturing request: https://update.googleapis.com/service/update2/json?cup2key=16:O3TlaR8s44g3IzGB9GniSqRIS_KtBjTDziecLfCrVGU&cup2hreq=ad8c60424e26576a328b6fb6a91258f62f6cdea99420b2f00cb9f1243f05eafb
2026-08-25 22:57:59,474 [INFO] Capturing response: https://update.googleapis.com/service/update2/json?cup2key=16:O3TlaR8s44g3IzGB9GniSqRIS_KtBjTDziecLfCrVGU&cup2hreq=ad8c60424e26576a328b6fb6a91258f62f6cdea99420b2f00cb9f1243f05eafb 200 
2026-08-25 22:57:59,520 [INFO] Capturing request: https://update.googleapis.com/service/update2/json?cup2key=16:VHwDEzAc7lRR3_8FjJ2Y5WPCABoJWcX2CGeG5Ywf1f8&cup2hreq=c116e314d4704fbfb1e787c702e2ba3fce295bec8ac32de907fb67f173a77a38
2026-08-25 22:57:59,572 [INFO] Capturing response: https://update.googleapis.com/service/update2/json?cup2key=16:VHwDEzAc7lRR3_8FjJ2Y5WPCABoJWcX2CGeG5Ywf1f8&cup2hreq=c116e314d4704fbfb1e787c702e2ba3fce295bec8ac32de907fb67f173a77a38 200 
2026-08-25 22:57:59,629 [INFO] Capturing request: https://www.google.com/async/folae?async=_fmt:pb&udm=50&client_locale=en-US&client_country=ZZ
2026-08-25 22:57:59,657 [INFO] Capturing response: https://www.google.com/async/folae?async=_fmt:pb&udm=50&client_locale=en-US&client_country=ZZ 200 
2026-08-25 22:58:00,067 [INFO] Capturing response: https://www.atomsportv513.top/matches?id=bein-sports-1 200 
2026-08-25 22:58:00,267 [INFO] Capturing request: https://cdn.jsdelivr.net/npm/@clappr/player@0.11.16/dist/clappr.min.js
2026-08-25 22:58:00,271 [INFO] Capturing request: https://cdn.jsdelivr.net/npm/@clappr/hlsjs-playback@1.8.3/dist/hlsjs-playback.min.js
2026-08-25 22:58:00,275 [INFO] Capturing request: https://cdn.jsdelivr.net/npm/level-selector/dist/level-selector.min.js
2026-08-25 22:58:00,286 [INFO] Capturing response: https://cdn.jsdelivr.net/npm/level-selector/dist/level-selector.min.js 200 
2026-08-25 22:58:00,301 [INFO] Capturing response: https://cdn.jsdelivr.net/npm/@clappr/player@0.11.16/dist/clappr.min.js 200 
2026-08-25 22:58:00,306 [INFO] Capturing response: https://cdn.jsdelivr.net/npm/@clappr/hlsjs-playback@1.8.3/dist/hlsjs-playback.min.js 200 
2026-08-25 22:58:00,519 [INFO] Capturing request: https://www.atomsportv513.top/favicon.ico
2026-08-25 22:58:00,590 [INFO] Capturing response: https://www.atomsportv513.top/favicon.ico 200 
2026-08-25 22:58:00,773 [INFO] Capturing request: https://teletv5.top/load/yayinlink.php?id=bein-sports-1
2026-08-25 22:58:01,077 [INFO] Capturing request: https://streamsport365.com/cinema
2026-08-25 22:58:01,292 [INFO] Capturing response: https://teletv5.top/load/yayinlink.php?id=bein-sports-1 200 
2026-08-25 22:58:01,405 [INFO] Capturing response: https://streamsport365.com/cinema 200 
2026-08-25 22:58:01,536 [INFO] Capturing request: https://www.atomsportv513.top/assets/img/player/player_logo_6a87a2e2eecc5.png
2026-08-25 22:58:01,606 [INFO] Capturing response: https://www.atomsportv513.top/assets/img/player/player_logo_6a87a2e2eecc5.png 200 
2026-08-25 22:58:01,623 [INFO] Capturing request: https://corestream.siteyaptim.live//beintv/tracks-v1a1/mono.m3u8
2026-08-25 22:58:01,845 [INFO] Capturing response: https://corestream.siteyaptim.live//beintv/tracks-v1a1/mono.m3u8 200 
2026-08-25 22:58:02,083 [INFO] Capturing request: https://global.siteyaptim.live/beintv/tracks-v1a1/2026/08/25/22/57/40-05000.jpg
2026-08-25 22:58:02,469 [INFO] Capturing request: https://android.clients.google.com/checkin
2026-08-25 22:58:02,573 [INFO] Capturing response: https://android.clients.google.com/checkin 200 
2026-08-25 22:58:02,627 [INFO] Capturing request: https://android.clients.google.com/c2dm/register3
2026-08-25 22:58:02,628 [INFO] Capturing request: https://android.clients.google.com/c2dm/register3
2026-08-25 22:58:02,631 [INFO] Capturing request: https://android.clients.google.com/c2dm/register3
2026-08-25 22:58:02,689 [INFO] Capturing response: https://android.clients.google.com/c2dm/register3 301 
2026-08-25 22:58:02,876 [INFO] Capturing response: https://global.siteyaptim.live/beintv/tracks-v1a1/2026/08/25/22/57/40-05000.jpg 200 
2026-08-25 22:58:03,112 [INFO] Capturing request: https://global.siteyaptim.live/beintv/tracks-v1a1/2026/08/25/22/57/45-05000.jpg
2026-08-25 22:58:03,358 [INFO] Capturing response: https://android.clients.google.com/c2dm/register3 200 
2026-08-25 22:58:03,440 [INFO]   ✅ M3U8 bulundu: https://corestream.siteyaptim.live//beintv/tracks-v1a1/mono.m3u8
2026-08-25 22:58:03,640 [INFO] Capturing response: https://android.clients.google.com/c2dm/register3 200 
2026-08-25 22:58:03,823 [INFO] Capturing response: https://global.siteyaptim.live/beintv/tracks-v1a1/2026/08/25/22/57/45-05000.jpg 200 
2026-08-25 22:58:04,051 [INFO] Capturing request: https://global.siteyaptim.live/beintv/tracks-v1a1/2026/08/25/22/57/50-05000.jpg
2026-08-25 22:58:04,440 [INFO] 
[2/14]
2026-08-25 22:58:04,440 [INFO] 🔍 beIN Sports 2 → https://www.atomsportv513.top/matches?id=bein-sports-2
2026-08-25 22:58:04,557 [INFO] Capturing request: https://www.atomsportv513.top/matches?id=bein-sports-2
2026-08-25 22:58:04,718 [INFO] Capturing response: https://global.siteyaptim.live/beintv/tracks-v1a1/2026/08/25/22/57/50-05000.jpg 200 
2026-08-25 22:58:04,816 [INFO] Capturing response: https://www.atomsportv513.top/matches?id=bein-sports-2 200 
2026-08-25 22:58:04,874 [INFO] Capturing request: https://streamsport365.com/cinema
2026-08-25 22:58:04,974 [INFO] Capturing request: https://teletv5.top/load/yayinlink.php?id=bein-sports-2
2026-08-25 22:58:04,975 [INFO] Capturing request: https://www.atomsportv513.top/favicon.ico
2026-08-25 22:58:05,028 [INFO] Capturing response: https://www.atomsportv513.top/favicon.ico 200 
2026-08-25 22:58:05,205 [INFO] Capturing response: https://streamsport365.com/cinema 200 
2026-08-25 22:58:05,216 [INFO] Capturing response: https://teletv5.top/load/yayinlink.php?id=bein-sports-2 200 
2026-08-25 22:58:05,327 [INFO] Capturing request: https://www.atomsportv513.top/assets/img/player/player_logo_6a87a2e2eecc5.png
2026-08-25 22:58:05,336 [INFO] Capturing request: https://corestream.siteyaptim.live//bein2/tracks-v1a1/mono.m3u8
2026-08-25 22:58:05,459 [INFO] Capturing response: https://www.atomsportv513.top/assets/img/player/player_logo_6a87a2e2eecc5.png 304 
2026-08-25 22:58:05,534 [INFO] Capturing response: https://corestream.siteyaptim.live//bein2/tracks-v1a1/mono.m3u8 404 
2026-08-25 22:58:07,658 [INFO] Capturing request: https://corestream.siteyaptim.live//bein2/tracks-v1a1/mono.m3u8
2026-08-25 22:58:07,848 [INFO] Capturing response: https://corestream.siteyaptim.live//bein2/tracks-v1a1/mono.m3u8 404 
2026-08-25 22:58:07,888 [INFO]   ✅ M3U8 bulundu: https://corestream.siteyaptim.live//bein2/tracks-v1a1/mono.m3u8
2026-08-25 22:58:08,888 [INFO] 
[3/14]
2026-08-25 22:58:08,888 [INFO] 🔍 beIN Sports 3 → https://www.atomsportv513.top/matches?id=bein-sports-3
2026-08-25 22:58:08,998 [INFO] Capturing request: https://www.atomsportv513.top/matches?id=bein-sports-3
2026-08-25 22:58:09,261 [INFO] Capturing response: https://www.atomsportv513.top/matches?id=bein-sports-3 200 
2026-08-25 22:58:09,389 [INFO] Capturing request: https://teletv5.top/load/yayinlink.php?id=bein-sports-3
2026-08-25 22:58:09,391 [INFO] Capturing request: https://www.atomsportv513.top/favicon.ico
2026-08-25 22:58:09,460 [INFO] Capturing response: https://www.atomsportv513.top/favicon.ico 200 
2026-08-25 22:58:09,529 [INFO] Capturing request: https://streamsport365.com/cinema
2026-08-25 22:58:09,635 [INFO] Capturing response: https://teletv5.top/load/yayinlink.php?id=bein-sports-3 200 
2026-08-25 22:58:09,855 [INFO] Capturing response: https://streamsport365.com/cinema 200 
2026-08-25 22:58:09,965 [INFO] Capturing request: https://www.atomsportv513.top/assets/img/player/player_logo_6a87a2e2eecc5.png
2026-08-25 22:58:09,975 [INFO] Capturing request: https://corestream.siteyaptim.live//bein3/tracks-v1a1/mono.m3u8
2026-08-25 22:58:10,096 [INFO] Capturing response: https://www.atomsportv513.top/assets/img/player/player_logo_6a87a2e2eecc5.png 304 
2026-08-25 22:58:10,211 [INFO] Capturing response: https://corestream.siteyaptim.live//bein3/tracks-v1a1/mono.m3u8 404 
2026-08-25 22:58:12,301 [INFO]   ✅ M3U8 bulundu: https://corestream.siteyaptim.live//bein3/tracks-v1a1/mono.m3u8
2026-08-25 22:58:12,370 [INFO] Capturing request: https://corestream.siteyaptim.live//bein3/tracks-v1a1/mono.m3u8
2026-08-25 22:58:12,550 [INFO] Capturing response: https://corestream.siteyaptim.live//bein3/tracks-v1a1/mono.m3u8 404 
2026-08-25 22:58:13,301 [INFO] 
[4/14]
2026-08-25 22:58:13,301 [INFO] 🔍 beIN Sports 4 → https://www.atomsportv513.top/matches?id=bein-sports-4
2026-08-25 22:58:13,409 [INFO] Capturing request: https://www.atomsportv513.top/matches?id=bein-sports-4
2026-08-25 22:58:13,676 [INFO] Capturing response: https://www.atomsportv513.top/matches?id=bein-sports-4 200 
2026-08-25 22:58:13,710 [INFO] Capturing request: https://streamsport365.com/cinema
2026-08-25 22:58:13,807 [INFO] Capturing request: https://teletv5.top/load/yayinlink.php?id=bein-sports-4
2026-08-25 22:58:13,815 [INFO] Capturing request: https://www.atomsportv513.top/favicon.ico
2026-08-25 22:58:13,869 [INFO] Capturing response: https://www.atomsportv513.top/favicon.ico 200 
2026-08-25 22:58:14,051 [INFO] Capturing response: https://streamsport365.com/cinema 200 
2026-08-25 22:58:14,053 [INFO] Capturing response: https://teletv5.top/load/yayinlink.php?id=bein-sports-4 200 
2026-08-25 22:58:14,205 [INFO] Capturing request: https://www.atomsportv513.top/assets/img/player/player_logo_6a87a2e2eecc5.png
2026-08-25 22:58:14,213 [INFO] Capturing request: https://corestream.siteyaptim.live//bein4/tracks-v1a1/mono.m3u8
2026-08-25 22:58:14,344 [INFO] Capturing response: https://www.atomsportv513.top/assets/img/player/player_logo_6a87a2e2eecc5.png 304 
2026-08-25 22:58:14,428 [INFO] Capturing response: https://corestream.siteyaptim.live//bein4/tracks-v1a1/mono.m3u8 200 
2026-08-25 22:58:14,537 [INFO] Capturing request: https://global.siteyaptim.live/bein4/tracks-v1a1/2026/08/25/22/58/03-05600.jpg
2026-08-25 22:58:15,907 [INFO] Capturing response: https://global.siteyaptim.live/bein4/tracks-v1a1/2026/08/25/22/58/03-05600.jpg 200 
2026-08-25 22:58:16,194 [INFO] Capturing request: https://global.siteyaptim.live/bein4/tracks-v1a1/2026/08/25/22/58/08-05000.jpg
2026-08-25 22:58:16,733 [INFO]   ✅ M3U8 bulundu: https://corestream.siteyaptim.live//bein4/tracks-v1a1/mono.m3u8
2026-08-25 22:58:17,209 [INFO] Capturing response: https://global.siteyaptim.live/bein4/tracks-v1a1/2026/08/25/22/58/08-05000.jpg 200 
2026-08-25 22:58:17,421 [INFO] Capturing request: https://global.siteyaptim.live/bein4/tracks-v1a1/2026/08/25/22/58/13-07640.jpg
2026-08-25 22:58:17,733 [INFO] 
[5/14]
2026-08-25 22:58:17,734 [INFO] 🔍 beIN Sports 5 → https://www.atomsportv513.top/matches?id=bein-sports-5
2026-08-25 22:58:17,849 [INFO] Capturing request: https://www.atomsportv513.top/matches?id=bein-sports-5
2026-08-25 22:58:18,113 [INFO] Capturing response: https://www.atomsportv513.top/matches?id=bein-sports-5 200 
2026-08-25 22:58:18,251 [INFO] Capturing request: https://teletv5.top/load/yayinlink.php?id=bein-sports-5
2026-08-25 22:58:18,251 [INFO] Capturing request: https://www.atomsportv513.top/favicon.ico
2026-08-25 22:58:18,389 [INFO] Capturing request: https://streamsport365.com/cinema
2026-08-25 22:58:18,403 [INFO] Capturing response: https://www.atomsportv513.top/favicon.ico 200 
2026-08-25 22:58:18,509 [INFO] Capturing response: https://teletv5.top/load/yayinlink.php?id=bein-sports-5 200 
2026-08-25 22:58:18,719 [INFO] Capturing response: https://streamsport365.com/cinema 200 
2026-08-25 22:58:18,831 [INFO] Capturing request: https://www.atomsportv513.top/assets/img/player/player_logo_6a87a2e2eecc5.png
2026-08-25 22:58:18,839 [INFO] Capturing response: https://global.siteyaptim.live/bein4/tracks-v1a1/2026/08/25/22/58/13-07640.jpg 200 
2026-08-25 22:58:18,842 [INFO] Capturing request: https://corestream.siteyaptim.live//bein5/tracks-v1a1/mono.m3u8
2026-08-25 22:58:18,915 [INFO] 127.0.0.1:41278: ProtocolException("Error in HTTP connection: Http2ZombieException('Connection or stream already dead: 1787698698.9151502, False')")
2026-08-25 22:58:18,963 [INFO] Capturing response: https://www.atomsportv513.top/assets/img/player/player_logo_6a87a2e2eecc5.png 304 
2026-08-25 22:58:19,037 [INFO] Capturing response: https://corestream.siteyaptim.live//bein5/tracks-v1a1/mono.m3u8 404 
2026-08-25 22:58:21,161 [INFO]   ✅ M3U8 bulundu: https://corestream.siteyaptim.live//bein5/tracks-v1a1/mono.m3u8
2026-08-25 22:58:21,199 [INFO] Capturing request: https://corestream.siteyaptim.live//bein5/tracks-v1a1/mono.m3u8
2026-08-25 22:58:21,398 [INFO] Capturing response: https://corestream.siteyaptim.live//bein5/tracks-v1a1/mono.m3u8 404 
2026-08-25 22:58:22,162 [INFO] 
[6/14]
2026-08-25 22:58:22,162 [INFO] 🔍 beIN Sports Max 1 → https://www.atomsportv513.top/matches?id=bein-sports-max-1
2026-08-25 22:58:22,271 [INFO] Capturing request: https://www.atomsportv513.top/matches?id=bein-sports-max-1
2026-08-25 22:58:22,533 [INFO] Capturing response: https://www.atomsportv513.top/matches?id=bein-sports-max-1 200 
2026-08-25 22:58:22,565 [INFO] Capturing request: https://streamsport365.com/cinema
2026-08-25 22:58:22,666 [INFO] Capturing request: https://teletv5.top/load/yayinlink.php?id=bein-sports-max-1
2026-08-25 22:58:22,668 [INFO] Capturing request: https://www.atomsportv513.top/favicon.ico
2026-08-25 22:58:22,723 [INFO] Capturing response: https://www.atomsportv513.top/favicon.ico 200 
2026-08-25 22:58:22,899 [INFO] Capturing response: https://streamsport365.com/cinema 200 
2026-08-25 22:58:22,908 [INFO] Capturing response: https://teletv5.top/load/yayinlink.php?id=bein-sports-max-1 200 
2026-08-25 22:58:27,882 [INFO] Capturing request: https://android.clients.google.com/c2dm/register3
2026-08-25 22:58:27,945 [INFO] Capturing response: https://android.clients.google.com/c2dm/register3 429 
2026-08-25 22:58:55,827 [WARNING]   ❌ beIN Sports Max 1 için M3U8 bulunamadı
2026-08-25 22:58:56,828 [INFO] 
[7/14]
2026-08-25 22:58:56,828 [INFO] 🔍 beIN Sports Max 2 → https://www.atomsportv513.top/matches?id=bein-sports-max-2
2026-08-25 22:58:56,936 [INFO] Capturing request: https://www.atomsportv513.top/matches?id=bein-sports-max-2
2026-08-25 22:58:57,495 [INFO] Capturing response: https://www.atomsportv513.top/matches?id=bein-sports-max-2 200 
2026-08-25 22:58:57,623 [INFO] Capturing request: https://teletv5.top/load/yayinlink.php?id=bein-sports-max-2
2026-08-25 22:58:57,629 [INFO] Capturing request: https://www.atomsportv513.top/favicon.ico
2026-08-25 22:58:57,682 [INFO] Capturing response: https://www.atomsportv513.top/favicon.ico 200 
2026-08-25 22:58:57,765 [INFO] Capturing request: https://streamsport365.com/cinema
2026-08-25 22:58:57,864 [INFO] Capturing response: https://teletv5.top/load/yayinlink.php?id=bein-sports-max-2 200 
2026-08-25 22:58:58,091 [INFO] Capturing response: https://streamsport365.com/cinema 200 
2026-08-25 22:58:58,886 [INFO] Capturing request: https://update.googleapis.com/service/update2/json?cup2key=16:64qSJryCSbkykhc4Bm4XHCPpsu2JdjiVvBnW9uLAYuM&cup2hreq=2fc1d0f40a8994a553b8921edeb92bb5802ebe4ecf18177f78d9546ec373a4d2
2026-08-25 22:58:58,939 [INFO] Capturing response: https://update.googleapis.com/service/update2/json?cup2key=16:64qSJryCSbkykhc4Bm4XHCPpsu2JdjiVvBnW9uLAYuM&cup2hreq=2fc1d0f40a8994a553b8921edeb92bb5802ebe4ecf18177f78d9546ec373a4d2 200 
2026-08-25 22:58:58,945 [INFO] Capturing request: http://edgedl.me.gvt1.com/edgedl/release2/chrome_component/acbx33e5lrcmd6jasgmuubfohdtq_10736/hfnkpimlhhgieaddgfemjhofmfblmnib_10736_all_ebzjkhrakqqhntgb5gy2fkq4me.crx3
2026-08-25 22:58:58,969 [INFO] Capturing response: http://edgedl.me.gvt1.com/edgedl/release2/chrome_component/acbx33e5lrcmd6jasgmuubfohdtq_10736/hfnkpimlhhgieaddgfemjhofmfblmnib_10736_all_ebzjkhrakqqhntgb5gy2fkq4me.crx3 200 OK
2026-08-25 22:58:58,997 [INFO] Capturing request: https://update.googleapis.com/service/update2/json
2026-08-25 22:58:59,039 [INFO] Capturing response: https://update.googleapis.com/service/update2/json 200 
2026-08-25 22:58:59,084 [INFO] Capturing request: http://edgedl.me.gvt1.com/edgedl/diffgen-puffin/gcmjkmgdlgnkkcocmoeiminaijmmjnii/6ca5bdb9f3e2cd83b7e359729bc6c33c4fe975ec499861d969b3e080320849ff
2026-08-25 22:58:59,090 [INFO] Capturing response: http://edgedl.me.gvt1.com/edgedl/diffgen-puffin/gcmjkmgdlgnkkcocmoeiminaijmmjnii/6ca5bdb9f3e2cd83b7e359729bc6c33c4fe975ec499861d969b3e080320849ff 200 OK
2026-08-25 22:58:59,115 [INFO] Capturing request: https://update.googleapis.com/service/update2/json
2026-08-25 22:58:59,165 [INFO] Capturing response: https://update.googleapis.com/service/update2/json 200 
2026-08-25 22:59:30,784 [WARNING]   ❌ beIN Sports Max 2 için M3U8 bulunamadı
2026-08-25 22:59:31,784 [INFO] 
[8/14]
2026-08-25 22:59:31,784 [INFO] 🔍 S Sport → https://www.atomsportv513.top/matches?id=s-sport
2026-08-25 22:59:31,955 [INFO] Capturing request: https://www.atomsportv513.top/matches?id=s-sport
2026-08-25 22:59:32,800 [INFO] Capturing response: https://www.atomsportv513.top/matches?id=s-sport 200 
2026-08-25 22:59:32,962 [INFO] Capturing request: https://www.atomsportv513.top/favicon.ico
2026-08-25 22:59:33,009 [INFO] Capturing request: https://teletv5.top/load/yayinlink.php?id=s-sport
2026-08-25 22:59:33,025 [INFO] Capturing response: https://www.atomsportv513.top/favicon.ico 200 
2026-08-25 22:59:33,270 [INFO] Capturing response: https://teletv5.top/load/yayinlink.php?id=s-sport 200 
2026-08-25 22:59:33,504 [INFO] Capturing request: https://streamsport365.com/cinema
2026-08-25 22:59:33,824 [INFO] Capturing response: https://streamsport365.com/cinema 200 
2026-08-25 22:59:33,936 [INFO] Capturing request: https://www.atomsportv513.top/assets/img/player/player_logo_6a87a2e2eecc5.png
2026-08-25 22:59:34,009 [INFO] Capturing request: https://corestream.siteyaptim.live//s-sport/tracks-v1a1/mono.m3u8
2026-08-25 22:59:34,078 [INFO] Capturing response: https://www.atomsportv513.top/assets/img/player/player_logo_6a87a2e2eecc5.png 304 
2026-08-25 22:59:34,237 [INFO] Capturing response: https://corestream.siteyaptim.live//s-sport/tracks-v1a1/mono.m3u8 200 
2026-08-25 22:59:34,435 [INFO] Capturing request: https://global.siteyaptim.live/s-sport/tracks-v1a1/2026/08/25/22/59/32-10000.jpg
2026-08-25 22:59:35,451 [INFO] Capturing response: https://global.siteyaptim.live/s-sport/tracks-v1a1/2026/08/25/22/59/32-10000.jpg 200 
2026-08-25 22:59:35,707 [INFO] Capturing request: https://global.siteyaptim.live/s-sport/tracks-v1a1/2026/08/25/22/59/42-10000.jpg
2026-08-25 22:59:35,876 [INFO]   ✅ M3U8 bulundu: https://corestream.siteyaptim.live//s-sport/tracks-v1a1/mono.m3u8
2026-08-25 22:59:36,744 [INFO] Capturing response: https://global.siteyaptim.live/s-sport/tracks-v1a1/2026/08/25/22/59/42-10000.jpg 200 
2026-08-25 22:59:36,876 [INFO] 
[9/14]
2026-08-25 22:59:36,877 [INFO] 🔍 S Sport 2 → https://www.atomsportv513.top/matches?id=s-sport-2
2026-08-25 22:59:37,011 [INFO] Capturing request: https://www.atomsportv513.top/matches?id=s-sport-2
2026-08-25 22:59:37,013 [INFO] Capturing request: https://global.siteyaptim.live/s-sport/tracks-v1a1/2026/08/25/22/59/52-10000.jpg
2026-08-25 22:59:37,272 [INFO] Capturing response: https://www.atomsportv513.top/matches?id=s-sport-2 200 
2026-08-25 22:59:37,309 [INFO] Capturing request: https://streamsport365.com/cinema
2026-08-25 22:59:37,404 [INFO] Capturing request: https://teletv5.top/load/yayinlink.php?id=s-sport-2
2026-08-25 22:59:37,410 [INFO] Capturing request: https://www.atomsportv513.top/favicon.ico
2026-08-25 22:59:37,465 [INFO] Capturing response: https://www.atomsportv513.top/favicon.ico 200 
2026-08-25 22:59:37,636 [INFO] Capturing response: https://streamsport365.com/cinema 200 
2026-08-25 22:59:37,656 [INFO] Capturing response: https://teletv5.top/load/yayinlink.php?id=s-sport-2 200 
2026-08-25 22:59:37,768 [INFO] Capturing request: https://www.atomsportv513.top/assets/img/player/player_logo_6a87a2e2eecc5.png
2026-08-25 22:59:37,779 [INFO] Capturing request: https://corestream.siteyaptim.live//s-sport2/tracks-v1a1/mono.m3u8
2026-08-25 22:59:37,903 [INFO] Capturing response: https://www.atomsportv513.top/assets/img/player/player_logo_6a87a2e2eecc5.png 304 
2026-08-25 22:59:37,982 [INFO] Capturing response: https://corestream.siteyaptim.live//s-sport2/tracks-v1a1/mono.m3u8 200 
2026-08-25 22:59:38,094 [INFO] Capturing request: https://global.siteyaptim.live/s-sport2/tracks-v1a1/2026/08/25/23/00/10-10000.jpg
2026-08-25 22:59:38,369 [INFO] Capturing response: https://global.siteyaptim.live/s-sport/tracks-v1a1/2026/08/25/22/59/52-10000.jpg 200 
2026-08-25 22:59:39,273 [INFO] Capturing response: https://global.siteyaptim.live/s-sport2/tracks-v1a1/2026/08/25/23/00/10-10000.jpg 200 
2026-08-25 22:59:39,503 [INFO] Capturing request: https://global.siteyaptim.live/s-sport2/tracks-v1a1/2026/08/25/23/00/20-10000.jpg
2026-08-25 22:59:40,330 [INFO]   ✅ M3U8 bulundu: https://corestream.siteyaptim.live//s-sport2/tracks-v1a1/mono.m3u8
2026-08-25 22:59:40,557 [INFO] Capturing response: https://global.siteyaptim.live/s-sport2/tracks-v1a1/2026/08/25/23/00/20-10000.jpg 200 
2026-08-25 22:59:40,817 [INFO] Capturing request: https://global.siteyaptim.live/s-sport2/tracks-v1a1/2026/08/25/23/00/30-10000.jpg
2026-08-25 22:59:41,331 [INFO] 
[10/14]
2026-08-25 22:59:41,331 [INFO] 🔍 A Spor → https://www.atomsportv513.top/matches?id=a-spor
2026-08-25 22:59:41,445 [INFO] Capturing request: https://www.atomsportv513.top/matches?id=a-spor
2026-08-25 22:59:41,710 [INFO] Capturing response: https://www.atomsportv513.top/matches?id=a-spor 200 
2026-08-25 22:59:41,771 [INFO] Capturing response: https://global.siteyaptim.live/s-sport2/tracks-v1a1/2026/08/25/23/00/30-10000.jpg 200 
2026-08-25 22:59:41,848 [INFO] Capturing request: https://www.atomsportv513.top/favicon.ico
2026-08-25 22:59:41,851 [INFO] Capturing request: https://teletv5.top/load/yayinlink.php?id=a-spor
2026-08-25 22:59:41,915 [INFO] Capturing response: https://www.atomsportv513.top/favicon.ico 200 
2026-08-25 22:59:41,991 [INFO] Capturing request: https://streamsport365.com/cinema
2026-08-25 22:59:42,100 [INFO] Capturing response: https://teletv5.top/load/yayinlink.php?id=a-spor 200 
2026-08-25 22:59:42,318 [INFO] Capturing response: https://streamsport365.com/cinema 200 
2026-08-25 22:59:42,428 [INFO] Capturing request: https://www.atomsportv513.top/assets/img/player/player_logo_6a87a2e2eecc5.png
2026-08-25 22:59:42,439 [INFO] Capturing request: https://corestream.siteyaptim.live//aspor/tracks-v1a1/mono.m3u8
2026-08-25 22:59:42,560 [INFO] Capturing response: https://www.atomsportv513.top/assets/img/player/player_logo_6a87a2e2eecc5.png 304 
2026-08-25 22:59:42,643 [INFO] Capturing response: https://corestream.siteyaptim.live//aspor/tracks-v1a1/mono.m3u8 200 
2026-08-25 22:59:42,752 [INFO] Capturing request: https://global.siteyaptim.live/aspor/tracks-v1a1/2026/08/25/23/01/02-10000.jpg
2026-08-25 22:59:43,923 [INFO] Capturing response: https://global.siteyaptim.live/aspor/tracks-v1a1/2026/08/25/23/01/02-10000.jpg 200 
2026-08-25 22:59:44,203 [INFO] Capturing request: https://global.siteyaptim.live/aspor/tracks-v1a1/2026/08/25/23/01/12-10000.jpg
2026-08-25 22:59:44,760 [INFO]   ✅ M3U8 bulundu: https://corestream.siteyaptim.live//aspor/tracks-v1a1/mono.m3u8
2026-08-25 22:59:45,526 [INFO] Capturing response: https://global.siteyaptim.live/aspor/tracks-v1a1/2026/08/25/23/01/12-10000.jpg 200 
2026-08-25 22:59:45,760 [INFO] 
[11/14]
2026-08-25 22:59:45,760 [INFO] 🔍 Tivibu Spor 1 → https://www.atomsportv513.top/matches?id=tivibu-spor-1
2026-08-25 22:59:45,825 [INFO] Capturing request: https://global.siteyaptim.live/aspor/tracks-v1a1/2026/08/25/23/01/22-10000.jpg
2026-08-25 22:59:45,871 [INFO] Capturing request: https://www.atomsportv513.top/matches?id=tivibu-spor-1
2026-08-25 22:59:46,153 [INFO] Capturing response: https://www.atomsportv513.top/matches?id=tivibu-spor-1 200 
2026-08-25 22:59:46,187 [INFO] Capturing request: https://streamsport365.com/cinema
2026-08-25 22:59:46,285 [INFO] Capturing request: https://teletv5.top/load/yayinlink.php?id=tivibu-spor-1
2026-08-25 22:59:46,287 [INFO] Capturing request: https://www.atomsportv513.top/favicon.ico
2026-08-25 22:59:46,364 [INFO] Capturing response: https://www.atomsportv513.top/favicon.ico 200 
2026-08-25 22:59:46,518 [INFO] Capturing response: https://streamsport365.com/cinema 200 
2026-08-25 22:59:46,527 [INFO] Capturing response: https://teletv5.top/load/yayinlink.php?id=tivibu-spor-1 200 
2026-08-25 22:59:47,106 [INFO] Capturing response: https://global.siteyaptim.live/aspor/tracks-v1a1/2026/08/25/23/01/22-10000.jpg 200 
2026-08-25 22:59:47,147 [INFO] 127.0.0.1:55348: ProtocolException("Error in HTTP connection: Http2ZombieException('Connection or stream already dead: 1787698787.1454728, False')")
2026-08-25 23:00:19,443 [WARNING]   ❌ Tivibu Spor 1 için M3U8 bulunamadı
2026-08-25 23:00:20,443 [INFO] 
[12/14]
2026-08-25 23:00:20,443 [INFO] 🔍 Tivibu Spor 2 → https://www.atomsportv513.top/matches?id=tivibu-spor-2
2026-08-25 23:00:20,553 [INFO] Capturing request: https://www.atomsportv513.top/matches?id=tivibu-spor-2
2026-08-25 23:00:21,946 [INFO] Capturing response: https://www.atomsportv513.top/matches?id=tivibu-spor-2 200 
2026-08-25 23:00:22,081 [INFO] Capturing request: https://www.atomsportv513.top/favicon.ico
2026-08-25 23:00:22,081 [INFO] Capturing request: https://teletv5.top/load/yayinlink.php?id=tivibu-spor-2
2026-08-25 23:00:22,143 [INFO] Capturing response: https://www.atomsportv513.top/favicon.ico 200 
2026-08-25 23:00:22,163 [INFO] Capturing response: https://teletv5.top/load/yayinlink.php?id=tivibu-spor-2 200 
2026-08-25 23:00:22,223 [INFO] Capturing request: https://streamsport365.com/cinema
2026-08-25 23:00:22,554 [INFO] Capturing response: https://streamsport365.com/cinema 200 
2026-08-25 23:00:55,219 [WARNING]   ❌ Tivibu Spor 2 için M3U8 bulunamadı
2026-08-25 23:00:56,219 [INFO] 
[13/14]
2026-08-25 23:00:56,219 [INFO] 🔍 Tivibu Spor 3 → https://www.atomsportv513.top/matches?id=tivibu-spor-3
2026-08-25 23:00:56,327 [INFO] Capturing request: https://www.atomsportv513.top/matches?id=tivibu-spor-3
2026-08-25 23:00:56,940 [INFO] Capturing response: https://www.atomsportv513.top/matches?id=tivibu-spor-3 200 
2026-08-25 23:00:57,072 [INFO] Capturing request: https://teletv5.top/load/yayinlink.php?id=tivibu-spor-3
2026-08-25 23:00:57,074 [INFO] Capturing request: https://www.atomsportv513.top/favicon.ico
2026-08-25 23:00:57,137 [INFO] Capturing response: https://www.atomsportv513.top/favicon.ico 200 
2026-08-25 23:00:57,210 [INFO] Capturing request: https://streamsport365.com/cinema
2026-08-25 23:00:57,538 [INFO] Capturing response: https://streamsport365.com/cinema 200 
2026-08-25 23:00:57,541 [INFO] Capturing response: https://teletv5.top/load/yayinlink.php?id=tivibu-spor-3 200 
2026-08-25 23:01:30,210 [WARNING]   ❌ Tivibu Spor 3 için M3U8 bulunamadı
2026-08-25 23:01:31,210 [INFO] 
[14/14]
2026-08-25 23:01:31,210 [INFO] 🔍 Tivibu Spor 4 → https://www.atomsportv513.top/matches?id=tivibu-spor-4
2026-08-25 23:01:31,319 [INFO] Capturing request: https://www.atomsportv513.top/matches?id=tivibu-spor-4
2026-08-25 23:01:31,790 [INFO] Capturing response: https://www.atomsportv513.top/matches?id=tivibu-spor-4 200 
2026-08-25 23:01:31,923 [INFO] Capturing request: https://teletv5.top/load/yayinlink.php?id=tivibu-spor-4
2026-08-25 23:01:31,926 [INFO] Capturing request: https://www.atomsportv513.top/favicon.ico
2026-08-25 23:01:31,992 [INFO] Capturing response: https://www.atomsportv513.top/favicon.ico 200 
2026-08-25 23:01:32,063 [INFO] Capturing request: https://streamsport365.com/cinema
2026-08-25 23:01:32,177 [INFO] Capturing response: https://teletv5.top/load/yayinlink.php?id=tivibu-spor-4 200 
2026-08-25 23:01:32,393 [INFO] Capturing response: https://streamsport365.com/cinema 200 
2026-08-25 23:02:05,061 [WARNING]   ❌ Tivibu Spor 4 için M3U8 bulunamadı
2026-08-25 23:02:06,130 [INFO] ✅ 8 kanal bulundu, playlist.m3u kaydedildi
