2026-09-05 20:58:06,396 [INFO] 🌐 BASE_URL: https://www.atomsportv514.top
2026-09-05 20:58:07,392 [INFO] Başlanıyor... 14 kanal taranacak
2026-09-05 20:58:07,392 [INFO] Using default request storage
2026-09-05 20:58:07,397 [INFO] Created proxy listening on 127.0.0.1:38521
2026-09-05 20:58:08,094 [INFO] Capturing request: http://clients2.google.com/time/1/current?cup2key=10:Zj7VqeGFXQ7uWLJQ_b1ShpHKzPpN5ly05C1QFkZR-uU&cup2hreq=e3b0c44298fc1c149afbf4c8996fb92427ae41e4649b934ca495991b7852b855
2026-09-05 20:58:08,137 [INFO] Capturing response: http://clients2.google.com/time/1/current?cup2key=10:Zj7VqeGFXQ7uWLJQ_b1ShpHKzPpN5ly05C1QFkZR-uU&cup2hreq=e3b0c44298fc1c149afbf4c8996fb92427ae41e4649b934ca495991b7852b855 200 OK
2026-09-05 20:58:08,357 [INFO] 
[1/14]
2026-09-05 20:58:08,358 [INFO] 🔍 beIN Sports 1 → https://www.atomsportv514.top/matches?id=bein-sports-1
2026-09-05 20:58:08,441 [INFO] Capturing request: https://update.googleapis.com/service/update2/json?cup2key=16:SR_1qquGpuqJ7xbH_l8ux_Kqe5sIy9-sgak1hdI8UfU&cup2hreq=d71e86b28c470aee596bd7bb9dec981178b74231e25223ae8d3d70cb936805c5
2026-09-05 20:58:08,447 [INFO] Capturing request: https://accounts.google.com/ListAccounts?gpsia=1&source=ChromiumBrowser&json=standard&laf=b64bin
2026-09-05 20:58:08,541 [INFO] Capturing response: https://update.googleapis.com/service/update2/json?cup2key=16:SR_1qquGpuqJ7xbH_l8ux_Kqe5sIy9-sgak1hdI8UfU&cup2hreq=d71e86b28c470aee596bd7bb9dec981178b74231e25223ae8d3d70cb936805c5 200 
2026-09-05 20:58:08,545 [INFO] Capturing response: https://accounts.google.com/ListAccounts?gpsia=1&source=ChromiumBrowser&json=standard&laf=b64bin 200 
2026-09-05 20:58:08,546 [INFO] Capturing request: https://www.google.com/async/folae?async=_fmt:pb&udm=50&client_locale=en-US&client_country=ZZ
2026-09-05 20:58:08,574 [INFO] Capturing response: https://www.google.com/async/folae?async=_fmt:pb&udm=50&client_locale=en-US&client_country=ZZ 200 
2026-09-05 20:58:08,588 [INFO] Capturing request: https://update.googleapis.com/service/update2/json?cup2key=16:6KV6O2uQpUfipeS2dFZ7Jbb_o-thDifDTEoech4A3MI&cup2hreq=e47e9f7ee922129ab9ed7cfb8a3f2b83a26bc8e6c14303855a693012fa854654
2026-09-05 20:58:08,612 [INFO] Capturing response: https://update.googleapis.com/service/update2/json?cup2key=16:6KV6O2uQpUfipeS2dFZ7Jbb_o-thDifDTEoech4A3MI&cup2hreq=e47e9f7ee922129ab9ed7cfb8a3f2b83a26bc8e6c14303855a693012fa854654 200 
2026-09-05 20:58:08,659 [INFO] Capturing request: https://www.atomsportv514.top/matches?id=bein-sports-1
2026-09-05 20:58:08,660 [INFO] Capturing request: https://update.googleapis.com/service/update2/json?cup2key=16:UXKxB7_QyC5a3c83TywV8M71_zz8rAEM8S_VIUoEwyc&cup2hreq=7f5edd585d2dc6439672fcd21140509df78937495ea70d907135e5f7f514c9f3
2026-09-05 20:58:08,687 [INFO] Capturing response: https://update.googleapis.com/service/update2/json?cup2key=16:UXKxB7_QyC5a3c83TywV8M71_zz8rAEM8S_VIUoEwyc&cup2hreq=7f5edd585d2dc6439672fcd21140509df78937495ea70d907135e5f7f514c9f3 200 
2026-09-05 20:58:08,796 [INFO] Capturing request: https://www.google.com/async/folae?async=_fmt:pb&udm=50&client_locale=en-US&client_country=ZZ
2026-09-05 20:58:08,817 [INFO] Capturing response: https://www.google.com/async/folae?async=_fmt:pb&udm=50&client_locale=en-US&client_country=ZZ 200 
2026-09-05 20:58:09,196 [INFO] Capturing response: https://www.atomsportv514.top/matches?id=bein-sports-1 200 
2026-09-05 20:58:09,398 [INFO] Capturing request: https://cdn.jsdelivr.net/npm/@clappr/player@0.11.16/dist/clappr.min.js
2026-09-05 20:58:09,400 [INFO] Capturing request: https://cdn.jsdelivr.net/npm/level-selector/dist/level-selector.min.js
2026-09-05 20:58:09,402 [INFO] Capturing request: https://cdn.jsdelivr.net/npm/@clappr/hlsjs-playback@1.8.3/dist/hlsjs-playback.min.js
2026-09-05 20:58:09,432 [INFO] Capturing response: https://cdn.jsdelivr.net/npm/@clappr/player@0.11.16/dist/clappr.min.js 200 
2026-09-05 20:58:09,436 [INFO] Capturing response: https://cdn.jsdelivr.net/npm/@clappr/hlsjs-playback@1.8.3/dist/hlsjs-playback.min.js 200 
2026-09-05 20:58:09,513 [INFO] Capturing response: https://cdn.jsdelivr.net/npm/level-selector/dist/level-selector.min.js 200 
2026-09-05 20:58:09,545 [INFO] Capturing request: https://www.atomsportv514.top/matches?id=bein-sports-1
2026-09-05 20:58:09,649 [INFO] Capturing request: https://www.atomsportv514.top/favicon.ico
2026-09-05 20:58:09,694 [INFO] Capturing response: https://www.atomsportv514.top/favicon.ico 200 
2026-09-05 20:58:09,707 [INFO] Capturing request: https://teletv5.top/load/yayinlink.php?id=bein-sports-1
2026-09-05 20:58:09,756 [INFO] Capturing response: https://www.atomsportv514.top/matches?id=bein-sports-1 200 
2026-09-05 20:58:10,041 [INFO] Capturing response: https://teletv5.top/load/yayinlink.php?id=bein-sports-1 200 
2026-09-05 20:58:10,212 [INFO] Capturing request: https://www.atomsportv514.top/assets/img/player/player_logo_6a87a2e2eecc5.png
2026-09-05 20:58:10,258 [INFO] Capturing response: https://www.atomsportv514.top/assets/img/player/player_logo_6a87a2e2eecc5.png 200 
2026-09-05 20:58:10,268 [INFO] Capturing request: https://corestream.ardastream.live//beintv/tracks-v1a1/mono.m3u8
2026-09-05 20:58:10,396 [INFO] Capturing response: https://corestream.ardastream.live//beintv/tracks-v1a1/mono.m3u8 200 
2026-09-05 20:58:10,600 [INFO] Capturing request: https://global.ardastream.live/beintv/tracks-v1a1/2026/09/05/20/59/00-06000.jpg
2026-09-05 20:58:10,829 [INFO] Capturing response: https://global.ardastream.live/beintv/tracks-v1a1/2026/09/05/20/59/00-06000.jpg 200 
2026-09-05 20:58:11,036 [INFO] Capturing request: https://global.ardastream.live/beintv/tracks-v1a1/2026/09/05/20/59/06-06000.jpg
2026-09-05 20:58:11,237 [INFO] Capturing response: https://global.ardastream.live/beintv/tracks-v1a1/2026/09/05/20/59/06-06000.jpg 200 
2026-09-05 20:58:11,395 [INFO] Capturing request: https://android.clients.google.com/checkin
2026-09-05 20:58:11,437 [INFO] Capturing request: https://global.ardastream.live/beintv/tracks-v1a1/2026/09/05/20/59/12-06000.jpg
2026-09-05 20:58:11,503 [INFO] Capturing response: https://android.clients.google.com/checkin 200 
2026-09-05 20:58:11,554 [INFO] Capturing request: https://android.clients.google.com/c2dm/register3
2026-09-05 20:58:11,555 [INFO] Capturing request: https://android.clients.google.com/c2dm/register3
2026-09-05 20:58:11,556 [INFO] Capturing request: https://android.clients.google.com/c2dm/register3
2026-09-05 20:58:11,608 [INFO] Capturing response: https://android.clients.google.com/c2dm/register3 200 
2026-09-05 20:58:11,621 [INFO] Capturing response: https://android.clients.google.com/c2dm/register3 200 
2026-09-05 20:58:11,629 [INFO] Capturing response: https://android.clients.google.com/c2dm/register3 200 
2026-09-05 20:58:11,669 [INFO] Capturing response: https://global.ardastream.live/beintv/tracks-v1a1/2026/09/05/20/59/12-06000.jpg 200 
2026-09-05 20:58:12,581 [INFO]   ✅ M3U8 bulundu: https://corestream.ardastream.live//beintv/tracks-v1a1/mono.m3u8
2026-09-05 20:58:13,582 [INFO] 
[2/14]
2026-09-05 20:58:13,582 [INFO] 🔍 beIN Sports 2 → https://www.atomsportv514.top/matches?id=bein-sports-2
2026-09-05 20:58:13,692 [INFO] Capturing request: https://www.atomsportv514.top/matches?id=bein-sports-2
2026-09-05 20:58:13,986 [INFO] Capturing response: https://www.atomsportv514.top/matches?id=bein-sports-2 200 
2026-09-05 20:58:14,036 [INFO] Capturing request: https://www.atomsportv514.top/matches?id=bein-sports-2
2026-09-05 20:58:14,134 [INFO] Capturing request: https://teletv5.top/load/yayinlink.php?id=bein-sports-2
2026-09-05 20:58:14,137 [INFO] Capturing request: https://www.atomsportv514.top/favicon.ico
2026-09-05 20:58:14,177 [INFO] Capturing response: https://www.atomsportv514.top/favicon.ico 200 
2026-09-05 20:58:14,248 [INFO] Capturing response: https://www.atomsportv514.top/matches?id=bein-sports-2 200 
2026-09-05 20:58:14,585 [INFO] Capturing response: https://teletv5.top/load/yayinlink.php?id=bein-sports-2 200 
2026-09-05 20:58:14,697 [INFO] Capturing request: https://www.atomsportv514.top/assets/img/player/player_logo_6a87a2e2eecc5.png
2026-09-05 20:58:14,707 [INFO] Capturing request: https://corestream.ardastream.live//bein2/tracks-v1a1/mono.m3u8
2026-09-05 20:58:14,817 [INFO] Capturing response: https://www.atomsportv514.top/assets/img/player/player_logo_6a87a2e2eecc5.png 304 
2026-09-05 20:58:14,834 [INFO] Capturing response: https://corestream.ardastream.live//bein2/tracks-v1a1/mono.m3u8 200 
2026-09-05 20:58:14,944 [INFO] Capturing request: https://global.ardastream.live/bein2/tracks-v1a1/2026/09/05/20/59/13-08840.jpg
2026-09-05 20:58:15,445 [INFO] Capturing response: https://global.ardastream.live/bein2/tracks-v1a1/2026/09/05/20/59/13-08840.jpg 200 
2026-09-05 20:58:15,764 [INFO] Capturing request: https://global.ardastream.live/bein2/tracks-v1a1/2026/09/05/20/59/22-10000.jpg
2026-09-05 20:58:16,385 [INFO] Capturing response: https://global.ardastream.live/bein2/tracks-v1a1/2026/09/05/20/59/22-10000.jpg 200 
2026-09-05 20:58:16,716 [INFO] Capturing request: https://global.ardastream.live/bein2/tracks-v1a1/2026/09/05/20/59/32-10000.jpg
2026-09-05 20:58:17,085 [INFO]   ✅ M3U8 bulundu: https://corestream.ardastream.live//bein2/tracks-v1a1/mono.m3u8
2026-09-05 20:58:17,364 [INFO] Capturing response: https://global.ardastream.live/bein2/tracks-v1a1/2026/09/05/20/59/32-10000.jpg 200 
2026-09-05 20:58:17,689 [INFO] Capturing request: https://global.ardastream.live/bein2/tracks-v1a1/2026/09/05/20/59/42-08680.jpg
2026-09-05 20:58:18,087 [INFO] 
[3/14]
2026-09-05 20:58:18,087 [INFO] 🔍 beIN Sports 3 → https://www.atomsportv514.top/matches?id=bein-sports-3
2026-09-05 20:58:18,162 [INFO] Capturing response: https://global.ardastream.live/bein2/tracks-v1a1/2026/09/05/20/59/42-08680.jpg 200 
2026-09-05 20:58:18,226 [INFO] Capturing request: https://www.atomsportv514.top/matches?id=bein-sports-3
2026-09-05 20:58:18,445 [INFO] Capturing response: https://www.atomsportv514.top/matches?id=bein-sports-3 200 
2026-09-05 20:58:18,479 [INFO] Capturing request: https://www.atomsportv514.top/matches?id=bein-sports-3
2026-09-05 20:58:18,579 [INFO] Capturing request: https://teletv5.top/load/yayinlink.php?id=bein-sports-3
2026-09-05 20:58:18,584 [INFO] Capturing request: https://www.atomsportv514.top/favicon.ico
2026-09-05 20:58:18,634 [INFO] Capturing response: https://www.atomsportv514.top/favicon.ico 200 
2026-09-05 20:58:18,693 [INFO] Capturing response: https://www.atomsportv514.top/matches?id=bein-sports-3 200 
2026-09-05 20:58:18,746 [INFO] Capturing response: https://teletv5.top/load/yayinlink.php?id=bein-sports-3 200 
2026-09-05 20:58:18,857 [INFO] Capturing request: https://www.atomsportv514.top/assets/img/player/player_logo_6a87a2e2eecc5.png
2026-09-05 20:58:18,867 [INFO] Capturing request: https://corestream.ardastream.live//bein3/tracks-v1a1/mono.m3u8
2026-09-05 20:58:18,976 [INFO] Capturing response: https://www.atomsportv514.top/assets/img/player/player_logo_6a87a2e2eecc5.png 304 
2026-09-05 20:58:18,980 [INFO] Capturing response: https://corestream.ardastream.live//bein3/tracks-v1a1/mono.m3u8 200 
2026-09-05 20:58:19,089 [INFO] Capturing request: https://global.ardastream.live/bein3/tracks-v1a1/2026/09/05/20/59/18-10000.jpg
2026-09-05 20:58:19,612 [INFO] Capturing response: https://global.ardastream.live/bein3/tracks-v1a1/2026/09/05/20/59/18-10000.jpg 200 
2026-09-05 20:58:19,942 [INFO] Capturing request: https://global.ardastream.live/bein3/tracks-v1a1/2026/09/05/20/59/28-10000.jpg
2026-09-05 20:58:20,550 [INFO] Capturing response: https://global.ardastream.live/bein3/tracks-v1a1/2026/09/05/20/59/28-10000.jpg 200 
2026-09-05 20:58:20,888 [INFO] Capturing request: https://global.ardastream.live/bein3/tracks-v1a1/2026/09/05/20/59/38-10000.jpg
2026-09-05 20:58:21,455 [INFO] Capturing response: https://global.ardastream.live/bein3/tracks-v1a1/2026/09/05/20/59/38-10000.jpg 200 
2026-09-05 20:58:21,530 [INFO]   ✅ M3U8 bulundu: https://corestream.ardastream.live//bein3/tracks-v1a1/mono.m3u8
2026-09-05 20:58:22,531 [INFO] 
[4/14]
2026-09-05 20:58:22,531 [INFO] 🔍 beIN Sports 4 → https://www.atomsportv514.top/matches?id=bein-sports-4
2026-09-05 20:58:22,644 [INFO] Capturing request: https://www.atomsportv514.top/matches?id=bein-sports-4
2026-09-05 20:58:22,870 [INFO] Capturing response: https://www.atomsportv514.top/matches?id=bein-sports-4 200 
2026-09-05 20:58:22,903 [INFO] Capturing request: https://www.atomsportv514.top/matches?id=bein-sports-4
2026-09-05 20:58:23,002 [INFO] Capturing request: https://teletv5.top/load/yayinlink.php?id=bein-sports-4
2026-09-05 20:58:23,005 [INFO] Capturing request: https://www.atomsportv514.top/favicon.ico
2026-09-05 20:58:23,045 [INFO] Capturing response: https://www.atomsportv514.top/favicon.ico 200 
2026-09-05 20:58:23,118 [INFO] Capturing response: https://www.atomsportv514.top/matches?id=bein-sports-4 200 
2026-09-05 20:58:23,174 [INFO] Capturing response: https://teletv5.top/load/yayinlink.php?id=bein-sports-4 200 
2026-09-05 20:58:23,325 [INFO] Capturing request: https://www.atomsportv514.top/assets/img/player/player_logo_6a87a2e2eecc5.png
2026-09-05 20:58:23,333 [INFO] Capturing request: https://corestream.ardastream.live//bein4/tracks-v1a1/mono.m3u8
2026-09-05 20:58:23,446 [INFO] Capturing response: https://www.atomsportv514.top/assets/img/player/player_logo_6a87a2e2eecc5.png 304 
2026-09-05 20:58:23,450 [INFO] Capturing response: https://corestream.ardastream.live//bein4/tracks-v1a1/mono.m3u8 200 
2026-09-05 20:58:23,599 [INFO] Capturing request: https://global.ardastream.live/bein4/tracks-v1a1/2026/09/05/20/58/11-09600.jpg
2026-09-05 20:58:24,135 [INFO] Capturing response: https://global.ardastream.live/bein4/tracks-v1a1/2026/09/05/20/58/11-09600.jpg 200 
2026-09-05 20:58:24,466 [INFO] Capturing request: https://global.ardastream.live/bein4/tracks-v1a1/2026/09/05/20/58/21-05000.jpg
2026-09-05 20:58:24,787 [INFO] Capturing response: https://global.ardastream.live/bein4/tracks-v1a1/2026/09/05/20/58/21-05000.jpg 200 
2026-09-05 20:58:25,030 [INFO] Capturing request: https://global.ardastream.live/bein4/tracks-v1a1/2026/09/05/20/58/26-07640.jpg
2026-09-05 20:58:25,529 [INFO] Capturing response: https://global.ardastream.live/bein4/tracks-v1a1/2026/09/05/20/58/26-07640.jpg 200 
2026-09-05 20:58:25,819 [INFO] Capturing request: https://global.ardastream.live/bein4/tracks-v1a1/2026/09/05/20/58/34-05000.jpg
2026-09-05 20:58:25,939 [INFO]   ✅ M3U8 bulundu: https://corestream.ardastream.live//bein4/tracks-v1a1/mono.m3u8
2026-09-05 20:58:26,338 [INFO] Capturing response: https://global.ardastream.live/bein4/tracks-v1a1/2026/09/05/20/58/34-05000.jpg 200 
2026-09-05 20:58:26,940 [INFO] 
[5/14]
2026-09-05 20:58:26,940 [INFO] 🔍 beIN Sports 5 → https://www.atomsportv514.top/matches?id=bein-sports-5
2026-09-05 20:58:27,053 [INFO] Capturing request: https://www.atomsportv514.top/matches?id=bein-sports-5
2026-09-05 20:58:27,276 [INFO] Capturing response: https://www.atomsportv514.top/matches?id=bein-sports-5 200 
2026-09-05 20:58:27,309 [INFO] Capturing request: https://www.atomsportv514.top/matches?id=bein-sports-5
2026-09-05 20:58:27,406 [INFO] Capturing request: https://teletv5.top/load/yayinlink.php?id=bein-sports-5
2026-09-05 20:58:27,410 [INFO] Capturing request: https://www.atomsportv514.top/favicon.ico
2026-09-05 20:58:27,459 [INFO] Capturing response: https://www.atomsportv514.top/favicon.ico 200 
2026-09-05 20:58:27,524 [INFO] Capturing response: https://www.atomsportv514.top/matches?id=bein-sports-5 200 
2026-09-05 20:58:27,571 [INFO] Capturing response: https://teletv5.top/load/yayinlink.php?id=bein-sports-5 200 
2026-09-05 20:58:27,682 [INFO] Capturing request: https://www.atomsportv514.top/assets/img/player/player_logo_6a87a2e2eecc5.png
2026-09-05 20:58:27,691 [INFO] Capturing request: https://corestream.ardastream.live//bein5/tracks-v1a1/mono.m3u8
2026-09-05 20:58:27,801 [INFO] Capturing response: https://www.atomsportv514.top/assets/img/player/player_logo_6a87a2e2eecc5.png 304 
2026-09-05 20:58:27,808 [INFO] Capturing response: https://corestream.ardastream.live//bein5/tracks-v1a1/mono.m3u8 200 
2026-09-05 20:58:27,917 [INFO] Capturing request: https://global.ardastream.live/bein5/tracks-v1a1/2026/09/05/20/58/04-10000.jpg
2026-09-05 20:58:28,419 [INFO] Capturing response: https://global.ardastream.live/bein5/tracks-v1a1/2026/09/05/20/58/04-10000.jpg 200 
2026-09-05 20:58:28,742 [INFO] Capturing request: https://global.ardastream.live/bein5/tracks-v1a1/2026/09/05/20/58/14-10000.jpg
2026-09-05 20:58:29,368 [INFO] Capturing response: https://global.ardastream.live/bein5/tracks-v1a1/2026/09/05/20/58/14-10000.jpg 200 
2026-09-05 20:58:29,714 [INFO] Capturing request: https://global.ardastream.live/bein5/tracks-v1a1/2026/09/05/20/58/24-11360.jpg
2026-09-05 20:58:30,337 [INFO]   ✅ M3U8 bulundu: https://corestream.ardastream.live//bein5/tracks-v1a1/mono.m3u8
2026-09-05 20:58:30,399 [INFO] Capturing response: https://global.ardastream.live/bein5/tracks-v1a1/2026/09/05/20/58/24-11360.jpg 200 
2026-09-05 20:58:30,850 [INFO] Capturing request: https://global.ardastream.live/bein5/tracks-v1a1/2026/09/05/20/58/35-10000.jpg
2026-09-05 20:58:31,338 [INFO] 
[6/14]
2026-09-05 20:58:31,338 [INFO] 🔍 beIN Sports Max 1 → https://www.atomsportv514.top/matches?id=bein-sports-max-1
2026-09-05 20:58:31,474 [INFO] Capturing request: https://www.atomsportv514.top/matches?id=bein-sports-max-1
2026-09-05 20:58:31,525 [INFO] Capturing response: https://global.ardastream.live/bein5/tracks-v1a1/2026/09/05/20/58/35-10000.jpg 200 
2026-09-05 20:58:31,691 [INFO] Capturing response: https://www.atomsportv514.top/matches?id=bein-sports-max-1 200 
2026-09-05 20:58:31,723 [INFO] Capturing request: https://www.atomsportv514.top/matches?id=bein-sports-max-1
2026-09-05 20:58:31,829 [INFO] Capturing request: https://teletv5.top/load/yayinlink.php?id=bein-sports-max-1
2026-09-05 20:58:31,830 [INFO] Capturing request: https://www.atomsportv514.top/favicon.ico
2026-09-05 20:58:31,869 [INFO] Capturing response: https://www.atomsportv514.top/favicon.ico 200 
2026-09-05 20:58:31,937 [INFO] Capturing response: https://www.atomsportv514.top/matches?id=bein-sports-max-1 200 
2026-09-05 20:58:31,994 [INFO] Capturing response: https://teletv5.top/load/yayinlink.php?id=bein-sports-max-1 200 
2026-09-05 20:58:32,145 [INFO] Capturing request: https://www.atomsportv514.top/assets/img/player/player_logo_6a87a2e2eecc5.png
2026-09-05 20:58:32,154 [INFO] Capturing request: https://corestream.ardastream.live//beinmax1/tracks-v1a1/mono.m3u8
2026-09-05 20:58:32,265 [INFO] Capturing response: https://www.atomsportv514.top/assets/img/player/player_logo_6a87a2e2eecc5.png 304 
2026-09-05 20:58:32,281 [INFO] Capturing response: https://corestream.ardastream.live//beinmax1/tracks-v1a1/mono.m3u8 200 
2026-09-05 20:58:32,430 [INFO] Capturing request: https://global.ardastream.live/beinmax1/tracks-v1a1/2026/09/05/20/57/56-10560.jpg
2026-09-05 20:58:32,936 [INFO] Capturing response: https://global.ardastream.live/beinmax1/tracks-v1a1/2026/09/05/20/57/56-10560.jpg 200 
2026-09-05 20:58:32,965 [INFO] Capturing request: https://android.clients.google.com/c2dm/register3
2026-09-05 20:58:33,283 [INFO] Capturing request: https://global.ardastream.live/beinmax1/tracks-v1a1/2026/09/05/20/58/06-05000.jpg
2026-09-05 20:58:33,320 [INFO] Capturing response: https://android.clients.google.com/c2dm/register3 200 
2026-09-05 20:58:33,973 [INFO] Capturing response: https://global.ardastream.live/beinmax1/tracks-v1a1/2026/09/05/20/58/06-05000.jpg 200 
2026-09-05 20:58:34,224 [INFO] Capturing request: https://global.ardastream.live/beinmax1/tracks-v1a1/2026/09/05/20/58/11-12360.jpg
2026-09-05 20:58:34,777 [INFO]   ✅ M3U8 bulundu: https://corestream.ardastream.live//beinmax1/tracks-v1a1/mono.m3u8
2026-09-05 20:58:35,258 [INFO] Capturing response: https://global.ardastream.live/beinmax1/tracks-v1a1/2026/09/05/20/58/11-12360.jpg 200 
2026-09-05 20:58:35,709 [INFO] Capturing request: https://global.ardastream.live/beinmax1/tracks-v1a1/2026/09/05/20/58/24-10000.jpg
2026-09-05 20:58:35,778 [INFO] 
[7/14]
2026-09-05 20:58:35,778 [INFO] 🔍 beIN Sports Max 2 → https://www.atomsportv514.top/matches?id=bein-sports-max-2
2026-09-05 20:58:35,891 [INFO] Capturing request: https://www.atomsportv514.top/matches?id=bein-sports-max-2
2026-09-05 20:58:36,106 [INFO] Capturing response: https://www.atomsportv514.top/matches?id=bein-sports-max-2 200 
2026-09-05 20:58:36,147 [INFO] Capturing request: https://www.atomsportv514.top/matches?id=bein-sports-max-2
2026-09-05 20:58:36,216 [INFO] Capturing response: https://global.ardastream.live/beinmax1/tracks-v1a1/2026/09/05/20/58/24-10000.jpg 200 
2026-09-05 20:58:36,247 [INFO] Capturing request: https://teletv5.top/load/yayinlink.php?id=bein-sports-max-2
2026-09-05 20:58:36,252 [INFO] Capturing request: https://www.atomsportv514.top/favicon.ico
2026-09-05 20:58:36,255 [INFO] 127.0.0.1:43114: ProtocolException("Error in HTTP connection: Http2ZombieException('Connection or stream already dead: 1788641916.254941, False')")
2026-09-05 20:58:36,297 [INFO] Capturing response: https://www.atomsportv514.top/favicon.ico 200 
2026-09-05 20:58:36,367 [INFO] Capturing response: https://www.atomsportv514.top/matches?id=bein-sports-max-2 200 
2026-09-05 20:58:36,418 [INFO] Capturing response: https://teletv5.top/load/yayinlink.php?id=bein-sports-max-2 200 
2026-09-05 20:58:36,528 [INFO] Capturing request: https://www.atomsportv514.top/assets/img/player/player_logo_6a87a2e2eecc5.png
2026-09-05 20:58:36,537 [INFO] Capturing request: https://corestream.ardastream.live//beinmax2/tracks-v1a1/mono.m3u8
2026-09-05 20:58:36,647 [INFO] Capturing response: https://www.atomsportv514.top/assets/img/player/player_logo_6a87a2e2eecc5.png 304 
2026-09-05 20:58:36,750 [INFO] Capturing response: https://corestream.ardastream.live//beinmax2/tracks-v1a1/mono.m3u8 200 
2026-09-05 20:58:36,859 [INFO] Capturing request: https://global.ardastream.live/beinmax2/tracks-v1a1/2026/09/05/20/58/07-10000.jpg
2026-09-05 20:58:37,373 [INFO] Capturing response: https://global.ardastream.live/beinmax2/tracks-v1a1/2026/09/05/20/58/07-10000.jpg 200 
2026-09-05 20:58:37,658 [INFO] Capturing request: https://global.ardastream.live/beinmax2/tracks-v1a1/2026/09/05/20/58/17-10000.jpg
2026-09-05 20:58:37,766 [INFO] Capturing request: https://android.clients.google.com/c2dm/register3
2026-09-05 20:58:38,094 [INFO] Capturing response: https://global.ardastream.live/beinmax2/tracks-v1a1/2026/09/05/20/58/17-10000.jpg 200 
2026-09-05 20:58:38,249 [INFO] Capturing response: https://android.clients.google.com/c2dm/register3 200 
2026-09-05 20:58:38,354 [INFO] Capturing request: https://global.ardastream.live/beinmax2/tracks-v1a1/2026/09/05/20/58/27-10000.jpg
2026-09-05 20:58:38,713 [INFO] Capturing response: https://global.ardastream.live/beinmax2/tracks-v1a1/2026/09/05/20/58/27-10000.jpg 200 
2026-09-05 20:58:39,168 [INFO]   ✅ M3U8 bulundu: https://corestream.ardastream.live//beinmax2/tracks-v1a1/mono.m3u8
2026-09-05 20:58:39,857 [INFO] Capturing request: https://android.clients.google.com/c2dm/register3
2026-09-05 20:58:39,902 [INFO] Capturing response: https://android.clients.google.com/c2dm/register3 301 
2026-09-05 20:58:40,168 [INFO] 
[8/14]
2026-09-05 20:58:40,168 [INFO] 🔍 S Sport → https://www.atomsportv514.top/matches?id=s-sport
2026-09-05 20:58:40,279 [INFO] Capturing request: https://www.atomsportv514.top/matches?id=s-sport
2026-09-05 20:58:40,653 [INFO] Capturing response: https://www.atomsportv514.top/matches?id=s-sport 200 
2026-09-05 20:58:40,684 [INFO] Capturing request: https://www.atomsportv514.top/matches?id=s-sport
2026-09-05 20:58:40,781 [INFO] Capturing request: https://teletv5.top/load/yayinlink.php?id=s-sport
2026-09-05 20:58:40,786 [INFO] Capturing request: https://www.atomsportv514.top/favicon.ico
2026-09-05 20:58:40,830 [INFO] Capturing response: https://www.atomsportv514.top/favicon.ico 200 
2026-09-05 20:58:40,894 [INFO] Capturing response: https://www.atomsportv514.top/matches?id=s-sport 200 
2026-09-05 20:58:40,947 [INFO] Capturing response: https://teletv5.top/load/yayinlink.php?id=s-sport 200 
2026-09-05 20:58:41,097 [INFO] Capturing request: https://www.atomsportv514.top/assets/img/player/player_logo_6a87a2e2eecc5.png
2026-09-05 20:58:41,106 [INFO] Capturing request: https://corestream.ardastream.live//s-sport/tracks-v1a1/mono.m3u8
2026-09-05 20:58:41,215 [INFO] Capturing response: https://www.atomsportv514.top/assets/img/player/player_logo_6a87a2e2eecc5.png 304 
2026-09-05 20:58:41,221 [INFO] Capturing response: https://corestream.ardastream.live//s-sport/tracks-v1a1/mono.m3u8 200 
2026-09-05 20:58:41,371 [INFO] Capturing request: https://global.ardastream.live/s-sport/tracks-v1a1/2026/09/05/20/59/58-06400.jpg
2026-09-05 20:58:42,033 [INFO] Capturing response: https://global.ardastream.live/s-sport/tracks-v1a1/2026/09/05/20/59/58-06400.jpg 200 
2026-09-05 20:58:42,355 [INFO] Capturing request: https://global.ardastream.live/s-sport/tracks-v1a1/2026/09/05/21/00/04-06400.jpg
2026-09-05 20:58:42,843 [INFO] Capturing response: https://global.ardastream.live/s-sport/tracks-v1a1/2026/09/05/21/00/04-06400.jpg 200 
2026-09-05 20:58:43,172 [INFO] Capturing request: https://global.ardastream.live/s-sport/tracks-v1a1/2026/09/05/21/00/11-06400.jpg
2026-09-05 20:58:43,693 [INFO] Capturing response: https://global.ardastream.live/s-sport/tracks-v1a1/2026/09/05/21/00/11-06400.jpg 200 
2026-09-05 20:58:43,716 [INFO]   ✅ M3U8 bulundu: https://corestream.ardastream.live//s-sport/tracks-v1a1/mono.m3u8
2026-09-05 20:58:44,015 [INFO] Capturing request: https://global.ardastream.live/s-sport/tracks-v1a1/2026/09/05/21/00/17-06400.jpg
2026-09-05 20:58:44,550 [INFO] Capturing response: https://global.ardastream.live/s-sport/tracks-v1a1/2026/09/05/21/00/17-06400.jpg 200 
2026-09-05 20:58:44,718 [INFO] 
[9/14]
2026-09-05 20:58:44,718 [INFO] 🔍 S Sport 2 → https://www.atomsportv514.top/matches?id=s-sport-2
2026-09-05 20:58:44,835 [INFO] Capturing request: https://www.atomsportv514.top/matches?id=s-sport-2
2026-09-05 20:58:45,051 [INFO] Capturing response: https://www.atomsportv514.top/matches?id=s-sport-2 200 
2026-09-05 20:58:45,082 [INFO] Capturing request: https://www.atomsportv514.top/matches?id=s-sport-2
2026-09-05 20:58:45,181 [INFO] Capturing request: https://teletv5.top/load/yayinlink.php?id=s-sport-2
2026-09-05 20:58:45,187 [INFO] Capturing request: https://www.atomsportv514.top/favicon.ico
2026-09-05 20:58:45,230 [INFO] Capturing response: https://www.atomsportv514.top/favicon.ico 200 
2026-09-05 20:58:45,295 [INFO] Capturing response: https://www.atomsportv514.top/matches?id=s-sport-2 200 
2026-09-05 20:58:45,347 [INFO] Capturing response: https://teletv5.top/load/yayinlink.php?id=s-sport-2 200 
2026-09-05 20:58:45,459 [INFO] Capturing request: https://www.atomsportv514.top/assets/img/player/player_logo_6a87a2e2eecc5.png
2026-09-05 20:58:45,468 [INFO] Capturing request: https://corestream.ardastream.live//s-sport2/tracks-v1a1/mono.m3u8
2026-09-05 20:58:45,577 [INFO] Capturing response: https://www.atomsportv514.top/assets/img/player/player_logo_6a87a2e2eecc5.png 304 
2026-09-05 20:58:45,579 [INFO] Capturing response: https://corestream.ardastream.live//s-sport2/tracks-v1a1/mono.m3u8 200 
2026-09-05 20:58:45,689 [INFO] Capturing request: https://global.ardastream.live/s-sport2/tracks-v1a1/2026/09/05/20/58/29-06400.jpg
2026-09-05 20:58:46,045 [INFO] Capturing response: https://global.ardastream.live/s-sport2/tracks-v1a1/2026/09/05/20/58/29-06400.jpg 200 
2026-09-05 20:58:46,376 [INFO] Capturing request: https://global.ardastream.live/s-sport2/tracks-v1a1/2026/09/05/20/58/35-06400.jpg
2026-09-05 20:58:46,795 [INFO] Capturing response: https://global.ardastream.live/s-sport2/tracks-v1a1/2026/09/05/20/58/35-06400.jpg 200 
2026-09-05 20:58:47,082 [INFO] Capturing request: https://global.ardastream.live/s-sport2/tracks-v1a1/2026/09/05/20/58/42-06400.jpg
2026-09-05 20:58:47,557 [INFO] Capturing response: https://global.ardastream.live/s-sport2/tracks-v1a1/2026/09/05/20/58/42-06400.jpg 200 
2026-09-05 20:58:47,856 [INFO] Capturing request: https://global.ardastream.live/s-sport2/tracks-v1a1/2026/09/05/20/58/48-06400.jpg
2026-09-05 20:58:48,110 [INFO]   ✅ M3U8 bulundu: https://corestream.ardastream.live//s-sport2/tracks-v1a1/mono.m3u8
2026-09-05 20:58:48,308 [INFO] Capturing response: https://global.ardastream.live/s-sport2/tracks-v1a1/2026/09/05/20/58/48-06400.jpg 200 
2026-09-05 20:58:49,111 [INFO] 
[10/14]
2026-09-05 20:58:49,112 [INFO] 🔍 A Spor → https://www.atomsportv514.top/matches?id=a-spor
2026-09-05 20:58:49,224 [INFO] Capturing request: https://www.atomsportv514.top/matches?id=a-spor
2026-09-05 20:58:49,487 [INFO] Capturing response: https://www.atomsportv514.top/matches?id=a-spor 200 
2026-09-05 20:58:49,518 [INFO] Capturing request: https://www.atomsportv514.top/matches?id=a-spor
2026-09-05 20:58:49,618 [INFO] Capturing request: https://teletv5.top/load/yayinlink.php?id=a-spor
2026-09-05 20:58:49,623 [INFO] Capturing request: https://www.atomsportv514.top/favicon.ico
2026-09-05 20:58:49,662 [INFO] Capturing response: https://www.atomsportv514.top/favicon.ico 200 
2026-09-05 20:58:49,734 [INFO] Capturing response: https://www.atomsportv514.top/matches?id=a-spor 200 
2026-09-05 20:58:50,141 [INFO] Capturing response: https://teletv5.top/load/yayinlink.php?id=a-spor 200 
2026-09-05 20:58:50,292 [INFO] Capturing request: https://www.atomsportv514.top/assets/img/player/player_logo_6a87a2e2eecc5.png
2026-09-05 20:58:50,300 [INFO] Capturing request: https://corestream.ardastream.live//aspor/tracks-v1a1/mono.m3u8
2026-09-05 20:58:50,413 [INFO] Capturing response: https://www.atomsportv514.top/assets/img/player/player_logo_6a87a2e2eecc5.png 304 
2026-09-05 20:58:50,426 [INFO] Capturing response: https://corestream.ardastream.live//aspor/tracks-v1a1/mono.m3u8 404 
2026-09-05 20:58:52,537 [INFO]   ✅ M3U8 bulundu: https://corestream.ardastream.live//aspor/tracks-v1a1/mono.m3u8
2026-09-05 20:58:52,589 [INFO] Capturing request: https://corestream.ardastream.live//aspor/tracks-v1a1/mono.m3u8
2026-09-05 20:58:52,707 [INFO] Capturing response: https://corestream.ardastream.live//aspor/tracks-v1a1/mono.m3u8 404 
2026-09-05 20:58:53,537 [INFO] 
[11/14]
2026-09-05 20:58:53,537 [INFO] 🔍 Tivibu Spor 1 → https://www.atomsportv514.top/matches?id=tivibu-spor-1
2026-09-05 20:58:53,645 [INFO] Capturing request: https://www.atomsportv514.top/matches?id=tivibu-spor-1
2026-09-05 20:58:53,860 [INFO] Capturing response: https://www.atomsportv514.top/matches?id=tivibu-spor-1 200 
2026-09-05 20:58:53,889 [INFO] Capturing request: https://www.atomsportv514.top/matches?id=tivibu-spor-1
2026-09-05 20:58:53,992 [INFO] Capturing request: https://teletv5.top/load/yayinlink.php?id=tivibu-spor-1
2026-09-05 20:58:53,994 [INFO] Capturing request: https://www.atomsportv514.top/favicon.ico
2026-09-05 20:58:54,034 [INFO] Capturing response: https://www.atomsportv514.top/favicon.ico 200 
2026-09-05 20:58:54,106 [INFO] Capturing response: https://www.atomsportv514.top/matches?id=tivibu-spor-1 200 
2026-09-05 20:58:54,159 [INFO] Capturing response: https://teletv5.top/load/yayinlink.php?id=tivibu-spor-1 200 
2026-09-05 20:59:08,076 [INFO] Capturing request: https://update.googleapis.com/service/update2/json?cup2key=16:0ljdYt940LuReGK_tGWOZ4IHyztWZLpJkWCfov4HxUA&cup2hreq=353ceedd6cbdc971fc94489a68467eba41b9f94ef284bca7f2e6271f05e04138
2026-09-05 20:59:08,101 [INFO] Capturing response: https://update.googleapis.com/service/update2/json?cup2key=16:0ljdYt940LuReGK_tGWOZ4IHyztWZLpJkWCfov4HxUA&cup2hreq=353ceedd6cbdc971fc94489a68467eba41b9f94ef284bca7f2e6271f05e04138 200 
2026-09-05 20:59:08,108 [INFO] Capturing request: http://edgedl.me.gvt1.com/edgedl/release2/chrome_component/acxqfk6o3xyvh2pzwn3g67avslla_10759/hfnkpimlhhgieaddgfemjhofmfblmnib_10759_all_adxuirmjkpwiv24zcattm733cy2a.crx3
2026-09-05 20:59:08,156 [INFO] Capturing response: http://edgedl.me.gvt1.com/edgedl/release2/chrome_component/acxqfk6o3xyvh2pzwn3g67avslla_10759/hfnkpimlhhgieaddgfemjhofmfblmnib_10759_all_adxuirmjkpwiv24zcattm733cy2a.crx3 200 OK
2026-09-05 20:59:08,184 [INFO] Capturing request: https://update.googleapis.com/service/update2/json
2026-09-05 20:59:08,207 [INFO] Capturing response: https://update.googleapis.com/service/update2/json 200 
2026-09-05 20:59:08,252 [INFO] Capturing request: http://edgedl.me.gvt1.com/edgedl/diffgen-puffin/gcmjkmgdlgnkkcocmoeiminaijmmjnii/fc1f961a8e1d6f22b29a01eb8f62d27d7f0f928ed1b230dfa8430cc20542c1bf
2026-09-05 20:59:08,264 [INFO] Capturing response: http://edgedl.me.gvt1.com/edgedl/diffgen-puffin/gcmjkmgdlgnkkcocmoeiminaijmmjnii/fc1f961a8e1d6f22b29a01eb8f62d27d7f0f928ed1b230dfa8430cc20542c1bf 200 OK
2026-09-05 20:59:08,325 [INFO] Capturing request: https://update.googleapis.com/service/update2/json
2026-09-05 20:59:08,350 [INFO] Capturing response: https://update.googleapis.com/service/update2/json 200 
2026-09-05 20:59:21,827 [INFO] Capturing request: https://android.clients.google.com/c2dm/register3
2026-09-05 20:59:21,878 [INFO] Capturing response: https://android.clients.google.com/c2dm/register3 301 
2026-09-05 20:59:27,164 [WARNING]   ❌ Tivibu Spor 1 için M3U8 bulunamadı
2026-09-05 20:59:28,164 [INFO] 
[12/14]
2026-09-05 20:59:28,164 [INFO] 🔍 Tivibu Spor 2 → https://www.atomsportv514.top/matches?id=tivibu-spor-2
2026-09-05 20:59:28,309 [INFO] Capturing request: https://www.atomsportv514.top/matches?id=tivibu-spor-2
2026-09-05 20:59:28,815 [INFO] Capturing response: https://www.atomsportv514.top/matches?id=tivibu-spor-2 200 
2026-09-05 20:59:28,873 [INFO] Capturing request: https://www.atomsportv514.top/matches?id=tivibu-spor-2
2026-09-05 20:59:28,977 [INFO] Capturing request: https://www.atomsportv514.top/favicon.ico
2026-09-05 20:59:29,012 [INFO] Capturing request: https://teletv5.top/load/yayinlink.php?id=tivibu-spor-2
2026-09-05 20:59:29,016 [INFO] Capturing response: https://www.atomsportv514.top/favicon.ico 200 
2026-09-05 20:59:29,084 [INFO] Capturing response: https://www.atomsportv514.top/matches?id=tivibu-spor-2 200 
2026-09-05 20:59:29,378 [INFO] Capturing response: https://teletv5.top/load/yayinlink.php?id=tivibu-spor-2 200 
2026-09-05 21:00:02,108 [WARNING]   ❌ Tivibu Spor 2 için M3U8 bulunamadı
2026-09-05 21:00:03,109 [INFO] 
[13/14]
2026-09-05 21:00:03,109 [INFO] 🔍 Tivibu Spor 3 → https://www.atomsportv514.top/matches?id=tivibu-spor-3
2026-09-05 21:00:03,217 [INFO] Capturing request: https://www.atomsportv514.top/matches?id=tivibu-spor-3
2026-09-05 21:00:03,948 [INFO] Capturing response: https://www.atomsportv514.top/matches?id=tivibu-spor-3 200 
2026-09-05 21:00:03,978 [INFO] Capturing request: https://www.atomsportv514.top/matches?id=tivibu-spor-3
2026-09-05 21:00:04,078 [INFO] Capturing request: https://teletv5.top/load/yayinlink.php?id=tivibu-spor-3
2026-09-05 21:00:04,083 [INFO] Capturing request: https://www.atomsportv514.top/favicon.ico
2026-09-05 21:00:04,116 [INFO] Capturing response: https://www.atomsportv514.top/favicon.ico 200 
2026-09-05 21:00:04,190 [INFO] Capturing response: https://www.atomsportv514.top/matches?id=tivibu-spor-3 200 
2026-09-05 21:00:04,273 [INFO] Capturing response: https://teletv5.top/load/yayinlink.php?id=tivibu-spor-3 200 
2026-09-05 21:00:37,225 [WARNING]   ❌ Tivibu Spor 3 için M3U8 bulunamadı
2026-09-05 21:00:38,226 [INFO] 
[14/14]
2026-09-05 21:00:38,226 [INFO] 🔍 Tivibu Spor 4 → https://www.atomsportv514.top/matches?id=tivibu-spor-4
2026-09-05 21:00:38,336 [INFO] Capturing request: https://www.atomsportv514.top/matches?id=tivibu-spor-4
2026-09-05 21:00:38,725 [INFO] Capturing response: https://www.atomsportv514.top/matches?id=tivibu-spor-4 200 
2026-09-05 21:00:38,763 [INFO] Capturing request: https://www.atomsportv514.top/matches?id=tivibu-spor-4
2026-09-05 21:00:38,865 [INFO] Capturing request: https://teletv5.top/load/yayinlink.php?id=tivibu-spor-4
2026-09-05 21:00:38,866 [INFO] Capturing request: https://www.atomsportv514.top/favicon.ico
2026-09-05 21:00:38,906 [INFO] Capturing response: https://www.atomsportv514.top/favicon.ico 200 
2026-09-05 21:00:38,973 [INFO] Capturing response: https://www.atomsportv514.top/matches?id=tivibu-spor-4 200 
2026-09-05 21:00:39,059 [INFO] Capturing response: https://teletv5.top/load/yayinlink.php?id=tivibu-spor-4 200 
2026-09-05 21:00:42,978 [INFO] Capturing request: https://android.clients.google.com/c2dm/register3
2026-09-05 21:00:43,024 [INFO] Capturing response: https://android.clients.google.com/c2dm/register3 429 
2026-09-05 21:01:12,000 [WARNING]   ❌ Tivibu Spor 4 için M3U8 bulunamadı
2026-09-05 21:01:13,067 [INFO] ✅ 10 kanal bulundu, playlist.m3u kaydedildi
