2026-08-22 02:37:46,152 [INFO] 🌐 BASE_URL: https://www.atomsportv513.top
2026-08-22 02:37:47,289 [INFO] Başlanıyor... 14 kanal taranacak
2026-08-22 02:37:47,290 [INFO] Using default request storage
2026-08-22 02:37:47,293 [INFO] Created proxy listening on 127.0.0.1:40059
2026-08-22 02:37:47,932 [INFO] Capturing request: http://clients2.google.com/time/1/current?cup2key=10:i8T_Ens24YU5wQ4NPd2ZK4t1Lna3pxN-WrD_UOfk084&cup2hreq=e3b0c44298fc1c149afbf4c8996fb92427ae41e4649b934ca495991b7852b855
2026-08-22 02:37:47,965 [INFO] Capturing response: http://clients2.google.com/time/1/current?cup2key=10:i8T_Ens24YU5wQ4NPd2ZK4t1Lna3pxN-WrD_UOfk084&cup2hreq=e3b0c44298fc1c149afbf4c8996fb92427ae41e4649b934ca495991b7852b855 200 OK
2026-08-22 02:37:48,190 [INFO] 
[1/14]
2026-08-22 02:37:48,193 [INFO] 🔍 beIN Sports 1 → https://www.atomsportv513.top/matches?id=bein-sports-1
2026-08-22 02:37:48,211 [INFO] Capturing request: https://update.googleapis.com/service/update2/json?cup2key=16:VGmRS8SL4UY_z1hoCbVAtp08Zk_yeem2SAuOfZBz8kY&cup2hreq=c95193b5beefcce3902bd5e34ffa5e3d6c0da602daae17f7e371ed28f0130f42
2026-08-22 02:37:48,232 [INFO] Capturing request: https://accounts.google.com/ListAccounts?gpsia=1&source=ChromiumBrowser&json=standard&laf=b64bin
2026-08-22 02:37:48,281 [INFO] Capturing response: https://update.googleapis.com/service/update2/json?cup2key=16:VGmRS8SL4UY_z1hoCbVAtp08Zk_yeem2SAuOfZBz8kY&cup2hreq=c95193b5beefcce3902bd5e34ffa5e3d6c0da602daae17f7e371ed28f0130f42 200 
2026-08-22 02:37:48,288 [INFO] Capturing response: https://accounts.google.com/ListAccounts?gpsia=1&source=ChromiumBrowser&json=standard&laf=b64bin 200 
2026-08-22 02:37:48,330 [INFO] Capturing request: https://update.googleapis.com/service/update2/json?cup2key=16:iu7f9ZytLCRK6jdB7itTy4ThIfYOwrSd-cKHVc_a_M0&cup2hreq=33067ce0c666cb2f41e6e1d32d8624041163a7c51eb28c966b29c22a1698d318
2026-08-22 02:37:48,334 [INFO] Capturing request: https://www.google.com/async/folae?async=_fmt:pb&udm=50&client_locale=en-US&client_country=ZZ
2026-08-22 02:37:48,355 [INFO] Capturing response: https://www.google.com/async/folae?async=_fmt:pb&udm=50&client_locale=en-US&client_country=ZZ 200 
2026-08-22 02:37:48,358 [INFO] Capturing response: https://update.googleapis.com/service/update2/json?cup2key=16:iu7f9ZytLCRK6jdB7itTy4ThIfYOwrSd-cKHVc_a_M0&cup2hreq=33067ce0c666cb2f41e6e1d32d8624041163a7c51eb28c966b29c22a1698d318 200 
2026-08-22 02:37:48,405 [INFO] Capturing request: https://www.atomsportv513.top/matches?id=bein-sports-1
2026-08-22 02:37:48,407 [INFO] Capturing request: https://update.googleapis.com/service/update2/json?cup2key=16:WPVzp3O3VrG8rLuadbuYqHOhzH4OQQBPptypwbVnozs&cup2hreq=e9714c96c2e182018d6204e792c02f8cb9c5b47502ba7e05fa06551de0063a39
2026-08-22 02:37:48,430 [INFO] Capturing response: https://update.googleapis.com/service/update2/json?cup2key=16:WPVzp3O3VrG8rLuadbuYqHOhzH4OQQBPptypwbVnozs&cup2hreq=e9714c96c2e182018d6204e792c02f8cb9c5b47502ba7e05fa06551de0063a39 200 
2026-08-22 02:37:48,535 [INFO] Capturing request: https://www.google.com/async/folae?async=_fmt:pb&udm=50&client_locale=en-US&client_country=ZZ
2026-08-22 02:37:48,554 [INFO] Capturing response: https://www.google.com/async/folae?async=_fmt:pb&udm=50&client_locale=en-US&client_country=ZZ 200 
2026-08-22 02:37:48,591 [INFO] Capturing response: https://www.atomsportv513.top/matches?id=bein-sports-1 200 
2026-08-22 02:37:48,784 [INFO] Capturing request: https://cdn.jsdelivr.net/npm/@clappr/player@0.11.16/dist/clappr.min.js
2026-08-22 02:37:48,786 [INFO] Capturing request: https://cdn.jsdelivr.net/npm/@clappr/hlsjs-playback@1.8.3/dist/hlsjs-playback.min.js
2026-08-22 02:37:48,787 [INFO] Capturing request: https://cdn.jsdelivr.net/npm/level-selector/dist/level-selector.min.js
2026-08-22 02:37:48,805 [INFO] Capturing response: https://cdn.jsdelivr.net/npm/level-selector/dist/level-selector.min.js 200 
2026-08-22 02:37:48,820 [INFO] Capturing response: https://cdn.jsdelivr.net/npm/@clappr/player@0.11.16/dist/clappr.min.js 200 
2026-08-22 02:37:48,825 [INFO] Capturing response: https://cdn.jsdelivr.net/npm/@clappr/hlsjs-playback@1.8.3/dist/hlsjs-playback.min.js 200 
2026-08-22 02:37:49,045 [INFO] Capturing request: https://www.atomsportv513.top/favicon.ico
2026-08-22 02:37:49,096 [INFO] Capturing response: https://www.atomsportv513.top/favicon.ico 200 
2026-08-22 02:37:49,340 [INFO] Capturing request: https://teletv5.top/load/yayinlink.php?id=bein-sports-1
2026-08-22 02:37:49,538 [INFO] Capturing request: https://streamsport365.com/cinema
2026-08-22 02:37:49,774 [INFO] Capturing response: https://teletv5.top/load/yayinlink.php?id=bein-sports-1 200 
2026-08-22 02:37:49,788 [INFO] Capturing response: https://streamsport365.com/cinema 200 
2026-08-22 02:37:49,940 [INFO] Capturing request: https://www.atomsportv513.top/assets/img/player/player_logo_6a87a2e2eecc5.png
2026-08-22 02:37:49,979 [INFO] Capturing response: https://www.atomsportv513.top/assets/img/player/player_logo_6a87a2e2eecc5.png 200 
2026-08-22 02:37:49,990 [INFO] Capturing request: https://corestream.siteyaptim.live//beintv/tracks-v1a1/mono.m3u8
2026-08-22 02:37:50,112 [INFO] Capturing response: https://corestream.siteyaptim.live//beintv/tracks-v1a1/mono.m3u8 200 
2026-08-22 02:37:50,306 [INFO] Capturing request: https://global.siteyaptim.live/beintv/tracks-v1a1/2026/08/22/02/37/24-10000.jpg
2026-08-22 02:37:50,734 [INFO] Capturing response: https://global.siteyaptim.live/beintv/tracks-v1a1/2026/08/22/02/37/24-10000.jpg 200 
2026-08-22 02:37:50,962 [INFO] Capturing request: https://global.siteyaptim.live/beintv/tracks-v1a1/2026/08/22/02/37/34-10000.jpg
2026-08-22 02:37:51,224 [INFO] Capturing request: https://android.clients.google.com/checkin
2026-08-22 02:37:51,330 [INFO] Capturing response: https://global.siteyaptim.live/beintv/tracks-v1a1/2026/08/22/02/37/34-10000.jpg 200 
2026-08-22 02:37:51,354 [INFO] Capturing response: https://android.clients.google.com/checkin 200 
2026-08-22 02:37:51,404 [INFO] Capturing request: https://android.clients.google.com/c2dm/register3
2026-08-22 02:37:51,405 [INFO] Capturing request: https://android.clients.google.com/c2dm/register3
2026-08-22 02:37:51,406 [INFO] Capturing request: https://android.clients.google.com/c2dm/register3
2026-08-22 02:37:51,458 [INFO] Capturing response: https://android.clients.google.com/c2dm/register3 200 
2026-08-22 02:37:51,463 [INFO] Capturing response: https://android.clients.google.com/c2dm/register3 200 
2026-08-22 02:37:51,551 [INFO] Capturing request: https://global.siteyaptim.live/beintv/tracks-v1a1/2026/08/22/02/37/44-10000.jpg
2026-08-22 02:37:51,897 [INFO] Capturing response: https://global.siteyaptim.live/beintv/tracks-v1a1/2026/08/22/02/37/44-10000.jpg 200 
2026-08-22 02:37:51,946 [INFO] Capturing response: https://android.clients.google.com/c2dm/register3 200 
2026-08-22 02:37:51,972 [INFO]   ✅ M3U8 bulundu: https://corestream.siteyaptim.live//beintv/tracks-v1a1/mono.m3u8
2026-08-22 02:37:52,973 [INFO] 
[2/14]
2026-08-22 02:37:52,973 [INFO] 🔍 beIN Sports 2 → https://www.atomsportv513.top/matches?id=bein-sports-2
2026-08-22 02:37:53,083 [INFO] Capturing request: https://www.atomsportv513.top/matches?id=bein-sports-2
2026-08-22 02:37:53,298 [INFO] Capturing response: https://www.atomsportv513.top/matches?id=bein-sports-2 200 
2026-08-22 02:37:53,340 [INFO] Capturing request: https://streamsport365.com/cinema
2026-08-22 02:37:53,437 [INFO] Capturing request: https://teletv5.top/load/yayinlink.php?id=bein-sports-2
2026-08-22 02:37:53,443 [INFO] Capturing request: https://www.atomsportv513.top/favicon.ico
2026-08-22 02:37:53,479 [INFO] Capturing response: https://www.atomsportv513.top/favicon.ico 200 
2026-08-22 02:37:53,577 [INFO] Capturing response: https://streamsport365.com/cinema 200 
2026-08-22 02:37:53,715 [INFO] Capturing response: https://teletv5.top/load/yayinlink.php?id=bein-sports-2 200 
2026-08-22 02:37:53,826 [INFO] Capturing request: https://www.atomsportv513.top/assets/img/player/player_logo_6a87a2e2eecc5.png
2026-08-22 02:37:53,834 [INFO] Capturing request: https://corestream.siteyaptim.live//bein2/tracks-v1a1/mono.m3u8
2026-08-22 02:37:53,944 [INFO] Capturing response: https://www.atomsportv513.top/assets/img/player/player_logo_6a87a2e2eecc5.png 304 
2026-08-22 02:37:53,957 [INFO] Capturing response: https://corestream.siteyaptim.live//bein2/tracks-v1a1/mono.m3u8 200 
2026-08-22 02:37:54,066 [INFO] Capturing request: https://global.siteyaptim.live/bein2/tracks-v1a1/2026/08/22/02/37/24-10000.jpg
2026-08-22 02:37:54,254 [INFO] Capturing response: https://global.siteyaptim.live/bein2/tracks-v1a1/2026/08/22/02/37/24-10000.jpg 200 
2026-08-22 02:37:54,420 [INFO] Capturing request: https://global.siteyaptim.live/bein2/tracks-v1a1/2026/08/22/02/37/34-10000.jpg
2026-08-22 02:37:54,646 [INFO] Capturing response: https://global.siteyaptim.live/bein2/tracks-v1a1/2026/08/22/02/37/34-10000.jpg 200 
2026-08-22 02:37:54,841 [INFO] Capturing request: https://global.siteyaptim.live/bein2/tracks-v1a1/2026/08/22/02/37/44-10000.jpg
2026-08-22 02:37:55,003 [INFO] Capturing response: https://global.siteyaptim.live/bein2/tracks-v1a1/2026/08/22/02/37/44-10000.jpg 200 
2026-08-22 02:37:56,357 [INFO]   ✅ M3U8 bulundu: https://corestream.siteyaptim.live//bein2/tracks-v1a1/mono.m3u8
2026-08-22 02:37:57,358 [INFO] 
[3/14]
2026-08-22 02:37:57,358 [INFO] 🔍 beIN Sports 3 → https://www.atomsportv513.top/matches?id=bein-sports-3
2026-08-22 02:37:57,466 [INFO] Capturing request: https://www.atomsportv513.top/matches?id=bein-sports-3
2026-08-22 02:37:57,652 [INFO] Capturing response: https://www.atomsportv513.top/matches?id=bein-sports-3 200 
2026-08-22 02:37:57,781 [INFO] Capturing request: https://teletv5.top/load/yayinlink.php?id=bein-sports-3
2026-08-22 02:37:57,782 [INFO] Capturing request: https://www.atomsportv513.top/favicon.ico
2026-08-22 02:37:57,826 [INFO] Capturing response: https://www.atomsportv513.top/favicon.ico 200 
2026-08-22 02:37:57,874 [INFO] Capturing request: https://streamsport365.com/cinema
2026-08-22 02:37:57,932 [INFO] Capturing response: https://teletv5.top/load/yayinlink.php?id=bein-sports-3 200 
2026-08-22 02:37:58,120 [INFO] Capturing response: https://streamsport365.com/cinema 200 
2026-08-22 02:37:58,228 [INFO] Capturing request: https://www.atomsportv513.top/assets/img/player/player_logo_6a87a2e2eecc5.png
2026-08-22 02:37:58,236 [INFO] Capturing request: https://corestream.siteyaptim.live//bein3/tracks-v1a1/mono.m3u8
2026-08-22 02:37:58,351 [INFO] Capturing response: https://www.atomsportv513.top/assets/img/player/player_logo_6a87a2e2eecc5.png 304 
2026-08-22 02:37:58,353 [INFO] Capturing response: https://corestream.siteyaptim.live//bein3/tracks-v1a1/mono.m3u8 200 
2026-08-22 02:37:58,462 [INFO] Capturing request: https://global.siteyaptim.live/bein3/tracks-v1a1/2026/08/22/02/37/27-10000.jpg
2026-08-22 02:37:58,736 [INFO] Capturing response: https://global.siteyaptim.live/bein3/tracks-v1a1/2026/08/22/02/37/27-10000.jpg 200 
2026-08-22 02:37:58,943 [INFO] Capturing request: https://global.siteyaptim.live/bein3/tracks-v1a1/2026/08/22/02/37/37-10000.jpg
2026-08-22 02:37:59,197 [INFO] Capturing response: https://global.siteyaptim.live/bein3/tracks-v1a1/2026/08/22/02/37/37-10000.jpg 200 
2026-08-22 02:37:59,392 [INFO] Capturing request: https://global.siteyaptim.live/bein3/tracks-v1a1/2026/08/22/02/37/47-10000.jpg
2026-08-22 02:37:59,707 [INFO] Capturing response: https://global.siteyaptim.live/bein3/tracks-v1a1/2026/08/22/02/37/47-10000.jpg 200 
2026-08-22 02:38:00,699 [INFO]   ✅ M3U8 bulundu: https://corestream.siteyaptim.live//bein3/tracks-v1a1/mono.m3u8
2026-08-22 02:38:01,700 [INFO] 
[4/14]
2026-08-22 02:38:01,700 [INFO] 🔍 beIN Sports 4 → https://www.atomsportv513.top/matches?id=bein-sports-4
2026-08-22 02:38:01,808 [INFO] Capturing request: https://www.atomsportv513.top/matches?id=bein-sports-4
2026-08-22 02:38:01,995 [INFO] Capturing response: https://www.atomsportv513.top/matches?id=bein-sports-4 200 
2026-08-22 02:38:02,022 [INFO] Capturing request: https://streamsport365.com/cinema
2026-08-22 02:38:02,118 [INFO] Capturing request: https://teletv5.top/load/yayinlink.php?id=bein-sports-4
2026-08-22 02:38:02,123 [INFO] Capturing request: https://www.atomsportv513.top/favicon.ico
2026-08-22 02:38:02,161 [INFO] Capturing response: https://www.atomsportv513.top/favicon.ico 200 
2026-08-22 02:38:02,260 [INFO] Capturing response: https://streamsport365.com/cinema 200 
2026-08-22 02:38:02,292 [INFO] Capturing response: https://teletv5.top/load/yayinlink.php?id=bein-sports-4 200 
2026-08-22 02:38:02,443 [INFO] Capturing request: https://www.atomsportv513.top/assets/img/player/player_logo_6a87a2e2eecc5.png
2026-08-22 02:38:02,451 [INFO] Capturing request: https://corestream.siteyaptim.live//bein4/tracks-v1a1/mono.m3u8
2026-08-22 02:38:02,561 [INFO] Capturing response: https://www.atomsportv513.top/assets/img/player/player_logo_6a87a2e2eecc5.png 304 
2026-08-22 02:38:02,573 [INFO] Capturing response: https://corestream.siteyaptim.live//bein4/tracks-v1a1/mono.m3u8 200 
2026-08-22 02:38:02,723 [INFO] Capturing request: https://global.siteyaptim.live/bein4/tracks-v1a1/2026/08/22/02/37/33-10000.jpg
2026-08-22 02:38:02,968 [INFO] Capturing response: https://global.siteyaptim.live/bein4/tracks-v1a1/2026/08/22/02/37/33-10000.jpg 200 
2026-08-22 02:38:03,164 [INFO] Capturing request: https://global.siteyaptim.live/bein4/tracks-v1a1/2026/08/22/02/37/43-10000.jpg
2026-08-22 02:38:03,438 [INFO] Capturing response: https://global.siteyaptim.live/bein4/tracks-v1a1/2026/08/22/02/37/43-10000.jpg 200 
2026-08-22 02:38:03,639 [INFO] Capturing request: https://global.siteyaptim.live/bein4/tracks-v1a1/2026/08/22/02/37/53-10000.jpg
2026-08-22 02:38:03,905 [INFO] Capturing response: https://global.siteyaptim.live/bein4/tracks-v1a1/2026/08/22/02/37/53-10000.jpg 200 
2026-08-22 02:38:05,036 [INFO]   ✅ M3U8 bulundu: https://corestream.siteyaptim.live//bein4/tracks-v1a1/mono.m3u8
2026-08-22 02:38:06,037 [INFO] 
[5/14]
2026-08-22 02:38:06,037 [INFO] 🔍 beIN Sports 5 → https://www.atomsportv513.top/matches?id=bein-sports-5
2026-08-22 02:38:06,145 [INFO] Capturing request: https://www.atomsportv513.top/matches?id=bein-sports-5
2026-08-22 02:38:06,330 [INFO] Capturing response: https://www.atomsportv513.top/matches?id=bein-sports-5 200 
2026-08-22 02:38:06,454 [INFO] Capturing request: https://teletv5.top/load/yayinlink.php?id=bein-sports-5
2026-08-22 02:38:06,455 [INFO] Capturing request: https://www.atomsportv513.top/favicon.ico
2026-08-22 02:38:06,491 [INFO] Capturing response: https://www.atomsportv513.top/favicon.ico 200 
2026-08-22 02:38:06,550 [INFO] Capturing request: https://streamsport365.com/cinema
2026-08-22 02:38:06,789 [INFO] Capturing response: https://streamsport365.com/cinema 200 
2026-08-22 02:38:07,152 [INFO] Capturing response: https://teletv5.top/load/yayinlink.php?id=bein-sports-5 200 
2026-08-22 02:38:07,262 [INFO] Capturing request: https://www.atomsportv513.top/assets/img/player/player_logo_6a87a2e2eecc5.png
2026-08-22 02:38:07,270 [INFO] Capturing request: https://corestream.siteyaptim.live//bein5/tracks-v1a1/mono.m3u8
2026-08-22 02:38:07,383 [INFO] Capturing response: https://www.atomsportv513.top/assets/img/player/player_logo_6a87a2e2eecc5.png 304 
2026-08-22 02:38:07,386 [INFO] Capturing response: https://corestream.siteyaptim.live//bein5/tracks-v1a1/mono.m3u8 200 
2026-08-22 02:38:07,495 [INFO] Capturing request: https://global.siteyaptim.live/bein5/tracks-v1a1/2026/08/22/02/37/48-14040.jpg
2026-08-22 02:38:08,289 [INFO] Capturing response: https://global.siteyaptim.live/bein5/tracks-v1a1/2026/08/22/02/37/48-14040.jpg 200 
2026-08-22 02:38:08,658 [INFO] Capturing request: https://global.siteyaptim.live/bein5/tracks-v1a1/2026/08/22/02/38/02-10000.jpg
2026-08-22 02:38:09,269 [INFO] Capturing response: https://global.siteyaptim.live/bein5/tracks-v1a1/2026/08/22/02/38/02-10000.jpg 200 
2026-08-22 02:38:09,377 [INFO]   ✅ M3U8 bulundu: https://corestream.siteyaptim.live//bein5/tracks-v1a1/mono.m3u8
2026-08-22 02:38:09,549 [INFO] Capturing request: https://global.siteyaptim.live/bein5/tracks-v1a1/2026/08/22/02/38/12-10000.jpg
2026-08-22 02:38:10,131 [INFO] Capturing response: https://global.siteyaptim.live/bein5/tracks-v1a1/2026/08/22/02/38/12-10000.jpg 200 
2026-08-22 02:38:10,377 [INFO] 
[6/14]
2026-08-22 02:38:10,377 [INFO] 🔍 beIN Sports Max 1 → https://www.atomsportv513.top/matches?id=bein-sports-max-1
2026-08-22 02:38:10,488 [INFO] Capturing request: https://www.atomsportv513.top/matches?id=bein-sports-max-1
2026-08-22 02:38:10,673 [INFO] Capturing response: https://www.atomsportv513.top/matches?id=bein-sports-max-1 200 
2026-08-22 02:38:10,700 [INFO] Capturing request: https://streamsport365.com/cinema
2026-08-22 02:38:10,799 [INFO] Capturing request: https://teletv5.top/load/yayinlink.php?id=bein-sports-max-1
2026-08-22 02:38:10,800 [INFO] Capturing request: https://www.atomsportv513.top/favicon.ico
2026-08-22 02:38:10,835 [INFO] Capturing response: https://www.atomsportv513.top/favicon.ico 200 
2026-08-22 02:38:10,946 [INFO] Capturing response: https://streamsport365.com/cinema 200 
2026-08-22 02:38:11,313 [INFO] Capturing response: https://teletv5.top/load/yayinlink.php?id=bein-sports-max-1 200 
2026-08-22 02:38:11,463 [INFO] Capturing request: https://www.atomsportv513.top/assets/img/player/player_logo_6a87a2e2eecc5.png
2026-08-22 02:38:11,470 [INFO] Capturing request: https://corestream.siteyaptim.live//beinmax1/tracks-v1a1/mono.m3u8
2026-08-22 02:38:11,579 [INFO] Capturing response: https://www.atomsportv513.top/assets/img/player/player_logo_6a87a2e2eecc5.png 304 
2026-08-22 02:38:11,594 [INFO] Capturing response: https://corestream.siteyaptim.live//beinmax1/tracks-v1a1/mono.m3u8 404 
2026-08-22 02:38:13,709 [INFO]   ✅ M3U8 bulundu: https://corestream.siteyaptim.live//beinmax1/tracks-v1a1/mono.m3u8
2026-08-22 02:38:13,753 [INFO] Capturing request: https://corestream.siteyaptim.live//beinmax1/tracks-v1a1/mono.m3u8
2026-08-22 02:38:13,875 [INFO] Capturing response: https://corestream.siteyaptim.live//beinmax1/tracks-v1a1/mono.m3u8 404 
2026-08-22 02:38:14,482 [INFO] Capturing request: https://android.clients.google.com/c2dm/register3
2026-08-22 02:38:14,540 [INFO] Capturing response: https://android.clients.google.com/c2dm/register3 301 
2026-08-22 02:38:14,709 [INFO] 
[7/14]
2026-08-22 02:38:14,710 [INFO] 🔍 beIN Sports Max 2 → https://www.atomsportv513.top/matches?id=bein-sports-max-2
2026-08-22 02:38:14,817 [INFO] Capturing request: https://www.atomsportv513.top/matches?id=bein-sports-max-2
2026-08-22 02:38:15,116 [INFO] Capturing response: https://www.atomsportv513.top/matches?id=bein-sports-max-2 200 
2026-08-22 02:38:15,241 [INFO] Capturing request: https://teletv5.top/load/yayinlink.php?id=bein-sports-max-2
2026-08-22 02:38:15,243 [INFO] Capturing request: https://www.atomsportv513.top/favicon.ico
2026-08-22 02:38:15,280 [INFO] Capturing response: https://www.atomsportv513.top/favicon.ico 200 
2026-08-22 02:38:15,352 [INFO] Capturing request: https://streamsport365.com/cinema
2026-08-22 02:38:15,600 [INFO] Capturing response: https://streamsport365.com/cinema 200 
2026-08-22 02:38:15,698 [INFO] Capturing response: https://teletv5.top/load/yayinlink.php?id=bein-sports-max-2 200 
2026-08-22 02:38:15,808 [INFO] Capturing request: https://www.atomsportv513.top/assets/img/player/player_logo_6a87a2e2eecc5.png
2026-08-22 02:38:15,815 [INFO] Capturing request: https://corestream.siteyaptim.live//beinmax2/tracks-v1a1/mono.m3u8
2026-08-22 02:38:15,937 [INFO] Capturing response: https://corestream.siteyaptim.live//beinmax2/tracks-v1a1/mono.m3u8 404 
2026-08-22 02:38:16,611 [INFO] Capturing response: https://www.atomsportv513.top/assets/img/player/player_logo_6a87a2e2eecc5.png 304 
2026-08-22 02:38:18,093 [INFO] Capturing request: https://corestream.siteyaptim.live//beinmax2/tracks-v1a1/mono.m3u8
2026-08-22 02:38:18,152 [INFO]   ✅ M3U8 bulundu: https://corestream.siteyaptim.live//beinmax2/tracks-v1a1/mono.m3u8
2026-08-22 02:38:18,211 [INFO] Capturing response: https://corestream.siteyaptim.live//beinmax2/tracks-v1a1/mono.m3u8 404 
2026-08-22 02:38:19,152 [INFO] 
[8/14]
2026-08-22 02:38:19,152 [INFO] 🔍 S Sport → https://www.atomsportv513.top/matches?id=s-sport
2026-08-22 02:38:19,259 [INFO] Capturing request: https://www.atomsportv513.top/matches?id=s-sport
2026-08-22 02:38:19,443 [INFO] Capturing response: https://www.atomsportv513.top/matches?id=s-sport 200 
2026-08-22 02:38:19,469 [INFO] Capturing request: https://streamsport365.com/cinema
2026-08-22 02:38:19,569 [INFO] Capturing request: https://teletv5.top/load/yayinlink.php?id=s-sport
2026-08-22 02:38:19,572 [INFO] Capturing request: https://www.atomsportv513.top/favicon.ico
2026-08-22 02:38:19,609 [INFO] Capturing response: https://www.atomsportv513.top/favicon.ico 200 
2026-08-22 02:38:19,711 [INFO] Capturing response: https://streamsport365.com/cinema 200 
2026-08-22 02:38:19,733 [INFO] Capturing response: https://teletv5.top/load/yayinlink.php?id=s-sport 200 
2026-08-22 02:38:19,884 [INFO] Capturing request: https://www.atomsportv513.top/assets/img/player/player_logo_6a87a2e2eecc5.png
2026-08-22 02:38:19,894 [INFO] Capturing request: https://corestream.siteyaptim.live//s-sport/tracks-v1a1/mono.m3u8
2026-08-22 02:38:20,002 [INFO] Capturing response: https://www.atomsportv513.top/assets/img/player/player_logo_6a87a2e2eecc5.png 304 
2026-08-22 02:38:20,009 [INFO] Capturing response: https://corestream.siteyaptim.live//s-sport/tracks-v1a1/mono.m3u8 200 
2026-08-22 02:38:20,118 [INFO] Capturing request: https://global.siteyaptim.live/s-sport/tracks-v1a1/2026/08/22/02/38/40-10000.jpg
2026-08-22 02:38:20,414 [INFO] Capturing request: https://android.clients.google.com/c2dm/register3
2026-08-22 02:38:20,576 [INFO] Capturing response: https://global.siteyaptim.live/s-sport/tracks-v1a1/2026/08/22/02/38/40-10000.jpg 200 
2026-08-22 02:38:20,788 [INFO] Capturing request: https://global.siteyaptim.live/s-sport/tracks-v1a1/2026/08/22/02/38/50-10000.jpg
2026-08-22 02:38:20,821 [INFO] Capturing response: https://android.clients.google.com/c2dm/register3 200 
2026-08-22 02:38:21,224 [INFO] Capturing response: https://global.siteyaptim.live/s-sport/tracks-v1a1/2026/08/22/02/38/50-10000.jpg 200 
2026-08-22 02:38:21,481 [INFO] Capturing request: https://global.siteyaptim.live/s-sport/tracks-v1a1/2026/08/22/02/39/00-10000.jpg
2026-08-22 02:38:21,892 [INFO] Capturing response: https://global.siteyaptim.live/s-sport/tracks-v1a1/2026/08/22/02/39/00-10000.jpg 200 
2026-08-22 02:38:22,492 [INFO]   ✅ M3U8 bulundu: https://corestream.siteyaptim.live//s-sport/tracks-v1a1/mono.m3u8
2026-08-22 02:38:23,492 [INFO] 
[9/14]
2026-08-22 02:38:23,492 [INFO] 🔍 S Sport 2 → https://www.atomsportv513.top/matches?id=s-sport-2
2026-08-22 02:38:23,603 [INFO] Capturing request: https://www.atomsportv513.top/matches?id=s-sport-2
2026-08-22 02:38:23,787 [INFO] Capturing response: https://www.atomsportv513.top/matches?id=s-sport-2 200 
2026-08-22 02:38:23,915 [INFO] Capturing request: https://teletv5.top/load/yayinlink.php?id=s-sport-2
2026-08-22 02:38:23,917 [INFO] Capturing request: https://www.atomsportv513.top/favicon.ico
2026-08-22 02:38:23,952 [INFO] Capturing response: https://www.atomsportv513.top/favicon.ico 200 
2026-08-22 02:38:24,009 [INFO] Capturing request: https://streamsport365.com/cinema
2026-08-22 02:38:24,084 [INFO] Capturing response: https://teletv5.top/load/yayinlink.php?id=s-sport-2 200 
2026-08-22 02:38:24,254 [INFO] Capturing response: https://streamsport365.com/cinema 200 
2026-08-22 02:38:24,364 [INFO] Capturing request: https://www.atomsportv513.top/assets/img/player/player_logo_6a87a2e2eecc5.png
2026-08-22 02:38:24,371 [INFO] Capturing request: https://corestream.siteyaptim.live//s-sport2/tracks-v1a1/mono.m3u8
2026-08-22 02:38:24,482 [INFO] Capturing response: https://www.atomsportv513.top/assets/img/player/player_logo_6a87a2e2eecc5.png 304 
2026-08-22 02:38:24,487 [INFO] Capturing response: https://corestream.siteyaptim.live//s-sport2/tracks-v1a1/mono.m3u8 200 
2026-08-22 02:38:24,636 [INFO] Capturing request: https://global.siteyaptim.live/s-sport2/tracks-v1a1/2026/08/22/02/38/53-06000.jpg
2026-08-22 02:38:24,830 [INFO] Capturing response: https://global.siteyaptim.live/s-sport2/tracks-v1a1/2026/08/22/02/38/53-06000.jpg 200 
2026-08-22 02:38:25,004 [INFO] Capturing request: https://global.siteyaptim.live/s-sport2/tracks-v1a1/2026/08/22/02/38/59-06000.jpg
2026-08-22 02:38:25,179 [INFO] Capturing response: https://global.siteyaptim.live/s-sport2/tracks-v1a1/2026/08/22/02/38/59-06000.jpg 200 
2026-08-22 02:38:25,380 [INFO] Capturing request: https://global.siteyaptim.live/s-sport2/tracks-v1a1/2026/08/22/02/39/05-06000.jpg
2026-08-22 02:38:25,563 [INFO] Capturing response: https://global.siteyaptim.live/s-sport2/tracks-v1a1/2026/08/22/02/39/05-06000.jpg 200 
2026-08-22 02:38:26,830 [INFO]   ✅ M3U8 bulundu: https://corestream.siteyaptim.live//s-sport2/tracks-v1a1/mono.m3u8
2026-08-22 02:38:27,830 [INFO] 
[10/14]
2026-08-22 02:38:27,830 [INFO] 🔍 A Spor → https://www.atomsportv513.top/matches?id=a-spor
2026-08-22 02:38:27,938 [INFO] Capturing request: https://www.atomsportv513.top/matches?id=a-spor
2026-08-22 02:38:28,126 [INFO] Capturing response: https://www.atomsportv513.top/matches?id=a-spor 200 
2026-08-22 02:38:28,152 [INFO] Capturing request: https://streamsport365.com/cinema
2026-08-22 02:38:28,253 [INFO] Capturing request: https://teletv5.top/load/yayinlink.php?id=a-spor
2026-08-22 02:38:28,254 [INFO] Capturing request: https://www.atomsportv513.top/favicon.ico
2026-08-22 02:38:28,301 [INFO] Capturing response: https://www.atomsportv513.top/favicon.ico 200 
2026-08-22 02:38:28,393 [INFO] Capturing response: https://streamsport365.com/cinema 200 
2026-08-22 02:38:28,423 [INFO] Capturing response: https://teletv5.top/load/yayinlink.php?id=a-spor 200 
2026-08-22 02:38:28,573 [INFO] Capturing request: https://www.atomsportv513.top/assets/img/player/player_logo_6a87a2e2eecc5.png
2026-08-22 02:38:28,580 [INFO] Capturing request: https://corestream.siteyaptim.live//aspor/tracks-v1a1/mono.m3u8
2026-08-22 02:38:28,695 [INFO] Capturing response: https://corestream.siteyaptim.live//aspor/tracks-v1a1/mono.m3u8 200 
2026-08-22 02:38:28,704 [INFO] Capturing response: https://www.atomsportv513.top/assets/img/player/player_logo_6a87a2e2eecc5.png 304 
2026-08-22 02:38:28,804 [INFO] Capturing request: https://global.siteyaptim.live/aspor/tracks-v1a1/2026/08/22/02/38/05-10000.jpg
2026-08-22 02:38:29,317 [INFO] Capturing response: https://global.siteyaptim.live/aspor/tracks-v1a1/2026/08/22/02/38/05-10000.jpg 200 
2026-08-22 02:38:29,570 [INFO] Capturing request: https://global.siteyaptim.live/aspor/tracks-v1a1/2026/08/22/02/38/15-10000.jpg
2026-08-22 02:38:30,043 [INFO] Capturing response: https://global.siteyaptim.live/aspor/tracks-v1a1/2026/08/22/02/38/15-10000.jpg 200 
2026-08-22 02:38:30,287 [INFO] Capturing request: https://global.siteyaptim.live/aspor/tracks-v1a1/2026/08/22/02/38/25-10000.jpg
2026-08-22 02:38:30,882 [INFO] Capturing response: https://global.siteyaptim.live/aspor/tracks-v1a1/2026/08/22/02/38/25-10000.jpg 200 
2026-08-22 02:38:31,192 [INFO]   ✅ M3U8 bulundu: https://corestream.siteyaptim.live//aspor/tracks-v1a1/mono.m3u8
2026-08-22 02:38:32,192 [INFO] 
[11/14]
2026-08-22 02:38:32,192 [INFO] 🔍 Tivibu Spor 1 → https://www.atomsportv513.top/matches?id=tivibu-spor-1
2026-08-22 02:38:32,301 [INFO] Capturing request: https://www.atomsportv513.top/matches?id=tivibu-spor-1
2026-08-22 02:38:32,484 [INFO] Capturing response: https://www.atomsportv513.top/matches?id=tivibu-spor-1 200 
2026-08-22 02:38:32,615 [INFO] Capturing request: https://teletv5.top/load/yayinlink.php?id=tivibu-spor-1
2026-08-22 02:38:32,616 [INFO] Capturing request: https://www.atomsportv513.top/favicon.ico
2026-08-22 02:38:32,658 [INFO] Capturing response: https://www.atomsportv513.top/favicon.ico 200 
2026-08-22 02:38:32,707 [INFO] Capturing request: https://streamsport365.com/cinema
2026-08-22 02:38:32,950 [INFO] Capturing response: https://streamsport365.com/cinema 200 
2026-08-22 02:38:33,355 [INFO] Capturing response: https://teletv5.top/load/yayinlink.php?id=tivibu-spor-1 200 
2026-08-22 02:38:47,932 [INFO] Capturing request: https://update.googleapis.com/service/update2/json?cup2key=16:65OknPfuiIMDoNAP1vOiNYpJ9xDkHZCo5liFNtjDyBo&cup2hreq=53d8376df072aae57b48b28446728db2ed1cd7d481c517623c7f123a3d8979d8
2026-08-22 02:38:47,957 [INFO] Capturing response: https://update.googleapis.com/service/update2/json?cup2key=16:65OknPfuiIMDoNAP1vOiNYpJ9xDkHZCo5liFNtjDyBo&cup2hreq=53d8376df072aae57b48b28446728db2ed1cd7d481c517623c7f123a3d8979d8 200 
2026-08-22 02:38:47,962 [INFO] Capturing request: http://edgedl.me.gvt1.com/edgedl/diffgen-puffin/gcmjkmgdlgnkkcocmoeiminaijmmjnii/6ca5bdb9f3e2cd83b7e359729bc6c33c4fe975ec499861d969b3e080320849ff
2026-08-22 02:38:47,976 [INFO] Capturing response: http://edgedl.me.gvt1.com/edgedl/diffgen-puffin/gcmjkmgdlgnkkcocmoeiminaijmmjnii/6ca5bdb9f3e2cd83b7e359729bc6c33c4fe975ec499861d969b3e080320849ff 200 OK
2026-08-22 02:38:47,997 [INFO] Capturing request: https://update.googleapis.com/service/update2/json
2026-08-22 02:38:48,018 [INFO] Capturing response: https://update.googleapis.com/service/update2/json 200 
2026-08-22 02:38:48,063 [INFO] Capturing request: http://edgedl.me.gvt1.com/edgedl/release2/chrome_component/acrejibbatgcdimswdnfisjqctaa_10730/hfnkpimlhhgieaddgfemjhofmfblmnib_10730_all_adnmhsrqoze7yl7t33nv7uyibefq.crx3
2026-08-22 02:38:48,080 [INFO] Capturing response: http://edgedl.me.gvt1.com/edgedl/release2/chrome_component/acrejibbatgcdimswdnfisjqctaa_10730/hfnkpimlhhgieaddgfemjhofmfblmnib_10730_all_adnmhsrqoze7yl7t33nv7uyibefq.crx3 200 OK
2026-08-22 02:38:48,103 [INFO] Capturing request: https://update.googleapis.com/service/update2/json
2026-08-22 02:38:48,123 [INFO] Capturing response: https://update.googleapis.com/service/update2/json 200 
2026-08-22 02:38:56,036 [INFO] Capturing request: https://android.clients.google.com/c2dm/register3
2026-08-22 02:38:56,101 [INFO] Capturing response: https://android.clients.google.com/c2dm/register3 301 
2026-08-22 02:39:05,748 [WARNING]   ❌ Tivibu Spor 1 için M3U8 bulunamadı
2026-08-22 02:39:06,748 [INFO] 
[12/14]
2026-08-22 02:39:06,748 [INFO] 🔍 Tivibu Spor 2 → https://www.atomsportv513.top/matches?id=tivibu-spor-2
2026-08-22 02:39:06,881 [INFO] Capturing request: https://www.atomsportv513.top/matches?id=tivibu-spor-2
2026-08-22 02:39:07,191 [INFO] Capturing response: https://www.atomsportv513.top/matches?id=tivibu-spor-2 200 
2026-08-22 02:39:07,352 [INFO] Capturing request: https://www.atomsportv513.top/favicon.ico
2026-08-22 02:39:07,377 [INFO] Capturing request: https://teletv5.top/load/yayinlink.php?id=tivibu-spor-2
2026-08-22 02:39:07,390 [INFO] Capturing response: https://www.atomsportv513.top/favicon.ico 200 
2026-08-22 02:39:07,837 [INFO] Capturing request: https://streamsport365.com/cinema
2026-08-22 02:39:08,008 [INFO] Capturing response: https://teletv5.top/load/yayinlink.php?id=tivibu-spor-2 200 
2026-08-22 02:39:08,076 [INFO] Capturing response: https://streamsport365.com/cinema 200 
2026-08-22 02:39:40,452 [WARNING]   ❌ Tivibu Spor 2 için M3U8 bulunamadı
2026-08-22 02:39:41,452 [INFO] 
[13/14]
2026-08-22 02:39:41,452 [INFO] 🔍 Tivibu Spor 3 → https://www.atomsportv513.top/matches?id=tivibu-spor-3
2026-08-22 02:39:41,559 [INFO] Capturing request: https://www.atomsportv513.top/matches?id=tivibu-spor-3
2026-08-22 02:39:41,893 [INFO] Capturing response: https://www.atomsportv513.top/matches?id=tivibu-spor-3 200 
2026-08-22 02:39:42,024 [INFO] Capturing request: https://teletv5.top/load/yayinlink.php?id=tivibu-spor-3
2026-08-22 02:39:42,026 [INFO] Capturing request: https://www.atomsportv513.top/favicon.ico
2026-08-22 02:39:42,068 [INFO] Capturing response: https://www.atomsportv513.top/favicon.ico 200 
2026-08-22 02:39:42,119 [INFO] Capturing request: https://streamsport365.com/cinema
2026-08-22 02:39:42,184 [INFO] Capturing response: https://teletv5.top/load/yayinlink.php?id=tivibu-spor-3 200 
2026-08-22 02:39:42,361 [INFO] Capturing response: https://streamsport365.com/cinema 200 
2026-08-22 02:40:15,134 [WARNING]   ❌ Tivibu Spor 3 için M3U8 bulunamadı
2026-08-22 02:40:16,134 [INFO] 
[14/14]
2026-08-22 02:40:16,134 [INFO] 🔍 Tivibu Spor 4 → https://www.atomsportv513.top/matches?id=tivibu-spor-4
2026-08-22 02:40:16,242 [INFO] Capturing request: https://www.atomsportv513.top/matches?id=tivibu-spor-4
2026-08-22 02:40:16,561 [INFO] Capturing response: https://www.atomsportv513.top/matches?id=tivibu-spor-4 200 
2026-08-22 02:40:16,694 [INFO] Capturing request: https://teletv5.top/load/yayinlink.php?id=tivibu-spor-4
2026-08-22 02:40:16,696 [INFO] Capturing request: https://www.atomsportv513.top/favicon.ico
2026-08-22 02:40:16,732 [INFO] Capturing response: https://www.atomsportv513.top/favicon.ico 200 
2026-08-22 02:40:16,789 [INFO] Capturing request: https://streamsport365.com/cinema
2026-08-22 02:40:16,847 [INFO] Capturing response: https://teletv5.top/load/yayinlink.php?id=tivibu-spor-4 200 
2026-08-22 02:40:17,028 [INFO] Capturing response: https://streamsport365.com/cinema 200 
2026-08-22 02:40:37,384 [INFO] Capturing request: https://android.clients.google.com/c2dm/register3
2026-08-22 02:40:37,430 [INFO] Capturing response: https://android.clients.google.com/c2dm/register3 301 
2026-08-22 02:40:49,798 [WARNING]   ❌ Tivibu Spor 4 için M3U8 bulunamadı
2026-08-22 02:40:50,859 [INFO] ✅ 10 kanal bulundu, playlist.m3u kaydedildi
