2026-08-30 08:00:10,246 [INFO] 🌐 BASE_URL: https://www.atomsportv513.top
2026-08-30 08:00:11,278 [INFO] Başlanıyor... 14 kanal taranacak
2026-08-30 08:00:11,279 [INFO] Using default request storage
2026-08-30 08:00:11,283 [INFO] Created proxy listening on 127.0.0.1:42289
2026-08-30 08:00:11,964 [INFO] Capturing request: http://clients2.google.com/time/1/current?cup2key=10:REHn11eG9TMPcGQbNCCjQk3fJ1vy_SP59Ioc0zxpMz8&cup2hreq=e3b0c44298fc1c149afbf4c8996fb92427ae41e4649b934ca495991b7852b855
2026-08-30 08:00:12,021 [INFO] Capturing response: http://clients2.google.com/time/1/current?cup2key=10:REHn11eG9TMPcGQbNCCjQk3fJ1vy_SP59Ioc0zxpMz8&cup2hreq=e3b0c44298fc1c149afbf4c8996fb92427ae41e4649b934ca495991b7852b855 200 OK
2026-08-30 08:00:12,238 [INFO] 
[1/14]
2026-08-30 08:00:12,239 [INFO] 🔍 beIN Sports 1 → https://www.atomsportv513.top/matches?id=bein-sports-1
2026-08-30 08:00:12,385 [INFO] Capturing request: https://accounts.google.com/ListAccounts?gpsia=1&source=ChromiumBrowser&json=standard&laf=b64bin
2026-08-30 08:00:12,394 [INFO] Capturing request: https://update.googleapis.com/service/update2/json?cup2key=16:kTSffKq3WelcYpgrCCbma9jLOMSBnf8rryoEy0ga0Oc&cup2hreq=bf37f0bfd0ac9ce9c8cdf2fe4971772b68a0f4e170fcac7eab036b2a098d628c
2026-08-30 08:00:12,457 [INFO] Capturing response: https://update.googleapis.com/service/update2/json?cup2key=16:kTSffKq3WelcYpgrCCbma9jLOMSBnf8rryoEy0ga0Oc&cup2hreq=bf37f0bfd0ac9ce9c8cdf2fe4971772b68a0f4e170fcac7eab036b2a098d628c 200 
2026-08-30 08:00:12,460 [INFO] Capturing response: https://accounts.google.com/ListAccounts?gpsia=1&source=ChromiumBrowser&json=standard&laf=b64bin 200 
2026-08-30 08:00:12,486 [INFO] Capturing request: https://www.atomsportv513.top/matches?id=bein-sports-1
2026-08-30 08:00:12,490 [INFO] Capturing request: https://www.google.com/async/folae?async=_fmt:pb&udm=50&client_locale=en-US&client_country=ZZ
2026-08-30 08:00:12,505 [INFO] Capturing request: https://update.googleapis.com/service/update2/json?cup2key=16:0Yz7vMHhCS8qXNLr12a4or-_D0Ffobk0NFpsP9cBuV4&cup2hreq=f25cfccd2f425c3164ede06ca8c5f12b22809819d7f1efb4413ab91531b521b1
2026-08-30 08:00:12,516 [INFO] Capturing response: https://www.google.com/async/folae?async=_fmt:pb&udm=50&client_locale=en-US&client_country=ZZ 200 
2026-08-30 08:00:12,535 [INFO] Capturing response: https://update.googleapis.com/service/update2/json?cup2key=16:0Yz7vMHhCS8qXNLr12a4or-_D0Ffobk0NFpsP9cBuV4&cup2hreq=f25cfccd2f425c3164ede06ca8c5f12b22809819d7f1efb4413ab91531b521b1 200 
2026-08-30 08:00:12,582 [INFO] Capturing request: https://update.googleapis.com/service/update2/json?cup2key=16:aY3xq_aK7z9-HumBs8oxLISoPzV24dxvsMxS9U9uSLU&cup2hreq=77ab49a990fe22d5394de1e92881edfbcb2494c33a55236c835d344ee00096d7
2026-08-30 08:00:12,612 [INFO] Capturing response: https://update.googleapis.com/service/update2/json?cup2key=16:aY3xq_aK7z9-HumBs8oxLISoPzV24dxvsMxS9U9uSLU&cup2hreq=77ab49a990fe22d5394de1e92881edfbcb2494c33a55236c835d344ee00096d7 200 
2026-08-30 08:00:12,708 [INFO] Capturing request: https://www.google.com/async/folae?async=_fmt:pb&udm=50&client_locale=en-US&client_country=ZZ
2026-08-30 08:00:12,731 [INFO] Capturing response: https://www.google.com/async/folae?async=_fmt:pb&udm=50&client_locale=en-US&client_country=ZZ 200 
2026-08-30 08:00:13,073 [INFO] Capturing response: https://www.atomsportv513.top/matches?id=bein-sports-1 200 
2026-08-30 08:00:13,287 [INFO] Capturing request: https://cdn.jsdelivr.net/npm/@clappr/player@0.11.16/dist/clappr.min.js
2026-08-30 08:00:13,293 [INFO] Capturing request: https://cdn.jsdelivr.net/npm/@clappr/hlsjs-playback@1.8.3/dist/hlsjs-playback.min.js
2026-08-30 08:00:13,294 [INFO] Capturing request: https://cdn.jsdelivr.net/npm/level-selector/dist/level-selector.min.js
2026-08-30 08:00:13,315 [INFO] Capturing response: https://cdn.jsdelivr.net/npm/level-selector/dist/level-selector.min.js 200 
2026-08-30 08:00:13,349 [INFO] Capturing response: https://cdn.jsdelivr.net/npm/@clappr/player@0.11.16/dist/clappr.min.js 200 
2026-08-30 08:00:13,361 [INFO] Capturing response: https://cdn.jsdelivr.net/npm/@clappr/hlsjs-playback@1.8.3/dist/hlsjs-playback.min.js 200 
2026-08-30 08:00:13,565 [INFO] Capturing request: https://www.atomsportv513.top/favicon.ico
2026-08-30 08:00:13,617 [INFO] Capturing response: https://www.atomsportv513.top/favicon.ico 200 
2026-08-30 08:00:13,640 [INFO] Capturing request: https://teletv5.top/load/yayinlink.php?id=bein-sports-1
2026-08-30 08:00:14,005 [INFO] Capturing request: https://streamsport365.com/cinema
2026-08-30 08:00:14,008 [INFO] Capturing response: https://teletv5.top/load/yayinlink.php?id=bein-sports-1 200 
2026-08-30 08:00:14,257 [INFO] Capturing response: https://streamsport365.com/cinema 200 
2026-08-30 08:00:14,388 [INFO] Capturing request: https://www.atomsportv513.top/assets/img/player/player_logo_6a87a2e2eecc5.png
2026-08-30 08:00:14,442 [INFO] Capturing response: https://www.atomsportv513.top/assets/img/player/player_logo_6a87a2e2eecc5.png 200 
2026-08-30 08:00:14,471 [INFO] Capturing request: https://corestream.ardastream.live//beintv/tracks-v1a1/mono.m3u8
2026-08-30 08:00:14,512 [INFO] Capturing response: https://corestream.ardastream.live//beintv/tracks-v1a1/mono.m3u8 200 
2026-08-30 08:00:14,733 [INFO] Capturing request: https://global.ardastream.live/beintv/tracks-v1a1/2026/08/30/07/59/58-06000.jpg
2026-08-30 08:00:15,113 [INFO] Capturing response: https://global.ardastream.live/beintv/tracks-v1a1/2026/08/30/07/59/58-06000.jpg 200 
2026-08-30 08:00:15,326 [INFO] Capturing request: https://global.ardastream.live/beintv/tracks-v1a1/2026/08/30/08/00/04-06000.jpg
2026-08-30 08:00:15,428 [INFO] Capturing request: https://android.clients.google.com/checkin
2026-08-30 08:00:15,512 [INFO] Capturing response: https://android.clients.google.com/checkin 200 
2026-08-30 08:00:15,564 [INFO] Capturing request: https://android.clients.google.com/c2dm/register3
2026-08-30 08:00:15,568 [INFO] Capturing request: https://android.clients.google.com/c2dm/register3
2026-08-30 08:00:15,571 [INFO] Capturing request: https://android.clients.google.com/c2dm/register3
2026-08-30 08:00:15,619 [INFO] Capturing response: https://global.ardastream.live/beintv/tracks-v1a1/2026/08/30/08/00/04-06000.jpg 200 
2026-08-30 08:00:15,630 [INFO] Capturing response: https://android.clients.google.com/c2dm/register3 200 
2026-08-30 08:00:15,639 [INFO] Capturing response: https://android.clients.google.com/c2dm/register3 200 
2026-08-30 08:00:15,647 [INFO] Capturing response: https://android.clients.google.com/c2dm/register3 200 
2026-08-30 08:00:15,836 [INFO] Capturing request: https://global.ardastream.live/beintv/tracks-v1a1/2026/08/30/08/00/10-06000.jpg
2026-08-30 08:00:16,135 [INFO] Capturing response: https://global.ardastream.live/beintv/tracks-v1a1/2026/08/30/08/00/10-06000.jpg 200 
2026-08-30 08:00:16,497 [INFO]   ✅ M3U8 bulundu: https://corestream.ardastream.live//beintv/tracks-v1a1/mono.m3u8
2026-08-30 08:00:17,498 [INFO] 
[2/14]
2026-08-30 08:00:17,498 [INFO] 🔍 beIN Sports 2 → https://www.atomsportv513.top/matches?id=bein-sports-2
2026-08-30 08:00:17,611 [INFO] Capturing request: https://www.atomsportv513.top/matches?id=bein-sports-2
2026-08-30 08:00:17,932 [INFO] Capturing response: https://www.atomsportv513.top/matches?id=bein-sports-2 200 
2026-08-30 08:00:17,985 [INFO] Capturing request: https://streamsport365.com/cinema
2026-08-30 08:00:18,086 [INFO] Capturing request: https://teletv5.top/load/yayinlink.php?id=bein-sports-2
2026-08-30 08:00:18,086 [INFO] Capturing request: https://www.atomsportv513.top/favicon.ico
2026-08-30 08:00:18,129 [INFO] Capturing response: https://www.atomsportv513.top/favicon.ico 200 
2026-08-30 08:00:18,228 [INFO] Capturing response: https://streamsport365.com/cinema 200 
2026-08-30 08:00:18,422 [INFO] Capturing response: https://teletv5.top/load/yayinlink.php?id=bein-sports-2 200 
2026-08-30 08:00:18,534 [INFO] Capturing request: https://www.atomsportv513.top/assets/img/player/player_logo_6a87a2e2eecc5.png
2026-08-30 08:00:18,543 [INFO] Capturing request: https://corestream.ardastream.live//bein2/tracks-v1a1/mono.m3u8
2026-08-30 08:00:18,658 [INFO] Capturing response: https://www.atomsportv513.top/assets/img/player/player_logo_6a87a2e2eecc5.png 304 
2026-08-30 08:00:18,678 [INFO] Capturing response: https://corestream.ardastream.live//bein2/tracks-v1a1/mono.m3u8 200 
2026-08-30 08:00:18,788 [INFO] Capturing request: https://global.ardastream.live/bein2/tracks-v1a1/2026/08/30/07/59/41-11640.jpg
2026-08-30 08:00:20,085 [INFO] Capturing response: https://global.ardastream.live/bein2/tracks-v1a1/2026/08/30/07/59/41-11640.jpg 200 
2026-08-30 08:00:20,549 [INFO] Capturing request: https://global.ardastream.live/bein2/tracks-v1a1/2026/08/30/07/59/53-10000.jpg
2026-08-30 08:00:21,003 [INFO]   ✅ M3U8 bulundu: https://corestream.ardastream.live//bein2/tracks-v1a1/mono.m3u8
2026-08-30 08:00:21,657 [INFO] Capturing response: https://global.ardastream.live/bein2/tracks-v1a1/2026/08/30/07/59/53-10000.jpg 200 
2026-08-30 08:00:21,983 [INFO] Capturing request: https://global.ardastream.live/bein2/tracks-v1a1/2026/08/30/08/00/03-10000.jpg
2026-08-30 08:00:22,004 [INFO] 
[3/14]
2026-08-30 08:00:22,004 [INFO] 🔍 beIN Sports 3 → https://www.atomsportv513.top/matches?id=bein-sports-3
2026-08-30 08:00:22,115 [INFO] Capturing request: https://www.atomsportv513.top/matches?id=bein-sports-3
2026-08-30 08:00:22,331 [INFO] Capturing response: https://www.atomsportv513.top/matches?id=bein-sports-3 200 
2026-08-30 08:00:22,465 [INFO] Capturing request: https://teletv5.top/load/yayinlink.php?id=bein-sports-3
2026-08-30 08:00:22,469 [INFO] Capturing request: https://www.atomsportv513.top/favicon.ico
2026-08-30 08:00:22,510 [INFO] Capturing response: https://www.atomsportv513.top/favicon.ico 200 
2026-08-30 08:00:22,562 [INFO] Capturing request: https://streamsport365.com/cinema
2026-08-30 08:00:22,649 [INFO] Capturing response: https://teletv5.top/load/yayinlink.php?id=bein-sports-3 200 
2026-08-30 08:00:22,797 [INFO] Capturing response: https://streamsport365.com/cinema 200 
2026-08-30 08:00:22,909 [INFO] Capturing request: https://www.atomsportv513.top/assets/img/player/player_logo_6a87a2e2eecc5.png
2026-08-30 08:00:22,920 [INFO] Capturing request: https://corestream.ardastream.live//bein3/tracks-v1a1/mono.m3u8
2026-08-30 08:00:23,052 [INFO] Capturing response: https://corestream.ardastream.live//bein3/tracks-v1a1/mono.m3u8 200 
2026-08-30 08:00:23,117 [INFO] Capturing response: https://global.ardastream.live/bein2/tracks-v1a1/2026/08/30/08/00/03-10000.jpg 200 
2026-08-30 08:00:23,164 [INFO] Capturing request: https://global.ardastream.live/bein3/tracks-v1a1/2026/08/30/07/59/50-10000.jpg
2026-08-30 08:00:23,174 [INFO] Capturing response: https://www.atomsportv513.top/assets/img/player/player_logo_6a87a2e2eecc5.png 304 
2026-08-30 08:00:23,233 [INFO] 127.0.0.1:35606: ProtocolException("Error in HTTP connection: Http2ZombieException('Connection or stream already dead: 1788076823.2328448, False')")
2026-08-30 08:00:23,737 [INFO] Capturing response: https://global.ardastream.live/bein3/tracks-v1a1/2026/08/30/07/59/50-10000.jpg 200 
2026-08-30 08:00:23,943 [INFO] Capturing request: https://global.ardastream.live/bein3/tracks-v1a1/2026/08/30/08/00/00-10000.jpg
2026-08-30 08:00:24,525 [INFO] Capturing response: https://global.ardastream.live/bein3/tracks-v1a1/2026/08/30/08/00/00-10000.jpg 200 
2026-08-30 08:00:24,755 [INFO] Capturing request: https://global.ardastream.live/bein3/tracks-v1a1/2026/08/30/08/00/10-10000.jpg
2026-08-30 08:00:25,387 [INFO]   ✅ M3U8 bulundu: https://corestream.ardastream.live//bein3/tracks-v1a1/mono.m3u8
2026-08-30 08:00:26,388 [INFO] 
[4/14]
2026-08-30 08:00:26,388 [INFO] 🔍 beIN Sports 4 → https://www.atomsportv513.top/matches?id=bein-sports-4
2026-08-30 08:00:26,498 [INFO] Capturing request: https://www.atomsportv513.top/matches?id=bein-sports-4
2026-08-30 08:00:26,720 [INFO] Capturing response: https://www.atomsportv513.top/matches?id=bein-sports-4 200 
2026-08-30 08:00:26,753 [INFO] Capturing request: https://streamsport365.com/cinema
2026-08-30 08:00:26,852 [INFO] Capturing request: https://teletv5.top/load/yayinlink.php?id=bein-sports-4
2026-08-30 08:00:26,854 [INFO] Capturing request: https://www.atomsportv513.top/favicon.ico
2026-08-30 08:00:26,899 [INFO] Capturing response: https://www.atomsportv513.top/favicon.ico 200 
2026-08-30 08:00:26,987 [INFO] Capturing response: https://streamsport365.com/cinema 200 
2026-08-30 08:00:27,097 [INFO] Capturing response: https://global.ardastream.live/bein3/tracks-v1a1/2026/08/30/08/00/10-10000.jpg 200 
2026-08-30 08:00:27,495 [INFO] Capturing response: https://teletv5.top/load/yayinlink.php?id=bein-sports-4 200 
2026-08-30 08:00:27,648 [INFO] Capturing request: https://www.atomsportv513.top/assets/img/player/player_logo_6a87a2e2eecc5.png
2026-08-30 08:00:27,658 [INFO] Capturing request: https://corestream.ardastream.live//bein4/tracks-v1a1/mono.m3u8
2026-08-30 08:00:27,771 [INFO] Capturing response: https://www.atomsportv513.top/assets/img/player/player_logo_6a87a2e2eecc5.png 304 
2026-08-30 08:00:27,784 [INFO] Capturing response: https://corestream.ardastream.live//bein4/tracks-v1a1/mono.m3u8 200 
2026-08-30 08:00:27,934 [INFO] Capturing request: https://global.ardastream.live/bein4/tracks-v1a1/2026/08/30/07/59/57-10000.jpg
2026-08-30 08:00:29,065 [INFO] Capturing response: https://global.ardastream.live/bein4/tracks-v1a1/2026/08/30/07/59/57-10000.jpg 200 
2026-08-30 08:00:29,409 [INFO] Capturing request: https://global.ardastream.live/bein4/tracks-v1a1/2026/08/30/08/00/07-10000.jpg
2026-08-30 08:00:29,770 [INFO]   ✅ M3U8 bulundu: https://corestream.ardastream.live//bein4/tracks-v1a1/mono.m3u8
2026-08-30 08:00:30,555 [INFO] Capturing response: https://global.ardastream.live/bein4/tracks-v1a1/2026/08/30/08/00/07-10000.jpg 200 
2026-08-30 08:00:30,770 [INFO] 
[5/14]
2026-08-30 08:00:30,771 [INFO] 🔍 beIN Sports 5 → https://www.atomsportv513.top/matches?id=bein-sports-5
2026-08-30 08:00:30,882 [INFO] Capturing request: https://www.atomsportv513.top/matches?id=bein-sports-5
2026-08-30 08:00:30,884 [INFO] Capturing request: https://global.ardastream.live/bein4/tracks-v1a1/2026/08/30/08/00/17-10000.jpg
2026-08-30 08:00:31,121 [INFO] Capturing response: https://www.atomsportv513.top/matches?id=bein-sports-5 200 
2026-08-30 08:00:31,261 [INFO] Capturing request: https://teletv5.top/load/yayinlink.php?id=bein-sports-5
2026-08-30 08:00:31,263 [INFO] Capturing request: https://www.atomsportv513.top/favicon.ico
2026-08-30 08:00:31,309 [INFO] Capturing response: https://www.atomsportv513.top/favicon.ico 200 
2026-08-30 08:00:31,354 [INFO] Capturing request: https://streamsport365.com/cinema
2026-08-30 08:00:31,597 [INFO] Capturing response: https://teletv5.top/load/yayinlink.php?id=bein-sports-5 200 
2026-08-30 08:00:31,605 [INFO] Capturing response: https://streamsport365.com/cinema 200 
2026-08-30 08:00:31,717 [INFO] Capturing request: https://www.atomsportv513.top/assets/img/player/player_logo_6a87a2e2eecc5.png
2026-08-30 08:00:31,729 [INFO] Capturing request: https://corestream.ardastream.live//bein5/tracks-v1a1/mono.m3u8
2026-08-30 08:00:31,840 [INFO] Capturing response: https://www.atomsportv513.top/assets/img/player/player_logo_6a87a2e2eecc5.png 304 
2026-08-30 08:00:31,857 [INFO] Capturing response: https://corestream.ardastream.live//bein5/tracks-v1a1/mono.m3u8 200 
2026-08-30 08:00:31,969 [INFO] Capturing request: https://global.ardastream.live/bein5/tracks-v1a1/2026/08/30/07/59/55-10000.jpg
2026-08-30 08:00:32,070 [INFO] Capturing response: https://global.ardastream.live/bein4/tracks-v1a1/2026/08/30/08/00/17-10000.jpg 200 
2026-08-30 08:00:33,225 [INFO] Capturing response: https://global.ardastream.live/bein5/tracks-v1a1/2026/08/30/07/59/55-10000.jpg 200 
2026-08-30 08:00:33,563 [INFO] Capturing request: https://global.ardastream.live/bein5/tracks-v1a1/2026/08/30/08/00/05-10000.jpg
2026-08-30 08:00:34,185 [INFO]   ✅ M3U8 bulundu: https://corestream.ardastream.live//bein5/tracks-v1a1/mono.m3u8
2026-08-30 08:00:34,748 [INFO] Capturing response: https://global.ardastream.live/bein5/tracks-v1a1/2026/08/30/08/00/05-10000.jpg 200 
2026-08-30 08:00:35,082 [INFO] Capturing request: https://global.ardastream.live/bein5/tracks-v1a1/2026/08/30/08/00/15-10000.jpg
2026-08-30 08:00:35,185 [INFO] 
[6/14]
2026-08-30 08:00:35,185 [INFO] 🔍 beIN Sports Max 1 → https://www.atomsportv513.top/matches?id=bein-sports-max-1
2026-08-30 08:00:35,298 [INFO] Capturing request: https://www.atomsportv513.top/matches?id=bein-sports-max-1
2026-08-30 08:00:35,517 [INFO] Capturing response: https://www.atomsportv513.top/matches?id=bein-sports-max-1 200 
2026-08-30 08:00:35,554 [INFO] Capturing request: https://streamsport365.com/cinema
2026-08-30 08:00:35,647 [INFO] Capturing request: https://teletv5.top/load/yayinlink.php?id=bein-sports-max-1
2026-08-30 08:00:35,654 [INFO] Capturing request: https://www.atomsportv513.top/favicon.ico
2026-08-30 08:00:35,701 [INFO] Capturing response: https://www.atomsportv513.top/favicon.ico 200 
2026-08-30 08:00:35,795 [INFO] Capturing response: https://streamsport365.com/cinema 200 
2026-08-30 08:00:35,824 [INFO] Capturing response: https://teletv5.top/load/yayinlink.php?id=bein-sports-max-1 200 
2026-08-30 08:00:35,977 [INFO] Capturing request: https://www.atomsportv513.top/assets/img/player/player_logo_6a87a2e2eecc5.png
2026-08-30 08:00:35,988 [INFO] Capturing request: https://corestream.ardastream.live//beinmax1/tracks-v1a1/mono.m3u8
2026-08-30 08:00:36,105 [INFO] Capturing response: https://www.atomsportv513.top/assets/img/player/player_logo_6a87a2e2eecc5.png 304 
2026-08-30 08:00:36,123 [INFO] Capturing response: https://corestream.ardastream.live//beinmax1/tracks-v1a1/mono.m3u8 200 
2026-08-30 08:00:36,270 [INFO] Capturing response: https://global.ardastream.live/bein5/tracks-v1a1/2026/08/30/08/00/15-10000.jpg 200 
2026-08-30 08:00:36,274 [INFO] Capturing request: https://global.ardastream.live/beinmax1/tracks-v1a1/2026/08/30/08/00/08-10000.jpg
2026-08-30 08:00:36,313 [INFO] 127.0.0.1:35606: ProtocolException("Error in HTTP connection: Http2ZombieException('Connection or stream already dead: 1788076836.3127391, False')")
2026-08-30 08:00:37,452 [INFO] Capturing response: https://global.ardastream.live/beinmax1/tracks-v1a1/2026/08/30/08/00/08-10000.jpg 200 
2026-08-30 08:00:37,791 [INFO] Capturing request: https://global.ardastream.live/beinmax1/tracks-v1a1/2026/08/30/08/00/18-10000.jpg
2026-08-30 08:00:38,570 [INFO]   ✅ M3U8 bulundu: https://corestream.ardastream.live//beinmax1/tracks-v1a1/mono.m3u8
2026-08-30 08:00:38,929 [INFO] Capturing response: https://global.ardastream.live/beinmax1/tracks-v1a1/2026/08/30/08/00/18-10000.jpg 200 
2026-08-30 08:00:39,259 [INFO] Capturing request: https://global.ardastream.live/beinmax1/tracks-v1a1/2026/08/30/08/00/28-10000.jpg
2026-08-30 08:00:39,570 [INFO] 
[7/14]
2026-08-30 08:00:39,571 [INFO] 🔍 beIN Sports Max 2 → https://www.atomsportv513.top/matches?id=bein-sports-max-2
2026-08-30 08:00:39,684 [INFO] Capturing request: https://www.atomsportv513.top/matches?id=bein-sports-max-2
2026-08-30 08:00:39,910 [INFO] Capturing response: https://www.atomsportv513.top/matches?id=bein-sports-max-2 200 
2026-08-30 08:00:40,045 [INFO] Capturing request: https://teletv5.top/load/yayinlink.php?id=bein-sports-max-2
2026-08-30 08:00:40,049 [INFO] Capturing request: https://www.atomsportv513.top/favicon.ico
2026-08-30 08:00:40,089 [INFO] Capturing response: https://www.atomsportv513.top/favicon.ico 200 
2026-08-30 08:00:40,140 [INFO] Capturing request: https://streamsport365.com/cinema
2026-08-30 08:00:40,222 [INFO] Capturing response: https://teletv5.top/load/yayinlink.php?id=bein-sports-max-2 200 
2026-08-30 08:00:40,384 [INFO] Capturing response: https://streamsport365.com/cinema 200 
2026-08-30 08:00:40,497 [INFO] Capturing request: https://www.atomsportv513.top/assets/img/player/player_logo_6a87a2e2eecc5.png
2026-08-30 08:00:40,507 [INFO] Capturing request: https://corestream.ardastream.live//beinmax2/tracks-v1a1/mono.m3u8
2026-08-30 08:00:40,535 [INFO] Capturing response: https://global.ardastream.live/beinmax1/tracks-v1a1/2026/08/30/08/00/28-10000.jpg 200 
2026-08-30 08:00:40,620 [INFO] Capturing response: https://www.atomsportv513.top/assets/img/player/player_logo_6a87a2e2eecc5.png 304 
2026-08-30 08:00:40,647 [INFO] Capturing response: https://corestream.ardastream.live//beinmax2/tracks-v1a1/mono.m3u8 200 
2026-08-30 08:00:40,769 [INFO] Capturing request: https://global.ardastream.live/beinmax2/tracks-v1a1/2026/08/30/08/00/18-05040.jpg
2026-08-30 08:00:41,196 [INFO] Capturing response: https://global.ardastream.live/beinmax2/tracks-v1a1/2026/08/30/08/00/18-05040.jpg 200 
2026-08-30 08:00:41,411 [INFO] Capturing request: https://global.ardastream.live/beinmax2/tracks-v1a1/2026/08/30/08/00/23-05040.jpg
2026-08-30 08:00:41,847 [INFO] Capturing response: https://global.ardastream.live/beinmax2/tracks-v1a1/2026/08/30/08/00/23-05040.jpg 200 
2026-08-30 08:00:42,051 [INFO] Capturing request: https://global.ardastream.live/beinmax2/tracks-v1a1/2026/08/30/08/00/28-05040.jpg
2026-08-30 08:00:42,342 [INFO] Capturing request: https://android.clients.google.com/c2dm/register3
2026-08-30 08:00:42,505 [INFO] Capturing response: https://global.ardastream.live/beinmax2/tracks-v1a1/2026/08/30/08/00/28-05040.jpg 200 
2026-08-30 08:00:42,705 [INFO] Capturing request: https://global.ardastream.live/beinmax2/tracks-v1a1/2026/08/30/08/00/33-05040.jpg
2026-08-30 08:00:42,892 [INFO] Capturing response: https://android.clients.google.com/c2dm/register3 200 
2026-08-30 08:00:42,967 [INFO]   ✅ M3U8 bulundu: https://corestream.ardastream.live//beinmax2/tracks-v1a1/mono.m3u8
2026-08-30 08:00:43,136 [INFO] Capturing response: https://global.ardastream.live/beinmax2/tracks-v1a1/2026/08/30/08/00/33-05040.jpg 200 
2026-08-30 08:00:43,291 [INFO] Capturing request: https://android.clients.google.com/c2dm/register3
2026-08-30 08:00:43,338 [INFO] Capturing response: https://android.clients.google.com/c2dm/register3 301 
2026-08-30 08:00:43,967 [INFO] 
[8/14]
2026-08-30 08:00:43,967 [INFO] 🔍 S Sport → https://www.atomsportv513.top/matches?id=s-sport
2026-08-30 08:00:44,078 [INFO] Capturing request: https://www.atomsportv513.top/matches?id=s-sport
2026-08-30 08:00:44,453 [INFO] Capturing response: https://www.atomsportv513.top/matches?id=s-sport 200 
2026-08-30 08:00:44,487 [INFO] Capturing request: https://streamsport365.com/cinema
2026-08-30 08:00:44,586 [INFO] Capturing request: https://teletv5.top/load/yayinlink.php?id=s-sport
2026-08-30 08:00:44,587 [INFO] Capturing request: https://www.atomsportv513.top/favicon.ico
2026-08-30 08:00:44,722 [INFO] Capturing response: https://streamsport365.com/cinema 200 
2026-08-30 08:00:44,762 [INFO] Capturing response: https://teletv5.top/load/yayinlink.php?id=s-sport 200 
2026-08-30 08:00:44,816 [INFO] Capturing response: https://www.atomsportv513.top/favicon.ico 200 
2026-08-30 08:00:44,915 [INFO] Capturing request: https://www.atomsportv513.top/assets/img/player/player_logo_6a87a2e2eecc5.png
2026-08-30 08:00:44,923 [INFO] Capturing request: https://corestream.ardastream.live//s-sport/tracks-v1a1/mono.m3u8
2026-08-30 08:00:45,037 [INFO] Capturing response: https://www.atomsportv513.top/assets/img/player/player_logo_6a87a2e2eecc5.png 304 
2026-08-30 08:00:45,046 [INFO] Capturing response: https://corestream.ardastream.live//s-sport/tracks-v1a1/mono.m3u8 200 
2026-08-30 08:00:45,195 [INFO] Capturing request: https://global.ardastream.live/s-sport/tracks-v1a1/2026/08/30/08/00/10-06400.jpg
2026-08-30 08:00:45,484 [INFO] Capturing request: https://android.clients.google.com/c2dm/register3
2026-08-30 08:00:45,927 [INFO] Capturing response: https://android.clients.google.com/c2dm/register3 200 
2026-08-30 08:00:45,931 [INFO] Capturing response: https://global.ardastream.live/s-sport/tracks-v1a1/2026/08/30/08/00/10-06400.jpg 200 
2026-08-30 08:00:46,207 [INFO] Capturing request: https://global.ardastream.live/s-sport/tracks-v1a1/2026/08/30/08/00/16-06400.jpg
2026-08-30 08:00:46,898 [INFO] Capturing response: https://global.ardastream.live/s-sport/tracks-v1a1/2026/08/30/08/00/16-06400.jpg 200 
2026-08-30 08:00:47,155 [INFO] Capturing request: https://global.ardastream.live/s-sport/tracks-v1a1/2026/08/30/08/00/23-06400.jpg
2026-08-30 08:00:47,507 [INFO]   ✅ M3U8 bulundu: https://corestream.ardastream.live//s-sport/tracks-v1a1/mono.m3u8
2026-08-30 08:00:47,910 [INFO] Capturing response: https://global.ardastream.live/s-sport/tracks-v1a1/2026/08/30/08/00/23-06400.jpg 200 
2026-08-30 08:00:48,171 [INFO] Capturing request: https://global.ardastream.live/s-sport/tracks-v1a1/2026/08/30/08/00/29-06400.jpg
2026-08-30 08:00:48,507 [INFO] 
[9/14]
2026-08-30 08:00:48,507 [INFO] 🔍 S Sport 2 → https://www.atomsportv513.top/matches?id=s-sport-2
2026-08-30 08:00:48,621 [INFO] Capturing request: https://www.atomsportv513.top/matches?id=s-sport-2
2026-08-30 08:00:48,839 [INFO] Capturing response: https://www.atomsportv513.top/matches?id=s-sport-2 200 
2026-08-30 08:00:48,929 [INFO] Capturing response: https://global.ardastream.live/s-sport/tracks-v1a1/2026/08/30/08/00/29-06400.jpg 200 
2026-08-30 08:00:48,962 [INFO] 127.0.0.1:35606: ProtocolException("Error in HTTP connection: Http2ZombieException('Connection or stream already dead: 1788076848.9622269, False')")
2026-08-30 08:00:48,982 [INFO] Capturing request: https://www.atomsportv513.top/favicon.ico
2026-08-30 08:00:48,984 [INFO] Capturing request: https://teletv5.top/load/yayinlink.php?id=s-sport-2
2026-08-30 08:00:49,022 [INFO] Capturing response: https://www.atomsportv513.top/favicon.ico 200 
2026-08-30 08:00:49,070 [INFO] Capturing request: https://streamsport365.com/cinema
2026-08-30 08:00:49,161 [INFO] Capturing response: https://teletv5.top/load/yayinlink.php?id=s-sport-2 200 
2026-08-30 08:00:49,310 [INFO] Capturing response: https://streamsport365.com/cinema 200 
2026-08-30 08:00:49,422 [INFO] Capturing request: https://www.atomsportv513.top/assets/img/player/player_logo_6a87a2e2eecc5.png
2026-08-30 08:00:49,431 [INFO] Capturing request: https://corestream.ardastream.live//s-sport2/tracks-v1a1/mono.m3u8
2026-08-30 08:00:49,546 [INFO] Capturing response: https://www.atomsportv513.top/assets/img/player/player_logo_6a87a2e2eecc5.png 304 
2026-08-30 08:00:49,554 [INFO] Capturing response: https://corestream.ardastream.live//s-sport2/tracks-v1a1/mono.m3u8 200 
2026-08-30 08:00:49,663 [INFO] Capturing request: https://global.ardastream.live/s-sport2/tracks-v1a1/2026/08/30/08/01/40-06400.jpg
2026-08-30 08:00:50,774 [INFO] Capturing response: https://global.ardastream.live/s-sport2/tracks-v1a1/2026/08/30/08/01/40-06400.jpg 200 
2026-08-30 08:00:51,128 [INFO] Capturing request: https://global.ardastream.live/s-sport2/tracks-v1a1/2026/08/30/08/01/46-04541.jpg
2026-08-30 08:00:51,898 [INFO]   ✅ M3U8 bulundu: https://corestream.ardastream.live//s-sport2/tracks-v1a1/mono.m3u8
2026-08-30 08:00:52,054 [INFO] Capturing response: https://global.ardastream.live/s-sport2/tracks-v1a1/2026/08/30/08/01/46-04541.jpg 200 
2026-08-30 08:00:52,337 [INFO] Capturing request: https://global.ardastream.live/s-sport2/tracks-v1a1/2026/08/30/08/01/51-06400.jpg
2026-08-30 08:00:52,899 [INFO] 
[10/14]
2026-08-30 08:00:52,900 [INFO] 🔍 A Spor → https://www.atomsportv513.top/matches?id=a-spor
2026-08-30 08:00:53,016 [INFO] Capturing request: https://www.atomsportv513.top/matches?id=a-spor
2026-08-30 08:00:53,239 [INFO] Capturing response: https://www.atomsportv513.top/matches?id=a-spor 200 
2026-08-30 08:00:53,276 [INFO] Capturing request: https://streamsport365.com/cinema
2026-08-30 08:00:53,385 [INFO] Capturing request: https://teletv5.top/load/yayinlink.php?id=a-spor
2026-08-30 08:00:53,386 [INFO] Capturing request: https://www.atomsportv513.top/favicon.ico
2026-08-30 08:00:53,428 [INFO] Capturing response: https://www.atomsportv513.top/favicon.ico 200 
2026-08-30 08:00:53,502 [INFO] Capturing response: https://global.ardastream.live/s-sport2/tracks-v1a1/2026/08/30/08/01/51-06400.jpg 200 
2026-08-30 08:00:53,534 [INFO] Capturing response: https://streamsport365.com/cinema 200 
2026-08-30 08:00:53,562 [INFO] Capturing response: https://teletv5.top/load/yayinlink.php?id=a-spor 200 
2026-08-30 08:00:53,578 [INFO] 127.0.0.1:35606: ProtocolException("Error in HTTP connection: Http2ZombieException('Connection or stream already dead: 1788076853.5777514, False')")
2026-08-30 08:00:53,713 [INFO] Capturing request: https://www.atomsportv513.top/assets/img/player/player_logo_6a87a2e2eecc5.png
2026-08-30 08:00:53,724 [INFO] Capturing request: https://corestream.ardastream.live//aspor/tracks-v1a1/mono.m3u8
2026-08-30 08:00:53,835 [INFO] Capturing response: https://www.atomsportv513.top/assets/img/player/player_logo_6a87a2e2eecc5.png 304 
2026-08-30 08:00:53,854 [INFO] Capturing response: https://corestream.ardastream.live//aspor/tracks-v1a1/mono.m3u8 200 
2026-08-30 08:00:54,004 [INFO] Capturing request: https://global.ardastream.live/aspor/tracks-v1a1/2026/08/30/08/01/12-10000.jpg
2026-08-30 08:00:54,317 [INFO] Capturing response: https://global.ardastream.live/aspor/tracks-v1a1/2026/08/30/08/01/12-10000.jpg 200 
2026-08-30 08:00:54,470 [INFO] Capturing request: https://global.ardastream.live/aspor/tracks-v1a1/2026/08/30/08/01/22-10000.jpg
2026-08-30 08:00:55,204 [INFO] Capturing response: https://global.ardastream.live/aspor/tracks-v1a1/2026/08/30/08/01/22-10000.jpg 200 
2026-08-30 08:00:55,454 [INFO] Capturing request: https://global.ardastream.live/aspor/tracks-v1a1/2026/08/30/08/01/32-04641.jpg
2026-08-30 08:00:56,012 [INFO] Capturing response: https://global.ardastream.live/aspor/tracks-v1a1/2026/08/30/08/01/32-04641.jpg 200 
2026-08-30 08:00:56,239 [INFO] Capturing request: https://global.ardastream.live/aspor/tracks-v1a1/2026/08/30/08/01/37-10000.jpg
2026-08-30 08:00:56,293 [INFO]   ✅ M3U8 bulundu: https://corestream.ardastream.live//aspor/tracks-v1a1/mono.m3u8
2026-08-30 08:00:57,293 [INFO] 
[11/14]
2026-08-30 08:00:57,293 [INFO] 🔍 Tivibu Spor 1 → https://www.atomsportv513.top/matches?id=tivibu-spor-1
2026-08-30 08:00:57,407 [INFO] Capturing request: https://www.atomsportv513.top/matches?id=tivibu-spor-1
2026-08-30 08:00:57,422 [INFO] Capturing response: https://global.ardastream.live/aspor/tracks-v1a1/2026/08/30/08/01/37-10000.jpg 200 
2026-08-30 08:00:57,632 [INFO] Capturing response: https://www.atomsportv513.top/matches?id=tivibu-spor-1 200 
2026-08-30 08:00:57,773 [INFO] Capturing request: https://teletv5.top/load/yayinlink.php?id=tivibu-spor-1
2026-08-30 08:00:57,781 [INFO] Capturing request: https://www.atomsportv513.top/favicon.ico
2026-08-30 08:00:57,819 [INFO] Capturing response: https://www.atomsportv513.top/favicon.ico 200 
2026-08-30 08:00:57,869 [INFO] Capturing request: https://streamsport365.com/cinema
2026-08-30 08:00:57,951 [INFO] Capturing response: https://teletv5.top/load/yayinlink.php?id=tivibu-spor-1 200 
2026-08-30 08:00:58,117 [INFO] Capturing response: https://streamsport365.com/cinema 200 
2026-08-30 08:01:11,972 [INFO] Capturing request: https://update.googleapis.com/service/update2/json?cup2key=16:ayZSkhv-TFRXADEeEFs9BY0F6Rg425S0hbb7qPuYDcA&cup2hreq=2306cfaf11b86eec370326242ef7618960cd82be4f2028b5c0b0d2f053722dd8
2026-08-30 08:01:12,003 [INFO] Capturing response: https://update.googleapis.com/service/update2/json?cup2key=16:ayZSkhv-TFRXADEeEFs9BY0F6Rg425S0hbb7qPuYDcA&cup2hreq=2306cfaf11b86eec370326242ef7618960cd82be4f2028b5c0b0d2f053722dd8 200 
2026-08-30 08:01:12,010 [INFO] Capturing request: http://edgedl.me.gvt1.com/edgedl/diffgen-puffin/gcmjkmgdlgnkkcocmoeiminaijmmjnii/fc1f961a8e1d6f22b29a01eb8f62d27d7f0f928ed1b230dfa8430cc20542c1bf
2026-08-30 08:01:12,051 [INFO] Capturing response: http://edgedl.me.gvt1.com/edgedl/diffgen-puffin/gcmjkmgdlgnkkcocmoeiminaijmmjnii/fc1f961a8e1d6f22b29a01eb8f62d27d7f0f928ed1b230dfa8430cc20542c1bf 200 OK
2026-08-30 08:01:12,080 [INFO] Capturing request: https://update.googleapis.com/service/update2/json
2026-08-30 08:01:12,110 [INFO] Capturing response: https://update.googleapis.com/service/update2/json 200 
2026-08-30 08:01:12,155 [INFO] Capturing request: http://edgedl.me.gvt1.com/edgedl/release2/chrome_component/eu5cwdk5rp6n3kbgxcy3v3k3ni_10743/hfnkpimlhhgieaddgfemjhofmfblmnib_10743_all_ac4ohjrontk2xzh3qm52su7qj3kq.crx3
2026-08-30 08:01:12,190 [INFO] Capturing response: http://edgedl.me.gvt1.com/edgedl/release2/chrome_component/eu5cwdk5rp6n3kbgxcy3v3k3ni_10743/hfnkpimlhhgieaddgfemjhofmfblmnib_10743_all_ac4ohjrontk2xzh3qm52su7qj3kq.crx3 200 OK
2026-08-30 08:01:12,222 [INFO] Capturing request: https://update.googleapis.com/service/update2/json
2026-08-30 08:01:12,247 [INFO] Capturing response: https://update.googleapis.com/service/update2/json 200 
2026-08-30 08:01:25,967 [INFO] Capturing request: https://android.clients.google.com/c2dm/register3
2026-08-30 08:01:26,029 [INFO] Capturing response: https://android.clients.google.com/c2dm/register3 301 
2026-08-30 08:01:30,978 [WARNING]   ❌ Tivibu Spor 1 için M3U8 bulunamadı
2026-08-30 08:01:31,979 [INFO] 
[12/14]
2026-08-30 08:01:31,979 [INFO] 🔍 Tivibu Spor 2 → https://www.atomsportv513.top/matches?id=tivibu-spor-2
2026-08-30 08:01:32,129 [INFO] Capturing request: https://www.atomsportv513.top/matches?id=tivibu-spor-2
2026-08-30 08:01:32,659 [INFO] Capturing response: https://www.atomsportv513.top/matches?id=tivibu-spor-2 200 
2026-08-30 08:01:32,823 [INFO] Capturing request: https://www.atomsportv513.top/favicon.ico
2026-08-30 08:01:32,862 [INFO] Capturing response: https://www.atomsportv513.top/favicon.ico 200 
2026-08-30 08:01:32,867 [INFO] Capturing request: https://teletv5.top/load/yayinlink.php?id=tivibu-spor-2
2026-08-30 08:01:33,047 [INFO] Capturing response: https://teletv5.top/load/yayinlink.php?id=tivibu-spor-2 200 
2026-08-30 08:01:33,232 [INFO] Capturing request: https://streamsport365.com/cinema
2026-08-30 08:01:33,478 [INFO] Capturing response: https://streamsport365.com/cinema 200 
2026-08-30 08:02:05,970 [WARNING]   ❌ Tivibu Spor 2 için M3U8 bulunamadı
2026-08-30 08:02:06,970 [INFO] 
[13/14]
2026-08-30 08:02:06,970 [INFO] 🔍 Tivibu Spor 3 → https://www.atomsportv513.top/matches?id=tivibu-spor-3
2026-08-30 08:02:07,079 [INFO] Capturing request: https://www.atomsportv513.top/matches?id=tivibu-spor-3
2026-08-30 08:02:07,441 [INFO] Capturing response: https://www.atomsportv513.top/matches?id=tivibu-spor-3 200 
2026-08-30 08:02:07,570 [INFO] Capturing request: https://teletv5.top/load/yayinlink.php?id=tivibu-spor-3
2026-08-30 08:02:07,574 [INFO] Capturing request: https://www.atomsportv513.top/favicon.ico
2026-08-30 08:02:07,607 [INFO] Capturing response: https://www.atomsportv513.top/favicon.ico 200 
2026-08-30 08:02:07,662 [INFO] Capturing request: https://streamsport365.com/cinema
2026-08-30 08:02:07,755 [INFO] Capturing response: https://teletv5.top/load/yayinlink.php?id=tivibu-spor-3 200 
2026-08-30 08:02:07,908 [INFO] Capturing response: https://streamsport365.com/cinema 200 
2026-08-30 08:02:40,719 [WARNING]   ❌ Tivibu Spor 3 için M3U8 bulunamadı
2026-08-30 08:02:41,719 [INFO] 
[14/14]
2026-08-30 08:02:41,719 [INFO] 🔍 Tivibu Spor 4 → https://www.atomsportv513.top/matches?id=tivibu-spor-4
2026-08-30 08:02:41,829 [INFO] Capturing request: https://www.atomsportv513.top/matches?id=tivibu-spor-4
2026-08-30 08:02:42,190 [INFO] Capturing response: https://www.atomsportv513.top/matches?id=tivibu-spor-4 200 
2026-08-30 08:02:42,322 [INFO] Capturing request: https://www.atomsportv513.top/favicon.ico
2026-08-30 08:02:42,323 [INFO] Capturing request: https://teletv5.top/load/yayinlink.php?id=tivibu-spor-4
2026-08-30 08:02:42,351 [INFO] Capturing response: https://www.atomsportv513.top/favicon.ico 200 
2026-08-30 08:02:42,415 [INFO] Capturing request: https://streamsport365.com/cinema
2026-08-30 08:02:42,503 [INFO] Capturing response: https://teletv5.top/load/yayinlink.php?id=tivibu-spor-4 200 
2026-08-30 08:02:42,652 [INFO] Capturing response: https://streamsport365.com/cinema 200 
2026-08-30 08:03:15,465 [WARNING]   ❌ Tivibu Spor 4 için M3U8 bulunamadı
2026-08-30 08:03:16,532 [INFO] ✅ 10 kanal bulundu, playlist.m3u kaydedildi
